[2025-12-24T14:06:58.686+0000][gc,init] CardTable entry size: 512
[2025-12-24T14:06:58.687+0000][gc     ] Using G1
[2025-12-24T14:06:58.698+0000][gc,init] Version: 21.0.4+7-LTS (release)
[2025-12-24T14:06:58.703+0000][gc,init] CPUs: 8 total, 8 available
[2025-12-24T14:06:58.703+0000][gc,init] Memory: 13709M
[2025-12-24T14:06:58.703+0000][gc,init] Large Page Support: Disabled
[2025-12-24T14:06:58.703+0000][gc,init] NUMA Support: Disabled
[2025-12-24T14:06:58.704+0000][gc,init] Compressed Oops: Enabled (32-bit)
[2025-12-24T14:06:58.704+0000][gc,init] Heap Region Size: 1M
[2025-12-24T14:06:58.705+0000][gc,init] Heap Min Capacity: 1G
[2025-12-24T14:06:58.705+0000][gc,init] Heap Initial Capacity: 1G
[2025-12-24T14:06:58.705+0000][gc,init] Heap Max Capacity: 1G
[2025-12-24T14:06:58.705+0000][gc,init] Pre-touch: Disabled
[2025-12-24T14:06:58.705+0000][gc,init] Parallel Workers: 8
[2025-12-24T14:06:58.706+0000][gc,init] Concurrent Workers: 2
[2025-12-24T14:06:58.706+0000][gc,init] Concurrent Refinement Workers: 8
[2025-12-24T14:06:58.706+0000][gc,init] Periodic GC: Disabled
[2025-12-24T14:06:59.174+0000][gc,metaspace] CDS archive(s) mapped at: [0x0000009800000000-0x0000009800bd0000-0x00000098036b0000), size 57344000, SharedBaseAddress: 0x0000009800000000, ArchiveRelocationMode: 1.
[2025-12-24T14:06:59.177+0000][gc,metaspace] Compressed class space mapped at: 0x0000009804000000-0x0000009844000000, reserved size: 1073741824
[2025-12-24T14:06:59.178+0000][gc,metaspace] Narrow klass base: 0x0000009800000000, Narrow klass shift: 0, Narrow klass range: 0x100000000
[2025-12-24T14:07:04.316+0000][gc,start    ] GC(0) Pause Young (Normal) (G1 Evacuation Pause)
[2025-12-24T14:07:04.323+0000][gc,task     ] GC(0) Using 8 workers of 8 for evacuation
[2025-12-24T14:07:04.414+0000][gc,phases   ] GC(0)   Pre Evacuate Collection Set: 3.5ms
[2025-12-24T14:07:04.418+0000][gc,phases   ] GC(0)   Merge Heap Roots: 0.2ms
[2025-12-24T14:07:04.418+0000][gc,phases   ] GC(0)   Evacuate Collection Set: 82.6ms
[2025-12-24T14:07:04.419+0000][gc,phases   ] GC(0)   Post Evacuate Collection Set: 3.6ms
[2025-12-24T14:07:04.419+0000][gc,phases   ] GC(0)   Other: 7.6ms
[2025-12-24T14:07:04.419+0000][gc,heap     ] GC(0) Eden regions: 51->0(44)
[2025-12-24T14:07:04.419+0000][gc,heap     ] GC(0) Survivor regions: 0->7(7)
[2025-12-24T14:07:04.419+0000][gc,heap     ] GC(0) Old regions: 1->7
[2025-12-24T14:07:04.419+0000][gc,heap     ] GC(0) Humongous regions: 0->0
[2025-12-24T14:07:04.419+0000][gc,metaspace] GC(0) Metaspace: 5222K(5440K)->5222K(5440K) NonClass: 4626K(4736K)->4626K(4736K) Class: 595K(704K)->595K(704K)
[2025-12-24T14:07:04.424+0000][gc          ] GC(0) Pause Young (Normal) (G1 Evacuation Pause) 51M->13M(1024M) 107.195ms
[2025-12-24T14:07:04.424+0000][gc,cpu      ] GC(0) User=0.08s Sys=0.09s Real=0.11s
[2025-12-24T14:07:05.519+0000][gc,start    ] GC(1) Pause Young (Normal) (G1 Evacuation Pause)
[2025-12-24T14:07:05.520+0000][gc,task     ] GC(1) Using 8 workers of 8 for evacuation
[2025-12-24T14:07:05.528+0000][gc,phases   ] GC(1)   Pre Evacuate Collection Set: 0.3ms
[2025-12-24T14:07:05.528+0000][gc,phases   ] GC(1)   Merge Heap Roots: 0.1ms
[2025-12-24T14:07:05.528+0000][gc,phases   ] GC(1)   Evacuate Collection Set: 6.3ms
[2025-12-24T14:07:05.528+0000][gc,phases   ] GC(1)   Post Evacuate Collection Set: 0.6ms
[2025-12-24T14:07:05.528+0000][gc,phases   ] GC(1)   Other: 0.2ms
[2025-12-24T14:07:05.528+0000][gc,heap     ] GC(1) Eden regions: 44->0(47)
[2025-12-24T14:07:05.528+0000][gc,heap     ] GC(1) Survivor regions: 7->4(7)
[2025-12-24T14:07:05.528+0000][gc,heap     ] GC(1) Old regions: 7->15
[2025-12-24T14:07:05.528+0000][gc,heap     ] GC(1) Humongous regions: 131->131
[2025-12-24T14:07:05.528+0000][gc,metaspace] GC(1) Metaspace: 6865K(7104K)->6865K(7104K) NonClass: 6024K(6144K)->6024K(6144K) Class: 841K(960K)->841K(960K)
[2025-12-24T14:07:05.528+0000][gc          ] GC(1) Pause Young (Normal) (G1 Evacuation Pause) 188M->148M(1024M) 9.672ms
[2025-12-24T14:07:05.528+0000][gc,cpu      ] GC(1) User=0.04s Sys=0.01s Real=0.01s
[2025-12-24T14:07:05.691+0000][gc,start    ] GC(2) Pause Young (Normal) (G1 Evacuation Pause)
[2025-12-24T14:07:05.693+0000][gc,task     ] GC(2) Using 8 workers of 8 for evacuation
[2025-12-24T14:07:05.696+0000][gc,phases   ] GC(2)   Pre Evacuate Collection Set: 0.3ms
[2025-12-24T14:07:05.696+0000][gc,phases   ] GC(2)   Merge Heap Roots: 0.1ms
[2025-12-24T14:07:05.696+0000][gc,phases   ] GC(2)   Evacuate Collection Set: 2.5ms
[2025-12-24T14:07:05.696+0000][gc,phases   ] GC(2)   Post Evacuate Collection Set: 0.5ms
[2025-12-24T14:07:05.696+0000][gc,phases   ] GC(2)   Other: 0.2ms
[2025-12-24T14:07:05.696+0000][gc,heap     ] GC(2) Eden regions: 50->0(126)
[2025-12-24T14:07:05.696+0000][gc,heap     ] GC(2) Survivor regions: 4->5(7)
[2025-12-24T14:07:05.697+0000][gc,heap     ] GC(2) Old regions: 15->15
[2025-12-24T14:07:05.697+0000][gc,heap     ] GC(2) Humongous regions: 131->131
[2025-12-24T14:07:05.697+0000][gc,metaspace] GC(2) Metaspace: 7078K(7360K)->7078K(7360K) NonClass: 6188K(6336K)->6188K(6336K) Class: 890K(1024K)->890K(1024K)
[2025-12-24T14:07:05.697+0000][gc          ] GC(2) Pause Young (Normal) (G1 Evacuation Pause) 198M->149M(1024M) 5.491ms
[2025-12-24T14:07:05.697+0000][gc,cpu      ] GC(2) User=0.01s Sys=0.01s Real=0.00s
[2025-12-24T14:07:15.372+0000][gc,start    ] GC(3) Pause Young (Normal) (G1 Evacuation Pause)
[2025-12-24T14:07:15.372+0000][gc,task     ] GC(3) Using 8 workers of 8 for evacuation
[2025-12-24T14:07:15.384+0000][gc,phases   ] GC(3)   Pre Evacuate Collection Set: 1.7ms
[2025-12-24T14:07:15.384+0000][gc,phases   ] GC(3)   Merge Heap Roots: 0.3ms
[2025-12-24T14:07:15.384+0000][gc,phases   ] GC(3)   Evacuate Collection Set: 8.9ms
[2025-12-24T14:07:15.384+0000][gc,phases   ] GC(3)   Post Evacuate Collection Set: 0.8ms
[2025-12-24T14:07:15.384+0000][gc,phases   ] GC(3)   Other: 0.2ms
[2025-12-24T14:07:15.385+0000][gc,heap     ] GC(3) Eden regions: 128->0(607)
[2025-12-24T14:07:15.385+0000][gc,heap     ] GC(3) Survivor regions: 5->7(17)
[2025-12-24T14:07:15.385+0000][gc,heap     ] GC(3) Old regions: 15->15
[2025-12-24T14:07:15.385+0000][gc,heap     ] GC(3) Humongous regions: 131->131
[2025-12-24T14:07:15.385+0000][gc,metaspace] GC(3) Metaspace: 10574K(10944K)->10574K(10944K) NonClass: 9195K(9408K)->9195K(9408K) Class: 1379K(1536K)->1379K(1536K)
[2025-12-24T14:07:15.385+0000][gc          ] GC(3) Pause Young (Normal) (G1 Evacuation Pause) 277M->152M(1024M) 13.103ms
[2025-12-24T14:07:15.385+0000][gc,cpu      ] GC(3) User=0.07s Sys=0.01s Real=0.01s
[2025-12-24T14:07:45.793+0000][gc,start    ] GC(4) Pause Young (Normal) (G1 Evacuation Pause)
[2025-12-24T14:07:45.794+0000][gc,task     ] GC(4) Using 8 workers of 8 for evacuation
[2025-12-24T14:07:45.812+0000][gc,phases   ] GC(4)   Pre Evacuate Collection Set: 0.7ms
[2025-12-24T14:07:45.812+0000][gc,phases   ] GC(4)   Merge Heap Roots: 0.2ms
[2025-12-24T14:07:45.812+0000][gc,phases   ] GC(4)   Evacuate Collection Set: 15.8ms
[2025-12-24T14:07:45.812+0000][gc,phases   ] GC(4)   Post Evacuate Collection Set: 1.2ms
[2025-12-24T14:07:45.812+0000][gc,phases   ] GC(4)   Other: 0.4ms
[2025-12-24T14:07:45.812+0000][gc,heap     ] GC(4) Eden regions: 607->0(604)
[2025-12-24T14:07:45.812+0000][gc,heap     ] GC(4) Survivor regions: 7->10(77)
[2025-12-24T14:07:45.812+0000][gc,heap     ] GC(4) Old regions: 15->15
[2025-12-24T14:07:45.812+0000][gc,heap     ] GC(4) Humongous regions: 131->131
[2025-12-24T14:07:45.812+0000][gc,metaspace] GC(4) Metaspace: 11390K(11712K)->11390K(11712K) NonClass: 9958K(10112K)->9958K(10112K) Class: 1432K(1600K)->1432K(1600K)
[2025-12-24T14:07:45.813+0000][gc          ] GC(4) Pause Young (Normal) (G1 Evacuation Pause) 759M->155M(1024M) 20.049ms
[2025-12-24T14:07:45.813+0000][gc,cpu      ] GC(4) User=0.09s Sys=0.03s Real=0.02s
[2025-12-24T14:08:25.408+0000][gc,start    ] GC(5) Pause Young (Normal) (G1 Evacuation Pause)
[2025-12-24T14:08:25.409+0000][gc,task     ] GC(5) Using 8 workers of 8 for evacuation
[2025-12-24T14:08:25.423+0000][gc,phases   ] GC(5)   Pre Evacuate Collection Set: 0.9ms
[2025-12-24T14:08:25.424+0000][gc,phases   ] GC(5)   Merge Heap Roots: 0.2ms
[2025-12-24T14:08:25.424+0000][gc,phases   ] GC(5)   Evacuate Collection Set: 11.6ms
[2025-12-24T14:08:25.424+0000][gc,phases   ] GC(5)   Post Evacuate Collection Set: 1.3ms
[2025-12-24T14:08:25.424+0000][gc,phases   ] GC(5)   Other: 0.3ms
[2025-12-24T14:08:25.424+0000][gc,heap     ] GC(5) Eden regions: 604->0(604)
[2025-12-24T14:08:25.424+0000][gc,heap     ] GC(5) Survivor regions: 10->10(77)
[2025-12-24T14:08:25.424+0000][gc,heap     ] GC(5) Old regions: 15->15
[2025-12-24T14:08:25.424+0000][gc,heap     ] GC(5) Humongous regions: 131->131
[2025-12-24T14:08:25.424+0000][gc,metaspace] GC(5) Metaspace: 11878K(12224K)->11878K(12224K) NonClass: 10441K(10624K)->10441K(10624K) Class: 1436K(1600K)->1436K(1600K)
[2025-12-24T14:08:25.424+0000][gc          ] GC(5) Pause Young (Normal) (G1 Evacuation Pause) 759M->154M(1024M) 16.166ms
[2025-12-24T14:08:25.424+0000][gc,cpu      ] GC(5) User=0.07s Sys=0.00s Real=0.02s
[2025-12-24T14:08:55.680+0000][gc,start    ] GC(6) Pause Young (Normal) (G1 Evacuation Pause)
[2025-12-24T14:08:55.681+0000][gc,task     ] GC(6) Using 8 workers of 8 for evacuation
[2025-12-24T14:08:55.693+0000][gc,phases   ] GC(6)   Pre Evacuate Collection Set: 0.9ms
[2025-12-24T14:08:55.693+0000][gc,phases   ] GC(6)   Merge Heap Roots: 0.1ms
[2025-12-24T14:08:55.694+0000][gc,phases   ] GC(6)   Evacuate Collection Set: 8.8ms
[2025-12-24T14:08:55.694+0000][gc,phases   ] GC(6)   Post Evacuate Collection Set: 1.5ms
[2025-12-24T14:08:55.694+0000][gc,phases   ] GC(6)   Other: 0.3ms
[2025-12-24T14:08:55.694+0000][gc,heap     ] GC(6) Eden regions: 604->0(602)
[2025-12-24T14:08:55.694+0000][gc,heap     ] GC(6) Survivor regions: 10->12(77)
[2025-12-24T14:08:55.694+0000][gc,heap     ] GC(6) Old regions: 15->15
[2025-12-24T14:08:55.694+0000][gc,heap     ] GC(6) Humongous regions: 131->131
[2025-12-24T14:08:55.695+0000][gc,metaspace] GC(6) Metaspace: 12206K(12544K)->12206K(12544K) NonClass: 10766K(10944K)->10766K(10944K) Class: 1439K(1600K)->1439K(1600K)
[2025-12-24T14:08:55.695+0000][gc          ] GC(6) Pause Young (Normal) (G1 Evacuation Pause) 758M->156M(1024M) 14.401ms
[2025-12-24T14:08:55.695+0000][gc,cpu      ] GC(6) User=0.06s Sys=0.00s Real=0.02s
[2025-12-24T14:09:35.419+0000][gc,start    ] GC(7) Pause Young (Normal) (G1 Evacuation Pause)
[2025-12-24T14:09:35.421+0000][gc,task     ] GC(7) Using 8 workers of 8 for evacuation
[2025-12-24T14:09:35.442+0000][gc,phases   ] GC(7)   Pre Evacuate Collection Set: 0.8ms
[2025-12-24T14:09:35.442+0000][gc,phases   ] GC(7)   Merge Heap Roots: 0.2ms
[2025-12-24T14:09:35.442+0000][gc,phases   ] GC(7)   Evacuate Collection Set: 19.4ms
[2025-12-24T14:09:35.442+0000][gc,phases   ] GC(7)   Post Evacuate Collection Set: 1.1ms
[2025-12-24T14:09:35.442+0000][gc,phases   ] GC(7)   Other: 0.2ms
[2025-12-24T14:09:35.443+0000][gc,heap     ] GC(7) Eden regions: 602->0(602)
[2025-12-24T14:09:35.443+0000][gc,heap     ] GC(7) Survivor regions: 12->12(77)
[2025-12-24T14:09:35.443+0000][gc,heap     ] GC(7) Old regions: 15->15
[2025-12-24T14:09:35.443+0000][gc,heap     ] GC(7) Humongous regions: 131->131
[2025-12-24T14:09:35.443+0000][gc,metaspace] GC(7) Metaspace: 12438K(12736K)->12438K(12736K) NonClass: 10998K(11136K)->10998K(11136K) Class: 1440K(1600K)->1440K(1600K)
[2025-12-24T14:09:35.443+0000][gc          ] GC(7) Pause Young (Normal) (G1 Evacuation Pause) 758M->156M(1024M) 23.396ms
[2025-12-24T14:09:35.443+0000][gc,cpu      ] GC(7) User=0.16s Sys=0.00s Real=0.02s
[2025-12-24T14:10:05.779+0000][gc,start    ] GC(8) Pause Young (Normal) (G1 Evacuation Pause)
[2025-12-24T14:10:05.779+0000][gc,task     ] GC(8) Using 8 workers of 8 for evacuation
[2025-12-24T14:10:05.899+0000][gc,phases   ] GC(8)   Pre Evacuate Collection Set: 1.5ms
[2025-12-24T14:10:05.900+0000][gc,phases   ] GC(8)   Merge Heap Roots: 0.5ms
[2025-12-24T14:10:05.900+0000][gc,phases   ] GC(8)   Evacuate Collection Set: 116.7ms
[2025-12-24T14:10:05.900+0000][gc,phases   ] GC(8)   Post Evacuate Collection Set: 1.6ms
[2025-12-24T14:10:05.900+0000][gc,phases   ] GC(8)   Other: 0.3ms
[2025-12-24T14:10:05.900+0000][gc,heap     ] GC(8) Eden regions: 602->0(601)
[2025-12-24T14:10:05.900+0000][gc,heap     ] GC(8) Survivor regions: 12->13(77)
[2025-12-24T14:10:05.900+0000][gc,heap     ] GC(8) Old regions: 15->15
[2025-12-24T14:10:05.900+0000][gc,heap     ] GC(8) Humongous regions: 131->131
[2025-12-24T14:10:05.900+0000][gc,metaspace] GC(8) Metaspace: 12940K(13248K)->12940K(13248K) NonClass: 11440K(11584K)->11440K(11584K) Class: 1499K(1664K)->1499K(1664K)
[2025-12-24T14:10:05.900+0000][gc          ] GC(8) Pause Young (Normal) (G1 Evacuation Pause) 758M->158M(1024M) 121.707ms
[2025-12-24T14:10:05.900+0000][gc,cpu      ] GC(8) User=0.78s Sys=0.06s Real=0.12s
[2025-12-24T14:10:45.390+0000][gc,start    ] GC(9) Pause Young (Normal) (G1 Evacuation Pause)
[2025-12-24T14:10:45.390+0000][gc,task     ] GC(9) Using 8 workers of 8 for evacuation
[2025-12-24T14:10:45.410+0000][gc,phases   ] GC(9)   Pre Evacuate Collection Set: 1.1ms
[2025-12-24T14:10:45.410+0000][gc,phases   ] GC(9)   Merge Heap Roots: 0.2ms
[2025-12-24T14:10:45.410+0000][gc,phases   ] GC(9)   Evacuate Collection Set: 16.8ms
[2025-12-24T14:10:45.410+0000][gc,phases   ] GC(9)   Post Evacuate Collection Set: 1.4ms
[2025-12-24T14:10:45.411+0000][gc,phases   ] GC(9)   Other: 0.3ms
[2025-12-24T14:10:45.411+0000][gc,heap     ] GC(9) Eden regions: 601->0(601)
[2025-12-24T14:10:45.411+0000][gc,heap     ] GC(9) Survivor regions: 13->13(77)
[2025-12-24T14:10:45.411+0000][gc,heap     ] GC(9) Old regions: 15->15
[2025-12-24T14:10:45.411+0000][gc,heap     ] GC(9) Humongous regions: 131->131
[2025-12-24T14:10:45.411+0000][gc,metaspace] GC(9) Metaspace: 13052K(13440K)->13052K(13440K) NonClass: 11551K(11776K)->11551K(11776K) Class: 1501K(1664K)->1501K(1664K)
[2025-12-24T14:10:45.411+0000][gc          ] GC(9) Pause Young (Normal) (G1 Evacuation Pause) 759M->157M(1024M) 21.222ms
[2025-12-24T14:10:45.411+0000][gc,cpu      ] GC(9) User=0.12s Sys=0.01s Real=0.02s
[2025-12-24T14:11:15.667+0000][gc,start    ] GC(10) Pause Young (Normal) (G1 Evacuation Pause)
[2025-12-24T14:11:15.668+0000][gc,task     ] GC(10) Using 8 workers of 8 for evacuation
[2025-12-24T14:11:15.687+0000][gc,phases   ] GC(10)   Pre Evacuate Collection Set: 0.9ms
[2025-12-24T14:11:15.687+0000][gc,phases   ] GC(10)   Merge Heap Roots: 0.2ms
[2025-12-24T14:11:15.687+0000][gc,phases   ] GC(10)   Evacuate Collection Set: 14.8ms
[2025-12-24T14:11:15.688+0000][gc,phases   ] GC(10)   Post Evacuate Collection Set: 2.4ms
[2025-12-24T14:11:15.688+0000][gc,phases   ] GC(10)   Other: 0.4ms
[2025-12-24T14:11:15.688+0000][gc,heap     ] GC(10) Eden regions: 601->0(599)
[2025-12-24T14:11:15.688+0000][gc,heap     ] GC(10) Survivor regions: 13->15(77)
[2025-12-24T14:11:15.688+0000][gc,heap     ] GC(10) Old regions: 15->15
[2025-12-24T14:11:15.688+0000][gc,heap     ] GC(10) Humongous regions: 131->131
[2025-12-24T14:11:15.688+0000][gc,metaspace] GC(10) Metaspace: 13111K(13440K)->13111K(13440K) NonClass: 11608K(11776K)->11608K(11776K) Class: 1502K(1664K)->1502K(1664K)
[2025-12-24T14:11:15.688+0000][gc          ] GC(10) Pause Young (Normal) (G1 Evacuation Pause) 758M->160M(1024M) 20.899ms
[2025-12-24T14:11:15.688+0000][gc,cpu      ] GC(10) User=0.10s Sys=0.01s Real=0.02s
[2025-12-24T14:11:55.372+0000][gc,start    ] GC(11) Pause Young (Normal) (G1 Evacuation Pause)
[2025-12-24T14:11:55.373+0000][gc,task     ] GC(11) Using 8 workers of 8 for evacuation
[2025-12-24T14:11:55.396+0000][gc,phases   ] GC(11)   Pre Evacuate Collection Set: 0.8ms
[2025-12-24T14:11:55.396+0000][gc,phases   ] GC(11)   Merge Heap Roots: 0.2ms
[2025-12-24T14:11:55.396+0000][gc,phases   ] GC(11)   Evacuate Collection Set: 20.3ms
[2025-12-24T14:11:55.396+0000][gc,phases   ] GC(11)   Post Evacuate Collection Set: 1.3ms
[2025-12-24T14:11:55.396+0000][gc,phases   ] GC(11)   Other: 0.2ms
[2025-12-24T14:11:55.396+0000][gc,heap     ] GC(11) Eden regions: 599->0(604)
[2025-12-24T14:11:55.396+0000][gc,heap     ] GC(11) Survivor regions: 15->10(77)
[2025-12-24T14:11:55.396+0000][gc,heap     ] GC(11) Old regions: 15->15
[2025-12-24T14:11:55.396+0000][gc,heap     ] GC(11) Humongous regions: 131->131
[2025-12-24T14:11:55.397+0000][gc,metaspace] GC(11) Metaspace: 13178K(13504K)->13178K(13504K) NonClass: 11672K(11840K)->11672K(11840K) Class: 1505K(1664K)->1505K(1664K)
[2025-12-24T14:11:55.397+0000][gc          ] GC(11) Pause Young (Normal) (G1 Evacuation Pause) 759M->155M(1024M) 24.682ms
[2025-12-24T14:11:55.397+0000][gc,cpu      ] GC(11) User=0.14s Sys=0.01s Real=0.03s
[2025-12-24T14:12:25.654+0000][gc,start    ] GC(12) Pause Young (Normal) (G1 Evacuation Pause)
[2025-12-24T14:12:25.655+0000][gc,task     ] GC(12) Using 8 workers of 8 for evacuation
[2025-12-24T14:12:25.667+0000][gc,phases   ] GC(12)   Pre Evacuate Collection Set: 1.0ms
[2025-12-24T14:12:25.667+0000][gc,phases   ] GC(12)   Merge Heap Roots: 0.1ms
[2025-12-24T14:12:25.668+0000][gc,phases   ] GC(12)   Evacuate Collection Set: 9.9ms
[2025-12-24T14:12:25.668+0000][gc,phases   ] GC(12)   Post Evacuate Collection Set: 1.1ms
[2025-12-24T14:12:25.668+0000][gc,phases   ] GC(12)   Other: 0.2ms
[2025-12-24T14:12:25.668+0000][gc,heap     ] GC(12) Eden regions: 604->0(602)
[2025-12-24T14:12:25.668+0000][gc,heap     ] GC(12) Survivor regions: 10->12(77)
[2025-12-24T14:12:25.668+0000][gc,heap     ] GC(12) Old regions: 15->15
[2025-12-24T14:12:25.668+0000][gc,heap     ] GC(12) Humongous regions: 131->131
[2025-12-24T14:12:25.668+0000][gc,metaspace] GC(12) Metaspace: 13221K(13504K)->13221K(13504K) NonClass: 11714K(11840K)->11714K(11840K) Class: 1507K(1664K)->1507K(1664K)
[2025-12-24T14:12:25.668+0000][gc          ] GC(12) Pause Young (Normal) (G1 Evacuation Pause) 759M->156M(1024M) 13.665ms
[2025-12-24T14:12:25.668+0000][gc,cpu      ] GC(12) User=0.07s Sys=0.00s Real=0.01s
[2025-12-24T14:13:05.383+0000][gc,start    ] GC(13) Pause Young (Normal) (G1 Evacuation Pause)
[2025-12-24T14:13:05.384+0000][gc,task     ] GC(13) Using 8 workers of 8 for evacuation
[2025-12-24T14:13:05.410+0000][gc,phases   ] GC(13)   Pre Evacuate Collection Set: 2.0ms
[2025-12-24T14:13:05.410+0000][gc,phases   ] GC(13)   Merge Heap Roots: 0.2ms
[2025-12-24T14:13:05.410+0000][gc,phases   ] GC(13)   Evacuate Collection Set: 22.2ms
[2025-12-24T14:13:05.410+0000][gc,phases   ] GC(13)   Post Evacuate Collection Set: 1.4ms
[2025-12-24T14:13:05.410+0000][gc,phases   ] GC(13)   Other: 0.2ms
[2025-12-24T14:13:05.410+0000][gc,heap     ] GC(13) Eden regions: 602->0(603)
[2025-12-24T14:13:05.410+0000][gc,heap     ] GC(13) Survivor regions: 12->11(77)
[2025-12-24T14:13:05.410+0000][gc,heap     ] GC(13) Old regions: 15->15
[2025-12-24T14:13:05.410+0000][gc,heap     ] GC(13) Humongous regions: 131->131
[2025-12-24T14:13:05.410+0000][gc,metaspace] GC(13) Metaspace: 13233K(13568K)->13233K(13568K) NonClass: 11725K(11904K)->11725K(11904K) Class: 1507K(1664K)->1507K(1664K)
[2025-12-24T14:13:05.410+0000][gc          ] GC(13) Pause Young (Normal) (G1 Evacuation Pause) 758M->156M(1024M) 27.061ms
[2025-12-24T14:13:05.411+0000][gc,cpu      ] GC(13) User=0.18s Sys=0.00s Real=0.03s
[2025-12-24T14:13:35.636+0000][gc,start    ] GC(14) Pause Young (Normal) (G1 Evacuation Pause)
[2025-12-24T14:13:35.637+0000][gc,task     ] GC(14) Using 8 workers of 8 for evacuation
[2025-12-24T14:13:35.653+0000][gc,phases   ] GC(14)   Pre Evacuate Collection Set: 0.7ms
[2025-12-24T14:13:35.653+0000][gc,phases   ] GC(14)   Merge Heap Roots: 0.2ms
[2025-12-24T14:13:35.653+0000][gc,phases   ] GC(14)   Evacuate Collection Set: 14.0ms
[2025-12-24T14:13:35.653+0000][gc,phases   ] GC(14)   Post Evacuate Collection Set: 1.4ms
[2025-12-24T14:13:35.653+0000][gc,phases   ] GC(14)   Other: 0.2ms
[2025-12-24T14:13:35.653+0000][gc,heap     ] GC(14) Eden regions: 603->0(601)
[2025-12-24T14:13:35.653+0000][gc,heap     ] GC(14) Survivor regions: 11->13(77)
[2025-12-24T14:13:35.654+0000][gc,heap     ] GC(14) Old regions: 15->15
[2025-12-24T14:13:35.654+0000][gc,heap     ] GC(14) Humongous regions: 131->131
[2025-12-24T14:13:35.654+0000][gc,metaspace] GC(14) Metaspace: 13258K(13632K)->13258K(13632K) NonClass: 11750K(11968K)->11750K(11968K) Class: 1507K(1664K)->1507K(1664K)
[2025-12-24T14:13:35.654+0000][gc          ] GC(14) Pause Young (Normal) (G1 Evacuation Pause) 759M->157M(1024M) 17.506ms
[2025-12-24T14:13:35.654+0000][gc,cpu      ] GC(14) User=0.09s Sys=0.00s Real=0.02s
[2025-12-24T14:14:15.343+0000][gc,start    ] GC(15) Pause Young (Normal) (G1 Evacuation Pause)
[2025-12-24T14:14:15.343+0000][gc,task     ] GC(15) Using 8 workers of 8 for evacuation
[2025-12-24T14:14:15.367+0000][gc,phases   ] GC(15)   Pre Evacuate Collection Set: 0.8ms
[2025-12-24T14:14:15.367+0000][gc,phases   ] GC(15)   Merge Heap Roots: 0.2ms
[2025-12-24T14:14:15.367+0000][gc,phases   ] GC(15)   Evacuate Collection Set: 20.3ms
[2025-12-24T14:14:15.367+0000][gc,phases   ] GC(15)   Post Evacuate Collection Set: 1.7ms
[2025-12-24T14:14:15.367+0000][gc,phases   ] GC(15)   Other: 0.3ms
[2025-12-24T14:14:15.367+0000][gc,heap     ] GC(15) Eden regions: 601->0(602)
[2025-12-24T14:14:15.367+0000][gc,heap     ] GC(15) Survivor regions: 13->12(77)
[2025-12-24T14:14:15.367+0000][gc,heap     ] GC(15) Old regions: 15->15
[2025-12-24T14:14:15.367+0000][gc,heap     ] GC(15) Humongous regions: 131->131
[2025-12-24T14:14:15.367+0000][gc,metaspace] GC(15) Metaspace: 13292K(13632K)->13292K(13632K) NonClass: 11783K(11968K)->11783K(11968K) Class: 1508K(1664K)->1508K(1664K)
[2025-12-24T14:14:15.367+0000][gc          ] GC(15) Pause Young (Normal) (G1 Evacuation Pause) 758M->157M(1024M) 24.524ms
[2025-12-24T14:14:15.367+0000][gc,cpu      ] GC(15) User=0.16s Sys=0.00s Real=0.02s
[2025-12-24T14:14:45.617+0000][gc,start    ] GC(16) Pause Young (Normal) (G1 Evacuation Pause)
[2025-12-24T14:14:45.618+0000][gc,task     ] GC(16) Using 8 workers of 8 for evacuation
[2025-12-24T14:14:45.641+0000][gc,phases   ] GC(16)   Pre Evacuate Collection Set: 0.7ms
[2025-12-24T14:14:45.641+0000][gc,phases   ] GC(16)   Merge Heap Roots: 0.2ms
[2025-12-24T14:14:45.641+0000][gc,phases   ] GC(16)   Evacuate Collection Set: 20.3ms
[2025-12-24T14:14:45.641+0000][gc,phases   ] GC(16)   Post Evacuate Collection Set: 1.2ms
[2025-12-24T14:14:45.641+0000][gc,phases   ] GC(16)   Other: 0.2ms
[2025-12-24T14:14:45.641+0000][gc,heap     ] GC(16) Eden regions: 602->0(602)
[2025-12-24T14:14:45.641+0000][gc,heap     ] GC(16) Survivor regions: 12->12(77)
[2025-12-24T14:14:45.641+0000][gc,heap     ] GC(16) Old regions: 15->17
[2025-12-24T14:14:45.641+0000][gc,heap     ] GC(16) Humongous regions: 131->131
[2025-12-24T14:14:45.641+0000][gc,metaspace] GC(16) Metaspace: 13302K(13632K)->13302K(13632K) NonClass: 11793K(11968K)->11793K(11968K) Class: 1508K(1664K)->1508K(1664K)
[2025-12-24T14:14:45.642+0000][gc          ] GC(16) Pause Young (Normal) (G1 Evacuation Pause) 759M->159M(1024M) 24.425ms
[2025-12-24T14:14:45.642+0000][gc,cpu      ] GC(16) User=0.17s Sys=0.00s Real=0.02s
[2025-12-24T14:15:25.346+0000][gc,start    ] GC(17) Pause Young (Normal) (G1 Evacuation Pause)
[2025-12-24T14:15:25.347+0000][gc,task     ] GC(17) Using 8 workers of 8 for evacuation
[2025-12-24T14:15:25.370+0000][gc,phases   ] GC(17)   Pre Evacuate Collection Set: 1.0ms
[2025-12-24T14:15:25.370+0000][gc,phases   ] GC(17)   Merge Heap Roots: 0.2ms
[2025-12-24T14:15:25.370+0000][gc,phases   ] GC(17)   Evacuate Collection Set: 20.9ms
[2025-12-24T14:15:25.370+0000][gc,phases   ] GC(17)   Post Evacuate Collection Set: 1.0ms
[2025-12-24T14:15:25.370+0000][gc,phases   ] GC(17)   Other: 0.3ms
[2025-12-24T14:15:25.371+0000][gc,heap     ] GC(17) Eden regions: 602->0(603)
[2025-12-24T14:15:25.371+0000][gc,heap     ] GC(17) Survivor regions: 12->11(77)
[2025-12-24T14:15:25.371+0000][gc,heap     ] GC(17) Old regions: 17->18
[2025-12-24T14:15:25.371+0000][gc,heap     ] GC(17) Humongous regions: 131->131
[2025-12-24T14:15:25.371+0000][gc,metaspace] GC(17) Metaspace: 13340K(13632K)->13340K(13632K) NonClass: 11831K(11968K)->11831K(11968K) Class: 1508K(1664K)->1508K(1664K)
[2025-12-24T14:15:25.371+0000][gc          ] GC(17) Pause Young (Normal) (G1 Evacuation Pause) 761M->158M(1024M) 24.585ms
[2025-12-24T14:15:25.371+0000][gc,cpu      ] GC(17) User=0.17s Sys=0.00s Real=0.02s
[2025-12-24T14:15:55.605+0000][gc,start    ] GC(18) Pause Young (Normal) (G1 Evacuation Pause)
[2025-12-24T14:15:55.605+0000][gc,task     ] GC(18) Using 8 workers of 8 for evacuation
[2025-12-24T14:15:55.619+0000][gc,phases   ] GC(18)   Pre Evacuate Collection Set: 0.8ms
[2025-12-24T14:15:55.619+0000][gc,phases   ] GC(18)   Merge Heap Roots: 0.2ms
[2025-12-24T14:15:55.620+0000][gc,phases   ] GC(18)   Evacuate Collection Set: 11.5ms
[2025-12-24T14:15:55.620+0000][gc,phases   ] GC(18)   Post Evacuate Collection Set: 1.1ms
[2025-12-24T14:15:55.620+0000][gc,phases   ] GC(18)   Other: 0.3ms
[2025-12-24T14:15:55.620+0000][gc,heap     ] GC(18) Eden regions: 603->0(609)
[2025-12-24T14:15:55.620+0000][gc,heap     ] GC(18) Survivor regions: 11->5(77)
[2025-12-24T14:15:55.620+0000][gc,heap     ] GC(18) Old regions: 18->21
[2025-12-24T14:15:55.620+0000][gc,heap     ] GC(18) Humongous regions: 131->131
[2025-12-24T14:15:55.620+0000][gc,metaspace] GC(18) Metaspace: 13382K(13696K)->13382K(13696K) NonClass: 11873K(12032K)->11873K(12032K) Class: 1508K(1664K)->1508K(1664K)
[2025-12-24T14:15:55.620+0000][gc          ] GC(18) Pause Young (Normal) (G1 Evacuation Pause) 761M->156M(1024M) 15.108ms
[2025-12-24T14:15:55.620+0000][gc,cpu      ] GC(18) User=0.06s Sys=0.01s Real=0.01s
[2025-12-24T14:16:35.402+0000][gc,start    ] GC(19) Pause Young (Normal) (G1 Evacuation Pause)
[2025-12-24T14:16:35.402+0000][gc,task     ] GC(19) Using 8 workers of 8 for evacuation
[2025-12-24T14:16:35.409+0000][gc,phases   ] GC(19)   Pre Evacuate Collection Set: 0.7ms
[2025-12-24T14:16:35.409+0000][gc,phases   ] GC(19)   Merge Heap Roots: 0.2ms
[2025-12-24T14:16:35.409+0000][gc,phases   ] GC(19)   Evacuate Collection Set: 4.5ms
[2025-12-24T14:16:35.409+0000][gc,phases   ] GC(19)   Post Evacuate Collection Set: 0.8ms
[2025-12-24T14:16:35.409+0000][gc,phases   ] GC(19)   Other: 0.2ms
[2025-12-24T14:16:35.409+0000][gc,heap     ] GC(19) Eden regions: 609->0(610)
[2025-12-24T14:16:35.409+0000][gc,heap     ] GC(19) Survivor regions: 5->4(77)
[2025-12-24T14:16:35.409+0000][gc,heap     ] GC(19) Old regions: 21->22
[2025-12-24T14:16:35.409+0000][gc,heap     ] GC(19) Humongous regions: 131->131
[2025-12-24T14:16:35.409+0000][gc,metaspace] GC(19) Metaspace: 13394K(13760K)->13394K(13760K) NonClass: 11885K(12096K)->11885K(12096K) Class: 1508K(1664K)->1508K(1664K)
[2025-12-24T14:16:35.409+0000][gc          ] GC(19) Pause Young (Normal) (G1 Evacuation Pause) 765M->155M(1024M) 7.385ms
[2025-12-24T14:16:35.409+0000][gc,cpu      ] GC(19) User=0.04s Sys=0.01s Real=0.01s
[2025-12-24T14:17:06.305+0000][gc,start    ] GC(20) Pause Young (Normal) (G1 Evacuation Pause)
[2025-12-24T14:17:06.307+0000][gc,task     ] GC(20) Using 8 workers of 8 for evacuation
[2025-12-24T14:17:06.315+0000][gc,phases   ] GC(20)   Pre Evacuate Collection Set: 0.8ms
[2025-12-24T14:17:06.315+0000][gc,phases   ] GC(20)   Merge Heap Roots: 0.2ms
[2025-12-24T14:17:06.315+0000][gc,phases   ] GC(20)   Evacuate Collection Set: 5.6ms
[2025-12-24T14:17:06.315+0000][gc,phases   ] GC(20)   Post Evacuate Collection Set: 1.0ms
[2025-12-24T14:17:06.315+0000][gc,phases   ] GC(20)   Other: 0.3ms
[2025-12-24T14:17:06.315+0000][gc,heap     ] GC(20) Eden regions: 610->0(608)
[2025-12-24T14:17:06.315+0000][gc,heap     ] GC(20) Survivor regions: 4->6(77)
[2025-12-24T14:17:06.316+0000][gc,heap     ] GC(20) Old regions: 22->22
[2025-12-24T14:17:06.316+0000][gc,heap     ] GC(20) Humongous regions: 131->131
[2025-12-24T14:17:06.316+0000][gc,metaspace] GC(20) Metaspace: 13407K(13760K)->13407K(13760K) NonClass: 11897K(12096K)->11897K(12096K) Class: 1509K(1664K)->1509K(1664K)
[2025-12-24T14:17:06.316+0000][gc          ] GC(20) Pause Young (Normal) (G1 Evacuation Pause) 765M->157M(1024M) 10.906ms
[2025-12-24T14:17:06.316+0000][gc,cpu      ] GC(20) User=0.04s Sys=0.00s Real=0.01s
[2025-12-24T14:17:48.394+0000][gc,start    ] GC(21) Pause Young (Normal) (G1 Evacuation Pause)
[2025-12-24T14:17:48.395+0000][gc,task     ] GC(21) Using 8 workers of 8 for evacuation
[2025-12-24T14:17:48.413+0000][gc,phases   ] GC(21)   Pre Evacuate Collection Set: 1.3ms
[2025-12-24T14:17:48.413+0000][gc,phases   ] GC(21)   Merge Heap Roots: 0.2ms
[2025-12-24T14:17:48.413+0000][gc,phases   ] GC(21)   Evacuate Collection Set: 15.2ms
[2025-12-24T14:17:48.413+0000][gc,phases   ] GC(21)   Post Evacuate Collection Set: 1.4ms
[2025-12-24T14:17:48.414+0000][gc,phases   ] GC(21)   Other: 0.3ms
[2025-12-24T14:17:48.414+0000][gc,heap     ] GC(21) Eden regions: 608->0(609)
[2025-12-24T14:17:48.414+0000][gc,heap     ] GC(21) Survivor regions: 6->5(77)
[2025-12-24T14:17:48.414+0000][gc,heap     ] GC(21) Old regions: 22->22
[2025-12-24T14:17:48.414+0000][gc,heap     ] GC(21) Humongous regions: 131->131
[2025-12-24T14:17:48.414+0000][gc,metaspace] GC(21) Metaspace: 13505K(13824K)->13505K(13824K) NonClass: 11987K(12160K)->11987K(12160K) Class: 1518K(1664K)->1518K(1664K)
[2025-12-24T14:17:48.414+0000][gc          ] GC(21) Pause Young (Normal) (G1 Evacuation Pause) 765M->157M(1024M) 20.114ms
[2025-12-24T14:17:48.414+0000][gc,cpu      ] GC(21) User=0.12s Sys=0.00s Real=0.02s
[2025-12-24T14:18:18.687+0000][gc,start    ] GC(22) Pause Young (Normal) (G1 Evacuation Pause)
[2025-12-24T14:18:18.688+0000][gc,task     ] GC(22) Using 8 workers of 8 for evacuation
[2025-12-24T14:18:18.698+0000][gc,phases   ] GC(22)   Pre Evacuate Collection Set: 0.8ms
[2025-12-24T14:18:18.698+0000][gc,phases   ] GC(22)   Merge Heap Roots: 0.2ms
[2025-12-24T14:18:18.698+0000][gc,phases   ] GC(22)   Evacuate Collection Set: 7.2ms
[2025-12-24T14:18:18.698+0000][gc,phases   ] GC(22)   Post Evacuate Collection Set: 1.3ms
[2025-12-24T14:18:18.698+0000][gc,phases   ] GC(22)   Other: 0.3ms
[2025-12-24T14:18:18.698+0000][gc,heap     ] GC(22) Eden regions: 609->0(607)
[2025-12-24T14:18:18.698+0000][gc,heap     ] GC(22) Survivor regions: 5->7(77)
[2025-12-24T14:18:18.698+0000][gc,heap     ] GC(22) Old regions: 22->22
[2025-12-24T14:18:18.698+0000][gc,heap     ] GC(22) Humongous regions: 131->131
[2025-12-24T14:18:18.699+0000][gc,metaspace] GC(22) Metaspace: 13509K(13824K)->13509K(13824K) NonClass: 11991K(12160K)->11991K(12160K) Class: 1518K(1664K)->1518K(1664K)
[2025-12-24T14:18:18.699+0000][gc          ] GC(22) Pause Young (Normal) (G1 Evacuation Pause) 766M->159M(1024M) 11.572ms
[2025-12-24T14:18:18.699+0000][gc,cpu      ] GC(22) User=0.06s Sys=0.00s Real=0.01s
[2025-12-24T14:18:58.408+0000][gc,start    ] GC(23) Pause Young (Normal) (G1 Evacuation Pause)
[2025-12-24T14:18:58.410+0000][gc,task     ] GC(23) Using 8 workers of 8 for evacuation
[2025-12-24T14:18:58.419+0000][gc,phases   ] GC(23)   Pre Evacuate Collection Set: 0.9ms
[2025-12-24T14:18:58.419+0000][gc,phases   ] GC(23)   Merge Heap Roots: 0.2ms
[2025-12-24T14:18:58.419+0000][gc,phases   ] GC(23)   Evacuate Collection Set: 7.1ms
[2025-12-24T14:18:58.419+0000][gc,phases   ] GC(23)   Post Evacuate Collection Set: 1.0ms
[2025-12-24T14:18:58.419+0000][gc,phases   ] GC(23)   Other: 0.2ms
[2025-12-24T14:18:58.419+0000][gc,heap     ] GC(23) Eden regions: 607->0(607)
[2025-12-24T14:18:58.419+0000][gc,heap     ] GC(23) Survivor regions: 7->7(77)
[2025-12-24T14:18:58.420+0000][gc,heap     ] GC(23) Old regions: 22->22
[2025-12-24T14:18:58.420+0000][gc,heap     ] GC(23) Humongous regions: 131->131
[2025-12-24T14:18:58.420+0000][gc,metaspace] GC(23) Metaspace: 13512K(13824K)->13512K(13824K) NonClass: 11993K(12160K)->11993K(12160K) Class: 1518K(1664K)->1518K(1664K)
[2025-12-24T14:18:58.420+0000][gc          ] GC(23) Pause Young (Normal) (G1 Evacuation Pause) 766M->158M(1024M) 11.804ms
[2025-12-24T14:18:58.420+0000][gc,cpu      ] GC(23) User=0.05s Sys=0.00s Real=0.01s
[2025-12-24T14:19:28.704+0000][gc,start    ] GC(24) Pause Young (Normal) (G1 Evacuation Pause)
[2025-12-24T14:19:28.705+0000][gc,task     ] GC(24) Using 8 workers of 8 for evacuation
[2025-12-24T14:19:28.714+0000][gc,phases   ] GC(24)   Pre Evacuate Collection Set: 1.0ms
[2025-12-24T14:19:28.714+0000][gc,phases   ] GC(24)   Merge Heap Roots: 0.2ms
[2025-12-24T14:19:28.714+0000][gc,phases   ] GC(24)   Evacuate Collection Set: 6.2ms
[2025-12-24T14:19:28.714+0000][gc,phases   ] GC(24)   Post Evacuate Collection Set: 1.0ms
[2025-12-24T14:19:28.714+0000][gc,phases   ] GC(24)   Other: 0.2ms
[2025-12-24T14:19:28.714+0000][gc,heap     ] GC(24) Eden regions: 607->0(605)
[2025-12-24T14:19:28.714+0000][gc,heap     ] GC(24) Survivor regions: 7->9(77)
[2025-12-24T14:19:28.714+0000][gc,heap     ] GC(24) Old regions: 22->22
[2025-12-24T14:19:28.714+0000][gc,heap     ] GC(24) Humongous regions: 131->131
[2025-12-24T14:19:28.714+0000][gc,metaspace] GC(24) Metaspace: 13538K(13888K)->13538K(13888K) NonClass: 12020K(12224K)->12020K(12224K) Class: 1518K(1664K)->1518K(1664K)
[2025-12-24T14:19:28.714+0000][gc          ] GC(24) Pause Young (Normal) (G1 Evacuation Pause) 765M->161M(1024M) 10.760ms
[2025-12-24T14:19:28.714+0000][gc,cpu      ] GC(24) User=0.05s Sys=0.00s Real=0.01s
[2025-12-24T14:20:08.452+0000][gc,start    ] GC(25) Pause Young (Normal) (G1 Evacuation Pause)
[2025-12-24T14:20:08.452+0000][gc,task     ] GC(25) Using 8 workers of 8 for evacuation
[2025-12-24T14:20:08.461+0000][gc,phases   ] GC(25)   Pre Evacuate Collection Set: 2.4ms
[2025-12-24T14:20:08.461+0000][gc,phases   ] GC(25)   Merge Heap Roots: 0.2ms
[2025-12-24T14:20:08.461+0000][gc,phases   ] GC(25)   Evacuate Collection Set: 4.7ms
[2025-12-24T14:20:08.461+0000][gc,phases   ] GC(25)   Post Evacuate Collection Set: 1.1ms
[2025-12-24T14:20:08.461+0000][gc,phases   ] GC(25)   Other: 0.3ms
[2025-12-24T14:20:08.462+0000][gc,heap     ] GC(25) Eden regions: 605->0(610)
[2025-12-24T14:20:08.462+0000][gc,heap     ] GC(25) Survivor regions: 9->4(77)
[2025-12-24T14:20:08.462+0000][gc,heap     ] GC(25) Old regions: 22->22
[2025-12-24T14:20:08.462+0000][gc,heap     ] GC(25) Humongous regions: 131->131
[2025-12-24T14:20:08.462+0000][gc,metaspace] GC(25) Metaspace: 13606K(13952K)->13606K(13952K) NonClass: 12088K(12288K)->12088K(12288K) Class: 1518K(1664K)->1518K(1664K)
[2025-12-24T14:20:08.462+0000][gc          ] GC(25) Pause Young (Normal) (G1 Evacuation Pause) 766M->156M(1024M) 10.064ms
[2025-12-24T14:20:08.462+0000][gc,cpu      ] GC(25) User=0.05s Sys=0.00s Real=0.01s
[2025-12-24T14:20:38.733+0000][gc,start    ] GC(26) Pause Young (Normal) (G1 Evacuation Pause)
[2025-12-24T14:20:38.733+0000][gc,task     ] GC(26) Using 8 workers of 8 for evacuation
[2025-12-24T14:20:38.739+0000][gc,phases   ] GC(26)   Pre Evacuate Collection Set: 0.9ms
[2025-12-24T14:20:38.739+0000][gc,phases   ] GC(26)   Merge Heap Roots: 0.2ms
[2025-12-24T14:20:38.739+0000][gc,phases   ] GC(26)   Evacuate Collection Set: 3.9ms
[2025-12-24T14:20:38.739+0000][gc,phases   ] GC(26)   Post Evacuate Collection Set: 0.8ms
[2025-12-24T14:20:38.739+0000][gc,phases   ] GC(26)   Other: 0.3ms
[2025-12-24T14:20:38.740+0000][gc,heap     ] GC(26) Eden regions: 610->0(608)
[2025-12-24T14:20:38.740+0000][gc,heap     ] GC(26) Survivor regions: 4->6(77)
[2025-12-24T14:20:38.740+0000][gc,heap     ] GC(26) Old regions: 22->22
[2025-12-24T14:20:38.740+0000][gc,heap     ] GC(26) Humongous regions: 131->131
[2025-12-24T14:20:38.740+0000][gc,metaspace] GC(26) Metaspace: 13617K(13952K)->13617K(13952K) NonClass: 12099K(12288K)->12099K(12288K) Class: 1518K(1664K)->1518K(1664K)
[2025-12-24T14:20:38.740+0000][gc          ] GC(26) Pause Young (Normal) (G1 Evacuation Pause) 766M->158M(1024M) 7.273ms
[2025-12-24T14:20:38.740+0000][gc,cpu      ] GC(26) User=0.03s Sys=0.00s Real=0.00s
[2025-12-24T14:21:18.464+0000][gc,start    ] GC(27) Pause Young (Normal) (G1 Evacuation Pause)
[2025-12-24T14:21:18.465+0000][gc,task     ] GC(27) Using 8 workers of 8 for evacuation
[2025-12-24T14:21:18.471+0000][gc,phases   ] GC(27)   Pre Evacuate Collection Set: 0.9ms
[2025-12-24T14:21:18.471+0000][gc,phases   ] GC(27)   Merge Heap Roots: 0.2ms
[2025-12-24T14:21:18.472+0000][gc,phases   ] GC(27)   Evacuate Collection Set: 4.4ms
[2025-12-24T14:21:18.472+0000][gc,phases   ] GC(27)   Post Evacuate Collection Set: 0.8ms
[2025-12-24T14:21:18.472+0000][gc,phases   ] GC(27)   Other: 0.2ms
[2025-12-24T14:21:18.472+0000][gc,heap     ] GC(27) Eden regions: 608->0(608)
[2025-12-24T14:21:18.472+0000][gc,heap     ] GC(27) Survivor regions: 6->6(77)
[2025-12-24T14:21:18.472+0000][gc,heap     ] GC(27) Old regions: 22->22
[2025-12-24T14:21:18.472+0000][gc,heap     ] GC(27) Humongous regions: 131->131
[2025-12-24T14:21:18.472+0000][gc,metaspace] GC(27) Metaspace: 13649K(13952K)->13649K(13952K) NonClass: 12131K(12288K)->12131K(12288K) Class: 1518K(1664K)->1518K(1664K)
[2025-12-24T14:21:18.472+0000][gc          ] GC(27) Pause Young (Normal) (G1 Evacuation Pause) 766M->158M(1024M) 7.601ms
[2025-12-24T14:21:18.472+0000][gc,cpu      ] GC(27) User=0.04s Sys=0.00s Real=0.01s
[2025-12-24T14:21:48.758+0000][gc,start    ] GC(28) Pause Young (Normal) (G1 Evacuation Pause)
[2025-12-24T14:21:48.760+0000][gc,task     ] GC(28) Using 8 workers of 8 for evacuation
[2025-12-24T14:21:48.768+0000][gc,phases   ] GC(28)   Pre Evacuate Collection Set: 0.8ms
[2025-12-24T14:21:48.769+0000][gc,phases   ] GC(28)   Merge Heap Roots: 0.2ms
[2025-12-24T14:21:48.769+0000][gc,phases   ] GC(28)   Evacuate Collection Set: 6.0ms
[2025-12-24T14:21:48.769+0000][gc,phases   ] GC(28)   Post Evacuate Collection Set: 1.6ms
[2025-12-24T14:21:48.769+0000][gc,phases   ] GC(28)   Other: 0.3ms
[2025-12-24T14:21:48.769+0000][gc,heap     ] GC(28) Eden regions: 608->0(606)
[2025-12-24T14:21:48.769+0000][gc,heap     ] GC(28) Survivor regions: 6->8(77)
[2025-12-24T14:21:48.769+0000][gc,heap     ] GC(28) Old regions: 22->22
[2025-12-24T14:21:48.769+0000][gc,heap     ] GC(28) Humongous regions: 131->131
[2025-12-24T14:21:48.769+0000][gc,metaspace] GC(28) Metaspace: 13665K(13952K)->13665K(13952K) NonClass: 12147K(12288K)->12147K(12288K) Class: 1518K(1664K)->1518K(1664K)
[2025-12-24T14:21:48.769+0000][gc          ] GC(28) Pause Young (Normal) (G1 Evacuation Pause) 766M->160M(1024M) 10.902ms
[2025-12-24T14:21:48.769+0000][gc,cpu      ] GC(28) User=0.05s Sys=0.01s Real=0.01s
[2025-12-24T14:22:28.477+0000][gc,start    ] GC(29) Pause Young (Normal) (G1 Evacuation Pause)
[2025-12-24T14:22:28.478+0000][gc,task     ] GC(29) Using 8 workers of 8 for evacuation
[2025-12-24T14:22:28.488+0000][gc,phases   ] GC(29)   Pre Evacuate Collection Set: 0.7ms
[2025-12-24T14:22:28.488+0000][gc,phases   ] GC(29)   Merge Heap Roots: 0.2ms
[2025-12-24T14:22:28.489+0000][gc,phases   ] GC(29)   Evacuate Collection Set: 8.4ms
[2025-12-24T14:22:28.489+0000][gc,phases   ] GC(29)   Post Evacuate Collection Set: 1.0ms
[2025-12-24T14:22:28.489+0000][gc,phases   ] GC(29)   Other: 0.3ms
[2025-12-24T14:22:28.489+0000][gc,heap     ] GC(29) Eden regions: 606->0(607)
[2025-12-24T14:22:28.489+0000][gc,heap     ] GC(29) Survivor regions: 8->7(77)
[2025-12-24T14:22:28.489+0000][gc,heap     ] GC(29) Old regions: 22->22
[2025-12-24T14:22:28.489+0000][gc,heap     ] GC(29) Humongous regions: 131->131
[2025-12-24T14:22:28.489+0000][gc,metaspace] GC(29) Metaspace: 13667K(13952K)->13667K(13952K) NonClass: 12149K(12288K)->12149K(12288K) Class: 1518K(1664K)->1518K(1664K)
[2025-12-24T14:22:28.489+0000][gc          ] GC(29) Pause Young (Normal) (G1 Evacuation Pause) 766M->159M(1024M) 11.952ms
[2025-12-24T14:22:28.489+0000][gc,cpu      ] GC(29) User=0.07s Sys=0.00s Real=0.01s
[2025-12-24T14:22:58.753+0000][gc,start    ] GC(30) Pause Young (Normal) (G1 Evacuation Pause)
[2025-12-24T14:22:58.757+0000][gc,task     ] GC(30) Using 8 workers of 8 for evacuation
[2025-12-24T14:22:58.765+0000][gc,phases   ] GC(30)   Pre Evacuate Collection Set: 0.8ms
[2025-12-24T14:22:58.765+0000][gc,phases   ] GC(30)   Merge Heap Roots: 0.2ms
[2025-12-24T14:22:58.765+0000][gc,phases   ] GC(30)   Evacuate Collection Set: 6.0ms
[2025-12-24T14:22:58.765+0000][gc,phases   ] GC(30)   Post Evacuate Collection Set: 0.8ms
[2025-12-24T14:22:58.765+0000][gc,phases   ] GC(30)   Other: 0.2ms
[2025-12-24T14:22:58.765+0000][gc,heap     ] GC(30) Eden regions: 607->0(605)
[2025-12-24T14:22:58.765+0000][gc,heap     ] GC(30) Survivor regions: 7->9(77)
[2025-12-24T14:22:58.765+0000][gc,heap     ] GC(30) Old regions: 22->23
[2025-12-24T14:22:58.765+0000][gc,heap     ] GC(30) Humongous regions: 131->131
[2025-12-24T14:22:58.765+0000][gc,metaspace] GC(30) Metaspace: 13684K(14016K)->13684K(14016K) NonClass: 12165K(12352K)->12165K(12352K) Class: 1518K(1664K)->1518K(1664K)
[2025-12-24T14:22:58.765+0000][gc          ] GC(30) Pause Young (Normal) (G1 Evacuation Pause) 766M->161M(1024M) 12.538ms
[2025-12-24T14:22:58.765+0000][gc,cpu      ] GC(30) User=0.05s Sys=0.00s Real=0.02s
[2025-12-24T14:23:38.524+0000][gc,start    ] GC(31) Pause Young (Normal) (G1 Evacuation Pause)
[2025-12-24T14:23:38.525+0000][gc,task     ] GC(31) Using 8 workers of 8 for evacuation
[2025-12-24T14:23:38.535+0000][gc,phases   ] GC(31)   Pre Evacuate Collection Set: 0.9ms
[2025-12-24T14:23:38.535+0000][gc,phases   ] GC(31)   Merge Heap Roots: 0.3ms
[2025-12-24T14:23:38.535+0000][gc,phases   ] GC(31)   Evacuate Collection Set: 7.8ms
[2025-12-24T14:23:38.535+0000][gc,phases   ] GC(31)   Post Evacuate Collection Set: 1.2ms
[2025-12-24T14:23:38.535+0000][gc,phases   ] GC(31)   Other: 0.3ms
[2025-12-24T14:23:38.535+0000][gc,heap     ] GC(31) Eden regions: 605->0(605)
[2025-12-24T14:23:38.535+0000][gc,heap     ] GC(31) Survivor regions: 9->9(77)
[2025-12-24T14:23:38.535+0000][gc,heap     ] GC(31) Old regions: 23->23
[2025-12-24T14:23:38.536+0000][gc,heap     ] GC(31) Humongous regions: 131->131
[2025-12-24T14:23:38.536+0000][gc,metaspace] GC(31) Metaspace: 13691K(14016K)->13691K(14016K) NonClass: 12173K(12352K)->12173K(12352K) Class: 1518K(1664K)->1518K(1664K)
[2025-12-24T14:23:38.536+0000][gc          ] GC(31) Pause Young (Normal) (G1 Evacuation Pause) 766M->161M(1024M) 11.837ms
[2025-12-24T14:23:38.536+0000][gc,cpu      ] GC(31) User=0.07s Sys=0.00s Real=0.01s
[2025-12-24T14:24:08.879+0000][gc,start    ] GC(32) Pause Young (Normal) (G1 Evacuation Pause)
[2025-12-24T14:24:08.880+0000][gc,task     ] GC(32) Using 8 workers of 8 for evacuation
[2025-12-24T14:24:08.886+0000][gc,phases   ] GC(32)   Pre Evacuate Collection Set: 0.9ms
[2025-12-24T14:24:08.886+0000][gc,phases   ] GC(32)   Merge Heap Roots: 0.1ms
[2025-12-24T14:24:08.886+0000][gc,phases   ] GC(32)   Evacuate Collection Set: 3.9ms
[2025-12-24T14:24:08.886+0000][gc,phases   ] GC(32)   Post Evacuate Collection Set: 1.0ms
[2025-12-24T14:24:08.886+0000][gc,phases   ] GC(32)   Other: 0.3ms
[2025-12-24T14:24:08.886+0000][gc,heap     ] GC(32) Eden regions: 605->0(608)
[2025-12-24T14:24:08.886+0000][gc,heap     ] GC(32) Survivor regions: 9->6(77)
[2025-12-24T14:24:08.886+0000][gc,heap     ] GC(32) Old regions: 23->23
[2025-12-24T14:24:08.886+0000][gc,heap     ] GC(32) Humongous regions: 131->131
[2025-12-24T14:24:08.887+0000][gc,metaspace] GC(32) Metaspace: 13722K(14080K)->13722K(14080K) NonClass: 12203K(12416K)->12203K(12416K) Class: 1518K(1664K)->1518K(1664K)
[2025-12-24T14:24:08.887+0000][gc          ] GC(32) Pause Young (Normal) (G1 Evacuation Pause) 766M->159M(1024M) 7.681ms
[2025-12-24T14:24:08.887+0000][gc,cpu      ] GC(32) User=0.04s Sys=0.00s Real=0.01s
[2025-12-24T14:24:48.520+0000][gc,start    ] GC(33) Pause Young (Normal) (G1 Evacuation Pause)
[2025-12-24T14:24:48.522+0000][gc,task     ] GC(33) Using 8 workers of 8 for evacuation
[2025-12-24T14:24:48.537+0000][gc,phases   ] GC(33)   Pre Evacuate Collection Set: 1.7ms
[2025-12-24T14:24:48.537+0000][gc,phases   ] GC(33)   Merge Heap Roots: 0.4ms
[2025-12-24T14:24:48.537+0000][gc,phases   ] GC(33)   Evacuate Collection Set: 11.3ms
[2025-12-24T14:24:48.537+0000][gc,phases   ] GC(33)   Post Evacuate Collection Set: 1.4ms
[2025-12-24T14:24:48.537+0000][gc,phases   ] GC(33)   Other: 0.2ms
[2025-12-24T14:24:48.537+0000][gc,heap     ] GC(33) Eden regions: 608->0(608)
[2025-12-24T14:24:48.537+0000][gc,heap     ] GC(33) Survivor regions: 6->6(77)
[2025-12-24T14:24:48.537+0000][gc,heap     ] GC(33) Old regions: 23->23
[2025-12-24T14:24:48.537+0000][gc,heap     ] GC(33) Humongous regions: 131->131
[2025-12-24T14:24:48.537+0000][gc,metaspace] GC(33) Metaspace: 13735K(14080K)->13735K(14080K) NonClass: 12217K(12416K)->12217K(12416K) Class: 1518K(1664K)->1518K(1664K)
[2025-12-24T14:24:48.537+0000][gc          ] GC(33) Pause Young (Normal) (G1 Evacuation Pause) 767M->158M(1024M) 17.634ms
[2025-12-24T14:24:48.538+0000][gc,cpu      ] GC(33) User=0.10s Sys=0.00s Real=0.02s
[2025-12-24T14:25:28.266+0000][gc,start    ] GC(34) Pause Young (Normal) (G1 Evacuation Pause)
[2025-12-24T14:25:28.267+0000][gc,task     ] GC(34) Using 8 workers of 8 for evacuation
[2025-12-24T14:25:28.277+0000][gc,phases   ] GC(34)   Pre Evacuate Collection Set: 1.1ms
[2025-12-24T14:25:28.277+0000][gc,phases   ] GC(34)   Merge Heap Roots: 0.3ms
[2025-12-24T14:25:28.277+0000][gc,phases   ] GC(34)   Evacuate Collection Set: 7.5ms
[2025-12-24T14:25:28.278+0000][gc,phases   ] GC(34)   Post Evacuate Collection Set: 1.4ms
[2025-12-24T14:25:28.278+0000][gc,phases   ] GC(34)   Other: 0.4ms
[2025-12-24T14:25:28.278+0000][gc,heap     ] GC(34) Eden regions: 608->0(608)
[2025-12-24T14:25:28.278+0000][gc,heap     ] GC(34) Survivor regions: 6->6(77)
[2025-12-24T14:25:28.278+0000][gc,heap     ] GC(34) Old regions: 23->23
[2025-12-24T14:25:28.278+0000][gc,heap     ] GC(34) Humongous regions: 131->131
[2025-12-24T14:25:28.278+0000][gc,metaspace] GC(34) Metaspace: 13740K(14080K)->13740K(14080K) NonClass: 12221K(12416K)->12221K(12416K) Class: 1518K(1664K)->1518K(1664K)
[2025-12-24T14:25:28.278+0000][gc          ] GC(34) Pause Young (Normal) (G1 Evacuation Pause) 766M->158M(1024M) 12.193ms
[2025-12-24T14:25:28.278+0000][gc,cpu      ] GC(34) User=0.07s Sys=0.00s Real=0.01s
[2025-12-24T14:25:58.558+0000][gc,start    ] GC(35) Pause Young (Normal) (G1 Evacuation Pause)
[2025-12-24T14:25:58.559+0000][gc,task     ] GC(35) Using 8 workers of 8 for evacuation
[2025-12-24T14:25:58.576+0000][gc,phases   ] GC(35)   Pre Evacuate Collection Set: 0.9ms
[2025-12-24T14:25:58.576+0000][gc,phases   ] GC(35)   Merge Heap Roots: 0.3ms
[2025-12-24T14:25:58.576+0000][gc,phases   ] GC(35)   Evacuate Collection Set: 14.7ms
[2025-12-24T14:25:58.577+0000][gc,phases   ] GC(35)   Post Evacuate Collection Set: 1.2ms
[2025-12-24T14:25:58.577+0000][gc,phases   ] GC(35)   Other: 0.3ms
[2025-12-24T14:25:58.577+0000][gc,heap     ] GC(35) Eden regions: 608->0(606)
[2025-12-24T14:25:58.577+0000][gc,heap     ] GC(35) Survivor regions: 6->8(77)
[2025-12-24T14:25:58.577+0000][gc,heap     ] GC(35) Old regions: 23->23
[2025-12-24T14:25:58.577+0000][gc,heap     ] GC(35) Humongous regions: 131->131
[2025-12-24T14:25:58.577+0000][gc,metaspace] GC(35) Metaspace: 13744K(14080K)->13744K(14080K) NonClass: 12225K(12416K)->12225K(12416K) Class: 1518K(1664K)->1518K(1664K)
[2025-12-24T14:25:58.577+0000][gc          ] GC(35) Pause Young (Normal) (G1 Evacuation Pause) 766M->161M(1024M) 19.036ms
[2025-12-24T14:25:58.577+0000][gc,cpu      ] GC(35) User=0.12s Sys=0.00s Real=0.02s
[2025-12-24T14:26:38.312+0000][gc,start    ] GC(36) Pause Young (Normal) (G1 Evacuation Pause)
[2025-12-24T14:26:38.313+0000][gc,task     ] GC(36) Using 8 workers of 8 for evacuation
[2025-12-24T14:26:38.328+0000][gc,phases   ] GC(36)   Pre Evacuate Collection Set: 1.2ms
[2025-12-24T14:26:38.328+0000][gc,phases   ] GC(36)   Merge Heap Roots: 0.3ms
[2025-12-24T14:26:38.328+0000][gc,phases   ] GC(36)   Evacuate Collection Set: 12.3ms
[2025-12-24T14:26:38.329+0000][gc,phases   ] GC(36)   Post Evacuate Collection Set: 1.2ms
[2025-12-24T14:26:38.329+0000][gc,phases   ] GC(36)   Other: 0.4ms
[2025-12-24T14:26:38.329+0000][gc,heap     ] GC(36) Eden regions: 606->0(607)
[2025-12-24T14:26:38.329+0000][gc,heap     ] GC(36) Survivor regions: 8->7(77)
[2025-12-24T14:26:38.329+0000][gc,heap     ] GC(36) Old regions: 23->24
[2025-12-24T14:26:38.329+0000][gc,heap     ] GC(36) Humongous regions: 131->131
[2025-12-24T14:26:38.329+0000][gc,metaspace] GC(36) Metaspace: 13763K(14080K)->13763K(14080K) NonClass: 12244K(12416K)->12244K(12416K) Class: 1518K(1664K)->1518K(1664K)
[2025-12-24T14:26:38.329+0000][gc          ] GC(36) Pause Young (Normal) (G1 Evacuation Pause) 767M->160M(1024M) 17.185ms
[2025-12-24T14:26:38.329+0000][gc,cpu      ] GC(36) User=0.10s Sys=0.00s Real=0.02s
[2025-12-24T14:27:08.777+0000][gc,start    ] GC(37) Pause Young (Normal) (G1 Evacuation Pause)
[2025-12-24T14:27:08.778+0000][gc,task     ] GC(37) Using 8 workers of 8 for evacuation
[2025-12-24T14:27:08.795+0000][gc,phases   ] GC(37)   Pre Evacuate Collection Set: 1.2ms
[2025-12-24T14:27:08.795+0000][gc,phases   ] GC(37)   Merge Heap Roots: 0.3ms
[2025-12-24T14:27:08.795+0000][gc,phases   ] GC(37)   Evacuate Collection Set: 13.9ms
[2025-12-24T14:27:08.796+0000][gc,phases   ] GC(37)   Post Evacuate Collection Set: 1.4ms
[2025-12-24T14:27:08.796+0000][gc,phases   ] GC(37)   Other: 0.4ms
[2025-12-24T14:27:08.796+0000][gc,heap     ] GC(37) Eden regions: 607->0(605)
[2025-12-24T14:27:08.796+0000][gc,heap     ] GC(37) Survivor regions: 7->9(77)
[2025-12-24T14:27:08.796+0000][gc,heap     ] GC(37) Old regions: 24->24
[2025-12-24T14:27:08.796+0000][gc,heap     ] GC(37) Humongous regions: 131->131
[2025-12-24T14:27:08.796+0000][gc,metaspace] GC(37) Metaspace: 13820K(14144K)->13820K(14144K) NonClass: 12289K(12416K)->12289K(12416K) Class: 1530K(1728K)->1530K(1728K)
[2025-12-24T14:27:08.796+0000][gc          ] GC(37) Pause Young (Normal) (G1 Evacuation Pause) 767M->162M(1024M) 19.061ms
[2025-12-24T14:27:08.796+0000][gc,cpu      ] GC(37) User=0.12s Sys=0.00s Real=0.02s
[2025-12-24T14:27:48.308+0000][gc,start    ] GC(38) Pause Young (Normal) (G1 Evacuation Pause)
[2025-12-24T14:27:48.308+0000][gc,task     ] GC(38) Using 8 workers of 8 for evacuation
[2025-12-24T14:27:48.334+0000][gc,phases   ] GC(38)   Pre Evacuate Collection Set: 1.5ms
[2025-12-24T14:27:48.334+0000][gc,phases   ] GC(38)   Merge Heap Roots: 0.5ms
[2025-12-24T14:27:48.335+0000][gc,phases   ] GC(38)   Evacuate Collection Set: 21.6ms
[2025-12-24T14:27:48.335+0000][gc,phases   ] GC(38)   Post Evacuate Collection Set: 2.4ms
[2025-12-24T14:27:48.335+0000][gc,phases   ] GC(38)   Other: 0.2ms
[2025-12-24T14:27:48.335+0000][gc,heap     ] GC(38) Eden regions: 605->0(606)
[2025-12-24T14:27:48.335+0000][gc,heap     ] GC(38) Survivor regions: 9->8(77)
[2025-12-24T14:27:48.335+0000][gc,heap     ] GC(38) Old regions: 24->24
[2025-12-24T14:27:48.335+0000][gc,heap     ] GC(38) Humongous regions: 131->131
[2025-12-24T14:27:48.335+0000][gc,metaspace] GC(38) Metaspace: 13827K(14144K)->13827K(14144K) NonClass: 12296K(12416K)->12296K(12416K) Class: 1530K(1728K)->1530K(1728K)
[2025-12-24T14:27:48.335+0000][gc          ] GC(38) Pause Young (Normal) (G1 Evacuation Pause) 767M->162M(1024M) 27.233ms
[2025-12-24T14:27:48.335+0000][gc,cpu      ] GC(38) User=0.18s Sys=0.00s Real=0.03s
[2025-12-24T14:28:18.766+0000][gc,start    ] GC(39) Pause Young (Normal) (G1 Evacuation Pause)
[2025-12-24T14:28:18.767+0000][gc,task     ] GC(39) Using 8 workers of 8 for evacuation
[2025-12-24T14:28:18.783+0000][gc,phases   ] GC(39)   Pre Evacuate Collection Set: 1.0ms
[2025-12-24T14:28:18.783+0000][gc,phases   ] GC(39)   Merge Heap Roots: 0.2ms
[2025-12-24T14:28:18.783+0000][gc,phases   ] GC(39)   Evacuate Collection Set: 13.5ms
[2025-12-24T14:28:18.783+0000][gc,phases   ] GC(39)   Post Evacuate Collection Set: 1.2ms
[2025-12-24T14:28:18.783+0000][gc,phases   ] GC(39)   Other: 0.3ms
[2025-12-24T14:28:18.783+0000][gc,heap     ] GC(39) Eden regions: 606->0(608)
[2025-12-24T14:28:18.783+0000][gc,heap     ] GC(39) Survivor regions: 8->6(77)
[2025-12-24T14:28:18.783+0000][gc,heap     ] GC(39) Old regions: 24->24
[2025-12-24T14:28:18.783+0000][gc,heap     ] GC(39) Humongous regions: 131->131
[2025-12-24T14:28:18.783+0000][gc,metaspace] GC(39) Metaspace: 14005K(14400K)->14005K(14400K) NonClass: 12452K(12608K)->12452K(12608K) Class: 1552K(1792K)->1552K(1792K)
[2025-12-24T14:28:18.784+0000][gc          ] GC(39) Pause Young (Normal) (G1 Evacuation Pause) 768M->160M(1024M) 17.396ms
[2025-12-24T14:28:18.784+0000][gc,cpu      ] GC(39) User=0.11s Sys=0.01s Real=0.01s
[2025-12-24T14:28:58.358+0000][gc,start    ] GC(40) Pause Young (Normal) (G1 Evacuation Pause)
[2025-12-24T14:28:58.359+0000][gc,task     ] GC(40) Using 8 workers of 8 for evacuation
[2025-12-24T14:28:58.376+0000][gc,phases   ] GC(40)   Pre Evacuate Collection Set: 1.1ms
[2025-12-24T14:28:58.377+0000][gc,phases   ] GC(40)   Merge Heap Roots: 0.2ms
[2025-12-24T14:28:58.377+0000][gc,phases   ] GC(40)   Evacuate Collection Set: 14.5ms
[2025-12-24T14:28:58.377+0000][gc,phases   ] GC(40)   Post Evacuate Collection Set: 1.4ms
[2025-12-24T14:28:58.377+0000][gc,phases   ] GC(40)   Other: 0.3ms
[2025-12-24T14:28:58.377+0000][gc,heap     ] GC(40) Eden regions: 608->0(609)
[2025-12-24T14:28:58.377+0000][gc,heap     ] GC(40) Survivor regions: 6->5(77)
[2025-12-24T14:28:58.377+0000][gc,heap     ] GC(40) Old regions: 24->24
[2025-12-24T14:28:58.377+0000][gc,heap     ] GC(40) Humongous regions: 131->131
[2025-12-24T14:28:58.377+0000][gc,metaspace] GC(40) Metaspace: 14109K(14528K)->14109K(14528K) NonClass: 12542K(12736K)->12542K(12736K) Class: 1566K(1792K)->1566K(1792K)
[2025-12-24T14:28:58.377+0000][gc          ] GC(40) Pause Young (Normal) (G1 Evacuation Pause) 768M->159M(1024M) 18.886ms
[2025-12-24T14:28:58.377+0000][gc,cpu      ] GC(40) User=0.11s Sys=0.00s Real=0.02s
[2025-12-24T14:29:28.713+0000][gc,start    ] GC(41) Pause Young (Normal) (G1 Evacuation Pause)
[2025-12-24T14:29:28.714+0000][gc,task     ] GC(41) Using 8 workers of 8 for evacuation
[2025-12-24T14:29:28.733+0000][gc,phases   ] GC(41)   Pre Evacuate Collection Set: 2.2ms
[2025-12-24T14:29:28.733+0000][gc,phases   ] GC(41)   Merge Heap Roots: 1.4ms
[2025-12-24T14:29:28.733+0000][gc,phases   ] GC(41)   Evacuate Collection Set: 12.3ms
[2025-12-24T14:29:28.733+0000][gc,phases   ] GC(41)   Post Evacuate Collection Set: 1.4ms
[2025-12-24T14:29:28.733+0000][gc,phases   ] GC(41)   Other: 1.7ms
[2025-12-24T14:29:28.734+0000][gc,heap     ] GC(41) Eden regions: 609->0(607)
[2025-12-24T14:29:28.734+0000][gc,heap     ] GC(41) Survivor regions: 5->7(77)
[2025-12-24T14:29:28.734+0000][gc,heap     ] GC(41) Old regions: 24->25
[2025-12-24T14:29:28.734+0000][gc,heap     ] GC(41) Humongous regions: 131->131
[2025-12-24T14:29:28.734+0000][gc,metaspace] GC(41) Metaspace: 14109K(14528K)->14109K(14528K) NonClass: 12542K(12736K)->12542K(12736K) Class: 1566K(1792K)->1566K(1792K)
[2025-12-24T14:29:28.734+0000][gc          ] GC(41) Pause Young (Normal) (G1 Evacuation Pause) 768M->161M(1024M) 20.732ms
[2025-12-24T14:29:28.734+0000][gc,cpu      ] GC(41) User=0.11s Sys=0.00s Real=0.02s
[2025-12-24T14:30:08.371+0000][gc,start    ] GC(42) Pause Young (Normal) (G1 Evacuation Pause)
[2025-12-24T14:30:08.371+0000][gc,task     ] GC(42) Using 8 workers of 8 for evacuation
[2025-12-24T14:30:08.393+0000][gc,phases   ] GC(42)   Pre Evacuate Collection Set: 0.9ms
[2025-12-24T14:30:08.393+0000][gc,phases   ] GC(42)   Merge Heap Roots: 0.2ms
[2025-12-24T14:30:08.393+0000][gc,phases   ] GC(42)   Evacuate Collection Set: 19.2ms
[2025-12-24T14:30:08.393+0000][gc,phases   ] GC(42)   Post Evacuate Collection Set: 1.2ms
[2025-12-24T14:30:08.393+0000][gc,phases   ] GC(42)   Other: 0.3ms
[2025-12-24T14:30:08.393+0000][gc,heap     ] GC(42) Eden regions: 607->0(607)
[2025-12-24T14:30:08.393+0000][gc,heap     ] GC(42) Survivor regions: 7->7(77)
[2025-12-24T14:30:08.394+0000][gc,heap     ] GC(42) Old regions: 25->25
[2025-12-24T14:30:08.394+0000][gc,heap     ] GC(42) Humongous regions: 131->131
[2025-12-24T14:30:08.394+0000][gc,metaspace] GC(42) Metaspace: 14112K(14528K)->14112K(14528K) NonClass: 12545K(12736K)->12545K(12736K) Class: 1567K(1792K)->1567K(1792K)
[2025-12-24T14:30:08.394+0000][gc          ] GC(42) Pause Young (Normal) (G1 Evacuation Pause) 768M->161M(1024M) 23.018ms
[2025-12-24T14:30:08.394+0000][gc,cpu      ] GC(42) User=0.15s Sys=0.01s Real=0.02s
[2025-12-24T14:30:38.673+0000][gc,start    ] GC(43) Pause Young (Normal) (G1 Evacuation Pause)
[2025-12-24T14:30:38.674+0000][gc,task     ] GC(43) Using 8 workers of 8 for evacuation
[2025-12-24T14:30:38.694+0000][gc,phases   ] GC(43)   Pre Evacuate Collection Set: 1.0ms
[2025-12-24T14:30:38.694+0000][gc,phases   ] GC(43)   Merge Heap Roots: 0.2ms
[2025-12-24T14:30:38.694+0000][gc,phases   ] GC(43)   Evacuate Collection Set: 17.5ms
[2025-12-24T14:30:38.695+0000][gc,phases   ] GC(43)   Post Evacuate Collection Set: 1.4ms
[2025-12-24T14:30:38.695+0000][gc,phases   ] GC(43)   Other: 0.2ms
[2025-12-24T14:30:38.695+0000][gc,heap     ] GC(43) Eden regions: 607->0(606)
[2025-12-24T14:30:38.695+0000][gc,heap     ] GC(43) Survivor regions: 7->8(77)
[2025-12-24T14:30:38.695+0000][gc,heap     ] GC(43) Old regions: 25->25
[2025-12-24T14:30:38.695+0000][gc,heap     ] GC(43) Humongous regions: 131->131
[2025-12-24T14:30:38.695+0000][gc,metaspace] GC(43) Metaspace: 14115K(14528K)->14115K(14528K) NonClass: 12547K(12736K)->12547K(12736K) Class: 1567K(1792K)->1567K(1792K)
[2025-12-24T14:30:38.695+0000][gc          ] GC(43) Pause Young (Normal) (G1 Evacuation Pause) 768M->163M(1024M) 22.386ms
[2025-12-24T14:30:38.695+0000][gc,cpu      ] GC(43) User=0.15s Sys=0.00s Real=0.02s
[2025-12-24T14:31:18.428+0000][gc,start    ] GC(44) Pause Young (Normal) (G1 Evacuation Pause)
[2025-12-24T14:31:18.433+0000][gc,task     ] GC(44) Using 8 workers of 8 for evacuation
[2025-12-24T14:31:18.451+0000][gc,phases   ] GC(44)   Pre Evacuate Collection Set: 2.9ms
[2025-12-24T14:31:18.451+0000][gc,phases   ] GC(44)   Merge Heap Roots: 0.7ms
[2025-12-24T14:31:18.451+0000][gc,phases   ] GC(44)   Evacuate Collection Set: 11.0ms
[2025-12-24T14:31:18.451+0000][gc,phases   ] GC(44)   Post Evacuate Collection Set: 2.2ms
[2025-12-24T14:31:18.451+0000][gc,phases   ] GC(44)   Other: 1.1ms
[2025-12-24T14:31:18.451+0000][gc,heap     ] GC(44) Eden regions: 606->0(606)
[2025-12-24T14:31:18.451+0000][gc,heap     ] GC(44) Survivor regions: 8->8(77)
[2025-12-24T14:31:18.451+0000][gc,heap     ] GC(44) Old regions: 25->25
[2025-12-24T14:31:18.451+0000][gc,heap     ] GC(44) Humongous regions: 131->131
[2025-12-24T14:31:18.451+0000][gc,metaspace] GC(44) Metaspace: 14115K(14528K)->14115K(14528K) NonClass: 12547K(12736K)->12547K(12736K) Class: 1567K(1792K)->1567K(1792K)
[2025-12-24T14:31:18.452+0000][gc          ] GC(44) Pause Young (Normal) (G1 Evacuation Pause) 769M->163M(1024M) 23.990ms
[2025-12-24T14:31:18.452+0000][gc,cpu      ] GC(44) User=0.10s Sys=0.00s Real=0.02s
[2025-12-24T14:31:48.655+0000][gc,start    ] GC(45) Pause Young (Normal) (G1 Evacuation Pause)
[2025-12-24T14:31:48.656+0000][gc,task     ] GC(45) Using 8 workers of 8 for evacuation
[2025-12-24T14:31:48.671+0000][gc,phases   ] GC(45)   Pre Evacuate Collection Set: 0.9ms
[2025-12-24T14:31:48.671+0000][gc,phases   ] GC(45)   Merge Heap Roots: 0.3ms
[2025-12-24T14:31:48.671+0000][gc,phases   ] GC(45)   Evacuate Collection Set: 11.6ms
[2025-12-24T14:31:48.671+0000][gc,phases   ] GC(45)   Post Evacuate Collection Set: 1.6ms
[2025-12-24T14:31:48.671+0000][gc,phases   ] GC(45)   Other: 0.4ms
[2025-12-24T14:31:48.671+0000][gc,heap     ] GC(45) Eden regions: 606->0(604)
[2025-12-24T14:31:48.671+0000][gc,heap     ] GC(45) Survivor regions: 8->10(77)
[2025-12-24T14:31:48.671+0000][gc,heap     ] GC(45) Old regions: 25->26
[2025-12-24T14:31:48.671+0000][gc,heap     ] GC(45) Humongous regions: 131->131
[2025-12-24T14:31:48.671+0000][gc,metaspace] GC(45) Metaspace: 14117K(14528K)->14117K(14528K) NonClass: 12549K(12736K)->12549K(12736K) Class: 1567K(1792K)->1567K(1792K)
[2025-12-24T14:31:48.672+0000][gc          ] GC(45) Pause Young (Normal) (G1 Evacuation Pause) 769M->165M(1024M) 16.872ms
[2025-12-24T14:31:48.672+0000][gc,cpu      ] GC(45) User=0.09s Sys=0.00s Real=0.01s
[2025-12-24T14:32:28.391+0000][gc,start    ] GC(46) Pause Young (Normal) (G1 Evacuation Pause)
[2025-12-24T14:32:28.392+0000][gc,task     ] GC(46) Using 8 workers of 8 for evacuation
[2025-12-24T14:32:28.408+0000][gc,phases   ] GC(46)   Pre Evacuate Collection Set: 1.7ms
[2025-12-24T14:32:28.408+0000][gc,phases   ] GC(46)   Merge Heap Roots: 0.5ms
[2025-12-24T14:32:28.408+0000][gc,phases   ] GC(46)   Evacuate Collection Set: 11.9ms
[2025-12-24T14:32:28.408+0000][gc,phases   ] GC(46)   Post Evacuate Collection Set: 1.2ms
[2025-12-24T14:32:28.408+0000][gc,phases   ] GC(46)   Other: 0.7ms
[2025-12-24T14:32:28.408+0000][gc,heap     ] GC(46) Eden regions: 604->0(605)
[2025-12-24T14:32:28.408+0000][gc,heap     ] GC(46) Survivor regions: 10->9(77)
[2025-12-24T14:32:28.408+0000][gc,heap     ] GC(46) Old regions: 26->26
[2025-12-24T14:32:28.408+0000][gc,heap     ] GC(46) Humongous regions: 131->131
[2025-12-24T14:32:28.408+0000][gc,metaspace] GC(46) Metaspace: 14125K(14528K)->14125K(14528K) NonClass: 12557K(12736K)->12557K(12736K) Class: 1567K(1792K)->1567K(1792K)
[2025-12-24T14:32:28.409+0000][gc          ] GC(46) Pause Young (Normal) (G1 Evacuation Pause) 769M->165M(1024M) 17.215ms
[2025-12-24T14:32:28.409+0000][gc,cpu      ] GC(46) User=0.10s Sys=0.00s Real=0.02s
[2025-12-24T14:32:58.772+0000][gc,start    ] GC(47) Pause Young (Normal) (G1 Evacuation Pause)
[2025-12-24T14:32:58.773+0000][gc,task     ] GC(47) Using 8 workers of 8 for evacuation
[2025-12-24T14:32:58.781+0000][gc,phases   ] GC(47)   Pre Evacuate Collection Set: 1.0ms
[2025-12-24T14:32:58.782+0000][gc,phases   ] GC(47)   Merge Heap Roots: 0.3ms
[2025-12-24T14:32:58.782+0000][gc,phases   ] GC(47)   Evacuate Collection Set: 6.1ms
[2025-12-24T14:32:58.782+0000][gc,phases   ] GC(47)   Post Evacuate Collection Set: 0.9ms
[2025-12-24T14:32:58.782+0000][gc,phases   ] GC(47)   Other: 0.3ms
[2025-12-24T14:32:58.782+0000][gc,heap     ] GC(47) Eden regions: 605->0(607)
[2025-12-24T14:32:58.782+0000][gc,heap     ] GC(47) Survivor regions: 9->7(77)
[2025-12-24T14:32:58.782+0000][gc,heap     ] GC(47) Old regions: 26->26
[2025-12-24T14:32:58.782+0000][gc,heap     ] GC(47) Humongous regions: 131->131
[2025-12-24T14:32:58.782+0000][gc,metaspace] GC(47) Metaspace: 14131K(14592K)->14131K(14592K) NonClass: 12563K(12800K)->12563K(12800K) Class: 1567K(1792K)->1567K(1792K)
[2025-12-24T14:32:58.782+0000][gc          ] GC(47) Pause Young (Normal) (G1 Evacuation Pause) 770M->163M(1024M) 10.235ms
[2025-12-24T14:32:58.783+0000][gc,cpu      ] GC(47) User=0.05s Sys=0.00s Real=0.01s
[2025-12-24T14:33:38.424+0000][gc,start    ] GC(48) Pause Young (Normal) (G1 Evacuation Pause)
[2025-12-24T14:33:38.425+0000][gc,task     ] GC(48) Using 8 workers of 8 for evacuation
[2025-12-24T14:33:38.440+0000][gc,phases   ] GC(48)   Pre Evacuate Collection Set: 1.0ms
[2025-12-24T14:33:38.440+0000][gc,phases   ] GC(48)   Merge Heap Roots: 0.2ms
[2025-12-24T14:33:38.440+0000][gc,phases   ] GC(48)   Evacuate Collection Set: 12.7ms
[2025-12-24T14:33:38.440+0000][gc,phases   ] GC(48)   Post Evacuate Collection Set: 1.4ms
[2025-12-24T14:33:38.440+0000][gc,phases   ] GC(48)   Other: 0.2ms
[2025-12-24T14:33:38.440+0000][gc,heap     ] GC(48) Eden regions: 607->0(607)
[2025-12-24T14:33:38.441+0000][gc,heap     ] GC(48) Survivor regions: 7->7(77)
[2025-12-24T14:33:38.441+0000][gc,heap     ] GC(48) Old regions: 26->26
[2025-12-24T14:33:38.441+0000][gc,heap     ] GC(48) Humongous regions: 131->131
[2025-12-24T14:33:38.441+0000][gc,metaspace] GC(48) Metaspace: 14133K(14592K)->14133K(14592K) NonClass: 12565K(12800K)->12565K(12800K) Class: 1567K(1792K)->1567K(1792K)
[2025-12-24T14:33:38.441+0000][gc          ] GC(48) Pause Young (Normal) (G1 Evacuation Pause) 770M->162M(1024M) 16.524ms
[2025-12-24T14:33:38.441+0000][gc,cpu      ] GC(48) User=0.10s Sys=0.00s Real=0.01s
[2025-12-24T14:34:08.739+0000][gc,start    ] GC(49) Pause Young (Normal) (G1 Evacuation Pause)
[2025-12-24T14:34:08.740+0000][gc,task     ] GC(49) Using 8 workers of 8 for evacuation
[2025-12-24T14:34:08.759+0000][gc,phases   ] GC(49)   Pre Evacuate Collection Set: 1.0ms
[2025-12-24T14:34:08.759+0000][gc,phases   ] GC(49)   Merge Heap Roots: 0.3ms
[2025-12-24T14:34:08.759+0000][gc,phases   ] GC(49)   Evacuate Collection Set: 14.8ms
[2025-12-24T14:34:08.759+0000][gc,phases   ] GC(49)   Post Evacuate Collection Set: 3.0ms
[2025-12-24T14:34:08.759+0000][gc,phases   ] GC(49)   Other: 0.3ms
[2025-12-24T14:34:08.760+0000][gc,heap     ] GC(49) Eden regions: 607->0(605)
[2025-12-24T14:34:08.760+0000][gc,heap     ] GC(49) Survivor regions: 7->9(77)
[2025-12-24T14:34:08.760+0000][gc,heap     ] GC(49) Old regions: 26->26
[2025-12-24T14:34:08.760+0000][gc,heap     ] GC(49) Humongous regions: 131->131
[2025-12-24T14:34:08.760+0000][gc,metaspace] GC(49) Metaspace: 14134K(14592K)->14134K(14592K) NonClass: 12566K(12800K)->12566K(12800K) Class: 1567K(1792K)->1567K(1792K)
[2025-12-24T14:34:08.760+0000][gc          ] GC(49) Pause Young (Normal) (G1 Evacuation Pause) 769M->165M(1024M) 21.237ms
[2025-12-24T14:34:08.760+0000][gc,cpu      ] GC(49) User=0.13s Sys=0.00s Real=0.02s
[2025-12-24T14:34:48.405+0000][gc,start    ] GC(50) Pause Young (Normal) (G1 Evacuation Pause)
[2025-12-24T14:34:48.406+0000][gc,task     ] GC(50) Using 8 workers of 8 for evacuation
[2025-12-24T14:34:48.417+0000][gc,phases   ] GC(50)   Pre Evacuate Collection Set: 1.6ms
[2025-12-24T14:34:48.418+0000][gc,phases   ] GC(50)   Merge Heap Roots: 0.3ms
[2025-12-24T14:34:48.418+0000][gc,phases   ] GC(50)   Evacuate Collection Set: 8.2ms
[2025-12-24T14:34:48.418+0000][gc,phases   ] GC(50)   Post Evacuate Collection Set: 0.9ms
[2025-12-24T14:34:48.418+0000][gc,phases   ] GC(50)   Other: 0.3ms
[2025-12-24T14:34:48.418+0000][gc,heap     ] GC(50) Eden regions: 605->0(606)
[2025-12-24T14:34:48.418+0000][gc,heap     ] GC(50) Survivor regions: 9->8(77)
[2025-12-24T14:34:48.418+0000][gc,heap     ] GC(50) Old regions: 26->27
[2025-12-24T14:34:48.418+0000][gc,heap     ] GC(50) Humongous regions: 131->131
[2025-12-24T14:34:48.418+0000][gc,metaspace] GC(50) Metaspace: 14134K(14592K)->14134K(14592K) NonClass: 12567K(12800K)->12567K(12800K) Class: 1567K(1792K)->1567K(1792K)
[2025-12-24T14:34:48.418+0000][gc          ] GC(50) Pause Young (Normal) (G1 Evacuation Pause) 770M->164M(1024M) 12.771ms
[2025-12-24T14:34:48.418+0000][gc,cpu      ] GC(50) User=0.05s Sys=0.01s Real=0.01s
[2025-12-24T14:35:18.687+0000][gc,start    ] GC(51) Pause Young (Normal) (G1 Evacuation Pause)
[2025-12-24T14:35:18.687+0000][gc,task     ] GC(51) Using 8 workers of 8 for evacuation
[2025-12-24T14:35:18.706+0000][gc,phases   ] GC(51)   Pre Evacuate Collection Set: 0.8ms
[2025-12-24T14:35:18.706+0000][gc,phases   ] GC(51)   Merge Heap Roots: 0.2ms
[2025-12-24T14:35:18.706+0000][gc,phases   ] GC(51)   Evacuate Collection Set: 16.4ms
[2025-12-24T14:35:18.706+0000][gc,phases   ] GC(51)   Post Evacuate Collection Set: 1.1ms
[2025-12-24T14:35:18.706+0000][gc,phases   ] GC(51)   Other: 0.3ms
[2025-12-24T14:35:18.706+0000][gc,heap     ] GC(51) Eden regions: 606->0(604)
[2025-12-24T14:35:18.706+0000][gc,heap     ] GC(51) Survivor regions: 8->10(77)
[2025-12-24T14:35:18.706+0000][gc,heap     ] GC(51) Old regions: 27->27
[2025-12-24T14:35:18.707+0000][gc,heap     ] GC(51) Humongous regions: 131->131
[2025-12-24T14:35:18.707+0000][gc,metaspace] GC(51) Metaspace: 14135K(14592K)->14135K(14592K) NonClass: 12567K(12800K)->12567K(12800K) Class: 1567K(1792K)->1567K(1792K)
[2025-12-24T14:35:18.707+0000][gc          ] GC(51) Pause Young (Normal) (G1 Evacuation Pause) 770M->166M(1024M) 20.168ms
[2025-12-24T14:35:18.707+0000][gc,cpu      ] GC(51) User=0.13s Sys=0.00s Real=0.02s
[2025-12-24T14:35:58.313+0000][gc,start    ] GC(52) Pause Young (Normal) (G1 Evacuation Pause)
[2025-12-24T14:35:58.314+0000][gc,task     ] GC(52) Using 8 workers of 8 for evacuation
[2025-12-24T14:35:58.339+0000][gc,phases   ] GC(52)   Pre Evacuate Collection Set: 1.0ms
[2025-12-24T14:35:58.339+0000][gc,phases   ] GC(52)   Merge Heap Roots: 0.4ms
[2025-12-24T14:35:58.339+0000][gc,phases   ] GC(52)   Evacuate Collection Set: 22.0ms
[2025-12-24T14:35:58.339+0000][gc,phases   ] GC(52)   Post Evacuate Collection Set: 1.3ms
[2025-12-24T14:35:58.339+0000][gc,phases   ] GC(52)   Other: 0.3ms
[2025-12-24T14:35:58.339+0000][gc,heap     ] GC(52) Eden regions: 604->0(607)
[2025-12-24T14:35:58.339+0000][gc,heap     ] GC(52) Survivor regions: 10->7(77)
[2025-12-24T14:35:58.339+0000][gc,heap     ] GC(52) Old regions: 27->27
[2025-12-24T14:35:58.339+0000][gc,heap     ] GC(52) Humongous regions: 131->131
[2025-12-24T14:35:58.339+0000][gc,metaspace] GC(52) Metaspace: 14544K(15040K)->14544K(15040K) NonClass: 12936K(13184K)->12936K(13184K) Class: 1608K(1856K)->1608K(1856K)
[2025-12-24T14:35:58.339+0000][gc          ] GC(52) Pause Young (Normal) (G1 Evacuation Pause) 770M->164M(1024M) 26.368ms
[2025-12-24T14:35:58.339+0000][gc,cpu      ] GC(52) User=0.17s Sys=0.00s Real=0.02s
[2025-12-24T14:36:28.594+0000][gc,start    ] GC(53) Pause Young (Normal) (G1 Evacuation Pause)
[2025-12-24T14:36:28.595+0000][gc,task     ] GC(53) Using 8 workers of 8 for evacuation
[2025-12-24T14:36:28.613+0000][gc,phases   ] GC(53)   Pre Evacuate Collection Set: 3.5ms
[2025-12-24T14:36:28.614+0000][gc,phases   ] GC(53)   Merge Heap Roots: 0.6ms
[2025-12-24T14:36:28.614+0000][gc,phases   ] GC(53)   Evacuate Collection Set: 12.7ms
[2025-12-24T14:36:28.614+0000][gc,phases   ] GC(53)   Post Evacuate Collection Set: 1.1ms
[2025-12-24T14:36:28.614+0000][gc,phases   ] GC(53)   Other: 0.4ms
[2025-12-24T14:36:28.614+0000][gc,heap     ] GC(53) Eden regions: 607->0(606)
[2025-12-24T14:36:28.614+0000][gc,heap     ] GC(53) Survivor regions: 7->8(77)
[2025-12-24T14:36:28.614+0000][gc,heap     ] GC(53) Old regions: 27->27
[2025-12-24T14:36:28.614+0000][gc,heap     ] GC(53) Humongous regions: 131->131
[2025-12-24T14:36:28.614+0000][gc,metaspace] GC(53) Metaspace: 14544K(15040K)->14544K(15040K) NonClass: 12936K(13184K)->12936K(13184K) Class: 1608K(1856K)->1608K(1856K)
[2025-12-24T14:36:28.614+0000][gc          ] GC(53) Pause Young (Normal) (G1 Evacuation Pause) 771M->165M(1024M) 19.692ms
[2025-12-24T14:36:28.614+0000][gc,cpu      ] GC(53) User=0.12s Sys=0.00s Real=0.02s
[2025-12-24T14:37:08.247+0000][gc,start    ] GC(54) Pause Young (Normal) (G1 Evacuation Pause)
[2025-12-24T14:37:08.247+0000][gc,task     ] GC(54) Using 8 workers of 8 for evacuation
[2025-12-24T14:37:08.268+0000][gc,phases   ] GC(54)   Pre Evacuate Collection Set: 1.4ms
[2025-12-24T14:37:08.269+0000][gc,phases   ] GC(54)   Merge Heap Roots: 0.3ms
[2025-12-24T14:37:08.269+0000][gc,phases   ] GC(54)   Evacuate Collection Set: 16.4ms
[2025-12-24T14:37:08.269+0000][gc,phases   ] GC(54)   Post Evacuate Collection Set: 2.4ms
[2025-12-24T14:37:08.269+0000][gc,phases   ] GC(54)   Other: 0.4ms
[2025-12-24T14:37:08.269+0000][gc,heap     ] GC(54) Eden regions: 606->0(606)
[2025-12-24T14:37:08.269+0000][gc,heap     ] GC(54) Survivor regions: 8->8(77)
[2025-12-24T14:37:08.269+0000][gc,heap     ] GC(54) Old regions: 27->28
[2025-12-24T14:37:08.269+0000][gc,heap     ] GC(54) Humongous regions: 131->131
[2025-12-24T14:37:08.269+0000][gc,metaspace] GC(54) Metaspace: 14550K(15040K)->14550K(15040K) NonClass: 12942K(13184K)->12942K(13184K) Class: 1608K(1856K)->1608K(1856K)
[2025-12-24T14:37:08.270+0000][gc          ] GC(54) Pause Young (Normal) (G1 Evacuation Pause) 771M->165M(1024M) 22.736ms
[2025-12-24T14:37:08.270+0000][gc,cpu      ] GC(54) User=0.12s Sys=0.01s Real=0.03s
[2025-12-24T14:37:38.623+0000][gc,start    ] GC(55) Pause Young (Normal) (G1 Evacuation Pause)
[2025-12-24T14:37:38.624+0000][gc,task     ] GC(55) Using 8 workers of 8 for evacuation
[2025-12-24T14:37:38.647+0000][gc,phases   ] GC(55)   Pre Evacuate Collection Set: 1.0ms
[2025-12-24T14:37:38.648+0000][gc,phases   ] GC(55)   Merge Heap Roots: 0.2ms
[2025-12-24T14:37:38.648+0000][gc,phases   ] GC(55)   Evacuate Collection Set: 16.0ms
[2025-12-24T14:37:38.648+0000][gc,phases   ] GC(55)   Post Evacuate Collection Set: 5.9ms
[2025-12-24T14:37:38.648+0000][gc,phases   ] GC(55)   Other: 0.3ms
[2025-12-24T14:37:38.648+0000][gc,heap     ] GC(55) Eden regions: 606->0(604)
[2025-12-24T14:37:38.648+0000][gc,heap     ] GC(55) Survivor regions: 8->10(77)
[2025-12-24T14:37:38.648+0000][gc,heap     ] GC(55) Old regions: 28->28
[2025-12-24T14:37:38.648+0000][gc,heap     ] GC(55) Humongous regions: 131->131
[2025-12-24T14:37:38.648+0000][gc,metaspace] GC(55) Metaspace: 14560K(15040K)->14560K(15040K) NonClass: 12949K(13184K)->12949K(13184K) Class: 1611K(1856K)->1611K(1856K)
[2025-12-24T14:37:38.648+0000][gc          ] GC(55) Pause Young (Normal) (G1 Evacuation Pause) 771M->167M(1024M) 24.920ms
[2025-12-24T14:37:38.648+0000][gc,cpu      ] GC(55) User=0.13s Sys=0.00s Real=0.03s
[2025-12-24T14:38:08.729+0000][gc,start    ] GC(56) Pause Young (Normal) (G1 Evacuation Pause)
[2025-12-24T14:38:08.729+0000][gc,task     ] GC(56) Using 8 workers of 8 for evacuation
[2025-12-24T14:38:08.745+0000][gc,phases   ] GC(56)   Pre Evacuate Collection Set: 1.1ms
[2025-12-24T14:38:08.746+0000][gc,phases   ] GC(56)   Merge Heap Roots: 0.2ms
[2025-12-24T14:38:08.746+0000][gc,phases   ] GC(56)   Evacuate Collection Set: 13.7ms
[2025-12-24T14:38:08.746+0000][gc,phases   ] GC(56)   Post Evacuate Collection Set: 0.9ms
[2025-12-24T14:38:08.746+0000][gc,phases   ] GC(56)   Other: 0.3ms
[2025-12-24T14:38:08.746+0000][gc,heap     ] GC(56) Eden regions: 604->0(603)
[2025-12-24T14:38:08.746+0000][gc,heap     ] GC(56) Survivor regions: 10->11(77)
[2025-12-24T14:38:08.746+0000][gc,heap     ] GC(56) Old regions: 28->28
[2025-12-24T14:38:08.746+0000][gc,heap     ] GC(56) Humongous regions: 131->131
[2025-12-24T14:38:08.746+0000][gc,metaspace] GC(56) Metaspace: 14561K(15040K)->14561K(15040K) NonClass: 12950K(13184K)->12950K(13184K) Class: 1611K(1856K)->1611K(1856K)
[2025-12-24T14:38:08.746+0000][gc          ] GC(56) Pause Young (Normal) (G1 Evacuation Pause) 771M->168M(1024M) 17.458ms
[2025-12-24T14:38:08.746+0000][gc,cpu      ] GC(56) User=0.11s Sys=0.01s Real=0.01s
[2025-12-24T14:38:48.455+0000][gc,start    ] GC(57) Pause Young (Normal) (G1 Evacuation Pause)
[2025-12-24T14:38:48.456+0000][gc,task     ] GC(57) Using 8 workers of 8 for evacuation
[2025-12-24T14:38:48.477+0000][gc,phases   ] GC(57)   Pre Evacuate Collection Set: 1.4ms
[2025-12-24T14:38:48.477+0000][gc,phases   ] GC(57)   Merge Heap Roots: 0.3ms
[2025-12-24T14:38:48.477+0000][gc,phases   ] GC(57)   Evacuate Collection Set: 16.9ms
[2025-12-24T14:38:48.477+0000][gc,phases   ] GC(57)   Post Evacuate Collection Set: 2.4ms
[2025-12-24T14:38:48.478+0000][gc,phases   ] GC(57)   Other: 0.3ms
[2025-12-24T14:38:48.478+0000][gc,heap     ] GC(57) Eden regions: 603->0(603)
[2025-12-24T14:38:48.478+0000][gc,heap     ] GC(57) Survivor regions: 11->11(77)
[2025-12-24T14:38:48.478+0000][gc,heap     ] GC(57) Old regions: 28->28
[2025-12-24T14:38:48.478+0000][gc,heap     ] GC(57) Humongous regions: 131->131
[2025-12-24T14:38:48.478+0000][gc,metaspace] GC(57) Metaspace: 14571K(15040K)->14571K(15040K) NonClass: 12959K(13184K)->12959K(13184K) Class: 1611K(1856K)->1611K(1856K)
[2025-12-24T14:38:48.478+0000][gc          ] GC(57) Pause Young (Normal) (G1 Evacuation Pause) 771M->169M(1024M) 22.886ms
[2025-12-24T14:38:48.478+0000][gc,cpu      ] GC(57) User=0.13s Sys=0.00s Real=0.03s
[2025-12-24T14:39:18.662+0000][gc,start    ] GC(58) Pause Young (Normal) (G1 Evacuation Pause)
[2025-12-24T14:39:18.663+0000][gc,task     ] GC(58) Using 8 workers of 8 for evacuation
[2025-12-24T14:39:18.693+0000][gc,phases   ] GC(58)   Pre Evacuate Collection Set: 0.9ms
[2025-12-24T14:39:18.693+0000][gc,phases   ] GC(58)   Merge Heap Roots: 1.0ms
[2025-12-24T14:39:18.693+0000][gc,phases   ] GC(58)   Evacuate Collection Set: 26.2ms
[2025-12-24T14:39:18.693+0000][gc,phases   ] GC(58)   Post Evacuate Collection Set: 1.5ms
[2025-12-24T14:39:18.693+0000][gc,phases   ] GC(58)   Other: 0.3ms
[2025-12-24T14:39:18.693+0000][gc,heap     ] GC(58) Eden regions: 603->0(602)
[2025-12-24T14:39:18.693+0000][gc,heap     ] GC(58) Survivor regions: 11->12(77)
[2025-12-24T14:39:18.693+0000][gc,heap     ] GC(58) Old regions: 28->29
[2025-12-24T14:39:18.693+0000][gc,heap     ] GC(58) Humongous regions: 131->131
[2025-12-24T14:39:18.694+0000][gc,metaspace] GC(58) Metaspace: 14611K(15040K)->14611K(15040K) NonClass: 13000K(13184K)->13000K(13184K) Class: 1611K(1856K)->1611K(1856K)
[2025-12-24T14:39:18.694+0000][gc          ] GC(58) Pause Young (Normal) (G1 Evacuation Pause) 772M->170M(1024M) 31.273ms
[2025-12-24T14:39:18.694+0000][gc,cpu      ] GC(58) User=0.21s Sys=0.01s Real=0.03s
[2025-12-24T14:39:58.323+0000][gc,start    ] GC(59) Pause Young (Normal) (G1 Evacuation Pause)
[2025-12-24T14:39:58.324+0000][gc,task     ] GC(59) Using 8 workers of 8 for evacuation
[2025-12-24T14:39:58.332+0000][gc,phases   ] GC(59)   Pre Evacuate Collection Set: 0.9ms
[2025-12-24T14:39:58.332+0000][gc,phases   ] GC(59)   Merge Heap Roots: 0.3ms
[2025-12-24T14:39:58.332+0000][gc,phases   ] GC(59)   Evacuate Collection Set: 5.7ms
[2025-12-24T14:39:58.332+0000][gc,phases   ] GC(59)   Post Evacuate Collection Set: 0.9ms
[2025-12-24T14:39:58.332+0000][gc,phases   ] GC(59)   Other: 0.3ms
[2025-12-24T14:39:58.332+0000][gc,heap     ] GC(59) Eden regions: 602->0(607)
[2025-12-24T14:39:58.332+0000][gc,heap     ] GC(59) Survivor regions: 12->7(77)
[2025-12-24T14:39:58.332+0000][gc,heap     ] GC(59) Old regions: 29->29
[2025-12-24T14:39:58.333+0000][gc,heap     ] GC(59) Humongous regions: 131->131
[2025-12-24T14:39:58.333+0000][gc,metaspace] GC(59) Metaspace: 14629K(15040K)->14629K(15040K) NonClass: 13018K(13184K)->13018K(13184K) Class: 1611K(1856K)->1611K(1856K)
[2025-12-24T14:39:58.333+0000][gc          ] GC(59) Pause Young (Normal) (G1 Evacuation Pause) 772M->165M(1024M) 9.185ms
[2025-12-24T14:39:58.333+0000][gc,cpu      ] GC(59) User=0.04s Sys=0.00s Real=0.01s
[2025-12-24T14:40:28.577+0000][gc,start    ] GC(60) Pause Young (Normal) (G1 Evacuation Pause)
[2025-12-24T14:40:28.578+0000][gc,task     ] GC(60) Using 8 workers of 8 for evacuation
[2025-12-24T14:40:28.590+0000][gc,phases   ] GC(60)   Pre Evacuate Collection Set: 1.6ms
[2025-12-24T14:40:28.590+0000][gc,phases   ] GC(60)   Merge Heap Roots: 0.7ms
[2025-12-24T14:40:28.590+0000][gc,phases   ] GC(60)   Evacuate Collection Set: 8.2ms
[2025-12-24T14:40:28.590+0000][gc,phases   ] GC(60)   Post Evacuate Collection Set: 0.9ms
[2025-12-24T14:40:28.590+0000][gc,phases   ] GC(60)   Other: 0.3ms
[2025-12-24T14:40:28.590+0000][gc,heap     ] GC(60) Eden regions: 607->0(606)
[2025-12-24T14:40:28.590+0000][gc,heap     ] GC(60) Survivor regions: 7->8(77)
[2025-12-24T14:40:28.590+0000][gc,heap     ] GC(60) Old regions: 29->29
[2025-12-24T14:40:28.590+0000][gc,heap     ] GC(60) Humongous regions: 131->131
[2025-12-24T14:40:28.590+0000][gc,metaspace] GC(60) Metaspace: 14631K(15040K)->14631K(15040K) NonClass: 13019K(13184K)->13019K(13184K) Class: 1611K(1856K)->1611K(1856K)
[2025-12-24T14:40:28.590+0000][gc          ] GC(60) Pause Young (Normal) (G1 Evacuation Pause) 772M->167M(1024M) 13.423ms
[2025-12-24T14:40:28.590+0000][gc,cpu      ] GC(60) User=0.08s Sys=0.00s Real=0.01s
[2025-12-24T14:41:08.290+0000][gc,start    ] GC(61) Pause Young (Normal) (G1 Evacuation Pause)
[2025-12-24T14:41:08.291+0000][gc,task     ] GC(61) Using 8 workers of 8 for evacuation
[2025-12-24T14:41:08.309+0000][gc,phases   ] GC(61)   Pre Evacuate Collection Set: 1.0ms
[2025-12-24T14:41:08.310+0000][gc,phases   ] GC(61)   Merge Heap Roots: 0.2ms
[2025-12-24T14:41:08.310+0000][gc,phases   ] GC(61)   Evacuate Collection Set: 13.6ms
[2025-12-24T14:41:08.310+0000][gc,phases   ] GC(61)   Post Evacuate Collection Set: 2.8ms
[2025-12-24T14:41:08.310+0000][gc,phases   ] GC(61)   Other: 0.4ms
[2025-12-24T14:41:08.310+0000][gc,heap     ] GC(61) Eden regions: 606->0(606)
[2025-12-24T14:41:08.310+0000][gc,heap     ] GC(61) Survivor regions: 8->8(77)
[2025-12-24T14:41:08.310+0000][gc,heap     ] GC(61) Old regions: 29->29
[2025-12-24T14:41:08.310+0000][gc,heap     ] GC(61) Humongous regions: 131->131
[2025-12-24T14:41:08.310+0000][gc,metaspace] GC(61) Metaspace: 14662K(15168K)->14662K(15168K) NonClass: 13050K(13312K)->13050K(13312K) Class: 1611K(1856K)->1611K(1856K)
[2025-12-24T14:41:08.310+0000][gc          ] GC(61) Pause Young (Normal) (G1 Evacuation Pause) 773M->167M(1024M) 20.116ms
[2025-12-24T14:41:08.310+0000][gc,cpu      ] GC(61) User=0.11s Sys=0.00s Real=0.02s
[2025-12-24T14:41:38.537+0000][gc,start    ] GC(62) Pause Young (Normal) (G1 Evacuation Pause)
[2025-12-24T14:41:38.537+0000][gc,task     ] GC(62) Using 8 workers of 8 for evacuation
[2025-12-24T14:41:38.555+0000][gc,phases   ] GC(62)   Pre Evacuate Collection Set: 1.0ms
[2025-12-24T14:41:38.555+0000][gc,phases   ] GC(62)   Merge Heap Roots: 0.3ms
[2025-12-24T14:41:38.555+0000][gc,phases   ] GC(62)   Evacuate Collection Set: 15.7ms
[2025-12-24T14:41:38.556+0000][gc,phases   ] GC(62)   Post Evacuate Collection Set: 1.0ms
[2025-12-24T14:41:38.556+0000][gc,phases   ] GC(62)   Other: 0.2ms
[2025-12-24T14:41:38.556+0000][gc,heap     ] GC(62) Eden regions: 606->0(604)
[2025-12-24T14:41:38.556+0000][gc,heap     ] GC(62) Survivor regions: 8->10(77)
[2025-12-24T14:41:38.556+0000][gc,heap     ] GC(62) Old regions: 29->30
[2025-12-24T14:41:38.556+0000][gc,heap     ] GC(62) Humongous regions: 131->131
[2025-12-24T14:41:38.556+0000][gc,metaspace] GC(62) Metaspace: 14662K(15168K)->14662K(15168K) NonClass: 13051K(13312K)->13051K(13312K) Class: 1611K(1856K)->1611K(1856K)
[2025-12-24T14:41:38.556+0000][gc          ] GC(62) Pause Young (Normal) (G1 Evacuation Pause) 773M->169M(1024M) 19.443ms
[2025-12-24T14:41:38.556+0000][gc,cpu      ] GC(62) User=0.13s Sys=0.00s Real=0.02s
[2025-12-24T14:42:18.278+0000][gc,start    ] GC(63) Pause Young (Normal) (G1 Evacuation Pause)
[2025-12-24T14:42:18.278+0000][gc,task     ] GC(63) Using 8 workers of 8 for evacuation
[2025-12-24T14:42:18.330+0000][gc,phases   ] GC(63)   Pre Evacuate Collection Set: 4.6ms
[2025-12-24T14:42:18.331+0000][gc,phases   ] GC(63)   Merge Heap Roots: 1.3ms
[2025-12-24T14:42:18.331+0000][gc,phases   ] GC(63)   Evacuate Collection Set: 34.0ms
[2025-12-24T14:42:18.331+0000][gc,phases   ] GC(63)   Post Evacuate Collection Set: 9.7ms
[2025-12-24T14:42:18.332+0000][gc,phases   ] GC(63)   Other: 2.5ms
[2025-12-24T14:42:18.332+0000][gc,heap     ] GC(63) Eden regions: 604->0(605)
[2025-12-24T14:42:18.333+0000][gc,heap     ] GC(63) Survivor regions: 10->9(77)
[2025-12-24T14:42:18.335+0000][gc,heap     ] GC(63) Old regions: 30->30
[2025-12-24T14:42:18.335+0000][gc,heap     ] GC(63) Humongous regions: 131->131
[2025-12-24T14:42:18.336+0000][gc,metaspace] GC(63) Metaspace: 14662K(15168K)->14662K(15168K) NonClass: 13051K(13312K)->13051K(13312K) Class: 1611K(1856K)->1611K(1856K)
[2025-12-24T14:42:18.337+0000][gc          ] GC(63) Pause Young (Normal) (G1 Evacuation Pause) 773M->168M(1024M) 59.257ms
[2025-12-24T14:42:18.337+0000][gc,cpu      ] GC(63) User=0.24s Sys=0.02s Real=0.06s
[2025-12-24T14:42:48.470+0000][gc,start    ] GC(64) Pause Young (Normal) (G1 Evacuation Pause)
[2025-12-24T14:42:48.470+0000][gc,task     ] GC(64) Using 8 workers of 8 for evacuation
[2025-12-24T14:42:48.486+0000][gc,phases   ] GC(64)   Pre Evacuate Collection Set: 1.0ms
[2025-12-24T14:42:48.486+0000][gc,phases   ] GC(64)   Merge Heap Roots: 0.3ms
[2025-12-24T14:42:48.486+0000][gc,phases   ] GC(64)   Evacuate Collection Set: 13.0ms
[2025-12-24T14:42:48.486+0000][gc,phases   ] GC(64)   Post Evacuate Collection Set: 1.1ms
[2025-12-24T14:42:48.486+0000][gc,phases   ] GC(64)   Other: 0.3ms
[2025-12-24T14:42:48.486+0000][gc,heap     ] GC(64) Eden regions: 605->0(604)
[2025-12-24T14:42:48.486+0000][gc,heap     ] GC(64) Survivor regions: 9->10(77)
[2025-12-24T14:42:48.487+0000][gc,heap     ] GC(64) Old regions: 30->30
[2025-12-24T14:42:48.487+0000][gc,heap     ] GC(64) Humongous regions: 131->131
[2025-12-24T14:42:48.487+0000][gc,metaspace] GC(64) Metaspace: 14671K(15168K)->14671K(15168K) NonClass: 13059K(13312K)->13059K(13312K) Class: 1611K(1856K)->1611K(1856K)
[2025-12-24T14:42:48.487+0000][gc          ] GC(64) Pause Young (Normal) (G1 Evacuation Pause) 773M->170M(1024M) 16.777ms
[2025-12-24T14:42:48.487+0000][gc,cpu      ] GC(64) User=0.11s Sys=0.00s Real=0.02s
[2025-12-24T14:43:28.020+0000][gc,start    ] GC(65) Pause Young (Normal) (G1 Evacuation Pause)
[2025-12-24T14:43:28.020+0000][gc,task     ] GC(65) Using 8 workers of 8 for evacuation
[2025-12-24T14:43:28.055+0000][gc,phases   ] GC(65)   Pre Evacuate Collection Set: 2.6ms
[2025-12-24T14:43:28.055+0000][gc,phases   ] GC(65)   Merge Heap Roots: 0.4ms
[2025-12-24T14:43:28.055+0000][gc,phases   ] GC(65)   Evacuate Collection Set: 29.7ms
[2025-12-24T14:43:28.055+0000][gc,phases   ] GC(65)   Post Evacuate Collection Set: 1.4ms
[2025-12-24T14:43:28.055+0000][gc,phases   ] GC(65)   Other: 0.4ms
[2025-12-24T14:43:28.055+0000][gc,heap     ] GC(65) Eden regions: 604->0(604)
[2025-12-24T14:43:28.055+0000][gc,heap     ] GC(65) Survivor regions: 10->10(77)
[2025-12-24T14:43:28.055+0000][gc,heap     ] GC(65) Old regions: 30->30
[2025-12-24T14:43:28.055+0000][gc,heap     ] GC(65) Humongous regions: 131->131
[2025-12-24T14:43:28.055+0000][gc,metaspace] GC(65) Metaspace: 14680K(15168K)->14680K(15168K) NonClass: 13069K(13312K)->13069K(13312K) Class: 1611K(1856K)->1611K(1856K)
[2025-12-24T14:43:28.055+0000][gc          ] GC(65) Pause Young (Normal) (G1 Evacuation Pause) 774M->169M(1024M) 35.587ms
[2025-12-24T14:43:28.055+0000][gc,cpu      ] GC(65) User=0.22s Sys=0.01s Real=0.04s
[2025-12-24T14:43:58.432+0000][gc,start    ] GC(66) Pause Young (Normal) (G1 Evacuation Pause)
[2025-12-24T14:43:58.432+0000][gc,task     ] GC(66) Using 8 workers of 8 for evacuation
[2025-12-24T14:43:58.446+0000][gc,phases   ] GC(66)   Pre Evacuate Collection Set: 1.2ms
[2025-12-24T14:43:58.446+0000][gc,phases   ] GC(66)   Merge Heap Roots: 0.2ms
[2025-12-24T14:43:58.446+0000][gc,phases   ] GC(66)   Evacuate Collection Set: 10.9ms
[2025-12-24T14:43:58.446+0000][gc,phases   ] GC(66)   Post Evacuate Collection Set: 1.2ms
[2025-12-24T14:43:58.446+0000][gc,phases   ] GC(66)   Other: 0.3ms
[2025-12-24T14:43:58.446+0000][gc,heap     ] GC(66) Eden regions: 604->0(607)
[2025-12-24T14:43:58.446+0000][gc,heap     ] GC(66) Survivor regions: 10->7(77)
[2025-12-24T14:43:58.446+0000][gc,heap     ] GC(66) Old regions: 30->30
[2025-12-24T14:43:58.446+0000][gc,heap     ] GC(66) Humongous regions: 131->131
[2025-12-24T14:43:58.446+0000][gc,metaspace] GC(66) Metaspace: 14680K(15168K)->14680K(15168K) NonClass: 13069K(13312K)->13069K(13312K) Class: 1611K(1856K)->1611K(1856K)
[2025-12-24T14:43:58.446+0000][gc          ] GC(66) Pause Young (Normal) (G1 Evacuation Pause) 773M->167M(1024M) 14.837ms
[2025-12-24T14:43:58.447+0000][gc,cpu      ] GC(66) User=0.07s Sys=0.00s Real=0.02s
[2025-12-24T14:44:28.681+0000][gc,start    ] GC(67) Pause Young (Normal) (G1 Evacuation Pause)
[2025-12-24T14:44:28.683+0000][gc,task     ] GC(67) Using 8 workers of 8 for evacuation
[2025-12-24T14:44:28.699+0000][gc,phases   ] GC(67)   Pre Evacuate Collection Set: 3.2ms
[2025-12-24T14:44:28.699+0000][gc,phases   ] GC(67)   Merge Heap Roots: 1.1ms
[2025-12-24T14:44:28.699+0000][gc,phases   ] GC(67)   Evacuate Collection Set: 9.2ms
[2025-12-24T14:44:28.699+0000][gc,phases   ] GC(67)   Post Evacuate Collection Set: 1.2ms
[2025-12-24T14:44:28.699+0000][gc,phases   ] GC(67)   Other: 1.1ms
[2025-12-24T14:44:28.699+0000][gc,heap     ] GC(67) Eden regions: 607->0(607)
[2025-12-24T14:44:28.699+0000][gc,heap     ] GC(67) Survivor regions: 7->7(77)
[2025-12-24T14:44:28.699+0000][gc,heap     ] GC(67) Old regions: 30->32
[2025-12-24T14:44:28.699+0000][gc,heap     ] GC(67) Humongous regions: 131->131
[2025-12-24T14:44:28.699+0000][gc,metaspace] GC(67) Metaspace: 14685K(15168K)->14685K(15168K) NonClass: 13073K(13312K)->13073K(13312K) Class: 1611K(1856K)->1611K(1856K)
[2025-12-24T14:44:28.699+0000][gc          ] GC(67) Pause Young (Normal) (G1 Evacuation Pause) 774M->169M(1024M) 18.040ms
[2025-12-24T14:44:28.699+0000][gc,cpu      ] GC(67) User=0.09s Sys=0.00s Real=0.01s
[2025-12-24T14:45:08.368+0000][gc,start    ] GC(68) Pause Young (Normal) (G1 Evacuation Pause)
[2025-12-24T14:45:08.369+0000][gc,task     ] GC(68) Using 8 workers of 8 for evacuation
[2025-12-24T14:45:08.389+0000][gc,phases   ] GC(68)   Pre Evacuate Collection Set: 1.1ms
[2025-12-24T14:45:08.389+0000][gc,phases   ] GC(68)   Merge Heap Roots: 0.3ms
[2025-12-24T14:45:08.389+0000][gc,phases   ] GC(68)   Evacuate Collection Set: 17.0ms
[2025-12-24T14:45:08.389+0000][gc,phases   ] GC(68)   Post Evacuate Collection Set: 1.5ms
[2025-12-24T14:45:08.389+0000][gc,phases   ] GC(68)   Other: 0.3ms
[2025-12-24T14:45:08.389+0000][gc,heap     ] GC(68) Eden regions: 607->0(607)
[2025-12-24T14:45:08.389+0000][gc,heap     ] GC(68) Survivor regions: 7->7(77)
[2025-12-24T14:45:08.390+0000][gc,heap     ] GC(68) Old regions: 32->32
[2025-12-24T14:45:08.390+0000][gc,heap     ] GC(68) Humongous regions: 131->131
[2025-12-24T14:45:08.390+0000][gc,metaspace] GC(68) Metaspace: 14687K(15168K)->14687K(15168K) NonClass: 13075K(13312K)->13075K(13312K) Class: 1611K(1856K)->1611K(1856K)
[2025-12-24T14:45:08.390+0000][gc          ] GC(68) Pause Young (Normal) (G1 Evacuation Pause) 776M->168M(1024M) 21.781ms
[2025-12-24T14:45:08.390+0000][gc,cpu      ] GC(68) User=0.11s Sys=0.01s Real=0.02s
[2025-12-24T14:45:38.667+0000][gc,start    ] GC(69) Pause Young (Normal) (G1 Evacuation Pause)
[2025-12-24T14:45:38.669+0000][gc,task     ] GC(69) Using 8 workers of 8 for evacuation
[2025-12-24T14:45:38.686+0000][gc,phases   ] GC(69)   Pre Evacuate Collection Set: 1.4ms
[2025-12-24T14:45:38.686+0000][gc,phases   ] GC(69)   Merge Heap Roots: 0.6ms
[2025-12-24T14:45:38.686+0000][gc,phases   ] GC(69)   Evacuate Collection Set: 14.2ms
[2025-12-24T14:45:38.686+0000][gc,phases   ] GC(69)   Post Evacuate Collection Set: 1.0ms
[2025-12-24T14:45:38.686+0000][gc,phases   ] GC(69)   Other: 0.5ms
[2025-12-24T14:45:38.686+0000][gc,heap     ] GC(69) Eden regions: 607->0(606)
[2025-12-24T14:45:38.687+0000][gc,heap     ] GC(69) Survivor regions: 7->8(77)
[2025-12-24T14:45:38.687+0000][gc,heap     ] GC(69) Old regions: 32->32
[2025-12-24T14:45:38.687+0000][gc,heap     ] GC(69) Humongous regions: 131->131
[2025-12-24T14:45:38.687+0000][gc,metaspace] GC(69) Metaspace: 14692K(15168K)->14692K(15168K) NonClass: 13080K(13312K)->13080K(13312K) Class: 1611K(1856K)->1611K(1856K)
[2025-12-24T14:45:38.687+0000][gc          ] GC(69) Pause Young (Normal) (G1 Evacuation Pause) 775M->170M(1024M) 19.316ms
[2025-12-24T14:45:38.687+0000][gc,cpu      ] GC(69) User=0.12s Sys=0.00s Real=0.02s
[2025-12-24T14:46:18.358+0000][gc,start    ] GC(70) Pause Young (Normal) (G1 Evacuation Pause)
[2025-12-24T14:46:18.359+0000][gc,task     ] GC(70) Using 8 workers of 8 for evacuation
[2025-12-24T14:46:18.381+0000][gc,phases   ] GC(70)   Pre Evacuate Collection Set: 0.9ms
[2025-12-24T14:46:18.381+0000][gc,phases   ] GC(70)   Merge Heap Roots: 0.3ms
[2025-12-24T14:46:18.381+0000][gc,phases   ] GC(70)   Evacuate Collection Set: 19.8ms
[2025-12-24T14:46:18.381+0000][gc,phases   ] GC(70)   Post Evacuate Collection Set: 0.9ms
[2025-12-24T14:46:18.381+0000][gc,phases   ] GC(70)   Other: 0.2ms
[2025-12-24T14:46:18.381+0000][gc,heap     ] GC(70) Eden regions: 606->0(606)
[2025-12-24T14:46:18.381+0000][gc,heap     ] GC(70) Survivor regions: 8->8(77)
[2025-12-24T14:46:18.381+0000][gc,heap     ] GC(70) Old regions: 32->33
[2025-12-24T14:46:18.381+0000][gc,heap     ] GC(70) Humongous regions: 131->131
[2025-12-24T14:46:18.381+0000][gc,metaspace] GC(70) Metaspace: 14692K(15168K)->14692K(15168K) NonClass: 13080K(13312K)->13080K(13312K) Class: 1611K(1856K)->1611K(1856K)
[2025-12-24T14:46:18.381+0000][gc          ] GC(70) Pause Young (Normal) (G1 Evacuation Pause) 776M->170M(1024M) 23.764ms
[2025-12-24T14:46:18.381+0000][gc,cpu      ] GC(70) User=0.10s Sys=0.03s Real=0.03s
[2025-12-24T14:46:40.744+0000][gc,start    ] GC(71) Pause Young (Concurrent Start) (CodeCache GC Threshold)
[2025-12-24T14:46:40.745+0000][gc,task     ] GC(71) Using 8 workers of 8 for evacuation
[2025-12-24T14:46:40.761+0000][gc,phases   ] GC(71)   Pre Evacuate Collection Set: 2.8ms
[2025-12-24T14:46:40.761+0000][gc,phases   ] GC(71)   Merge Heap Roots: 0.4ms
[2025-12-24T14:46:40.761+0000][gc,phases   ] GC(71)   Evacuate Collection Set: 10.7ms
[2025-12-24T14:46:40.761+0000][gc,phases   ] GC(71)   Post Evacuate Collection Set: 1.3ms
[2025-12-24T14:46:40.761+0000][gc,phases   ] GC(71)   Other: 0.6ms
[2025-12-24T14:46:40.761+0000][gc,heap     ] GC(71) Eden regions: 475->0(607)
[2025-12-24T14:46:40.761+0000][gc,heap     ] GC(71) Survivor regions: 8->7(77)
[2025-12-24T14:46:40.762+0000][gc,heap     ] GC(71) Old regions: 33->33
[2025-12-24T14:46:40.762+0000][gc,heap     ] GC(71) Humongous regions: 131->131
[2025-12-24T14:46:40.762+0000][gc,metaspace] GC(71) Metaspace: 14694K(15168K)->14694K(15168K) NonClass: 13082K(13312K)->13082K(13312K) Class: 1611K(1856K)->1611K(1856K)
[2025-12-24T14:46:40.762+0000][gc          ] GC(71) Pause Young (Concurrent Start) (CodeCache GC Threshold) 645M->170M(1024M) 17.543ms
[2025-12-24T14:46:40.762+0000][gc,cpu      ] GC(71) User=0.08s Sys=0.00s Real=0.02s
[2025-12-24T14:46:40.762+0000][gc          ] GC(72) Concurrent Mark Cycle
[2025-12-24T14:46:40.763+0000][gc,marking  ] GC(72) Concurrent Scan Root Regions
[2025-12-24T14:46:40.766+0000][gc,marking  ] GC(72) Concurrent Scan Root Regions 3.478ms
[2025-12-24T14:46:40.766+0000][gc,marking  ] GC(72) Concurrent Mark
[2025-12-24T14:46:40.766+0000][gc,marking  ] GC(72) Concurrent Mark From Roots
[2025-12-24T14:46:40.766+0000][gc,task     ] GC(72) Using 2 workers of 2 for marking
[2025-12-24T14:46:40.797+0000][gc,marking  ] GC(72) Concurrent Mark From Roots 30.355ms
[2025-12-24T14:46:40.797+0000][gc,marking  ] GC(72) Concurrent Preclean
[2025-12-24T14:46:40.797+0000][gc,marking  ] GC(72) Concurrent Preclean 0.239ms
[2025-12-24T14:46:40.797+0000][gc,start    ] GC(72) Pause Remark
[2025-12-24T14:46:40.846+0000][gc          ] GC(72) Pause Remark 170M->170M(1024M) 48.697ms
[2025-12-24T14:46:40.846+0000][gc,cpu      ] GC(72) User=0.35s Sys=0.00s Real=0.05s
[2025-12-24T14:46:40.848+0000][gc,marking  ] GC(72) Concurrent Mark 81.411ms
[2025-12-24T14:46:40.848+0000][gc,marking  ] GC(72) Concurrent Rebuild Remembered Sets and Scrub Regions
[2025-12-24T14:46:40.856+0000][gc,marking  ] GC(72) Concurrent Rebuild Remembered Sets and Scrub Regions 7.993ms
[2025-12-24T14:46:40.856+0000][gc,start    ] GC(72) Pause Cleanup
[2025-12-24T14:46:40.857+0000][gc          ] GC(72) Pause Cleanup 170M->170M(1024M) 0.333ms
[2025-12-24T14:46:40.857+0000][gc,cpu      ] GC(72) User=0.00s Sys=0.00s Real=0.00s
[2025-12-24T14:46:40.857+0000][gc,marking  ] GC(72) Concurrent Clear Claimed Marks
[2025-12-24T14:46:40.857+0000][gc,marking  ] GC(72) Concurrent Clear Claimed Marks 0.084ms
[2025-12-24T14:46:40.857+0000][gc,marking  ] GC(72) Concurrent Cleanup for Next Mark
[2025-12-24T14:46:40.862+0000][gc,marking  ] GC(72) Concurrent Cleanup for Next Mark 5.370ms
[2025-12-24T14:46:40.863+0000][gc          ] GC(72) Concurrent Mark Cycle 100.573ms
[2025-12-24T14:47:18.422+0000][gc,start    ] GC(73) Pause Young (Prepare Mixed) (G1 Evacuation Pause)
[2025-12-24T14:47:18.424+0000][gc,task     ] GC(73) Using 8 workers of 8 for evacuation
[2025-12-24T14:47:18.448+0000][gc,phases   ] GC(73)   Pre Evacuate Collection Set: 0.9ms
[2025-12-24T14:47:18.448+0000][gc,phases   ] GC(73)   Merge Heap Roots: 0.3ms
[2025-12-24T14:47:18.448+0000][gc,phases   ] GC(73)   Evacuate Collection Set: 21.8ms
[2025-12-24T14:47:18.448+0000][gc,phases   ] GC(73)   Post Evacuate Collection Set: 1.3ms
[2025-12-24T14:47:18.448+0000][gc,phases   ] GC(73)   Other: 0.2ms
[2025-12-24T14:47:18.448+0000][gc,heap     ] GC(73) Eden regions: 607->0(605)
[2025-12-24T14:47:18.448+0000][gc,heap     ] GC(73) Survivor regions: 7->9(77)
[2025-12-24T14:47:18.448+0000][gc,heap     ] GC(73) Old regions: 33->33
[2025-12-24T14:47:18.449+0000][gc,heap     ] GC(73) Humongous regions: 131->131
[2025-12-24T14:47:18.449+0000][gc,metaspace] GC(73) Metaspace: 14592K(15168K)->14592K(15168K) NonClass: 13008K(13312K)->13008K(13312K) Class: 1584K(1856K)->1584K(1856K)
[2025-12-24T14:47:18.449+0000][gc          ] GC(73) Pause Young (Prepare Mixed) (G1 Evacuation Pause) 777M->172M(1024M) 26.237ms
[2025-12-24T14:47:18.449+0000][gc,cpu      ] GC(73) User=0.17s Sys=0.00s Real=0.03s
[2025-12-24T14:47:48.938+0000][gc,start    ] GC(74) Pause Young (Mixed) (G1 Evacuation Pause)
[2025-12-24T14:47:48.940+0000][gc,task     ] GC(74) Using 8 workers of 8 for evacuation
[2025-12-24T14:47:48.963+0000][gc,phases   ] GC(74)   Pre Evacuate Collection Set: 1.1ms
[2025-12-24T14:47:48.963+0000][gc,phases   ] GC(74)   Merge Heap Roots: 0.3ms
[2025-12-24T14:47:48.963+0000][gc,phases   ] GC(74)   Evacuate Collection Set: 19.9ms
[2025-12-24T14:47:48.963+0000][gc,phases   ] GC(74)   Post Evacuate Collection Set: 1.5ms
[2025-12-24T14:47:48.963+0000][gc,phases   ] GC(74)   Other: 0.3ms
[2025-12-24T14:47:48.963+0000][gc,heap     ] GC(74) Eden regions: 605->0(603)
[2025-12-24T14:47:48.963+0000][gc,heap     ] GC(74) Survivor regions: 9->11(77)
[2025-12-24T14:47:48.963+0000][gc,heap     ] GC(74) Old regions: 33->31
[2025-12-24T14:47:48.963+0000][gc,heap     ] GC(74) Humongous regions: 131->131
[2025-12-24T14:47:48.963+0000][gc,metaspace] GC(74) Metaspace: 14594K(15168K)->14594K(15168K) NonClass: 13009K(13312K)->13009K(13312K) Class: 1584K(1856K)->1584K(1856K)
[2025-12-24T14:47:48.963+0000][gc          ] GC(74) Pause Young (Mixed) (G1 Evacuation Pause) 777M->172M(1024M) 24.984ms
[2025-12-24T14:47:48.963+0000][gc,cpu      ] GC(74) User=0.13s Sys=0.01s Real=0.02s
[2025-12-24T14:48:28.309+0000][gc,start    ] GC(75) Pause Young (Normal) (G1 Evacuation Pause)
[2025-12-24T14:48:28.310+0000][gc,task     ] GC(75) Using 8 workers of 8 for evacuation
[2025-12-24T14:48:28.323+0000][gc,phases   ] GC(75)   Pre Evacuate Collection Set: 1.0ms
[2025-12-24T14:48:28.323+0000][gc,phases   ] GC(75)   Merge Heap Roots: 0.2ms
[2025-12-24T14:48:28.323+0000][gc,phases   ] GC(75)   Evacuate Collection Set: 10.0ms
[2025-12-24T14:48:28.323+0000][gc,phases   ] GC(75)   Post Evacuate Collection Set: 1.1ms
[2025-12-24T14:48:28.323+0000][gc,phases   ] GC(75)   Other: 0.4ms
[2025-12-24T14:48:28.323+0000][gc,heap     ] GC(75) Eden regions: 603->0(608)
[2025-12-24T14:48:28.323+0000][gc,heap     ] GC(75) Survivor regions: 11->6(77)
[2025-12-24T14:48:28.323+0000][gc,heap     ] GC(75) Old regions: 31->32
[2025-12-24T14:48:28.323+0000][gc,heap     ] GC(75) Humongous regions: 131->131
[2025-12-24T14:48:28.323+0000][gc,metaspace] GC(75) Metaspace: 14596K(15168K)->14596K(15168K) NonClass: 13011K(13312K)->13011K(13312K) Class: 1584K(1856K)->1584K(1856K)
[2025-12-24T14:48:28.323+0000][gc          ] GC(75) Pause Young (Normal) (G1 Evacuation Pause) 775M->167M(1024M) 14.246ms
[2025-12-24T14:48:28.323+0000][gc,cpu      ] GC(75) User=0.07s Sys=0.00s Real=0.01s
[2025-12-24T14:48:58.615+0000][gc,start    ] GC(76) Pause Young (Normal) (G1 Evacuation Pause)
[2025-12-24T14:48:58.616+0000][gc,task     ] GC(76) Using 8 workers of 8 for evacuation
[2025-12-24T14:48:58.628+0000][gc,phases   ] GC(76)   Pre Evacuate Collection Set: 1.2ms
[2025-12-24T14:48:58.628+0000][gc,phases   ] GC(76)   Merge Heap Roots: 1.8ms
[2025-12-24T14:48:58.628+0000][gc,phases   ] GC(76)   Evacuate Collection Set: 7.3ms
[2025-12-24T14:48:58.628+0000][gc,phases   ] GC(76)   Post Evacuate Collection Set: 1.0ms
[2025-12-24T14:48:58.628+0000][gc,phases   ] GC(76)   Other: 0.3ms
[2025-12-24T14:48:58.628+0000][gc,heap     ] GC(76) Eden regions: 608->0(607)
[2025-12-24T14:48:58.628+0000][gc,heap     ] GC(76) Survivor regions: 6->7(77)
[2025-12-24T14:48:58.628+0000][gc,heap     ] GC(76) Old regions: 32->32
[2025-12-24T14:48:58.628+0000][gc,heap     ] GC(76) Humongous regions: 131->131
[2025-12-24T14:48:58.628+0000][gc,metaspace] GC(76) Metaspace: 14603K(15168K)->14603K(15168K) NonClass: 13019K(13312K)->13019K(13312K) Class: 1584K(1856K)->1584K(1856K)
[2025-12-24T14:48:58.628+0000][gc          ] GC(76) Pause Young (Normal) (G1 Evacuation Pause) 775M->169M(1024M) 13.143ms
[2025-12-24T14:48:58.628+0000][gc,cpu      ] GC(76) User=0.06s Sys=0.00s Real=0.01s
[2025-12-24T14:49:38.248+0000][gc,start    ] GC(77) Pause Young (Normal) (G1 Evacuation Pause)
[2025-12-24T14:49:38.248+0000][gc,task     ] GC(77) Using 8 workers of 8 for evacuation
[2025-12-24T14:49:38.293+0000][gc,phases   ] GC(77)   Pre Evacuate Collection Set: 1.4ms
[2025-12-24T14:49:38.293+0000][gc,phases   ] GC(77)   Merge Heap Roots: 1.7ms
[2025-12-24T14:49:38.294+0000][gc,phases   ] GC(77)   Evacuate Collection Set: 40.1ms
[2025-12-24T14:49:38.294+0000][gc,phases   ] GC(77)   Post Evacuate Collection Set: 1.1ms
[2025-12-24T14:49:38.294+0000][gc,phases   ] GC(77)   Other: 0.7ms
[2025-12-24T14:49:38.294+0000][gc,heap     ] GC(77) Eden regions: 607->0(608)
[2025-12-24T14:49:38.294+0000][gc,heap     ] GC(77) Survivor regions: 7->6(77)
[2025-12-24T14:49:38.294+0000][gc,heap     ] GC(77) Old regions: 32->32
[2025-12-24T14:49:38.294+0000][gc,heap     ] GC(77) Humongous regions: 131->131
[2025-12-24T14:49:38.294+0000][gc,metaspace] GC(77) Metaspace: 14669K(15168K)->14669K(15168K) NonClass: 13084K(13312K)->13084K(13312K) Class: 1584K(1856K)->1584K(1856K)
[2025-12-24T14:49:38.294+0000][gc          ] GC(77) Pause Young (Normal) (G1 Evacuation Pause) 776M->168M(1024M) 46.282ms
[2025-12-24T14:49:38.294+0000][gc,cpu      ] GC(77) User=0.25s Sys=0.03s Real=0.05s
[2025-12-24T14:50:08.430+0000][gc,start    ] GC(78) Pause Young (Normal) (G1 Evacuation Pause)
[2025-12-24T14:50:08.431+0000][gc,task     ] GC(78) Using 8 workers of 8 for evacuation
[2025-12-24T14:50:08.449+0000][gc,phases   ] GC(78)   Pre Evacuate Collection Set: 0.9ms
[2025-12-24T14:50:08.449+0000][gc,phases   ] GC(78)   Merge Heap Roots: 0.2ms
[2025-12-24T14:50:08.449+0000][gc,phases   ] GC(78)   Evacuate Collection Set: 11.4ms
[2025-12-24T14:50:08.449+0000][gc,phases   ] GC(78)   Post Evacuate Collection Set: 4.3ms
[2025-12-24T14:50:08.449+0000][gc,phases   ] GC(78)   Other: 0.2ms
[2025-12-24T14:50:08.449+0000][gc,heap     ] GC(78) Eden regions: 608->0(606)
[2025-12-24T14:50:08.449+0000][gc,heap     ] GC(78) Survivor regions: 6->8(77)
[2025-12-24T14:50:08.449+0000][gc,heap     ] GC(78) Old regions: 32->32
[2025-12-24T14:50:08.449+0000][gc,heap     ] GC(78) Humongous regions: 131->131
[2025-12-24T14:50:08.449+0000][gc,metaspace] GC(78) Metaspace: 14795K(15232K)->14795K(15232K) NonClass: 13210K(13376K)->13210K(13376K) Class: 1584K(1856K)->1584K(1856K)
[2025-12-24T14:50:08.449+0000][gc          ] GC(78) Pause Young (Normal) (G1 Evacuation Pause) 776M->170M(1024M) 18.924ms
[2025-12-24T14:50:08.449+0000][gc,cpu      ] GC(78) User=0.11s Sys=0.00s Real=0.02s
[2025-12-24T14:50:38.652+0000][gc,start    ] GC(79) Pause Young (Normal) (G1 Evacuation Pause)
[2025-12-24T14:50:38.653+0000][gc,task     ] GC(79) Using 8 workers of 8 for evacuation
[2025-12-24T14:50:38.670+0000][gc,phases   ] GC(79)   Pre Evacuate Collection Set: 1.3ms
[2025-12-24T14:50:38.670+0000][gc,phases   ] GC(79)   Merge Heap Roots: 0.8ms
[2025-12-24T14:50:38.670+0000][gc,phases   ] GC(79)   Evacuate Collection Set: 12.4ms
[2025-12-24T14:50:38.670+0000][gc,phases   ] GC(79)   Post Evacuate Collection Set: 1.9ms
[2025-12-24T14:50:38.670+0000][gc,phases   ] GC(79)   Other: 0.4ms
[2025-12-24T14:50:38.670+0000][gc,heap     ] GC(79) Eden regions: 606->0(605)
[2025-12-24T14:50:38.670+0000][gc,heap     ] GC(79) Survivor regions: 8->9(77)
[2025-12-24T14:50:38.670+0000][gc,heap     ] GC(79) Old regions: 32->33
[2025-12-24T14:50:38.670+0000][gc,heap     ] GC(79) Humongous regions: 131->131
[2025-12-24T14:50:38.671+0000][gc,metaspace] GC(79) Metaspace: 14800K(15232K)->14800K(15232K) NonClass: 13215K(13376K)->13215K(13376K) Class: 1584K(1856K)->1584K(1856K)
[2025-12-24T14:50:38.671+0000][gc          ] GC(79) Pause Young (Normal) (G1 Evacuation Pause) 776M->171M(1024M) 18.778ms
[2025-12-24T14:50:38.671+0000][gc,cpu      ] GC(79) User=0.11s Sys=0.00s Real=0.02s
[2025-12-24T14:51:18.351+0000][gc,start    ] GC(80) Pause Young (Normal) (G1 Evacuation Pause)
[2025-12-24T14:51:18.352+0000][gc,task     ] GC(80) Using 8 workers of 8 for evacuation
[2025-12-24T14:51:18.364+0000][gc,phases   ] GC(80)   Pre Evacuate Collection Set: 1.2ms
[2025-12-24T14:51:18.364+0000][gc,phases   ] GC(80)   Merge Heap Roots: 0.7ms
[2025-12-24T14:51:18.364+0000][gc,phases   ] GC(80)   Evacuate Collection Set: 9.1ms
[2025-12-24T14:51:18.365+0000][gc,phases   ] GC(80)   Post Evacuate Collection Set: 1.0ms
[2025-12-24T14:51:18.365+0000][gc,phases   ] GC(80)   Other: 0.3ms
[2025-12-24T14:51:18.365+0000][gc,heap     ] GC(80) Eden regions: 605->0(605)
[2025-12-24T14:51:18.365+0000][gc,heap     ] GC(80) Survivor regions: 9->9(77)
[2025-12-24T14:51:18.365+0000][gc,heap     ] GC(80) Old regions: 33->33
[2025-12-24T14:51:18.365+0000][gc,heap     ] GC(80) Humongous regions: 131->131
[2025-12-24T14:51:18.365+0000][gc,metaspace] GC(80) Metaspace: 14800K(15232K)->14800K(15232K) NonClass: 13215K(13376K)->13215K(13376K) Class: 1584K(1856K)->1584K(1856K)
[2025-12-24T14:51:18.365+0000][gc          ] GC(80) Pause Young (Normal) (G1 Evacuation Pause) 776M->171M(1024M) 14.040ms
[2025-12-24T14:51:18.365+0000][gc,cpu      ] GC(80) User=0.07s Sys=0.01s Real=0.01s
[2025-12-24T14:51:48.659+0000][gc,start    ] GC(81) Pause Young (Normal) (G1 Evacuation Pause)
[2025-12-24T14:51:48.660+0000][gc,task     ] GC(81) Using 8 workers of 8 for evacuation
[2025-12-24T14:51:48.676+0000][gc,phases   ] GC(81)   Pre Evacuate Collection Set: 1.2ms
[2025-12-24T14:51:48.676+0000][gc,phases   ] GC(81)   Merge Heap Roots: 0.3ms
[2025-12-24T14:51:48.676+0000][gc,phases   ] GC(81)   Evacuate Collection Set: 11.7ms
[2025-12-24T14:51:48.676+0000][gc,phases   ] GC(81)   Post Evacuate Collection Set: 1.9ms
[2025-12-24T14:51:48.676+0000][gc,phases   ] GC(81)   Other: 0.3ms
[2025-12-24T14:51:48.676+0000][gc,heap     ] GC(81) Eden regions: 605->0(603)
[2025-12-24T14:51:48.676+0000][gc,heap     ] GC(81) Survivor regions: 9->11(77)
[2025-12-24T14:51:48.676+0000][gc,heap     ] GC(81) Old regions: 33->33
[2025-12-24T14:51:48.676+0000][gc,heap     ] GC(81) Humongous regions: 131->131
[2025-12-24T14:51:48.676+0000][gc,metaspace] GC(81) Metaspace: 14801K(15232K)->14801K(15232K) NonClass: 13216K(13376K)->13216K(13376K) Class: 1584K(1856K)->1584K(1856K)
[2025-12-24T14:51:48.676+0000][gc          ] GC(81) Pause Young (Normal) (G1 Evacuation Pause) 776M->173M(1024M) 17.407ms
[2025-12-24T14:51:48.677+0000][gc,cpu      ] GC(81) User=0.09s Sys=0.00s Real=0.02s
[2025-12-24T14:53:55.248+0000][gc,start    ] GC(82) Pause Young (Normal) (G1 Evacuation Pause)
[2025-12-24T14:53:55.248+0000][gc,task     ] GC(82) Using 8 workers of 8 for evacuation
[2025-12-24T14:53:55.266+0000][gc,phases   ] GC(82)   Pre Evacuate Collection Set: 1.0ms
[2025-12-24T14:53:55.266+0000][gc,phases   ] GC(82)   Merge Heap Roots: 0.3ms
[2025-12-24T14:53:55.266+0000][gc,phases   ] GC(82)   Evacuate Collection Set: 14.5ms
[2025-12-24T14:53:55.266+0000][gc,phases   ] GC(82)   Post Evacuate Collection Set: 1.5ms
[2025-12-24T14:53:55.266+0000][gc,phases   ] GC(82)   Other: 0.2ms
[2025-12-24T14:53:55.266+0000][gc,heap     ] GC(82) Eden regions: 603->0(608)
[2025-12-24T14:53:55.266+0000][gc,heap     ] GC(82) Survivor regions: 11->6(77)
[2025-12-24T14:53:55.266+0000][gc,heap     ] GC(82) Old regions: 33->33
[2025-12-24T14:53:55.266+0000][gc,heap     ] GC(82) Humongous regions: 131->131
[2025-12-24T14:53:55.266+0000][gc,metaspace] GC(82) Metaspace: 14802K(15232K)->14802K(15232K) NonClass: 13216K(13376K)->13216K(13376K) Class: 1586K(1856K)->1586K(1856K)
[2025-12-24T14:53:55.266+0000][gc          ] GC(82) Pause Young (Normal) (G1 Evacuation Pause) 776M->169M(1024M) 18.702ms
[2025-12-24T14:53:55.266+0000][gc,cpu      ] GC(82) User=0.12s Sys=0.00s Real=0.02s
[2025-12-24T14:54:25.527+0000][gc,start    ] GC(83) Pause Young (Normal) (G1 Evacuation Pause)
[2025-12-24T14:54:25.528+0000][gc,task     ] GC(83) Using 8 workers of 8 for evacuation
[2025-12-24T14:54:25.545+0000][gc,phases   ] GC(83)   Pre Evacuate Collection Set: 1.2ms
[2025-12-24T14:54:25.545+0000][gc,phases   ] GC(83)   Merge Heap Roots: 0.3ms
[2025-12-24T14:54:25.545+0000][gc,phases   ] GC(83)   Evacuate Collection Set: 14.3ms
[2025-12-24T14:54:25.545+0000][gc,phases   ] GC(83)   Post Evacuate Collection Set: 1.3ms
[2025-12-24T14:54:25.545+0000][gc,phases   ] GC(83)   Other: 0.3ms
[2025-12-24T14:54:25.545+0000][gc,heap     ] GC(83) Eden regions: 608->0(607)
[2025-12-24T14:54:25.545+0000][gc,heap     ] GC(83) Survivor regions: 6->7(77)
[2025-12-24T14:54:25.545+0000][gc,heap     ] GC(83) Old regions: 33->34
[2025-12-24T14:54:25.545+0000][gc,heap     ] GC(83) Humongous regions: 131->131
[2025-12-24T14:54:25.545+0000][gc,metaspace] GC(83) Metaspace: 14802K(15232K)->14802K(15232K) NonClass: 13216K(13376K)->13216K(13376K) Class: 1586K(1856K)->1586K(1856K)
[2025-12-24T14:54:25.546+0000][gc          ] GC(83) Pause Young (Normal) (G1 Evacuation Pause) 777M->170M(1024M) 18.696ms
[2025-12-24T14:54:25.546+0000][gc,cpu      ] GC(83) User=0.11s Sys=0.00s Real=0.02s
[2025-12-24T14:55:05.135+0000][gc,start    ] GC(84) Pause Young (Normal) (G1 Evacuation Pause)
[2025-12-24T14:55:05.136+0000][gc,task     ] GC(84) Using 8 workers of 8 for evacuation
[2025-12-24T14:55:05.164+0000][gc,phases   ] GC(84)   Pre Evacuate Collection Set: 1.2ms
[2025-12-24T14:55:05.164+0000][gc,phases   ] GC(84)   Merge Heap Roots: 0.3ms
[2025-12-24T14:55:05.164+0000][gc,phases   ] GC(84)   Evacuate Collection Set: 24.2ms
[2025-12-24T14:55:05.164+0000][gc,phases   ] GC(84)   Post Evacuate Collection Set: 1.8ms
[2025-12-24T14:55:05.164+0000][gc,phases   ] GC(84)   Other: 0.5ms
[2025-12-24T14:55:05.164+0000][gc,heap     ] GC(84) Eden regions: 607->0(608)
[2025-12-24T14:55:05.164+0000][gc,heap     ] GC(84) Survivor regions: 7->6(77)
[2025-12-24T14:55:05.164+0000][gc,heap     ] GC(84) Old regions: 34->34
[2025-12-24T14:55:05.164+0000][gc,heap     ] GC(84) Humongous regions: 131->131
[2025-12-24T14:55:05.164+0000][gc,metaspace] GC(84) Metaspace: 14803K(15232K)->14803K(15232K) NonClass: 13217K(13376K)->13217K(13376K) Class: 1586K(1856K)->1586K(1856K)
[2025-12-24T14:55:05.164+0000][gc          ] GC(84) Pause Young (Normal) (G1 Evacuation Pause) 777M->169M(1024M) 29.402ms
[2025-12-24T14:55:05.164+0000][gc,cpu      ] GC(84) User=0.20s Sys=0.00s Real=0.03s
[2025-12-24T14:55:35.862+0000][gc,start    ] GC(85) Pause Young (Normal) (G1 Evacuation Pause)
[2025-12-24T14:55:35.862+0000][gc,task     ] GC(85) Using 8 workers of 8 for evacuation
[2025-12-24T14:55:35.884+0000][gc,phases   ] GC(85)   Pre Evacuate Collection Set: 1.0ms
[2025-12-24T14:55:35.884+0000][gc,phases   ] GC(85)   Merge Heap Roots: 0.2ms
[2025-12-24T14:55:35.884+0000][gc,phases   ] GC(85)   Evacuate Collection Set: 18.9ms
[2025-12-24T14:55:35.885+0000][gc,phases   ] GC(85)   Post Evacuate Collection Set: 1.6ms
[2025-12-24T14:55:35.885+0000][gc,phases   ] GC(85)   Other: 0.3ms
[2025-12-24T14:55:35.885+0000][gc,heap     ] GC(85) Eden regions: 608->0(607)
[2025-12-24T14:55:35.885+0000][gc,heap     ] GC(85) Survivor regions: 6->7(77)
[2025-12-24T14:55:35.885+0000][gc,heap     ] GC(85) Old regions: 34->34
[2025-12-24T14:55:35.885+0000][gc,heap     ] GC(85) Humongous regions: 131->131
[2025-12-24T14:55:35.885+0000][gc,metaspace] GC(85) Metaspace: 14806K(15296K)->14806K(15296K) NonClass: 13220K(13440K)->13220K(13440K) Class: 1586K(1856K)->1586K(1856K)
[2025-12-24T14:55:35.885+0000][gc          ] GC(85) Pause Young (Normal) (G1 Evacuation Pause) 777M->171M(1024M) 23.450ms
[2025-12-24T14:55:35.885+0000][gc,cpu      ] GC(85) User=0.14s Sys=0.00s Real=0.02s
[2025-12-24T14:56:05.677+0000][gc,start    ] GC(86) Pause Young (Normal) (G1 Evacuation Pause)
[2025-12-24T14:56:05.677+0000][gc,task     ] GC(86) Using 8 workers of 8 for evacuation
[2025-12-24T14:56:05.691+0000][gc,phases   ] GC(86)   Pre Evacuate Collection Set: 1.0ms
[2025-12-24T14:56:05.691+0000][gc,phases   ] GC(86)   Merge Heap Roots: 0.2ms
[2025-12-24T14:56:05.691+0000][gc,phases   ] GC(86)   Evacuate Collection Set: 11.5ms
[2025-12-24T14:56:05.691+0000][gc,phases   ] GC(86)   Post Evacuate Collection Set: 0.9ms
[2025-12-24T14:56:05.691+0000][gc,phases   ] GC(86)   Other: 0.3ms
[2025-12-24T14:56:05.692+0000][gc,heap     ] GC(86) Eden regions: 607->0(605)
[2025-12-24T14:56:05.692+0000][gc,heap     ] GC(86) Survivor regions: 7->9(77)
[2025-12-24T14:56:05.692+0000][gc,heap     ] GC(86) Old regions: 34->34
[2025-12-24T14:56:05.692+0000][gc,heap     ] GC(86) Humongous regions: 131->131
[2025-12-24T14:56:05.692+0000][gc,metaspace] GC(86) Metaspace: 14806K(15296K)->14806K(15296K) NonClass: 13220K(13440K)->13220K(13440K) Class: 1586K(1856K)->1586K(1856K)
[2025-12-24T14:56:05.692+0000][gc          ] GC(86) Pause Young (Normal) (G1 Evacuation Pause) 778M->173M(1024M) 15.236ms
[2025-12-24T14:56:05.692+0000][gc,cpu      ] GC(86) User=0.10s Sys=0.01s Real=0.02s
[2025-12-24T14:56:45.310+0000][gc,start    ] GC(87) Pause Young (Normal) (G1 Evacuation Pause)
[2025-12-24T14:56:45.310+0000][gc,task     ] GC(87) Using 8 workers of 8 for evacuation
[2025-12-24T14:56:45.333+0000][gc,phases   ] GC(87)   Pre Evacuate Collection Set: 1.1ms
[2025-12-24T14:56:45.333+0000][gc,phases   ] GC(87)   Merge Heap Roots: 0.2ms
[2025-12-24T14:56:45.333+0000][gc,phases   ] GC(87)   Evacuate Collection Set: 19.5ms
[2025-12-24T14:56:45.333+0000][gc,phases   ] GC(87)   Post Evacuate Collection Set: 1.3ms
[2025-12-24T14:56:45.333+0000][gc,phases   ] GC(87)   Other: 0.3ms
[2025-12-24T14:56:45.333+0000][gc,heap     ] GC(87) Eden regions: 605->0(606)
[2025-12-24T14:56:45.333+0000][gc,heap     ] GC(87) Survivor regions: 9->8(77)
[2025-12-24T14:56:45.333+0000][gc,heap     ] GC(87) Old regions: 34->34
[2025-12-24T14:56:45.333+0000][gc,heap     ] GC(87) Humongous regions: 131->131
[2025-12-24T14:56:45.333+0000][gc,metaspace] GC(87) Metaspace: 14806K(15296K)->14806K(15296K) NonClass: 13220K(13440K)->13220K(13440K) Class: 1586K(1856K)->1586K(1856K)
[2025-12-24T14:56:45.333+0000][gc          ] GC(87) Pause Young (Normal) (G1 Evacuation Pause) 778M->172M(1024M) 23.738ms
[2025-12-24T14:56:45.333+0000][gc,cpu      ] GC(87) User=0.11s Sys=0.00s Real=0.02s
[2025-12-24T14:57:15.580+0000][gc,start    ] GC(88) Pause Young (Normal) (G1 Evacuation Pause)
[2025-12-24T14:57:15.581+0000][gc,task     ] GC(88) Using 8 workers of 8 for evacuation
[2025-12-24T14:57:15.596+0000][gc,phases   ] GC(88)   Pre Evacuate Collection Set: 1.0ms
[2025-12-24T14:57:15.596+0000][gc,phases   ] GC(88)   Merge Heap Roots: 0.3ms
[2025-12-24T14:57:15.596+0000][gc,phases   ] GC(88)   Evacuate Collection Set: 12.0ms
[2025-12-24T14:57:15.596+0000][gc,phases   ] GC(88)   Post Evacuate Collection Set: 1.0ms
[2025-12-24T14:57:15.596+0000][gc,phases   ] GC(88)   Other: 0.3ms
[2025-12-24T14:57:15.596+0000][gc,heap     ] GC(88) Eden regions: 606->0(604)
[2025-12-24T14:57:15.596+0000][gc,heap     ] GC(88) Survivor regions: 8->10(77)
[2025-12-24T14:57:15.596+0000][gc,heap     ] GC(88) Old regions: 34->35
[2025-12-24T14:57:15.596+0000][gc,heap     ] GC(88) Humongous regions: 131->131
[2025-12-24T14:57:15.596+0000][gc,metaspace] GC(88) Metaspace: 14814K(15296K)->14814K(15296K) NonClass: 13228K(13440K)->13228K(13440K) Class: 1586K(1856K)->1586K(1856K)
[2025-12-24T14:57:15.596+0000][gc          ] GC(88) Pause Young (Normal) (G1 Evacuation Pause) 778M->175M(1024M) 15.761ms
[2025-12-24T14:57:15.596+0000][gc,cpu      ] GC(88) User=0.10s Sys=0.00s Real=0.02s
[2025-12-24T14:57:55.238+0000][gc,start    ] GC(89) Pause Young (Normal) (G1 Evacuation Pause)
[2025-12-24T14:57:55.238+0000][gc,task     ] GC(89) Using 8 workers of 8 for evacuation
[2025-12-24T14:57:55.253+0000][gc,phases   ] GC(89)   Pre Evacuate Collection Set: 1.1ms
[2025-12-24T14:57:55.253+0000][gc,phases   ] GC(89)   Merge Heap Roots: 0.2ms
[2025-12-24T14:57:55.253+0000][gc,phases   ] GC(89)   Evacuate Collection Set: 11.7ms
[2025-12-24T14:57:55.253+0000][gc,phases   ] GC(89)   Post Evacuate Collection Set: 1.2ms
[2025-12-24T14:57:55.253+0000][gc,phases   ] GC(89)   Other: 0.3ms
[2025-12-24T14:57:55.253+0000][gc,heap     ] GC(89) Eden regions: 604->0(609)
[2025-12-24T14:57:55.253+0000][gc,heap     ] GC(89) Survivor regions: 10->5(77)
[2025-12-24T14:57:55.253+0000][gc,heap     ] GC(89) Old regions: 35->35
[2025-12-24T14:57:55.254+0000][gc,heap     ] GC(89) Humongous regions: 131->131
[2025-12-24T14:57:55.254+0000][gc,metaspace] GC(89) Metaspace: 14822K(15296K)->14822K(15296K) NonClass: 13236K(13440K)->13236K(13440K) Class: 1586K(1856K)->1586K(1856K)
[2025-12-24T14:57:55.254+0000][gc          ] GC(89) Pause Young (Normal) (G1 Evacuation Pause) 779M->169M(1024M) 15.753ms
[2025-12-24T14:57:55.254+0000][gc,cpu      ] GC(89) User=0.10s Sys=0.01s Real=0.02s
[2025-12-24T14:58:25.523+0000][gc,start    ] GC(90) Pause Young (Normal) (G1 Evacuation Pause)
[2025-12-24T14:58:25.524+0000][gc,task     ] GC(90) Using 8 workers of 8 for evacuation
[2025-12-24T14:58:25.534+0000][gc,phases   ] GC(90)   Pre Evacuate Collection Set: 1.1ms
[2025-12-24T14:58:25.534+0000][gc,phases   ] GC(90)   Merge Heap Roots: 0.3ms
[2025-12-24T14:58:25.534+0000][gc,phases   ] GC(90)   Evacuate Collection Set: 7.4ms
[2025-12-24T14:58:25.535+0000][gc,phases   ] GC(90)   Post Evacuate Collection Set: 1.1ms
[2025-12-24T14:58:25.535+0000][gc,phases   ] GC(90)   Other: 0.3ms
[2025-12-24T14:58:25.535+0000][gc,heap     ] GC(90) Eden regions: 609->0(607)
[2025-12-24T14:58:25.535+0000][gc,heap     ] GC(90) Survivor regions: 5->7(77)
[2025-12-24T14:58:25.535+0000][gc,heap     ] GC(90) Old regions: 35->35
[2025-12-24T14:58:25.535+0000][gc,heap     ] GC(90) Humongous regions: 131->131
[2025-12-24T14:58:25.535+0000][gc,metaspace] GC(90) Metaspace: 14822K(15296K)->14822K(15296K) NonClass: 13236K(13440K)->13236K(13440K) Class: 1586K(1856K)->1586K(1856K)
[2025-12-24T14:58:25.535+0000][gc          ] GC(90) Pause Young (Normal) (G1 Evacuation Pause) 778M->171M(1024M) 11.713ms
[2025-12-24T14:58:25.535+0000][gc,cpu      ] GC(90) User=0.06s Sys=0.01s Real=0.01s
[2025-12-24T14:59:05.122+0000][gc,start    ] GC(91) Pause Young (Normal) (G1 Evacuation Pause)
[2025-12-24T14:59:05.123+0000][gc,task     ] GC(91) Using 8 workers of 8 for evacuation
[2025-12-24T14:59:05.141+0000][gc,phases   ] GC(91)   Pre Evacuate Collection Set: 2.0ms
[2025-12-24T14:59:05.141+0000][gc,phases   ] GC(91)   Merge Heap Roots: 2.1ms
[2025-12-24T14:59:05.141+0000][gc,phases   ] GC(91)   Evacuate Collection Set: 12.0ms
[2025-12-24T14:59:05.141+0000][gc,phases   ] GC(91)   Post Evacuate Collection Set: 1.5ms
[2025-12-24T14:59:05.141+0000][gc,phases   ] GC(91)   Other: 0.7ms
[2025-12-24T14:59:05.141+0000][gc,heap     ] GC(91) Eden regions: 607->0(608)
[2025-12-24T14:59:05.141+0000][gc,heap     ] GC(91) Survivor regions: 7->6(77)
[2025-12-24T14:59:05.142+0000][gc,heap     ] GC(91) Old regions: 35->35
[2025-12-24T14:59:05.142+0000][gc,heap     ] GC(91) Humongous regions: 131->131
[2025-12-24T14:59:05.142+0000][gc,metaspace] GC(91) Metaspace: 14824K(15296K)->14824K(15296K) NonClass: 13238K(13440K)->13238K(13440K) Class: 1586K(1856K)->1586K(1856K)
[2025-12-24T14:59:05.142+0000][gc          ] GC(91) Pause Young (Normal) (G1 Evacuation Pause) 778M->171M(1024M) 20.071ms
[2025-12-24T14:59:05.142+0000][gc,cpu      ] GC(91) User=0.11s Sys=0.01s Real=0.02s
[2025-12-24T14:59:35.395+0000][gc,start    ] GC(92) Pause Young (Normal) (G1 Evacuation Pause)
[2025-12-24T14:59:35.398+0000][gc,task     ] GC(92) Using 8 workers of 8 for evacuation
[2025-12-24T14:59:35.408+0000][gc,phases   ] GC(92)   Pre Evacuate Collection Set: 0.9ms
[2025-12-24T14:59:35.408+0000][gc,phases   ] GC(92)   Merge Heap Roots: 0.3ms
[2025-12-24T14:59:35.408+0000][gc,phases   ] GC(92)   Evacuate Collection Set: 7.5ms
[2025-12-24T14:59:35.408+0000][gc,phases   ] GC(92)   Post Evacuate Collection Set: 1.0ms
[2025-12-24T14:59:35.408+0000][gc,phases   ] GC(92)   Other: 0.4ms
[2025-12-24T14:59:35.409+0000][gc,heap     ] GC(92) Eden regions: 608->0(607)
[2025-12-24T14:59:35.409+0000][gc,heap     ] GC(92) Survivor regions: 6->7(77)
[2025-12-24T14:59:35.409+0000][gc,heap     ] GC(92) Old regions: 35->36
[2025-12-24T14:59:35.409+0000][gc,heap     ] GC(92) Humongous regions: 131->131
[2025-12-24T14:59:35.409+0000][gc,metaspace] GC(92) Metaspace: 14826K(15296K)->14826K(15296K) NonClass: 13240K(13440K)->13240K(13440K) Class: 1586K(1856K)->1586K(1856K)
[2025-12-24T14:59:35.409+0000][gc          ] GC(92) Pause Young (Normal) (G1 Evacuation Pause) 779M->172M(1024M) 13.528ms
[2025-12-24T14:59:35.409+0000][gc,cpu      ] GC(92) User=0.06s Sys=0.00s Real=0.01s
[2025-12-24T15:00:05.637+0000][gc,start    ] GC(93) Pause Young (Normal) (G1 Evacuation Pause)
[2025-12-24T15:00:05.637+0000][gc,task     ] GC(93) Using 8 workers of 8 for evacuation
[2025-12-24T15:00:05.652+0000][gc,phases   ] GC(93)   Pre Evacuate Collection Set: 0.9ms
[2025-12-24T15:00:05.652+0000][gc,phases   ] GC(93)   Merge Heap Roots: 0.2ms
[2025-12-24T15:00:05.652+0000][gc,phases   ] GC(93)   Evacuate Collection Set: 11.5ms
[2025-12-24T15:00:05.652+0000][gc,phases   ] GC(93)   Post Evacuate Collection Set: 1.6ms
[2025-12-24T15:00:05.652+0000][gc,phases   ] GC(93)   Other: 0.4ms
[2025-12-24T15:00:05.652+0000][gc,heap     ] GC(93) Eden regions: 607->0(605)
[2025-12-24T15:00:05.652+0000][gc,heap     ] GC(93) Survivor regions: 7->9(77)
[2025-12-24T15:00:05.652+0000][gc,heap     ] GC(93) Old regions: 36->36
[2025-12-24T15:00:05.652+0000][gc,heap     ] GC(93) Humongous regions: 131->131
[2025-12-24T15:00:05.652+0000][gc,metaspace] GC(93) Metaspace: 14830K(15296K)->14830K(15296K) NonClass: 13243K(13440K)->13243K(13440K) Class: 1586K(1856K)->1586K(1856K)
[2025-12-24T15:00:05.652+0000][gc          ] GC(93) Pause Young (Normal) (G1 Evacuation Pause) 779M->174M(1024M) 15.709ms
[2025-12-24T15:00:05.652+0000][gc,cpu      ] GC(93) User=0.10s Sys=0.01s Real=0.02s
[2025-12-24T15:00:45.293+0000][gc,start    ] GC(94) Pause Young (Normal) (G1 Evacuation Pause)
[2025-12-24T15:00:45.294+0000][gc,task     ] GC(94) Using 8 workers of 8 for evacuation
[2025-12-24T15:00:45.311+0000][gc,phases   ] GC(94)   Pre Evacuate Collection Set: 0.9ms
[2025-12-24T15:00:45.311+0000][gc,phases   ] GC(94)   Merge Heap Roots: 0.3ms
[2025-12-24T15:00:45.311+0000][gc,phases   ] GC(94)   Evacuate Collection Set: 14.7ms
[2025-12-24T15:00:45.311+0000][gc,phases   ] GC(94)   Post Evacuate Collection Set: 1.1ms
[2025-12-24T15:00:45.311+0000][gc,phases   ] GC(94)   Other: 0.2ms
[2025-12-24T15:00:45.311+0000][gc,heap     ] GC(94) Eden regions: 605->0(606)
[2025-12-24T15:00:45.311+0000][gc,heap     ] GC(94) Survivor regions: 9->8(77)
[2025-12-24T15:00:45.311+0000][gc,heap     ] GC(94) Old regions: 36->36
[2025-12-24T15:00:45.311+0000][gc,heap     ] GC(94) Humongous regions: 131->131
[2025-12-24T15:00:45.311+0000][gc,metaspace] GC(94) Metaspace: 14830K(15296K)->14830K(15296K) NonClass: 13243K(13440K)->13243K(13440K) Class: 1586K(1856K)->1586K(1856K)
[2025-12-24T15:00:45.311+0000][gc          ] GC(94) Pause Young (Normal) (G1 Evacuation Pause) 779M->174M(1024M) 18.480ms
[2025-12-24T15:00:45.311+0000][gc,cpu      ] GC(94) User=0.09s Sys=0.00s Real=0.02s
[2025-12-24T15:01:15.556+0000][gc,start    ] GC(95) Pause Young (Normal) (G1 Evacuation Pause)
[2025-12-24T15:01:15.557+0000][gc,task     ] GC(95) Using 8 workers of 8 for evacuation
[2025-12-24T15:01:15.570+0000][gc,phases   ] GC(95)   Pre Evacuate Collection Set: 1.0ms
[2025-12-24T15:01:15.570+0000][gc,phases   ] GC(95)   Merge Heap Roots: 0.2ms
[2025-12-24T15:01:15.570+0000][gc,phases   ] GC(95)   Evacuate Collection Set: 8.2ms
[2025-12-24T15:01:15.570+0000][gc,phases   ] GC(95)   Post Evacuate Collection Set: 3.3ms
[2025-12-24T15:01:15.570+0000][gc,phases   ] GC(95)   Other: 0.2ms
[2025-12-24T15:01:15.570+0000][gc,heap     ] GC(95) Eden regions: 606->0(604)
[2025-12-24T15:01:15.570+0000][gc,heap     ] GC(95) Survivor regions: 8->10(77)
[2025-12-24T15:01:15.570+0000][gc,heap     ] GC(95) Old regions: 36->36
[2025-12-24T15:01:15.570+0000][gc,heap     ] GC(95) Humongous regions: 131->131
[2025-12-24T15:01:15.570+0000][gc,metaspace] GC(95) Metaspace: 14834K(15296K)->14834K(15296K) NonClass: 13247K(13440K)->13247K(13440K) Class: 1586K(1856K)->1586K(1856K)
[2025-12-24T15:01:15.570+0000][gc          ] GC(95) Pause Young (Normal) (G1 Evacuation Pause) 780M->176M(1024M) 13.830ms
[2025-12-24T15:01:15.570+0000][gc,cpu      ] GC(95) User=0.07s Sys=0.00s Real=0.02s
[2025-12-24T15:01:55.206+0000][gc,start    ] GC(96) Pause Young (Normal) (G1 Evacuation Pause)
[2025-12-24T15:01:55.207+0000][gc,task     ] GC(96) Using 8 workers of 8 for evacuation
[2025-12-24T15:01:55.224+0000][gc,phases   ] GC(96)   Pre Evacuate Collection Set: 0.8ms
[2025-12-24T15:01:55.224+0000][gc,phases   ] GC(96)   Merge Heap Roots: 0.2ms
[2025-12-24T15:01:55.224+0000][gc,phases   ] GC(96)   Evacuate Collection Set: 14.2ms
[2025-12-24T15:01:55.224+0000][gc,phases   ] GC(96)   Post Evacuate Collection Set: 1.1ms
[2025-12-24T15:01:55.224+0000][gc,phases   ] GC(96)   Other: 0.2ms
[2025-12-24T15:01:55.224+0000][gc,heap     ] GC(96) Eden regions: 604->0(605)
[2025-12-24T15:01:55.224+0000][gc,heap     ] GC(96) Survivor regions: 10->9(77)
[2025-12-24T15:01:55.224+0000][gc,heap     ] GC(96) Old regions: 36->37
[2025-12-24T15:01:55.224+0000][gc,heap     ] GC(96) Humongous regions: 131->131
[2025-12-24T15:01:55.224+0000][gc,metaspace] GC(96) Metaspace: 14838K(15296K)->14838K(15296K) NonClass: 13252K(13440K)->13252K(13440K) Class: 1586K(1856K)->1586K(1856K)
[2025-12-24T15:01:55.224+0000][gc          ] GC(96) Pause Young (Normal) (G1 Evacuation Pause) 780M->175M(1024M) 17.765ms
[2025-12-24T15:01:55.224+0000][gc,cpu      ] GC(96) User=0.09s Sys=0.00s Real=0.02s
[2025-12-24T15:02:25.454+0000][gc,start    ] GC(97) Pause Young (Normal) (G1 Evacuation Pause)
[2025-12-24T15:02:25.455+0000][gc,task     ] GC(97) Using 8 workers of 8 for evacuation
[2025-12-24T15:02:25.474+0000][gc,phases   ] GC(97)   Pre Evacuate Collection Set: 1.1ms
[2025-12-24T15:02:25.474+0000][gc,phases   ] GC(97)   Merge Heap Roots: 0.3ms
[2025-12-24T15:02:25.474+0000][gc,phases   ] GC(97)   Evacuate Collection Set: 12.7ms
[2025-12-24T15:02:25.475+0000][gc,phases   ] GC(97)   Post Evacuate Collection Set: 5.4ms
[2025-12-24T15:02:25.475+0000][gc,phases   ] GC(97)   Other: 0.3ms
[2025-12-24T15:02:25.475+0000][gc,heap     ] GC(97) Eden regions: 605->0(608)
[2025-12-24T15:02:25.475+0000][gc,heap     ] GC(97) Survivor regions: 9->6(77)
[2025-12-24T15:02:25.475+0000][gc,heap     ] GC(97) Old regions: 37->37
[2025-12-24T15:02:25.475+0000][gc,heap     ] GC(97) Humongous regions: 131->131
[2025-12-24T15:02:25.475+0000][gc,metaspace] GC(97) Metaspace: 14839K(15296K)->14839K(15296K) NonClass: 13252K(13440K)->13252K(13440K) Class: 1586K(1856K)->1586K(1856K)
[2025-12-24T15:02:25.475+0000][gc          ] GC(97) Pause Young (Normal) (G1 Evacuation Pause) 780M->173M(1024M) 20.870ms
[2025-12-24T15:02:25.475+0000][gc,cpu      ] GC(97) User=0.12s Sys=0.01s Real=0.02s
[2025-12-24T15:03:05.089+0000][gc,start    ] GC(98) Pause Young (Normal) (G1 Evacuation Pause)
[2025-12-24T15:03:05.091+0000][gc,task     ] GC(98) Using 8 workers of 8 for evacuation
[2025-12-24T15:03:05.116+0000][gc,phases   ] GC(98)   Pre Evacuate Collection Set: 1.6ms
[2025-12-24T15:03:05.116+0000][gc,phases   ] GC(98)   Merge Heap Roots: 2.9ms
[2025-12-24T15:03:05.116+0000][gc,phases   ] GC(98)   Evacuate Collection Set: 16.8ms
[2025-12-24T15:03:05.117+0000][gc,phases   ] GC(98)   Post Evacuate Collection Set: 1.9ms
[2025-12-24T15:03:05.117+0000][gc,phases   ] GC(98)   Other: 2.4ms
[2025-12-24T15:03:05.117+0000][gc,heap     ] GC(98) Eden regions: 608->0(608)
[2025-12-24T15:03:05.117+0000][gc,heap     ] GC(98) Survivor regions: 6->6(77)
[2025-12-24T15:03:05.117+0000][gc,heap     ] GC(98) Old regions: 37->37
[2025-12-24T15:03:05.117+0000][gc,heap     ] GC(98) Humongous regions: 131->131
[2025-12-24T15:03:05.117+0000][gc,metaspace] GC(98) Metaspace: 14839K(15296K)->14839K(15296K) NonClass: 13252K(13440K)->13252K(13440K) Class: 1586K(1856K)->1586K(1856K)
[2025-12-24T15:03:05.117+0000][gc          ] GC(98) Pause Young (Normal) (G1 Evacuation Pause) 781M->172M(1024M) 27.937ms
[2025-12-24T15:03:05.117+0000][gc,cpu      ] GC(98) User=0.15s Sys=0.00s Real=0.03s
[2025-12-24T15:03:35.416+0000][gc,start    ] GC(99) Pause Young (Normal) (G1 Evacuation Pause)
[2025-12-24T15:03:35.416+0000][gc,task     ] GC(99) Using 8 workers of 8 for evacuation
[2025-12-24T15:03:35.431+0000][gc,phases   ] GC(99)   Pre Evacuate Collection Set: 4.4ms
[2025-12-24T15:03:35.432+0000][gc,phases   ] GC(99)   Merge Heap Roots: 0.4ms
[2025-12-24T15:03:35.432+0000][gc,phases   ] GC(99)   Evacuate Collection Set: 9.3ms
[2025-12-24T15:03:35.432+0000][gc,phases   ] GC(99)   Post Evacuate Collection Set: 1.2ms
[2025-12-24T15:03:35.432+0000][gc,phases   ] GC(99)   Other: 0.3ms
[2025-12-24T15:03:35.432+0000][gc,heap     ] GC(99) Eden regions: 608->0(607)
[2025-12-24T15:03:35.432+0000][gc,heap     ] GC(99) Survivor regions: 6->7(77)
[2025-12-24T15:03:35.432+0000][gc,heap     ] GC(99) Old regions: 37->37
[2025-12-24T15:03:35.432+0000][gc,heap     ] GC(99) Humongous regions: 131->131
[2025-12-24T15:03:35.432+0000][gc,metaspace] GC(99) Metaspace: 14839K(15296K)->14839K(15296K) NonClass: 13252K(13440K)->13252K(13440K) Class: 1586K(1856K)->1586K(1856K)
[2025-12-24T15:03:35.432+0000][gc          ] GC(99) Pause Young (Normal) (G1 Evacuation Pause) 780M->174M(1024M) 16.589ms
[2025-12-24T15:03:35.432+0000][gc,cpu      ] GC(99) User=0.10s Sys=0.00s Real=0.02s
[2025-12-24T15:04:05.772+0000][gc,start    ] GC(100) Pause Young (Normal) (G1 Evacuation Pause)
[2025-12-24T15:04:05.773+0000][gc,task     ] GC(100) Using 8 workers of 8 for evacuation
[2025-12-24T15:04:05.790+0000][gc,phases   ] GC(100)   Pre Evacuate Collection Set: 1.8ms
[2025-12-24T15:04:05.790+0000][gc,phases   ] GC(100)   Merge Heap Roots: 2.2ms
[2025-12-24T15:04:05.790+0000][gc,phases   ] GC(100)   Evacuate Collection Set: 10.2ms
[2025-12-24T15:04:05.790+0000][gc,phases   ] GC(100)   Post Evacuate Collection Set: 2.0ms
[2025-12-24T15:04:05.790+0000][gc,phases   ] GC(100)   Other: 0.8ms
[2025-12-24T15:04:05.790+0000][gc,heap     ] GC(100) Eden regions: 607->0(605)
[2025-12-24T15:04:05.790+0000][gc,heap     ] GC(100) Survivor regions: 7->9(77)
[2025-12-24T15:04:05.790+0000][gc,heap     ] GC(100) Old regions: 37->38
[2025-12-24T15:04:05.791+0000][gc,heap     ] GC(100) Humongous regions: 131->131
[2025-12-24T15:04:05.791+0000][gc,metaspace] GC(100) Metaspace: 14845K(15296K)->14845K(15296K) NonClass: 13258K(13440K)->13258K(13440K) Class: 1586K(1856K)->1586K(1856K)
[2025-12-24T15:04:05.791+0000][gc          ] GC(100) Pause Young (Normal) (G1 Evacuation Pause) 781M->176M(1024M) 18.504ms
[2025-12-24T15:04:05.791+0000][gc,cpu      ] GC(100) User=0.11s Sys=0.00s Real=0.02s
[2025-12-24T15:04:45.333+0000][gc,start    ] GC(101) Pause Young (Normal) (G1 Evacuation Pause)
[2025-12-24T15:04:45.335+0000][gc,task     ] GC(101) Using 8 workers of 8 for evacuation
[2025-12-24T15:04:45.363+0000][gc,phases   ] GC(101)   Pre Evacuate Collection Set: 1.5ms
[2025-12-24T15:04:45.363+0000][gc,phases   ] GC(101)   Merge Heap Roots: 0.5ms
[2025-12-24T15:04:45.364+0000][gc,phases   ] GC(101)   Evacuate Collection Set: 22.3ms
[2025-12-24T15:04:45.364+0000][gc,phases   ] GC(101)   Post Evacuate Collection Set: 3.1ms
[2025-12-24T15:04:45.364+0000][gc,phases   ] GC(101)   Other: 0.7ms
[2025-12-24T15:04:45.365+0000][gc,heap     ] GC(101) Eden regions: 605->0(606)
[2025-12-24T15:04:45.365+0000][gc,heap     ] GC(101) Survivor regions: 9->8(77)
[2025-12-24T15:04:45.365+0000][gc,heap     ] GC(101) Old regions: 38->38
[2025-12-24T15:04:45.365+0000][gc,heap     ] GC(101) Humongous regions: 131->131
[2025-12-24T15:04:45.366+0000][gc,metaspace] GC(101) Metaspace: 14845K(15296K)->14845K(15296K) NonClass: 13258K(13440K)->13258K(13440K) Class: 1586K(1856K)->1586K(1856K)
[2025-12-24T15:04:45.366+0000][gc          ] GC(101) Pause Young (Normal) (G1 Evacuation Pause) 781M->175M(1024M) 35.104ms
[2025-12-24T15:04:45.366+0000][gc,cpu      ] GC(101) User=0.18s Sys=0.00s Real=0.03s
[2025-12-24T15:05:15.618+0000][gc,start    ] GC(102) Pause Young (Normal) (G1 Evacuation Pause)
[2025-12-24T15:05:15.618+0000][gc,task     ] GC(102) Using 8 workers of 8 for evacuation
[2025-12-24T15:05:15.635+0000][gc,phases   ] GC(102)   Pre Evacuate Collection Set: 1.2ms
[2025-12-24T15:05:15.635+0000][gc,phases   ] GC(102)   Merge Heap Roots: 0.4ms
[2025-12-24T15:05:15.635+0000][gc,phases   ] GC(102)   Evacuate Collection Set: 13.3ms
[2025-12-24T15:05:15.635+0000][gc,phases   ] GC(102)   Post Evacuate Collection Set: 1.3ms
[2025-12-24T15:05:15.635+0000][gc,phases   ] GC(102)   Other: 0.3ms
[2025-12-24T15:05:15.635+0000][gc,heap     ] GC(102) Eden regions: 606->0(604)
[2025-12-24T15:05:15.635+0000][gc,heap     ] GC(102) Survivor regions: 8->10(77)
[2025-12-24T15:05:15.635+0000][gc,heap     ] GC(102) Old regions: 38->38
[2025-12-24T15:05:15.635+0000][gc,heap     ] GC(102) Humongous regions: 131->131
[2025-12-24T15:05:15.636+0000][gc,metaspace] GC(102) Metaspace: 14845K(15296K)->14845K(15296K) NonClass: 13258K(13440K)->13258K(13440K) Class: 1586K(1856K)->1586K(1856K)
[2025-12-24T15:05:15.636+0000][gc          ] GC(102) Pause Young (Normal) (G1 Evacuation Pause) 781M->178M(1024M) 18.012ms
[2025-12-24T15:05:15.636+0000][gc,cpu      ] GC(102) User=0.11s Sys=0.01s Real=0.02s
[2025-12-24T15:05:55.156+0000][gc,start    ] GC(103) Pause Young (Normal) (G1 Evacuation Pause)
[2025-12-24T15:05:55.157+0000][gc,task     ] GC(103) Using 8 workers of 8 for evacuation
[2025-12-24T15:05:55.173+0000][gc,phases   ] GC(103)   Pre Evacuate Collection Set: 0.9ms
[2025-12-24T15:05:55.173+0000][gc,phases   ] GC(103)   Merge Heap Roots: 0.3ms
[2025-12-24T15:05:55.173+0000][gc,phases   ] GC(103)   Evacuate Collection Set: 12.9ms
[2025-12-24T15:05:55.173+0000][gc,phases   ] GC(103)   Post Evacuate Collection Set: 1.1ms
[2025-12-24T15:05:55.173+0000][gc,phases   ] GC(103)   Other: 0.3ms
[2025-12-24T15:05:55.173+0000][gc,heap     ] GC(103) Eden regions: 604->0(605)
[2025-12-24T15:05:55.173+0000][gc,heap     ] GC(103) Survivor regions: 10->9(77)
[2025-12-24T15:05:55.173+0000][gc,heap     ] GC(103) Old regions: 38->38
[2025-12-24T15:05:55.173+0000][gc,heap     ] GC(103) Humongous regions: 131->131
[2025-12-24T15:05:55.173+0000][gc,metaspace] GC(103) Metaspace: 14859K(15296K)->14859K(15296K) NonClass: 13272K(13440K)->13272K(13440K) Class: 1586K(1856K)->1586K(1856K)
[2025-12-24T15:05:55.173+0000][gc          ] GC(103) Pause Young (Normal) (G1 Evacuation Pause) 782M->177M(1024M) 17.322ms
[2025-12-24T15:05:55.174+0000][gc,cpu      ] GC(103) User=0.11s Sys=0.01s Real=0.01s
[2025-12-24T15:06:25.434+0000][gc,start    ] GC(104) Pause Young (Normal) (G1 Evacuation Pause)
[2025-12-24T15:06:25.435+0000][gc,task     ] GC(104) Using 8 workers of 8 for evacuation
[2025-12-24T15:06:25.445+0000][gc,phases   ] GC(104)   Pre Evacuate Collection Set: 2.2ms
[2025-12-24T15:06:25.445+0000][gc,phases   ] GC(104)   Merge Heap Roots: 0.3ms
[2025-12-24T15:06:25.445+0000][gc,phases   ] GC(104)   Evacuate Collection Set: 5.4ms
[2025-12-24T15:06:25.445+0000][gc,phases   ] GC(104)   Post Evacuate Collection Set: 1.1ms
[2025-12-24T15:06:25.445+0000][gc,phases   ] GC(104)   Other: 1.1ms
[2025-12-24T15:06:25.445+0000][gc,heap     ] GC(104) Eden regions: 605->0(608)
[2025-12-24T15:06:25.445+0000][gc,heap     ] GC(104) Survivor regions: 9->6(77)
[2025-12-24T15:06:25.445+0000][gc,heap     ] GC(104) Old regions: 38->38
[2025-12-24T15:06:25.445+0000][gc,heap     ] GC(104) Humongous regions: 131->131
[2025-12-24T15:06:25.445+0000][gc,metaspace] GC(104) Metaspace: 14859K(15296K)->14859K(15296K) NonClass: 13272K(13440K)->13272K(13440K) Class: 1586K(1856K)->1586K(1856K)
[2025-12-24T15:06:25.445+0000][gc          ] GC(104) Pause Young (Normal) (G1 Evacuation Pause) 782M->174M(1024M) 11.907ms
[2025-12-24T15:06:25.445+0000][gc,cpu      ] GC(104) User=0.05s Sys=0.00s Real=0.01s
[2025-12-24T15:06:55.601+0000][gc,start    ] GC(105) Pause Young (Normal) (G1 Evacuation Pause)
[2025-12-24T15:06:55.603+0000][gc,task     ] GC(105) Using 8 workers of 8 for evacuation
[2025-12-24T15:06:55.612+0000][gc,phases   ] GC(105)   Pre Evacuate Collection Set: 0.9ms
[2025-12-24T15:06:55.612+0000][gc,phases   ] GC(105)   Merge Heap Roots: 0.3ms
[2025-12-24T15:06:55.612+0000][gc,phases   ] GC(105)   Evacuate Collection Set: 6.7ms
[2025-12-24T15:06:55.612+0000][gc,phases   ] GC(105)   Post Evacuate Collection Set: 1.1ms
[2025-12-24T15:06:55.612+0000][gc,phases   ] GC(105)   Other: 0.3ms
[2025-12-24T15:06:55.612+0000][gc,heap     ] GC(105) Eden regions: 608->0(607)
[2025-12-24T15:06:55.612+0000][gc,heap     ] GC(105) Survivor regions: 6->7(77)
[2025-12-24T15:06:55.612+0000][gc,heap     ] GC(105) Old regions: 38->39
[2025-12-24T15:06:55.612+0000][gc,heap     ] GC(105) Humongous regions: 131->131
[2025-12-24T15:06:55.612+0000][gc,metaspace] GC(105) Metaspace: 14859K(15296K)->14859K(15296K) NonClass: 13272K(13440K)->13272K(13440K) Class: 1586K(1856K)->1586K(1856K)
[2025-12-24T15:06:55.613+0000][gc          ] GC(105) Pause Young (Normal) (G1 Evacuation Pause) 782M->175M(1024M) 11.167ms
[2025-12-24T15:06:55.613+0000][gc,cpu      ] GC(105) User=0.05s Sys=0.00s Real=0.01s
[2025-12-24T15:07:35.374+0000][gc,start    ] GC(106) Pause Young (Normal) (G1 Evacuation Pause)
[2025-12-24T15:07:35.375+0000][gc,task     ] GC(106) Using 8 workers of 8 for evacuation
[2025-12-24T15:07:35.393+0000][gc,phases   ] GC(106)   Pre Evacuate Collection Set: 2.2ms
[2025-12-24T15:07:35.393+0000][gc,phases   ] GC(106)   Merge Heap Roots: 0.8ms
[2025-12-24T15:07:35.393+0000][gc,phases   ] GC(106)   Evacuate Collection Set: 12.9ms
[2025-12-24T15:07:35.393+0000][gc,phases   ] GC(106)   Post Evacuate Collection Set: 1.8ms
[2025-12-24T15:07:35.393+0000][gc,phases   ] GC(106)   Other: 0.7ms
[2025-12-24T15:07:35.394+0000][gc,heap     ] GC(106) Eden regions: 607->0(607)
[2025-12-24T15:07:35.394+0000][gc,heap     ] GC(106) Survivor regions: 7->7(77)
[2025-12-24T15:07:35.394+0000][gc,heap     ] GC(106) Old regions: 39->39
[2025-12-24T15:07:35.394+0000][gc,heap     ] GC(106) Humongous regions: 131->131
[2025-12-24T15:07:35.394+0000][gc,metaspace] GC(106) Metaspace: 14859K(15296K)->14859K(15296K) NonClass: 13272K(13440K)->13272K(13440K) Class: 1586K(1856K)->1586K(1856K)
[2025-12-24T15:07:35.394+0000][gc          ] GC(106) Pause Young (Normal) (G1 Evacuation Pause) 782M->175M(1024M) 20.051ms
[2025-12-24T15:07:35.394+0000][gc,cpu      ] GC(106) User=0.11s Sys=0.00s Real=0.02s
[2025-12-24T15:08:05.711+0000][gc,start    ] GC(107) Pause Young (Normal) (G1 Evacuation Pause)
[2025-12-24T15:08:05.712+0000][gc,task     ] GC(107) Using 8 workers of 8 for evacuation
[2025-12-24T15:08:05.725+0000][gc,phases   ] GC(107)   Pre Evacuate Collection Set: 1.0ms
[2025-12-24T15:08:05.725+0000][gc,phases   ] GC(107)   Merge Heap Roots: 0.3ms
[2025-12-24T15:08:05.725+0000][gc,phases   ] GC(107)   Evacuate Collection Set: 9.9ms
[2025-12-24T15:08:05.726+0000][gc,phases   ] GC(107)   Post Evacuate Collection Set: 1.0ms
[2025-12-24T15:08:05.726+0000][gc,phases   ] GC(107)   Other: 0.6ms
[2025-12-24T15:08:05.726+0000][gc,heap     ] GC(107) Eden regions: 607->0(605)
[2025-12-24T15:08:05.726+0000][gc,heap     ] GC(107) Survivor regions: 7->9(77)
[2025-12-24T15:08:05.726+0000][gc,heap     ] GC(107) Old regions: 39->39
[2025-12-24T15:08:05.726+0000][gc,heap     ] GC(107) Humongous regions: 131->131
[2025-12-24T15:08:05.726+0000][gc,metaspace] GC(107) Metaspace: 14859K(15296K)->14859K(15296K) NonClass: 13272K(13440K)->13272K(13440K) Class: 1586K(1856K)->1586K(1856K)
[2025-12-24T15:08:05.726+0000][gc          ] GC(107) Pause Young (Normal) (G1 Evacuation Pause) 782M->177M(1024M) 14.572ms
[2025-12-24T15:08:05.726+0000][gc,cpu      ] GC(107) User=0.09s Sys=0.00s Real=0.01s
[2025-12-24T15:08:45.241+0000][gc,start    ] GC(108) Pause Young (Normal) (G1 Evacuation Pause)
[2025-12-24T15:08:45.241+0000][gc,task     ] GC(108) Using 8 workers of 8 for evacuation
[2025-12-24T15:08:45.259+0000][gc,phases   ] GC(108)   Pre Evacuate Collection Set: 0.8ms
[2025-12-24T15:08:45.259+0000][gc,phases   ] GC(108)   Merge Heap Roots: 0.2ms
[2025-12-24T15:08:45.259+0000][gc,phases   ] GC(108)   Evacuate Collection Set: 15.4ms
[2025-12-24T15:08:45.259+0000][gc,phases   ] GC(108)   Post Evacuate Collection Set: 1.2ms
[2025-12-24T15:08:45.259+0000][gc,phases   ] GC(108)   Other: 0.2ms
[2025-12-24T15:08:45.259+0000][gc,heap     ] GC(108) Eden regions: 605->0(604)
[2025-12-24T15:08:45.259+0000][gc,heap     ] GC(108) Survivor regions: 9->10(77)
[2025-12-24T15:08:45.259+0000][gc,heap     ] GC(108) Old regions: 39->39
[2025-12-24T15:08:45.259+0000][gc,heap     ] GC(108) Humongous regions: 149->149
[2025-12-24T15:08:45.259+0000][gc,metaspace] GC(108) Metaspace: 14966K(15360K)->14966K(15360K) NonClass: 13364K(13504K)->13364K(13504K) Class: 1602K(1856K)->1602K(1856K)
[2025-12-24T15:08:45.259+0000][gc          ] GC(108) Pause Young (Normal) (G1 Evacuation Pause) 800M->197M(1024M) 18.753ms
[2025-12-24T15:08:45.259+0000][gc,cpu      ] GC(108) User=0.13s Sys=0.01s Real=0.02s
[2025-12-24T15:09:15.469+0000][gc,start    ] GC(109) Pause Young (Normal) (G1 Evacuation Pause)
[2025-12-24T15:09:15.469+0000][gc,task     ] GC(109) Using 8 workers of 8 for evacuation
[2025-12-24T15:09:15.488+0000][gc,phases   ] GC(109)   Pre Evacuate Collection Set: 1.3ms
[2025-12-24T15:09:15.489+0000][gc,phases   ] GC(109)   Merge Heap Roots: 0.6ms
[2025-12-24T15:09:15.489+0000][gc,phases   ] GC(109)   Evacuate Collection Set: 16.1ms
[2025-12-24T15:09:15.489+0000][gc,phases   ] GC(109)   Post Evacuate Collection Set: 1.0ms
[2025-12-24T15:09:15.489+0000][gc,phases   ] GC(109)   Other: 0.2ms
[2025-12-24T15:09:15.489+0000][gc,heap     ] GC(109) Eden regions: 604->0(602)
[2025-12-24T15:09:15.489+0000][gc,heap     ] GC(109) Survivor regions: 10->12(77)
[2025-12-24T15:09:15.489+0000][gc,heap     ] GC(109) Old regions: 39->40
[2025-12-24T15:09:15.489+0000][gc,heap     ] GC(109) Humongous regions: 149->149
[2025-12-24T15:09:15.489+0000][gc,metaspace] GC(109) Metaspace: 14969K(15360K)->14969K(15360K) NonClass: 13366K(13504K)->13366K(13504K) Class: 1602K(1856K)->1602K(1856K)
[2025-12-24T15:09:15.489+0000][gc          ] GC(109) Pause Young (Normal) (G1 Evacuation Pause) 801M->199M(1024M) 20.410ms
[2025-12-24T15:09:15.489+0000][gc,cpu      ] GC(109) User=0.13s Sys=0.00s Real=0.02s
[2025-12-24T15:09:55.119+0000][gc,start    ] GC(110) Pause Young (Normal) (G1 Evacuation Pause)
[2025-12-24T15:09:55.119+0000][gc,task     ] GC(110) Using 8 workers of 8 for evacuation
[2025-12-24T15:09:55.149+0000][gc,phases   ] GC(110)   Pre Evacuate Collection Set: 1.3ms
[2025-12-24T15:09:55.149+0000][gc,phases   ] GC(110)   Merge Heap Roots: 0.9ms
[2025-12-24T15:09:55.149+0000][gc,phases   ] GC(110)   Evacuate Collection Set: 18.5ms
[2025-12-24T15:09:55.149+0000][gc,phases   ] GC(110)   Post Evacuate Collection Set: 8.2ms
[2025-12-24T15:09:55.149+0000][gc,phases   ] GC(110)   Other: 0.7ms
[2025-12-24T15:09:55.150+0000][gc,heap     ] GC(110) Eden regions: 602->0(604)
[2025-12-24T15:09:55.150+0000][gc,heap     ] GC(110) Survivor regions: 12->10(77)
[2025-12-24T15:09:55.150+0000][gc,heap     ] GC(110) Old regions: 40->40
[2025-12-24T15:09:55.150+0000][gc,heap     ] GC(110) Humongous regions: 149->149
[2025-12-24T15:09:55.150+0000][gc,metaspace] GC(110) Metaspace: 14982K(15360K)->14982K(15360K) NonClass: 13374K(13504K)->13374K(13504K) Class: 1608K(1856K)->1608K(1856K)
[2025-12-24T15:09:55.150+0000][gc          ] GC(110) Pause Young (Normal) (G1 Evacuation Pause) 801M->198M(1024M) 31.528ms
[2025-12-24T15:09:55.150+0000][gc,cpu      ] GC(110) User=0.15s Sys=0.00s Real=0.03s
[2025-12-24T15:10:25.433+0000][gc,start    ] GC(111) Pause Young (Normal) (G1 Evacuation Pause)
[2025-12-24T15:10:25.434+0000][gc,task     ] GC(111) Using 8 workers of 8 for evacuation
[2025-12-24T15:10:25.455+0000][gc,phases   ] GC(111)   Pre Evacuate Collection Set: 1.4ms
[2025-12-24T15:10:25.456+0000][gc,phases   ] GC(111)   Merge Heap Roots: 1.6ms
[2025-12-24T15:10:25.456+0000][gc,phases   ] GC(111)   Evacuate Collection Set: 15.2ms
[2025-12-24T15:10:25.456+0000][gc,phases   ] GC(111)   Post Evacuate Collection Set: 2.9ms
[2025-12-24T15:10:25.456+0000][gc,phases   ] GC(111)   Other: 0.5ms
[2025-12-24T15:10:25.456+0000][gc,heap     ] GC(111) Eden regions: 604->0(607)
[2025-12-24T15:10:25.456+0000][gc,heap     ] GC(111) Survivor regions: 10->7(77)
[2025-12-24T15:10:25.456+0000][gc,heap     ] GC(111) Old regions: 40->40
[2025-12-24T15:10:25.456+0000][gc,heap     ] GC(111) Humongous regions: 149->149
[2025-12-24T15:10:25.456+0000][gc,metaspace] GC(111) Metaspace: 14984K(15360K)->14984K(15360K) NonClass: 13375K(13504K)->13375K(13504K) Class: 1608K(1856K)->1608K(1856K)
[2025-12-24T15:10:25.457+0000][gc          ] GC(111) Pause Young (Normal) (G1 Evacuation Pause) 802M->195M(1024M) 23.831ms
[2025-12-24T15:10:25.457+0000][gc,cpu      ] GC(111) User=0.14s Sys=0.00s Real=0.02s
[2025-12-24T15:10:55.619+0000][gc,start    ] GC(112) Pause Young (Normal) (G1 Evacuation Pause)
[2025-12-24T15:10:55.620+0000][gc,task     ] GC(112) Using 8 workers of 8 for evacuation
[2025-12-24T15:10:55.630+0000][gc,phases   ] GC(112)   Pre Evacuate Collection Set: 1.1ms
[2025-12-24T15:10:55.630+0000][gc,phases   ] GC(112)   Merge Heap Roots: 0.3ms
[2025-12-24T15:10:55.630+0000][gc,phases   ] GC(112)   Evacuate Collection Set: 7.3ms
[2025-12-24T15:10:55.630+0000][gc,phases   ] GC(112)   Post Evacuate Collection Set: 1.1ms
[2025-12-24T15:10:55.630+0000][gc,phases   ] GC(112)   Other: 0.3ms
[2025-12-24T15:10:55.630+0000][gc,heap     ] GC(112) Eden regions: 607->0(605)
[2025-12-24T15:10:55.630+0000][gc,heap     ] GC(112) Survivor regions: 7->9(77)
[2025-12-24T15:10:55.630+0000][gc,heap     ] GC(112) Old regions: 40->40
[2025-12-24T15:10:55.630+0000][gc,heap     ] GC(112) Humongous regions: 149->149
[2025-12-24T15:10:55.631+0000][gc,metaspace] GC(112) Metaspace: 14984K(15360K)->14984K(15360K) NonClass: 13375K(13504K)->13375K(13504K) Class: 1608K(1856K)->1608K(1856K)
[2025-12-24T15:10:55.631+0000][gc          ] GC(112) Pause Young (Normal) (G1 Evacuation Pause) 802M->197M(1024M) 11.917ms
[2025-12-24T15:10:55.631+0000][gc,cpu      ] GC(112) User=0.06s Sys=0.00s Real=0.02s
[2025-12-24T15:11:35.267+0000][gc,start    ] GC(113) Pause Young (Normal) (G1 Evacuation Pause)
[2025-12-24T15:11:35.269+0000][gc,task     ] GC(113) Using 8 workers of 8 for evacuation
[2025-12-24T15:11:35.289+0000][gc,phases   ] GC(113)   Pre Evacuate Collection Set: 1.0ms
[2025-12-24T15:11:35.289+0000][gc,phases   ] GC(113)   Merge Heap Roots: 0.3ms
[2025-12-24T15:11:35.289+0000][gc,phases   ] GC(113)   Evacuate Collection Set: 17.6ms
[2025-12-24T15:11:35.289+0000][gc,phases   ] GC(113)   Post Evacuate Collection Set: 1.3ms
[2025-12-24T15:11:35.290+0000][gc,phases   ] GC(113)   Other: 0.4ms
[2025-12-24T15:11:35.290+0000][gc,heap     ] GC(113) Eden regions: 605->0(607)
[2025-12-24T15:11:35.290+0000][gc,heap     ] GC(113) Survivor regions: 9->7(77)
[2025-12-24T15:11:35.290+0000][gc,heap     ] GC(113) Old regions: 40->41
[2025-12-24T15:11:35.290+0000][gc,heap     ] GC(113) Humongous regions: 149->149
[2025-12-24T15:11:35.290+0000][gc,metaspace] GC(113) Metaspace: 14989K(15360K)->14989K(15360K) NonClass: 13380K(13504K)->13380K(13504K) Class: 1608K(1856K)->1608K(1856K)
[2025-12-24T15:11:35.290+0000][gc          ] GC(113) Pause Young (Normal) (G1 Evacuation Pause) 802M->196M(1024M) 22.547ms
[2025-12-24T15:11:35.290+0000][gc,cpu      ] GC(113) User=0.14s Sys=0.00s Real=0.02s
[2025-12-24T15:12:05.506+0000][gc,start    ] GC(114) Pause Young (Normal) (G1 Evacuation Pause)
[2025-12-24T15:12:05.506+0000][gc,task     ] GC(114) Using 8 workers of 8 for evacuation
[2025-12-24T15:12:05.525+0000][gc,phases   ] GC(114)   Pre Evacuate Collection Set: 0.9ms
[2025-12-24T15:12:05.525+0000][gc,phases   ] GC(114)   Merge Heap Roots: 0.2ms
[2025-12-24T15:12:05.525+0000][gc,phases   ] GC(114)   Evacuate Collection Set: 16.2ms
[2025-12-24T15:12:05.525+0000][gc,phases   ] GC(114)   Post Evacuate Collection Set: 1.1ms
[2025-12-24T15:12:05.525+0000][gc,phases   ] GC(114)   Other: 0.2ms
[2025-12-24T15:12:05.525+0000][gc,heap     ] GC(114) Eden regions: 607->0(605)
[2025-12-24T15:12:05.525+0000][gc,heap     ] GC(114) Survivor regions: 7->9(77)
[2025-12-24T15:12:05.525+0000][gc,heap     ] GC(114) Old regions: 41->41
[2025-12-24T15:12:05.525+0000][gc,heap     ] GC(114) Humongous regions: 149->149
[2025-12-24T15:12:05.525+0000][gc,metaspace] GC(114) Metaspace: 14991K(15360K)->14991K(15360K) NonClass: 13383K(13504K)->13383K(13504K) Class: 1608K(1856K)->1608K(1856K)
[2025-12-24T15:12:05.525+0000][gc          ] GC(114) Pause Young (Normal) (G1 Evacuation Pause) 803M->197M(1024M) 19.633ms
[2025-12-24T15:12:05.525+0000][gc,cpu      ] GC(114) User=0.13s Sys=0.01s Real=0.02s
[2025-12-24T15:12:45.179+0000][gc,start    ] GC(115) Pause Young (Normal) (G1 Evacuation Pause)
[2025-12-24T15:12:45.180+0000][gc,task     ] GC(115) Using 8 workers of 8 for evacuation
[2025-12-24T15:12:45.202+0000][gc,phases   ] GC(115)   Pre Evacuate Collection Set: 1.0ms
[2025-12-24T15:12:45.202+0000][gc,phases   ] GC(115)   Merge Heap Roots: 0.3ms
[2025-12-24T15:12:45.202+0000][gc,phases   ] GC(115)   Evacuate Collection Set: 18.7ms
[2025-12-24T15:12:45.202+0000][gc,phases   ] GC(115)   Post Evacuate Collection Set: 1.2ms
[2025-12-24T15:12:45.202+0000][gc,phases   ] GC(115)   Other: 0.3ms
[2025-12-24T15:12:45.202+0000][gc,heap     ] GC(115) Eden regions: 605->0(606)
[2025-12-24T15:12:45.202+0000][gc,heap     ] GC(115) Survivor regions: 9->8(77)
[2025-12-24T15:12:45.202+0000][gc,heap     ] GC(115) Old regions: 41->41
[2025-12-24T15:12:45.202+0000][gc,heap     ] GC(115) Humongous regions: 149->149
[2025-12-24T15:12:45.202+0000][gc,metaspace] GC(115) Metaspace: 15131K(15488K)->15131K(15488K) NonClass: 13523K(13632K)->13523K(13632K) Class: 1608K(1856K)->1608K(1856K)
[2025-12-24T15:12:45.202+0000][gc          ] GC(115) Pause Young (Normal) (G1 Evacuation Pause) 802M->197M(1024M) 23.537ms
[2025-12-24T15:12:45.203+0000][gc,cpu      ] GC(115) User=0.15s Sys=0.00s Real=0.02s
[2025-12-24T15:13:15.448+0000][gc,start    ] GC(116) Pause Young (Normal) (G1 Evacuation Pause)
[2025-12-24T15:13:15.448+0000][gc,task     ] GC(116) Using 8 workers of 8 for evacuation
[2025-12-24T15:13:15.469+0000][gc,phases   ] GC(116)   Pre Evacuate Collection Set: 0.9ms
[2025-12-24T15:13:15.469+0000][gc,phases   ] GC(116)   Merge Heap Roots: 0.2ms
[2025-12-24T15:13:15.469+0000][gc,phases   ] GC(116)   Evacuate Collection Set: 16.0ms
[2025-12-24T15:13:15.469+0000][gc,phases   ] GC(116)   Post Evacuate Collection Set: 3.0ms
[2025-12-24T15:13:15.469+0000][gc,phases   ] GC(116)   Other: 0.3ms
[2025-12-24T15:13:15.469+0000][gc,heap     ] GC(116) Eden regions: 606->0(604)
[2025-12-24T15:13:15.469+0000][gc,heap     ] GC(116) Survivor regions: 8->10(77)
[2025-12-24T15:13:15.469+0000][gc,heap     ] GC(116) Old regions: 41->41
[2025-12-24T15:13:15.469+0000][gc,heap     ] GC(116) Humongous regions: 149->149
[2025-12-24T15:13:15.469+0000][gc,metaspace] GC(116) Metaspace: 15132K(15488K)->15132K(15488K) NonClass: 13524K(13632K)->13524K(13632K) Class: 1608K(1856K)->1608K(1856K)
[2025-12-24T15:13:15.470+0000][gc          ] GC(116) Pause Young (Normal) (G1 Evacuation Pause) 803M->199M(1024M) 21.543ms
[2025-12-24T15:13:15.470+0000][gc,cpu      ] GC(116) User=0.12s Sys=0.00s Real=0.02s
[2025-12-24T15:13:48.717+0000][gc,start    ] GC(117) Pause Young (Normal) (G1 Evacuation Pause)
[2025-12-24T15:13:48.718+0000][gc,task     ] GC(117) Using 8 workers of 8 for evacuation
[2025-12-24T15:13:48.734+0000][gc,phases   ] GC(117)   Pre Evacuate Collection Set: 3.5ms
[2025-12-24T15:13:48.734+0000][gc,phases   ] GC(117)   Merge Heap Roots: 0.8ms
[2025-12-24T15:13:48.734+0000][gc,phases   ] GC(117)   Evacuate Collection Set: 10.5ms
[2025-12-24T15:13:48.734+0000][gc,phases   ] GC(117)   Post Evacuate Collection Set: 1.3ms
[2025-12-24T15:13:48.735+0000][gc,phases   ] GC(117)   Other: 0.7ms
[2025-12-24T15:13:48.735+0000][gc,heap     ] GC(117) Eden regions: 604->0(606)
[2025-12-24T15:13:48.735+0000][gc,heap     ] GC(117) Survivor regions: 10->8(77)
[2025-12-24T15:13:48.735+0000][gc,heap     ] GC(117) Old regions: 41->42
[2025-12-24T15:13:48.735+0000][gc,heap     ] GC(117) Humongous regions: 149->149
[2025-12-24T15:13:48.735+0000][gc,metaspace] GC(117) Metaspace: 15132K(15488K)->15132K(15488K) NonClass: 13524K(13632K)->13524K(13632K) Class: 1608K(1856K)->1608K(1856K)
[2025-12-24T15:13:48.735+0000][gc          ] GC(117) Pause Young (Normal) (G1 Evacuation Pause) 803M->197M(1024M) 18.343ms
[2025-12-24T15:13:48.735+0000][gc,cpu      ] GC(117) User=0.08s Sys=0.00s Real=0.02s
[2025-12-24T15:14:25.319+0000][gc,start    ] GC(118) Pause Young (Normal) (G1 Evacuation Pause)
[2025-12-24T15:14:25.320+0000][gc,task     ] GC(118) Using 8 workers of 8 for evacuation
[2025-12-24T15:14:25.338+0000][gc,phases   ] GC(118)   Pre Evacuate Collection Set: 0.9ms
[2025-12-24T15:14:25.338+0000][gc,phases   ] GC(118)   Merge Heap Roots: 0.3ms
[2025-12-24T15:14:25.338+0000][gc,phases   ] GC(118)   Evacuate Collection Set: 14.5ms
[2025-12-24T15:14:25.338+0000][gc,phases   ] GC(118)   Post Evacuate Collection Set: 1.5ms
[2025-12-24T15:14:25.339+0000][gc,phases   ] GC(118)   Other: 0.6ms
[2025-12-24T15:14:25.339+0000][gc,heap     ] GC(118) Eden regions: 606->0(604)
[2025-12-24T15:14:25.339+0000][gc,heap     ] GC(118) Survivor regions: 8->10(77)
[2025-12-24T15:14:25.339+0000][gc,heap     ] GC(118) Old regions: 42->42
[2025-12-24T15:14:25.339+0000][gc,heap     ] GC(118) Humongous regions: 149->149
[2025-12-24T15:14:25.339+0000][gc,metaspace] GC(118) Metaspace: 15132K(15488K)->15132K(15488K) NonClass: 13524K(13632K)->13524K(13632K) Class: 1608K(1856K)->1608K(1856K)
[2025-12-24T15:14:25.340+0000][gc          ] GC(118) Pause Young (Normal) (G1 Evacuation Pause) 803M->200M(1024M) 20.910ms
[2025-12-24T15:14:25.340+0000][gc,cpu      ] GC(118) User=0.11s Sys=0.00s Real=0.03s
[2025-12-24T15:14:55.569+0000][gc,start    ] GC(119) Pause Young (Normal) (G1 Evacuation Pause)
[2025-12-24T15:14:55.570+0000][gc,task     ] GC(119) Using 8 workers of 8 for evacuation
[2025-12-24T15:14:55.584+0000][gc,phases   ] GC(119)   Pre Evacuate Collection Set: 1.0ms
[2025-12-24T15:14:55.585+0000][gc,phases   ] GC(119)   Merge Heap Roots: 0.3ms
[2025-12-24T15:14:55.585+0000][gc,phases   ] GC(119)   Evacuate Collection Set: 10.8ms
[2025-12-24T15:14:55.585+0000][gc,phases   ] GC(119)   Post Evacuate Collection Set: 2.1ms
[2025-12-24T15:14:55.586+0000][gc,phases   ] GC(119)   Other: 0.5ms
[2025-12-24T15:14:55.586+0000][gc,heap     ] GC(119) Eden regions: 604->0(607)
[2025-12-24T15:14:55.586+0000][gc,heap     ] GC(119) Survivor regions: 10->7(77)
[2025-12-24T15:14:55.586+0000][gc,heap     ] GC(119) Old regions: 42->42
[2025-12-24T15:14:55.586+0000][gc,heap     ] GC(119) Humongous regions: 149->149
[2025-12-24T15:14:55.586+0000][gc,metaspace] GC(119) Metaspace: 15132K(15488K)->15132K(15488K) NonClass: 13524K(13632K)->13524K(13632K) Class: 1608K(1856K)->1608K(1856K)
[2025-12-24T15:14:55.586+0000][gc          ] GC(119) Pause Young (Normal) (G1 Evacuation Pause) 804M->196M(1024M) 17.332ms
[2025-12-24T15:14:55.586+0000][gc,cpu      ] GC(119) User=0.09s Sys=0.00s Real=0.02s
[2025-12-24T15:15:35.220+0000][gc,start    ] GC(120) Pause Young (Normal) (G1 Evacuation Pause)
[2025-12-24T15:15:35.220+0000][gc,task     ] GC(120) Using 8 workers of 8 for evacuation
[2025-12-24T15:15:35.239+0000][gc,phases   ] GC(120)   Pre Evacuate Collection Set: 0.9ms
[2025-12-24T15:15:35.240+0000][gc,phases   ] GC(120)   Merge Heap Roots: 0.3ms
[2025-12-24T15:15:35.240+0000][gc,phases   ] GC(120)   Evacuate Collection Set: 16.3ms
[2025-12-24T15:15:35.240+0000][gc,phases   ] GC(120)   Post Evacuate Collection Set: 1.2ms
[2025-12-24T15:15:35.240+0000][gc,phases   ] GC(120)   Other: 0.3ms
[2025-12-24T15:15:35.240+0000][gc,heap     ] GC(120) Eden regions: 607->0(608)
[2025-12-24T15:15:35.240+0000][gc,heap     ] GC(120) Survivor regions: 7->6(77)
[2025-12-24T15:15:35.240+0000][gc,heap     ] GC(120) Old regions: 42->42
[2025-12-24T15:15:35.240+0000][gc,heap     ] GC(120) Humongous regions: 149->149
[2025-12-24T15:15:35.240+0000][gc,metaspace] GC(120) Metaspace: 15132K(15488K)->15132K(15488K) NonClass: 13524K(13632K)->13524K(13632K) Class: 1608K(1856K)->1608K(1856K)
[2025-12-24T15:15:35.240+0000][gc          ] GC(120) Pause Young (Normal) (G1 Evacuation Pause) 803M->196M(1024M) 20.468ms
[2025-12-24T15:15:35.240+0000][gc,cpu      ] GC(120) User=0.14s Sys=0.01s Real=0.02s
[2025-12-24T15:16:05.475+0000][gc,start    ] GC(121) Pause Young (Normal) (G1 Evacuation Pause)
[2025-12-24T15:16:05.476+0000][gc,task     ] GC(121) Using 8 workers of 8 for evacuation
[2025-12-24T15:16:05.497+0000][gc,phases   ] GC(121)   Pre Evacuate Collection Set: 1.0ms
[2025-12-24T15:16:05.497+0000][gc,phases   ] GC(121)   Merge Heap Roots: 0.3ms
[2025-12-24T15:16:05.497+0000][gc,phases   ] GC(121)   Evacuate Collection Set: 18.3ms
[2025-12-24T15:16:05.497+0000][gc,phases   ] GC(121)   Post Evacuate Collection Set: 1.0ms
[2025-12-24T15:16:05.497+0000][gc,phases   ] GC(121)   Other: 0.3ms
[2025-12-24T15:16:05.497+0000][gc,heap     ] GC(121) Eden regions: 608->0(607)
[2025-12-24T15:16:05.497+0000][gc,heap     ] GC(121) Survivor regions: 6->7(77)
[2025-12-24T15:16:05.497+0000][gc,heap     ] GC(121) Old regions: 42->42
[2025-12-24T15:16:05.497+0000][gc,heap     ] GC(121) Humongous regions: 149->149
[2025-12-24T15:16:05.497+0000][gc,metaspace] GC(121) Metaspace: 15132K(15488K)->15132K(15488K) NonClass: 13524K(13632K)->13524K(13632K) Class: 1608K(1856K)->1608K(1856K)
[2025-12-24T15:16:05.497+0000][gc          ] GC(121) Pause Young (Normal) (G1 Evacuation Pause) 804M->197M(1024M) 22.104ms
[2025-12-24T15:16:05.497+0000][gc,cpu      ] GC(121) User=0.15s Sys=0.00s Real=0.03s
[2025-12-24T15:16:45.146+0000][gc,start    ] GC(122) Pause Young (Normal) (G1 Evacuation Pause)
[2025-12-24T15:16:45.147+0000][gc,task     ] GC(122) Using 8 workers of 8 for evacuation
[2025-12-24T15:16:45.167+0000][gc,phases   ] GC(122)   Pre Evacuate Collection Set: 1.0ms
[2025-12-24T15:16:45.167+0000][gc,phases   ] GC(122)   Merge Heap Roots: 0.3ms
[2025-12-24T15:16:45.167+0000][gc,phases   ] GC(122)   Evacuate Collection Set: 17.3ms
[2025-12-24T15:16:45.167+0000][gc,phases   ] GC(122)   Post Evacuate Collection Set: 1.3ms
[2025-12-24T15:16:45.167+0000][gc,phases   ] GC(122)   Other: 0.3ms
[2025-12-24T15:16:45.167+0000][gc,heap     ] GC(122) Eden regions: 607->0(608)
[2025-12-24T15:16:45.167+0000][gc,heap     ] GC(122) Survivor regions: 7->6(77)
[2025-12-24T15:16:45.167+0000][gc,heap     ] GC(122) Old regions: 42->43
[2025-12-24T15:16:45.167+0000][gc,heap     ] GC(122) Humongous regions: 149->149
[2025-12-24T15:16:45.167+0000][gc,metaspace] GC(122) Metaspace: 15132K(15488K)->15132K(15488K) NonClass: 13524K(13632K)->13524K(13632K) Class: 1608K(1856K)->1608K(1856K)
[2025-12-24T15:16:45.167+0000][gc          ] GC(122) Pause Young (Normal) (G1 Evacuation Pause) 804M->196M(1024M) 21.373ms
[2025-12-24T15:16:45.168+0000][gc,cpu      ] GC(122) User=0.15s Sys=0.00s Real=0.02s
[2025-12-24T15:17:15.374+0000][gc,start    ] GC(123) Pause Young (Normal) (G1 Evacuation Pause)
[2025-12-24T15:17:15.375+0000][gc,task     ] GC(123) Using 8 workers of 8 for evacuation
[2025-12-24T15:17:15.390+0000][gc,phases   ] GC(123)   Pre Evacuate Collection Set: 0.8ms
[2025-12-24T15:17:15.390+0000][gc,phases   ] GC(123)   Merge Heap Roots: 0.2ms
[2025-12-24T15:17:15.390+0000][gc,phases   ] GC(123)   Evacuate Collection Set: 12.7ms
[2025-12-24T15:17:15.390+0000][gc,phases   ] GC(123)   Post Evacuate Collection Set: 1.2ms
[2025-12-24T15:17:15.390+0000][gc,phases   ] GC(123)   Other: 0.3ms
[2025-12-24T15:17:15.391+0000][gc,heap     ] GC(123) Eden regions: 608->0(607)
[2025-12-24T15:17:15.391+0000][gc,heap     ] GC(123) Survivor regions: 6->7(77)
[2025-12-24T15:17:15.391+0000][gc,heap     ] GC(123) Old regions: 43->44
[2025-12-24T15:17:15.391+0000][gc,heap     ] GC(123) Humongous regions: 149->149
[2025-12-24T15:17:15.391+0000][gc,metaspace] GC(123) Metaspace: 15132K(15488K)->15132K(15488K) NonClass: 13524K(13632K)->13524K(13632K) Class: 1608K(1856K)->1608K(1856K)
[2025-12-24T15:17:15.391+0000][gc          ] GC(123) Pause Young (Normal) (G1 Evacuation Pause) 804M->198M(1024M) 16.690ms
[2025-12-24T15:17:15.391+0000][gc,cpu      ] GC(123) User=0.09s Sys=0.00s Real=0.01s
[2025-12-24T15:17:45.641+0000][gc,start    ] GC(124) Pause Young (Normal) (G1 Evacuation Pause)
[2025-12-24T15:17:45.641+0000][gc,task     ] GC(124) Using 8 workers of 8 for evacuation
[2025-12-24T15:17:45.656+0000][gc,phases   ] GC(124)   Pre Evacuate Collection Set: 0.9ms
[2025-12-24T15:17:45.656+0000][gc,phases   ] GC(124)   Merge Heap Roots: 0.2ms
[2025-12-24T15:17:45.656+0000][gc,phases   ] GC(124)   Evacuate Collection Set: 9.2ms
[2025-12-24T15:17:45.656+0000][gc,phases   ] GC(124)   Post Evacuate Collection Set: 3.9ms
[2025-12-24T15:17:45.656+0000][gc,phases   ] GC(124)   Other: 0.3ms
[2025-12-24T15:17:45.656+0000][gc,heap     ] GC(124) Eden regions: 607->0(609)
[2025-12-24T15:17:45.656+0000][gc,heap     ] GC(124) Survivor regions: 7->5(77)
[2025-12-24T15:17:45.656+0000][gc,heap     ] GC(124) Old regions: 44->44
[2025-12-24T15:17:45.656+0000][gc,heap     ] GC(124) Humongous regions: 149->149
[2025-12-24T15:17:45.656+0000][gc,metaspace] GC(124) Metaspace: 15132K(15488K)->15132K(15488K) NonClass: 13524K(13632K)->13524K(13632K) Class: 1608K(1856K)->1608K(1856K)
[2025-12-24T15:17:45.656+0000][gc          ] GC(124) Pause Young (Normal) (G1 Evacuation Pause) 805M->197M(1024M) 15.580ms
[2025-12-24T15:17:45.656+0000][gc,cpu      ] GC(124) User=0.05s Sys=0.01s Real=0.02s
[2025-12-24T15:18:25.305+0000][gc,start    ] GC(125) Pause Young (Normal) (G1 Evacuation Pause)
[2025-12-24T15:18:25.305+0000][gc,task     ] GC(125) Using 8 workers of 8 for evacuation
[2025-12-24T15:18:25.322+0000][gc,phases   ] GC(125)   Pre Evacuate Collection Set: 1.9ms
[2025-12-24T15:18:25.322+0000][gc,phases   ] GC(125)   Merge Heap Roots: 1.1ms
[2025-12-24T15:18:25.322+0000][gc,phases   ] GC(125)   Evacuate Collection Set: 11.8ms
[2025-12-24T15:18:25.322+0000][gc,phases   ] GC(125)   Post Evacuate Collection Set: 1.2ms
[2025-12-24T15:18:25.322+0000][gc,phases   ] GC(125)   Other: 0.4ms
[2025-12-24T15:18:25.322+0000][gc,heap     ] GC(125) Eden regions: 609->0(607)
[2025-12-24T15:18:25.322+0000][gc,heap     ] GC(125) Survivor regions: 5->7(77)
[2025-12-24T15:18:25.322+0000][gc,heap     ] GC(125) Old regions: 44->44
[2025-12-24T15:18:25.322+0000][gc,heap     ] GC(125) Humongous regions: 149->149
[2025-12-24T15:18:25.322+0000][gc,metaspace] GC(125) Metaspace: 15132K(15488K)->15132K(15488K) NonClass: 13524K(13632K)->13524K(13632K) Class: 1608K(1856K)->1608K(1856K)
[2025-12-24T15:18:25.323+0000][gc          ] GC(125) Pause Young (Normal) (G1 Evacuation Pause) 806M->199M(1024M) 17.584ms
[2025-12-24T15:18:25.323+0000][gc,cpu      ] GC(125) User=0.12s Sys=0.00s Real=0.02s
[2025-12-24T15:18:55.694+0000][gc,start    ] GC(126) Pause Young (Normal) (G1 Evacuation Pause)
[2025-12-24T15:18:55.695+0000][gc,task     ] GC(126) Using 8 workers of 8 for evacuation
[2025-12-24T15:18:55.707+0000][gc,phases   ] GC(126)   Pre Evacuate Collection Set: 1.0ms
[2025-12-24T15:18:55.707+0000][gc,phases   ] GC(126)   Merge Heap Roots: 0.2ms
[2025-12-24T15:18:55.707+0000][gc,phases   ] GC(126)   Evacuate Collection Set: 9.6ms
[2025-12-24T15:18:55.707+0000][gc,phases   ] GC(126)   Post Evacuate Collection Set: 1.1ms
[2025-12-24T15:18:55.707+0000][gc,phases   ] GC(126)   Other: 0.3ms
[2025-12-24T15:18:55.707+0000][gc,heap     ] GC(126) Eden regions: 607->0(609)
[2025-12-24T15:18:55.707+0000][gc,heap     ] GC(126) Survivor regions: 7->5(77)
[2025-12-24T15:18:55.708+0000][gc,heap     ] GC(126) Old regions: 44->44
[2025-12-24T15:18:55.708+0000][gc,heap     ] GC(126) Humongous regions: 149->149
[2025-12-24T15:18:55.708+0000][gc,metaspace] GC(126) Metaspace: 15132K(15488K)->15132K(15488K) NonClass: 13524K(13632K)->13524K(13632K) Class: 1608K(1856K)->1608K(1856K)
[2025-12-24T15:18:55.708+0000][gc          ] GC(126) Pause Young (Normal) (G1 Evacuation Pause) 806M->197M(1024M) 13.716ms
[2025-12-24T15:18:55.708+0000][gc,cpu      ] GC(126) User=0.08s Sys=0.00s Real=0.01s
[2025-12-24T15:19:35.262+0000][gc,start    ] GC(127) Pause Young (Normal) (G1 Evacuation Pause)
[2025-12-24T15:19:35.263+0000][gc,task     ] GC(127) Using 8 workers of 8 for evacuation
[2025-12-24T15:19:35.282+0000][gc,phases   ] GC(127)   Pre Evacuate Collection Set: 5.0ms
[2025-12-24T15:19:35.282+0000][gc,phases   ] GC(127)   Merge Heap Roots: 0.8ms
[2025-12-24T15:19:35.283+0000][gc,phases   ] GC(127)   Evacuate Collection Set: 10.7ms
[2025-12-24T15:19:35.283+0000][gc,phases   ] GC(127)   Post Evacuate Collection Set: 1.8ms
[2025-12-24T15:19:35.283+0000][gc,phases   ] GC(127)   Other: 1.1ms
[2025-12-24T15:19:35.283+0000][gc,heap     ] GC(127) Eden regions: 609->0(610)
[2025-12-24T15:19:35.283+0000][gc,heap     ] GC(127) Survivor regions: 5->4(77)
[2025-12-24T15:19:35.283+0000][gc,heap     ] GC(127) Old regions: 44->44
[2025-12-24T15:19:35.283+0000][gc,heap     ] GC(127) Humongous regions: 149->149
[2025-12-24T15:19:35.283+0000][gc,metaspace] GC(127) Metaspace: 15139K(15488K)->15139K(15488K) NonClass: 13530K(13632K)->13530K(13632K) Class: 1608K(1856K)->1608K(1856K)
[2025-12-24T15:19:35.283+0000][gc          ] GC(127) Pause Young (Normal) (G1 Evacuation Pause) 806M->196M(1024M) 20.712ms
[2025-12-24T15:19:35.283+0000][gc,cpu      ] GC(127) User=0.10s Sys=0.00s Real=0.02s
[2025-12-24T15:20:06.065+0000][gc,start    ] GC(128) Pause Young (Normal) (G1 Evacuation Pause)
[2025-12-24T15:20:06.067+0000][gc,task     ] GC(128) Using 8 workers of 8 for evacuation
[2025-12-24T15:20:06.085+0000][gc,phases   ] GC(128)   Pre Evacuate Collection Set: 1.3ms
[2025-12-24T15:20:06.085+0000][gc,phases   ] GC(128)   Merge Heap Roots: 0.2ms
[2025-12-24T15:20:06.085+0000][gc,phases   ] GC(128)   Evacuate Collection Set: 12.4ms
[2025-12-24T15:20:06.086+0000][gc,phases   ] GC(128)   Post Evacuate Collection Set: 3.0ms
[2025-12-24T15:20:06.086+0000][gc,phases   ] GC(128)   Other: 0.7ms
[2025-12-24T15:20:06.086+0000][gc,heap     ] GC(128) Eden regions: 610->0(608)
[2025-12-24T15:20:06.086+0000][gc,heap     ] GC(128) Survivor regions: 4->6(77)
[2025-12-24T15:20:06.086+0000][gc,heap     ] GC(128) Old regions: 44->44
[2025-12-24T15:20:06.086+0000][gc,heap     ] GC(128) Humongous regions: 149->149
[2025-12-24T15:20:06.087+0000][gc,metaspace] GC(128) Metaspace: 15139K(15488K)->15139K(15488K) NonClass: 13530K(13632K)->13530K(13632K) Class: 1608K(1856K)->1608K(1856K)
[2025-12-24T15:20:06.087+0000][gc          ] GC(128) Pause Young (Normal) (G1 Evacuation Pause) 806M->198M(1024M) 21.887ms
[2025-12-24T15:20:06.087+0000][gc,cpu      ] GC(128) User=0.10s Sys=0.00s Real=0.03s
[2025-12-24T15:20:45.137+0000][gc,start    ] GC(129) Pause Young (Normal) (G1 Evacuation Pause)
[2025-12-24T15:20:45.137+0000][gc,task     ] GC(129) Using 8 workers of 8 for evacuation
[2025-12-24T15:20:45.157+0000][gc,phases   ] GC(129)   Pre Evacuate Collection Set: 3.7ms
[2025-12-24T15:20:45.157+0000][gc,phases   ] GC(129)   Merge Heap Roots: 0.7ms
[2025-12-24T15:20:45.157+0000][gc,phases   ] GC(129)   Evacuate Collection Set: 13.3ms
[2025-12-24T15:20:45.157+0000][gc,phases   ] GC(129)   Post Evacuate Collection Set: 1.2ms
[2025-12-24T15:20:45.157+0000][gc,phases   ] GC(129)   Other: 0.7ms
[2025-12-24T15:20:45.157+0000][gc,heap     ] GC(129) Eden regions: 608->0(608)
[2025-12-24T15:20:45.157+0000][gc,heap     ] GC(129) Survivor regions: 6->6(77)
[2025-12-24T15:20:45.157+0000][gc,heap     ] GC(129) Old regions: 44->44
[2025-12-24T15:20:45.157+0000][gc,heap     ] GC(129) Humongous regions: 149->149
[2025-12-24T15:20:45.157+0000][gc,metaspace] GC(129) Metaspace: 15139K(15488K)->15139K(15488K) NonClass: 13530K(13632K)->13530K(13632K) Class: 1608K(1856K)->1608K(1856K)
[2025-12-24T15:20:45.157+0000][gc          ] GC(129) Pause Young (Normal) (G1 Evacuation Pause) 806M->197M(1024M) 20.595ms
[2025-12-24T15:20:45.157+0000][gc,cpu      ] GC(129) User=0.13s Sys=0.00s Real=0.02s
[2025-12-24T15:21:15.405+0000][gc,start    ] GC(130) Pause Young (Normal) (G1 Evacuation Pause)
[2025-12-24T15:21:15.405+0000][gc,task     ] GC(130) Using 8 workers of 8 for evacuation
[2025-12-24T15:21:15.417+0000][gc,phases   ] GC(130)   Pre Evacuate Collection Set: 1.0ms
[2025-12-24T15:21:15.417+0000][gc,phases   ] GC(130)   Merge Heap Roots: 0.3ms
[2025-12-24T15:21:15.417+0000][gc,phases   ] GC(130)   Evacuate Collection Set: 9.2ms
[2025-12-24T15:21:15.417+0000][gc,phases   ] GC(130)   Post Evacuate Collection Set: 1.1ms
[2025-12-24T15:21:15.417+0000][gc,phases   ] GC(130)   Other: 0.4ms
[2025-12-24T15:21:15.417+0000][gc,heap     ] GC(130) Eden regions: 608->0(606)
[2025-12-24T15:21:15.417+0000][gc,heap     ] GC(130) Survivor regions: 6->8(77)
[2025-12-24T15:21:15.417+0000][gc,heap     ] GC(130) Old regions: 44->44
[2025-12-24T15:21:15.417+0000][gc,heap     ] GC(130) Humongous regions: 149->149
[2025-12-24T15:21:15.417+0000][gc,metaspace] GC(130) Metaspace: 15140K(15488K)->15140K(15488K) NonClass: 13531K(13632K)->13531K(13632K) Class: 1608K(1856K)->1608K(1856K)
[2025-12-24T15:21:15.418+0000][gc          ] GC(130) Pause Young (Normal) (G1 Evacuation Pause) 805M->199M(1024M) 12.965ms
[2025-12-24T15:21:15.418+0000][gc,cpu      ] GC(130) User=0.08s Sys=0.00s Real=0.01s
[2025-12-24T15:21:55.060+0000][gc,start    ] GC(131) Pause Young (Normal) (G1 Evacuation Pause)
[2025-12-24T15:21:55.061+0000][gc,task     ] GC(131) Using 8 workers of 8 for evacuation
[2025-12-24T15:21:55.078+0000][gc,phases   ] GC(131)   Pre Evacuate Collection Set: 1.5ms
[2025-12-24T15:21:55.078+0000][gc,phases   ] GC(131)   Merge Heap Roots: 0.2ms
[2025-12-24T15:21:55.078+0000][gc,phases   ] GC(131)   Evacuate Collection Set: 13.8ms
[2025-12-24T15:21:55.078+0000][gc,phases   ] GC(131)   Post Evacuate Collection Set: 1.2ms
[2025-12-24T15:21:55.078+0000][gc,phases   ] GC(131)   Other: 0.4ms
[2025-12-24T15:21:55.078+0000][gc,heap     ] GC(131) Eden regions: 606->0(607)
[2025-12-24T15:21:55.078+0000][gc,heap     ] GC(131) Survivor regions: 8->7(77)
[2025-12-24T15:21:55.078+0000][gc,heap     ] GC(131) Old regions: 44->44
[2025-12-24T15:21:55.078+0000][gc,heap     ] GC(131) Humongous regions: 149->149
[2025-12-24T15:21:55.078+0000][gc,metaspace] GC(131) Metaspace: 15140K(15488K)->15140K(15488K) NonClass: 13531K(13632K)->13531K(13632K) Class: 1608K(1856K)->1608K(1856K)
[2025-12-24T15:21:55.079+0000][gc          ] GC(131) Pause Young (Normal) (G1 Evacuation Pause) 805M->199M(1024M) 18.504ms
[2025-12-24T15:21:55.079+0000][gc,cpu      ] GC(131) User=0.11s Sys=0.00s Real=0.02s
[2025-12-24T15:22:25.287+0000][gc,start    ] GC(132) Pause Young (Normal) (G1 Evacuation Pause)
[2025-12-24T15:22:25.288+0000][gc,task     ] GC(132) Using 8 workers of 8 for evacuation
[2025-12-24T15:22:25.302+0000][gc,phases   ] GC(132)   Pre Evacuate Collection Set: 0.9ms
[2025-12-24T15:22:25.302+0000][gc,phases   ] GC(132)   Merge Heap Roots: 0.2ms
[2025-12-24T15:22:25.302+0000][gc,phases   ] GC(132)   Evacuate Collection Set: 11.2ms
[2025-12-24T15:22:25.302+0000][gc,phases   ] GC(132)   Post Evacuate Collection Set: 1.2ms
[2025-12-24T15:22:25.302+0000][gc,phases   ] GC(132)   Other: 0.3ms
[2025-12-24T15:22:25.302+0000][gc,heap     ] GC(132) Eden regions: 607->0(605)
[2025-12-24T15:22:25.302+0000][gc,heap     ] GC(132) Survivor regions: 7->9(77)
[2025-12-24T15:22:25.302+0000][gc,heap     ] GC(132) Old regions: 44->44
[2025-12-24T15:22:25.302+0000][gc,heap     ] GC(132) Humongous regions: 149->149
[2025-12-24T15:22:25.302+0000][gc,metaspace] GC(132) Metaspace: 15140K(15488K)->15140K(15488K) NonClass: 13531K(13632K)->13531K(13632K) Class: 1608K(1856K)->1608K(1856K)
[2025-12-24T15:22:25.302+0000][gc          ] GC(132) Pause Young (Normal) (G1 Evacuation Pause) 806M->201M(1024M) 14.689ms
[2025-12-24T15:22:25.302+0000][gc,cpu      ] GC(132) User=0.10s Sys=0.00s Real=0.01s
[2025-12-24T15:22:55.514+0000][gc,start    ] GC(133) Pause Young (Normal) (G1 Evacuation Pause)
[2025-12-24T15:22:55.514+0000][gc,task     ] GC(133) Using 8 workers of 8 for evacuation
[2025-12-24T15:22:55.534+0000][gc,phases   ] GC(133)   Pre Evacuate Collection Set: 0.8ms
[2025-12-24T15:22:55.534+0000][gc,phases   ] GC(133)   Merge Heap Roots: 0.2ms
[2025-12-24T15:22:55.534+0000][gc,phases   ] GC(133)   Evacuate Collection Set: 17.4ms
[2025-12-24T15:22:55.534+0000][gc,phases   ] GC(133)   Post Evacuate Collection Set: 0.9ms
[2025-12-24T15:22:55.534+0000][gc,phases   ] GC(133)   Other: 0.3ms
[2025-12-24T15:22:55.534+0000][gc,heap     ] GC(133) Eden regions: 605->0(603)
[2025-12-24T15:22:55.534+0000][gc,heap     ] GC(133) Survivor regions: 9->11(77)
[2025-12-24T15:22:55.534+0000][gc,heap     ] GC(133) Old regions: 44->45
[2025-12-24T15:22:55.534+0000][gc,heap     ] GC(133) Humongous regions: 149->149
[2025-12-24T15:22:55.534+0000][gc,metaspace] GC(133) Metaspace: 15140K(15488K)->15140K(15488K) NonClass: 13531K(13632K)->13531K(13632K) Class: 1608K(1856K)->1608K(1856K)
[2025-12-24T15:22:55.534+0000][gc          ] GC(133) Pause Young (Normal) (G1 Evacuation Pause) 806M->203M(1024M) 20.691ms
[2025-12-24T15:22:55.534+0000][gc,cpu      ] GC(133) User=0.13s Sys=0.00s Real=0.02s
[2025-12-24T15:23:35.191+0000][gc,start    ] GC(134) Pause Young (Normal) (G1 Evacuation Pause)
[2025-12-24T15:23:35.191+0000][gc,task     ] GC(134) Using 8 workers of 8 for evacuation
[2025-12-24T15:23:35.209+0000][gc,phases   ] GC(134)   Pre Evacuate Collection Set: 1.0ms
[2025-12-24T15:23:35.209+0000][gc,phases   ] GC(134)   Merge Heap Roots: 0.3ms
[2025-12-24T15:23:35.209+0000][gc,phases   ] GC(134)   Evacuate Collection Set: 14.4ms
[2025-12-24T15:23:35.209+0000][gc,phases   ] GC(134)   Post Evacuate Collection Set: 1.5ms
[2025-12-24T15:23:35.209+0000][gc,phases   ] GC(134)   Other: 0.3ms
[2025-12-24T15:23:35.209+0000][gc,heap     ] GC(134) Eden regions: 603->0(608)
[2025-12-24T15:23:35.209+0000][gc,heap     ] GC(134) Survivor regions: 11->6(77)
[2025-12-24T15:23:35.209+0000][gc,heap     ] GC(134) Old regions: 45->45
[2025-12-24T15:23:35.209+0000][gc,heap     ] GC(134) Humongous regions: 149->149
[2025-12-24T15:23:35.209+0000][gc,metaspace] GC(134) Metaspace: 15140K(15488K)->15140K(15488K) NonClass: 13531K(13632K)->13531K(13632K) Class: 1608K(1856K)->1608K(1856K)
[2025-12-24T15:23:35.210+0000][gc          ] GC(134) Pause Young (Normal) (G1 Evacuation Pause) 806M->198M(1024M) 18.949ms
[2025-12-24T15:23:35.210+0000][gc,cpu      ] GC(134) User=0.12s Sys=0.00s Real=0.02s
[2025-12-24T15:24:05.416+0000][gc,start    ] GC(135) Pause Young (Normal) (G1 Evacuation Pause)
[2025-12-24T15:24:05.416+0000][gc,task     ] GC(135) Using 8 workers of 8 for evacuation
[2025-12-24T15:24:05.427+0000][gc,phases   ] GC(135)   Pre Evacuate Collection Set: 0.9ms
[2025-12-24T15:24:05.427+0000][gc,phases   ] GC(135)   Merge Heap Roots: 0.2ms
[2025-12-24T15:24:05.427+0000][gc,phases   ] GC(135)   Evacuate Collection Set: 7.9ms
[2025-12-24T15:24:05.427+0000][gc,phases   ] GC(135)   Post Evacuate Collection Set: 0.9ms
[2025-12-24T15:24:05.427+0000][gc,phases   ] GC(135)   Other: 0.2ms
[2025-12-24T15:24:05.427+0000][gc,heap     ] GC(135) Eden regions: 608->0(607)
[2025-12-24T15:24:05.427+0000][gc,heap     ] GC(135) Survivor regions: 6->7(77)
[2025-12-24T15:24:05.427+0000][gc,heap     ] GC(135) Old regions: 45->45
[2025-12-24T15:24:05.427+0000][gc,heap     ] GC(135) Humongous regions: 149->149
[2025-12-24T15:24:05.427+0000][gc,metaspace] GC(135) Metaspace: 15141K(15488K)->15141K(15488K) NonClass: 13533K(13632K)->13533K(13632K) Class: 1608K(1856K)->1608K(1856K)
[2025-12-24T15:24:05.427+0000][gc          ] GC(135) Pause Young (Normal) (G1 Evacuation Pause) 806M->199M(1024M) 10.915ms
[2025-12-24T15:24:05.427+0000][gc,cpu      ] GC(135) User=0.07s Sys=0.00s Real=0.01s
[2025-12-24T15:24:45.109+0000][gc,start    ] GC(136) Pause Young (Normal) (G1 Evacuation Pause)
[2025-12-24T15:24:45.110+0000][gc,task     ] GC(136) Using 8 workers of 8 for evacuation
[2025-12-24T15:24:45.122+0000][gc,phases   ] GC(136)   Pre Evacuate Collection Set: 1.0ms
[2025-12-24T15:24:45.122+0000][gc,phases   ] GC(136)   Merge Heap Roots: 0.3ms
[2025-12-24T15:24:45.122+0000][gc,phases   ] GC(136)   Evacuate Collection Set: 7.0ms
[2025-12-24T15:24:45.123+0000][gc,phases   ] GC(136)   Post Evacuate Collection Set: 3.6ms
[2025-12-24T15:24:45.123+0000][gc,phases   ] GC(136)   Other: 0.2ms
[2025-12-24T15:24:45.123+0000][gc,heap     ] GC(136) Eden regions: 607->0(608)
[2025-12-24T15:24:45.123+0000][gc,heap     ] GC(136) Survivor regions: 7->6(77)
[2025-12-24T15:24:45.123+0000][gc,heap     ] GC(136) Old regions: 45->45
[2025-12-24T15:24:45.123+0000][gc,heap     ] GC(136) Humongous regions: 149->149
[2025-12-24T15:24:45.123+0000][gc,metaspace] GC(136) Metaspace: 15141K(15488K)->15141K(15488K) NonClass: 13533K(13632K)->13533K(13632K) Class: 1608K(1856K)->1608K(1856K)
[2025-12-24T15:24:45.123+0000][gc          ] GC(136) Pause Young (Normal) (G1 Evacuation Pause) 806M->199M(1024M) 13.872ms
[2025-12-24T15:24:45.123+0000][gc,cpu      ] GC(136) User=0.06s Sys=0.00s Real=0.02s
[2025-12-24T15:25:15.353+0000][gc,start    ] GC(137) Pause Young (Normal) (G1 Evacuation Pause)
[2025-12-24T15:25:15.353+0000][gc,task     ] GC(137) Using 8 workers of 8 for evacuation
[2025-12-24T15:25:15.364+0000][gc,phases   ] GC(137)   Pre Evacuate Collection Set: 0.9ms
[2025-12-24T15:25:15.364+0000][gc,phases   ] GC(137)   Merge Heap Roots: 0.2ms
[2025-12-24T15:25:15.364+0000][gc,phases   ] GC(137)   Evacuate Collection Set: 8.5ms
[2025-12-24T15:25:15.364+0000][gc,phases   ] GC(137)   Post Evacuate Collection Set: 1.0ms
[2025-12-24T15:25:15.364+0000][gc,phases   ] GC(137)   Other: 0.2ms
[2025-12-24T15:25:15.364+0000][gc,heap     ] GC(137) Eden regions: 608->0(606)
[2025-12-24T15:25:15.364+0000][gc,heap     ] GC(137) Survivor regions: 6->8(77)
[2025-12-24T15:25:15.365+0000][gc,heap     ] GC(137) Old regions: 45->45
[2025-12-24T15:25:15.365+0000][gc,heap     ] GC(137) Humongous regions: 149->149
[2025-12-24T15:25:15.365+0000][gc,metaspace] GC(137) Metaspace: 15149K(15488K)->15149K(15488K) NonClass: 13540K(13632K)->13540K(13632K) Class: 1608K(1856K)->1608K(1856K)
[2025-12-24T15:25:15.365+0000][gc          ] GC(137) Pause Young (Normal) (G1 Evacuation Pause) 807M->201M(1024M) 11.898ms
[2025-12-24T15:25:15.365+0000][gc,cpu      ] GC(137) User=0.07s Sys=0.00s Real=0.01s
[2025-12-24T15:25:54.989+0000][gc,start    ] GC(138) Pause Young (Normal) (G1 Evacuation Pause)
[2025-12-24T15:25:54.989+0000][gc,task     ] GC(138) Using 8 workers of 8 for evacuation
[2025-12-24T15:25:55.004+0000][gc,phases   ] GC(138)   Pre Evacuate Collection Set: 1.1ms
[2025-12-24T15:25:55.004+0000][gc,phases   ] GC(138)   Merge Heap Roots: 0.3ms
[2025-12-24T15:25:55.004+0000][gc,phases   ] GC(138)   Evacuate Collection Set: 11.9ms
[2025-12-24T15:25:55.004+0000][gc,phases   ] GC(138)   Post Evacuate Collection Set: 1.3ms
[2025-12-24T15:25:55.004+0000][gc,phases   ] GC(138)   Other: 0.3ms
[2025-12-24T15:25:55.004+0000][gc,heap     ] GC(138) Eden regions: 606->0(607)
[2025-12-24T15:25:55.004+0000][gc,heap     ] GC(138) Survivor regions: 8->7(77)
[2025-12-24T15:25:55.004+0000][gc,heap     ] GC(138) Old regions: 45->45
[2025-12-24T15:25:55.004+0000][gc,heap     ] GC(138) Humongous regions: 149->149
[2025-12-24T15:25:55.004+0000][gc,metaspace] GC(138) Metaspace: 15149K(15488K)->15149K(15488K) NonClass: 13540K(13632K)->13540K(13632K) Class: 1608K(1856K)->1608K(1856K)
[2025-12-24T15:25:55.004+0000][gc          ] GC(138) Pause Young (Normal) (G1 Evacuation Pause) 807M->200M(1024M) 15.797ms
[2025-12-24T15:25:55.004+0000][gc,cpu      ] GC(138) User=0.10s Sys=0.00s Real=0.01s
[2025-12-24T15:26:25.246+0000][gc,start    ] GC(139) Pause Young (Normal) (G1 Evacuation Pause)
[2025-12-24T15:26:25.247+0000][gc,task     ] GC(139) Using 8 workers of 8 for evacuation
[2025-12-24T15:26:25.259+0000][gc,phases   ] GC(139)   Pre Evacuate Collection Set: 0.8ms
[2025-12-24T15:26:25.259+0000][gc,phases   ] GC(139)   Merge Heap Roots: 0.2ms
[2025-12-24T15:26:25.259+0000][gc,phases   ] GC(139)   Evacuate Collection Set: 6.7ms
[2025-12-24T15:26:25.260+0000][gc,phases   ] GC(139)   Post Evacuate Collection Set: 4.1ms
[2025-12-24T15:26:25.260+0000][gc,phases   ] GC(139)   Other: 0.3ms
[2025-12-24T15:26:25.260+0000][gc,heap     ] GC(139) Eden regions: 607->0(605)
[2025-12-24T15:26:25.260+0000][gc,heap     ] GC(139) Survivor regions: 7->9(77)
[2025-12-24T15:26:25.260+0000][gc,heap     ] GC(139) Old regions: 45->45
[2025-12-24T15:26:25.260+0000][gc,heap     ] GC(139) Humongous regions: 149->149
[2025-12-24T15:26:25.260+0000][gc,metaspace] GC(139) Metaspace: 15153K(15552K)->15153K(15552K) NonClass: 13544K(13696K)->13544K(13696K) Class: 1608K(1856K)->1608K(1856K)
[2025-12-24T15:26:25.260+0000][gc          ] GC(139) Pause Young (Normal) (G1 Evacuation Pause) 807M->202M(1024M) 14.035ms
[2025-12-24T15:26:25.260+0000][gc,cpu      ] GC(139) User=0.07s Sys=0.00s Real=0.01s
[2025-12-24T15:26:55.488+0000][gc,start    ] GC(140) Pause Young (Normal) (G1 Evacuation Pause)
[2025-12-24T15:26:55.489+0000][gc,task     ] GC(140) Using 8 workers of 8 for evacuation
[2025-12-24T15:26:55.506+0000][gc,phases   ] GC(140)   Pre Evacuate Collection Set: 1.0ms
[2025-12-24T15:26:55.506+0000][gc,phases   ] GC(140)   Merge Heap Roots: 0.2ms
[2025-12-24T15:26:55.506+0000][gc,phases   ] GC(140)   Evacuate Collection Set: 11.7ms
[2025-12-24T15:26:55.506+0000][gc,phases   ] GC(140)   Post Evacuate Collection Set: 4.1ms
[2025-12-24T15:26:55.506+0000][gc,phases   ] GC(140)   Other: 0.4ms
[2025-12-24T15:26:55.507+0000][gc,heap     ] GC(140) Eden regions: 605->0(603)
[2025-12-24T15:26:55.507+0000][gc,heap     ] GC(140) Survivor regions: 9->11(77)
[2025-12-24T15:26:55.507+0000][gc,heap     ] GC(140) Old regions: 45->46
[2025-12-24T15:26:55.507+0000][gc,heap     ] GC(140) Humongous regions: 149->149
[2025-12-24T15:26:55.507+0000][gc,metaspace] GC(140) Metaspace: 15153K(15552K)->15153K(15552K) NonClass: 13545K(13696K)->13545K(13696K) Class: 1608K(1856K)->1608K(1856K)
[2025-12-24T15:26:55.507+0000][gc          ] GC(140) Pause Young (Normal) (G1 Evacuation Pause) 807M->204M(1024M) 19.196ms
[2025-12-24T15:26:55.507+0000][gc,cpu      ] GC(140) User=0.08s Sys=0.01s Real=0.02s
[2025-12-24T15:27:35.182+0000][gc,start    ] GC(141) Pause Young (Normal) (G1 Evacuation Pause)
[2025-12-24T15:27:35.183+0000][gc,task     ] GC(141) Using 8 workers of 8 for evacuation
[2025-12-24T15:27:35.193+0000][gc,phases   ] GC(141)   Pre Evacuate Collection Set: 1.0ms
[2025-12-24T15:27:35.194+0000][gc,phases   ] GC(141)   Merge Heap Roots: 0.3ms
[2025-12-24T15:27:35.194+0000][gc,phases   ] GC(141)   Evacuate Collection Set: 7.5ms
[2025-12-24T15:27:35.194+0000][gc,phases   ] GC(141)   Post Evacuate Collection Set: 1.5ms
[2025-12-24T15:27:35.194+0000][gc,phases   ] GC(141)   Other: 0.4ms
[2025-12-24T15:27:35.194+0000][gc,heap     ] GC(141) Eden regions: 603->0(608)
[2025-12-24T15:27:35.194+0000][gc,heap     ] GC(141) Survivor regions: 11->6(77)
[2025-12-24T15:27:35.194+0000][gc,heap     ] GC(141) Old regions: 46->46
[2025-12-24T15:27:35.194+0000][gc,heap     ] GC(141) Humongous regions: 149->149
[2025-12-24T15:27:35.194+0000][gc,metaspace] GC(141) Metaspace: 15154K(15552K)->15154K(15552K) NonClass: 13545K(13696K)->13545K(13696K) Class: 1608K(1856K)->1608K(1856K)
[2025-12-24T15:27:35.195+0000][gc          ] GC(141) Pause Young (Normal) (G1 Evacuation Pause) 807M->199M(1024M) 12.392ms
[2025-12-24T15:27:35.195+0000][gc,cpu      ] GC(141) User=0.06s Sys=0.00s Real=0.01s
[2025-12-24T15:28:05.391+0000][gc,start    ] GC(142) Pause Young (Normal) (G1 Evacuation Pause)
[2025-12-24T15:28:05.392+0000][gc,task     ] GC(142) Using 8 workers of 8 for evacuation
[2025-12-24T15:28:05.403+0000][gc,phases   ] GC(142)   Pre Evacuate Collection Set: 1.8ms
[2025-12-24T15:28:05.403+0000][gc,phases   ] GC(142)   Merge Heap Roots: 0.3ms
[2025-12-24T15:28:05.403+0000][gc,phases   ] GC(142)   Evacuate Collection Set: 7.0ms
[2025-12-24T15:28:05.403+0000][gc,phases   ] GC(142)   Post Evacuate Collection Set: 1.3ms
[2025-12-24T15:28:05.403+0000][gc,phases   ] GC(142)   Other: 0.6ms
[2025-12-24T15:28:05.403+0000][gc,heap     ] GC(142) Eden regions: 608->0(607)
[2025-12-24T15:28:05.403+0000][gc,heap     ] GC(142) Survivor regions: 6->7(77)
[2025-12-24T15:28:05.403+0000][gc,heap     ] GC(142) Old regions: 46->46
[2025-12-24T15:28:05.403+0000][gc,heap     ] GC(142) Humongous regions: 149->149
[2025-12-24T15:28:05.404+0000][gc,metaspace] GC(142) Metaspace: 15154K(15552K)->15154K(15552K) NonClass: 13545K(13696K)->13545K(13696K) Class: 1608K(1856K)->1608K(1856K)
[2025-12-24T15:28:05.404+0000][gc          ] GC(142) Pause Young (Normal) (G1 Evacuation Pause) 807M->201M(1024M) 13.087ms
[2025-12-24T15:28:05.404+0000][gc,cpu      ] GC(142) User=0.05s Sys=0.01s Real=0.01s
[2025-12-24T15:28:45.086+0000][gc,start    ] GC(143) Pause Young (Normal) (G1 Evacuation Pause)
[2025-12-24T15:28:45.087+0000][gc,task     ] GC(143) Using 8 workers of 8 for evacuation
[2025-12-24T15:28:45.098+0000][gc,phases   ] GC(143)   Pre Evacuate Collection Set: 1.0ms
[2025-12-24T15:28:45.098+0000][gc,phases   ] GC(143)   Merge Heap Roots: 0.3ms
[2025-12-24T15:28:45.098+0000][gc,phases   ] GC(143)   Evacuate Collection Set: 7.8ms
[2025-12-24T15:28:45.098+0000][gc,phases   ] GC(143)   Post Evacuate Collection Set: 1.4ms
[2025-12-24T15:28:45.098+0000][gc,phases   ] GC(143)   Other: 0.3ms
[2025-12-24T15:28:45.098+0000][gc,heap     ] GC(143) Eden regions: 607->0(608)
[2025-12-24T15:28:45.098+0000][gc,heap     ] GC(143) Survivor regions: 7->6(77)
[2025-12-24T15:28:45.098+0000][gc,heap     ] GC(143) Old regions: 46->46
[2025-12-24T15:28:45.098+0000][gc,heap     ] GC(143) Humongous regions: 149->149
[2025-12-24T15:28:45.098+0000][gc,metaspace] GC(143) Metaspace: 15154K(15552K)->15154K(15552K) NonClass: 13546K(13696K)->13546K(13696K) Class: 1608K(1856K)->1608K(1856K)
[2025-12-24T15:28:45.098+0000][gc          ] GC(143) Pause Young (Normal) (G1 Evacuation Pause) 808M->200M(1024M) 11.959ms
[2025-12-24T15:28:45.098+0000][gc,cpu      ] GC(143) User=0.07s Sys=0.01s Real=0.01s
[2025-12-24T15:29:15.307+0000][gc,start    ] GC(144) Pause Young (Normal) (G1 Evacuation Pause)
[2025-12-24T15:29:15.308+0000][gc,task     ] GC(144) Using 8 workers of 8 for evacuation
[2025-12-24T15:29:15.329+0000][gc,phases   ] GC(144)   Pre Evacuate Collection Set: 1.1ms
[2025-12-24T15:29:15.329+0000][gc,phases   ] GC(144)   Merge Heap Roots: 0.3ms
[2025-12-24T15:29:15.329+0000][gc,phases   ] GC(144)   Evacuate Collection Set: 18.7ms
[2025-12-24T15:29:15.329+0000][gc,phases   ] GC(144)   Post Evacuate Collection Set: 1.4ms
[2025-12-24T15:29:15.330+0000][gc,phases   ] GC(144)   Other: 0.3ms
[2025-12-24T15:29:15.330+0000][gc,heap     ] GC(144) Eden regions: 608->0(606)
[2025-12-24T15:29:15.330+0000][gc,heap     ] GC(144) Survivor regions: 6->8(77)
[2025-12-24T15:29:15.330+0000][gc,heap     ] GC(144) Old regions: 46->47
[2025-12-24T15:29:15.330+0000][gc,heap     ] GC(144) Humongous regions: 149->149
[2025-12-24T15:29:15.330+0000][gc,metaspace] GC(144) Metaspace: 15155K(15552K)->15155K(15552K) NonClass: 13547K(13696K)->13547K(13696K) Class: 1608K(1856K)->1608K(1856K)
[2025-12-24T15:29:15.330+0000][gc          ] GC(144) Pause Young (Normal) (G1 Evacuation Pause) 808M->202M(1024M) 23.033ms
[2025-12-24T15:29:15.330+0000][gc,cpu      ] GC(144) User=0.14s Sys=0.00s Real=0.03s
[2025-12-24T15:29:49.049+0000][gc,start    ] GC(145) Pause Young (Normal) (G1 Evacuation Pause)
[2025-12-24T15:29:49.051+0000][gc,task     ] GC(145) Using 8 workers of 8 for evacuation
[2025-12-24T15:29:49.060+0000][gc,phases   ] GC(145)   Pre Evacuate Collection Set: 1.2ms
[2025-12-24T15:29:49.060+0000][gc,phases   ] GC(145)   Merge Heap Roots: 0.3ms
[2025-12-24T15:29:49.060+0000][gc,phases   ] GC(145)   Evacuate Collection Set: 6.8ms
[2025-12-24T15:29:49.060+0000][gc,phases   ] GC(145)   Post Evacuate Collection Set: 1.0ms
[2025-12-24T15:29:49.061+0000][gc,phases   ] GC(145)   Other: 0.4ms
[2025-12-24T15:29:49.061+0000][gc,heap     ] GC(145) Eden regions: 606->0(607)
[2025-12-24T15:29:49.061+0000][gc,heap     ] GC(145) Survivor regions: 8->7(77)
[2025-12-24T15:29:49.061+0000][gc,heap     ] GC(145) Old regions: 47->47
[2025-12-24T15:29:49.061+0000][gc,heap     ] GC(145) Humongous regions: 149->149
[2025-12-24T15:29:49.061+0000][gc,metaspace] GC(145) Metaspace: 15155K(15552K)->15155K(15552K) NonClass: 13547K(13696K)->13547K(13696K) Class: 1608K(1856K)->1608K(1856K)
[2025-12-24T15:29:49.061+0000][gc          ] GC(145) Pause Young (Normal) (G1 Evacuation Pause) 808M->202M(1024M) 11.672ms
[2025-12-24T15:29:49.061+0000][gc,cpu      ] GC(145) User=0.06s Sys=0.00s Real=0.01s
[2025-12-24T15:30:25.227+0000][gc,start    ] GC(146) Pause Young (Normal) (G1 Evacuation Pause)
[2025-12-24T15:30:25.227+0000][gc,task     ] GC(146) Using 8 workers of 8 for evacuation
[2025-12-24T15:30:25.246+0000][gc,phases   ] GC(146)   Pre Evacuate Collection Set: 1.0ms
[2025-12-24T15:30:25.246+0000][gc,phases   ] GC(146)   Merge Heap Roots: 0.2ms
[2025-12-24T15:30:25.247+0000][gc,phases   ] GC(146)   Evacuate Collection Set: 16.6ms
[2025-12-24T15:30:25.247+0000][gc,phases   ] GC(146)   Post Evacuate Collection Set: 1.1ms
[2025-12-24T15:30:25.247+0000][gc,phases   ] GC(146)   Other: 0.3ms
[2025-12-24T15:30:25.247+0000][gc,heap     ] GC(146) Eden regions: 607->0(605)
[2025-12-24T15:30:25.247+0000][gc,heap     ] GC(146) Survivor regions: 7->9(77)
[2025-12-24T15:30:25.247+0000][gc,heap     ] GC(146) Old regions: 47->47
[2025-12-24T15:30:25.247+0000][gc,heap     ] GC(146) Humongous regions: 149->149
[2025-12-24T15:30:25.247+0000][gc,metaspace] GC(146) Metaspace: 15155K(15552K)->15155K(15552K) NonClass: 13547K(13696K)->13547K(13696K) Class: 1608K(1856K)->1608K(1856K)
[2025-12-24T15:30:25.247+0000][gc          ] GC(146) Pause Young (Normal) (G1 Evacuation Pause) 809M->203M(1024M) 20.317ms
[2025-12-24T15:30:25.247+0000][gc,cpu      ] GC(146) User=0.12s Sys=0.00s Real=0.02s
[2025-12-24T15:30:55.470+0000][gc,start    ] GC(147) Pause Young (Normal) (G1 Evacuation Pause)
[2025-12-24T15:30:55.471+0000][gc,task     ] GC(147) Using 8 workers of 8 for evacuation
[2025-12-24T15:30:55.481+0000][gc,phases   ] GC(147)   Pre Evacuate Collection Set: 1.0ms
[2025-12-24T15:30:55.481+0000][gc,phases   ] GC(147)   Merge Heap Roots: 0.3ms
[2025-12-24T15:30:55.481+0000][gc,phases   ] GC(147)   Evacuate Collection Set: 8.0ms
[2025-12-24T15:30:55.481+0000][gc,phases   ] GC(147)   Post Evacuate Collection Set: 1.1ms
[2025-12-24T15:30:55.482+0000][gc,phases   ] GC(147)   Other: 0.3ms
[2025-12-24T15:30:55.482+0000][gc,heap     ] GC(147) Eden regions: 605->0(604)
[2025-12-24T15:30:55.482+0000][gc,heap     ] GC(147) Survivor regions: 9->10(77)
[2025-12-24T15:30:55.482+0000][gc,heap     ] GC(147) Old regions: 47->47
[2025-12-24T15:30:55.482+0000][gc,heap     ] GC(147) Humongous regions: 149->149
[2025-12-24T15:30:55.482+0000][gc,metaspace] GC(147) Metaspace: 15155K(15552K)->15155K(15552K) NonClass: 13547K(13696K)->13547K(13696K) Class: 1608K(1856K)->1608K(1856K)
[2025-12-24T15:30:55.482+0000][gc          ] GC(147) Pause Young (Normal) (G1 Evacuation Pause) 808M->205M(1024M) 11.794ms
[2025-12-24T15:30:55.482+0000][gc,cpu      ] GC(147) User=0.07s Sys=0.00s Real=0.01s
[2025-12-24T15:31:35.142+0000][gc,start    ] GC(148) Pause Young (Normal) (G1 Evacuation Pause)
[2025-12-24T15:31:35.143+0000][gc,task     ] GC(148) Using 8 workers of 8 for evacuation
[2025-12-24T15:31:35.151+0000][gc,phases   ] GC(148)   Pre Evacuate Collection Set: 1.0ms
[2025-12-24T15:31:35.152+0000][gc,phases   ] GC(148)   Merge Heap Roots: 0.3ms
[2025-12-24T15:31:35.152+0000][gc,phases   ] GC(148)   Evacuate Collection Set: 5.7ms
[2025-12-24T15:31:35.152+0000][gc,phases   ] GC(148)   Post Evacuate Collection Set: 1.1ms
[2025-12-24T15:31:35.152+0000][gc,phases   ] GC(148)   Other: 0.6ms
[2025-12-24T15:31:35.152+0000][gc,heap     ] GC(148) Eden regions: 604->0(609)
[2025-12-24T15:31:35.152+0000][gc,heap     ] GC(148) Survivor regions: 10->5(77)
[2025-12-24T15:31:35.152+0000][gc,heap     ] GC(148) Old regions: 47->47
[2025-12-24T15:31:35.152+0000][gc,heap     ] GC(148) Humongous regions: 149->149
[2025-12-24T15:31:35.152+0000][gc,metaspace] GC(148) Metaspace: 15155K(15552K)->15155K(15552K) NonClass: 13547K(13696K)->13547K(13696K) Class: 1608K(1856K)->1608K(1856K)
[2025-12-24T15:31:35.152+0000][gc          ] GC(148) Pause Young (Normal) (G1 Evacuation Pause) 809M->200M(1024M) 9.895ms
[2025-12-24T15:31:35.152+0000][gc,cpu      ] GC(148) User=0.05s Sys=0.00s Real=0.01s
[2025-12-24T15:32:05.482+0000][gc,start    ] GC(149) Pause Young (Normal) (G1 Evacuation Pause)
[2025-12-24T15:32:05.482+0000][gc,task     ] GC(149) Using 8 workers of 8 for evacuation
[2025-12-24T15:32:05.495+0000][gc,phases   ] GC(149)   Pre Evacuate Collection Set: 1.2ms
[2025-12-24T15:32:05.495+0000][gc,phases   ] GC(149)   Merge Heap Roots: 0.2ms
[2025-12-24T15:32:05.495+0000][gc,phases   ] GC(149)   Evacuate Collection Set: 6.9ms
[2025-12-24T15:32:05.495+0000][gc,phases   ] GC(149)   Post Evacuate Collection Set: 3.7ms
[2025-12-24T15:32:05.495+0000][gc,phases   ] GC(149)   Other: 0.4ms
[2025-12-24T15:32:05.496+0000][gc,heap     ] GC(149) Eden regions: 609->0(607)
[2025-12-24T15:32:05.496+0000][gc,heap     ] GC(149) Survivor regions: 5->7(77)
[2025-12-24T15:32:05.496+0000][gc,heap     ] GC(149) Old regions: 47->48
[2025-12-24T15:32:05.496+0000][gc,heap     ] GC(149) Humongous regions: 149->149
[2025-12-24T15:32:05.496+0000][gc,metaspace] GC(149) Metaspace: 15155K(15552K)->15155K(15552K) NonClass: 13547K(13696K)->13547K(13696K) Class: 1608K(1856K)->1608K(1856K)
[2025-12-24T15:32:05.496+0000][gc          ] GC(149) Pause Young (Normal) (G1 Evacuation Pause) 809M->202M(1024M) 14.633ms
[2025-12-24T15:32:05.496+0000][gc,cpu      ] GC(149) User=0.07s Sys=0.00s Real=0.01s
[2025-12-24T15:32:45.052+0000][gc,start    ] GC(150) Pause Young (Normal) (G1 Evacuation Pause)
[2025-12-24T15:32:45.053+0000][gc,task     ] GC(150) Using 8 workers of 8 for evacuation
[2025-12-24T15:32:45.070+0000][gc,phases   ] GC(150)   Pre Evacuate Collection Set: 1.0ms
[2025-12-24T15:32:45.070+0000][gc,phases   ] GC(150)   Merge Heap Roots: 0.3ms
[2025-12-24T15:32:45.070+0000][gc,phases   ] GC(150)   Evacuate Collection Set: 12.6ms
[2025-12-24T15:32:45.070+0000][gc,phases   ] GC(150)   Post Evacuate Collection Set: 2.1ms
[2025-12-24T15:32:45.070+0000][gc,phases   ] GC(150)   Other: 0.6ms
[2025-12-24T15:32:45.070+0000][gc,heap     ] GC(150) Eden regions: 607->0(608)
[2025-12-24T15:32:45.070+0000][gc,heap     ] GC(150) Survivor regions: 7->6(77)
[2025-12-24T15:32:45.070+0000][gc,heap     ] GC(150) Old regions: 48->48
[2025-12-24T15:32:45.070+0000][gc,heap     ] GC(150) Humongous regions: 149->149
[2025-12-24T15:32:45.070+0000][gc,metaspace] GC(150) Metaspace: 15155K(15552K)->15155K(15552K) NonClass: 13547K(13696K)->13547K(13696K) Class: 1608K(1856K)->1608K(1856K)
[2025-12-24T15:32:45.070+0000][gc          ] GC(150) Pause Young (Normal) (G1 Evacuation Pause) 809M->201M(1024M) 17.966ms
[2025-12-24T15:32:45.070+0000][gc,cpu      ] GC(150) User=0.10s Sys=0.00s Real=0.02s
[2025-12-24T15:33:15.302+0000][gc,start    ] GC(151) Pause Young (Normal) (G1 Evacuation Pause)
[2025-12-24T15:33:15.303+0000][gc,task     ] GC(151) Using 8 workers of 8 for evacuation
[2025-12-24T15:33:15.314+0000][gc,phases   ] GC(151)   Pre Evacuate Collection Set: 1.0ms
[2025-12-24T15:33:15.314+0000][gc,phases   ] GC(151)   Merge Heap Roots: 0.3ms
[2025-12-24T15:33:15.314+0000][gc,phases   ] GC(151)   Evacuate Collection Set: 8.6ms
[2025-12-24T15:33:15.315+0000][gc,phases   ] GC(151)   Post Evacuate Collection Set: 1.1ms
[2025-12-24T15:33:15.315+0000][gc,phases   ] GC(151)   Other: 0.3ms
[2025-12-24T15:33:15.315+0000][gc,heap     ] GC(151) Eden regions: 608->0(606)
[2025-12-24T15:33:15.315+0000][gc,heap     ] GC(151) Survivor regions: 6->8(77)
[2025-12-24T15:33:15.315+0000][gc,heap     ] GC(151) Old regions: 48->48
[2025-12-24T15:33:15.315+0000][gc,heap     ] GC(151) Humongous regions: 149->149
[2025-12-24T15:33:15.315+0000][gc,metaspace] GC(151) Metaspace: 15155K(15552K)->15155K(15552K) NonClass: 13547K(13696K)->13547K(13696K) Class: 1608K(1856K)->1608K(1856K)
[2025-12-24T15:33:15.315+0000][gc          ] GC(151) Pause Young (Normal) (G1 Evacuation Pause) 809M->203M(1024M) 12.424ms
[2025-12-24T15:33:15.315+0000][gc,cpu      ] GC(151) User=0.07s Sys=0.00s Real=0.01s
[2025-12-24T15:33:45.605+0000][gc,start    ] GC(152) Pause Young (Normal) (G1 Evacuation Pause)
[2025-12-24T15:33:45.606+0000][gc,task     ] GC(152) Using 8 workers of 8 for evacuation
[2025-12-24T15:33:45.622+0000][gc,phases   ] GC(152)   Pre Evacuate Collection Set: 1.2ms
[2025-12-24T15:33:45.622+0000][gc,phases   ] GC(152)   Merge Heap Roots: 0.3ms
[2025-12-24T15:33:45.622+0000][gc,phases   ] GC(152)   Evacuate Collection Set: 12.5ms
[2025-12-24T15:33:45.622+0000][gc,phases   ] GC(152)   Post Evacuate Collection Set: 1.5ms
[2025-12-24T15:33:45.622+0000][gc,phases   ] GC(152)   Other: 0.4ms
[2025-12-24T15:33:45.622+0000][gc,heap     ] GC(152) Eden regions: 606->0(605)
[2025-12-24T15:33:45.623+0000][gc,heap     ] GC(152) Survivor regions: 8->9(77)
[2025-12-24T15:33:45.623+0000][gc,heap     ] GC(152) Old regions: 48->48
[2025-12-24T15:33:45.623+0000][gc,heap     ] GC(152) Humongous regions: 149->149
[2025-12-24T15:33:45.623+0000][gc,metaspace] GC(152) Metaspace: 15235K(15616K)->15235K(15616K) NonClass: 13626K(13760K)->13626K(13760K) Class: 1608K(1856K)->1608K(1856K)
[2025-12-24T15:33:45.623+0000][gc          ] GC(152) Pause Young (Normal) (G1 Evacuation Pause) 809M->205M(1024M) 17.202ms
[2025-12-24T15:33:45.623+0000][gc,cpu      ] GC(152) User=0.09s Sys=0.01s Real=0.01s
[2025-12-24T15:34:25.240+0000][gc,start    ] GC(153) Pause Young (Normal) (G1 Evacuation Pause)
[2025-12-24T15:34:25.241+0000][gc,task     ] GC(153) Using 8 workers of 8 for evacuation
[2025-12-24T15:34:25.267+0000][gc,phases   ] GC(153)   Pre Evacuate Collection Set: 2.1ms
[2025-12-24T15:34:25.267+0000][gc,phases   ] GC(153)   Merge Heap Roots: 3.2ms
[2025-12-24T15:34:25.267+0000][gc,phases   ] GC(153)   Evacuate Collection Set: 19.4ms
[2025-12-24T15:34:25.267+0000][gc,phases   ] GC(153)   Post Evacuate Collection Set: 1.1ms
[2025-12-24T15:34:25.267+0000][gc,phases   ] GC(153)   Other: 0.5ms
[2025-12-24T15:34:25.267+0000][gc,heap     ] GC(153) Eden regions: 605->0(605)
[2025-12-24T15:34:25.267+0000][gc,heap     ] GC(153) Survivor regions: 9->9(77)
[2025-12-24T15:34:25.267+0000][gc,heap     ] GC(153) Old regions: 48->49
[2025-12-24T15:34:25.267+0000][gc,heap     ] GC(153) Humongous regions: 149->149
[2025-12-24T15:34:25.267+0000][gc,metaspace] GC(153) Metaspace: 15250K(15616K)->15250K(15616K) NonClass: 13641K(13760K)->13641K(13760K) Class: 1608K(1856K)->1608K(1856K)
[2025-12-24T15:34:25.267+0000][gc          ] GC(153) Pause Young (Normal) (G1 Evacuation Pause) 810M->205M(1024M) 27.412ms
[2025-12-24T15:34:25.268+0000][gc,cpu      ] GC(153) User=0.18s Sys=0.00s Real=0.03s
[2025-12-24T15:34:55.467+0000][gc,start    ] GC(154) Pause Young (Normal) (G1 Evacuation Pause)
[2025-12-24T15:34:55.468+0000][gc,task     ] GC(154) Using 8 workers of 8 for evacuation
[2025-12-24T15:34:55.485+0000][gc,phases   ] GC(154)   Pre Evacuate Collection Set: 1.0ms
[2025-12-24T15:34:55.485+0000][gc,phases   ] GC(154)   Merge Heap Roots: 0.3ms
[2025-12-24T15:34:55.485+0000][gc,phases   ] GC(154)   Evacuate Collection Set: 13.0ms
[2025-12-24T15:34:55.485+0000][gc,phases   ] GC(154)   Post Evacuate Collection Set: 2.1ms
[2025-12-24T15:34:55.485+0000][gc,phases   ] GC(154)   Other: 0.3ms
[2025-12-24T15:34:55.485+0000][gc,heap     ] GC(154) Eden regions: 605->0(604)
[2025-12-24T15:34:55.485+0000][gc,heap     ] GC(154) Survivor regions: 9->10(77)
[2025-12-24T15:34:55.485+0000][gc,heap     ] GC(154) Old regions: 49->49
[2025-12-24T15:34:55.485+0000][gc,heap     ] GC(154) Humongous regions: 149->149
[2025-12-24T15:34:55.485+0000][gc,metaspace] GC(154) Metaspace: 15250K(15616K)->15250K(15616K) NonClass: 13641K(13760K)->13641K(13760K) Class: 1608K(1856K)->1608K(1856K)
[2025-12-24T15:34:55.485+0000][gc          ] GC(154) Pause Young (Normal) (G1 Evacuation Pause) 810M->207M(1024M) 18.368ms
[2025-12-24T15:34:55.485+0000][gc,cpu      ] GC(154) User=0.11s Sys=0.00s Real=0.02s
[2025-12-24T15:35:35.109+0000][gc,start    ] GC(155) Pause Young (Normal) (G1 Evacuation Pause)
[2025-12-24T15:35:35.110+0000][gc,task     ] GC(155) Using 8 workers of 8 for evacuation
[2025-12-24T15:35:35.130+0000][gc,phases   ] GC(155)   Pre Evacuate Collection Set: 1.0ms
[2025-12-24T15:35:35.130+0000][gc,phases   ] GC(155)   Merge Heap Roots: 0.3ms
[2025-12-24T15:35:35.130+0000][gc,phases   ] GC(155)   Evacuate Collection Set: 17.4ms
[2025-12-24T15:35:35.130+0000][gc,phases   ] GC(155)   Post Evacuate Collection Set: 1.3ms
[2025-12-24T15:35:35.130+0000][gc,phases   ] GC(155)   Other: 0.2ms
[2025-12-24T15:35:35.130+0000][gc,heap     ] GC(155) Eden regions: 604->0(605)
[2025-12-24T15:35:35.130+0000][gc,heap     ] GC(155) Survivor regions: 10->9(77)
[2025-12-24T15:35:35.131+0000][gc,heap     ] GC(155) Old regions: 49->49
[2025-12-24T15:35:35.131+0000][gc,heap     ] GC(155) Humongous regions: 149->149
[2025-12-24T15:35:35.131+0000][gc,metaspace] GC(155) Metaspace: 15250K(15616K)->15250K(15616K) NonClass: 13641K(13760K)->13641K(13760K) Class: 1608K(1856K)->1608K(1856K)
[2025-12-24T15:35:35.131+0000][gc          ] GC(155) Pause Young (Normal) (G1 Evacuation Pause) 811M->206M(1024M) 21.285ms
[2025-12-24T15:35:35.131+0000][gc,cpu      ] GC(155) User=0.14s Sys=0.01s Real=0.02s
[2025-12-24T15:36:05.373+0000][gc,start    ] GC(156) Pause Young (Normal) (G1 Evacuation Pause)
[2025-12-24T15:36:05.373+0000][gc,task     ] GC(156) Using 8 workers of 8 for evacuation
[2025-12-24T15:36:05.390+0000][gc,phases   ] GC(156)   Pre Evacuate Collection Set: 1.7ms
[2025-12-24T15:36:05.390+0000][gc,phases   ] GC(156)   Merge Heap Roots: 0.7ms
[2025-12-24T15:36:05.390+0000][gc,phases   ] GC(156)   Evacuate Collection Set: 12.7ms
[2025-12-24T15:36:05.390+0000][gc,phases   ] GC(156)   Post Evacuate Collection Set: 1.1ms
[2025-12-24T15:36:05.390+0000][gc,phases   ] GC(156)   Other: 0.4ms
[2025-12-24T15:36:05.390+0000][gc,heap     ] GC(156) Eden regions: 605->0(607)
[2025-12-24T15:36:05.390+0000][gc,heap     ] GC(156) Survivor regions: 9->7(77)
[2025-12-24T15:36:05.390+0000][gc,heap     ] GC(156) Old regions: 49->49
[2025-12-24T15:36:05.390+0000][gc,heap     ] GC(156) Humongous regions: 149->149
[2025-12-24T15:36:05.390+0000][gc,metaspace] GC(156) Metaspace: 15250K(15616K)->15250K(15616K) NonClass: 13641K(13760K)->13641K(13760K) Class: 1608K(1856K)->1608K(1856K)
[2025-12-24T15:36:05.390+0000][gc          ] GC(156) Pause Young (Normal) (G1 Evacuation Pause) 811M->203M(1024M) 17.744ms
[2025-12-24T15:36:05.391+0000][gc,cpu      ] GC(156) User=0.10s Sys=0.00s Real=0.02s
[2025-12-24T15:36:45.016+0000][gc,start    ] GC(157) Pause Young (Normal) (G1 Evacuation Pause)
[2025-12-24T15:36:45.019+0000][gc,task     ] GC(157) Using 8 workers of 8 for evacuation
[2025-12-24T15:36:45.048+0000][gc,phases   ] GC(157)   Pre Evacuate Collection Set: 1.0ms
[2025-12-24T15:36:45.049+0000][gc,phases   ] GC(157)   Merge Heap Roots: 0.3ms
[2025-12-24T15:36:45.049+0000][gc,phases   ] GC(157)   Evacuate Collection Set: 25.7ms
[2025-12-24T15:36:45.049+0000][gc,phases   ] GC(157)   Post Evacuate Collection Set: 2.1ms
[2025-12-24T15:36:45.049+0000][gc,phases   ] GC(157)   Other: 0.6ms
[2025-12-24T15:36:45.049+0000][gc,heap     ] GC(157) Eden regions: 607->0(609)
[2025-12-24T15:36:45.049+0000][gc,heap     ] GC(157) Survivor regions: 7->5(77)
[2025-12-24T15:36:45.050+0000][gc,heap     ] GC(157) Old regions: 49->49
[2025-12-24T15:36:45.050+0000][gc,heap     ] GC(157) Humongous regions: 149->149
[2025-12-24T15:36:45.050+0000][gc,metaspace] GC(157) Metaspace: 15250K(15616K)->15250K(15616K) NonClass: 13641K(13760K)->13641K(13760K) Class: 1608K(1856K)->1608K(1856K)
[2025-12-24T15:36:45.050+0000][gc          ] GC(157) Pause Young (Normal) (G1 Evacuation Pause) 810M->202M(1024M) 34.181ms
[2025-12-24T15:36:45.050+0000][gc,cpu      ] GC(157) User=0.20s Sys=0.01s Real=0.04s
[2025-12-24T15:37:15.249+0000][gc,start    ] GC(158) Pause Young (Normal) (G1 Evacuation Pause)
[2025-12-24T15:37:15.250+0000][gc,task     ] GC(158) Using 8 workers of 8 for evacuation
[2025-12-24T15:37:15.269+0000][gc,phases   ] GC(158)   Pre Evacuate Collection Set: 1.7ms
[2025-12-24T15:37:15.269+0000][gc,phases   ] GC(158)   Merge Heap Roots: 1.4ms
[2025-12-24T15:37:15.269+0000][gc,phases   ] GC(158)   Evacuate Collection Set: 14.4ms
[2025-12-24T15:37:15.269+0000][gc,phases   ] GC(158)   Post Evacuate Collection Set: 1.1ms
[2025-12-24T15:37:15.269+0000][gc,phases   ] GC(158)   Other: 0.3ms
[2025-12-24T15:37:15.269+0000][gc,heap     ] GC(158) Eden regions: 609->0(606)
[2025-12-24T15:37:15.269+0000][gc,heap     ] GC(158) Survivor regions: 5->8(77)
[2025-12-24T15:37:15.269+0000][gc,heap     ] GC(158) Old regions: 49->50
[2025-12-24T15:37:15.270+0000][gc,heap     ] GC(158) Humongous regions: 149->149
[2025-12-24T15:37:15.270+0000][gc,metaspace] GC(158) Metaspace: 15250K(15616K)->15250K(15616K) NonClass: 13641K(13760K)->13641K(13760K) Class: 1608K(1856K)->1608K(1856K)
[2025-12-24T15:37:15.270+0000][gc          ] GC(158) Pause Young (Normal) (G1 Evacuation Pause) 811M->205M(1024M) 20.709ms
[2025-12-24T15:37:15.270+0000][gc,cpu      ] GC(158) User=0.13s Sys=0.01s Real=0.02s
[2025-12-24T15:37:45.626+0000][gc,start    ] GC(159) Pause Young (Normal) (G1 Evacuation Pause)
[2025-12-24T15:37:45.626+0000][gc,task     ] GC(159) Using 8 workers of 8 for evacuation
[2025-12-24T15:37:45.639+0000][gc,phases   ] GC(159)   Pre Evacuate Collection Set: 0.9ms
[2025-12-24T15:37:45.639+0000][gc,phases   ] GC(159)   Merge Heap Roots: 0.3ms
[2025-12-24T15:37:45.639+0000][gc,phases   ] GC(159)   Evacuate Collection Set: 10.2ms
[2025-12-24T15:37:45.639+0000][gc,phases   ] GC(159)   Post Evacuate Collection Set: 1.0ms
[2025-12-24T15:37:45.639+0000][gc,phases   ] GC(159)   Other: 0.3ms
[2025-12-24T15:37:45.639+0000][gc,heap     ] GC(159) Eden regions: 606->0(606)
[2025-12-24T15:37:45.639+0000][gc,heap     ] GC(159) Survivor regions: 8->8(77)
[2025-12-24T15:37:45.639+0000][gc,heap     ] GC(159) Old regions: 50->50
[2025-12-24T15:37:45.639+0000][gc,heap     ] GC(159) Humongous regions: 149->149
[2025-12-24T15:37:45.639+0000][gc,metaspace] GC(159) Metaspace: 15250K(15616K)->15250K(15616K) NonClass: 13641K(13760K)->13641K(13760K) Class: 1608K(1856K)->1608K(1856K)
[2025-12-24T15:37:45.639+0000][gc          ] GC(159) Pause Young (Normal) (G1 Evacuation Pause) 811M->206M(1024M) 13.922ms
[2025-12-24T15:37:45.640+0000][gc,cpu      ] GC(159) User=0.09s Sys=0.00s Real=0.02s
[2025-12-24T15:38:25.327+0000][gc,start    ] GC(160) Pause Young (Normal) (G1 Evacuation Pause)
[2025-12-24T15:38:25.328+0000][gc,task     ] GC(160) Using 8 workers of 8 for evacuation
[2025-12-24T15:38:25.344+0000][gc,phases   ] GC(160)   Pre Evacuate Collection Set: 1.0ms
[2025-12-24T15:38:25.344+0000][gc,phases   ] GC(160)   Merge Heap Roots: 0.3ms
[2025-12-24T15:38:25.344+0000][gc,phases   ] GC(160)   Evacuate Collection Set: 13.7ms
[2025-12-24T15:38:25.344+0000][gc,phases   ] GC(160)   Post Evacuate Collection Set: 1.0ms
[2025-12-24T15:38:25.344+0000][gc,phases   ] GC(160)   Other: 0.3ms
[2025-12-24T15:38:25.345+0000][gc,heap     ] GC(160) Eden regions: 606->0(606)
[2025-12-24T15:38:25.345+0000][gc,heap     ] GC(160) Survivor regions: 8->8(77)
[2025-12-24T15:38:25.345+0000][gc,heap     ] GC(160) Old regions: 50->50
[2025-12-24T15:38:25.345+0000][gc,heap     ] GC(160) Humongous regions: 149->149
[2025-12-24T15:38:25.345+0000][gc,metaspace] GC(160) Metaspace: 15250K(15616K)->15250K(15616K) NonClass: 13641K(13760K)->13641K(13760K) Class: 1608K(1856K)->1608K(1856K)
[2025-12-24T15:38:25.345+0000][gc          ] GC(160) Pause Young (Normal) (G1 Evacuation Pause) 812M->206M(1024M) 18.148ms
[2025-12-24T15:38:25.345+0000][gc,cpu      ] GC(160) User=0.12s Sys=0.00s Real=0.01s
[2025-12-24T15:38:55.733+0000][gc,start    ] GC(161) Pause Young (Normal) (G1 Evacuation Pause)
[2025-12-24T15:38:55.734+0000][gc,task     ] GC(161) Using 8 workers of 8 for evacuation
[2025-12-24T15:38:55.758+0000][gc,phases   ] GC(161)   Pre Evacuate Collection Set: 1.2ms
[2025-12-24T15:38:55.758+0000][gc,phases   ] GC(161)   Merge Heap Roots: 0.2ms
[2025-12-24T15:38:55.758+0000][gc,phases   ] GC(161)   Evacuate Collection Set: 20.7ms
[2025-12-24T15:38:55.758+0000][gc,phases   ] GC(161)   Post Evacuate Collection Set: 1.3ms
[2025-12-24T15:38:55.758+0000][gc,phases   ] GC(161)   Other: 0.4ms
[2025-12-24T15:38:55.758+0000][gc,heap     ] GC(161) Eden regions: 606->0(604)
[2025-12-24T15:38:55.758+0000][gc,heap     ] GC(161) Survivor regions: 8->10(77)
[2025-12-24T15:38:55.758+0000][gc,heap     ] GC(161) Old regions: 50->50
[2025-12-24T15:38:55.758+0000][gc,heap     ] GC(161) Humongous regions: 149->149
[2025-12-24T15:38:55.758+0000][gc,metaspace] GC(161) Metaspace: 15250K(15616K)->15250K(15616K) NonClass: 13641K(13760K)->13641K(13760K) Class: 1608K(1856K)->1608K(1856K)
[2025-12-24T15:38:55.758+0000][gc          ] GC(161) Pause Young (Normal) (G1 Evacuation Pause) 812M->208M(1024M) 25.167ms
[2025-12-24T15:38:55.758+0000][gc,cpu      ] GC(161) User=0.15s Sys=0.01s Real=0.03s
[2025-12-24T15:39:35.234+0000][gc,start    ] GC(162) Pause Young (Normal) (G1 Evacuation Pause)
[2025-12-24T15:39:35.235+0000][gc,task     ] GC(162) Using 8 workers of 8 for evacuation
[2025-12-24T15:39:35.270+0000][gc,phases   ] GC(162)   Pre Evacuate Collection Set: 1.2ms
[2025-12-24T15:39:35.270+0000][gc,phases   ] GC(162)   Merge Heap Roots: 0.4ms
[2025-12-24T15:39:35.270+0000][gc,phases   ] GC(162)   Evacuate Collection Set: 31.9ms
[2025-12-24T15:39:35.270+0000][gc,phases   ] GC(162)   Post Evacuate Collection Set: 1.1ms
[2025-12-24T15:39:35.270+0000][gc,phases   ] GC(162)   Other: 0.5ms
[2025-12-24T15:39:35.271+0000][gc,heap     ] GC(162) Eden regions: 604->0(605)
[2025-12-24T15:39:35.271+0000][gc,heap     ] GC(162) Survivor regions: 10->9(77)
[2025-12-24T15:39:35.271+0000][gc,heap     ] GC(162) Old regions: 50->51
[2025-12-24T15:39:35.271+0000][gc,heap     ] GC(162) Humongous regions: 149->149
[2025-12-24T15:39:35.271+0000][gc,metaspace] GC(162) Metaspace: 15250K(15616K)->15250K(15616K) NonClass: 13641K(13760K)->13641K(13760K) Class: 1608K(1856K)->1608K(1856K)
[2025-12-24T15:39:35.271+0000][gc          ] GC(162) Pause Young (Normal) (G1 Evacuation Pause) 812M->207M(1024M) 36.946ms
[2025-12-24T15:39:35.271+0000][gc,cpu      ] GC(162) User=0.19s Sys=0.03s Real=0.04s
[2025-12-24T15:40:05.449+0000][gc,start    ] GC(163) Pause Young (Normal) (G1 Evacuation Pause)
[2025-12-24T15:40:05.450+0000][gc,task     ] GC(163) Using 8 workers of 8 for evacuation
[2025-12-24T15:40:05.461+0000][gc,phases   ] GC(163)   Pre Evacuate Collection Set: 1.0ms
[2025-12-24T15:40:05.462+0000][gc,phases   ] GC(163)   Merge Heap Roots: 0.3ms
[2025-12-24T15:40:05.462+0000][gc,phases   ] GC(163)   Evacuate Collection Set: 5.9ms
[2025-12-24T15:40:05.462+0000][gc,phases   ] GC(163)   Post Evacuate Collection Set: 3.3ms
[2025-12-24T15:40:05.462+0000][gc,phases   ] GC(163)   Other: 0.7ms
[2025-12-24T15:40:05.462+0000][gc,heap     ] GC(163) Eden regions: 605->0(608)
[2025-12-24T15:40:05.462+0000][gc,heap     ] GC(163) Survivor regions: 9->6(77)
[2025-12-24T15:40:05.462+0000][gc,heap     ] GC(163) Old regions: 51->51
[2025-12-24T15:40:05.462+0000][gc,heap     ] GC(163) Humongous regions: 149->149
[2025-12-24T15:40:05.462+0000][gc,metaspace] GC(163) Metaspace: 15250K(15616K)->15250K(15616K) NonClass: 13641K(13760K)->13641K(13760K) Class: 1608K(1856K)->1608K(1856K)
[2025-12-24T15:40:05.463+0000][gc          ] GC(163) Pause Young (Normal) (G1 Evacuation Pause) 812M->205M(1024M) 13.128ms
[2025-12-24T15:40:05.463+0000][gc,cpu      ] GC(163) User=0.06s Sys=0.00s Real=0.02s
[2025-12-24T15:40:45.131+0000][gc,start    ] GC(164) Pause Young (Normal) (G1 Evacuation Pause)
[2025-12-24T15:40:45.132+0000][gc,task     ] GC(164) Using 8 workers of 8 for evacuation
[2025-12-24T15:40:45.157+0000][gc,phases   ] GC(164)   Pre Evacuate Collection Set: 1.3ms
[2025-12-24T15:40:45.157+0000][gc,phases   ] GC(164)   Merge Heap Roots: 0.4ms
[2025-12-24T15:40:45.157+0000][gc,phases   ] GC(164)   Evacuate Collection Set: 21.3ms
[2025-12-24T15:40:45.157+0000][gc,phases   ] GC(164)   Post Evacuate Collection Set: 1.4ms
[2025-12-24T15:40:45.157+0000][gc,phases   ] GC(164)   Other: 0.6ms
[2025-12-24T15:40:45.157+0000][gc,heap     ] GC(164) Eden regions: 608->0(609)
[2025-12-24T15:40:45.157+0000][gc,heap     ] GC(164) Survivor regions: 6->5(77)
[2025-12-24T15:40:45.157+0000][gc,heap     ] GC(164) Old regions: 51->51
[2025-12-24T15:40:45.157+0000][gc,heap     ] GC(164) Humongous regions: 149->149
[2025-12-24T15:40:45.158+0000][gc,metaspace] GC(164) Metaspace: 15250K(15616K)->15250K(15616K) NonClass: 13641K(13760K)->13641K(13760K) Class: 1608K(1856K)->1608K(1856K)
[2025-12-24T15:40:45.158+0000][gc          ] GC(164) Pause Young (Normal) (G1 Evacuation Pause) 813M->204M(1024M) 26.535ms
[2025-12-24T15:40:45.158+0000][gc,cpu      ] GC(164) User=0.16s Sys=0.00s Real=0.03s
[2025-12-24T15:41:15.389+0000][gc,start    ] GC(165) Pause Young (Normal) (G1 Evacuation Pause)
[2025-12-24T15:41:15.390+0000][gc,task     ] GC(165) Using 8 workers of 8 for evacuation
[2025-12-24T15:41:15.408+0000][gc,phases   ] GC(165)   Pre Evacuate Collection Set: 0.9ms
[2025-12-24T15:41:15.409+0000][gc,phases   ] GC(165)   Merge Heap Roots: 0.2ms
[2025-12-24T15:41:15.409+0000][gc,phases   ] GC(165)   Evacuate Collection Set: 15.2ms
[2025-12-24T15:41:15.409+0000][gc,phases   ] GC(165)   Post Evacuate Collection Set: 1.2ms
[2025-12-24T15:41:15.409+0000][gc,phases   ] GC(165)   Other: 0.4ms
[2025-12-24T15:41:15.409+0000][gc,heap     ] GC(165) Eden regions: 609->0(607)
[2025-12-24T15:41:15.409+0000][gc,heap     ] GC(165) Survivor regions: 5->7(77)
[2025-12-24T15:41:15.409+0000][gc,heap     ] GC(165) Old regions: 51->51
[2025-12-24T15:41:15.409+0000][gc,heap     ] GC(165) Humongous regions: 149->149
[2025-12-24T15:41:15.410+0000][gc,metaspace] GC(165) Metaspace: 15250K(15616K)->15250K(15616K) NonClass: 13641K(13760K)->13641K(13760K) Class: 1608K(1856K)->1608K(1856K)
[2025-12-24T15:41:15.410+0000][gc          ] GC(165) Pause Young (Normal) (G1 Evacuation Pause) 813M->206M(1024M) 20.428ms
[2025-12-24T15:41:15.410+0000][gc,cpu      ] GC(165) User=0.13s Sys=0.01s Real=0.02s
[2025-12-24T15:41:45.657+0000][gc,start    ] GC(166) Pause Young (Normal) (G1 Evacuation Pause)
[2025-12-24T15:41:45.658+0000][gc,task     ] GC(166) Using 8 workers of 8 for evacuation
[2025-12-24T15:41:45.669+0000][gc,phases   ] GC(166)   Pre Evacuate Collection Set: 1.5ms
[2025-12-24T15:41:45.669+0000][gc,phases   ] GC(166)   Merge Heap Roots: 0.4ms
[2025-12-24T15:41:45.669+0000][gc,phases   ] GC(166)   Evacuate Collection Set: 7.9ms
[2025-12-24T15:41:45.669+0000][gc,phases   ] GC(166)   Post Evacuate Collection Set: 1.0ms
[2025-12-24T15:41:45.669+0000][gc,phases   ] GC(166)   Other: 0.5ms
[2025-12-24T15:41:45.670+0000][gc,heap     ] GC(166) Eden regions: 607->0(605)
[2025-12-24T15:41:45.670+0000][gc,heap     ] GC(166) Survivor regions: 7->9(77)
[2025-12-24T15:41:45.670+0000][gc,heap     ] GC(166) Old regions: 51->52
[2025-12-24T15:41:45.670+0000][gc,heap     ] GC(166) Humongous regions: 149->149
[2025-12-24T15:41:45.670+0000][gc,metaspace] GC(166) Metaspace: 15250K(15616K)->15250K(15616K) NonClass: 13641K(13760K)->13641K(13760K) Class: 1608K(1856K)->1608K(1856K)
[2025-12-24T15:41:45.670+0000][gc          ] GC(166) Pause Young (Normal) (G1 Evacuation Pause) 813M->208M(1024M) 12.663ms
[2025-12-24T15:41:45.670+0000][gc,cpu      ] GC(166) User=0.07s Sys=0.00s Real=0.01s
[2025-12-24T15:42:25.286+0000][gc,start    ] GC(167) Pause Young (Normal) (G1 Evacuation Pause)
[2025-12-24T15:42:25.286+0000][gc,task     ] GC(167) Using 8 workers of 8 for evacuation
[2025-12-24T15:42:25.306+0000][gc,phases   ] GC(167)   Pre Evacuate Collection Set: 1.0ms
[2025-12-24T15:42:25.306+0000][gc,phases   ] GC(167)   Merge Heap Roots: 0.3ms
[2025-12-24T15:42:25.306+0000][gc,phases   ] GC(167)   Evacuate Collection Set: 17.0ms
[2025-12-24T15:42:25.306+0000][gc,phases   ] GC(167)   Post Evacuate Collection Set: 1.0ms
[2025-12-24T15:42:25.306+0000][gc,phases   ] GC(167)   Other: 0.3ms
[2025-12-24T15:42:25.306+0000][gc,heap     ] GC(167) Eden regions: 605->0(606)
[2025-12-24T15:42:25.306+0000][gc,heap     ] GC(167) Survivor regions: 9->8(77)
[2025-12-24T15:42:25.306+0000][gc,heap     ] GC(167) Old regions: 52->52
[2025-12-24T15:42:25.306+0000][gc,heap     ] GC(167) Humongous regions: 149->149
[2025-12-24T15:42:25.306+0000][gc,metaspace] GC(167) Metaspace: 15250K(15616K)->15250K(15616K) NonClass: 13641K(13760K)->13641K(13760K) Class: 1608K(1856K)->1608K(1856K)
[2025-12-24T15:42:25.306+0000][gc          ] GC(167) Pause Young (Normal) (G1 Evacuation Pause) 813M->208M(1024M) 20.801ms
[2025-12-24T15:42:25.307+0000][gc,cpu      ] GC(167) User=0.15s Sys=0.00s Real=0.02s
[2025-12-24T15:42:55.508+0000][gc,start    ] GC(168) Pause Young (Normal) (G1 Evacuation Pause)
[2025-12-24T15:42:55.509+0000][gc,task     ] GC(168) Using 8 workers of 8 for evacuation
[2025-12-24T15:42:55.529+0000][gc,phases   ] GC(168)   Pre Evacuate Collection Set: 1.1ms
[2025-12-24T15:42:55.529+0000][gc,phases   ] GC(168)   Merge Heap Roots: 0.3ms
[2025-12-24T15:42:55.529+0000][gc,phases   ] GC(168)   Evacuate Collection Set: 17.0ms
[2025-12-24T15:42:55.529+0000][gc,phases   ] GC(168)   Post Evacuate Collection Set: 1.1ms
[2025-12-24T15:42:55.529+0000][gc,phases   ] GC(168)   Other: 0.2ms
[2025-12-24T15:42:55.530+0000][gc,heap     ] GC(168) Eden regions: 606->0(604)
[2025-12-24T15:42:55.530+0000][gc,heap     ] GC(168) Survivor regions: 8->10(77)
[2025-12-24T15:42:55.530+0000][gc,heap     ] GC(168) Old regions: 52->52
[2025-12-24T15:42:55.530+0000][gc,heap     ] GC(168) Humongous regions: 149->149
[2025-12-24T15:42:55.530+0000][gc,metaspace] GC(168) Metaspace: 15251K(15616K)->15251K(15616K) NonClass: 13643K(13760K)->13643K(13760K) Class: 1608K(1856K)->1608K(1856K)
[2025-12-24T15:42:55.530+0000][gc          ] GC(168) Pause Young (Normal) (G1 Evacuation Pause) 814M->210M(1024M) 21.371ms
[2025-12-24T15:42:55.530+0000][gc,cpu      ] GC(168) User=0.14s Sys=0.00s Real=0.02s
[2025-12-24T15:43:35.196+0000][gc,start    ] GC(169) Pause Young (Normal) (G1 Evacuation Pause)
[2025-12-24T15:43:35.197+0000][gc,task     ] GC(169) Using 8 workers of 8 for evacuation
[2025-12-24T15:43:35.220+0000][gc,phases   ] GC(169)   Pre Evacuate Collection Set: 3.3ms
[2025-12-24T15:43:35.221+0000][gc,phases   ] GC(169)   Merge Heap Roots: 1.4ms
[2025-12-24T15:43:35.221+0000][gc,phases   ] GC(169)   Evacuate Collection Set: 11.9ms
[2025-12-24T15:43:35.221+0000][gc,phases   ] GC(169)   Post Evacuate Collection Set: 3.5ms
[2025-12-24T15:43:35.221+0000][gc,phases   ] GC(169)   Other: 2.9ms
[2025-12-24T15:43:35.221+0000][gc,heap     ] GC(169) Eden regions: 604->0(605)
[2025-12-24T15:43:35.221+0000][gc,heap     ] GC(169) Survivor regions: 10->9(77)
[2025-12-24T15:43:35.221+0000][gc,heap     ] GC(169) Old regions: 52->52
[2025-12-24T15:43:35.221+0000][gc,heap     ] GC(169) Humongous regions: 149->149
[2025-12-24T15:43:35.221+0000][gc,metaspace] GC(169) Metaspace: 15251K(15616K)->15251K(15616K) NonClass: 13643K(13760K)->13643K(13760K) Class: 1608K(1856K)->1608K(1856K)
[2025-12-24T15:43:35.221+0000][gc          ] GC(169) Pause Young (Normal) (G1 Evacuation Pause) 814M->209M(1024M) 25.040ms
[2025-12-24T15:43:35.221+0000][gc,cpu      ] GC(169) User=0.12s Sys=0.01s Real=0.03s
[2025-12-24T15:44:05.422+0000][gc,start    ] GC(170) Pause Young (Normal) (G1 Evacuation Pause)
[2025-12-24T15:44:05.423+0000][gc,task     ] GC(170) Using 8 workers of 8 for evacuation
[2025-12-24T15:44:05.442+0000][gc,phases   ] GC(170)   Pre Evacuate Collection Set: 0.9ms
[2025-12-24T15:44:05.442+0000][gc,phases   ] GC(170)   Merge Heap Roots: 0.2ms
[2025-12-24T15:44:05.442+0000][gc,phases   ] GC(170)   Evacuate Collection Set: 17.1ms
[2025-12-24T15:44:05.442+0000][gc,phases   ] GC(170)   Post Evacuate Collection Set: 1.0ms
[2025-12-24T15:44:05.443+0000][gc,phases   ] GC(170)   Other: 0.3ms
[2025-12-24T15:44:05.443+0000][gc,heap     ] GC(170) Eden regions: 605->0(608)
[2025-12-24T15:44:05.443+0000][gc,heap     ] GC(170) Survivor regions: 9->6(77)
[2025-12-24T15:44:05.443+0000][gc,heap     ] GC(170) Old regions: 52->53
[2025-12-24T15:44:05.443+0000][gc,heap     ] GC(170) Humongous regions: 149->149
[2025-12-24T15:44:05.443+0000][gc,metaspace] GC(170) Metaspace: 15254K(15616K)->15254K(15616K) NonClass: 13645K(13760K)->13645K(13760K) Class: 1608K(1856K)->1608K(1856K)
[2025-12-24T15:44:05.443+0000][gc          ] GC(170) Pause Young (Normal) (G1 Evacuation Pause) 814M->206M(1024M) 20.535ms
[2025-12-24T15:44:05.443+0000][gc,cpu      ] GC(170) User=0.13s Sys=0.00s Real=0.02s
[2025-12-24T15:44:45.086+0000][gc,start    ] GC(171) Pause Young (Normal) (G1 Evacuation Pause)
[2025-12-24T15:44:45.087+0000][gc,task     ] GC(171) Using 8 workers of 8 for evacuation
[2025-12-24T15:44:45.104+0000][gc,phases   ] GC(171)   Pre Evacuate Collection Set: 2.3ms
[2025-12-24T15:44:45.104+0000][gc,phases   ] GC(171)   Merge Heap Roots: 0.8ms
[2025-12-24T15:44:45.104+0000][gc,phases   ] GC(171)   Evacuate Collection Set: 11.9ms
[2025-12-24T15:44:45.104+0000][gc,phases   ] GC(171)   Post Evacuate Collection Set: 1.5ms
[2025-12-24T15:44:45.104+0000][gc,phases   ] GC(171)   Other: 0.6ms
[2025-12-24T15:44:45.104+0000][gc,heap     ] GC(171) Eden regions: 608->0(609)
[2025-12-24T15:44:45.105+0000][gc,heap     ] GC(171) Survivor regions: 6->5(77)
[2025-12-24T15:44:45.105+0000][gc,heap     ] GC(171) Old regions: 53->53
[2025-12-24T15:44:45.105+0000][gc,heap     ] GC(171) Humongous regions: 149->149
[2025-12-24T15:44:45.105+0000][gc,metaspace] GC(171) Metaspace: 15267K(15680K)->15267K(15680K) NonClass: 13659K(13824K)->13659K(13824K) Class: 1608K(1856K)->1608K(1856K)
[2025-12-24T15:44:45.105+0000][gc          ] GC(171) Pause Young (Normal) (G1 Evacuation Pause) 814M->206M(1024M) 19.008ms
[2025-12-24T15:44:45.105+0000][gc,cpu      ] GC(171) User=0.10s Sys=0.00s Real=0.02s
[2025-12-24T15:45:15.350+0000][gc,start    ] GC(172) Pause Young (Normal) (G1 Evacuation Pause)
[2025-12-24T15:45:15.350+0000][gc,task     ] GC(172) Using 8 workers of 8 for evacuation
[2025-12-24T15:45:15.369+0000][gc,phases   ] GC(172)   Pre Evacuate Collection Set: 1.0ms
[2025-12-24T15:45:15.369+0000][gc,phases   ] GC(172)   Merge Heap Roots: 0.2ms
[2025-12-24T15:45:15.369+0000][gc,phases   ] GC(172)   Evacuate Collection Set: 15.8ms
[2025-12-24T15:45:15.369+0000][gc,phases   ] GC(172)   Post Evacuate Collection Set: 1.1ms
[2025-12-24T15:45:15.369+0000][gc,phases   ] GC(172)   Other: 0.3ms
[2025-12-24T15:45:15.369+0000][gc,heap     ] GC(172) Eden regions: 609->0(608)
[2025-12-24T15:45:15.369+0000][gc,heap     ] GC(172) Survivor regions: 5->6(77)
[2025-12-24T15:45:15.369+0000][gc,heap     ] GC(172) Old regions: 53->53
[2025-12-24T15:45:15.369+0000][gc,heap     ] GC(172) Humongous regions: 149->149
[2025-12-24T15:45:15.369+0000][gc,metaspace] GC(172) Metaspace: 15267K(15680K)->15267K(15680K) NonClass: 13659K(13824K)->13659K(13824K) Class: 1608K(1856K)->1608K(1856K)
[2025-12-24T15:45:15.369+0000][gc          ] GC(172) Pause Young (Normal) (G1 Evacuation Pause) 815M->207M(1024M) 19.499ms
[2025-12-24T15:45:15.370+0000][gc,cpu      ] GC(172) User=0.12s Sys=0.00s Real=0.02s
[2025-12-24T15:45:45.624+0000][gc,start    ] GC(173) Pause Young (Normal) (G1 Evacuation Pause)
[2025-12-24T15:45:45.624+0000][gc,task     ] GC(173) Using 8 workers of 8 for evacuation
[2025-12-24T15:45:45.637+0000][gc,phases   ] GC(173)   Pre Evacuate Collection Set: 0.9ms
[2025-12-24T15:45:45.637+0000][gc,phases   ] GC(173)   Merge Heap Roots: 0.2ms
[2025-12-24T15:45:45.637+0000][gc,phases   ] GC(173)   Evacuate Collection Set: 10.4ms
[2025-12-24T15:45:45.637+0000][gc,phases   ] GC(173)   Post Evacuate Collection Set: 1.2ms
[2025-12-24T15:45:45.637+0000][gc,phases   ] GC(173)   Other: 0.3ms
[2025-12-24T15:45:45.637+0000][gc,heap     ] GC(173) Eden regions: 608->0(605)
[2025-12-24T15:45:45.637+0000][gc,heap     ] GC(173) Survivor regions: 6->9(77)
[2025-12-24T15:45:45.637+0000][gc,heap     ] GC(173) Old regions: 53->53
[2025-12-24T15:45:45.638+0000][gc,heap     ] GC(173) Humongous regions: 149->149
[2025-12-24T15:45:45.638+0000][gc,metaspace] GC(173) Metaspace: 15268K(15680K)->15268K(15680K) NonClass: 13659K(13824K)->13659K(13824K) Class: 1608K(1856K)->1608K(1856K)
[2025-12-24T15:45:45.638+0000][gc          ] GC(173) Pause Young (Normal) (G1 Evacuation Pause) 815M->209M(1024M) 14.173ms
[2025-12-24T15:45:45.638+0000][gc,cpu      ] GC(173) User=0.08s Sys=0.01s Real=0.02s
[2025-12-24T15:46:25.331+0000][gc,start    ] GC(174) Pause Young (Normal) (G1 Evacuation Pause)
[2025-12-24T15:46:25.331+0000][gc,task     ] GC(174) Using 8 workers of 8 for evacuation
[2025-12-24T15:46:25.352+0000][gc,phases   ] GC(174)   Pre Evacuate Collection Set: 1.0ms
[2025-12-24T15:46:25.352+0000][gc,phases   ] GC(174)   Merge Heap Roots: 0.2ms
[2025-12-24T15:46:25.352+0000][gc,phases   ] GC(174)   Evacuate Collection Set: 15.0ms
[2025-12-24T15:46:25.352+0000][gc,phases   ] GC(174)   Post Evacuate Collection Set: 3.7ms
[2025-12-24T15:46:25.352+0000][gc,phases   ] GC(174)   Other: 0.4ms
[2025-12-24T15:46:25.352+0000][gc,heap     ] GC(174) Eden regions: 605->0(606)
[2025-12-24T15:46:25.352+0000][gc,heap     ] GC(174) Survivor regions: 9->8(77)
[2025-12-24T15:46:25.352+0000][gc,heap     ] GC(174) Old regions: 53->53
[2025-12-24T15:46:25.352+0000][gc,heap     ] GC(174) Humongous regions: 149->149
[2025-12-24T15:46:25.353+0000][gc,metaspace] GC(174) Metaspace: 15268K(15680K)->15268K(15680K) NonClass: 13659K(13824K)->13659K(13824K) Class: 1608K(1856K)->1608K(1856K)
[2025-12-24T15:46:25.353+0000][gc          ] GC(174) Pause Young (Normal) (G1 Evacuation Pause) 814M->209M(1024M) 22.034ms
[2025-12-24T15:46:25.353+0000][gc,cpu      ] GC(174) User=0.12s Sys=0.01s Real=0.03s
[2025-12-24T15:46:55.501+0000][gc,start    ] GC(175) Pause Young (Normal) (G1 Evacuation Pause)
[2025-12-24T15:46:55.502+0000][gc,task     ] GC(175) Using 8 workers of 8 for evacuation
[2025-12-24T15:46:55.519+0000][gc,phases   ] GC(175)   Pre Evacuate Collection Set: 0.9ms
[2025-12-24T15:46:55.519+0000][gc,phases   ] GC(175)   Merge Heap Roots: 0.3ms
[2025-12-24T15:46:55.519+0000][gc,phases   ] GC(175)   Evacuate Collection Set: 13.5ms
[2025-12-24T15:46:55.519+0000][gc,phases   ] GC(175)   Post Evacuate Collection Set: 2.0ms
[2025-12-24T15:46:55.519+0000][gc,phases   ] GC(175)   Other: 0.2ms
[2025-12-24T15:46:55.519+0000][gc,heap     ] GC(175) Eden regions: 606->0(604)
[2025-12-24T15:46:55.519+0000][gc,heap     ] GC(175) Survivor regions: 8->10(77)
[2025-12-24T15:46:55.519+0000][gc,heap     ] GC(175) Old regions: 53->54
[2025-12-24T15:46:55.519+0000][gc,heap     ] GC(175) Humongous regions: 149->149
[2025-12-24T15:46:55.519+0000][gc,metaspace] GC(175) Metaspace: 15268K(15680K)->15268K(15680K) NonClass: 13659K(13824K)->13659K(13824K) Class: 1608K(1856K)->1608K(1856K)
[2025-12-24T15:46:55.519+0000][gc          ] GC(175) Pause Young (Normal) (G1 Evacuation Pause) 815M->211M(1024M) 17.869ms
[2025-12-24T15:46:55.519+0000][gc,cpu      ] GC(175) User=0.11s Sys=0.00s Real=0.01s
[2025-12-24T15:47:35.201+0000][gc,start    ] GC(176) Pause Young (Normal) (G1 Evacuation Pause)
[2025-12-24T15:47:35.202+0000][gc,task     ] GC(176) Using 8 workers of 8 for evacuation
[2025-12-24T15:47:35.219+0000][gc,phases   ] GC(176)   Pre Evacuate Collection Set: 1.0ms
[2025-12-24T15:47:35.219+0000][gc,phases   ] GC(176)   Merge Heap Roots: 0.4ms
[2025-12-24T15:47:35.219+0000][gc,phases   ] GC(176)   Evacuate Collection Set: 14.3ms
[2025-12-24T15:47:35.219+0000][gc,phases   ] GC(176)   Post Evacuate Collection Set: 1.0ms
[2025-12-24T15:47:35.219+0000][gc,phases   ] GC(176)   Other: 0.3ms
[2025-12-24T15:47:35.219+0000][gc,heap     ] GC(176) Eden regions: 604->0(605)
[2025-12-24T15:47:35.219+0000][gc,heap     ] GC(176) Survivor regions: 10->9(77)
[2025-12-24T15:47:35.219+0000][gc,heap     ] GC(176) Old regions: 54->54
[2025-12-24T15:47:35.219+0000][gc,heap     ] GC(176) Humongous regions: 149->149
[2025-12-24T15:47:35.219+0000][gc,metaspace] GC(176) Metaspace: 15268K(15680K)->15268K(15680K) NonClass: 13659K(13824K)->13659K(13824K) Class: 1608K(1856K)->1608K(1856K)
[2025-12-24T15:47:35.219+0000][gc          ] GC(176) Pause Young (Normal) (G1 Evacuation Pause) 815M->210M(1024M) 18.161ms
[2025-12-24T15:47:35.219+0000][gc,cpu      ] GC(176) User=0.11s Sys=0.00s Real=0.01s
[2025-12-24T15:48:05.413+0000][gc,start    ] GC(177) Pause Young (Normal) (G1 Evacuation Pause)
[2025-12-24T15:48:05.414+0000][gc,task     ] GC(177) Using 8 workers of 8 for evacuation
[2025-12-24T15:48:05.435+0000][gc,phases   ] GC(177)   Pre Evacuate Collection Set: 3.0ms
[2025-12-24T15:48:05.435+0000][gc,phases   ] GC(177)   Merge Heap Roots: 1.0ms
[2025-12-24T15:48:05.435+0000][gc,phases   ] GC(177)   Evacuate Collection Set: 13.9ms
[2025-12-24T15:48:05.435+0000][gc,phases   ] GC(177)   Post Evacuate Collection Set: 2.1ms
[2025-12-24T15:48:05.435+0000][gc,phases   ] GC(177)   Other: 0.9ms
[2025-12-24T15:48:05.436+0000][gc,heap     ] GC(177) Eden regions: 605->0(604)
[2025-12-24T15:48:05.436+0000][gc,heap     ] GC(177) Survivor regions: 9->10(77)
[2025-12-24T15:48:05.436+0000][gc,heap     ] GC(177) Old regions: 54->54
[2025-12-24T15:48:05.436+0000][gc,heap     ] GC(177) Humongous regions: 149->149
[2025-12-24T15:48:05.437+0000][gc,metaspace] GC(177) Metaspace: 15268K(15680K)->15268K(15680K) NonClass: 13660K(13824K)->13660K(13824K) Class: 1608K(1856K)->1608K(1856K)
[2025-12-24T15:48:05.437+0000][gc          ] GC(177) Pause Young (Normal) (G1 Evacuation Pause) 815M->212M(1024M) 24.516ms
[2025-12-24T15:48:05.437+0000][gc,cpu      ] GC(177) User=0.12s Sys=0.00s Real=0.03s
[2025-12-24T15:48:35.609+0000][gc,start    ] GC(178) Pause Young (Normal) (G1 Evacuation Pause)
[2025-12-24T15:48:35.610+0000][gc,task     ] GC(178) Using 8 workers of 8 for evacuation
[2025-12-24T15:48:35.623+0000][gc,phases   ] GC(178)   Pre Evacuate Collection Set: 1.0ms
[2025-12-24T15:48:35.624+0000][gc,phases   ] GC(178)   Merge Heap Roots: 0.3ms
[2025-12-24T15:48:35.624+0000][gc,phases   ] GC(178)   Evacuate Collection Set: 10.9ms
[2025-12-24T15:48:35.624+0000][gc,phases   ] GC(178)   Post Evacuate Collection Set: 1.1ms
[2025-12-24T15:48:35.624+0000][gc,phases   ] GC(178)   Other: 0.4ms
[2025-12-24T15:48:35.624+0000][gc,heap     ] GC(178) Eden regions: 604->0(607)
[2025-12-24T15:48:35.624+0000][gc,heap     ] GC(178) Survivor regions: 10->7(77)
[2025-12-24T15:48:35.624+0000][gc,heap     ] GC(178) Old regions: 54->54
[2025-12-24T15:48:35.624+0000][gc,heap     ] GC(178) Humongous regions: 149->149
[2025-12-24T15:48:35.624+0000][gc,metaspace] GC(178) Metaspace: 15268K(15680K)->15268K(15680K) NonClass: 13660K(13824K)->13660K(13824K) Class: 1608K(1856K)->1608K(1856K)
[2025-12-24T15:48:35.624+0000][gc          ] GC(178) Pause Young (Normal) (G1 Evacuation Pause) 816M->209M(1024M) 15.136ms
[2025-12-24T15:48:35.624+0000][gc,cpu      ] GC(178) User=0.09s Sys=0.00s Real=0.01s
[2025-12-24T15:49:15.294+0000][gc,start    ] GC(179) Pause Young (Normal) (G1 Evacuation Pause)
[2025-12-24T15:49:15.294+0000][gc,task     ] GC(179) Using 8 workers of 8 for evacuation
[2025-12-24T15:49:15.304+0000][gc,phases   ] GC(179)   Pre Evacuate Collection Set: 1.0ms
[2025-12-24T15:49:15.304+0000][gc,phases   ] GC(179)   Merge Heap Roots: 0.3ms
[2025-12-24T15:49:15.304+0000][gc,phases   ] GC(179)   Evacuate Collection Set: 7.0ms
[2025-12-24T15:49:15.304+0000][gc,phases   ] GC(179)   Post Evacuate Collection Set: 1.0ms
[2025-12-24T15:49:15.304+0000][gc,phases   ] GC(179)   Other: 0.5ms
[2025-12-24T15:49:15.304+0000][gc,heap     ] GC(179) Eden regions: 607->0(608)
[2025-12-24T15:49:15.304+0000][gc,heap     ] GC(179) Survivor regions: 7->6(77)
[2025-12-24T15:49:15.304+0000][gc,heap     ] GC(179) Old regions: 54->55
[2025-12-24T15:49:15.304+0000][gc,heap     ] GC(179) Humongous regions: 149->149
[2025-12-24T15:49:15.304+0000][gc,metaspace] GC(179) Metaspace: 15268K(15680K)->15268K(15680K) NonClass: 13660K(13824K)->13660K(13824K) Class: 1608K(1856K)->1608K(1856K)
[2025-12-24T15:49:15.304+0000][gc          ] GC(179) Pause Young (Normal) (G1 Evacuation Pause) 816M->209M(1024M) 10.792ms
[2025-12-24T15:49:15.305+0000][gc,cpu      ] GC(179) User=0.06s Sys=0.00s Real=0.01s
[2025-12-24T15:49:45.624+0000][gc,start    ] GC(180) Pause Young (Normal) (G1 Evacuation Pause)
[2025-12-24T15:49:45.624+0000][gc,task     ] GC(180) Using 8 workers of 8 for evacuation
[2025-12-24T15:49:45.643+0000][gc,phases   ] GC(180)   Pre Evacuate Collection Set: 1.5ms
[2025-12-24T15:49:45.643+0000][gc,phases   ] GC(180)   Merge Heap Roots: 0.3ms
[2025-12-24T15:49:45.643+0000][gc,phases   ] GC(180)   Evacuate Collection Set: 15.0ms
[2025-12-24T15:49:45.643+0000][gc,phases   ] GC(180)   Post Evacuate Collection Set: 1.7ms
[2025-12-24T15:49:45.643+0000][gc,phases   ] GC(180)   Other: 0.5ms
[2025-12-24T15:49:45.643+0000][gc,heap     ] GC(180) Eden regions: 608->0(606)
[2025-12-24T15:49:45.643+0000][gc,heap     ] GC(180) Survivor regions: 6->8(77)
[2025-12-24T15:49:45.644+0000][gc,heap     ] GC(180) Old regions: 55->55
[2025-12-24T15:49:45.644+0000][gc,heap     ] GC(180) Humongous regions: 149->149
[2025-12-24T15:49:45.644+0000][gc,metaspace] GC(180) Metaspace: 15268K(15680K)->15268K(15680K) NonClass: 13660K(13824K)->13660K(13824K) Class: 1608K(1856K)->1608K(1856K)
[2025-12-24T15:49:45.644+0000][gc          ] GC(180) Pause Young (Normal) (G1 Evacuation Pause) 817M->210M(1024M) 20.125ms
[2025-12-24T15:49:45.644+0000][gc,cpu      ] GC(180) User=0.11s Sys=0.00s Real=0.02s
[2025-12-24T15:50:25.241+0000][gc,start    ] GC(181) Pause Young (Normal) (G1 Evacuation Pause)
[2025-12-24T15:50:25.241+0000][gc,task     ] GC(181) Using 8 workers of 8 for evacuation
[2025-12-24T15:50:25.253+0000][gc,phases   ] GC(181)   Pre Evacuate Collection Set: 1.0ms
[2025-12-24T15:50:25.253+0000][gc,phases   ] GC(181)   Merge Heap Roots: 0.3ms
[2025-12-24T15:50:25.253+0000][gc,phases   ] GC(181)   Evacuate Collection Set: 9.4ms
[2025-12-24T15:50:25.253+0000][gc,phases   ] GC(181)   Post Evacuate Collection Set: 0.9ms
[2025-12-24T15:50:25.254+0000][gc,phases   ] GC(181)   Other: 0.3ms
[2025-12-24T15:50:25.254+0000][gc,heap     ] GC(181) Eden regions: 606->0(606)
[2025-12-24T15:50:25.254+0000][gc,heap     ] GC(181) Survivor regions: 8->8(77)
[2025-12-24T15:50:25.254+0000][gc,heap     ] GC(181) Old regions: 55->55
[2025-12-24T15:50:25.254+0000][gc,heap     ] GC(181) Humongous regions: 149->149
[2025-12-24T15:50:25.254+0000][gc,metaspace] GC(181) Metaspace: 15274K(15680K)->15274K(15680K) NonClass: 13665K(13824K)->13665K(13824K) Class: 1608K(1856K)->1608K(1856K)
[2025-12-24T15:50:25.254+0000][gc          ] GC(181) Pause Young (Normal) (G1 Evacuation Pause) 816M->210M(1024M) 13.272ms
[2025-12-24T15:50:25.254+0000][gc,cpu      ] GC(181) User=0.07s Sys=0.00s Real=0.02s
[2025-12-24T15:50:55.511+0000][gc,start    ] GC(182) Pause Young (Normal) (G1 Evacuation Pause)
[2025-12-24T15:50:55.512+0000][gc,task     ] GC(182) Using 8 workers of 8 for evacuation
[2025-12-24T15:50:55.529+0000][gc,phases   ] GC(182)   Pre Evacuate Collection Set: 1.0ms
[2025-12-24T15:50:55.529+0000][gc,phases   ] GC(182)   Merge Heap Roots: 0.3ms
[2025-12-24T15:50:55.529+0000][gc,phases   ] GC(182)   Evacuate Collection Set: 9.4ms
[2025-12-24T15:50:55.529+0000][gc,phases   ] GC(182)   Post Evacuate Collection Set: 5.9ms
[2025-12-24T15:50:55.529+0000][gc,phases   ] GC(182)   Other: 0.5ms
[2025-12-24T15:50:55.529+0000][gc,heap     ] GC(182) Eden regions: 606->0(605)
[2025-12-24T15:50:55.530+0000][gc,heap     ] GC(182) Survivor regions: 8->9(77)
[2025-12-24T15:50:55.530+0000][gc,heap     ] GC(182) Old regions: 55->55
[2025-12-24T15:50:55.530+0000][gc,heap     ] GC(182) Humongous regions: 149->149
[2025-12-24T15:50:55.530+0000][gc,metaspace] GC(182) Metaspace: 15274K(15680K)->15274K(15680K) NonClass: 13665K(13824K)->13665K(13824K) Class: 1608K(1856K)->1608K(1856K)
[2025-12-24T15:50:55.530+0000][gc          ] GC(182) Pause Young (Normal) (G1 Evacuation Pause) 816M->212M(1024M) 19.414ms
[2025-12-24T15:50:55.530+0000][gc,cpu      ] GC(182) User=0.09s Sys=0.00s Real=0.02s
[2025-12-24T15:51:35.169+0000][gc,start    ] GC(183) Pause Young (Normal) (G1 Evacuation Pause)
[2025-12-24T15:51:35.170+0000][gc,task     ] GC(183) Using 8 workers of 8 for evacuation
[2025-12-24T15:51:35.199+0000][gc,phases   ] GC(183)   Pre Evacuate Collection Set: 2.7ms
[2025-12-24T15:51:35.199+0000][gc,phases   ] GC(183)   Merge Heap Roots: 0.7ms
[2025-12-24T15:51:35.199+0000][gc,phases   ] GC(183)   Evacuate Collection Set: 23.8ms
[2025-12-24T15:51:35.199+0000][gc,phases   ] GC(183)   Post Evacuate Collection Set: 1.1ms
[2025-12-24T15:51:35.199+0000][gc,phases   ] GC(183)   Other: 0.8ms
[2025-12-24T15:51:35.199+0000][gc,heap     ] GC(183) Eden regions: 605->0(606)
[2025-12-24T15:51:35.199+0000][gc,heap     ] GC(183) Survivor regions: 9->8(77)
[2025-12-24T15:51:35.199+0000][gc,heap     ] GC(183) Old regions: 55->55
[2025-12-24T15:51:35.200+0000][gc,heap     ] GC(183) Humongous regions: 149->149
[2025-12-24T15:51:35.200+0000][gc,metaspace] GC(183) Metaspace: 15274K(15680K)->15274K(15680K) NonClass: 13665K(13824K)->13665K(13824K) Class: 1608K(1856K)->1608K(1856K)
[2025-12-24T15:51:35.200+0000][gc          ] GC(183) Pause Young (Normal) (G1 Evacuation Pause) 817M->211M(1024M) 30.346ms
[2025-12-24T15:51:35.200+0000][gc,cpu      ] GC(183) User=0.20s Sys=0.00s Real=0.03s
[2025-12-24T15:52:05.381+0000][gc,start    ] GC(184) Pause Young (Normal) (G1 Evacuation Pause)
[2025-12-24T15:52:05.382+0000][gc,task     ] GC(184) Using 8 workers of 8 for evacuation
[2025-12-24T15:52:05.398+0000][gc,phases   ] GC(184)   Pre Evacuate Collection Set: 0.9ms
[2025-12-24T15:52:05.399+0000][gc,phases   ] GC(184)   Merge Heap Roots: 0.3ms
[2025-12-24T15:52:05.399+0000][gc,phases   ] GC(184)   Evacuate Collection Set: 14.2ms
[2025-12-24T15:52:05.399+0000][gc,phases   ] GC(184)   Post Evacuate Collection Set: 1.0ms
[2025-12-24T15:52:05.399+0000][gc,phases   ] GC(184)   Other: 0.2ms
[2025-12-24T15:52:05.399+0000][gc,heap     ] GC(184) Eden regions: 606->0(604)
[2025-12-24T15:52:05.399+0000][gc,heap     ] GC(184) Survivor regions: 8->10(77)
[2025-12-24T15:52:05.399+0000][gc,heap     ] GC(184) Old regions: 55->56
[2025-12-24T15:52:05.399+0000][gc,heap     ] GC(184) Humongous regions: 149->149
[2025-12-24T15:52:05.399+0000][gc,metaspace] GC(184) Metaspace: 15275K(15680K)->15275K(15680K) NonClass: 13666K(13824K)->13666K(13824K) Class: 1608K(1856K)->1608K(1856K)
[2025-12-24T15:52:05.399+0000][gc          ] GC(184) Pause Young (Normal) (G1 Evacuation Pause) 817M->213M(1024M) 17.477ms
[2025-12-24T15:52:05.399+0000][gc,cpu      ] GC(184) User=0.12s Sys=0.00s Real=0.01s
[2025-12-24T15:52:35.714+0000][gc,start    ] GC(185) Pause Young (Normal) (G1 Evacuation Pause)
[2025-12-24T15:52:35.715+0000][gc,task     ] GC(185) Using 8 workers of 8 for evacuation
[2025-12-24T15:52:35.737+0000][gc,phases   ] GC(185)   Pre Evacuate Collection Set: 1.3ms
[2025-12-24T15:52:35.737+0000][gc,phases   ] GC(185)   Merge Heap Roots: 0.4ms
[2025-12-24T15:52:35.737+0000][gc,phases   ] GC(185)   Evacuate Collection Set: 14.7ms
[2025-12-24T15:52:35.737+0000][gc,phases   ] GC(185)   Post Evacuate Collection Set: 5.0ms
[2025-12-24T15:52:35.737+0000][gc,phases   ] GC(185)   Other: 0.7ms
[2025-12-24T15:52:35.737+0000][gc,heap     ] GC(185) Eden regions: 604->0(607)
[2025-12-24T15:52:35.737+0000][gc,heap     ] GC(185) Survivor regions: 10->7(77)
[2025-12-24T15:52:35.737+0000][gc,heap     ] GC(185) Old regions: 56->56
[2025-12-24T15:52:35.737+0000][gc,heap     ] GC(185) Humongous regions: 149->149
[2025-12-24T15:52:35.737+0000][gc,metaspace] GC(185) Metaspace: 15275K(15680K)->15275K(15680K) NonClass: 13666K(13824K)->13666K(13824K) Class: 1608K(1856K)->1608K(1856K)
[2025-12-24T15:52:35.737+0000][gc          ] GC(185) Pause Young (Normal) (G1 Evacuation Pause) 817M->211M(1024M) 23.371ms
[2025-12-24T15:52:35.737+0000][gc,cpu      ] GC(185) User=0.12s Sys=0.00s Real=0.02s
[2025-12-24T15:53:15.337+0000][gc,start    ] GC(186) Pause Young (Normal) (G1 Evacuation Pause)
[2025-12-24T15:53:15.337+0000][gc,task     ] GC(186) Using 8 workers of 8 for evacuation
[2025-12-24T15:53:15.361+0000][gc,phases   ] GC(186)   Pre Evacuate Collection Set: 0.9ms
[2025-12-24T15:53:15.361+0000][gc,phases   ] GC(186)   Merge Heap Roots: 0.3ms
[2025-12-24T15:53:15.361+0000][gc,phases   ] GC(186)   Evacuate Collection Set: 21.1ms
[2025-12-24T15:53:15.361+0000][gc,phases   ] GC(186)   Post Evacuate Collection Set: 1.2ms
[2025-12-24T15:53:15.361+0000][gc,phases   ] GC(186)   Other: 0.3ms
[2025-12-24T15:53:15.362+0000][gc,heap     ] GC(186) Eden regions: 607->0(608)
[2025-12-24T15:53:15.362+0000][gc,heap     ] GC(186) Survivor regions: 7->6(77)
[2025-12-24T15:53:15.362+0000][gc,heap     ] GC(186) Old regions: 56->56
[2025-12-24T15:53:15.362+0000][gc,heap     ] GC(186) Humongous regions: 149->149
[2025-12-24T15:53:15.362+0000][gc,metaspace] GC(186) Metaspace: 15275K(15680K)->15275K(15680K) NonClass: 13666K(13824K)->13666K(13824K) Class: 1608K(1856K)->1608K(1856K)
[2025-12-24T15:53:15.362+0000][gc          ] GC(186) Pause Young (Normal) (G1 Evacuation Pause) 818M->210M(1024M) 25.126ms
[2025-12-24T15:53:15.362+0000][gc,cpu      ] GC(186) User=0.17s Sys=0.01s Real=0.03s
[2025-12-24T15:53:45.697+0000][gc,start    ] GC(187) Pause Young (Normal) (G1 Evacuation Pause)
[2025-12-24T15:53:45.698+0000][gc,task     ] GC(187) Using 8 workers of 8 for evacuation
[2025-12-24T15:53:45.712+0000][gc,phases   ] GC(187)   Pre Evacuate Collection Set: 0.9ms
[2025-12-24T15:53:45.712+0000][gc,phases   ] GC(187)   Merge Heap Roots: 0.3ms
[2025-12-24T15:53:45.712+0000][gc,phases   ] GC(187)   Evacuate Collection Set: 8.6ms
[2025-12-24T15:53:45.712+0000][gc,phases   ] GC(187)   Post Evacuate Collection Set: 2.6ms
[2025-12-24T15:53:45.712+0000][gc,phases   ] GC(187)   Other: 1.0ms
[2025-12-24T15:53:45.712+0000][gc,heap     ] GC(187) Eden regions: 608->0(606)
[2025-12-24T15:53:45.712+0000][gc,heap     ] GC(187) Survivor regions: 6->8(77)
[2025-12-24T15:53:45.712+0000][gc,heap     ] GC(187) Old regions: 56->56
[2025-12-24T15:53:45.712+0000][gc,heap     ] GC(187) Humongous regions: 149->149
[2025-12-24T15:53:45.712+0000][gc,metaspace] GC(187) Metaspace: 15275K(15680K)->15275K(15680K) NonClass: 13666K(13824K)->13666K(13824K) Class: 1608K(1856K)->1608K(1856K)
[2025-12-24T15:53:45.712+0000][gc          ] GC(187) Pause Young (Normal) (G1 Evacuation Pause) 818M->212M(1024M) 14.919ms
[2025-12-24T15:53:45.712+0000][gc,cpu      ] GC(187) User=0.08s Sys=0.00s Real=0.01s
[2025-12-24T15:54:25.268+0000][gc,start    ] GC(188) Pause Young (Normal) (G1 Evacuation Pause)
[2025-12-24T15:54:25.269+0000][gc,task     ] GC(188) Using 8 workers of 8 for evacuation
[2025-12-24T15:54:25.282+0000][gc,phases   ] GC(188)   Pre Evacuate Collection Set: 1.0ms
[2025-12-24T15:54:25.282+0000][gc,phases   ] GC(188)   Merge Heap Roots: 0.4ms
[2025-12-24T15:54:25.282+0000][gc,phases   ] GC(188)   Evacuate Collection Set: 9.9ms
[2025-12-24T15:54:25.282+0000][gc,phases   ] GC(188)   Post Evacuate Collection Set: 1.1ms
[2025-12-24T15:54:25.282+0000][gc,phases   ] GC(188)   Other: 0.6ms
[2025-12-24T15:54:25.282+0000][gc,heap     ] GC(188) Eden regions: 606->0(607)
[2025-12-24T15:54:25.282+0000][gc,heap     ] GC(188) Survivor regions: 8->7(77)
[2025-12-24T15:54:25.282+0000][gc,heap     ] GC(188) Old regions: 56->57
[2025-12-24T15:54:25.282+0000][gc,heap     ] GC(188) Humongous regions: 149->149
[2025-12-24T15:54:25.282+0000][gc,metaspace] GC(188) Metaspace: 15275K(15680K)->15275K(15680K) NonClass: 13667K(13824K)->13667K(13824K) Class: 1608K(1856K)->1608K(1856K)
[2025-12-24T15:54:25.282+0000][gc          ] GC(188) Pause Young (Normal) (G1 Evacuation Pause) 818M->211M(1024M) 14.280ms
[2025-12-24T15:54:25.283+0000][gc,cpu      ] GC(188) User=0.07s Sys=0.01s Real=0.01s
[2025-12-24T15:54:55.488+0000][gc,start    ] GC(189) Pause Young (Normal) (G1 Evacuation Pause)
[2025-12-24T15:54:55.489+0000][gc,task     ] GC(189) Using 8 workers of 8 for evacuation
[2025-12-24T15:54:55.499+0000][gc,phases   ] GC(189)   Pre Evacuate Collection Set: 1.1ms
[2025-12-24T15:54:55.499+0000][gc,phases   ] GC(189)   Merge Heap Roots: 0.3ms
[2025-12-24T15:54:55.499+0000][gc,phases   ] GC(189)   Evacuate Collection Set: 7.1ms
[2025-12-24T15:54:55.499+0000][gc,phases   ] GC(189)   Post Evacuate Collection Set: 1.3ms
[2025-12-24T15:54:55.499+0000][gc,phases   ] GC(189)   Other: 0.3ms
[2025-12-24T15:54:55.500+0000][gc,heap     ] GC(189) Eden regions: 607->0(605)
[2025-12-24T15:54:55.500+0000][gc,heap     ] GC(189) Survivor regions: 7->9(77)
[2025-12-24T15:54:55.500+0000][gc,heap     ] GC(189) Old regions: 57->57
[2025-12-24T15:54:55.500+0000][gc,heap     ] GC(189) Humongous regions: 149->149
[2025-12-24T15:54:55.500+0000][gc,metaspace] GC(189) Metaspace: 15290K(15680K)->15290K(15680K) NonClass: 13681K(13824K)->13681K(13824K) Class: 1608K(1856K)->1608K(1856K)
[2025-12-24T15:54:55.500+0000][gc          ] GC(189) Pause Young (Normal) (G1 Evacuation Pause) 818M->213M(1024M) 11.600ms
[2025-12-24T15:54:55.500+0000][gc,cpu      ] GC(189) User=0.06s Sys=0.01s Real=0.01s
[2025-12-24T15:55:35.210+0000][gc,start    ] GC(190) Pause Young (Normal) (G1 Evacuation Pause)
[2025-12-24T15:55:35.210+0000][gc,task     ] GC(190) Using 8 workers of 8 for evacuation
[2025-12-24T15:55:35.234+0000][gc,phases   ] GC(190)   Pre Evacuate Collection Set: 1.2ms
[2025-12-24T15:55:35.234+0000][gc,phases   ] GC(190)   Merge Heap Roots: 0.4ms
[2025-12-24T15:55:35.234+0000][gc,phases   ] GC(190)   Evacuate Collection Set: 20.0ms
[2025-12-24T15:55:35.234+0000][gc,phases   ] GC(190)   Post Evacuate Collection Set: 1.2ms
[2025-12-24T15:55:35.234+0000][gc,phases   ] GC(190)   Other: 0.6ms
[2025-12-24T15:55:35.234+0000][gc,heap     ] GC(190) Eden regions: 605->0(606)
[2025-12-24T15:55:35.234+0000][gc,heap     ] GC(190) Survivor regions: 9->8(77)
[2025-12-24T15:55:35.234+0000][gc,heap     ] GC(190) Old regions: 57->57
[2025-12-24T15:55:35.234+0000][gc,heap     ] GC(190) Humongous regions: 149->149
[2025-12-24T15:55:35.234+0000][gc,metaspace] GC(190) Metaspace: 15302K(15680K)->15302K(15680K) NonClass: 13693K(13824K)->13693K(13824K) Class: 1608K(1856K)->1608K(1856K)
[2025-12-24T15:55:35.234+0000][gc          ] GC(190) Pause Young (Normal) (G1 Evacuation Pause) 818M->212M(1024M) 24.776ms
[2025-12-24T15:55:35.234+0000][gc,cpu      ] GC(190) User=0.16s Sys=0.00s Real=0.02s
[2025-12-24T15:56:05.458+0000][gc,start    ] GC(191) Pause Young (Normal) (G1 Evacuation Pause)
[2025-12-24T15:56:05.459+0000][gc,task     ] GC(191) Using 8 workers of 8 for evacuation
[2025-12-24T15:56:05.475+0000][gc,phases   ] GC(191)   Pre Evacuate Collection Set: 0.9ms
[2025-12-24T15:56:05.475+0000][gc,phases   ] GC(191)   Merge Heap Roots: 0.3ms
[2025-12-24T15:56:05.476+0000][gc,phases   ] GC(191)   Evacuate Collection Set: 12.6ms
[2025-12-24T15:56:05.476+0000][gc,phases   ] GC(191)   Post Evacuate Collection Set: 2.3ms
[2025-12-24T15:56:05.476+0000][gc,phases   ] GC(191)   Other: 0.3ms
[2025-12-24T15:56:05.476+0000][gc,heap     ] GC(191) Eden regions: 606->0(605)
[2025-12-24T15:56:05.476+0000][gc,heap     ] GC(191) Survivor regions: 8->9(77)
[2025-12-24T15:56:05.476+0000][gc,heap     ] GC(191) Old regions: 57->57
[2025-12-24T15:56:05.476+0000][gc,heap     ] GC(191) Humongous regions: 149->149
[2025-12-24T15:56:05.476+0000][gc,metaspace] GC(191) Metaspace: 15304K(15680K)->15304K(15680K) NonClass: 13696K(13824K)->13696K(13824K) Class: 1608K(1856K)->1608K(1856K)
[2025-12-24T15:56:05.476+0000][gc          ] GC(191) Pause Young (Normal) (G1 Evacuation Pause) 818M->214M(1024M) 18.295ms
[2025-12-24T15:56:05.476+0000][gc,cpu      ] GC(191) User=0.12s Sys=0.00s Real=0.02s
[2025-12-24T15:56:35.694+0000][gc,start    ] GC(192) Pause Young (Normal) (G1 Evacuation Pause)
[2025-12-24T15:56:35.695+0000][gc,task     ] GC(192) Using 8 workers of 8 for evacuation
[2025-12-24T15:56:35.709+0000][gc,phases   ] GC(192)   Pre Evacuate Collection Set: 0.9ms
[2025-12-24T15:56:35.710+0000][gc,phases   ] GC(192)   Merge Heap Roots: 0.3ms
[2025-12-24T15:56:35.710+0000][gc,phases   ] GC(192)   Evacuate Collection Set: 11.1ms
[2025-12-24T15:56:35.710+0000][gc,phases   ] GC(192)   Post Evacuate Collection Set: 2.0ms
[2025-12-24T15:56:35.710+0000][gc,phases   ] GC(192)   Other: 0.4ms
[2025-12-24T15:56:35.710+0000][gc,heap     ] GC(192) Eden regions: 605->0(603)
[2025-12-24T15:56:35.710+0000][gc,heap     ] GC(192) Survivor regions: 9->11(77)
[2025-12-24T15:56:35.710+0000][gc,heap     ] GC(192) Old regions: 57->58
[2025-12-24T15:56:35.710+0000][gc,heap     ] GC(192) Humongous regions: 149->149
[2025-12-24T15:56:35.710+0000][gc,metaspace] GC(192) Metaspace: 15304K(15680K)->15304K(15680K) NonClass: 13696K(13824K)->13696K(13824K) Class: 1608K(1856K)->1608K(1856K)
[2025-12-24T15:56:35.710+0000][gc          ] GC(192) Pause Young (Normal) (G1 Evacuation Pause) 819M->217M(1024M) 15.814ms
[2025-12-24T15:56:35.710+0000][gc,cpu      ] GC(192) User=0.10s Sys=0.00s Real=0.01s
[2025-12-24T15:57:15.272+0000][gc,start    ] GC(193) Pause Young (Normal) (G1 Evacuation Pause)
[2025-12-24T15:57:15.272+0000][gc,task     ] GC(193) Using 8 workers of 8 for evacuation
[2025-12-24T15:57:15.284+0000][gc,phases   ] GC(193)   Pre Evacuate Collection Set: 1.4ms
[2025-12-24T15:57:15.285+0000][gc,phases   ] GC(193)   Merge Heap Roots: 0.4ms
[2025-12-24T15:57:15.285+0000][gc,phases   ] GC(193)   Evacuate Collection Set: 8.3ms
[2025-12-24T15:57:15.285+0000][gc,phases   ] GC(193)   Post Evacuate Collection Set: 1.4ms
[2025-12-24T15:57:15.285+0000][gc,phases   ] GC(193)   Other: 0.4ms
[2025-12-24T15:57:15.285+0000][gc,heap     ] GC(193) Eden regions: 603->0(608)
[2025-12-24T15:57:15.285+0000][gc,heap     ] GC(193) Survivor regions: 11->6(77)
[2025-12-24T15:57:15.285+0000][gc,heap     ] GC(193) Old regions: 58->58
[2025-12-24T15:57:15.285+0000][gc,heap     ] GC(193) Humongous regions: 149->149
[2025-12-24T15:57:15.285+0000][gc,metaspace] GC(193) Metaspace: 15304K(15680K)->15304K(15680K) NonClass: 13696K(13824K)->13696K(13824K) Class: 1608K(1856K)->1608K(1856K)
[2025-12-24T15:57:15.285+0000][gc          ] GC(193) Pause Young (Normal) (G1 Evacuation Pause) 820M->212M(1024M) 13.241ms
[2025-12-24T15:57:15.285+0000][gc,cpu      ] GC(193) User=0.07s Sys=0.00s Real=0.02s
[2025-12-24T15:57:45.528+0000][gc,start    ] GC(194) Pause Young (Normal) (G1 Evacuation Pause)
[2025-12-24T15:57:45.529+0000][gc,task     ] GC(194) Using 8 workers of 8 for evacuation
[2025-12-24T15:57:45.542+0000][gc,phases   ] GC(194)   Pre Evacuate Collection Set: 1.0ms
[2025-12-24T15:57:45.542+0000][gc,phases   ] GC(194)   Merge Heap Roots: 0.3ms
[2025-12-24T15:57:45.542+0000][gc,phases   ] GC(194)   Evacuate Collection Set: 10.9ms
[2025-12-24T15:57:45.542+0000][gc,phases   ] GC(194)   Post Evacuate Collection Set: 1.1ms
[2025-12-24T15:57:45.542+0000][gc,phases   ] GC(194)   Other: 0.3ms
[2025-12-24T15:57:45.542+0000][gc,heap     ] GC(194) Eden regions: 608->0(607)
[2025-12-24T15:57:45.542+0000][gc,heap     ] GC(194) Survivor regions: 6->7(77)
[2025-12-24T15:57:45.542+0000][gc,heap     ] GC(194) Old regions: 58->58
[2025-12-24T15:57:45.542+0000][gc,heap     ] GC(194) Humongous regions: 149->149
[2025-12-24T15:57:45.542+0000][gc,metaspace] GC(194) Metaspace: 15304K(15680K)->15304K(15680K) NonClass: 13696K(13824K)->13696K(13824K) Class: 1608K(1856K)->1608K(1856K)
[2025-12-24T15:57:45.543+0000][gc          ] GC(194) Pause Young (Normal) (G1 Evacuation Pause) 820M->213M(1024M) 14.526ms
[2025-12-24T15:57:45.543+0000][gc,cpu      ] GC(194) User=0.09s Sys=0.00s Real=0.02s
[2025-12-24T15:58:25.227+0000][gc,start    ] GC(195) Pause Young (Normal) (G1 Evacuation Pause)
[2025-12-24T15:58:25.228+0000][gc,task     ] GC(195) Using 8 workers of 8 for evacuation
[2025-12-24T15:58:25.251+0000][gc,phases   ] GC(195)   Pre Evacuate Collection Set: 4.3ms
[2025-12-24T15:58:25.251+0000][gc,phases   ] GC(195)   Merge Heap Roots: 3.2ms
[2025-12-24T15:58:25.251+0000][gc,phases   ] GC(195)   Evacuate Collection Set: 13.4ms
[2025-12-24T15:58:25.251+0000][gc,phases   ] GC(195)   Post Evacuate Collection Set: 1.0ms
[2025-12-24T15:58:25.251+0000][gc,phases   ] GC(195)   Other: 0.7ms
[2025-12-24T15:58:25.251+0000][gc,heap     ] GC(195) Eden regions: 607->0(607)
[2025-12-24T15:58:25.251+0000][gc,heap     ] GC(195) Survivor regions: 7->7(77)
[2025-12-24T15:58:25.251+0000][gc,heap     ] GC(195) Old regions: 58->58
[2025-12-24T15:58:25.251+0000][gc,heap     ] GC(195) Humongous regions: 149->149
[2025-12-24T15:58:25.251+0000][gc,metaspace] GC(195) Metaspace: 15304K(15680K)->15304K(15680K) NonClass: 13696K(13824K)->13696K(13824K) Class: 1608K(1856K)->1608K(1856K)
[2025-12-24T15:58:25.252+0000][gc          ] GC(195) Pause Young (Normal) (G1 Evacuation Pause) 820M->213M(1024M) 24.222ms
[2025-12-24T15:58:25.252+0000][gc,cpu      ] GC(195) User=0.14s Sys=0.01s Real=0.03s
[2025-12-24T15:58:55.481+0000][gc,start    ] GC(196) Pause Young (Normal) (G1 Evacuation Pause)
[2025-12-24T15:58:55.482+0000][gc,task     ] GC(196) Using 8 workers of 8 for evacuation
[2025-12-24T15:58:55.497+0000][gc,phases   ] GC(196)   Pre Evacuate Collection Set: 0.9ms
[2025-12-24T15:58:55.497+0000][gc,phases   ] GC(196)   Merge Heap Roots: 0.2ms
[2025-12-24T15:58:55.497+0000][gc,phases   ] GC(196)   Evacuate Collection Set: 12.7ms
[2025-12-24T15:58:55.498+0000][gc,phases   ] GC(196)   Post Evacuate Collection Set: 1.0ms
[2025-12-24T15:58:55.498+0000][gc,phases   ] GC(196)   Other: 0.2ms
[2025-12-24T15:58:55.498+0000][gc,heap     ] GC(196) Eden regions: 607->0(606)
[2025-12-24T15:58:55.498+0000][gc,heap     ] GC(196) Survivor regions: 7->8(77)
[2025-12-24T15:58:55.498+0000][gc,heap     ] GC(196) Old regions: 58->59
[2025-12-24T15:58:55.498+0000][gc,heap     ] GC(196) Humongous regions: 149->149
[2025-12-24T15:58:55.498+0000][gc,metaspace] GC(196) Metaspace: 15304K(15680K)->15304K(15680K) NonClass: 13696K(13824K)->13696K(13824K) Class: 1608K(1856K)->1608K(1856K)
[2025-12-24T15:58:55.498+0000][gc          ] GC(196) Pause Young (Normal) (G1 Evacuation Pause) 820M->214M(1024M) 16.872ms
[2025-12-24T15:58:55.498+0000][gc,cpu      ] GC(196) User=0.11s Sys=0.00s Real=0.01s
[2025-12-24T15:59:35.161+0000][gc,start    ] GC(197) Pause Young (Normal) (G1 Evacuation Pause)
[2025-12-24T15:59:35.162+0000][gc,task     ] GC(197) Using 8 workers of 8 for evacuation
[2025-12-24T15:59:35.192+0000][gc,phases   ] GC(197)   Pre Evacuate Collection Set: 5.7ms
[2025-12-24T15:59:35.192+0000][gc,phases   ] GC(197)   Merge Heap Roots: 0.7ms
[2025-12-24T15:59:35.193+0000][gc,phases   ] GC(197)   Evacuate Collection Set: 21.8ms
[2025-12-24T15:59:35.193+0000][gc,phases   ] GC(197)   Post Evacuate Collection Set: 1.4ms
[2025-12-24T15:59:35.193+0000][gc,phases   ] GC(197)   Other: 0.8ms
[2025-12-24T15:59:35.193+0000][gc,heap     ] GC(197) Eden regions: 606->0(606)
[2025-12-24T15:59:35.193+0000][gc,heap     ] GC(197) Survivor regions: 8->8(77)
[2025-12-24T15:59:35.193+0000][gc,heap     ] GC(197) Old regions: 59->59
[2025-12-24T15:59:35.193+0000][gc,heap     ] GC(197) Humongous regions: 149->149
[2025-12-24T15:59:35.193+0000][gc,metaspace] GC(197) Metaspace: 15305K(15680K)->15305K(15680K) NonClass: 13696K(13824K)->13696K(13824K) Class: 1608K(1856K)->1608K(1856K)
[2025-12-24T15:59:35.193+0000][gc          ] GC(197) Pause Young (Normal) (G1 Evacuation Pause) 820M->214M(1024M) 31.809ms
[2025-12-24T15:59:35.193+0000][gc,cpu      ] GC(197) User=0.18s Sys=0.01s Real=0.03s
[2025-12-24T16:00:05.389+0000][gc,start    ] GC(198) Pause Young (Normal) (G1 Evacuation Pause)
[2025-12-24T16:00:05.389+0000][gc,task     ] GC(198) Using 8 workers of 8 for evacuation
[2025-12-24T16:00:05.401+0000][gc,phases   ] GC(198)   Pre Evacuate Collection Set: 0.9ms
[2025-12-24T16:00:05.402+0000][gc,phases   ] GC(198)   Merge Heap Roots: 0.3ms
[2025-12-24T16:00:05.402+0000][gc,phases   ] GC(198)   Evacuate Collection Set: 9.7ms
[2025-12-24T16:00:05.402+0000][gc,phases   ] GC(198)   Post Evacuate Collection Set: 1.0ms
[2025-12-24T16:00:05.402+0000][gc,phases   ] GC(198)   Other: 0.3ms
[2025-12-24T16:00:05.402+0000][gc,heap     ] GC(198) Eden regions: 606->0(605)
[2025-12-24T16:00:05.402+0000][gc,heap     ] GC(198) Survivor regions: 8->9(77)
[2025-12-24T16:00:05.402+0000][gc,heap     ] GC(198) Old regions: 59->59
[2025-12-24T16:00:05.402+0000][gc,heap     ] GC(198) Humongous regions: 149->149
[2025-12-24T16:00:05.402+0000][gc,metaspace] GC(198) Metaspace: 15305K(15680K)->15305K(15680K) NonClass: 13696K(13824K)->13696K(13824K) Class: 1608K(1856K)->1608K(1856K)
[2025-12-24T16:00:05.402+0000][gc          ] GC(198) Pause Young (Normal) (G1 Evacuation Pause) 820M->216M(1024M) 13.381ms
[2025-12-24T16:00:05.402+0000][gc,cpu      ] GC(198) User=0.08s Sys=0.00s Real=0.01s
[2025-12-24T16:00:35.645+0000][gc,start    ] GC(199) Pause Young (Normal) (G1 Evacuation Pause)
[2025-12-24T16:00:35.646+0000][gc,task     ] GC(199) Using 8 workers of 8 for evacuation
[2025-12-24T16:00:35.658+0000][gc,phases   ] GC(199)   Pre Evacuate Collection Set: 0.9ms
[2025-12-24T16:00:35.658+0000][gc,phases   ] GC(199)   Merge Heap Roots: 0.3ms
[2025-12-24T16:00:35.658+0000][gc,phases   ] GC(199)   Evacuate Collection Set: 9.3ms
[2025-12-24T16:00:35.658+0000][gc,phases   ] GC(199)   Post Evacuate Collection Set: 1.2ms
[2025-12-24T16:00:35.658+0000][gc,phases   ] GC(199)   Other: 0.4ms
[2025-12-24T16:00:35.658+0000][gc,heap     ] GC(199) Eden regions: 605->0(603)
[2025-12-24T16:00:35.658+0000][gc,heap     ] GC(199) Survivor regions: 9->11(77)
[2025-12-24T16:00:35.658+0000][gc,heap     ] GC(199) Old regions: 59->59
[2025-12-24T16:00:35.658+0000][gc,heap     ] GC(199) Humongous regions: 149->149
[2025-12-24T16:00:35.658+0000][gc,metaspace] GC(199) Metaspace: 15306K(15680K)->15306K(15680K) NonClass: 13697K(13824K)->13697K(13824K) Class: 1608K(1856K)->1608K(1856K)
[2025-12-24T16:00:35.658+0000][gc          ] GC(199) Pause Young (Normal) (G1 Evacuation Pause) 821M->218M(1024M) 13.256ms
[2025-12-24T16:00:35.659+0000][gc,cpu      ] GC(199) User=0.08s Sys=0.00s Real=0.02s
[2025-12-24T16:01:15.293+0000][gc,start    ] GC(200) Pause Young (Normal) (G1 Evacuation Pause)
[2025-12-24T16:01:15.293+0000][gc,task     ] GC(200) Using 8 workers of 8 for evacuation
[2025-12-24T16:01:15.302+0000][gc,phases   ] GC(200)   Pre Evacuate Collection Set: 1.1ms
[2025-12-24T16:01:15.302+0000][gc,phases   ] GC(200)   Merge Heap Roots: 0.4ms
[2025-12-24T16:01:15.302+0000][gc,phases   ] GC(200)   Evacuate Collection Set: 5.6ms
[2025-12-24T16:01:15.302+0000][gc,phases   ] GC(200)   Post Evacuate Collection Set: 1.1ms
[2025-12-24T16:01:15.302+0000][gc,phases   ] GC(200)   Other: 0.3ms
[2025-12-24T16:01:15.302+0000][gc,heap     ] GC(200) Eden regions: 603->0(608)
[2025-12-24T16:01:15.302+0000][gc,heap     ] GC(200) Survivor regions: 11->6(77)
[2025-12-24T16:01:15.302+0000][gc,heap     ] GC(200) Old regions: 59->59
[2025-12-24T16:01:15.302+0000][gc,heap     ] GC(200) Humongous regions: 149->149
[2025-12-24T16:01:15.302+0000][gc,metaspace] GC(200) Metaspace: 15306K(15680K)->15306K(15680K) NonClass: 13697K(13824K)->13697K(13824K) Class: 1608K(1856K)->1608K(1856K)
[2025-12-24T16:01:15.302+0000][gc          ] GC(200) Pause Young (Normal) (G1 Evacuation Pause) 821M->213M(1024M) 9.675ms
[2025-12-24T16:01:15.303+0000][gc,cpu      ] GC(200) User=0.05s Sys=0.00s Real=0.01s
[2025-12-24T16:01:45.600+0000][gc,start    ] GC(201) Pause Young (Normal) (G1 Evacuation Pause)
[2025-12-24T16:01:45.601+0000][gc,task     ] GC(201) Using 8 workers of 8 for evacuation
[2025-12-24T16:01:45.613+0000][gc,phases   ] GC(201)   Pre Evacuate Collection Set: 1.1ms
[2025-12-24T16:01:45.613+0000][gc,phases   ] GC(201)   Merge Heap Roots: 0.3ms
[2025-12-24T16:01:45.613+0000][gc,phases   ] GC(201)   Evacuate Collection Set: 9.1ms
[2025-12-24T16:01:45.613+0000][gc,phases   ] GC(201)   Post Evacuate Collection Set: 1.1ms
[2025-12-24T16:01:45.613+0000][gc,phases   ] GC(201)   Other: 0.4ms
[2025-12-24T16:01:45.613+0000][gc,heap     ] GC(201) Eden regions: 608->0(607)
[2025-12-24T16:01:45.613+0000][gc,heap     ] GC(201) Survivor regions: 6->7(77)
[2025-12-24T16:01:45.613+0000][gc,heap     ] GC(201) Old regions: 59->60
[2025-12-24T16:01:45.613+0000][gc,heap     ] GC(201) Humongous regions: 149->149
[2025-12-24T16:01:45.613+0000][gc,metaspace] GC(201) Metaspace: 15306K(15680K)->15306K(15680K) NonClass: 13697K(13824K)->13697K(13824K) Class: 1608K(1856K)->1608K(1856K)
[2025-12-24T16:01:45.613+0000][gc          ] GC(201) Pause Young (Normal) (G1 Evacuation Pause) 821M->214M(1024M) 13.209ms
[2025-12-24T16:01:45.613+0000][gc,cpu      ] GC(201) User=0.08s Sys=0.01s Real=0.01s
[2025-12-24T16:02:25.214+0000][gc,start    ] GC(202) Pause Young (Normal) (G1 Evacuation Pause)
[2025-12-24T16:02:25.214+0000][gc,task     ] GC(202) Using 8 workers of 8 for evacuation
[2025-12-24T16:02:25.232+0000][gc,phases   ] GC(202)   Pre Evacuate Collection Set: 0.8ms
[2025-12-24T16:02:25.232+0000][gc,phases   ] GC(202)   Merge Heap Roots: 0.3ms
[2025-12-24T16:02:25.233+0000][gc,phases   ] GC(202)   Evacuate Collection Set: 15.8ms
[2025-12-24T16:02:25.233+0000][gc,phases   ] GC(202)   Post Evacuate Collection Set: 1.0ms
[2025-12-24T16:02:25.233+0000][gc,phases   ] GC(202)   Other: 0.3ms
[2025-12-24T16:02:25.233+0000][gc,heap     ] GC(202) Eden regions: 607->0(608)
[2025-12-24T16:02:25.233+0000][gc,heap     ] GC(202) Survivor regions: 7->6(77)
[2025-12-24T16:02:25.233+0000][gc,heap     ] GC(202) Old regions: 60->60
[2025-12-24T16:02:25.233+0000][gc,heap     ] GC(202) Humongous regions: 149->149
[2025-12-24T16:02:25.233+0000][gc,metaspace] GC(202) Metaspace: 15308K(15680K)->15308K(15680K) NonClass: 13699K(13824K)->13699K(13824K) Class: 1608K(1856K)->1608K(1856K)
[2025-12-24T16:02:25.233+0000][gc          ] GC(202) Pause Young (Normal) (G1 Evacuation Pause) 821M->214M(1024M) 19.217ms
[2025-12-24T16:02:25.233+0000][gc,cpu      ] GC(202) User=0.13s Sys=0.00s Real=0.02s
[2025-12-24T16:02:55.448+0000][gc,start    ] GC(203) Pause Young (Normal) (G1 Evacuation Pause)
[2025-12-24T16:02:55.450+0000][gc,task     ] GC(203) Using 8 workers of 8 for evacuation
[2025-12-24T16:02:55.462+0000][gc,phases   ] GC(203)   Pre Evacuate Collection Set: 1.7ms
[2025-12-24T16:02:55.462+0000][gc,phases   ] GC(203)   Merge Heap Roots: 1.6ms
[2025-12-24T16:02:55.462+0000][gc,phases   ] GC(203)   Evacuate Collection Set: 7.5ms
[2025-12-24T16:02:55.462+0000][gc,phases   ] GC(203)   Post Evacuate Collection Set: 1.0ms
[2025-12-24T16:02:55.462+0000][gc,phases   ] GC(203)   Other: 0.3ms
[2025-12-24T16:02:55.462+0000][gc,heap     ] GC(203) Eden regions: 608->0(606)
[2025-12-24T16:02:55.462+0000][gc,heap     ] GC(203) Survivor regions: 6->8(77)
[2025-12-24T16:02:55.462+0000][gc,heap     ] GC(203) Old regions: 60->60
[2025-12-24T16:02:55.462+0000][gc,heap     ] GC(203) Humongous regions: 149->149
[2025-12-24T16:02:55.462+0000][gc,metaspace] GC(203) Metaspace: 15308K(15680K)->15308K(15680K) NonClass: 13699K(13824K)->13699K(13824K) Class: 1608K(1856K)->1608K(1856K)
[2025-12-24T16:02:55.462+0000][gc          ] GC(203) Pause Young (Normal) (G1 Evacuation Pause) 822M->216M(1024M) 14.121ms
[2025-12-24T16:02:55.462+0000][gc,cpu      ] GC(203) User=0.07s Sys=0.00s Real=0.01s
[2025-12-24T16:03:35.102+0000][gc,start    ] GC(204) Pause Young (Normal) (G1 Evacuation Pause)
[2025-12-24T16:03:35.103+0000][gc,task     ] GC(204) Using 8 workers of 8 for evacuation
[2025-12-24T16:03:35.130+0000][gc,phases   ] GC(204)   Pre Evacuate Collection Set: 1.9ms
[2025-12-24T16:03:35.130+0000][gc,phases   ] GC(204)   Merge Heap Roots: 0.5ms
[2025-12-24T16:03:35.130+0000][gc,phases   ] GC(204)   Evacuate Collection Set: 23.0ms
[2025-12-24T16:03:35.130+0000][gc,phases   ] GC(204)   Post Evacuate Collection Set: 1.4ms
[2025-12-24T16:03:35.131+0000][gc,phases   ] GC(204)   Other: 0.5ms
[2025-12-24T16:03:35.131+0000][gc,heap     ] GC(204) Eden regions: 606->0(607)
[2025-12-24T16:03:35.131+0000][gc,heap     ] GC(204) Survivor regions: 8->7(77)
[2025-12-24T16:03:35.131+0000][gc,heap     ] GC(204) Old regions: 60->60
[2025-12-24T16:03:35.131+0000][gc,heap     ] GC(204) Humongous regions: 149->149
[2025-12-24T16:03:35.131+0000][gc,metaspace] GC(204) Metaspace: 15308K(15680K)->15308K(15680K) NonClass: 13699K(13824K)->13699K(13824K) Class: 1608K(1856K)->1608K(1856K)
[2025-12-24T16:03:35.131+0000][gc          ] GC(204) Pause Young (Normal) (G1 Evacuation Pause) 822M->215M(1024M) 28.929ms
[2025-12-24T16:03:35.131+0000][gc,cpu      ] GC(204) User=0.18s Sys=0.01s Real=0.03s
[2025-12-24T16:04:05.352+0000][gc,start    ] GC(205) Pause Young (Normal) (G1 Evacuation Pause)
[2025-12-24T16:04:05.352+0000][gc,task     ] GC(205) Using 8 workers of 8 for evacuation
[2025-12-24T16:04:05.366+0000][gc,phases   ] GC(205)   Pre Evacuate Collection Set: 1.0ms
[2025-12-24T16:04:05.367+0000][gc,phases   ] GC(205)   Merge Heap Roots: 0.2ms
[2025-12-24T16:04:05.367+0000][gc,phases   ] GC(205)   Evacuate Collection Set: 11.8ms
[2025-12-24T16:04:05.367+0000][gc,phases   ] GC(205)   Post Evacuate Collection Set: 1.0ms
[2025-12-24T16:04:05.367+0000][gc,phases   ] GC(205)   Other: 0.2ms
[2025-12-24T16:04:05.367+0000][gc,heap     ] GC(205) Eden regions: 607->0(605)
[2025-12-24T16:04:05.367+0000][gc,heap     ] GC(205) Survivor regions: 7->9(77)
[2025-12-24T16:04:05.367+0000][gc,heap     ] GC(205) Old regions: 60->61
[2025-12-24T16:04:05.367+0000][gc,heap     ] GC(205) Humongous regions: 149->149
[2025-12-24T16:04:05.367+0000][gc,metaspace] GC(205) Metaspace: 15308K(15680K)->15308K(15680K) NonClass: 13699K(13824K)->13699K(13824K) Class: 1608K(1856K)->1608K(1856K)
[2025-12-24T16:04:05.367+0000][gc          ] GC(205) Pause Young (Normal) (G1 Evacuation Pause) 822M->217M(1024M) 15.384ms
[2025-12-24T16:04:05.367+0000][gc,cpu      ] GC(205) User=0.09s Sys=0.00s Real=0.02s
[2025-12-24T16:04:35.755+0000][gc,start    ] GC(206) Pause Young (Normal) (G1 Evacuation Pause)
[2025-12-24T16:04:35.756+0000][gc,task     ] GC(206) Using 8 workers of 8 for evacuation
[2025-12-24T16:04:35.771+0000][gc,phases   ] GC(206)   Pre Evacuate Collection Set: 1.1ms
[2025-12-24T16:04:35.771+0000][gc,phases   ] GC(206)   Merge Heap Roots: 0.3ms
[2025-12-24T16:04:35.771+0000][gc,phases   ] GC(206)   Evacuate Collection Set: 11.2ms
[2025-12-24T16:04:35.771+0000][gc,phases   ] GC(206)   Post Evacuate Collection Set: 1.4ms
[2025-12-24T16:04:35.771+0000][gc,phases   ] GC(206)   Other: 0.6ms
[2025-12-24T16:04:35.771+0000][gc,heap     ] GC(206) Eden regions: 605->0(603)
[2025-12-24T16:04:35.771+0000][gc,heap     ] GC(206) Survivor regions: 9->11(77)
[2025-12-24T16:04:35.771+0000][gc,heap     ] GC(206) Old regions: 61->61
[2025-12-24T16:04:35.771+0000][gc,heap     ] GC(206) Humongous regions: 149->149
[2025-12-24T16:04:35.772+0000][gc,metaspace] GC(206) Metaspace: 15308K(15680K)->15308K(15680K) NonClass: 13699K(13824K)->13699K(13824K) Class: 1608K(1856K)->1608K(1856K)
[2025-12-24T16:04:35.772+0000][gc          ] GC(206) Pause Young (Normal) (G1 Evacuation Pause) 822M->219M(1024M) 16.525ms
[2025-12-24T16:04:35.772+0000][gc,cpu      ] GC(206) User=0.09s Sys=0.01s Real=0.01s
[2025-12-24T16:18:35.159+0000][gc,start    ] GC(207) Pause Young (Normal) (G1 Evacuation Pause)
[2025-12-24T16:18:35.159+0000][gc,task     ] GC(207) Using 8 workers of 8 for evacuation
[2025-12-24T16:18:35.168+0000][gc,phases   ] GC(207)   Pre Evacuate Collection Set: 1.1ms
[2025-12-24T16:18:35.168+0000][gc,phases   ] GC(207)   Merge Heap Roots: 0.4ms
[2025-12-24T16:18:35.169+0000][gc,phases   ] GC(207)   Evacuate Collection Set: 6.5ms
[2025-12-24T16:18:35.169+0000][gc,phases   ] GC(207)   Post Evacuate Collection Set: 1.0ms
[2025-12-24T16:18:35.169+0000][gc,phases   ] GC(207)   Other: 0.3ms
[2025-12-24T16:18:35.169+0000][gc,heap     ] GC(207) Eden regions: 603->0(609)
[2025-12-24T16:18:35.169+0000][gc,heap     ] GC(207) Survivor regions: 11->5(77)
[2025-12-24T16:18:35.169+0000][gc,heap     ] GC(207) Old regions: 61->61
[2025-12-24T16:18:35.169+0000][gc,heap     ] GC(207) Humongous regions: 151->151
[2025-12-24T16:18:35.169+0000][gc,metaspace] GC(207) Metaspace: 15316K(15680K)->15316K(15680K) NonClass: 13707K(13824K)->13707K(13824K) Class: 1609K(1856K)->1609K(1856K)
[2025-12-24T16:18:35.169+0000][gc          ] GC(207) Pause Young (Normal) (G1 Evacuation Pause) 824M->216M(1024M) 10.224ms
[2025-12-24T16:18:35.169+0000][gc,cpu      ] GC(207) User=0.06s Sys=0.00s Real=0.01s
[2025-12-24T16:19:05.434+0000][gc,start    ] GC(208) Pause Young (Normal) (G1 Evacuation Pause)
[2025-12-24T16:19:05.435+0000][gc,task     ] GC(208) Using 8 workers of 8 for evacuation
[2025-12-24T16:19:05.445+0000][gc,phases   ] GC(208)   Pre Evacuate Collection Set: 2.4ms
[2025-12-24T16:19:05.445+0000][gc,phases   ] GC(208)   Merge Heap Roots: 0.3ms
[2025-12-24T16:19:05.445+0000][gc,phases   ] GC(208)   Evacuate Collection Set: 6.2ms
[2025-12-24T16:19:05.445+0000][gc,phases   ] GC(208)   Post Evacuate Collection Set: 1.0ms
[2025-12-24T16:19:05.445+0000][gc,phases   ] GC(208)   Other: 0.5ms
[2025-12-24T16:19:05.446+0000][gc,heap     ] GC(208) Eden regions: 609->0(607)
[2025-12-24T16:19:05.446+0000][gc,heap     ] GC(208) Survivor regions: 5->7(77)
[2025-12-24T16:19:05.446+0000][gc,heap     ] GC(208) Old regions: 61->61
[2025-12-24T16:19:05.446+0000][gc,heap     ] GC(208) Humongous regions: 151->151
[2025-12-24T16:19:05.446+0000][gc,metaspace] GC(208) Metaspace: 15316K(15680K)->15316K(15680K) NonClass: 13707K(13824K)->13707K(13824K) Class: 1609K(1856K)->1609K(1856K)
[2025-12-24T16:19:05.446+0000][gc          ] GC(208) Pause Young (Normal) (G1 Evacuation Pause) 825M->218M(1024M) 11.711ms
[2025-12-24T16:19:05.446+0000][gc,cpu      ] GC(208) User=0.05s Sys=0.00s Real=0.01s
[2025-12-24T16:19:45.080+0000][gc,start    ] GC(209) Pause Young (Normal) (G1 Evacuation Pause)
[2025-12-24T16:19:45.081+0000][gc,task     ] GC(209) Using 8 workers of 8 for evacuation
[2025-12-24T16:19:45.091+0000][gc,phases   ] GC(209)   Pre Evacuate Collection Set: 1.2ms
[2025-12-24T16:19:45.091+0000][gc,phases   ] GC(209)   Merge Heap Roots: 0.2ms
[2025-12-24T16:19:45.091+0000][gc,phases   ] GC(209)   Evacuate Collection Set: 6.2ms
[2025-12-24T16:19:45.091+0000][gc,phases   ] GC(209)   Post Evacuate Collection Set: 2.2ms
[2025-12-24T16:19:45.091+0000][gc,phases   ] GC(209)   Other: 0.3ms
[2025-12-24T16:19:45.092+0000][gc,heap     ] GC(209) Eden regions: 607->0(608)
[2025-12-24T16:19:45.092+0000][gc,heap     ] GC(209) Survivor regions: 7->6(77)
[2025-12-24T16:19:45.092+0000][gc,heap     ] GC(209) Old regions: 61->62
[2025-12-24T16:19:45.092+0000][gc,heap     ] GC(209) Humongous regions: 151->151
[2025-12-24T16:19:45.092+0000][gc,metaspace] GC(209) Metaspace: 15316K(15680K)->15316K(15680K) NonClass: 13707K(13824K)->13707K(13824K) Class: 1609K(1856K)->1609K(1856K)
[2025-12-24T16:19:45.092+0000][gc          ] GC(209) Pause Young (Normal) (G1 Evacuation Pause) 825M->217M(1024M) 11.797ms
[2025-12-24T16:19:45.092+0000][gc,cpu      ] GC(209) User=0.05s Sys=0.01s Real=0.02s
[2025-12-24T16:20:15.199+0000][gc,start    ] GC(210) Pause Young (Normal) (G1 Evacuation Pause)
[2025-12-24T16:20:15.199+0000][gc,task     ] GC(210) Using 8 workers of 8 for evacuation
[2025-12-24T16:20:15.223+0000][gc,phases   ] GC(210)   Pre Evacuate Collection Set: 1.7ms
[2025-12-24T16:20:15.223+0000][gc,phases   ] GC(210)   Merge Heap Roots: 0.5ms
[2025-12-24T16:20:15.223+0000][gc,phases   ] GC(210)   Evacuate Collection Set: 19.4ms
[2025-12-24T16:20:15.224+0000][gc,phases   ] GC(210)   Post Evacuate Collection Set: 1.6ms
[2025-12-24T16:20:15.224+0000][gc,phases   ] GC(210)   Other: 0.3ms
[2025-12-24T16:20:15.224+0000][gc,heap     ] GC(210) Eden regions: 608->0(606)
[2025-12-24T16:20:15.224+0000][gc,heap     ] GC(210) Survivor regions: 6->8(77)
[2025-12-24T16:20:15.224+0000][gc,heap     ] GC(210) Old regions: 62->62
[2025-12-24T16:20:15.225+0000][gc,heap     ] GC(210) Humongous regions: 151->151
[2025-12-24T16:20:15.225+0000][gc,metaspace] GC(210) Metaspace: 15316K(15680K)->15316K(15680K) NonClass: 13707K(13824K)->13707K(13824K) Class: 1609K(1856K)->1609K(1856K)
[2025-12-24T16:20:15.225+0000][gc          ] GC(210) Pause Young (Normal) (G1 Evacuation Pause) 825M->219M(1024M) 25.896ms
[2025-12-24T16:20:15.225+0000][gc,cpu      ] GC(210) User=0.09s Sys=0.01s Real=0.02s
[2025-12-24T16:20:45.381+0000][gc,start    ] GC(211) Pause Young (Normal) (G1 Evacuation Pause)
[2025-12-24T16:20:45.382+0000][gc,task     ] GC(211) Using 8 workers of 8 for evacuation
[2025-12-24T16:20:45.394+0000][gc,phases   ] GC(211)   Pre Evacuate Collection Set: 1.1ms
[2025-12-24T16:20:45.394+0000][gc,phases   ] GC(211)   Merge Heap Roots: 0.3ms
[2025-12-24T16:20:45.394+0000][gc,phases   ] GC(211)   Evacuate Collection Set: 8.5ms
[2025-12-24T16:20:45.394+0000][gc,phases   ] GC(211)   Post Evacuate Collection Set: 1.7ms
[2025-12-24T16:20:45.394+0000][gc,phases   ] GC(211)   Other: 0.5ms
[2025-12-24T16:20:45.394+0000][gc,heap     ] GC(211) Eden regions: 606->0(605)
[2025-12-24T16:20:45.395+0000][gc,heap     ] GC(211) Survivor regions: 8->9(77)
[2025-12-24T16:20:45.395+0000][gc,heap     ] GC(211) Old regions: 62->62
[2025-12-24T16:20:45.395+0000][gc,heap     ] GC(211) Humongous regions: 151->151
[2025-12-24T16:20:45.395+0000][gc,metaspace] GC(211) Metaspace: 15316K(15680K)->15316K(15680K) NonClass: 13707K(13824K)->13707K(13824K) Class: 1609K(1856K)->1609K(1856K)
[2025-12-24T16:20:45.395+0000][gc          ] GC(211) Pause Young (Normal) (G1 Evacuation Pause) 825M->221M(1024M) 13.516ms
[2025-12-24T16:20:45.395+0000][gc,cpu      ] GC(211) User=0.07s Sys=0.00s Real=0.01s
[2025-12-24T16:21:25.076+0000][gc,start    ] GC(212) Pause Young (Normal) (G1 Evacuation Pause)
[2025-12-24T16:21:25.076+0000][gc,task     ] GC(212) Using 8 workers of 8 for evacuation
[2025-12-24T16:21:25.091+0000][gc,phases   ] GC(212)   Pre Evacuate Collection Set: 1.2ms
[2025-12-24T16:21:25.092+0000][gc,phases   ] GC(212)   Merge Heap Roots: 0.3ms
[2025-12-24T16:21:25.092+0000][gc,phases   ] GC(212)   Evacuate Collection Set: 12.4ms
[2025-12-24T16:21:25.092+0000][gc,phases   ] GC(212)   Post Evacuate Collection Set: 1.1ms
[2025-12-24T16:21:25.092+0000][gc,phases   ] GC(212)   Other: 0.3ms
[2025-12-24T16:21:25.092+0000][gc,heap     ] GC(212) Eden regions: 605->0(605)
[2025-12-24T16:21:25.092+0000][gc,heap     ] GC(212) Survivor regions: 9->9(77)
[2025-12-24T16:21:25.092+0000][gc,heap     ] GC(212) Old regions: 62->62
[2025-12-24T16:21:25.092+0000][gc,heap     ] GC(212) Humongous regions: 151->151
[2025-12-24T16:21:25.092+0000][gc,metaspace] GC(212) Metaspace: 15316K(15680K)->15316K(15680K) NonClass: 13707K(13824K)->13707K(13824K) Class: 1609K(1856K)->1609K(1856K)
[2025-12-24T16:21:25.092+0000][gc          ] GC(212) Pause Young (Normal) (G1 Evacuation Pause) 826M->220M(1024M) 16.437ms
[2025-12-24T16:21:25.092+0000][gc,cpu      ] GC(212) User=0.10s Sys=0.00s Real=0.01s
[2025-12-24T16:21:55.388+0000][gc,start    ] GC(213) Pause Young (Normal) (G1 Evacuation Pause)
[2025-12-24T16:21:55.388+0000][gc,task     ] GC(213) Using 8 workers of 8 for evacuation
[2025-12-24T16:21:55.408+0000][gc,phases   ] GC(213)   Pre Evacuate Collection Set: 1.0ms
[2025-12-24T16:21:55.408+0000][gc,phases   ] GC(213)   Merge Heap Roots: 0.3ms
[2025-12-24T16:21:55.408+0000][gc,phases   ] GC(213)   Evacuate Collection Set: 17.5ms
[2025-12-24T16:21:55.409+0000][gc,phases   ] GC(213)   Post Evacuate Collection Set: 1.0ms
[2025-12-24T16:21:55.409+0000][gc,phases   ] GC(213)   Other: 0.3ms
[2025-12-24T16:21:55.409+0000][gc,heap     ] GC(213) Eden regions: 605->0(602)
[2025-12-24T16:21:55.409+0000][gc,heap     ] GC(213) Survivor regions: 9->12(77)
[2025-12-24T16:21:55.409+0000][gc,heap     ] GC(213) Old regions: 62->62
[2025-12-24T16:21:55.409+0000][gc,heap     ] GC(213) Humongous regions: 151->151
[2025-12-24T16:21:55.409+0000][gc,metaspace] GC(213) Metaspace: 15316K(15680K)->15316K(15680K) NonClass: 13707K(13824K)->13707K(13824K) Class: 1609K(1856K)->1609K(1856K)
[2025-12-24T16:21:55.409+0000][gc          ] GC(213) Pause Young (Normal) (G1 Evacuation Pause) 825M->224M(1024M) 20.934ms
[2025-12-24T16:21:55.409+0000][gc,cpu      ] GC(213) User=0.15s Sys=0.00s Real=0.02s
[2025-12-24T16:22:34.962+0000][gc,start    ] GC(214) Pause Young (Normal) (G1 Evacuation Pause)
[2025-12-24T16:22:34.963+0000][gc,task     ] GC(214) Using 8 workers of 8 for evacuation
[2025-12-24T16:22:34.981+0000][gc,phases   ] GC(214)   Pre Evacuate Collection Set: 1.0ms
[2025-12-24T16:22:34.981+0000][gc,phases   ] GC(214)   Merge Heap Roots: 0.2ms
[2025-12-24T16:22:34.981+0000][gc,phases   ] GC(214)   Evacuate Collection Set: 16.2ms
[2025-12-24T16:22:34.982+0000][gc,phases   ] GC(214)   Post Evacuate Collection Set: 1.1ms
[2025-12-24T16:22:34.982+0000][gc,phases   ] GC(214)   Other: 0.2ms
[2025-12-24T16:22:34.982+0000][gc,heap     ] GC(214) Eden regions: 602->0(607)
[2025-12-24T16:22:34.982+0000][gc,heap     ] GC(214) Survivor regions: 12->7(77)
[2025-12-24T16:22:34.982+0000][gc,heap     ] GC(214) Old regions: 62->63
[2025-12-24T16:22:34.982+0000][gc,heap     ] GC(214) Humongous regions: 151->151
[2025-12-24T16:22:34.982+0000][gc,metaspace] GC(214) Metaspace: 15377K(15744K)->15377K(15744K) NonClass: 13754K(13888K)->13754K(13888K) Class: 1623K(1856K)->1623K(1856K)
[2025-12-24T16:22:34.982+0000][gc          ] GC(214) Pause Young (Normal) (G1 Evacuation Pause) 826M->219M(1024M) 19.686ms
[2025-12-24T16:22:34.982+0000][gc,cpu      ] GC(214) User=0.12s Sys=0.01s Real=0.02s
[2025-12-24T16:23:05.242+0000][gc,start    ] GC(215) Pause Young (Normal) (G1 Evacuation Pause)
[2025-12-24T16:23:05.242+0000][gc,task     ] GC(215) Using 8 workers of 8 for evacuation
[2025-12-24T16:23:05.255+0000][gc,phases   ] GC(215)   Pre Evacuate Collection Set: 1.1ms
[2025-12-24T16:23:05.255+0000][gc,phases   ] GC(215)   Merge Heap Roots: 0.3ms
[2025-12-24T16:23:05.256+0000][gc,phases   ] GC(215)   Evacuate Collection Set: 10.5ms
[2025-12-24T16:23:05.256+0000][gc,phases   ] GC(215)   Post Evacuate Collection Set: 1.0ms
[2025-12-24T16:23:05.256+0000][gc,phases   ] GC(215)   Other: 0.3ms
[2025-12-24T16:23:05.256+0000][gc,heap     ] GC(215) Eden regions: 607->0(606)
[2025-12-24T16:23:05.256+0000][gc,heap     ] GC(215) Survivor regions: 7->8(77)
[2025-12-24T16:23:05.256+0000][gc,heap     ] GC(215) Old regions: 63->63
[2025-12-24T16:23:05.256+0000][gc,heap     ] GC(215) Humongous regions: 151->151
[2025-12-24T16:23:05.256+0000][gc,metaspace] GC(215) Metaspace: 15377K(15744K)->15377K(15744K) NonClass: 13754K(13888K)->13754K(13888K) Class: 1623K(1856K)->1623K(1856K)
[2025-12-24T16:23:05.256+0000][gc          ] GC(215) Pause Young (Normal) (G1 Evacuation Pause) 826M->221M(1024M) 14.263ms
[2025-12-24T16:23:05.256+0000][gc,cpu      ] GC(215) User=0.08s Sys=0.01s Real=0.01s
[2025-12-24T16:23:44.850+0000][gc,start    ] GC(216) Pause Young (Normal) (G1 Evacuation Pause)
[2025-12-24T16:23:44.851+0000][gc,task     ] GC(216) Using 8 workers of 8 for evacuation
[2025-12-24T16:23:44.865+0000][gc,phases   ] GC(216)   Pre Evacuate Collection Set: 2.0ms
[2025-12-24T16:23:44.865+0000][gc,phases   ] GC(216)   Merge Heap Roots: 0.5ms
[2025-12-24T16:23:44.865+0000][gc,phases   ] GC(216)   Evacuate Collection Set: 9.9ms
[2025-12-24T16:23:44.865+0000][gc,phases   ] GC(216)   Post Evacuate Collection Set: 1.3ms
[2025-12-24T16:23:44.865+0000][gc,phases   ] GC(216)   Other: 0.3ms
[2025-12-24T16:23:44.865+0000][gc,heap     ] GC(216) Eden regions: 606->0(607)
[2025-12-24T16:23:44.865+0000][gc,heap     ] GC(216) Survivor regions: 8->7(77)
[2025-12-24T16:23:44.865+0000][gc,heap     ] GC(216) Old regions: 63->63
[2025-12-24T16:23:44.865+0000][gc,heap     ] GC(216) Humongous regions: 151->151
[2025-12-24T16:23:44.866+0000][gc,metaspace] GC(216) Metaspace: 15377K(15744K)->15377K(15744K) NonClass: 13754K(13888K)->13754K(13888K) Class: 1623K(1856K)->1623K(1856K)
[2025-12-24T16:23:44.866+0000][gc          ] GC(216) Pause Young (Normal) (G1 Evacuation Pause) 827M->219M(1024M) 15.295ms
[2025-12-24T16:23:44.866+0000][gc,cpu      ] GC(216) User=0.08s Sys=0.00s Real=0.01s
[2025-12-24T16:24:15.135+0000][gc,start    ] GC(217) Pause Young (Normal) (G1 Evacuation Pause)
[2025-12-24T16:24:15.136+0000][gc,task     ] GC(217) Using 8 workers of 8 for evacuation
[2025-12-24T16:24:15.151+0000][gc,phases   ] GC(217)   Pre Evacuate Collection Set: 1.2ms
[2025-12-24T16:24:15.151+0000][gc,phases   ] GC(217)   Merge Heap Roots: 0.3ms
[2025-12-24T16:24:15.151+0000][gc,phases   ] GC(217)   Evacuate Collection Set: 11.0ms
[2025-12-24T16:24:15.152+0000][gc,phases   ] GC(217)   Post Evacuate Collection Set: 2.7ms
[2025-12-24T16:24:15.152+0000][gc,phases   ] GC(217)   Other: 0.4ms
[2025-12-24T16:24:15.152+0000][gc,heap     ] GC(217) Eden regions: 607->0(606)
[2025-12-24T16:24:15.152+0000][gc,heap     ] GC(217) Survivor regions: 7->8(77)
[2025-12-24T16:24:15.152+0000][gc,heap     ] GC(217) Old regions: 63->63
[2025-12-24T16:24:15.152+0000][gc,heap     ] GC(217) Humongous regions: 151->151
[2025-12-24T16:24:15.152+0000][gc,metaspace] GC(217) Metaspace: 15377K(15744K)->15377K(15744K) NonClass: 13754K(13888K)->13754K(13888K) Class: 1623K(1856K)->1623K(1856K)
[2025-12-24T16:24:15.152+0000][gc          ] GC(217) Pause Young (Normal) (G1 Evacuation Pause) 826M->221M(1024M) 17.269ms
[2025-12-24T16:24:15.152+0000][gc,cpu      ] GC(217) User=0.09s Sys=0.01s Real=0.02s
[2025-12-24T16:24:45.390+0000][gc,start    ] GC(218) Pause Young (Normal) (G1 Evacuation Pause)
[2025-12-24T16:24:45.391+0000][gc,task     ] GC(218) Using 8 workers of 8 for evacuation
[2025-12-24T16:24:45.406+0000][gc,phases   ] GC(218)   Pre Evacuate Collection Set: 1.3ms
[2025-12-24T16:24:45.406+0000][gc,phases   ] GC(218)   Merge Heap Roots: 0.3ms
[2025-12-24T16:24:45.406+0000][gc,phases   ] GC(218)   Evacuate Collection Set: 11.9ms
[2025-12-24T16:24:45.406+0000][gc,phases   ] GC(218)   Post Evacuate Collection Set: 1.4ms
[2025-12-24T16:24:45.406+0000][gc,phases   ] GC(218)   Other: 0.4ms
[2025-12-24T16:24:45.406+0000][gc,heap     ] GC(218) Eden regions: 606->0(604)
[2025-12-24T16:24:45.406+0000][gc,heap     ] GC(218) Survivor regions: 8->10(77)
[2025-12-24T16:24:45.406+0000][gc,heap     ] GC(218) Old regions: 63->64
[2025-12-24T16:24:45.407+0000][gc,heap     ] GC(218) Humongous regions: 151->151
[2025-12-24T16:24:45.407+0000][gc,metaspace] GC(218) Metaspace: 15378K(15744K)->15378K(15744K) NonClass: 13754K(13888K)->13754K(13888K) Class: 1623K(1856K)->1623K(1856K)
[2025-12-24T16:24:45.407+0000][gc          ] GC(218) Pause Young (Normal) (G1 Evacuation Pause) 827M->223M(1024M) 16.677ms
[2025-12-24T16:24:45.407+0000][gc,cpu      ] GC(218) User=0.10s Sys=0.00s Real=0.02s
[2025-12-24T16:25:25.024+0000][gc,start    ] GC(219) Pause Young (Normal) (G1 Evacuation Pause)
[2025-12-24T16:25:25.025+0000][gc,task     ] GC(219) Using 8 workers of 8 for evacuation
[2025-12-24T16:25:25.048+0000][gc,phases   ] GC(219)   Pre Evacuate Collection Set: 1.0ms
[2025-12-24T16:25:25.048+0000][gc,phases   ] GC(219)   Merge Heap Roots: 0.3ms
[2025-12-24T16:25:25.048+0000][gc,phases   ] GC(219)   Evacuate Collection Set: 19.6ms
[2025-12-24T16:25:25.048+0000][gc,phases   ] GC(219)   Post Evacuate Collection Set: 1.7ms
[2025-12-24T16:25:25.048+0000][gc,phases   ] GC(219)   Other: 0.3ms
[2025-12-24T16:25:25.048+0000][gc,heap     ] GC(219) Eden regions: 604->0(605)
[2025-12-24T16:25:25.048+0000][gc,heap     ] GC(219) Survivor regions: 10->9(77)
[2025-12-24T16:25:25.048+0000][gc,heap     ] GC(219) Old regions: 64->64
[2025-12-24T16:25:25.048+0000][gc,heap     ] GC(219) Humongous regions: 151->151
[2025-12-24T16:25:25.048+0000][gc,metaspace] GC(219) Metaspace: 15378K(15744K)->15378K(15744K) NonClass: 13754K(13888K)->13754K(13888K) Class: 1623K(1856K)->1623K(1856K)
[2025-12-24T16:25:25.049+0000][gc          ] GC(219) Pause Young (Normal) (G1 Evacuation Pause) 827M->222M(1024M) 24.735ms
[2025-12-24T16:25:25.049+0000][gc,cpu      ] GC(219) User=0.14s Sys=0.00s Real=0.02s
[2025-12-24T16:25:55.276+0000][gc,start    ] GC(220) Pause Young (Normal) (G1 Evacuation Pause)
[2025-12-24T16:25:55.277+0000][gc,task     ] GC(220) Using 8 workers of 8 for evacuation
[2025-12-24T16:25:55.299+0000][gc,phases   ] GC(220)   Pre Evacuate Collection Set: 4.6ms
[2025-12-24T16:25:55.299+0000][gc,phases   ] GC(220)   Merge Heap Roots: 1.7ms
[2025-12-24T16:25:55.299+0000][gc,phases   ] GC(220)   Evacuate Collection Set: 13.9ms
[2025-12-24T16:25:55.299+0000][gc,phases   ] GC(220)   Post Evacuate Collection Set: 1.2ms
[2025-12-24T16:25:55.299+0000][gc,phases   ] GC(220)   Other: 0.6ms
[2025-12-24T16:25:55.299+0000][gc,heap     ] GC(220) Eden regions: 605->0(604)
[2025-12-24T16:25:55.299+0000][gc,heap     ] GC(220) Survivor regions: 9->10(77)
[2025-12-24T16:25:55.299+0000][gc,heap     ] GC(220) Old regions: 64->64
[2025-12-24T16:25:55.299+0000][gc,heap     ] GC(220) Humongous regions: 151->151
[2025-12-24T16:25:55.299+0000][gc,metaspace] GC(220) Metaspace: 15378K(15744K)->15378K(15744K) NonClass: 13754K(13888K)->13754K(13888K) Class: 1623K(1856K)->1623K(1856K)
[2025-12-24T16:25:55.299+0000][gc          ] GC(220) Pause Young (Normal) (G1 Evacuation Pause) 827M->224M(1024M) 23.083ms
[2025-12-24T16:25:55.299+0000][gc,cpu      ] GC(220) User=0.14s Sys=0.01s Real=0.02s
[2025-12-24T16:26:34.933+0000][gc,start    ] GC(221) Pause Young (Normal) (G1 Evacuation Pause)
[2025-12-24T16:26:34.934+0000][gc,task     ] GC(221) Using 8 workers of 8 for evacuation
[2025-12-24T16:26:34.953+0000][gc,phases   ] GC(221)   Pre Evacuate Collection Set: 1.0ms
[2025-12-24T16:26:34.953+0000][gc,phases   ] GC(221)   Merge Heap Roots: 0.4ms
[2025-12-24T16:26:34.953+0000][gc,phases   ] GC(221)   Evacuate Collection Set: 14.7ms
[2025-12-24T16:26:34.953+0000][gc,phases   ] GC(221)   Post Evacuate Collection Set: 2.3ms
[2025-12-24T16:26:34.953+0000][gc,phases   ] GC(221)   Other: 0.5ms
[2025-12-24T16:26:34.953+0000][gc,heap     ] GC(221) Eden regions: 604->0(605)
[2025-12-24T16:26:34.953+0000][gc,heap     ] GC(221) Survivor regions: 10->9(77)
[2025-12-24T16:26:34.953+0000][gc,heap     ] GC(221) Old regions: 64->64
[2025-12-24T16:26:34.953+0000][gc,heap     ] GC(221) Humongous regions: 151->151
[2025-12-24T16:26:34.954+0000][gc,metaspace] GC(221) Metaspace: 15378K(15744K)->15378K(15744K) NonClass: 13754K(13888K)->13754K(13888K) Class: 1623K(1856K)->1623K(1856K)
[2025-12-24T16:26:34.954+0000][gc          ] GC(221) Pause Young (Normal) (G1 Evacuation Pause) 828M->223M(1024M) 20.638ms
[2025-12-24T16:26:34.954+0000][gc,cpu      ] GC(221) User=0.12s Sys=0.00s Real=0.02s
[2025-12-24T16:27:05.206+0000][gc,start    ] GC(222) Pause Young (Normal) (G1 Evacuation Pause)
[2025-12-24T16:27:05.206+0000][gc,task     ] GC(222) Using 8 workers of 8 for evacuation
[2025-12-24T16:27:05.223+0000][gc,phases   ] GC(222)   Pre Evacuate Collection Set: 1.1ms
[2025-12-24T16:27:05.223+0000][gc,phases   ] GC(222)   Merge Heap Roots: 0.3ms
[2025-12-24T16:27:05.223+0000][gc,phases   ] GC(222)   Evacuate Collection Set: 13.1ms
[2025-12-24T16:27:05.223+0000][gc,phases   ] GC(222)   Post Evacuate Collection Set: 1.3ms
[2025-12-24T16:27:05.223+0000][gc,phases   ] GC(222)   Other: 0.3ms
[2025-12-24T16:27:05.223+0000][gc,heap     ] GC(222) Eden regions: 605->0(608)
[2025-12-24T16:27:05.223+0000][gc,heap     ] GC(222) Survivor regions: 9->6(77)
[2025-12-24T16:27:05.223+0000][gc,heap     ] GC(222) Old regions: 64->65
[2025-12-24T16:27:05.223+0000][gc,heap     ] GC(222) Humongous regions: 151->151
[2025-12-24T16:27:05.223+0000][gc,metaspace] GC(222) Metaspace: 15378K(15744K)->15378K(15744K) NonClass: 13754K(13888K)->13754K(13888K) Class: 1623K(1856K)->1623K(1856K)
[2025-12-24T16:27:05.223+0000][gc          ] GC(222) Pause Young (Normal) (G1 Evacuation Pause) 828M->220M(1024M) 17.450ms
[2025-12-24T16:27:05.223+0000][gc,cpu      ] GC(222) User=0.10s Sys=0.01s Real=0.02s
[2025-12-24T16:27:35.355+0000][gc,start    ] GC(223) Pause Young (Normal) (G1 Evacuation Pause)
[2025-12-24T16:27:35.356+0000][gc,task     ] GC(223) Using 8 workers of 8 for evacuation
[2025-12-24T16:27:35.364+0000][gc,phases   ] GC(223)   Pre Evacuate Collection Set: 1.1ms
[2025-12-24T16:27:35.365+0000][gc,phases   ] GC(223)   Merge Heap Roots: 0.3ms
[2025-12-24T16:27:35.365+0000][gc,phases   ] GC(223)   Evacuate Collection Set: 5.9ms
[2025-12-24T16:27:35.365+0000][gc,phases   ] GC(223)   Post Evacuate Collection Set: 1.1ms
[2025-12-24T16:27:35.365+0000][gc,phases   ] GC(223)   Other: 0.3ms
[2025-12-24T16:27:35.365+0000][gc,heap     ] GC(223) Eden regions: 608->0(607)
[2025-12-24T16:27:35.365+0000][gc,heap     ] GC(223) Survivor regions: 6->7(77)
[2025-12-24T16:27:35.365+0000][gc,heap     ] GC(223) Old regions: 65->65
[2025-12-24T16:27:35.365+0000][gc,heap     ] GC(223) Humongous regions: 151->151
[2025-12-24T16:27:35.365+0000][gc,metaspace] GC(223) Metaspace: 15378K(15744K)->15378K(15744K) NonClass: 13754K(13888K)->13754K(13888K) Class: 1623K(1856K)->1623K(1856K)
[2025-12-24T16:27:35.365+0000][gc          ] GC(223) Pause Young (Normal) (G1 Evacuation Pause) 828M->221M(1024M) 9.910ms
[2025-12-24T16:27:35.365+0000][gc,cpu      ] GC(223) User=0.05s Sys=0.00s Real=0.01s
[2025-12-24T16:28:15.076+0000][gc,start    ] GC(224) Pause Young (Normal) (G1 Evacuation Pause)
[2025-12-24T16:28:15.078+0000][gc,task     ] GC(224) Using 8 workers of 8 for evacuation
[2025-12-24T16:28:15.092+0000][gc,phases   ] GC(224)   Pre Evacuate Collection Set: 2.0ms
[2025-12-24T16:28:15.093+0000][gc,phases   ] GC(224)   Merge Heap Roots: 0.4ms
[2025-12-24T16:28:15.093+0000][gc,phases   ] GC(224)   Evacuate Collection Set: 10.7ms
[2025-12-24T16:28:15.093+0000][gc,phases   ] GC(224)   Post Evacuate Collection Set: 1.3ms
[2025-12-24T16:28:15.093+0000][gc,phases   ] GC(224)   Other: 0.6ms
[2025-12-24T16:28:15.093+0000][gc,heap     ] GC(224) Eden regions: 607->0(608)
[2025-12-24T16:28:15.093+0000][gc,heap     ] GC(224) Survivor regions: 7->6(77)
[2025-12-24T16:28:15.093+0000][gc,heap     ] GC(224) Old regions: 65->65
[2025-12-24T16:28:15.093+0000][gc,heap     ] GC(224) Humongous regions: 151->151
[2025-12-24T16:28:15.093+0000][gc,metaspace] GC(224) Metaspace: 15378K(15744K)->15378K(15744K) NonClass: 13754K(13888K)->13754K(13888K) Class: 1623K(1856K)->1623K(1856K)
[2025-12-24T16:28:15.093+0000][gc          ] GC(224) Pause Young (Normal) (G1 Evacuation Pause) 828M->221M(1024M) 17.118ms
[2025-12-24T16:28:15.093+0000][gc,cpu      ] GC(224) User=0.09s Sys=0.00s Real=0.02s
[2025-12-24T16:28:45.303+0000][gc,start    ] GC(225) Pause Young (Normal) (G1 Evacuation Pause)
[2025-12-24T16:28:45.304+0000][gc,task     ] GC(225) Using 8 workers of 8 for evacuation
[2025-12-24T16:28:45.314+0000][gc,phases   ] GC(225)   Pre Evacuate Collection Set: 1.1ms
[2025-12-24T16:28:45.314+0000][gc,phases   ] GC(225)   Merge Heap Roots: 0.3ms
[2025-12-24T16:28:45.314+0000][gc,phases   ] GC(225)   Evacuate Collection Set: 7.1ms
[2025-12-24T16:28:45.314+0000][gc,phases   ] GC(225)   Post Evacuate Collection Set: 1.1ms
[2025-12-24T16:28:45.314+0000][gc,phases   ] GC(225)   Other: 0.4ms
[2025-12-24T16:28:45.315+0000][gc,heap     ] GC(225) Eden regions: 608->0(606)
[2025-12-24T16:28:45.315+0000][gc,heap     ] GC(225) Survivor regions: 6->8(77)
[2025-12-24T16:28:45.315+0000][gc,heap     ] GC(225) Old regions: 65->65
[2025-12-24T16:28:45.315+0000][gc,heap     ] GC(225) Humongous regions: 151->151
[2025-12-24T16:28:45.315+0000][gc,metaspace] GC(225) Metaspace: 15378K(15744K)->15378K(15744K) NonClass: 13754K(13888K)->13754K(13888K) Class: 1623K(1856K)->1623K(1856K)
[2025-12-24T16:28:45.315+0000][gc          ] GC(225) Pause Young (Normal) (G1 Evacuation Pause) 829M->223M(1024M) 11.542ms
[2025-12-24T16:28:45.315+0000][gc,cpu      ] GC(225) User=0.05s Sys=0.00s Real=0.01s
[2025-12-24T16:46:25.981+0000][gc,start    ] GC(226) Pause Young (Normal) (G1 Evacuation Pause)
[2025-12-24T16:46:25.982+0000][gc,task     ] GC(226) Using 8 workers of 8 for evacuation
[2025-12-24T16:46:26.005+0000][gc,phases   ] GC(226)   Pre Evacuate Collection Set: 3.8ms
[2025-12-24T16:46:26.005+0000][gc,phases   ] GC(226)   Merge Heap Roots: 0.9ms
[2025-12-24T16:46:26.005+0000][gc,phases   ] GC(226)   Evacuate Collection Set: 16.1ms
[2025-12-24T16:46:26.005+0000][gc,phases   ] GC(226)   Post Evacuate Collection Set: 1.4ms
[2025-12-24T16:46:26.005+0000][gc,phases   ] GC(226)   Other: 0.7ms
[2025-12-24T16:46:26.005+0000][gc,heap     ] GC(226) Eden regions: 606->0(607)
[2025-12-24T16:46:26.005+0000][gc,heap     ] GC(226) Survivor regions: 8->7(77)
[2025-12-24T16:46:26.005+0000][gc,heap     ] GC(226) Old regions: 65->65
[2025-12-24T16:46:26.005+0000][gc,heap     ] GC(226) Humongous regions: 151->151
[2025-12-24T16:46:26.005+0000][gc,metaspace] GC(226) Metaspace: 15384K(15744K)->15384K(15744K) NonClass: 13760K(13888K)->13760K(13888K) Class: 1623K(1856K)->1623K(1856K)
[2025-12-24T16:46:26.006+0000][gc          ] GC(226) Pause Young (Normal) (G1 Evacuation Pause) 829M->222M(1024M) 24.176ms
[2025-12-24T16:46:26.006+0000][gc,cpu      ] GC(226) User=0.16s Sys=0.00s Real=0.03s
[2025-12-24T16:46:56.277+0000][gc,start    ] GC(227) Pause Young (Normal) (G1 Evacuation Pause)
[2025-12-24T16:46:56.278+0000][gc,task     ] GC(227) Using 8 workers of 8 for evacuation
[2025-12-24T16:46:56.297+0000][gc,phases   ] GC(227)   Pre Evacuate Collection Set: 1.1ms
[2025-12-24T16:46:56.297+0000][gc,phases   ] GC(227)   Merge Heap Roots: 0.3ms
[2025-12-24T16:46:56.297+0000][gc,phases   ] GC(227)   Evacuate Collection Set: 16.6ms
[2025-12-24T16:46:56.297+0000][gc,phases   ] GC(227)   Post Evacuate Collection Set: 1.3ms
[2025-12-24T16:46:56.297+0000][gc,phases   ] GC(227)   Other: 0.3ms
[2025-12-24T16:46:56.297+0000][gc,heap     ] GC(227) Eden regions: 607->0(606)
[2025-12-24T16:46:56.298+0000][gc,heap     ] GC(227) Survivor regions: 7->8(77)
[2025-12-24T16:46:56.298+0000][gc,heap     ] GC(227) Old regions: 65->66
[2025-12-24T16:46:56.298+0000][gc,heap     ] GC(227) Humongous regions: 151->151
[2025-12-24T16:46:56.298+0000][gc,metaspace] GC(227) Metaspace: 15396K(15744K)->15396K(15744K) NonClass: 13773K(13888K)->13773K(13888K) Class: 1623K(1856K)->1623K(1856K)
[2025-12-24T16:46:56.298+0000][gc          ] GC(227) Pause Young (Normal) (G1 Evacuation Pause) 829M->223M(1024M) 20.905ms
[2025-12-24T16:46:56.298+0000][gc,cpu      ] GC(227) User=0.12s Sys=0.00s Real=0.02s
[2025-12-24T16:47:35.902+0000][gc,start    ] GC(228) Pause Young (Normal) (G1 Evacuation Pause)
[2025-12-24T16:47:35.902+0000][gc,task     ] GC(228) Using 8 workers of 8 for evacuation
[2025-12-24T16:47:35.919+0000][gc,phases   ] GC(228)   Pre Evacuate Collection Set: 1.9ms
[2025-12-24T16:47:35.919+0000][gc,phases   ] GC(228)   Merge Heap Roots: 1.0ms
[2025-12-24T16:47:35.920+0000][gc,phases   ] GC(228)   Evacuate Collection Set: 13.0ms
[2025-12-24T16:47:35.920+0000][gc,phases   ] GC(228)   Post Evacuate Collection Set: 0.9ms
[2025-12-24T16:47:35.920+0000][gc,phases   ] GC(228)   Other: 0.3ms
[2025-12-24T16:47:35.920+0000][gc,heap     ] GC(228) Eden regions: 606->0(607)
[2025-12-24T16:47:35.920+0000][gc,heap     ] GC(228) Survivor regions: 8->7(77)
[2025-12-24T16:47:35.920+0000][gc,heap     ] GC(228) Old regions: 66->66
[2025-12-24T16:47:35.920+0000][gc,heap     ] GC(228) Humongous regions: 151->151
[2025-12-24T16:47:35.920+0000][gc,metaspace] GC(228) Metaspace: 15398K(15744K)->15398K(15744K) NonClass: 13775K(13888K)->13775K(13888K) Class: 1623K(1856K)->1623K(1856K)
[2025-12-24T16:47:35.920+0000][gc          ] GC(228) Pause Young (Normal) (G1 Evacuation Pause) 829M->223M(1024M) 18.210ms
[2025-12-24T16:47:35.920+0000][gc,cpu      ] GC(228) User=0.12s Sys=0.00s Real=0.02s
[2025-12-24T16:48:06.192+0000][gc,start    ] GC(229) Pause Young (Normal) (G1 Evacuation Pause)
[2025-12-24T16:48:06.193+0000][gc,task     ] GC(229) Using 8 workers of 8 for evacuation
[2025-12-24T16:48:06.203+0000][gc,phases   ] GC(229)   Pre Evacuate Collection Set: 1.0ms
[2025-12-24T16:48:06.203+0000][gc,phases   ] GC(229)   Merge Heap Roots: 0.2ms
[2025-12-24T16:48:06.203+0000][gc,phases   ] GC(229)   Evacuate Collection Set: 5.1ms
[2025-12-24T16:48:06.203+0000][gc,phases   ] GC(229)   Post Evacuate Collection Set: 3.6ms
[2025-12-24T16:48:06.203+0000][gc,phases   ] GC(229)   Other: 0.4ms
[2025-12-24T16:48:06.203+0000][gc,heap     ] GC(229) Eden regions: 607->0(610)
[2025-12-24T16:48:06.203+0000][gc,heap     ] GC(229) Survivor regions: 7->4(77)
[2025-12-24T16:48:06.203+0000][gc,heap     ] GC(229) Old regions: 66->67
[2025-12-24T16:48:06.203+0000][gc,heap     ] GC(229) Humongous regions: 151->151
[2025-12-24T16:48:06.203+0000][gc,metaspace] GC(229) Metaspace: 15398K(15744K)->15398K(15744K) NonClass: 13775K(13888K)->13775K(13888K) Class: 1623K(1856K)->1623K(1856K)
[2025-12-24T16:48:06.204+0000][gc          ] GC(229) Pause Young (Normal) (G1 Evacuation Pause) 830M->220M(1024M) 11.531ms
[2025-12-24T16:48:06.204+0000][gc,cpu      ] GC(229) User=0.05s Sys=0.01s Real=0.01s
[2025-12-24T16:48:36.394+0000][gc,start    ] GC(230) Pause Young (Normal) (G1 Evacuation Pause)
[2025-12-24T16:48:36.395+0000][gc,task     ] GC(230) Using 8 workers of 8 for evacuation
[2025-12-24T16:48:36.403+0000][gc,phases   ] GC(230)   Pre Evacuate Collection Set: 1.2ms
[2025-12-24T16:48:36.403+0000][gc,phases   ] GC(230)   Merge Heap Roots: 0.3ms
[2025-12-24T16:48:36.403+0000][gc,phases   ] GC(230)   Evacuate Collection Set: 5.1ms
[2025-12-24T16:48:36.403+0000][gc,phases   ] GC(230)   Post Evacuate Collection Set: 1.1ms
[2025-12-24T16:48:36.403+0000][gc,phases   ] GC(230)   Other: 0.3ms
[2025-12-24T16:48:36.403+0000][gc,heap     ] GC(230) Eden regions: 610->0(609)
[2025-12-24T16:48:36.403+0000][gc,heap     ] GC(230) Survivor regions: 4->5(77)
[2025-12-24T16:48:36.403+0000][gc,heap     ] GC(230) Old regions: 67->67
[2025-12-24T16:48:36.403+0000][gc,heap     ] GC(230) Humongous regions: 151->151
[2025-12-24T16:48:36.403+0000][gc,metaspace] GC(230) Metaspace: 15398K(15744K)->15398K(15744K) NonClass: 13775K(13888K)->13775K(13888K) Class: 1623K(1856K)->1623K(1856K)
[2025-12-24T16:48:36.403+0000][gc          ] GC(230) Pause Young (Normal) (G1 Evacuation Pause) 830M->221M(1024M) 9.733ms
[2025-12-24T16:48:36.403+0000][gc,cpu      ] GC(230) User=0.04s Sys=0.00s Real=0.01s
[2025-12-24T16:49:16.090+0000][gc,start    ] GC(231) Pause Young (Normal) (G1 Evacuation Pause)
[2025-12-24T16:49:16.091+0000][gc,task     ] GC(231) Using 8 workers of 8 for evacuation
[2025-12-24T16:49:16.103+0000][gc,phases   ] GC(231)   Pre Evacuate Collection Set: 1.0ms
[2025-12-24T16:49:16.103+0000][gc,phases   ] GC(231)   Merge Heap Roots: 0.2ms
[2025-12-24T16:49:16.103+0000][gc,phases   ] GC(231)   Evacuate Collection Set: 9.7ms
[2025-12-24T16:49:16.103+0000][gc,phases   ] GC(231)   Post Evacuate Collection Set: 1.1ms
[2025-12-24T16:49:16.103+0000][gc,phases   ] GC(231)   Other: 0.3ms
[2025-12-24T16:49:16.103+0000][gc,heap     ] GC(231) Eden regions: 609->0(609)
[2025-12-24T16:49:16.103+0000][gc,heap     ] GC(231) Survivor regions: 5->5(77)
[2025-12-24T16:49:16.103+0000][gc,heap     ] GC(231) Old regions: 67->67
[2025-12-24T16:49:16.103+0000][gc,heap     ] GC(231) Humongous regions: 151->151
[2025-12-24T16:49:16.103+0000][gc,metaspace] GC(231) Metaspace: 15398K(15744K)->15398K(15744K) NonClass: 13775K(13888K)->13775K(13888K) Class: 1623K(1856K)->1623K(1856K)
[2025-12-24T16:49:16.104+0000][gc          ] GC(231) Pause Young (Normal) (G1 Evacuation Pause) 830M->221M(1024M) 13.527ms
[2025-12-24T16:49:16.104+0000][gc,cpu      ] GC(231) User=0.08s Sys=0.01s Real=0.02s
[2025-12-24T16:49:46.298+0000][gc,start    ] GC(232) Pause Young (Normal) (G1 Evacuation Pause)
[2025-12-24T16:49:46.299+0000][gc,task     ] GC(232) Using 8 workers of 8 for evacuation
[2025-12-24T16:49:46.312+0000][gc,phases   ] GC(232)   Pre Evacuate Collection Set: 1.1ms
[2025-12-24T16:49:46.312+0000][gc,phases   ] GC(232)   Merge Heap Roots: 0.2ms
[2025-12-24T16:49:46.312+0000][gc,phases   ] GC(232)   Evacuate Collection Set: 9.6ms
[2025-12-24T16:49:46.312+0000][gc,phases   ] GC(232)   Post Evacuate Collection Set: 1.2ms
[2025-12-24T16:49:46.312+0000][gc,phases   ] GC(232)   Other: 0.4ms
[2025-12-24T16:49:46.312+0000][gc,heap     ] GC(232) Eden regions: 609->0(607)
[2025-12-24T16:49:46.312+0000][gc,heap     ] GC(232) Survivor regions: 5->7(77)
[2025-12-24T16:49:46.312+0000][gc,heap     ] GC(232) Old regions: 67->67
[2025-12-24T16:49:46.312+0000][gc,heap     ] GC(232) Humongous regions: 151->151
[2025-12-24T16:49:46.312+0000][gc,metaspace] GC(232) Metaspace: 15398K(15744K)->15398K(15744K) NonClass: 13775K(13888K)->13775K(13888K) Class: 1623K(1856K)->1623K(1856K)
[2025-12-24T16:49:46.312+0000][gc          ] GC(232) Pause Young (Normal) (G1 Evacuation Pause) 830M->223M(1024M) 14.321ms
[2025-12-24T16:49:46.312+0000][gc,cpu      ] GC(232) User=0.08s Sys=0.00s Real=0.02s
[2025-12-24T16:50:25.987+0000][gc,start    ] GC(233) Pause Young (Normal) (G1 Evacuation Pause)
[2025-12-24T16:50:25.988+0000][gc,task     ] GC(233) Using 8 workers of 8 for evacuation
[2025-12-24T16:50:25.996+0000][gc,phases   ] GC(233)   Pre Evacuate Collection Set: 0.9ms
[2025-12-24T16:50:25.996+0000][gc,phases   ] GC(233)   Merge Heap Roots: 0.2ms
[2025-12-24T16:50:25.997+0000][gc,phases   ] GC(233)   Evacuate Collection Set: 5.6ms
[2025-12-24T16:50:25.997+0000][gc,phases   ] GC(233)   Post Evacuate Collection Set: 1.3ms
[2025-12-24T16:50:25.997+0000][gc,phases   ] GC(233)   Other: 0.2ms
[2025-12-24T16:50:25.997+0000][gc,heap     ] GC(233) Eden regions: 607->0(608)
[2025-12-24T16:50:25.997+0000][gc,heap     ] GC(233) Survivor regions: 7->6(77)
[2025-12-24T16:50:25.997+0000][gc,heap     ] GC(233) Old regions: 67->67
[2025-12-24T16:50:25.997+0000][gc,heap     ] GC(233) Humongous regions: 151->151
[2025-12-24T16:50:25.997+0000][gc,metaspace] GC(233) Metaspace: 15399K(15744K)->15399K(15744K) NonClass: 13775K(13888K)->13775K(13888K) Class: 1623K(1856K)->1623K(1856K)
[2025-12-24T16:50:25.997+0000][gc          ] GC(233) Pause Young (Normal) (G1 Evacuation Pause) 830M->222M(1024M) 10.022ms
[2025-12-24T16:50:25.997+0000][gc,cpu      ] GC(233) User=0.04s Sys=0.00s Real=0.01s
[2025-12-24T16:50:56.269+0000][gc,start    ] GC(234) Pause Young (Normal) (G1 Evacuation Pause)
[2025-12-24T16:50:56.272+0000][gc,task     ] GC(234) Using 8 workers of 8 for evacuation
[2025-12-24T16:50:56.287+0000][gc,phases   ] GC(234)   Pre Evacuate Collection Set: 2.4ms
[2025-12-24T16:50:56.287+0000][gc,phases   ] GC(234)   Merge Heap Roots: 0.3ms
[2025-12-24T16:50:56.287+0000][gc,phases   ] GC(234)   Evacuate Collection Set: 11.1ms
[2025-12-24T16:50:56.287+0000][gc,phases   ] GC(234)   Post Evacuate Collection Set: 0.9ms
[2025-12-24T16:50:56.287+0000][gc,phases   ] GC(234)   Other: 1.3ms
[2025-12-24T16:50:56.288+0000][gc,heap     ] GC(234) Eden regions: 608->0(606)
[2025-12-24T16:50:56.288+0000][gc,heap     ] GC(234) Survivor regions: 6->8(77)
[2025-12-24T16:50:56.288+0000][gc,heap     ] GC(234) Old regions: 67->67
[2025-12-24T16:50:56.288+0000][gc,heap     ] GC(234) Humongous regions: 151->151
[2025-12-24T16:50:56.288+0000][gc,metaspace] GC(234) Metaspace: 15399K(15744K)->15399K(15744K) NonClass: 13775K(13888K)->13775K(13888K) Class: 1623K(1856K)->1623K(1856K)
[2025-12-24T16:50:56.288+0000][gc          ] GC(234) Pause Young (Normal) (G1 Evacuation Pause) 830M->224M(1024M) 18.470ms
[2025-12-24T16:50:56.288+0000][gc,cpu      ] GC(234) User=0.10s Sys=0.00s Real=0.02s
[2025-12-24T16:51:35.914+0000][gc,start    ] GC(235) Pause Young (Normal) (G1 Evacuation Pause)
[2025-12-24T16:51:35.914+0000][gc,task     ] GC(235) Using 8 workers of 8 for evacuation
[2025-12-24T16:51:35.937+0000][gc,phases   ] GC(235)   Pre Evacuate Collection Set: 1.0ms
[2025-12-24T16:51:35.937+0000][gc,phases   ] GC(235)   Merge Heap Roots: 2.0ms
[2025-12-24T16:51:35.937+0000][gc,phases   ] GC(235)   Evacuate Collection Set: 17.9ms
[2025-12-24T16:51:35.937+0000][gc,phases   ] GC(235)   Post Evacuate Collection Set: 1.2ms
[2025-12-24T16:51:35.937+0000][gc,phases   ] GC(235)   Other: 0.2ms
[2025-12-24T16:51:35.937+0000][gc,heap     ] GC(235) Eden regions: 606->0(607)
[2025-12-24T16:51:35.937+0000][gc,heap     ] GC(235) Survivor regions: 8->7(77)
[2025-12-24T16:51:35.937+0000][gc,heap     ] GC(235) Old regions: 67->67
[2025-12-24T16:51:35.937+0000][gc,heap     ] GC(235) Humongous regions: 151->151
[2025-12-24T16:51:35.937+0000][gc,metaspace] GC(235) Metaspace: 15399K(15744K)->15399K(15744K) NonClass: 13776K(13888K)->13776K(13888K) Class: 1623K(1856K)->1623K(1856K)
[2025-12-24T16:51:35.937+0000][gc          ] GC(235) Pause Young (Normal) (G1 Evacuation Pause) 830M->224M(1024M) 23.507ms
[2025-12-24T16:51:35.937+0000][gc,cpu      ] GC(235) User=0.14s Sys=0.00s Real=0.02s
[2025-12-24T16:52:06.134+0000][gc,start    ] GC(236) Pause Young (Normal) (G1 Evacuation Pause)
[2025-12-24T16:52:06.134+0000][gc,task     ] GC(236) Using 8 workers of 8 for evacuation
[2025-12-24T16:52:06.148+0000][gc,phases   ] GC(236)   Pre Evacuate Collection Set: 1.3ms
[2025-12-24T16:52:06.148+0000][gc,phases   ] GC(236)   Merge Heap Roots: 0.3ms
[2025-12-24T16:52:06.148+0000][gc,phases   ] GC(236)   Evacuate Collection Set: 10.8ms
[2025-12-24T16:52:06.148+0000][gc,phases   ] GC(236)   Post Evacuate Collection Set: 1.0ms
[2025-12-24T16:52:06.148+0000][gc,phases   ] GC(236)   Other: 0.4ms
[2025-12-24T16:52:06.148+0000][gc,heap     ] GC(236) Eden regions: 607->0(604)
[2025-12-24T16:52:06.148+0000][gc,heap     ] GC(236) Survivor regions: 7->10(77)
[2025-12-24T16:52:06.148+0000][gc,heap     ] GC(236) Old regions: 67->67
[2025-12-24T16:52:06.148+0000][gc,heap     ] GC(236) Humongous regions: 151->151
[2025-12-24T16:52:06.148+0000][gc,metaspace] GC(236) Metaspace: 15400K(15744K)->15400K(15744K) NonClass: 13777K(13888K)->13777K(13888K) Class: 1623K(1856K)->1623K(1856K)
[2025-12-24T16:52:06.149+0000][gc          ] GC(236) Pause Young (Normal) (G1 Evacuation Pause) 831M->226M(1024M) 14.812ms
[2025-12-24T16:52:06.149+0000][gc,cpu      ] GC(236) User=0.09s Sys=0.00s Real=0.02s
[2025-12-24T16:52:36.382+0000][gc,start    ] GC(237) Pause Young (Normal) (G1 Evacuation Pause)
[2025-12-24T16:52:36.383+0000][gc,task     ] GC(237) Using 8 workers of 8 for evacuation
[2025-12-24T16:52:36.390+0000][gc,phases   ] GC(237)   Pre Evacuate Collection Set: 1.0ms
[2025-12-24T16:52:36.390+0000][gc,phases   ] GC(237)   Merge Heap Roots: 0.2ms
[2025-12-24T16:52:36.390+0000][gc,phases   ] GC(237)   Evacuate Collection Set: 4.2ms
[2025-12-24T16:52:36.390+0000][gc,phases   ] GC(237)   Post Evacuate Collection Set: 1.0ms
[2025-12-24T16:52:36.390+0000][gc,phases   ] GC(237)   Other: 0.3ms
[2025-12-24T16:52:36.390+0000][gc,heap     ] GC(237) Eden regions: 604->0(608)
[2025-12-24T16:52:36.390+0000][gc,heap     ] GC(237) Survivor regions: 10->6(77)
[2025-12-24T16:52:36.390+0000][gc,heap     ] GC(237) Old regions: 67->67
[2025-12-24T16:52:36.390+0000][gc,heap     ] GC(237) Humongous regions: 151->151
[2025-12-24T16:52:36.390+0000][gc,metaspace] GC(237) Metaspace: 15400K(15744K)->15400K(15744K) NonClass: 13777K(13888K)->13777K(13888K) Class: 1623K(1856K)->1623K(1856K)
[2025-12-24T16:52:36.390+0000][gc          ] GC(237) Pause Young (Normal) (G1 Evacuation Pause) 830M->223M(1024M) 8.110ms
[2025-12-24T16:52:36.390+0000][gc,cpu      ] GC(237) User=0.04s Sys=0.00s Real=0.01s
[2025-12-24T16:53:16.052+0000][gc,start    ] GC(238) Pause Young (Normal) (G1 Evacuation Pause)
[2025-12-24T16:53:16.053+0000][gc,task     ] GC(238) Using 8 workers of 8 for evacuation
[2025-12-24T16:53:16.069+0000][gc,phases   ] GC(238)   Pre Evacuate Collection Set: 0.9ms
[2025-12-24T16:53:16.069+0000][gc,phases   ] GC(238)   Merge Heap Roots: 0.2ms
[2025-12-24T16:53:16.069+0000][gc,phases   ] GC(238)   Evacuate Collection Set: 13.6ms
[2025-12-24T16:53:16.069+0000][gc,phases   ] GC(238)   Post Evacuate Collection Set: 1.0ms
[2025-12-24T16:53:16.069+0000][gc,phases   ] GC(238)   Other: 0.2ms
[2025-12-24T16:53:16.069+0000][gc,heap     ] GC(238) Eden regions: 608->0(608)
[2025-12-24T16:53:16.069+0000][gc,heap     ] GC(238) Survivor regions: 6->6(77)
[2025-12-24T16:53:16.069+0000][gc,heap     ] GC(238) Old regions: 67->67
[2025-12-24T16:53:16.069+0000][gc,heap     ] GC(238) Humongous regions: 151->151
[2025-12-24T16:53:16.069+0000][gc,metaspace] GC(238) Metaspace: 15401K(15744K)->15401K(15744K) NonClass: 13778K(13888K)->13778K(13888K) Class: 1623K(1856K)->1623K(1856K)
[2025-12-24T16:53:16.069+0000][gc          ] GC(238) Pause Young (Normal) (G1 Evacuation Pause) 831M->223M(1024M) 17.582ms
[2025-12-24T16:53:16.069+0000][gc,cpu      ] GC(238) User=0.10s Sys=0.01s Real=0.02s
[2025-12-24T16:53:46.319+0000][gc,start    ] GC(239) Pause Young (Normal) (G1 Evacuation Pause)
[2025-12-24T16:53:46.320+0000][gc,task     ] GC(239) Using 8 workers of 8 for evacuation
[2025-12-24T16:53:46.338+0000][gc,phases   ] GC(239)   Pre Evacuate Collection Set: 1.0ms
[2025-12-24T16:53:46.338+0000][gc,phases   ] GC(239)   Merge Heap Roots: 0.2ms
[2025-12-24T16:53:46.338+0000][gc,phases   ] GC(239)   Evacuate Collection Set: 14.9ms
[2025-12-24T16:53:46.338+0000][gc,phases   ] GC(239)   Post Evacuate Collection Set: 1.1ms
[2025-12-24T16:53:46.338+0000][gc,phases   ] GC(239)   Other: 0.3ms
[2025-12-24T16:53:46.338+0000][gc,heap     ] GC(239) Eden regions: 608->0(606)
[2025-12-24T16:53:46.338+0000][gc,heap     ] GC(239) Survivor regions: 6->8(77)
[2025-12-24T16:53:46.338+0000][gc,heap     ] GC(239) Old regions: 67->67
[2025-12-24T16:53:46.338+0000][gc,heap     ] GC(239) Humongous regions: 151->151
[2025-12-24T16:53:46.338+0000][gc,metaspace] GC(239) Metaspace: 15401K(15744K)->15401K(15744K) NonClass: 13778K(13888K)->13778K(13888K) Class: 1623K(1856K)->1623K(1856K)
[2025-12-24T16:53:46.338+0000][gc          ] GC(239) Pause Young (Normal) (G1 Evacuation Pause) 831M->224M(1024M) 19.009ms
[2025-12-24T16:53:46.338+0000][gc,cpu      ] GC(239) User=0.12s Sys=0.01s Real=0.02s
[2025-12-24T16:54:25.995+0000][gc,start    ] GC(240) Pause Young (Normal) (G1 Evacuation Pause)
[2025-12-24T16:54:25.996+0000][gc,task     ] GC(240) Using 8 workers of 8 for evacuation
[2025-12-24T16:54:26.007+0000][gc,phases   ] GC(240)   Pre Evacuate Collection Set: 1.2ms
[2025-12-24T16:54:26.007+0000][gc,phases   ] GC(240)   Merge Heap Roots: 0.3ms
[2025-12-24T16:54:26.007+0000][gc,phases   ] GC(240)   Evacuate Collection Set: 8.2ms
[2025-12-24T16:54:26.007+0000][gc,phases   ] GC(240)   Post Evacuate Collection Set: 1.1ms
[2025-12-24T16:54:26.007+0000][gc,phases   ] GC(240)   Other: 0.3ms
[2025-12-24T16:54:26.008+0000][gc,heap     ] GC(240) Eden regions: 606->0(607)
[2025-12-24T16:54:26.008+0000][gc,heap     ] GC(240) Survivor regions: 8->7(77)
[2025-12-24T16:54:26.008+0000][gc,heap     ] GC(240) Old regions: 67->67
[2025-12-24T16:54:26.008+0000][gc,heap     ] GC(240) Humongous regions: 151->151
[2025-12-24T16:54:26.008+0000][gc,metaspace] GC(240) Metaspace: 15401K(15744K)->15401K(15744K) NonClass: 13778K(13888K)->13778K(13888K) Class: 1623K(1856K)->1623K(1856K)
[2025-12-24T16:54:26.008+0000][gc          ] GC(240) Pause Young (Normal) (G1 Evacuation Pause) 830M->224M(1024M) 12.918ms
[2025-12-24T16:54:26.008+0000][gc,cpu      ] GC(240) User=0.05s Sys=0.01s Real=0.01s
[2025-12-24T16:54:56.262+0000][gc,start    ] GC(241) Pause Young (Normal) (G1 Evacuation Pause)
[2025-12-24T16:54:56.263+0000][gc,task     ] GC(241) Using 8 workers of 8 for evacuation
[2025-12-24T16:54:56.278+0000][gc,phases   ] GC(241)   Pre Evacuate Collection Set: 1.0ms
[2025-12-24T16:54:56.278+0000][gc,phases   ] GC(241)   Merge Heap Roots: 0.3ms
[2025-12-24T16:54:56.278+0000][gc,phases   ] GC(241)   Evacuate Collection Set: 12.2ms
[2025-12-24T16:54:56.278+0000][gc,phases   ] GC(241)   Post Evacuate Collection Set: 1.3ms
[2025-12-24T16:54:56.278+0000][gc,phases   ] GC(241)   Other: 0.4ms
[2025-12-24T16:54:56.278+0000][gc,heap     ] GC(241) Eden regions: 607->0(605)
[2025-12-24T16:54:56.278+0000][gc,heap     ] GC(241) Survivor regions: 7->9(77)
[2025-12-24T16:54:56.278+0000][gc,heap     ] GC(241) Old regions: 67->67
[2025-12-24T16:54:56.278+0000][gc,heap     ] GC(241) Humongous regions: 151->151
[2025-12-24T16:54:56.279+0000][gc,metaspace] GC(241) Metaspace: 15401K(15744K)->15401K(15744K) NonClass: 13778K(13888K)->13778K(13888K) Class: 1623K(1856K)->1623K(1856K)
[2025-12-24T16:54:56.279+0000][gc          ] GC(241) Pause Young (Normal) (G1 Evacuation Pause) 831M->226M(1024M) 16.305ms
[2025-12-24T16:54:56.279+0000][gc,cpu      ] GC(241) User=0.09s Sys=0.00s Real=0.01s
[2025-12-24T16:55:35.897+0000][gc,start    ] GC(242) Pause Young (Normal) (G1 Evacuation Pause)
[2025-12-24T16:55:35.897+0000][gc,task     ] GC(242) Using 8 workers of 8 for evacuation
[2025-12-24T16:55:35.922+0000][gc,phases   ] GC(242)   Pre Evacuate Collection Set: 1.2ms
[2025-12-24T16:55:35.922+0000][gc,phases   ] GC(242)   Merge Heap Roots: 0.3ms
[2025-12-24T16:55:35.922+0000][gc,phases   ] GC(242)   Evacuate Collection Set: 21.4ms
[2025-12-24T16:55:35.922+0000][gc,phases   ] GC(242)   Post Evacuate Collection Set: 1.4ms
[2025-12-24T16:55:35.922+0000][gc,phases   ] GC(242)   Other: 0.2ms
[2025-12-24T16:55:35.922+0000][gc,heap     ] GC(242) Eden regions: 605->0(606)
[2025-12-24T16:55:35.922+0000][gc,heap     ] GC(242) Survivor regions: 9->8(77)
[2025-12-24T16:55:35.922+0000][gc,heap     ] GC(242) Old regions: 67->67
[2025-12-24T16:55:35.922+0000][gc,heap     ] GC(242) Humongous regions: 151->151
[2025-12-24T16:55:35.922+0000][gc,metaspace] GC(242) Metaspace: 15402K(15744K)->15402K(15744K) NonClass: 13779K(13888K)->13779K(13888K) Class: 1623K(1856K)->1623K(1856K)
[2025-12-24T16:55:35.923+0000][gc          ] GC(242) Pause Young (Normal) (G1 Evacuation Pause) 831M->225M(1024M) 26.189ms
[2025-12-24T16:55:35.923+0000][gc,cpu      ] GC(242) User=0.15s Sys=0.00s Real=0.03s
[2025-12-24T16:56:06.178+0000][gc,start    ] GC(243) Pause Young (Normal) (G1 Evacuation Pause)
[2025-12-24T16:56:06.178+0000][gc,task     ] GC(243) Using 8 workers of 8 for evacuation
[2025-12-24T16:56:06.199+0000][gc,phases   ] GC(243)   Pre Evacuate Collection Set: 3.0ms
[2025-12-24T16:56:06.199+0000][gc,phases   ] GC(243)   Merge Heap Roots: 0.2ms
[2025-12-24T16:56:06.199+0000][gc,phases   ] GC(243)   Evacuate Collection Set: 15.5ms
[2025-12-24T16:56:06.199+0000][gc,phases   ] GC(243)   Post Evacuate Collection Set: 1.2ms
[2025-12-24T16:56:06.199+0000][gc,phases   ] GC(243)   Other: 0.3ms
[2025-12-24T16:56:06.199+0000][gc,heap     ] GC(243) Eden regions: 606->0(605)
[2025-12-24T16:56:06.199+0000][gc,heap     ] GC(243) Survivor regions: 8->9(77)
[2025-12-24T16:56:06.199+0000][gc,heap     ] GC(243) Old regions: 67->68
[2025-12-24T16:56:06.199+0000][gc,heap     ] GC(243) Humongous regions: 151->151
[2025-12-24T16:56:06.199+0000][gc,metaspace] GC(243) Metaspace: 15402K(15744K)->15402K(15744K) NonClass: 13779K(13888K)->13779K(13888K) Class: 1623K(1856K)->1623K(1856K)
[2025-12-24T16:56:06.199+0000][gc          ] GC(243) Pause Young (Normal) (G1 Evacuation Pause) 831M->227M(1024M) 21.651ms
[2025-12-24T16:56:06.199+0000][gc,cpu      ] GC(243) User=0.13s Sys=0.00s Real=0.02s
[2025-12-24T16:56:36.355+0000][gc,start    ] GC(244) Pause Young (Normal) (G1 Evacuation Pause)
[2025-12-24T16:56:36.356+0000][gc,task     ] GC(244) Using 8 workers of 8 for evacuation
[2025-12-24T16:56:36.373+0000][gc,phases   ] GC(244)   Pre Evacuate Collection Set: 1.1ms
[2025-12-24T16:56:36.374+0000][gc,phases   ] GC(244)   Merge Heap Roots: 0.2ms
[2025-12-24T16:56:36.374+0000][gc,phases   ] GC(244)   Evacuate Collection Set: 14.9ms
[2025-12-24T16:56:36.374+0000][gc,phases   ] GC(244)   Post Evacuate Collection Set: 1.4ms
[2025-12-24T16:56:36.374+0000][gc,phases   ] GC(244)   Other: 0.3ms
[2025-12-24T16:56:36.374+0000][gc,heap     ] GC(244) Eden regions: 605->0(607)
[2025-12-24T16:56:36.374+0000][gc,heap     ] GC(244) Survivor regions: 9->7(77)
[2025-12-24T16:56:36.374+0000][gc,heap     ] GC(244) Old regions: 68->68
[2025-12-24T16:56:36.374+0000][gc,heap     ] GC(244) Humongous regions: 151->151
[2025-12-24T16:56:36.374+0000][gc,metaspace] GC(244) Metaspace: 15402K(15744K)->15402K(15744K) NonClass: 13779K(13888K)->13779K(13888K) Class: 1623K(1856K)->1623K(1856K)
[2025-12-24T16:56:36.374+0000][gc          ] GC(244) Pause Young (Normal) (G1 Evacuation Pause) 832M->224M(1024M) 19.213ms
[2025-12-24T16:56:36.374+0000][gc,cpu      ] GC(244) User=0.13s Sys=0.01s Real=0.02s
[2025-12-24T16:57:16.024+0000][gc,start    ] GC(245) Pause Young (Normal) (G1 Evacuation Pause)
[2025-12-24T16:57:16.026+0000][gc,task     ] GC(245) Using 8 workers of 8 for evacuation
[2025-12-24T16:57:16.047+0000][gc,phases   ] GC(245)   Pre Evacuate Collection Set: 1.9ms
[2025-12-24T16:57:16.047+0000][gc,phases   ] GC(245)   Merge Heap Roots: 0.6ms
[2025-12-24T16:57:16.047+0000][gc,phases   ] GC(245)   Evacuate Collection Set: 17.0ms
[2025-12-24T16:57:16.047+0000][gc,phases   ] GC(245)   Post Evacuate Collection Set: 1.2ms
[2025-12-24T16:57:16.047+0000][gc,phases   ] GC(245)   Other: 0.3ms
[2025-12-24T16:57:16.047+0000][gc,heap     ] GC(245) Eden regions: 607->0(608)
[2025-12-24T16:57:16.047+0000][gc,heap     ] GC(245) Survivor regions: 7->6(77)
[2025-12-24T16:57:16.047+0000][gc,heap     ] GC(245) Old regions: 68->68
[2025-12-24T16:57:16.047+0000][gc,heap     ] GC(245) Humongous regions: 151->151
[2025-12-24T16:57:16.047+0000][gc,metaspace] GC(245) Metaspace: 15402K(15744K)->15402K(15744K) NonClass: 13779K(13888K)->13779K(13888K) Class: 1623K(1856K)->1623K(1856K)
[2025-12-24T16:57:16.047+0000][gc          ] GC(245) Pause Young (Normal) (G1 Evacuation Pause) 831M->224M(1024M) 23.218ms
[2025-12-24T16:57:16.047+0000][gc,cpu      ] GC(245) User=0.14s Sys=0.01s Real=0.02s
[2025-12-24T16:57:46.261+0000][gc,start    ] GC(246) Pause Young (Normal) (G1 Evacuation Pause)
[2025-12-24T16:57:46.263+0000][gc,task     ] GC(246) Using 8 workers of 8 for evacuation
[2025-12-24T16:57:46.278+0000][gc,phases   ] GC(246)   Pre Evacuate Collection Set: 1.2ms
[2025-12-24T16:57:46.278+0000][gc,phases   ] GC(246)   Merge Heap Roots: 0.3ms
[2025-12-24T16:57:46.278+0000][gc,phases   ] GC(246)   Evacuate Collection Set: 12.5ms
[2025-12-24T16:57:46.278+0000][gc,phases   ] GC(246)   Post Evacuate Collection Set: 1.3ms
[2025-12-24T16:57:46.279+0000][gc,phases   ] GC(246)   Other: 0.3ms
[2025-12-24T16:57:46.279+0000][gc,heap     ] GC(246) Eden regions: 608->0(606)
[2025-12-24T16:57:46.279+0000][gc,heap     ] GC(246) Survivor regions: 6->8(77)
[2025-12-24T16:57:46.279+0000][gc,heap     ] GC(246) Old regions: 68->68
[2025-12-24T16:57:46.279+0000][gc,heap     ] GC(246) Humongous regions: 151->151
[2025-12-24T16:57:46.279+0000][gc,metaspace] GC(246) Metaspace: 15402K(15744K)->15402K(15744K) NonClass: 13779K(13888K)->13779K(13888K) Class: 1623K(1856K)->1623K(1856K)
[2025-12-24T16:57:46.279+0000][gc          ] GC(246) Pause Young (Normal) (G1 Evacuation Pause) 832M->225M(1024M) 18.825ms
[2025-12-24T16:57:46.279+0000][gc,cpu      ] GC(246) User=0.11s Sys=0.00s Real=0.02s
[2025-12-24T16:58:26.432+0000][gc,start    ] GC(247) Pause Young (Normal) (G1 Evacuation Pause)
[2025-12-24T16:58:26.433+0000][gc,task     ] GC(247) Using 8 workers of 8 for evacuation
[2025-12-24T16:58:26.450+0000][gc,phases   ] GC(247)   Pre Evacuate Collection Set: 2.9ms
[2025-12-24T16:58:26.450+0000][gc,phases   ] GC(247)   Merge Heap Roots: 0.3ms
[2025-12-24T16:58:26.450+0000][gc,phases   ] GC(247)   Evacuate Collection Set: 13.0ms
[2025-12-24T16:58:26.450+0000][gc,phases   ] GC(247)   Post Evacuate Collection Set: 1.4ms
[2025-12-24T16:58:26.451+0000][gc,phases   ] GC(247)   Other: 0.6ms
[2025-12-24T16:58:26.451+0000][gc,heap     ] GC(247) Eden regions: 606->0(607)
[2025-12-24T16:58:26.451+0000][gc,heap     ] GC(247) Survivor regions: 8->7(77)
[2025-12-24T16:58:26.451+0000][gc,heap     ] GC(247) Old regions: 68->68
[2025-12-24T16:58:26.451+0000][gc,heap     ] GC(247) Humongous regions: 151->151
[2025-12-24T16:58:26.451+0000][gc,metaspace] GC(247) Metaspace: 15404K(15744K)->15404K(15744K) NonClass: 13780K(13888K)->13780K(13888K) Class: 1623K(1856K)->1623K(1856K)
[2025-12-24T16:58:26.451+0000][gc          ] GC(247) Pause Young (Normal) (G1 Evacuation Pause) 831M->225M(1024M) 19.111ms
[2025-12-24T16:58:26.451+0000][gc,cpu      ] GC(247) User=0.11s Sys=0.01s Real=0.02s
[2025-12-24T16:58:56.280+0000][gc,start    ] GC(248) Pause Young (Normal) (G1 Evacuation Pause)
[2025-12-24T16:58:56.281+0000][gc,task     ] GC(248) Using 8 workers of 8 for evacuation
[2025-12-24T16:58:56.307+0000][gc,phases   ] GC(248)   Pre Evacuate Collection Set: 1.1ms
[2025-12-24T16:58:56.307+0000][gc,phases   ] GC(248)   Merge Heap Roots: 0.3ms
[2025-12-24T16:58:56.307+0000][gc,phases   ] GC(248)   Evacuate Collection Set: 23.2ms
[2025-12-24T16:58:56.307+0000][gc,phases   ] GC(248)   Post Evacuate Collection Set: 1.3ms
[2025-12-24T16:58:56.307+0000][gc,phases   ] GC(248)   Other: 0.4ms
[2025-12-24T16:58:56.308+0000][gc,heap     ] GC(248) Eden regions: 607->0(605)
[2025-12-24T16:58:56.308+0000][gc,heap     ] GC(248) Survivor regions: 7->9(77)
[2025-12-24T16:58:56.308+0000][gc,heap     ] GC(248) Old regions: 68->69
[2025-12-24T16:58:56.308+0000][gc,heap     ] GC(248) Humongous regions: 151->151
[2025-12-24T16:58:56.308+0000][gc,metaspace] GC(248) Metaspace: 15404K(15744K)->15404K(15744K) NonClass: 13780K(13888K)->13780K(13888K) Class: 1623K(1856K)->1623K(1856K)
[2025-12-24T16:58:56.308+0000][gc          ] GC(248) Pause Young (Normal) (G1 Evacuation Pause) 832M->227M(1024M) 27.634ms
[2025-12-24T16:58:56.308+0000][gc,cpu      ] GC(248) User=0.15s Sys=0.05s Real=0.02s
[2025-12-24T16:59:35.859+0000][gc,start    ] GC(249) Pause Young (Normal) (G1 Evacuation Pause)
[2025-12-24T16:59:35.860+0000][gc,task     ] GC(249) Using 8 workers of 8 for evacuation
[2025-12-24T16:59:35.876+0000][gc,phases   ] GC(249)   Pre Evacuate Collection Set: 1.3ms
[2025-12-24T16:59:35.876+0000][gc,phases   ] GC(249)   Merge Heap Roots: 0.5ms
[2025-12-24T16:59:35.876+0000][gc,phases   ] GC(249)   Evacuate Collection Set: 11.8ms
[2025-12-24T16:59:35.876+0000][gc,phases   ] GC(249)   Post Evacuate Collection Set: 1.7ms
[2025-12-24T16:59:35.876+0000][gc,phases   ] GC(249)   Other: 0.4ms
[2025-12-24T16:59:35.876+0000][gc,heap     ] GC(249) Eden regions: 605->0(606)
[2025-12-24T16:59:35.876+0000][gc,heap     ] GC(249) Survivor regions: 9->8(77)
[2025-12-24T16:59:35.876+0000][gc,heap     ] GC(249) Old regions: 69->69
[2025-12-24T16:59:35.876+0000][gc,heap     ] GC(249) Humongous regions: 151->151
[2025-12-24T16:59:35.876+0000][gc,metaspace] GC(249) Metaspace: 15404K(15744K)->15404K(15744K) NonClass: 13781K(13888K)->13781K(13888K) Class: 1623K(1856K)->1623K(1856K)
[2025-12-24T16:59:35.877+0000][gc          ] GC(249) Pause Young (Normal) (G1 Evacuation Pause) 832M->226M(1024M) 17.240ms
[2025-12-24T16:59:35.877+0000][gc,cpu      ] GC(249) User=0.10s Sys=0.01s Real=0.01s
[2025-12-24T17:00:06.101+0000][gc,start    ] GC(250) Pause Young (Normal) (G1 Evacuation Pause)
[2025-12-24T17:00:06.103+0000][gc,task     ] GC(250) Using 8 workers of 8 for evacuation
[2025-12-24T17:00:06.114+0000][gc,phases   ] GC(250)   Pre Evacuate Collection Set: 1.0ms
[2025-12-24T17:00:06.114+0000][gc,phases   ] GC(250)   Merge Heap Roots: 0.2ms
[2025-12-24T17:00:06.114+0000][gc,phases   ] GC(250)   Evacuate Collection Set: 9.2ms
[2025-12-24T17:00:06.115+0000][gc,phases   ] GC(250)   Post Evacuate Collection Set: 1.0ms
[2025-12-24T17:00:06.115+0000][gc,phases   ] GC(250)   Other: 0.4ms
[2025-12-24T17:00:06.115+0000][gc,heap     ] GC(250) Eden regions: 606->0(604)
[2025-12-24T17:00:06.115+0000][gc,heap     ] GC(250) Survivor regions: 8->10(77)
[2025-12-24T17:00:06.115+0000][gc,heap     ] GC(250) Old regions: 69->69
[2025-12-24T17:00:06.115+0000][gc,heap     ] GC(250) Humongous regions: 151->151
[2025-12-24T17:00:06.115+0000][gc,metaspace] GC(250) Metaspace: 15404K(15744K)->15404K(15744K) NonClass: 13781K(13888K)->13781K(13888K) Class: 1623K(1856K)->1623K(1856K)
[2025-12-24T17:00:06.115+0000][gc          ] GC(250) Pause Young (Normal) (G1 Evacuation Pause) 832M->228M(1024M) 13.515ms
[2025-12-24T17:00:06.115+0000][gc,cpu      ] GC(250) User=0.07s Sys=0.00s Real=0.01s
[2025-12-24T17:00:36.315+0000][gc,start    ] GC(251) Pause Young (Normal) (G1 Evacuation Pause)
[2025-12-24T17:00:36.316+0000][gc,task     ] GC(251) Using 8 workers of 8 for evacuation
[2025-12-24T17:00:36.329+0000][gc,phases   ] GC(251)   Pre Evacuate Collection Set: 1.0ms
[2025-12-24T17:00:36.330+0000][gc,phases   ] GC(251)   Merge Heap Roots: 0.2ms
[2025-12-24T17:00:36.330+0000][gc,phases   ] GC(251)   Evacuate Collection Set: 10.7ms
[2025-12-24T17:00:36.330+0000][gc,phases   ] GC(251)   Post Evacuate Collection Set: 1.0ms
[2025-12-24T17:00:36.330+0000][gc,phases   ] GC(251)   Other: 0.2ms
[2025-12-24T17:00:36.330+0000][gc,heap     ] GC(251) Eden regions: 604->0(607)
[2025-12-24T17:00:36.330+0000][gc,heap     ] GC(251) Survivor regions: 10->7(77)
[2025-12-24T17:00:36.330+0000][gc,heap     ] GC(251) Old regions: 69->69
[2025-12-24T17:00:36.330+0000][gc,heap     ] GC(251) Humongous regions: 151->151
[2025-12-24T17:00:36.330+0000][gc,metaspace] GC(251) Metaspace: 15404K(15744K)->15404K(15744K) NonClass: 13781K(13888K)->13781K(13888K) Class: 1623K(1856K)->1623K(1856K)
[2025-12-24T17:00:36.330+0000][gc          ] GC(251) Pause Young (Normal) (G1 Evacuation Pause) 832M->226M(1024M) 14.695ms
[2025-12-24T17:00:36.330+0000][gc,cpu      ] GC(251) User=0.07s Sys=0.01s Real=0.01s
[2025-12-24T17:01:16.013+0000][gc,start    ] GC(252) Pause Young (Normal) (G1 Evacuation Pause)
[2025-12-24T17:01:16.015+0000][gc,task     ] GC(252) Using 8 workers of 8 for evacuation
[2025-12-24T17:01:16.028+0000][gc,phases   ] GC(252)   Pre Evacuate Collection Set: 4.5ms
[2025-12-24T17:01:16.028+0000][gc,phases   ] GC(252)   Merge Heap Roots: 0.3ms
[2025-12-24T17:01:16.028+0000][gc,phases   ] GC(252)   Evacuate Collection Set: 6.5ms
[2025-12-24T17:01:16.028+0000][gc,phases   ] GC(252)   Post Evacuate Collection Set: 1.3ms
[2025-12-24T17:01:16.028+0000][gc,phases   ] GC(252)   Other: 0.3ms
[2025-12-24T17:01:16.028+0000][gc,heap     ] GC(252) Eden regions: 607->0(608)
[2025-12-24T17:01:16.028+0000][gc,heap     ] GC(252) Survivor regions: 7->6(77)
[2025-12-24T17:01:16.028+0000][gc,heap     ] GC(252) Old regions: 69->69
[2025-12-24T17:01:16.028+0000][gc,heap     ] GC(252) Humongous regions: 151->151
[2025-12-24T17:01:16.028+0000][gc,metaspace] GC(252) Metaspace: 15404K(15744K)->15404K(15744K) NonClass: 13781K(13888K)->13781K(13888K) Class: 1623K(1856K)->1623K(1856K)
[2025-12-24T17:01:16.028+0000][gc          ] GC(252) Pause Young (Normal) (G1 Evacuation Pause) 833M->225M(1024M) 14.984ms
[2025-12-24T17:01:16.028+0000][gc,cpu      ] GC(252) User=0.08s Sys=0.01s Real=0.01s
[2025-12-24T17:01:46.245+0000][gc,start    ] GC(253) Pause Young (Normal) (G1 Evacuation Pause)
[2025-12-24T17:01:46.247+0000][gc,task     ] GC(253) Using 8 workers of 8 for evacuation
[2025-12-24T17:01:46.259+0000][gc,phases   ] GC(253)   Pre Evacuate Collection Set: 1.1ms
[2025-12-24T17:01:46.259+0000][gc,phases   ] GC(253)   Merge Heap Roots: 0.2ms
[2025-12-24T17:01:46.259+0000][gc,phases   ] GC(253)   Evacuate Collection Set: 9.5ms
[2025-12-24T17:01:46.259+0000][gc,phases   ] GC(253)   Post Evacuate Collection Set: 1.0ms
[2025-12-24T17:01:46.259+0000][gc,phases   ] GC(253)   Other: 0.4ms
[2025-12-24T17:01:46.259+0000][gc,heap     ] GC(253) Eden regions: 608->0(606)
[2025-12-24T17:01:46.259+0000][gc,heap     ] GC(253) Survivor regions: 6->8(77)
[2025-12-24T17:01:46.259+0000][gc,heap     ] GC(253) Old regions: 69->70
[2025-12-24T17:01:46.259+0000][gc,heap     ] GC(253) Humongous regions: 151->151
[2025-12-24T17:01:46.259+0000][gc,metaspace] GC(253) Metaspace: 15404K(15744K)->15404K(15744K) NonClass: 13781K(13888K)->13781K(13888K) Class: 1623K(1856K)->1623K(1856K)
[2025-12-24T17:01:46.260+0000][gc          ] GC(253) Pause Young (Normal) (G1 Evacuation Pause) 833M->227M(1024M) 14.059ms
[2025-12-24T17:01:46.260+0000][gc,cpu      ] GC(253) User=0.08s Sys=0.00s Real=0.01s
[2025-12-24T17:02:25.932+0000][gc,start    ] GC(254) Pause Young (Normal) (G1 Evacuation Pause)
[2025-12-24T17:02:25.933+0000][gc,task     ] GC(254) Using 8 workers of 8 for evacuation
[2025-12-24T17:02:25.954+0000][gc,phases   ] GC(254)   Pre Evacuate Collection Set: 1.0ms
[2025-12-24T17:02:25.954+0000][gc,phases   ] GC(254)   Merge Heap Roots: 0.2ms
[2025-12-24T17:02:25.954+0000][gc,phases   ] GC(254)   Evacuate Collection Set: 18.6ms
[2025-12-24T17:02:25.954+0000][gc,phases   ] GC(254)   Post Evacuate Collection Set: 1.4ms
[2025-12-24T17:02:25.954+0000][gc,phases   ] GC(254)   Other: 0.2ms
[2025-12-24T17:02:25.954+0000][gc,heap     ] GC(254) Eden regions: 606->0(607)
[2025-12-24T17:02:25.955+0000][gc,heap     ] GC(254) Survivor regions: 8->7(77)
[2025-12-24T17:02:25.955+0000][gc,heap     ] GC(254) Old regions: 70->70
[2025-12-24T17:02:25.955+0000][gc,heap     ] GC(254) Humongous regions: 151->151
[2025-12-24T17:02:25.955+0000][gc,metaspace] GC(254) Metaspace: 15405K(15744K)->15405K(15744K) NonClass: 13781K(13888K)->13781K(13888K) Class: 1623K(1856K)->1623K(1856K)
[2025-12-24T17:02:25.955+0000][gc          ] GC(254) Pause Young (Normal) (G1 Evacuation Pause) 833M->226M(1024M) 23.271ms
[2025-12-24T17:02:25.955+0000][gc,cpu      ] GC(254) User=0.13s Sys=0.01s Real=0.02s
[2025-12-24T17:02:56.170+0000][gc,start    ] GC(255) Pause Young (Normal) (G1 Evacuation Pause)
[2025-12-24T17:02:56.172+0000][gc,task     ] GC(255) Using 8 workers of 8 for evacuation
[2025-12-24T17:02:56.191+0000][gc,phases   ] GC(255)   Pre Evacuate Collection Set: 1.3ms
[2025-12-24T17:02:56.191+0000][gc,phases   ] GC(255)   Merge Heap Roots: 0.3ms
[2025-12-24T17:02:56.191+0000][gc,phases   ] GC(255)   Evacuate Collection Set: 15.7ms
[2025-12-24T17:02:56.191+0000][gc,phases   ] GC(255)   Post Evacuate Collection Set: 1.4ms
[2025-12-24T17:02:56.191+0000][gc,phases   ] GC(255)   Other: 0.3ms
[2025-12-24T17:02:56.191+0000][gc,heap     ] GC(255) Eden regions: 607->0(605)
[2025-12-24T17:02:56.191+0000][gc,heap     ] GC(255) Survivor regions: 7->9(77)
[2025-12-24T17:02:56.191+0000][gc,heap     ] GC(255) Old regions: 70->70
[2025-12-24T17:02:56.191+0000][gc,heap     ] GC(255) Humongous regions: 151->151
[2025-12-24T17:02:56.191+0000][gc,metaspace] GC(255) Metaspace: 15409K(15744K)->15409K(15744K) NonClass: 13786K(13888K)->13786K(13888K) Class: 1623K(1856K)->1623K(1856K)
[2025-12-24T17:02:56.191+0000][gc          ] GC(255) Pause Young (Normal) (G1 Evacuation Pause) 833M->228M(1024M) 20.995ms
[2025-12-24T17:02:56.191+0000][gc,cpu      ] GC(255) User=0.13s Sys=0.00s Real=0.02s
[2025-12-24T17:03:35.824+0000][gc,start    ] GC(256) Pause Young (Normal) (G1 Evacuation Pause)
[2025-12-24T17:03:35.825+0000][gc,task     ] GC(256) Using 8 workers of 8 for evacuation
[2025-12-24T17:03:35.845+0000][gc,phases   ] GC(256)   Pre Evacuate Collection Set: 1.1ms
[2025-12-24T17:03:35.846+0000][gc,phases   ] GC(256)   Merge Heap Roots: 0.2ms
[2025-12-24T17:03:35.846+0000][gc,phases   ] GC(256)   Evacuate Collection Set: 16.2ms
[2025-12-24T17:03:35.846+0000][gc,phases   ] GC(256)   Post Evacuate Collection Set: 2.8ms
[2025-12-24T17:03:35.846+0000][gc,phases   ] GC(256)   Other: 0.3ms
[2025-12-24T17:03:35.846+0000][gc,heap     ] GC(256) Eden regions: 605->0(606)
[2025-12-24T17:03:35.846+0000][gc,heap     ] GC(256) Survivor regions: 9->8(77)
[2025-12-24T17:03:35.846+0000][gc,heap     ] GC(256) Old regions: 70->70
[2025-12-24T17:03:35.846+0000][gc,heap     ] GC(256) Humongous regions: 151->151
[2025-12-24T17:03:35.846+0000][gc,metaspace] GC(256) Metaspace: 15411K(15744K)->15411K(15744K) NonClass: 13788K(13888K)->13788K(13888K) Class: 1623K(1856K)->1623K(1856K)
[2025-12-24T17:03:35.846+0000][gc          ] GC(256) Pause Young (Normal) (G1 Evacuation Pause) 833M->227M(1024M) 21.949ms
[2025-12-24T17:03:35.846+0000][gc,cpu      ] GC(256) User=0.14s Sys=0.00s Real=0.02s
[2025-12-24T17:04:06.134+0000][gc,start    ] GC(257) Pause Young (Normal) (G1 Evacuation Pause)
[2025-12-24T17:04:06.135+0000][gc,task     ] GC(257) Using 8 workers of 8 for evacuation
[2025-12-24T17:04:06.154+0000][gc,phases   ] GC(257)   Pre Evacuate Collection Set: 1.5ms
[2025-12-24T17:04:06.154+0000][gc,phases   ] GC(257)   Merge Heap Roots: 0.8ms
[2025-12-24T17:04:06.154+0000][gc,phases   ] GC(257)   Evacuate Collection Set: 15.0ms
[2025-12-24T17:04:06.154+0000][gc,phases   ] GC(257)   Post Evacuate Collection Set: 1.3ms
[2025-12-24T17:04:06.154+0000][gc,phases   ] GC(257)   Other: 0.4ms
[2025-12-24T17:04:06.154+0000][gc,heap     ] GC(257) Eden regions: 606->0(605)
[2025-12-24T17:04:06.154+0000][gc,heap     ] GC(257) Survivor regions: 8->9(77)
[2025-12-24T17:04:06.154+0000][gc,heap     ] GC(257) Old regions: 70->71
[2025-12-24T17:04:06.154+0000][gc,heap     ] GC(257) Humongous regions: 151->151
[2025-12-24T17:04:06.154+0000][gc,metaspace] GC(257) Metaspace: 15411K(15744K)->15411K(15744K) NonClass: 13788K(13888K)->13788K(13888K) Class: 1623K(1856K)->1623K(1856K)
[2025-12-24T17:04:06.154+0000][gc          ] GC(257) Pause Young (Normal) (G1 Evacuation Pause) 833M->230M(1024M) 20.092ms
[2025-12-24T17:04:06.155+0000][gc,cpu      ] GC(257) User=0.13s Sys=0.00s Real=0.02s
[2025-12-24T17:04:36.481+0000][gc,start    ] GC(258) Pause Young (Normal) (G1 Evacuation Pause)
[2025-12-24T17:04:36.483+0000][gc,task     ] GC(258) Using 8 workers of 8 for evacuation
[2025-12-24T17:04:36.502+0000][gc,phases   ] GC(258)   Pre Evacuate Collection Set: 1.1ms
[2025-12-24T17:04:36.502+0000][gc,phases   ] GC(258)   Merge Heap Roots: 0.3ms
[2025-12-24T17:04:36.502+0000][gc,phases   ] GC(258)   Evacuate Collection Set: 15.8ms
[2025-12-24T17:04:36.503+0000][gc,phases   ] GC(258)   Post Evacuate Collection Set: 1.9ms
[2025-12-24T17:04:36.503+0000][gc,phases   ] GC(258)   Other: 0.4ms
[2025-12-24T17:04:36.503+0000][gc,heap     ] GC(258) Eden regions: 605->0(603)
[2025-12-24T17:04:36.503+0000][gc,heap     ] GC(258) Survivor regions: 9->11(77)
[2025-12-24T17:04:36.503+0000][gc,heap     ] GC(258) Old regions: 71->71
[2025-12-24T17:04:36.503+0000][gc,heap     ] GC(258) Humongous regions: 151->151
[2025-12-24T17:04:36.503+0000][gc,metaspace] GC(258) Metaspace: 15411K(15744K)->15411K(15744K) NonClass: 13788K(13888K)->13788K(13888K) Class: 1623K(1856K)->1623K(1856K)
[2025-12-24T17:04:36.503+0000][gc          ] GC(258) Pause Young (Normal) (G1 Evacuation Pause) 835M->232M(1024M) 22.317ms
[2025-12-24T17:04:36.503+0000][gc,cpu      ] GC(258) User=0.14s Sys=0.01s Real=0.02s
[2025-12-24T17:05:15.997+0000][gc,start    ] GC(259) Pause Young (Normal) (G1 Evacuation Pause)
[2025-12-24T17:05:15.998+0000][gc,task     ] GC(259) Using 8 workers of 8 for evacuation
[2025-12-24T17:05:16.019+0000][gc,phases   ] GC(259)   Pre Evacuate Collection Set: 1.2ms
[2025-12-24T17:05:16.019+0000][gc,phases   ] GC(259)   Merge Heap Roots: 0.6ms
[2025-12-24T17:05:16.019+0000][gc,phases   ] GC(259)   Evacuate Collection Set: 16.5ms
[2025-12-24T17:05:16.019+0000][gc,phases   ] GC(259)   Post Evacuate Collection Set: 2.2ms
[2025-12-24T17:05:16.019+0000][gc,phases   ] GC(259)   Other: 0.2ms
[2025-12-24T17:05:16.020+0000][gc,heap     ] GC(259) Eden regions: 603->0(608)
[2025-12-24T17:05:16.020+0000][gc,heap     ] GC(259) Survivor regions: 11->6(77)
[2025-12-24T17:05:16.020+0000][gc,heap     ] GC(259) Old regions: 71->71
[2025-12-24T17:05:16.020+0000][gc,heap     ] GC(259) Humongous regions: 151->151
[2025-12-24T17:05:16.020+0000][gc,metaspace] GC(259) Metaspace: 15411K(15744K)->15411K(15744K) NonClass: 13788K(13888K)->13788K(13888K) Class: 1623K(1856K)->1623K(1856K)
[2025-12-24T17:05:16.020+0000][gc          ] GC(259) Pause Young (Normal) (G1 Evacuation Pause) 835M->226M(1024M) 22.613ms
[2025-12-24T17:05:16.020+0000][gc,cpu      ] GC(259) User=0.14s Sys=0.00s Real=0.02s
[2025-12-24T17:05:46.247+0000][gc,start    ] GC(260) Pause Young (Normal) (G1 Evacuation Pause)
[2025-12-24T17:05:46.247+0000][gc,task     ] GC(260) Using 8 workers of 8 for evacuation
[2025-12-24T17:05:46.260+0000][gc,phases   ] GC(260)   Pre Evacuate Collection Set: 1.0ms
[2025-12-24T17:05:46.261+0000][gc,phases   ] GC(260)   Merge Heap Roots: 0.3ms
[2025-12-24T17:05:46.261+0000][gc,phases   ] GC(260)   Evacuate Collection Set: 10.3ms
[2025-12-24T17:05:46.261+0000][gc,phases   ] GC(260)   Post Evacuate Collection Set: 1.3ms
[2025-12-24T17:05:46.261+0000][gc,phases   ] GC(260)   Other: 0.4ms
[2025-12-24T17:05:46.261+0000][gc,heap     ] GC(260) Eden regions: 608->0(606)
[2025-12-24T17:05:46.261+0000][gc,heap     ] GC(260) Survivor regions: 6->8(77)
[2025-12-24T17:05:46.261+0000][gc,heap     ] GC(260) Old regions: 71->71
[2025-12-24T17:05:46.261+0000][gc,heap     ] GC(260) Humongous regions: 151->151
[2025-12-24T17:05:46.261+0000][gc,metaspace] GC(260) Metaspace: 15411K(15744K)->15411K(15744K) NonClass: 13788K(13888K)->13788K(13888K) Class: 1623K(1856K)->1623K(1856K)
[2025-12-24T17:05:46.261+0000][gc          ] GC(260) Pause Young (Normal) (G1 Evacuation Pause) 834M->228M(1024M) 14.708ms
[2025-12-24T17:05:46.262+0000][gc,cpu      ] GC(260) User=0.07s Sys=0.00s Real=0.01s
[2025-12-24T17:06:25.915+0000][gc,start    ] GC(261) Pause Young (Normal) (G1 Evacuation Pause)
[2025-12-24T17:06:25.916+0000][gc,task     ] GC(261) Using 8 workers of 8 for evacuation
[2025-12-24T17:06:25.937+0000][gc,phases   ] GC(261)   Pre Evacuate Collection Set: 1.0ms
[2025-12-24T17:06:25.937+0000][gc,phases   ] GC(261)   Merge Heap Roots: 0.2ms
[2025-12-24T17:06:25.937+0000][gc,phases   ] GC(261)   Evacuate Collection Set: 18.1ms
[2025-12-24T17:06:25.937+0000][gc,phases   ] GC(261)   Post Evacuate Collection Set: 1.4ms
[2025-12-24T17:06:25.937+0000][gc,phases   ] GC(261)   Other: 0.3ms
[2025-12-24T17:06:25.937+0000][gc,heap     ] GC(261) Eden regions: 606->0(608)
[2025-12-24T17:06:25.937+0000][gc,heap     ] GC(261) Survivor regions: 8->6(77)
[2025-12-24T17:06:25.937+0000][gc,heap     ] GC(261) Old regions: 71->71
[2025-12-24T17:06:25.937+0000][gc,heap     ] GC(261) Humongous regions: 151->151
[2025-12-24T17:06:25.937+0000][gc,metaspace] GC(261) Metaspace: 15411K(15744K)->15411K(15744K) NonClass: 13788K(13888K)->13788K(13888K) Class: 1623K(1856K)->1623K(1856K)
[2025-12-24T17:06:25.937+0000][gc          ] GC(261) Pause Young (Normal) (G1 Evacuation Pause) 834M->227M(1024M) 22.416ms
[2025-12-24T17:06:25.938+0000][gc,cpu      ] GC(261) User=0.15s Sys=0.00s Real=0.02s
[2025-12-24T17:06:56.156+0000][gc,start    ] GC(262) Pause Young (Normal) (G1 Evacuation Pause)
[2025-12-24T17:06:56.157+0000][gc,task     ] GC(262) Using 8 workers of 8 for evacuation
[2025-12-24T17:06:56.168+0000][gc,phases   ] GC(262)   Pre Evacuate Collection Set: 1.6ms
[2025-12-24T17:06:56.168+0000][gc,phases   ] GC(262)   Merge Heap Roots: 0.3ms
[2025-12-24T17:06:56.168+0000][gc,phases   ] GC(262)   Evacuate Collection Set: 7.4ms
[2025-12-24T17:06:56.168+0000][gc,phases   ] GC(262)   Post Evacuate Collection Set: 1.2ms
[2025-12-24T17:06:56.168+0000][gc,phases   ] GC(262)   Other: 1.2ms
[2025-12-24T17:06:56.168+0000][gc,heap     ] GC(262) Eden regions: 608->0(606)
[2025-12-24T17:06:56.168+0000][gc,heap     ] GC(262) Survivor regions: 6->8(77)
[2025-12-24T17:06:56.168+0000][gc,heap     ] GC(262) Old regions: 71->72
[2025-12-24T17:06:56.168+0000][gc,heap     ] GC(262) Humongous regions: 151->151
[2025-12-24T17:06:56.168+0000][gc,metaspace] GC(262) Metaspace: 15412K(15744K)->15412K(15744K) NonClass: 13789K(13888K)->13789K(13888K) Class: 1623K(1856K)->1623K(1856K)
[2025-12-24T17:06:56.169+0000][gc          ] GC(262) Pause Young (Normal) (G1 Evacuation Pause) 835M->230M(1024M) 13.030ms
[2025-12-24T17:06:56.169+0000][gc,cpu      ] GC(262) User=0.06s Sys=0.00s Real=0.01s
[2025-12-24T17:07:29.445+0000][gc,start    ] GC(263) Pause Young (Normal) (G1 Evacuation Pause)
[2025-12-24T17:07:29.447+0000][gc,task     ] GC(263) Using 8 workers of 8 for evacuation
[2025-12-24T17:07:29.462+0000][gc,phases   ] GC(263)   Pre Evacuate Collection Set: 4.2ms
[2025-12-24T17:07:29.462+0000][gc,phases   ] GC(263)   Merge Heap Roots: 0.5ms
[2025-12-24T17:07:29.462+0000][gc,phases   ] GC(263)   Evacuate Collection Set: 9.1ms
[2025-12-24T17:07:29.462+0000][gc,phases   ] GC(263)   Post Evacuate Collection Set: 1.2ms
[2025-12-24T17:07:29.462+0000][gc,phases   ] GC(263)   Other: 0.4ms
[2025-12-24T17:07:29.462+0000][gc,heap     ] GC(263) Eden regions: 606->0(607)
[2025-12-24T17:07:29.462+0000][gc,heap     ] GC(263) Survivor regions: 8->7(77)
[2025-12-24T17:07:29.462+0000][gc,heap     ] GC(263) Old regions: 72->72
[2025-12-24T17:07:29.463+0000][gc,heap     ] GC(263) Humongous regions: 151->151
[2025-12-24T17:07:29.463+0000][gc,metaspace] GC(263) Metaspace: 15412K(15744K)->15412K(15744K) NonClass: 13789K(13888K)->13789K(13888K) Class: 1623K(1856K)->1623K(1856K)
[2025-12-24T17:07:29.463+0000][gc          ] GC(263) Pause Young (Normal) (G1 Evacuation Pause) 836M->229M(1024M) 17.498ms
[2025-12-24T17:07:29.463+0000][gc,cpu      ] GC(263) User=0.09s Sys=0.00s Real=0.02s
[2025-12-24T17:08:06.107+0000][gc,start    ] GC(264) Pause Young (Normal) (G1 Evacuation Pause)
[2025-12-24T17:08:06.107+0000][gc,task     ] GC(264) Using 8 workers of 8 for evacuation
[2025-12-24T17:08:06.123+0000][gc,phases   ] GC(264)   Pre Evacuate Collection Set: 1.0ms
[2025-12-24T17:08:06.123+0000][gc,phases   ] GC(264)   Merge Heap Roots: 0.2ms
[2025-12-24T17:08:06.123+0000][gc,phases   ] GC(264)   Evacuate Collection Set: 12.9ms
[2025-12-24T17:08:06.123+0000][gc,phases   ] GC(264)   Post Evacuate Collection Set: 1.3ms
[2025-12-24T17:08:06.123+0000][gc,phases   ] GC(264)   Other: 0.2ms
[2025-12-24T17:08:06.124+0000][gc,heap     ] GC(264) Eden regions: 607->0(605)
[2025-12-24T17:08:06.124+0000][gc,heap     ] GC(264) Survivor regions: 7->9(77)
[2025-12-24T17:08:06.124+0000][gc,heap     ] GC(264) Old regions: 72->72
[2025-12-24T17:08:06.124+0000][gc,heap     ] GC(264) Humongous regions: 151->151
[2025-12-24T17:08:06.124+0000][gc,metaspace] GC(264) Metaspace: 15412K(15744K)->15412K(15744K) NonClass: 13789K(13888K)->13789K(13888K) Class: 1623K(1856K)->1623K(1856K)
[2025-12-24T17:08:06.124+0000][gc          ] GC(264) Pause Young (Normal) (G1 Evacuation Pause) 836M->230M(1024M) 16.838ms
[2025-12-24T17:08:06.124+0000][gc,cpu      ] GC(264) User=0.11s Sys=0.00s Real=0.02s
[2025-12-24T17:08:36.668+0000][gc,start    ] GC(265) Pause Young (Normal) (G1 Evacuation Pause)
[2025-12-24T17:08:36.668+0000][gc,task     ] GC(265) Using 8 workers of 8 for evacuation
[2025-12-24T17:08:36.680+0000][gc,phases   ] GC(265)   Pre Evacuate Collection Set: 1.3ms
[2025-12-24T17:08:36.680+0000][gc,phases   ] GC(265)   Merge Heap Roots: 0.3ms
[2025-12-24T17:08:36.680+0000][gc,phases   ] GC(265)   Evacuate Collection Set: 8.7ms
[2025-12-24T17:08:36.680+0000][gc,phases   ] GC(265)   Post Evacuate Collection Set: 1.2ms
[2025-12-24T17:08:36.680+0000][gc,phases   ] GC(265)   Other: 0.3ms
[2025-12-24T17:08:36.680+0000][gc,heap     ] GC(265) Eden regions: 605->0(603)
[2025-12-24T17:08:36.680+0000][gc,heap     ] GC(265) Survivor regions: 9->11(77)
[2025-12-24T17:08:36.680+0000][gc,heap     ] GC(265) Old regions: 72->72
[2025-12-24T17:08:36.680+0000][gc,heap     ] GC(265) Humongous regions: 151->151
[2025-12-24T17:08:36.680+0000][gc,metaspace] GC(265) Metaspace: 15412K(15744K)->15412K(15744K) NonClass: 13789K(13888K)->13789K(13888K) Class: 1623K(1856K)->1623K(1856K)
[2025-12-24T17:08:36.681+0000][gc          ] GC(265) Pause Young (Normal) (G1 Evacuation Pause) 835M->233M(1024M) 13.134ms
[2025-12-24T17:08:36.681+0000][gc,cpu      ] GC(265) User=0.07s Sys=0.00s Real=0.02s
[2025-12-24T17:09:15.990+0000][gc,start    ] GC(266) Pause Young (Normal) (G1 Evacuation Pause)
[2025-12-24T17:09:15.991+0000][gc,task     ] GC(266) Using 8 workers of 8 for evacuation
[2025-12-24T17:09:16.012+0000][gc,phases   ] GC(266)   Pre Evacuate Collection Set: 3.0ms
[2025-12-24T17:09:16.012+0000][gc,phases   ] GC(266)   Merge Heap Roots: 0.8ms
[2025-12-24T17:09:16.012+0000][gc,phases   ] GC(266)   Evacuate Collection Set: 15.2ms
[2025-12-24T17:09:16.012+0000][gc,phases   ] GC(266)   Post Evacuate Collection Set: 1.8ms
[2025-12-24T17:09:16.012+0000][gc,phases   ] GC(266)   Other: 0.7ms
[2025-12-24T17:09:16.013+0000][gc,heap     ] GC(266) Eden regions: 603->0(609)
[2025-12-24T17:09:16.013+0000][gc,heap     ] GC(266) Survivor regions: 11->5(77)
[2025-12-24T17:09:16.013+0000][gc,heap     ] GC(266) Old regions: 72->73
[2025-12-24T17:09:16.013+0000][gc,heap     ] GC(266) Humongous regions: 151->151
[2025-12-24T17:09:16.013+0000][gc,metaspace] GC(266) Metaspace: 15412K(15744K)->15412K(15744K) NonClass: 13789K(13888K)->13789K(13888K) Class: 1623K(1856K)->1623K(1856K)
[2025-12-24T17:09:16.013+0000][gc          ] GC(266) Pause Young (Normal) (G1 Evacuation Pause) 836M->228M(1024M) 22.833ms
[2025-12-24T17:09:16.013+0000][gc,cpu      ] GC(266) User=0.09s Sys=0.05s Real=0.02s
[2025-12-24T17:09:46.214+0000][gc,start    ] GC(267) Pause Young (Normal) (G1 Evacuation Pause)
[2025-12-24T17:09:46.215+0000][gc,task     ] GC(267) Using 8 workers of 8 for evacuation
[2025-12-24T17:09:46.230+0000][gc,phases   ] GC(267)   Pre Evacuate Collection Set: 1.9ms
[2025-12-24T17:09:46.231+0000][gc,phases   ] GC(267)   Merge Heap Roots: 0.4ms
[2025-12-24T17:09:46.231+0000][gc,phases   ] GC(267)   Evacuate Collection Set: 10.4ms
[2025-12-24T17:09:46.231+0000][gc,phases   ] GC(267)   Post Evacuate Collection Set: 2.3ms
[2025-12-24T17:09:46.231+0000][gc,phases   ] GC(267)   Other: 0.3ms
[2025-12-24T17:09:46.231+0000][gc,heap     ] GC(267) Eden regions: 609->0(607)
[2025-12-24T17:09:46.231+0000][gc,heap     ] GC(267) Survivor regions: 5->7(77)
[2025-12-24T17:09:46.231+0000][gc,heap     ] GC(267) Old regions: 73->73
[2025-12-24T17:09:46.231+0000][gc,heap     ] GC(267) Humongous regions: 151->151
[2025-12-24T17:09:46.231+0000][gc,metaspace] GC(267) Metaspace: 15412K(15744K)->15412K(15744K) NonClass: 13789K(13888K)->13789K(13888K) Class: 1623K(1856K)->1623K(1856K)
[2025-12-24T17:09:46.231+0000][gc          ] GC(267) Pause Young (Normal) (G1 Evacuation Pause) 837M->229M(1024M) 16.721ms
[2025-12-24T17:09:46.231+0000][gc,cpu      ] GC(267) User=0.09s Sys=0.00s Real=0.02s
[2025-12-24T17:10:25.870+0000][gc,start    ] GC(268) Pause Young (Normal) (G1 Evacuation Pause)
[2025-12-24T17:10:25.872+0000][gc,task     ] GC(268) Using 8 workers of 8 for evacuation
[2025-12-24T17:10:25.894+0000][gc,phases   ] GC(268)   Pre Evacuate Collection Set: 1.2ms
[2025-12-24T17:10:25.894+0000][gc,phases   ] GC(268)   Merge Heap Roots: 0.2ms
[2025-12-24T17:10:25.895+0000][gc,phases   ] GC(268)   Evacuate Collection Set: 19.4ms
[2025-12-24T17:10:25.895+0000][gc,phases   ] GC(268)   Post Evacuate Collection Set: 1.4ms
[2025-12-24T17:10:25.895+0000][gc,phases   ] GC(268)   Other: 0.3ms
[2025-12-24T17:10:25.895+0000][gc,heap     ] GC(268) Eden regions: 607->0(608)
[2025-12-24T17:10:25.895+0000][gc,heap     ] GC(268) Survivor regions: 7->6(77)
[2025-12-24T17:10:25.895+0000][gc,heap     ] GC(268) Old regions: 73->73
[2025-12-24T17:10:25.895+0000][gc,heap     ] GC(268) Humongous regions: 151->151
[2025-12-24T17:10:25.895+0000][gc,metaspace] GC(268) Metaspace: 15412K(15744K)->15412K(15744K) NonClass: 13789K(13888K)->13789K(13888K) Class: 1623K(1856K)->1623K(1856K)
[2025-12-24T17:10:25.895+0000][gc          ] GC(268) Pause Young (Normal) (G1 Evacuation Pause) 836M->229M(1024M) 24.941ms
[2025-12-24T17:10:25.896+0000][gc,cpu      ] GC(268) User=0.15s Sys=0.00s Real=0.03s
[2025-12-24T17:10:56.160+0000][gc,start    ] GC(269) Pause Young (Normal) (G1 Evacuation Pause)
[2025-12-24T17:10:56.160+0000][gc,task     ] GC(269) Using 8 workers of 8 for evacuation
[2025-12-24T17:10:56.180+0000][gc,phases   ] GC(269)   Pre Evacuate Collection Set: 1.1ms
[2025-12-24T17:10:56.180+0000][gc,phases   ] GC(269)   Merge Heap Roots: 0.2ms
[2025-12-24T17:10:56.180+0000][gc,phases   ] GC(269)   Evacuate Collection Set: 16.6ms
[2025-12-24T17:10:56.180+0000][gc,phases   ] GC(269)   Post Evacuate Collection Set: 1.1ms
[2025-12-24T17:10:56.180+0000][gc,phases   ] GC(269)   Other: 0.2ms
[2025-12-24T17:10:56.180+0000][gc,heap     ] GC(269) Eden regions: 608->0(606)
[2025-12-24T17:10:56.180+0000][gc,heap     ] GC(269) Survivor regions: 6->8(77)
[2025-12-24T17:10:56.180+0000][gc,heap     ] GC(269) Old regions: 73->73
[2025-12-24T17:10:56.180+0000][gc,heap     ] GC(269) Humongous regions: 151->151
[2025-12-24T17:10:56.180+0000][gc,metaspace] GC(269) Metaspace: 15412K(15744K)->15412K(15744K) NonClass: 13789K(13888K)->13789K(13888K) Class: 1623K(1856K)->1623K(1856K)
[2025-12-24T17:10:56.180+0000][gc          ] GC(269) Pause Young (Normal) (G1 Evacuation Pause) 837M->230M(1024M) 20.154ms
[2025-12-24T17:10:56.180+0000][gc,cpu      ] GC(269) User=0.11s Sys=0.00s Real=0.02s
[2025-12-24T17:11:26.498+0000][gc,start    ] GC(270) Pause Young (Normal) (G1 Evacuation Pause)
[2025-12-24T17:11:26.499+0000][gc,task     ] GC(270) Using 8 workers of 8 for evacuation
[2025-12-24T17:11:26.518+0000][gc,phases   ] GC(270)   Pre Evacuate Collection Set: 1.2ms
[2025-12-24T17:11:26.519+0000][gc,phases   ] GC(270)   Merge Heap Roots: 0.3ms
[2025-12-24T17:11:26.519+0000][gc,phases   ] GC(270)   Evacuate Collection Set: 16.1ms
[2025-12-24T17:11:26.519+0000][gc,phases   ] GC(270)   Post Evacuate Collection Set: 1.6ms
[2025-12-24T17:11:26.519+0000][gc,phases   ] GC(270)   Other: 0.4ms
[2025-12-24T17:11:26.519+0000][gc,heap     ] GC(270) Eden regions: 606->0(605)
[2025-12-24T17:11:26.519+0000][gc,heap     ] GC(270) Survivor regions: 8->9(77)
[2025-12-24T17:11:26.519+0000][gc,heap     ] GC(270) Old regions: 73->74
[2025-12-24T17:11:26.519+0000][gc,heap     ] GC(270) Humongous regions: 151->151
[2025-12-24T17:11:26.519+0000][gc,metaspace] GC(270) Metaspace: 15414K(15744K)->15414K(15744K) NonClass: 13791K(13888K)->13791K(13888K) Class: 1623K(1856K)->1623K(1856K)
[2025-12-24T17:11:26.519+0000][gc          ] GC(270) Pause Young (Normal) (G1 Evacuation Pause) 836M->233M(1024M) 20.889ms
[2025-12-24T17:11:26.519+0000][gc,cpu      ] GC(270) User=0.13s Sys=0.00s Real=0.02s
[2025-12-24T17:12:06.015+0000][gc,start    ] GC(271) Pause Young (Normal) (G1 Evacuation Pause)
[2025-12-24T17:12:06.017+0000][gc,task     ] GC(271) Using 8 workers of 8 for evacuation
[2025-12-24T17:12:06.033+0000][gc,phases   ] GC(271)   Pre Evacuate Collection Set: 1.2ms
[2025-12-24T17:12:06.033+0000][gc,phases   ] GC(271)   Merge Heap Roots: 0.3ms
[2025-12-24T17:12:06.033+0000][gc,phases   ] GC(271)   Evacuate Collection Set: 13.2ms
[2025-12-24T17:12:06.033+0000][gc,phases   ] GC(271)   Post Evacuate Collection Set: 1.3ms
[2025-12-24T17:12:06.033+0000][gc,phases   ] GC(271)   Other: 0.4ms
[2025-12-24T17:12:06.033+0000][gc,heap     ] GC(271) Eden regions: 605->0(606)
[2025-12-24T17:12:06.033+0000][gc,heap     ] GC(271) Survivor regions: 9->8(77)
[2025-12-24T17:12:06.033+0000][gc,heap     ] GC(271) Old regions: 74->74
[2025-12-24T17:12:06.033+0000][gc,heap     ] GC(271) Humongous regions: 151->151
[2025-12-24T17:12:06.033+0000][gc,metaspace] GC(271) Metaspace: 15414K(15744K)->15414K(15744K) NonClass: 13791K(13888K)->13791K(13888K) Class: 1623K(1856K)->1623K(1856K)
[2025-12-24T17:12:06.033+0000][gc          ] GC(271) Pause Young (Normal) (G1 Evacuation Pause) 838M->232M(1024M) 17.835ms
[2025-12-24T17:12:06.033+0000][gc,cpu      ] GC(271) User=0.11s Sys=0.00s Real=0.02s
[2025-12-24T17:12:36.409+0000][gc,start    ] GC(272) Pause Young (Normal) (G1 Evacuation Pause)
[2025-12-24T17:12:36.410+0000][gc,task     ] GC(272) Using 8 workers of 8 for evacuation
[2025-12-24T17:12:36.429+0000][gc,phases   ] GC(272)   Pre Evacuate Collection Set: 1.0ms
[2025-12-24T17:12:36.430+0000][gc,phases   ] GC(272)   Merge Heap Roots: 0.2ms
[2025-12-24T17:12:36.430+0000][gc,phases   ] GC(272)   Evacuate Collection Set: 16.8ms
[2025-12-24T17:12:36.430+0000][gc,phases   ] GC(272)   Post Evacuate Collection Set: 1.1ms
[2025-12-24T17:12:36.430+0000][gc,phases   ] GC(272)   Other: 0.2ms
[2025-12-24T17:12:36.430+0000][gc,heap     ] GC(272) Eden regions: 606->0(604)
[2025-12-24T17:12:36.430+0000][gc,heap     ] GC(272) Survivor regions: 8->10(77)
[2025-12-24T17:12:36.430+0000][gc,heap     ] GC(272) Old regions: 74->74
[2025-12-24T17:12:36.430+0000][gc,heap     ] GC(272) Humongous regions: 151->151
[2025-12-24T17:12:36.430+0000][gc,metaspace] GC(272) Metaspace: 15414K(15744K)->15414K(15744K) NonClass: 13791K(13888K)->13791K(13888K) Class: 1623K(1856K)->1623K(1856K)
[2025-12-24T17:12:36.430+0000][gc          ] GC(272) Pause Young (Normal) (G1 Evacuation Pause) 838M->234M(1024M) 21.194ms
[2025-12-24T17:12:36.430+0000][gc,cpu      ] GC(272) User=0.13s Sys=0.00s Real=0.03s
[2025-12-24T17:13:15.913+0000][gc,start    ] GC(273) Pause Young (Normal) (G1 Evacuation Pause)
[2025-12-24T17:13:15.914+0000][gc,task     ] GC(273) Using 8 workers of 8 for evacuation
[2025-12-24T17:13:15.930+0000][gc,phases   ] GC(273)   Pre Evacuate Collection Set: 1.9ms
[2025-12-24T17:13:15.930+0000][gc,phases   ] GC(273)   Merge Heap Roots: 0.7ms
[2025-12-24T17:13:15.930+0000][gc,phases   ] GC(273)   Evacuate Collection Set: 11.1ms
[2025-12-24T17:13:15.930+0000][gc,phases   ] GC(273)   Post Evacuate Collection Set: 1.8ms
[2025-12-24T17:13:15.930+0000][gc,phases   ] GC(273)   Other: 0.5ms
[2025-12-24T17:13:15.930+0000][gc,heap     ] GC(273) Eden regions: 604->0(609)
[2025-12-24T17:13:15.930+0000][gc,heap     ] GC(273) Survivor regions: 10->5(77)
[2025-12-24T17:13:15.930+0000][gc,heap     ] GC(273) Old regions: 74->74
[2025-12-24T17:13:15.930+0000][gc,heap     ] GC(273) Humongous regions: 151->151
[2025-12-24T17:13:15.930+0000][gc,metaspace] GC(273) Metaspace: 15414K(15744K)->15414K(15744K) NonClass: 13791K(13888K)->13791K(13888K) Class: 1623K(1856K)->1623K(1856K)
[2025-12-24T17:13:15.930+0000][gc          ] GC(273) Pause Young (Normal) (G1 Evacuation Pause) 838M->229M(1024M) 17.146ms
[2025-12-24T17:13:15.930+0000][gc,cpu      ] GC(273) User=0.10s Sys=0.00s Real=0.02s
[2025-12-24T17:13:46.166+0000][gc,start    ] GC(274) Pause Young (Normal) (G1 Evacuation Pause)
[2025-12-24T17:13:46.167+0000][gc,task     ] GC(274) Using 8 workers of 8 for evacuation
[2025-12-24T17:13:46.182+0000][gc,phases   ] GC(274)   Pre Evacuate Collection Set: 1.9ms
[2025-12-24T17:13:46.182+0000][gc,phases   ] GC(274)   Merge Heap Roots: 0.3ms
[2025-12-24T17:13:46.182+0000][gc,phases   ] GC(274)   Evacuate Collection Set: 8.8ms
[2025-12-24T17:13:46.183+0000][gc,phases   ] GC(274)   Post Evacuate Collection Set: 3.5ms
[2025-12-24T17:13:46.183+0000][gc,phases   ] GC(274)   Other: 0.3ms
[2025-12-24T17:13:46.183+0000][gc,heap     ] GC(274) Eden regions: 609->0(607)
[2025-12-24T17:13:46.183+0000][gc,heap     ] GC(274) Survivor regions: 5->7(77)
[2025-12-24T17:13:46.183+0000][gc,heap     ] GC(274) Old regions: 74->74
[2025-12-24T17:13:46.183+0000][gc,heap     ] GC(274) Humongous regions: 151->151
[2025-12-24T17:13:46.183+0000][gc,metaspace] GC(274) Metaspace: 15414K(15744K)->15414K(15744K) NonClass: 13791K(13888K)->13791K(13888K) Class: 1623K(1856K)->1623K(1856K)
[2025-12-24T17:13:46.183+0000][gc          ] GC(274) Pause Young (Normal) (G1 Evacuation Pause) 838M->231M(1024M) 17.186ms
[2025-12-24T17:13:46.183+0000][gc,cpu      ] GC(274) User=0.07s Sys=0.01s Real=0.01s
[2025-12-24T17:14:25.848+0000][gc,start    ] GC(275) Pause Young (Normal) (G1 Evacuation Pause)
[2025-12-24T17:14:25.849+0000][gc,task     ] GC(275) Using 8 workers of 8 for evacuation
[2025-12-24T17:14:25.868+0000][gc,phases   ] GC(275)   Pre Evacuate Collection Set: 2.2ms
[2025-12-24T17:14:25.868+0000][gc,phases   ] GC(275)   Merge Heap Roots: 2.1ms
[2025-12-24T17:14:25.868+0000][gc,phases   ] GC(275)   Evacuate Collection Set: 12.9ms
[2025-12-24T17:14:25.868+0000][gc,phases   ] GC(275)   Post Evacuate Collection Set: 1.5ms
[2025-12-24T17:14:25.869+0000][gc,phases   ] GC(275)   Other: 0.5ms
[2025-12-24T17:14:25.869+0000][gc,heap     ] GC(275) Eden regions: 607->0(608)
[2025-12-24T17:14:25.869+0000][gc,heap     ] GC(275) Survivor regions: 7->6(77)
[2025-12-24T17:14:25.869+0000][gc,heap     ] GC(275) Old regions: 74->75
[2025-12-24T17:14:25.869+0000][gc,heap     ] GC(275) Humongous regions: 151->151
[2025-12-24T17:14:25.869+0000][gc,metaspace] GC(275) Metaspace: 15414K(15744K)->15414K(15744K) NonClass: 13791K(13888K)->13791K(13888K) Class: 1623K(1856K)->1623K(1856K)
[2025-12-24T17:14:25.869+0000][gc          ] GC(275) Pause Young (Normal) (G1 Evacuation Pause) 838M->230M(1024M) 21.163ms
[2025-12-24T17:14:25.869+0000][gc,cpu      ] GC(275) User=0.13s Sys=0.00s Real=0.02s
[2025-12-24T17:14:56.108+0000][gc,start    ] GC(276) Pause Young (Normal) (G1 Evacuation Pause)
[2025-12-24T17:14:56.109+0000][gc,task     ] GC(276) Using 8 workers of 8 for evacuation
[2025-12-24T17:14:56.125+0000][gc,phases   ] GC(276)   Pre Evacuate Collection Set: 1.0ms
[2025-12-24T17:14:56.126+0000][gc,phases   ] GC(276)   Merge Heap Roots: 0.2ms
[2025-12-24T17:14:56.126+0000][gc,phases   ] GC(276)   Evacuate Collection Set: 10.9ms
[2025-12-24T17:14:56.126+0000][gc,phases   ] GC(276)   Post Evacuate Collection Set: 3.4ms
[2025-12-24T17:14:56.126+0000][gc,phases   ] GC(276)   Other: 0.6ms
[2025-12-24T17:14:56.126+0000][gc,heap     ] GC(276) Eden regions: 608->0(606)
[2025-12-24T17:14:56.126+0000][gc,heap     ] GC(276) Survivor regions: 6->8(77)
[2025-12-24T17:14:56.126+0000][gc,heap     ] GC(276) Old regions: 75->75
[2025-12-24T17:14:56.126+0000][gc,heap     ] GC(276) Humongous regions: 151->151
[2025-12-24T17:14:56.126+0000][gc,metaspace] GC(276) Metaspace: 15414K(15744K)->15414K(15744K) NonClass: 13791K(13888K)->13791K(13888K) Class: 1623K(1856K)->1623K(1856K)
[2025-12-24T17:14:56.126+0000][gc          ] GC(276) Pause Young (Normal) (G1 Evacuation Pause) 838M->232M(1024M) 17.995ms
[2025-12-24T17:14:56.126+0000][gc,cpu      ] GC(276) User=0.11s Sys=0.00s Real=0.02s
[2025-12-24T17:15:26.353+0000][gc,start    ] GC(277) Pause Young (Normal) (G1 Evacuation Pause)
[2025-12-24T17:15:26.354+0000][gc,task     ] GC(277) Using 8 workers of 8 for evacuation
[2025-12-24T17:15:26.367+0000][gc,phases   ] GC(277)   Pre Evacuate Collection Set: 1.0ms
[2025-12-24T17:15:26.367+0000][gc,phases   ] GC(277)   Merge Heap Roots: 0.3ms
[2025-12-24T17:15:26.367+0000][gc,phases   ] GC(277)   Evacuate Collection Set: 10.9ms
[2025-12-24T17:15:26.367+0000][gc,phases   ] GC(277)   Post Evacuate Collection Set: 1.1ms
[2025-12-24T17:15:26.368+0000][gc,phases   ] GC(277)   Other: 0.3ms
[2025-12-24T17:15:26.368+0000][gc,heap     ] GC(277) Eden regions: 606->0(605)
[2025-12-24T17:15:26.368+0000][gc,heap     ] GC(277) Survivor regions: 8->9(77)
[2025-12-24T17:15:26.368+0000][gc,heap     ] GC(277) Old regions: 75->75
[2025-12-24T17:15:26.368+0000][gc,heap     ] GC(277) Humongous regions: 151->151
[2025-12-24T17:15:26.368+0000][gc,metaspace] GC(277) Metaspace: 15414K(15744K)->15414K(15744K) NonClass: 13791K(13888K)->13791K(13888K) Class: 1623K(1856K)->1623K(1856K)
[2025-12-24T17:15:26.368+0000][gc          ] GC(277) Pause Young (Normal) (G1 Evacuation Pause) 838M->233M(1024M) 15.051ms
[2025-12-24T17:15:26.368+0000][gc,cpu      ] GC(277) User=0.08s Sys=0.01s Real=0.01s
[2025-12-24T17:16:06.049+0000][gc,start    ] GC(278) Pause Young (Normal) (G1 Evacuation Pause)
[2025-12-24T17:16:06.050+0000][gc,task     ] GC(278) Using 8 workers of 8 for evacuation
[2025-12-24T17:16:06.069+0000][gc,phases   ] GC(278)   Pre Evacuate Collection Set: 1.2ms
[2025-12-24T17:16:06.069+0000][gc,phases   ] GC(278)   Merge Heap Roots: 0.3ms
[2025-12-24T17:16:06.069+0000][gc,phases   ] GC(278)   Evacuate Collection Set: 16.3ms
[2025-12-24T17:16:06.070+0000][gc,phases   ] GC(278)   Post Evacuate Collection Set: 1.4ms
[2025-12-24T17:16:06.070+0000][gc,phases   ] GC(278)   Other: 0.3ms
[2025-12-24T17:16:06.070+0000][gc,heap     ] GC(278) Eden regions: 605->0(606)
[2025-12-24T17:16:06.070+0000][gc,heap     ] GC(278) Survivor regions: 9->8(77)
[2025-12-24T17:16:06.070+0000][gc,heap     ] GC(278) Old regions: 75->75
[2025-12-24T17:16:06.070+0000][gc,heap     ] GC(278) Humongous regions: 151->151
[2025-12-24T17:16:06.070+0000][gc,metaspace] GC(278) Metaspace: 15414K(15744K)->15414K(15744K) NonClass: 13791K(13888K)->13791K(13888K) Class: 1623K(1856K)->1623K(1856K)
[2025-12-24T17:16:06.070+0000][gc          ] GC(278) Pause Young (Normal) (G1 Evacuation Pause) 838M->233M(1024M) 20.985ms
[2025-12-24T17:16:06.070+0000][gc,cpu      ] GC(278) User=0.14s Sys=0.00s Real=0.02s
[2025-12-24T17:16:36.354+0000][gc,start    ] GC(279) Pause Young (Normal) (G1 Evacuation Pause)
[2025-12-24T17:16:36.355+0000][gc,task     ] GC(279) Using 8 workers of 8 for evacuation
[2025-12-24T17:16:36.376+0000][gc,phases   ] GC(279)   Pre Evacuate Collection Set: 1.0ms
[2025-12-24T17:16:36.376+0000][gc,phases   ] GC(279)   Merge Heap Roots: 0.3ms
[2025-12-24T17:16:36.376+0000][gc,phases   ] GC(279)   Evacuate Collection Set: 18.3ms
[2025-12-24T17:16:36.376+0000][gc,phases   ] GC(279)   Post Evacuate Collection Set: 1.7ms
[2025-12-24T17:16:36.377+0000][gc,phases   ] GC(279)   Other: 0.4ms
[2025-12-24T17:16:36.377+0000][gc,heap     ] GC(279) Eden regions: 606->0(604)
[2025-12-24T17:16:36.377+0000][gc,heap     ] GC(279) Survivor regions: 8->10(77)
[2025-12-24T17:16:36.377+0000][gc,heap     ] GC(279) Old regions: 75->76
[2025-12-24T17:16:36.377+0000][gc,heap     ] GC(279) Humongous regions: 151->151
[2025-12-24T17:16:36.377+0000][gc,metaspace] GC(279) Metaspace: 15414K(15744K)->15414K(15744K) NonClass: 13791K(13888K)->13791K(13888K) Class: 1623K(1856K)->1623K(1856K)
[2025-12-24T17:16:36.377+0000][gc          ] GC(279) Pause Young (Normal) (G1 Evacuation Pause) 839M->235M(1024M) 23.016ms
[2025-12-24T17:16:36.377+0000][gc,cpu      ] GC(279) User=0.15s Sys=0.00s Real=0.02s
[2025-12-24T17:17:15.942+0000][gc,start    ] GC(280) Pause Young (Normal) (G1 Evacuation Pause)
[2025-12-24T17:17:15.943+0000][gc,task     ] GC(280) Using 8 workers of 8 for evacuation
[2025-12-24T17:17:15.973+0000][gc,phases   ] GC(280)   Pre Evacuate Collection Set: 2.5ms
[2025-12-24T17:17:15.973+0000][gc,phases   ] GC(280)   Merge Heap Roots: 0.2ms
[2025-12-24T17:17:15.973+0000][gc,phases   ] GC(280)   Evacuate Collection Set: 24.5ms
[2025-12-24T17:17:15.973+0000][gc,phases   ] GC(280)   Post Evacuate Collection Set: 2.4ms
[2025-12-24T17:17:15.973+0000][gc,phases   ] GC(280)   Other: 0.7ms
[2025-12-24T17:17:15.973+0000][gc,heap     ] GC(280) Eden regions: 604->0(604)
[2025-12-24T17:17:15.973+0000][gc,heap     ] GC(280) Survivor regions: 10->10(77)
[2025-12-24T17:17:15.973+0000][gc,heap     ] GC(280) Old regions: 76->76
[2025-12-24T17:17:15.974+0000][gc,heap     ] GC(280) Humongous regions: 151->151
[2025-12-24T17:17:15.974+0000][gc,metaspace] GC(280) Metaspace: 15414K(15744K)->15414K(15744K) NonClass: 13791K(13888K)->13791K(13888K) Class: 1623K(1856K)->1623K(1856K)
[2025-12-24T17:17:15.974+0000][gc          ] GC(280) Pause Young (Normal) (G1 Evacuation Pause) 839M->235M(1024M) 32.115ms
[2025-12-24T17:17:15.974+0000][gc,cpu      ] GC(280) User=0.19s Sys=0.00s Real=0.04s
[2025-12-24T17:17:46.123+0000][gc,start    ] GC(281) Pause Young (Normal) (G1 Evacuation Pause)
[2025-12-24T17:17:46.124+0000][gc,task     ] GC(281) Using 8 workers of 8 for evacuation
[2025-12-24T17:17:46.140+0000][gc,phases   ] GC(281)   Pre Evacuate Collection Set: 1.1ms
[2025-12-24T17:17:46.140+0000][gc,phases   ] GC(281)   Merge Heap Roots: 0.2ms
[2025-12-24T17:17:46.140+0000][gc,phases   ] GC(281)   Evacuate Collection Set: 13.6ms
[2025-12-24T17:17:46.140+0000][gc,phases   ] GC(281)   Post Evacuate Collection Set: 1.2ms
[2025-12-24T17:17:46.141+0000][gc,phases   ] GC(281)   Other: 0.3ms
[2025-12-24T17:17:46.141+0000][gc,heap     ] GC(281) Eden regions: 604->0(608)
[2025-12-24T17:17:46.141+0000][gc,heap     ] GC(281) Survivor regions: 10->6(77)
[2025-12-24T17:17:46.141+0000][gc,heap     ] GC(281) Old regions: 76->76
[2025-12-24T17:17:46.141+0000][gc,heap     ] GC(281) Humongous regions: 151->151
[2025-12-24T17:17:46.141+0000][gc,metaspace] GC(281) Metaspace: 15415K(15744K)->15415K(15744K) NonClass: 13792K(13888K)->13792K(13888K) Class: 1623K(1856K)->1623K(1856K)
[2025-12-24T17:17:46.141+0000][gc          ] GC(281) Pause Young (Normal) (G1 Evacuation Pause) 839M->232M(1024M) 17.767ms
[2025-12-24T17:17:46.141+0000][gc,cpu      ] GC(281) User=0.11s Sys=0.00s Real=0.01s
[2025-12-24T17:18:25.777+0000][gc,start    ] GC(282) Pause Young (Normal) (G1 Evacuation Pause)
[2025-12-24T17:18:25.778+0000][gc,task     ] GC(282) Using 8 workers of 8 for evacuation
[2025-12-24T17:18:25.799+0000][gc,phases   ] GC(282)   Pre Evacuate Collection Set: 1.8ms
[2025-12-24T17:18:25.799+0000][gc,phases   ] GC(282)   Merge Heap Roots: 2.0ms
[2025-12-24T17:18:25.799+0000][gc,phases   ] GC(282)   Evacuate Collection Set: 13.1ms
[2025-12-24T17:18:25.799+0000][gc,phases   ] GC(282)   Post Evacuate Collection Set: 3.1ms
[2025-12-24T17:18:25.800+0000][gc,phases   ] GC(282)   Other: 0.7ms
[2025-12-24T17:18:25.800+0000][gc,heap     ] GC(282) Eden regions: 608->0(609)
[2025-12-24T17:18:25.800+0000][gc,heap     ] GC(282) Survivor regions: 6->5(77)
[2025-12-24T17:18:25.800+0000][gc,heap     ] GC(282) Old regions: 76->76
[2025-12-24T17:18:25.800+0000][gc,heap     ] GC(282) Humongous regions: 151->151
[2025-12-24T17:18:25.800+0000][gc,metaspace] GC(282) Metaspace: 15416K(15744K)->15416K(15744K) NonClass: 13793K(13888K)->13793K(13888K) Class: 1623K(1856K)->1623K(1856K)
[2025-12-24T17:18:25.801+0000][gc          ] GC(282) Pause Young (Normal) (G1 Evacuation Pause) 840M->231M(1024M) 23.613ms
[2025-12-24T17:18:25.801+0000][gc,cpu      ] GC(282) User=0.12s Sys=0.01s Real=0.03s
[2025-12-24T17:18:56.062+0000][gc,start    ] GC(283) Pause Young (Normal) (G1 Evacuation Pause)
[2025-12-24T17:18:56.063+0000][gc,task     ] GC(283) Using 8 workers of 8 for evacuation
[2025-12-24T17:18:56.088+0000][gc,phases   ] GC(283)   Pre Evacuate Collection Set: 2.7ms
[2025-12-24T17:18:56.088+0000][gc,phases   ] GC(283)   Merge Heap Roots: 0.4ms
[2025-12-24T17:18:56.088+0000][gc,phases   ] GC(283)   Evacuate Collection Set: 19.7ms
[2025-12-24T17:18:56.089+0000][gc,phases   ] GC(283)   Post Evacuate Collection Set: 1.9ms
[2025-12-24T17:18:56.089+0000][gc,phases   ] GC(283)   Other: 0.7ms
[2025-12-24T17:18:56.089+0000][gc,heap     ] GC(283) Eden regions: 609->0(607)
[2025-12-24T17:18:56.089+0000][gc,heap     ] GC(283) Survivor regions: 5->7(77)
[2025-12-24T17:18:56.089+0000][gc,heap     ] GC(283) Old regions: 76->77
[2025-12-24T17:18:56.089+0000][gc,heap     ] GC(283) Humongous regions: 151->151
[2025-12-24T17:18:56.089+0000][gc,metaspace] GC(283) Metaspace: 15416K(15744K)->15416K(15744K) NonClass: 13793K(13888K)->13793K(13888K) Class: 1623K(1856K)->1623K(1856K)
[2025-12-24T17:18:56.089+0000][gc          ] GC(283) Pause Young (Normal) (G1 Evacuation Pause) 840M->233M(1024M) 27.677ms
[2025-12-24T17:18:56.090+0000][gc,cpu      ] GC(283) User=0.16s Sys=0.00s Real=0.02s
[2025-12-24T17:19:26.268+0000][gc,start    ] GC(284) Pause Young (Normal) (G1 Evacuation Pause)
[2025-12-24T17:19:26.269+0000][gc,task     ] GC(284) Using 8 workers of 8 for evacuation
[2025-12-24T17:19:26.284+0000][gc,phases   ] GC(284)   Pre Evacuate Collection Set: 0.8ms
[2025-12-24T17:19:26.284+0000][gc,phases   ] GC(284)   Merge Heap Roots: 0.3ms
[2025-12-24T17:19:26.284+0000][gc,phases   ] GC(284)   Evacuate Collection Set: 13.0ms
[2025-12-24T17:19:26.285+0000][gc,phases   ] GC(284)   Post Evacuate Collection Set: 1.1ms
[2025-12-24T17:19:26.285+0000][gc,phases   ] GC(284)   Other: 0.2ms
[2025-12-24T17:19:26.285+0000][gc,heap     ] GC(284) Eden regions: 607->0(605)
[2025-12-24T17:19:26.285+0000][gc,heap     ] GC(284) Survivor regions: 7->9(77)
[2025-12-24T17:19:26.285+0000][gc,heap     ] GC(284) Old regions: 77->77
[2025-12-24T17:19:26.285+0000][gc,heap     ] GC(284) Humongous regions: 151->151
[2025-12-24T17:19:26.285+0000][gc,metaspace] GC(284) Metaspace: 15416K(15744K)->15416K(15744K) NonClass: 13793K(13888K)->13793K(13888K) Class: 1623K(1856K)->1623K(1856K)
[2025-12-24T17:19:26.285+0000][gc          ] GC(284) Pause Young (Normal) (G1 Evacuation Pause) 840M->235M(1024M) 16.754ms
[2025-12-24T17:19:26.285+0000][gc,cpu      ] GC(284) User=0.11s Sys=0.00s Real=0.01s
[2025-12-24T17:20:06.010+0000][gc,start    ] GC(285) Pause Young (Normal) (G1 Evacuation Pause)
[2025-12-24T17:20:06.010+0000][gc,task     ] GC(285) Using 8 workers of 8 for evacuation
[2025-12-24T17:20:06.034+0000][gc,phases   ] GC(285)   Pre Evacuate Collection Set: 3.3ms
[2025-12-24T17:20:06.035+0000][gc,phases   ] GC(285)   Merge Heap Roots: 1.2ms
[2025-12-24T17:20:06.035+0000][gc,phases   ] GC(285)   Evacuate Collection Set: 17.0ms
[2025-12-24T17:20:06.035+0000][gc,phases   ] GC(285)   Post Evacuate Collection Set: 1.7ms
[2025-12-24T17:20:06.035+0000][gc,phases   ] GC(285)   Other: 1.1ms
[2025-12-24T17:20:06.035+0000][gc,heap     ] GC(285) Eden regions: 605->0(606)
[2025-12-24T17:20:06.035+0000][gc,heap     ] GC(285) Survivor regions: 9->8(77)
[2025-12-24T17:20:06.035+0000][gc,heap     ] GC(285) Old regions: 77->77
[2025-12-24T17:20:06.035+0000][gc,heap     ] GC(285) Humongous regions: 151->151
[2025-12-24T17:20:06.035+0000][gc,metaspace] GC(285) Metaspace: 15416K(15744K)->15416K(15744K) NonClass: 13793K(13888K)->13793K(13888K) Class: 1623K(1856K)->1623K(1856K)
[2025-12-24T17:20:06.035+0000][gc          ] GC(285) Pause Young (Normal) (G1 Evacuation Pause) 840M->234M(1024M) 25.924ms
[2025-12-24T17:20:06.036+0000][gc,cpu      ] GC(285) User=0.16s Sys=0.00s Real=0.02s
[2025-12-24T17:20:36.431+0000][gc,start    ] GC(286) Pause Young (Normal) (G1 Evacuation Pause)
[2025-12-24T17:20:36.432+0000][gc,task     ] GC(286) Using 8 workers of 8 for evacuation
[2025-12-24T17:20:36.455+0000][gc,phases   ] GC(286)   Pre Evacuate Collection Set: 1.2ms
[2025-12-24T17:20:36.456+0000][gc,phases   ] GC(286)   Merge Heap Roots: 0.7ms
[2025-12-24T17:20:36.456+0000][gc,phases   ] GC(286)   Evacuate Collection Set: 19.0ms
[2025-12-24T17:20:36.456+0000][gc,phases   ] GC(286)   Post Evacuate Collection Set: 1.8ms
[2025-12-24T17:20:36.456+0000][gc,phases   ] GC(286)   Other: 0.7ms
[2025-12-24T17:20:36.456+0000][gc,heap     ] GC(286) Eden regions: 606->0(604)
[2025-12-24T17:20:36.456+0000][gc,heap     ] GC(286) Survivor regions: 8->10(77)
[2025-12-24T17:20:36.456+0000][gc,heap     ] GC(286) Old regions: 77->77
[2025-12-24T17:20:36.457+0000][gc,heap     ] GC(286) Humongous regions: 151->151
[2025-12-24T17:20:36.457+0000][gc,metaspace] GC(286) Metaspace: 15416K(15744K)->15416K(15744K) NonClass: 13793K(13888K)->13793K(13888K) Class: 1623K(1856K)->1623K(1856K)
[2025-12-24T17:20:36.457+0000][gc          ] GC(286) Pause Young (Normal) (G1 Evacuation Pause) 840M->237M(1024M) 25.847ms
[2025-12-24T17:20:36.457+0000][gc,cpu      ] GC(286) User=0.16s Sys=0.00s Real=0.03s
[2025-12-24T17:21:15.853+0000][gc,start    ] GC(287) Pause Young (Normal) (G1 Evacuation Pause)
[2025-12-24T17:21:15.854+0000][gc,task     ] GC(287) Using 8 workers of 8 for evacuation
[2025-12-24T17:21:15.865+0000][gc,phases   ] GC(287)   Pre Evacuate Collection Set: 1.2ms
[2025-12-24T17:21:15.865+0000][gc,phases   ] GC(287)   Merge Heap Roots: 0.3ms
[2025-12-24T17:21:15.865+0000][gc,phases   ] GC(287)   Evacuate Collection Set: 8.5ms
[2025-12-24T17:21:15.865+0000][gc,phases   ] GC(287)   Post Evacuate Collection Set: 1.2ms
[2025-12-24T17:21:15.865+0000][gc,phases   ] GC(287)   Other: 0.3ms
[2025-12-24T17:21:15.865+0000][gc,heap     ] GC(287) Eden regions: 604->0(605)
[2025-12-24T17:21:15.865+0000][gc,heap     ] GC(287) Survivor regions: 10->9(77)
[2025-12-24T17:21:15.865+0000][gc,heap     ] GC(287) Old regions: 77->77
[2025-12-24T17:21:15.866+0000][gc,heap     ] GC(287) Humongous regions: 151->151
[2025-12-24T17:21:15.866+0000][gc,metaspace] GC(287) Metaspace: 15416K(15744K)->15416K(15744K) NonClass: 13793K(13888K)->13793K(13888K) Class: 1623K(1856K)->1623K(1856K)
[2025-12-24T17:21:15.866+0000][gc          ] GC(287) Pause Young (Normal) (G1 Evacuation Pause) 841M->236M(1024M) 12.606ms
[2025-12-24T17:21:15.866+0000][gc,cpu      ] GC(287) User=0.07s Sys=0.01s Real=0.02s
[2025-12-24T17:21:46.139+0000][gc,start    ] GC(288) Pause Young (Normal) (G1 Evacuation Pause)
[2025-12-24T17:21:46.139+0000][gc,task     ] GC(288) Using 8 workers of 8 for evacuation
[2025-12-24T17:21:46.157+0000][gc,phases   ] GC(288)   Pre Evacuate Collection Set: 3.1ms
[2025-12-24T17:21:46.157+0000][gc,phases   ] GC(288)   Merge Heap Roots: 1.9ms
[2025-12-24T17:21:46.157+0000][gc,phases   ] GC(288)   Evacuate Collection Set: 11.3ms
[2025-12-24T17:21:46.157+0000][gc,phases   ] GC(288)   Post Evacuate Collection Set: 1.3ms
[2025-12-24T17:21:46.157+0000][gc,phases   ] GC(288)   Other: 0.3ms
[2025-12-24T17:21:46.157+0000][gc,heap     ] GC(288) Eden regions: 605->0(608)
[2025-12-24T17:21:46.157+0000][gc,heap     ] GC(288) Survivor regions: 9->6(77)
[2025-12-24T17:21:46.158+0000][gc,heap     ] GC(288) Old regions: 77->78
[2025-12-24T17:21:46.158+0000][gc,heap     ] GC(288) Humongous regions: 151->151
[2025-12-24T17:21:46.158+0000][gc,metaspace] GC(288) Metaspace: 15416K(15744K)->15416K(15744K) NonClass: 13793K(13888K)->13793K(13888K) Class: 1623K(1856K)->1623K(1856K)
[2025-12-24T17:21:46.158+0000][gc          ] GC(288) Pause Young (Normal) (G1 Evacuation Pause) 841M->233M(1024M) 19.066ms
[2025-12-24T17:21:46.158+0000][gc,cpu      ] GC(288) User=0.12s Sys=0.00s Real=0.02s
[2025-12-24T17:22:18.029+0000][gc,start    ] GC(289) Pause Young (Normal) (G1 Evacuation Pause)
[2025-12-24T17:22:18.030+0000][gc,task     ] GC(289) Using 8 workers of 8 for evacuation
[2025-12-24T17:22:18.046+0000][gc,phases   ] GC(289)   Pre Evacuate Collection Set: 1.1ms
[2025-12-24T17:22:18.046+0000][gc,phases   ] GC(289)   Merge Heap Roots: 0.3ms
[2025-12-24T17:22:18.046+0000][gc,phases   ] GC(289)   Evacuate Collection Set: 12.2ms
[2025-12-24T17:22:18.046+0000][gc,phases   ] GC(289)   Post Evacuate Collection Set: 1.3ms
[2025-12-24T17:22:18.046+0000][gc,phases   ] GC(289)   Other: 0.7ms
[2025-12-24T17:22:18.046+0000][gc,heap     ] GC(289) Eden regions: 608->0(609)
[2025-12-24T17:22:18.046+0000][gc,heap     ] GC(289) Survivor regions: 6->5(77)
[2025-12-24T17:22:18.046+0000][gc,heap     ] GC(289) Old regions: 78->78
[2025-12-24T17:22:18.046+0000][gc,heap     ] GC(289) Humongous regions: 151->151
[2025-12-24T17:22:18.046+0000][gc,metaspace] GC(289) Metaspace: 15416K(15744K)->15416K(15744K) NonClass: 13793K(13888K)->13793K(13888K) Class: 1623K(1856K)->1623K(1856K)
[2025-12-24T17:22:18.046+0000][gc          ] GC(289) Pause Young (Normal) (G1 Evacuation Pause) 841M->232M(1024M) 17.185ms
[2025-12-24T17:22:18.046+0000][gc,cpu      ] GC(289) User=0.09s Sys=0.00s Real=0.01s
[2025-12-24T17:22:55.997+0000][gc,start    ] GC(290) Pause Young (Normal) (G1 Evacuation Pause)
[2025-12-24T17:22:55.998+0000][gc,task     ] GC(290) Using 8 workers of 8 for evacuation
[2025-12-24T17:22:56.015+0000][gc,phases   ] GC(290)   Pre Evacuate Collection Set: 1.1ms
[2025-12-24T17:22:56.015+0000][gc,phases   ] GC(290)   Merge Heap Roots: 0.3ms
[2025-12-24T17:22:56.015+0000][gc,phases   ] GC(290)   Evacuate Collection Set: 14.9ms
[2025-12-24T17:22:56.015+0000][gc,phases   ] GC(290)   Post Evacuate Collection Set: 1.1ms
[2025-12-24T17:22:56.015+0000][gc,phases   ] GC(290)   Other: 0.2ms
[2025-12-24T17:22:56.015+0000][gc,heap     ] GC(290) Eden regions: 609->0(607)
[2025-12-24T17:22:56.015+0000][gc,heap     ] GC(290) Survivor regions: 5->7(77)
[2025-12-24T17:22:56.016+0000][gc,heap     ] GC(290) Old regions: 78->78
[2025-12-24T17:22:56.016+0000][gc,heap     ] GC(290) Humongous regions: 151->151
[2025-12-24T17:22:56.016+0000][gc,metaspace] GC(290) Metaspace: 15416K(15744K)->15416K(15744K) NonClass: 13793K(13888K)->13793K(13888K) Class: 1623K(1856K)->1623K(1856K)
[2025-12-24T17:22:56.016+0000][gc          ] GC(290) Pause Young (Normal) (G1 Evacuation Pause) 841M->234M(1024M) 18.671ms
[2025-12-24T17:22:56.016+0000][gc,cpu      ] GC(290) User=0.13s Sys=0.01s Real=0.02s
[2025-12-24T17:23:26.278+0000][gc,start    ] GC(291) Pause Young (Normal) (G1 Evacuation Pause)
[2025-12-24T17:23:26.279+0000][gc,task     ] GC(291) Using 8 workers of 8 for evacuation
[2025-12-24T17:23:26.298+0000][gc,phases   ] GC(291)   Pre Evacuate Collection Set: 1.0ms
[2025-12-24T17:23:26.298+0000][gc,phases   ] GC(291)   Merge Heap Roots: 0.3ms
[2025-12-24T17:23:26.298+0000][gc,phases   ] GC(291)   Evacuate Collection Set: 15.7ms
[2025-12-24T17:23:26.298+0000][gc,phases   ] GC(291)   Post Evacuate Collection Set: 1.2ms
[2025-12-24T17:23:26.298+0000][gc,phases   ] GC(291)   Other: 0.3ms
[2025-12-24T17:23:26.298+0000][gc,heap     ] GC(291) Eden regions: 607->0(606)
[2025-12-24T17:23:26.298+0000][gc,heap     ] GC(291) Survivor regions: 7->8(77)
[2025-12-24T17:23:26.298+0000][gc,heap     ] GC(291) Old regions: 78->78
[2025-12-24T17:23:26.298+0000][gc,heap     ] GC(291) Humongous regions: 151->151
[2025-12-24T17:23:26.298+0000][gc,metaspace] GC(291) Metaspace: 15417K(15744K)->15417K(15744K) NonClass: 13793K(13888K)->13793K(13888K) Class: 1623K(1856K)->1623K(1856K)
[2025-12-24T17:23:26.298+0000][gc          ] GC(291) Pause Young (Normal) (G1 Evacuation Pause) 841M->236M(1024M) 19.731ms
[2025-12-24T17:23:26.298+0000][gc,cpu      ] GC(291) User=0.12s Sys=0.00s Real=0.02s
[2025-12-24T17:24:05.903+0000][gc,start    ] GC(292) Pause Young (Normal) (G1 Evacuation Pause)
[2025-12-24T17:24:05.903+0000][gc,task     ] GC(292) Using 8 workers of 8 for evacuation
[2025-12-24T17:24:05.925+0000][gc,phases   ] GC(292)   Pre Evacuate Collection Set: 1.0ms
[2025-12-24T17:24:05.926+0000][gc,phases   ] GC(292)   Merge Heap Roots: 0.3ms
[2025-12-24T17:24:05.926+0000][gc,phases   ] GC(292)   Evacuate Collection Set: 16.9ms
[2025-12-24T17:24:05.926+0000][gc,phases   ] GC(292)   Post Evacuate Collection Set: 3.6ms
[2025-12-24T17:24:05.926+0000][gc,phases   ] GC(292)   Other: 0.3ms
[2025-12-24T17:24:05.926+0000][gc,heap     ] GC(292) Eden regions: 606->0(606)
[2025-12-24T17:24:05.926+0000][gc,heap     ] GC(292) Survivor regions: 8->8(77)
[2025-12-24T17:24:05.926+0000][gc,heap     ] GC(292) Old regions: 78->79
[2025-12-24T17:24:05.926+0000][gc,heap     ] GC(292) Humongous regions: 151->151
[2025-12-24T17:24:05.926+0000][gc,metaspace] GC(292) Metaspace: 15417K(15744K)->15417K(15744K) NonClass: 13793K(13888K)->13793K(13888K) Class: 1623K(1856K)->1623K(1856K)
[2025-12-24T17:24:05.927+0000][gc          ] GC(292) Pause Young (Normal) (G1 Evacuation Pause) 842M->236M(1024M) 24.789ms
[2025-12-24T17:24:05.928+0000][gc,cpu      ] GC(292) User=0.12s Sys=0.03s Real=0.03s
[2025-12-24T17:24:36.211+0000][gc,start    ] GC(293) Pause Young (Normal) (G1 Evacuation Pause)
[2025-12-24T17:24:36.212+0000][gc,task     ] GC(293) Using 8 workers of 8 for evacuation
[2025-12-24T17:24:36.233+0000][gc,phases   ] GC(293)   Pre Evacuate Collection Set: 1.1ms
[2025-12-24T17:24:36.233+0000][gc,phases   ] GC(293)   Merge Heap Roots: 0.3ms
[2025-12-24T17:24:36.233+0000][gc,phases   ] GC(293)   Evacuate Collection Set: 13.8ms
[2025-12-24T17:24:36.234+0000][gc,phases   ] GC(293)   Post Evacuate Collection Set: 5.6ms
[2025-12-24T17:24:36.234+0000][gc,phases   ] GC(293)   Other: 0.4ms
[2025-12-24T17:24:36.234+0000][gc,heap     ] GC(293) Eden regions: 606->0(605)
[2025-12-24T17:24:36.234+0000][gc,heap     ] GC(293) Survivor regions: 8->9(77)
[2025-12-24T17:24:36.234+0000][gc,heap     ] GC(293) Old regions: 79->79
[2025-12-24T17:24:36.234+0000][gc,heap     ] GC(293) Humongous regions: 151->151
[2025-12-24T17:24:36.234+0000][gc,metaspace] GC(293) Metaspace: 15418K(15744K)->15418K(15744K) NonClass: 13794K(13888K)->13794K(13888K) Class: 1623K(1856K)->1623K(1856K)
[2025-12-24T17:24:36.234+0000][gc          ] GC(293) Pause Young (Normal) (G1 Evacuation Pause) 842M->238M(1024M) 23.151ms
[2025-12-24T17:24:36.234+0000][gc,cpu      ] GC(293) User=0.14s Sys=0.00s Real=0.02s
[2025-12-24T17:25:15.825+0000][gc,start    ] GC(294) Pause Young (Normal) (G1 Evacuation Pause)
[2025-12-24T17:25:15.826+0000][gc,task     ] GC(294) Using 8 workers of 8 for evacuation
[2025-12-24T17:25:15.847+0000][gc,phases   ] GC(294)   Pre Evacuate Collection Set: 0.9ms
[2025-12-24T17:25:15.847+0000][gc,phases   ] GC(294)   Merge Heap Roots: 0.3ms
[2025-12-24T17:25:15.847+0000][gc,phases   ] GC(294)   Evacuate Collection Set: 18.7ms
[2025-12-24T17:25:15.847+0000][gc,phases   ] GC(294)   Post Evacuate Collection Set: 1.1ms
[2025-12-24T17:25:15.847+0000][gc,phases   ] GC(294)   Other: 0.3ms
[2025-12-24T17:25:15.847+0000][gc,heap     ] GC(294) Eden regions: 605->0(606)
[2025-12-24T17:25:15.847+0000][gc,heap     ] GC(294) Survivor regions: 9->8(77)
[2025-12-24T17:25:15.848+0000][gc,heap     ] GC(294) Old regions: 79->79
[2025-12-24T17:25:15.848+0000][gc,heap     ] GC(294) Humongous regions: 151->151
[2025-12-24T17:25:15.848+0000][gc,metaspace] GC(294) Metaspace: 15419K(15744K)->15419K(15744K) NonClass: 13796K(13888K)->13796K(13888K) Class: 1623K(1856K)->1623K(1856K)
[2025-12-24T17:25:15.848+0000][gc          ] GC(294) Pause Young (Normal) (G1 Evacuation Pause) 843M->237M(1024M) 22.769ms
[2025-12-24T17:25:15.848+0000][gc,cpu      ] GC(294) User=0.15s Sys=0.01s Real=0.02s
[2025-12-24T17:25:46.063+0000][gc,start    ] GC(295) Pause Young (Normal) (G1 Evacuation Pause)
[2025-12-24T17:25:46.064+0000][gc,task     ] GC(295) Using 8 workers of 8 for evacuation
[2025-12-24T17:25:46.077+0000][gc,phases   ] GC(295)   Pre Evacuate Collection Set: 1.0ms
[2025-12-24T17:25:46.077+0000][gc,phases   ] GC(295)   Merge Heap Roots: 0.2ms
[2025-12-24T17:25:46.077+0000][gc,phases   ] GC(295)   Evacuate Collection Set: 10.7ms
[2025-12-24T17:25:46.077+0000][gc,phases   ] GC(295)   Post Evacuate Collection Set: 1.1ms
[2025-12-24T17:25:46.077+0000][gc,phases   ] GC(295)   Other: 0.2ms
[2025-12-24T17:25:46.077+0000][gc,heap     ] GC(295) Eden regions: 606->0(608)
[2025-12-24T17:25:46.077+0000][gc,heap     ] GC(295) Survivor regions: 8->6(77)
[2025-12-24T17:25:46.077+0000][gc,heap     ] GC(295) Old regions: 79->79
[2025-12-24T17:25:46.077+0000][gc,heap     ] GC(295) Humongous regions: 151->151
[2025-12-24T17:25:46.077+0000][gc,metaspace] GC(295) Metaspace: 15419K(15744K)->15419K(15744K) NonClass: 13796K(13888K)->13796K(13888K) Class: 1623K(1856K)->1623K(1856K)
[2025-12-24T17:25:46.078+0000][gc          ] GC(295) Pause Young (Normal) (G1 Evacuation Pause) 843M->235M(1024M) 14.414ms
[2025-12-24T17:25:46.078+0000][gc,cpu      ] GC(295) User=0.09s Sys=0.00s Real=0.02s
[2025-12-24T17:26:16.320+0000][gc,start    ] GC(296) Pause Young (Normal) (G1 Evacuation Pause)
[2025-12-24T17:26:16.321+0000][gc,task     ] GC(296) Using 8 workers of 8 for evacuation
[2025-12-24T17:26:16.334+0000][gc,phases   ] GC(296)   Pre Evacuate Collection Set: 1.8ms
[2025-12-24T17:26:16.334+0000][gc,phases   ] GC(296)   Merge Heap Roots: 0.7ms
[2025-12-24T17:26:16.334+0000][gc,phases   ] GC(296)   Evacuate Collection Set: 9.4ms
[2025-12-24T17:26:16.334+0000][gc,phases   ] GC(296)   Post Evacuate Collection Set: 1.0ms
[2025-12-24T17:26:16.334+0000][gc,phases   ] GC(296)   Other: 0.2ms
[2025-12-24T17:26:16.334+0000][gc,heap     ] GC(296) Eden regions: 608->0(607)
[2025-12-24T17:26:16.335+0000][gc,heap     ] GC(296) Survivor regions: 6->7(77)
[2025-12-24T17:26:16.335+0000][gc,heap     ] GC(296) Old regions: 79->80
[2025-12-24T17:26:16.335+0000][gc,heap     ] GC(296) Humongous regions: 151->151
[2025-12-24T17:26:16.335+0000][gc,metaspace] GC(296) Metaspace: 15419K(15744K)->15419K(15744K) NonClass: 13796K(13888K)->13796K(13888K) Class: 1623K(1856K)->1623K(1856K)
[2025-12-24T17:26:16.335+0000][gc          ] GC(296) Pause Young (Normal) (G1 Evacuation Pause) 843M->236M(1024M) 14.311ms
[2025-12-24T17:26:16.335+0000][gc,cpu      ] GC(296) User=0.09s Sys=0.00s Real=0.02s
[2025-12-24T17:26:56.018+0000][gc,start    ] GC(297) Pause Young (Normal) (G1 Evacuation Pause)
[2025-12-24T17:26:56.019+0000][gc,task     ] GC(297) Using 8 workers of 8 for evacuation
[2025-12-24T17:26:56.032+0000][gc,phases   ] GC(297)   Pre Evacuate Collection Set: 1.3ms
[2025-12-24T17:26:56.032+0000][gc,phases   ] GC(297)   Merge Heap Roots: 0.2ms
[2025-12-24T17:26:56.032+0000][gc,phases   ] GC(297)   Evacuate Collection Set: 8.6ms
[2025-12-24T17:26:56.032+0000][gc,phases   ] GC(297)   Post Evacuate Collection Set: 2.7ms
[2025-12-24T17:26:56.032+0000][gc,phases   ] GC(297)   Other: 0.3ms
[2025-12-24T17:26:56.032+0000][gc,heap     ] GC(297) Eden regions: 607->0(607)
[2025-12-24T17:26:56.032+0000][gc,heap     ] GC(297) Survivor regions: 7->7(77)
[2025-12-24T17:26:56.033+0000][gc,heap     ] GC(297) Old regions: 80->80
[2025-12-24T17:26:56.033+0000][gc,heap     ] GC(297) Humongous regions: 151->151
[2025-12-24T17:26:56.033+0000][gc,metaspace] GC(297) Metaspace: 15419K(15744K)->15419K(15744K) NonClass: 13796K(13888K)->13796K(13888K) Class: 1623K(1856K)->1623K(1856K)
[2025-12-24T17:26:56.033+0000][gc          ] GC(297) Pause Young (Normal) (G1 Evacuation Pause) 843M->236M(1024M) 14.614ms
[2025-12-24T17:26:56.033+0000][gc,cpu      ] GC(297) User=0.07s Sys=0.00s Real=0.02s
[2025-12-24T17:27:26.262+0000][gc,start    ] GC(298) Pause Young (Normal) (G1 Evacuation Pause)
[2025-12-24T17:27:26.263+0000][gc,task     ] GC(298) Using 8 workers of 8 for evacuation
[2025-12-24T17:27:26.281+0000][gc,phases   ] GC(298)   Pre Evacuate Collection Set: 1.1ms
[2025-12-24T17:27:26.282+0000][gc,phases   ] GC(298)   Merge Heap Roots: 0.3ms
[2025-12-24T17:27:26.282+0000][gc,phases   ] GC(298)   Evacuate Collection Set: 16.1ms
[2025-12-24T17:27:26.282+0000][gc,phases   ] GC(298)   Post Evacuate Collection Set: 1.1ms
[2025-12-24T17:27:26.282+0000][gc,phases   ] GC(298)   Other: 0.3ms
[2025-12-24T17:27:26.282+0000][gc,heap     ] GC(298) Eden regions: 607->0(606)
[2025-12-24T17:27:26.282+0000][gc,heap     ] GC(298) Survivor regions: 7->8(77)
[2025-12-24T17:27:26.282+0000][gc,heap     ] GC(298) Old regions: 80->80
[2025-12-24T17:27:26.282+0000][gc,heap     ] GC(298) Humongous regions: 151->151
[2025-12-24T17:27:26.282+0000][gc,metaspace] GC(298) Metaspace: 15424K(15744K)->15424K(15744K) NonClass: 13801K(13888K)->13801K(13888K) Class: 1623K(1856K)->1623K(1856K)
[2025-12-24T17:27:26.282+0000][gc          ] GC(298) Pause Young (Normal) (G1 Evacuation Pause) 843M->238M(1024M) 20.616ms
[2025-12-24T17:27:26.282+0000][gc,cpu      ] GC(298) User=0.12s Sys=0.00s Real=0.02s
[2025-12-24T17:28:05.894+0000][gc,start    ] GC(299) Pause Young (Normal) (G1 Evacuation Pause)
[2025-12-24T17:28:05.895+0000][gc,task     ] GC(299) Using 8 workers of 8 for evacuation
[2025-12-24T17:28:05.911+0000][gc,phases   ] GC(299)   Pre Evacuate Collection Set: 0.9ms
[2025-12-24T17:28:05.911+0000][gc,phases   ] GC(299)   Merge Heap Roots: 0.2ms
[2025-12-24T17:28:05.911+0000][gc,phases   ] GC(299)   Evacuate Collection Set: 13.7ms
[2025-12-24T17:28:05.911+0000][gc,phases   ] GC(299)   Post Evacuate Collection Set: 1.1ms
[2025-12-24T17:28:05.911+0000][gc,phases   ] GC(299)   Other: 0.2ms
[2025-12-24T17:28:05.911+0000][gc,heap     ] GC(299) Eden regions: 606->0(606)
[2025-12-24T17:28:05.911+0000][gc,heap     ] GC(299) Survivor regions: 8->8(77)
[2025-12-24T17:28:05.911+0000][gc,heap     ] GC(299) Old regions: 80->80
[2025-12-24T17:28:05.911+0000][gc,heap     ] GC(299) Humongous regions: 151->151
[2025-12-24T17:28:05.911+0000][gc,metaspace] GC(299) Metaspace: 15424K(15744K)->15424K(15744K) NonClass: 13801K(13888K)->13801K(13888K) Class: 1623K(1856K)->1623K(1856K)
[2025-12-24T17:28:05.912+0000][gc          ] GC(299) Pause Young (Normal) (G1 Evacuation Pause) 844M->237M(1024M) 17.366ms
[2025-12-24T17:28:05.912+0000][gc,cpu      ] GC(299) User=0.10s Sys=0.01s Real=0.02s
[2025-12-24T17:28:36.125+0000][gc,start    ] GC(300) Pause Young (Normal) (G1 Evacuation Pause)
[2025-12-24T17:28:36.126+0000][gc,task     ] GC(300) Using 8 workers of 8 for evacuation
[2025-12-24T17:28:36.144+0000][gc,phases   ] GC(300)   Pre Evacuate Collection Set: 2.9ms
[2025-12-24T17:28:36.144+0000][gc,phases   ] GC(300)   Merge Heap Roots: 0.9ms
[2025-12-24T17:28:36.144+0000][gc,phases   ] GC(300)   Evacuate Collection Set: 12.8ms
[2025-12-24T17:28:36.144+0000][gc,phases   ] GC(300)   Post Evacuate Collection Set: 1.3ms
[2025-12-24T17:28:36.144+0000][gc,phases   ] GC(300)   Other: 0.5ms
[2025-12-24T17:28:36.144+0000][gc,heap     ] GC(300) Eden regions: 606->0(605)
[2025-12-24T17:28:36.144+0000][gc,heap     ] GC(300) Survivor regions: 8->9(77)
[2025-12-24T17:28:36.144+0000][gc,heap     ] GC(300) Old regions: 80->80
[2025-12-24T17:28:36.144+0000][gc,heap     ] GC(300) Humongous regions: 151->151
[2025-12-24T17:28:36.144+0000][gc,metaspace] GC(300) Metaspace: 15425K(15744K)->15425K(15744K) NonClass: 13801K(13888K)->13801K(13888K) Class: 1623K(1856K)->1623K(1856K)
[2025-12-24T17:28:36.144+0000][gc          ] GC(300) Pause Young (Normal) (G1 Evacuation Pause) 843M->239M(1024M) 19.550ms
[2025-12-24T17:28:36.145+0000][gc,cpu      ] GC(300) User=0.10s Sys=0.00s Real=0.02s
[2025-12-24T17:29:15.791+0000][gc,start    ] GC(301) Pause Young (Normal) (G1 Evacuation Pause)
[2025-12-24T17:29:15.792+0000][gc,task     ] GC(301) Using 8 workers of 8 for evacuation
[2025-12-24T17:29:15.814+0000][gc,phases   ] GC(301)   Pre Evacuate Collection Set: 1.0ms
[2025-12-24T17:29:15.815+0000][gc,phases   ] GC(301)   Merge Heap Roots: 0.2ms
[2025-12-24T17:29:15.815+0000][gc,phases   ] GC(301)   Evacuate Collection Set: 19.6ms
[2025-12-24T17:29:15.815+0000][gc,phases   ] GC(301)   Post Evacuate Collection Set: 1.5ms
[2025-12-24T17:29:15.815+0000][gc,phases   ] GC(301)   Other: 0.3ms
[2025-12-24T17:29:15.815+0000][gc,heap     ] GC(301) Eden regions: 605->0(606)
[2025-12-24T17:29:15.815+0000][gc,heap     ] GC(301) Survivor regions: 9->8(77)
[2025-12-24T17:29:15.815+0000][gc,heap     ] GC(301) Old regions: 80->81
[2025-12-24T17:29:15.815+0000][gc,heap     ] GC(301) Humongous regions: 151->151
[2025-12-24T17:29:15.815+0000][gc,metaspace] GC(301) Metaspace: 15425K(15744K)->15425K(15744K) NonClass: 13801K(13888K)->13801K(13888K) Class: 1623K(1856K)->1623K(1856K)
[2025-12-24T17:29:15.815+0000][gc          ] GC(301) Pause Young (Normal) (G1 Evacuation Pause) 844M->239M(1024M) 23.927ms
[2025-12-24T17:29:15.815+0000][gc,cpu      ] GC(301) User=0.13s Sys=0.02s Real=0.03s
[2025-12-24T17:29:46.062+0000][gc,start    ] GC(302) Pause Young (Normal) (G1 Evacuation Pause)
[2025-12-24T17:29:46.063+0000][gc,task     ] GC(302) Using 8 workers of 8 for evacuation
[2025-12-24T17:29:46.079+0000][gc,phases   ] GC(302)   Pre Evacuate Collection Set: 1.0ms
[2025-12-24T17:29:46.079+0000][gc,phases   ] GC(302)   Merge Heap Roots: 0.3ms
[2025-12-24T17:29:46.079+0000][gc,phases   ] GC(302)   Evacuate Collection Set: 13.3ms
[2025-12-24T17:29:46.079+0000][gc,phases   ] GC(302)   Post Evacuate Collection Set: 1.0ms
[2025-12-24T17:29:46.079+0000][gc,phases   ] GC(302)   Other: 0.3ms
[2025-12-24T17:29:46.079+0000][gc,heap     ] GC(302) Eden regions: 606->0(604)
[2025-12-24T17:29:46.079+0000][gc,heap     ] GC(302) Survivor regions: 8->10(77)
[2025-12-24T17:29:46.079+0000][gc,heap     ] GC(302) Old regions: 81->81
[2025-12-24T17:29:46.079+0000][gc,heap     ] GC(302) Humongous regions: 151->151
[2025-12-24T17:29:46.079+0000][gc,metaspace] GC(302) Metaspace: 15425K(15744K)->15425K(15744K) NonClass: 13802K(13888K)->13802K(13888K) Class: 1623K(1856K)->1623K(1856K)
[2025-12-24T17:29:46.079+0000][gc          ] GC(302) Pause Young (Normal) (G1 Evacuation Pause) 845M->240M(1024M) 17.001ms
[2025-12-24T17:29:46.079+0000][gc,cpu      ] GC(302) User=0.11s Sys=0.01s Real=0.02s
[2025-12-24T17:30:16.361+0000][gc,start    ] GC(303) Pause Young (Normal) (G1 Evacuation Pause)
[2025-12-24T17:30:16.362+0000][gc,task     ] GC(303) Using 8 workers of 8 for evacuation
[2025-12-24T17:30:16.379+0000][gc,phases   ] GC(303)   Pre Evacuate Collection Set: 1.0ms
[2025-12-24T17:30:16.379+0000][gc,phases   ] GC(303)   Merge Heap Roots: 0.3ms
[2025-12-24T17:30:16.379+0000][gc,phases   ] GC(303)   Evacuate Collection Set: 14.0ms
[2025-12-24T17:30:16.379+0000][gc,phases   ] GC(303)   Post Evacuate Collection Set: 1.2ms
[2025-12-24T17:30:16.379+0000][gc,phases   ] GC(303)   Other: 0.4ms
[2025-12-24T17:30:16.379+0000][gc,heap     ] GC(303) Eden regions: 604->0(607)
[2025-12-24T17:30:16.379+0000][gc,heap     ] GC(303) Survivor regions: 10->7(77)
[2025-12-24T17:30:16.379+0000][gc,heap     ] GC(303) Old regions: 81->81
[2025-12-24T17:30:16.379+0000][gc,heap     ] GC(303) Humongous regions: 151->151
[2025-12-24T17:30:16.379+0000][gc,metaspace] GC(303) Metaspace: 15425K(15744K)->15425K(15744K) NonClass: 13802K(13888K)->13802K(13888K) Class: 1623K(1856K)->1623K(1856K)
[2025-12-24T17:30:16.379+0000][gc          ] GC(303) Pause Young (Normal) (G1 Evacuation Pause) 844M->238M(1024M) 18.147ms
[2025-12-24T17:30:16.380+0000][gc,cpu      ] GC(303) User=0.12s Sys=0.00s Real=0.02s
[2025-12-24T17:30:55.975+0000][gc,start    ] GC(304) Pause Young (Normal) (G1 Evacuation Pause)
[2025-12-24T17:30:55.976+0000][gc,task     ] GC(304) Using 8 workers of 8 for evacuation
[2025-12-24T17:30:55.988+0000][gc,phases   ] GC(304)   Pre Evacuate Collection Set: 1.1ms
[2025-12-24T17:30:55.988+0000][gc,phases   ] GC(304)   Merge Heap Roots: 0.3ms
[2025-12-24T17:30:55.988+0000][gc,phases   ] GC(304)   Evacuate Collection Set: 9.2ms
[2025-12-24T17:30:55.988+0000][gc,phases   ] GC(304)   Post Evacuate Collection Set: 1.1ms
[2025-12-24T17:30:55.988+0000][gc,phases   ] GC(304)   Other: 0.2ms
[2025-12-24T17:30:55.988+0000][gc,heap     ] GC(304) Eden regions: 607->0(608)
[2025-12-24T17:30:55.988+0000][gc,heap     ] GC(304) Survivor regions: 7->6(77)
[2025-12-24T17:30:55.988+0000][gc,heap     ] GC(304) Old regions: 81->81
[2025-12-24T17:30:55.988+0000][gc,heap     ] GC(304) Humongous regions: 151->151
[2025-12-24T17:30:55.989+0000][gc,metaspace] GC(304) Metaspace: 15425K(15744K)->15425K(15744K) NonClass: 13802K(13888K)->13802K(13888K) Class: 1623K(1856K)->1623K(1856K)
[2025-12-24T17:30:55.989+0000][gc          ] GC(304) Pause Young (Normal) (G1 Evacuation Pause) 845M->237M(1024M) 13.999ms
[2025-12-24T17:30:55.989+0000][gc,cpu      ] GC(304) User=0.08s Sys=0.00s Real=0.01s
[2025-12-24T17:31:26.248+0000][gc,start    ] GC(305) Pause Young (Normal) (G1 Evacuation Pause)
[2025-12-24T17:31:26.248+0000][gc,task     ] GC(305) Using 8 workers of 8 for evacuation
[2025-12-24T17:31:26.264+0000][gc,phases   ] GC(305)   Pre Evacuate Collection Set: 1.3ms
[2025-12-24T17:31:26.264+0000][gc,phases   ] GC(305)   Merge Heap Roots: 0.2ms
[2025-12-24T17:31:26.264+0000][gc,phases   ] GC(305)   Evacuate Collection Set: 12.7ms
[2025-12-24T17:31:26.265+0000][gc,phases   ] GC(305)   Post Evacuate Collection Set: 1.3ms
[2025-12-24T17:31:26.265+0000][gc,phases   ] GC(305)   Other: 0.3ms
[2025-12-24T17:31:26.265+0000][gc,heap     ] GC(305) Eden regions: 608->0(606)
[2025-12-24T17:31:26.265+0000][gc,heap     ] GC(305) Survivor regions: 6->8(77)
[2025-12-24T17:31:26.265+0000][gc,heap     ] GC(305) Old regions: 81->82
[2025-12-24T17:31:26.265+0000][gc,heap     ] GC(305) Humongous regions: 151->151
[2025-12-24T17:31:26.265+0000][gc,metaspace] GC(305) Metaspace: 15425K(15744K)->15425K(15744K) NonClass: 13802K(13888K)->13802K(13888K) Class: 1623K(1856K)->1623K(1856K)
[2025-12-24T17:31:26.265+0000][gc          ] GC(305) Pause Young (Normal) (G1 Evacuation Pause) 845M->239M(1024M) 17.203ms
[2025-12-24T17:31:26.265+0000][gc,cpu      ] GC(305) User=0.11s Sys=0.00s Real=0.02s
[2025-12-24T17:32:05.857+0000][gc,start    ] GC(306) Pause Young (Normal) (G1 Evacuation Pause)
[2025-12-24T17:32:05.857+0000][gc,task     ] GC(306) Using 8 workers of 8 for evacuation
[2025-12-24T17:32:05.883+0000][gc,phases   ] GC(306)   Pre Evacuate Collection Set: 1.1ms
[2025-12-24T17:32:05.883+0000][gc,phases   ] GC(306)   Merge Heap Roots: 0.4ms
[2025-12-24T17:32:05.883+0000][gc,phases   ] GC(306)   Evacuate Collection Set: 22.0ms
[2025-12-24T17:32:05.883+0000][gc,phases   ] GC(306)   Post Evacuate Collection Set: 2.0ms
[2025-12-24T17:32:05.884+0000][gc,phases   ] GC(306)   Other: 0.4ms
[2025-12-24T17:32:05.884+0000][gc,heap     ] GC(306) Eden regions: 606->0(607)
[2025-12-24T17:32:05.884+0000][gc,heap     ] GC(306) Survivor regions: 8->7(77)
[2025-12-24T17:32:05.884+0000][gc,heap     ] GC(306) Old regions: 82->82
[2025-12-24T17:32:05.884+0000][gc,heap     ] GC(306) Humongous regions: 151->151
[2025-12-24T17:32:05.884+0000][gc,metaspace] GC(306) Metaspace: 15425K(15744K)->15425K(15744K) NonClass: 13802K(13888K)->13802K(13888K) Class: 1623K(1856K)->1623K(1856K)
[2025-12-24T17:32:05.884+0000][gc          ] GC(306) Pause Young (Normal) (G1 Evacuation Pause) 845M->239M(1024M) 27.565ms
[2025-12-24T17:32:05.884+0000][gc,cpu      ] GC(306) User=0.16s Sys=0.00s Real=0.03s
[2025-12-24T17:32:36.041+0000][gc,start    ] GC(307) Pause Young (Normal) (G1 Evacuation Pause)
[2025-12-24T17:32:36.042+0000][gc,task     ] GC(307) Using 8 workers of 8 for evacuation
[2025-12-24T17:32:36.060+0000][gc,phases   ] GC(307)   Pre Evacuate Collection Set: 1.1ms
[2025-12-24T17:32:36.060+0000][gc,phases   ] GC(307)   Merge Heap Roots: 0.3ms
[2025-12-24T17:32:36.060+0000][gc,phases   ] GC(307)   Evacuate Collection Set: 13.3ms
[2025-12-24T17:32:36.060+0000][gc,phases   ] GC(307)   Post Evacuate Collection Set: 2.5ms
[2025-12-24T17:32:36.060+0000][gc,phases   ] GC(307)   Other: 0.7ms
[2025-12-24T17:32:36.061+0000][gc,heap     ] GC(307) Eden regions: 607->0(605)
[2025-12-24T17:32:36.061+0000][gc,heap     ] GC(307) Survivor regions: 7->9(77)
[2025-12-24T17:32:36.061+0000][gc,heap     ] GC(307) Old regions: 82->82
[2025-12-24T17:32:36.061+0000][gc,heap     ] GC(307) Humongous regions: 151->151
[2025-12-24T17:32:36.061+0000][gc,metaspace] GC(307) Metaspace: 15425K(15744K)->15425K(15744K) NonClass: 13802K(13888K)->13802K(13888K) Class: 1623K(1856K)->1623K(1856K)
[2025-12-24T17:32:36.061+0000][gc          ] GC(307) Pause Young (Normal) (G1 Evacuation Pause) 846M->240M(1024M) 19.902ms
[2025-12-24T17:32:36.061+0000][gc,cpu      ] GC(307) User=0.12s Sys=0.00s Real=0.02s
[2025-12-24T17:33:15.687+0000][gc,start    ] GC(308) Pause Young (Normal) (G1 Evacuation Pause)
[2025-12-24T17:33:15.689+0000][gc,task     ] GC(308) Using 8 workers of 8 for evacuation
[2025-12-24T17:33:15.705+0000][gc,phases   ] GC(308)   Pre Evacuate Collection Set: 2.8ms
[2025-12-24T17:33:15.705+0000][gc,phases   ] GC(308)   Merge Heap Roots: 0.4ms
[2025-12-24T17:33:15.705+0000][gc,phases   ] GC(308)   Evacuate Collection Set: 10.2ms
[2025-12-24T17:33:15.705+0000][gc,phases   ] GC(308)   Post Evacuate Collection Set: 2.3ms
[2025-12-24T17:33:15.705+0000][gc,phases   ] GC(308)   Other: 0.6ms
[2025-12-24T17:33:15.705+0000][gc,heap     ] GC(308) Eden regions: 605->0(606)
[2025-12-24T17:33:15.705+0000][gc,heap     ] GC(308) Survivor regions: 9->8(77)
[2025-12-24T17:33:15.706+0000][gc,heap     ] GC(308) Old regions: 82->82
[2025-12-24T17:33:15.706+0000][gc,heap     ] GC(308) Humongous regions: 151->151
[2025-12-24T17:33:15.706+0000][gc,metaspace] GC(308) Metaspace: 15425K(15744K)->15425K(15744K) NonClass: 13802K(13888K)->13802K(13888K) Class: 1623K(1856K)->1623K(1856K)
[2025-12-24T17:33:15.706+0000][gc          ] GC(308) Pause Young (Normal) (G1 Evacuation Pause) 845M->240M(1024M) 18.531ms
[2025-12-24T17:33:15.706+0000][gc,cpu      ] GC(308) User=0.09s Sys=0.01s Real=0.02s
[2025-12-24T17:33:45.939+0000][gc,start    ] GC(309) Pause Young (Normal) (G1 Evacuation Pause)
[2025-12-24T17:33:45.940+0000][gc,task     ] GC(309) Using 8 workers of 8 for evacuation
[2025-12-24T17:33:45.968+0000][gc,phases   ] GC(309)   Pre Evacuate Collection Set: 3.2ms
[2025-12-24T17:33:45.969+0000][gc,phases   ] GC(309)   Merge Heap Roots: 1.0ms
[2025-12-24T17:33:45.969+0000][gc,phases   ] GC(309)   Evacuate Collection Set: 23.1ms
[2025-12-24T17:33:45.969+0000][gc,phases   ] GC(309)   Post Evacuate Collection Set: 1.3ms
[2025-12-24T17:33:45.969+0000][gc,phases   ] GC(309)   Other: 0.4ms
[2025-12-24T17:33:45.969+0000][gc,heap     ] GC(309) Eden regions: 606->0(605)
[2025-12-24T17:33:45.969+0000][gc,heap     ] GC(309) Survivor regions: 8->9(77)
[2025-12-24T17:33:45.969+0000][gc,heap     ] GC(309) Old regions: 82->83
[2025-12-24T17:33:45.969+0000][gc,heap     ] GC(309) Humongous regions: 151->151
[2025-12-24T17:33:45.969+0000][gc,metaspace] GC(309) Metaspace: 15425K(15744K)->15425K(15744K) NonClass: 13802K(13888K)->13802K(13888K) Class: 1623K(1856K)->1623K(1856K)
[2025-12-24T17:33:45.969+0000][gc          ] GC(309) Pause Young (Normal) (G1 Evacuation Pause) 846M->242M(1024M) 29.991ms
[2025-12-24T17:33:45.969+0000][gc,cpu      ] GC(309) User=0.18s Sys=0.01s Real=0.03s
[2025-12-24T17:34:16.136+0000][gc,start    ] GC(310) Pause Young (Normal) (G1 Evacuation Pause)
[2025-12-24T17:34:16.136+0000][gc,task     ] GC(310) Using 8 workers of 8 for evacuation
[2025-12-24T17:34:16.152+0000][gc,phases   ] GC(310)   Pre Evacuate Collection Set: 1.6ms
[2025-12-24T17:34:16.152+0000][gc,phases   ] GC(310)   Merge Heap Roots: 0.6ms
[2025-12-24T17:34:16.152+0000][gc,phases   ] GC(310)   Evacuate Collection Set: 11.3ms
[2025-12-24T17:34:16.152+0000][gc,phases   ] GC(310)   Post Evacuate Collection Set: 1.4ms
[2025-12-24T17:34:16.152+0000][gc,phases   ] GC(310)   Other: 0.9ms
[2025-12-24T17:34:16.153+0000][gc,heap     ] GC(310) Eden regions: 605->0(607)
[2025-12-24T17:34:16.153+0000][gc,heap     ] GC(310) Survivor regions: 9->7(77)
[2025-12-24T17:34:16.153+0000][gc,heap     ] GC(310) Old regions: 83->83
[2025-12-24T17:34:16.153+0000][gc,heap     ] GC(310) Humongous regions: 151->151
[2025-12-24T17:34:16.153+0000][gc,metaspace] GC(310) Metaspace: 15426K(15744K)->15426K(15744K) NonClass: 13803K(13888K)->13803K(13888K) Class: 1623K(1856K)->1623K(1856K)
[2025-12-24T17:34:16.153+0000][gc          ] GC(310) Pause Young (Normal) (G1 Evacuation Pause) 847M->239M(1024M) 16.907ms
[2025-12-24T17:34:16.153+0000][gc,cpu      ] GC(310) User=0.10s Sys=0.00s Real=0.02s
[2025-12-24T17:34:58.558+0000][gc,start    ] GC(311) Pause Young (Normal) (G1 Evacuation Pause)
[2025-12-24T17:34:58.559+0000][gc,task     ] GC(311) Using 8 workers of 8 for evacuation
[2025-12-24T17:34:58.578+0000][gc,phases   ] GC(311)   Pre Evacuate Collection Set: 2.6ms
[2025-12-24T17:34:58.578+0000][gc,phases   ] GC(311)   Merge Heap Roots: 2.8ms
[2025-12-24T17:34:58.578+0000][gc,phases   ] GC(311)   Evacuate Collection Set: 10.9ms
[2025-12-24T17:34:58.578+0000][gc,phases   ] GC(311)   Post Evacuate Collection Set: 2.0ms
[2025-12-24T17:34:58.579+0000][gc,phases   ] GC(311)   Other: 0.7ms
[2025-12-24T17:34:58.580+0000][gc,heap     ] GC(311) Eden regions: 607->0(608)
[2025-12-24T17:34:58.581+0000][gc,heap     ] GC(311) Survivor regions: 7->6(77)
[2025-12-24T17:34:58.581+0000][gc,heap     ] GC(311) Old regions: 83->83
[2025-12-24T17:34:58.582+0000][gc,heap     ] GC(311) Humongous regions: 151->151
[2025-12-24T17:34:58.582+0000][gc,metaspace] GC(311) Metaspace: 15428K(15744K)->15428K(15744K) NonClass: 13804K(13888K)->13804K(13888K) Class: 1623K(1856K)->1623K(1856K)
[2025-12-24T17:34:58.582+0000][gc          ] GC(311) Pause Young (Normal) (G1 Evacuation Pause) 846M->239M(1024M) 24.081ms
[2025-12-24T17:34:58.582+0000][gc,cpu      ] GC(311) User=0.09s Sys=0.00s Real=0.02s
[2025-12-24T17:35:26.258+0000][gc,start    ] GC(312) Pause Young (Normal) (G1 Evacuation Pause)
[2025-12-24T17:35:26.258+0000][gc,task     ] GC(312) Using 8 workers of 8 for evacuation
[2025-12-24T17:35:26.276+0000][gc,phases   ] GC(312)   Pre Evacuate Collection Set: 2.1ms
[2025-12-24T17:35:26.277+0000][gc,phases   ] GC(312)   Merge Heap Roots: 1.3ms
[2025-12-24T17:35:26.277+0000][gc,phases   ] GC(312)   Evacuate Collection Set: 12.8ms
[2025-12-24T17:35:26.278+0000][gc,phases   ] GC(312)   Post Evacuate Collection Set: 1.9ms
[2025-12-24T17:35:26.279+0000][gc,phases   ] GC(312)   Other: 0.3ms
[2025-12-24T17:35:26.279+0000][gc,heap     ] GC(312) Eden regions: 608->0(606)
[2025-12-24T17:35:26.280+0000][gc,heap     ] GC(312) Survivor regions: 6->8(77)
[2025-12-24T17:35:26.280+0000][gc,heap     ] GC(312) Old regions: 83->83
[2025-12-24T17:35:26.280+0000][gc,heap     ] GC(312) Humongous regions: 151->151
[2025-12-24T17:35:26.280+0000][gc,metaspace] GC(312) Metaspace: 15428K(15744K)->15428K(15744K) NonClass: 13805K(13888K)->13805K(13888K) Class: 1623K(1856K)->1623K(1856K)
[2025-12-24T17:35:26.280+0000][gc          ] GC(312) Pause Young (Normal) (G1 Evacuation Pause) 847M->240M(1024M) 22.435ms
[2025-12-24T17:35:26.280+0000][gc,cpu      ] GC(312) User=0.12s Sys=0.01s Real=0.02s
[2025-12-24T17:36:05.467+0000][gc,start    ] GC(313) Pause Young (Normal) (G1 Evacuation Pause)
[2025-12-24T17:36:05.468+0000][gc,task     ] GC(313) Using 8 workers of 8 for evacuation
[2025-12-24T17:36:05.492+0000][gc,phases   ] GC(313)   Pre Evacuate Collection Set: 1.1ms
[2025-12-24T17:36:05.492+0000][gc,phases   ] GC(313)   Merge Heap Roots: 0.3ms
[2025-12-24T17:36:05.492+0000][gc,phases   ] GC(313)   Evacuate Collection Set: 21.1ms
[2025-12-24T17:36:05.492+0000][gc,phases   ] GC(313)   Post Evacuate Collection Set: 1.2ms
[2025-12-24T17:36:05.492+0000][gc,phases   ] GC(313)   Other: 0.3ms
[2025-12-24T17:36:05.492+0000][gc,heap     ] GC(313) Eden regions: 606->0(607)
[2025-12-24T17:36:05.492+0000][gc,heap     ] GC(313) Survivor regions: 8->7(77)
[2025-12-24T17:36:05.493+0000][gc,heap     ] GC(313) Old regions: 83->83
[2025-12-24T17:36:05.493+0000][gc,heap     ] GC(313) Humongous regions: 151->151
[2025-12-24T17:36:05.493+0000][gc,metaspace] GC(313) Metaspace: 15428K(15744K)->15428K(15744K) NonClass: 13805K(13888K)->13805K(13888K) Class: 1623K(1856K)->1623K(1856K)
[2025-12-24T17:36:05.493+0000][gc          ] GC(313) Pause Young (Normal) (G1 Evacuation Pause) 846M->240M(1024M) 25.250ms
[2025-12-24T17:36:05.493+0000][gc,cpu      ] GC(313) User=0.16s Sys=0.00s Real=0.03s
[2025-12-24T17:36:36.011+0000][gc,start    ] GC(314) Pause Young (Normal) (G1 Evacuation Pause)
[2025-12-24T17:36:36.011+0000][gc,task     ] GC(314) Using 8 workers of 8 for evacuation
[2025-12-24T17:36:36.024+0000][gc,phases   ] GC(314)   Pre Evacuate Collection Set: 1.1ms
[2025-12-24T17:36:36.024+0000][gc,phases   ] GC(314)   Merge Heap Roots: 0.3ms
[2025-12-24T17:36:36.024+0000][gc,phases   ] GC(314)   Evacuate Collection Set: 9.4ms
[2025-12-24T17:36:36.024+0000][gc,phases   ] GC(314)   Post Evacuate Collection Set: 1.2ms
[2025-12-24T17:36:36.024+0000][gc,phases   ] GC(314)   Other: 0.3ms
[2025-12-24T17:36:36.024+0000][gc,heap     ] GC(314) Eden regions: 607->0(606)
[2025-12-24T17:36:36.024+0000][gc,heap     ] GC(314) Survivor regions: 7->8(77)
[2025-12-24T17:36:36.024+0000][gc,heap     ] GC(314) Old regions: 83->84
[2025-12-24T17:36:36.024+0000][gc,heap     ] GC(314) Humongous regions: 151->151
[2025-12-24T17:36:36.024+0000][gc,metaspace] GC(314) Metaspace: 15428K(15744K)->15428K(15744K) NonClass: 13805K(13888K)->13805K(13888K) Class: 1623K(1856K)->1623K(1856K)
[2025-12-24T17:36:36.024+0000][gc          ] GC(314) Pause Young (Normal) (G1 Evacuation Pause) 847M->242M(1024M) 13.426ms
[2025-12-24T17:36:36.024+0000][gc,cpu      ] GC(314) User=0.07s Sys=0.00s Real=0.02s
[2025-12-24T17:37:15.657+0000][gc,start    ] GC(315) Pause Young (Normal) (G1 Evacuation Pause)
[2025-12-24T17:37:15.658+0000][gc,task     ] GC(315) Using 8 workers of 8 for evacuation
[2025-12-24T17:37:15.688+0000][gc,phases   ] GC(315)   Pre Evacuate Collection Set: 4.7ms
[2025-12-24T17:37:15.689+0000][gc,phases   ] GC(315)   Merge Heap Roots: 0.9ms
[2025-12-24T17:37:15.689+0000][gc,phases   ] GC(315)   Evacuate Collection Set: 22.1ms
[2025-12-24T17:37:15.689+0000][gc,phases   ] GC(315)   Post Evacuate Collection Set: 1.6ms
[2025-12-24T17:37:15.689+0000][gc,phases   ] GC(315)   Other: 0.9ms
[2025-12-24T17:37:15.689+0000][gc,heap     ] GC(315) Eden regions: 606->0(606)
[2025-12-24T17:37:15.689+0000][gc,heap     ] GC(315) Survivor regions: 8->8(77)
[2025-12-24T17:37:15.689+0000][gc,heap     ] GC(315) Old regions: 84->84
[2025-12-24T17:37:15.689+0000][gc,heap     ] GC(315) Humongous regions: 151->151
[2025-12-24T17:37:15.689+0000][gc,metaspace] GC(315) Metaspace: 15428K(15744K)->15428K(15744K) NonClass: 13805K(13888K)->13805K(13888K) Class: 1623K(1856K)->1623K(1856K)
[2025-12-24T17:37:15.689+0000][gc          ] GC(315) Pause Young (Normal) (G1 Evacuation Pause) 848M->241M(1024M) 32.414ms
[2025-12-24T17:37:15.689+0000][gc,cpu      ] GC(315) User=0.17s Sys=0.02s Real=0.04s
[2025-12-24T17:37:45.933+0000][gc,start    ] GC(316) Pause Young (Normal) (G1 Evacuation Pause)
[2025-12-24T17:37:45.934+0000][gc,task     ] GC(316) Using 8 workers of 8 for evacuation
[2025-12-24T17:37:45.953+0000][gc,phases   ] GC(316)   Pre Evacuate Collection Set: 1.5ms
[2025-12-24T17:37:45.953+0000][gc,phases   ] GC(316)   Merge Heap Roots: 0.5ms
[2025-12-24T17:37:45.953+0000][gc,phases   ] GC(316)   Evacuate Collection Set: 12.9ms
[2025-12-24T17:37:45.953+0000][gc,phases   ] GC(316)   Post Evacuate Collection Set: 1.6ms
[2025-12-24T17:37:45.953+0000][gc,phases   ] GC(316)   Other: 2.6ms
[2025-12-24T17:37:45.954+0000][gc,heap     ] GC(316) Eden regions: 606->0(604)
[2025-12-24T17:37:45.954+0000][gc,heap     ] GC(316) Survivor regions: 8->10(77)
[2025-12-24T17:37:45.954+0000][gc,heap     ] GC(316) Old regions: 84->84
[2025-12-24T17:37:45.954+0000][gc,heap     ] GC(316) Humongous regions: 151->151
[2025-12-24T17:37:45.954+0000][gc,metaspace] GC(316) Metaspace: 15428K(15744K)->15428K(15744K) NonClass: 13805K(13888K)->13805K(13888K) Class: 1623K(1856K)->1623K(1856K)
[2025-12-24T17:37:45.955+0000][gc          ] GC(316) Pause Young (Normal) (G1 Evacuation Pause) 847M->243M(1024M) 21.446ms
[2025-12-24T17:37:45.955+0000][gc,cpu      ] GC(316) User=0.10s Sys=0.00s Real=0.02s
[2025-12-24T17:38:16.159+0000][gc,start    ] GC(317) Pause Young (Normal) (G1 Evacuation Pause)
[2025-12-24T17:38:16.160+0000][gc,task     ] GC(317) Using 8 workers of 8 for evacuation
[2025-12-24T17:38:16.177+0000][gc,phases   ] GC(317)   Pre Evacuate Collection Set: 1.1ms
[2025-12-24T17:38:16.177+0000][gc,phases   ] GC(317)   Merge Heap Roots: 0.3ms
[2025-12-24T17:38:16.177+0000][gc,phases   ] GC(317)   Evacuate Collection Set: 14.3ms
[2025-12-24T17:38:16.177+0000][gc,phases   ] GC(317)   Post Evacuate Collection Set: 1.2ms
[2025-12-24T17:38:16.177+0000][gc,phases   ] GC(317)   Other: 0.3ms
[2025-12-24T17:38:16.177+0000][gc,heap     ] GC(317) Eden regions: 604->0(603)
[2025-12-24T17:38:16.177+0000][gc,heap     ] GC(317) Survivor regions: 10->11(77)
[2025-12-24T17:38:16.177+0000][gc,heap     ] GC(317) Old regions: 84->84
[2025-12-24T17:38:16.177+0000][gc,heap     ] GC(317) Humongous regions: 151->151
[2025-12-24T17:38:16.177+0000][gc,metaspace] GC(317) Metaspace: 15428K(15744K)->15428K(15744K) NonClass: 13805K(13888K)->13805K(13888K) Class: 1623K(1856K)->1623K(1856K)
[2025-12-24T17:38:16.177+0000][gc          ] GC(317) Pause Young (Normal) (G1 Evacuation Pause) 847M->245M(1024M) 18.341ms
[2025-12-24T17:38:16.178+0000][gc,cpu      ] GC(317) User=0.11s Sys=0.00s Real=0.02s
[2025-12-24T17:38:55.815+0000][gc,start    ] GC(318) Pause Young (Normal) (G1 Evacuation Pause)
[2025-12-24T17:38:55.817+0000][gc,task     ] GC(318) Using 8 workers of 8 for evacuation
[2025-12-24T17:38:55.840+0000][gc,phases   ] GC(318)   Pre Evacuate Collection Set: 1.4ms
[2025-12-24T17:38:55.840+0000][gc,phases   ] GC(318)   Merge Heap Roots: 0.3ms
[2025-12-24T17:38:55.840+0000][gc,phases   ] GC(318)   Evacuate Collection Set: 11.9ms
[2025-12-24T17:38:55.840+0000][gc,phases   ] GC(318)   Post Evacuate Collection Set: 8.2ms
[2025-12-24T17:38:55.840+0000][gc,phases   ] GC(318)   Other: 0.5ms
[2025-12-24T17:38:55.840+0000][gc,heap     ] GC(318) Eden regions: 603->0(606)
[2025-12-24T17:38:55.840+0000][gc,heap     ] GC(318) Survivor regions: 11->8(77)
[2025-12-24T17:38:55.840+0000][gc,heap     ] GC(318) Old regions: 84->85
[2025-12-24T17:38:55.840+0000][gc,heap     ] GC(318) Humongous regions: 151->151
[2025-12-24T17:38:55.841+0000][gc,metaspace] GC(318) Metaspace: 15428K(15744K)->15428K(15744K) NonClass: 13805K(13888K)->13805K(13888K) Class: 1623K(1856K)->1623K(1856K)
[2025-12-24T17:38:55.841+0000][gc          ] GC(318) Pause Young (Normal) (G1 Evacuation Pause) 848M->242M(1024M) 25.474ms
[2025-12-24T17:38:55.841+0000][gc,cpu      ] GC(318) User=0.08s Sys=0.04s Real=0.02s
[2025-12-24T17:39:26.039+0000][gc,start    ] GC(319) Pause Young (Normal) (G1 Evacuation Pause)
[2025-12-24T17:39:26.040+0000][gc,task     ] GC(319) Using 8 workers of 8 for evacuation
[2025-12-24T17:39:26.063+0000][gc,phases   ] GC(319)   Pre Evacuate Collection Set: 2.3ms
[2025-12-24T17:39:26.063+0000][gc,phases   ] GC(319)   Merge Heap Roots: 1.1ms
[2025-12-24T17:39:26.063+0000][gc,phases   ] GC(319)   Evacuate Collection Set: 18.1ms
[2025-12-24T17:39:26.063+0000][gc,phases   ] GC(319)   Post Evacuate Collection Set: 1.2ms
[2025-12-24T17:39:26.063+0000][gc,phases   ] GC(319)   Other: 0.7ms
[2025-12-24T17:39:26.063+0000][gc,heap     ] GC(319) Eden regions: 606->0(605)
[2025-12-24T17:39:26.063+0000][gc,heap     ] GC(319) Survivor regions: 8->9(77)
[2025-12-24T17:39:26.063+0000][gc,heap     ] GC(319) Old regions: 85->85
[2025-12-24T17:39:26.064+0000][gc,heap     ] GC(319) Humongous regions: 151->151
[2025-12-24T17:39:26.064+0000][gc,metaspace] GC(319) Metaspace: 15445K(15872K)->15445K(15872K) NonClass: 13818K(13952K)->13818K(13952K) Class: 1626K(1920K)->1626K(1920K)
[2025-12-24T17:39:26.064+0000][gc          ] GC(319) Pause Young (Normal) (G1 Evacuation Pause) 848M->243M(1024M) 24.630ms
[2025-12-24T17:39:26.064+0000][gc,cpu      ] GC(319) User=0.13s Sys=0.00s Real=0.03s
[2025-12-24T17:40:05.699+0000][gc,start    ] GC(320) Pause Young (Normal) (G1 Evacuation Pause)
[2025-12-24T17:40:05.701+0000][gc,task     ] GC(320) Using 8 workers of 8 for evacuation
[2025-12-24T17:40:05.716+0000][gc,phases   ] GC(320)   Pre Evacuate Collection Set: 1.6ms
[2025-12-24T17:40:05.716+0000][gc,phases   ] GC(320)   Merge Heap Roots: 0.4ms
[2025-12-24T17:40:05.716+0000][gc,phases   ] GC(320)   Evacuate Collection Set: 11.2ms
[2025-12-24T17:40:05.716+0000][gc,phases   ] GC(320)   Post Evacuate Collection Set: 1.4ms
[2025-12-24T17:40:05.716+0000][gc,phases   ] GC(320)   Other: 0.3ms
[2025-12-24T17:40:05.716+0000][gc,heap     ] GC(320) Eden regions: 605->0(606)
[2025-12-24T17:40:05.716+0000][gc,heap     ] GC(320) Survivor regions: 9->8(77)
[2025-12-24T17:40:05.716+0000][gc,heap     ] GC(320) Old regions: 85->85
[2025-12-24T17:40:05.716+0000][gc,heap     ] GC(320) Humongous regions: 151->151
[2025-12-24T17:40:05.716+0000][gc,metaspace] GC(320) Metaspace: 15445K(15872K)->15445K(15872K) NonClass: 13818K(13952K)->13818K(13952K) Class: 1626K(1920K)->1626K(1920K)
[2025-12-24T17:40:05.716+0000][gc          ] GC(320) Pause Young (Normal) (G1 Evacuation Pause) 848M->242M(1024M) 17.245ms
[2025-12-24T17:40:05.716+0000][gc,cpu      ] GC(320) User=0.09s Sys=0.01s Real=0.02s
[2025-12-24T17:40:35.949+0000][gc,start    ] GC(321) Pause Young (Normal) (G1 Evacuation Pause)
[2025-12-24T17:40:35.949+0000][gc,task     ] GC(321) Using 8 workers of 8 for evacuation
[2025-12-24T17:40:35.969+0000][gc,phases   ] GC(321)   Pre Evacuate Collection Set: 1.0ms
[2025-12-24T17:40:35.969+0000][gc,phases   ] GC(321)   Merge Heap Roots: 0.2ms
[2025-12-24T17:40:35.969+0000][gc,phases   ] GC(321)   Evacuate Collection Set: 17.1ms
[2025-12-24T17:40:35.969+0000][gc,phases   ] GC(321)   Post Evacuate Collection Set: 1.0ms
[2025-12-24T17:40:35.969+0000][gc,phases   ] GC(321)   Other: 0.4ms
[2025-12-24T17:40:35.969+0000][gc,heap     ] GC(321) Eden regions: 606->0(605)
[2025-12-24T17:40:35.969+0000][gc,heap     ] GC(321) Survivor regions: 8->9(77)
[2025-12-24T17:40:35.969+0000][gc,heap     ] GC(321) Old regions: 85->85
[2025-12-24T17:40:35.969+0000][gc,heap     ] GC(321) Humongous regions: 151->151
[2025-12-24T17:40:35.969+0000][gc,metaspace] GC(321) Metaspace: 15449K(15936K)->15449K(15936K) NonClass: 13822K(14016K)->13822K(14016K) Class: 1626K(1920K)->1626K(1920K)
[2025-12-24T17:40:35.970+0000][gc          ] GC(321) Pause Young (Normal) (G1 Evacuation Pause) 848M->244M(1024M) 20.990ms
[2025-12-24T17:40:35.970+0000][gc,cpu      ] GC(321) User=0.15s Sys=0.00s Real=0.03s
[2025-12-24T17:41:06.266+0000][gc,start    ] GC(322) Pause Young (Normal) (G1 Evacuation Pause)
[2025-12-24T17:41:06.268+0000][gc,task     ] GC(322) Using 8 workers of 8 for evacuation
[2025-12-24T17:41:06.306+0000][gc,phases   ] GC(322)   Pre Evacuate Collection Set: 5.2ms
[2025-12-24T17:41:06.306+0000][gc,phases   ] GC(322)   Merge Heap Roots: 2.4ms
[2025-12-24T17:41:06.306+0000][gc,phases   ] GC(322)   Evacuate Collection Set: 26.1ms
[2025-12-24T17:41:06.306+0000][gc,phases   ] GC(322)   Post Evacuate Collection Set: 2.3ms
[2025-12-24T17:41:06.306+0000][gc,phases   ] GC(322)   Other: 1.4ms
[2025-12-24T17:41:06.307+0000][gc,heap     ] GC(322) Eden regions: 605->0(603)
[2025-12-24T17:41:06.307+0000][gc,heap     ] GC(322) Survivor regions: 9->11(77)
[2025-12-24T17:41:06.307+0000][gc,heap     ] GC(322) Old regions: 85->86
[2025-12-24T17:41:06.307+0000][gc,heap     ] GC(322) Humongous regions: 151->151
[2025-12-24T17:41:06.307+0000][gc,metaspace] GC(322) Metaspace: 15449K(15936K)->15449K(15936K) NonClass: 13822K(14016K)->13822K(14016K) Class: 1626K(1920K)->1626K(1920K)
[2025-12-24T17:41:06.308+0000][gc          ] GC(322) Pause Young (Normal) (G1 Evacuation Pause) 849M->246M(1024M) 42.036ms
[2025-12-24T17:41:06.308+0000][gc,cpu      ] GC(322) User=0.23s Sys=0.00s Real=0.05s
[2025-12-24T17:41:45.850+0000][gc,start    ] GC(323) Pause Young (Normal) (G1 Evacuation Pause)
[2025-12-24T17:41:45.851+0000][gc,task     ] GC(323) Using 8 workers of 8 for evacuation
[2025-12-24T17:41:45.875+0000][gc,phases   ] GC(323)   Pre Evacuate Collection Set: 4.6ms
[2025-12-24T17:41:45.875+0000][gc,phases   ] GC(323)   Merge Heap Roots: 0.5ms
[2025-12-24T17:41:45.875+0000][gc,phases   ] GC(323)   Evacuate Collection Set: 16.1ms
[2025-12-24T17:41:45.875+0000][gc,phases   ] GC(323)   Post Evacuate Collection Set: 2.0ms
[2025-12-24T17:41:45.875+0000][gc,phases   ] GC(323)   Other: 1.0ms
[2025-12-24T17:41:45.875+0000][gc,heap     ] GC(323) Eden regions: 603->0(605)
[2025-12-24T17:41:45.875+0000][gc,heap     ] GC(323) Survivor regions: 11->9(77)
[2025-12-24T17:41:45.876+0000][gc,heap     ] GC(323) Old regions: 86->86
[2025-12-24T17:41:45.876+0000][gc,heap     ] GC(323) Humongous regions: 151->151
[2025-12-24T17:41:45.876+0000][gc,metaspace] GC(323) Metaspace: 15450K(15936K)->15450K(15936K) NonClass: 13823K(14016K)->13823K(14016K) Class: 1626K(1920K)->1626K(1920K)
[2025-12-24T17:41:45.876+0000][gc          ] GC(323) Pause Young (Normal) (G1 Evacuation Pause) 849M->245M(1024M) 26.061ms
[2025-12-24T17:41:45.876+0000][gc,cpu      ] GC(323) User=0.15s Sys=0.00s Real=0.03s
[2025-12-24T17:42:16.075+0000][gc,start    ] GC(324) Pause Young (Normal) (G1 Evacuation Pause)
[2025-12-24T17:42:16.076+0000][gc,task     ] GC(324) Using 8 workers of 8 for evacuation
[2025-12-24T17:42:16.093+0000][gc,phases   ] GC(324)   Pre Evacuate Collection Set: 1.0ms
[2025-12-24T17:42:16.093+0000][gc,phases   ] GC(324)   Merge Heap Roots: 0.3ms
[2025-12-24T17:42:16.093+0000][gc,phases   ] GC(324)   Evacuate Collection Set: 12.8ms
[2025-12-24T17:42:16.093+0000][gc,phases   ] GC(324)   Post Evacuate Collection Set: 2.4ms
[2025-12-24T17:42:16.093+0000][gc,phases   ] GC(324)   Other: 0.6ms
[2025-12-24T17:42:16.094+0000][gc,heap     ] GC(324) Eden regions: 605->0(603)
[2025-12-24T17:42:16.094+0000][gc,heap     ] GC(324) Survivor regions: 9->11(77)
[2025-12-24T17:42:16.094+0000][gc,heap     ] GC(324) Old regions: 86->86
[2025-12-24T17:42:16.094+0000][gc,heap     ] GC(324) Humongous regions: 151->151
[2025-12-24T17:42:16.094+0000][gc,metaspace] GC(324) Metaspace: 15453K(15936K)->15453K(15936K) NonClass: 13826K(14016K)->13826K(14016K) Class: 1626K(1920K)->1626K(1920K)
[2025-12-24T17:42:16.094+0000][gc          ] GC(324) Pause Young (Normal) (G1 Evacuation Pause) 850M->246M(1024M) 19.293ms
[2025-12-24T17:42:16.094+0000][gc,cpu      ] GC(324) User=0.11s Sys=0.00s Real=0.02s
[2025-12-24T17:42:55.758+0000][gc,start    ] GC(325) Pause Young (Normal) (G1 Evacuation Pause)
[2025-12-24T17:42:55.758+0000][gc,task     ] GC(325) Using 8 workers of 8 for evacuation
[2025-12-24T17:42:55.780+0000][gc,phases   ] GC(325)   Pre Evacuate Collection Set: 6.1ms
[2025-12-24T17:42:55.780+0000][gc,phases   ] GC(325)   Merge Heap Roots: 0.8ms
[2025-12-24T17:42:55.780+0000][gc,phases   ] GC(325)   Evacuate Collection Set: 12.8ms
[2025-12-24T17:42:55.780+0000][gc,phases   ] GC(325)   Post Evacuate Collection Set: 1.3ms
[2025-12-24T17:42:55.780+0000][gc,phases   ] GC(325)   Other: 0.5ms
[2025-12-24T17:42:55.780+0000][gc,heap     ] GC(325) Eden regions: 603->0(608)
[2025-12-24T17:42:55.780+0000][gc,heap     ] GC(325) Survivor regions: 11->6(77)
[2025-12-24T17:42:55.780+0000][gc,heap     ] GC(325) Old regions: 86->86
[2025-12-24T17:42:55.780+0000][gc,heap     ] GC(325) Humongous regions: 151->151
[2025-12-24T17:42:55.781+0000][gc,metaspace] GC(325) Metaspace: 15453K(15936K)->15453K(15936K) NonClass: 13826K(14016K)->13826K(14016K) Class: 1626K(1920K)->1626K(1920K)
[2025-12-24T17:42:55.781+0000][gc          ] GC(325) Pause Young (Normal) (G1 Evacuation Pause) 849M->241M(1024M) 22.866ms
[2025-12-24T17:42:55.781+0000][gc,cpu      ] GC(325) User=0.12s Sys=0.01s Real=0.02s
[2025-12-24T17:43:26.022+0000][gc,start    ] GC(326) Pause Young (Normal) (G1 Evacuation Pause)
[2025-12-24T17:43:26.022+0000][gc,task     ] GC(326) Using 8 workers of 8 for evacuation
[2025-12-24T17:43:26.036+0000][gc,phases   ] GC(326)   Pre Evacuate Collection Set: 1.6ms
[2025-12-24T17:43:26.036+0000][gc,phases   ] GC(326)   Merge Heap Roots: 0.3ms
[2025-12-24T17:43:26.036+0000][gc,phases   ] GC(326)   Evacuate Collection Set: 10.0ms
[2025-12-24T17:43:26.036+0000][gc,phases   ] GC(326)   Post Evacuate Collection Set: 1.1ms
[2025-12-24T17:43:26.036+0000][gc,phases   ] GC(326)   Other: 0.4ms
[2025-12-24T17:43:26.036+0000][gc,heap     ] GC(326) Eden regions: 608->0(608)
[2025-12-24T17:43:26.036+0000][gc,heap     ] GC(326) Survivor regions: 6->6(77)
[2025-12-24T17:43:26.036+0000][gc,heap     ] GC(326) Old regions: 86->87
[2025-12-24T17:43:26.036+0000][gc,heap     ] GC(326) Humongous regions: 151->151
[2025-12-24T17:43:26.036+0000][gc,metaspace] GC(326) Metaspace: 15453K(15936K)->15453K(15936K) NonClass: 13826K(14016K)->13826K(14016K) Class: 1626K(1920K)->1626K(1920K)
[2025-12-24T17:43:26.036+0000][gc          ] GC(326) Pause Young (Normal) (G1 Evacuation Pause) 849M->243M(1024M) 14.670ms
[2025-12-24T17:43:26.036+0000][gc,cpu      ] GC(326) User=0.08s Sys=0.00s Real=0.01s
[2025-12-24T17:44:05.620+0000][gc,start    ] GC(327) Pause Young (Normal) (G1 Evacuation Pause)
[2025-12-24T17:44:05.621+0000][gc,task     ] GC(327) Using 8 workers of 8 for evacuation
[2025-12-24T17:44:05.645+0000][gc,phases   ] GC(327)   Pre Evacuate Collection Set: 2.1ms
[2025-12-24T17:44:05.646+0000][gc,phases   ] GC(327)   Merge Heap Roots: 0.5ms
[2025-12-24T17:44:05.646+0000][gc,phases   ] GC(327)   Evacuate Collection Set: 19.9ms
[2025-12-24T17:44:05.646+0000][gc,phases   ] GC(327)   Post Evacuate Collection Set: 1.4ms
[2025-12-24T17:44:05.646+0000][gc,phases   ] GC(327)   Other: 0.5ms
[2025-12-24T17:44:05.646+0000][gc,heap     ] GC(327) Eden regions: 608->0(608)
[2025-12-24T17:44:05.646+0000][gc,heap     ] GC(327) Survivor regions: 6->6(77)
[2025-12-24T17:44:05.646+0000][gc,heap     ] GC(327) Old regions: 87->87
[2025-12-24T17:44:05.646+0000][gc,heap     ] GC(327) Humongous regions: 151->151
[2025-12-24T17:44:05.646+0000][gc,metaspace] GC(327) Metaspace: 15453K(15936K)->15453K(15936K) NonClass: 13826K(14016K)->13826K(14016K) Class: 1626K(1920K)->1626K(1920K)
[2025-12-24T17:44:05.646+0000][gc          ] GC(327) Pause Young (Normal) (G1 Evacuation Pause) 851M->242M(1024M) 26.043ms
[2025-12-24T17:44:05.646+0000][gc,cpu      ] GC(327) User=0.16s Sys=0.01s Real=0.02s
[2025-12-24T17:44:35.948+0000][gc,start    ] GC(328) Pause Young (Normal) (G1 Evacuation Pause)
[2025-12-24T17:44:35.950+0000][gc,task     ] GC(328) Using 8 workers of 8 for evacuation
[2025-12-24T17:44:35.970+0000][gc,phases   ] GC(328)   Pre Evacuate Collection Set: 4.6ms
[2025-12-24T17:44:35.970+0000][gc,phases   ] GC(328)   Merge Heap Roots: 1.1ms
[2025-12-24T17:44:35.970+0000][gc,phases   ] GC(328)   Evacuate Collection Set: 11.3ms
[2025-12-24T17:44:35.970+0000][gc,phases   ] GC(328)   Post Evacuate Collection Set: 1.5ms
[2025-12-24T17:44:35.970+0000][gc,phases   ] GC(328)   Other: 1.4ms
[2025-12-24T17:44:35.970+0000][gc,heap     ] GC(328) Eden regions: 608->0(607)
[2025-12-24T17:44:35.970+0000][gc,heap     ] GC(328) Survivor regions: 6->7(77)
[2025-12-24T17:44:35.970+0000][gc,heap     ] GC(328) Old regions: 87->87
[2025-12-24T17:44:35.970+0000][gc,heap     ] GC(328) Humongous regions: 151->151
[2025-12-24T17:44:35.970+0000][gc,metaspace] GC(328) Metaspace: 15454K(15936K)->15454K(15936K) NonClass: 13827K(14016K)->13827K(14016K) Class: 1626K(1920K)->1626K(1920K)
[2025-12-24T17:44:35.971+0000][gc          ] GC(328) Pause Young (Normal) (G1 Evacuation Pause) 850M->244M(1024M) 22.269ms
[2025-12-24T17:44:35.971+0000][gc,cpu      ] GC(328) User=0.10s Sys=0.00s Real=0.02s
[2025-12-24T17:45:06.170+0000][gc,start    ] GC(329) Pause Young (Normal) (G1 Evacuation Pause)
[2025-12-24T17:45:06.171+0000][gc,task     ] GC(329) Using 8 workers of 8 for evacuation
[2025-12-24T17:45:06.183+0000][gc,phases   ] GC(329)   Pre Evacuate Collection Set: 1.1ms
[2025-12-24T17:45:06.183+0000][gc,phases   ] GC(329)   Merge Heap Roots: 0.4ms
[2025-12-24T17:45:06.183+0000][gc,phases   ] GC(329)   Evacuate Collection Set: 9.1ms
[2025-12-24T17:45:06.183+0000][gc,phases   ] GC(329)   Post Evacuate Collection Set: 1.2ms
[2025-12-24T17:45:06.183+0000][gc,phases   ] GC(329)   Other: 0.3ms
[2025-12-24T17:45:06.183+0000][gc,heap     ] GC(329) Eden regions: 607->0(606)
[2025-12-24T17:45:06.183+0000][gc,heap     ] GC(329) Survivor regions: 7->8(77)
[2025-12-24T17:45:06.183+0000][gc,heap     ] GC(329) Old regions: 87->87
[2025-12-24T17:45:06.183+0000][gc,heap     ] GC(329) Humongous regions: 151->151
[2025-12-24T17:45:06.183+0000][gc,metaspace] GC(329) Metaspace: 15455K(15936K)->15455K(15936K) NonClass: 13828K(14016K)->13828K(14016K) Class: 1626K(1920K)->1626K(1920K)
[2025-12-24T17:45:06.184+0000][gc          ] GC(329) Pause Young (Normal) (G1 Evacuation Pause) 851M->245M(1024M) 13.491ms
[2025-12-24T17:45:06.184+0000][gc,cpu      ] GC(329) User=0.07s Sys=0.00s Real=0.01s
[2025-12-24T17:45:45.811+0000][gc,start    ] GC(330) Pause Young (Normal) (G1 Evacuation Pause)
[2025-12-24T17:45:45.812+0000][gc,task     ] GC(330) Using 8 workers of 8 for evacuation
[2025-12-24T17:45:45.830+0000][gc,phases   ] GC(330)   Pre Evacuate Collection Set: 1.1ms
[2025-12-24T17:45:45.830+0000][gc,phases   ] GC(330)   Merge Heap Roots: 0.2ms
[2025-12-24T17:45:45.830+0000][gc,phases   ] GC(330)   Evacuate Collection Set: 15.5ms
[2025-12-24T17:45:45.830+0000][gc,phases   ] GC(330)   Post Evacuate Collection Set: 1.1ms
[2025-12-24T17:45:45.830+0000][gc,phases   ] GC(330)   Other: 0.2ms
[2025-12-24T17:45:45.830+0000][gc,heap     ] GC(330) Eden regions: 606->0(606)
[2025-12-24T17:45:45.830+0000][gc,heap     ] GC(330) Survivor regions: 8->8(77)
[2025-12-24T17:45:45.830+0000][gc,heap     ] GC(330) Old regions: 87->88
[2025-12-24T17:45:45.830+0000][gc,heap     ] GC(330) Humongous regions: 151->151
[2025-12-24T17:45:45.830+0000][gc,metaspace] GC(330) Metaspace: 15455K(15936K)->15455K(15936K) NonClass: 13828K(14016K)->13828K(14016K) Class: 1626K(1920K)->1626K(1920K)
[2025-12-24T17:45:45.831+0000][gc          ] GC(330) Pause Young (Normal) (G1 Evacuation Pause) 851M->245M(1024M) 19.396ms
[2025-12-24T17:45:45.831+0000][gc,cpu      ] GC(330) User=0.12s Sys=0.00s Real=0.02s
[2025-12-24T17:46:16.068+0000][gc,start    ] GC(331) Pause Young (Normal) (G1 Evacuation Pause)
[2025-12-24T17:46:16.069+0000][gc,task     ] GC(331) Using 8 workers of 8 for evacuation
[2025-12-24T17:46:16.087+0000][gc,phases   ] GC(331)   Pre Evacuate Collection Set: 0.9ms
[2025-12-24T17:46:16.087+0000][gc,phases   ] GC(331)   Merge Heap Roots: 0.3ms
[2025-12-24T17:46:16.087+0000][gc,phases   ] GC(331)   Evacuate Collection Set: 15.3ms
[2025-12-24T17:46:16.087+0000][gc,phases   ] GC(331)   Post Evacuate Collection Set: 1.1ms
[2025-12-24T17:46:16.087+0000][gc,phases   ] GC(331)   Other: 0.2ms
[2025-12-24T17:46:16.087+0000][gc,heap     ] GC(331) Eden regions: 606->0(605)
[2025-12-24T17:46:16.087+0000][gc,heap     ] GC(331) Survivor regions: 8->9(77)
[2025-12-24T17:46:16.087+0000][gc,heap     ] GC(331) Old regions: 88->88
[2025-12-24T17:46:16.087+0000][gc,heap     ] GC(331) Humongous regions: 151->151
[2025-12-24T17:46:16.087+0000][gc,metaspace] GC(331) Metaspace: 15455K(15936K)->15455K(15936K) NonClass: 13828K(14016K)->13828K(14016K) Class: 1626K(1920K)->1626K(1920K)
[2025-12-24T17:46:16.087+0000][gc          ] GC(331) Pause Young (Normal) (G1 Evacuation Pause) 851M->247M(1024M) 18.991ms
[2025-12-24T17:46:16.087+0000][gc,cpu      ] GC(331) User=0.13s Sys=0.00s Real=0.02s
[2025-12-24T17:46:55.727+0000][gc,start    ] GC(332) Pause Young (Normal) (G1 Evacuation Pause)
[2025-12-24T17:46:55.727+0000][gc,task     ] GC(332) Using 8 workers of 8 for evacuation
[2025-12-24T17:46:55.737+0000][gc,phases   ] GC(332)   Pre Evacuate Collection Set: 1.2ms
[2025-12-24T17:46:55.737+0000][gc,phases   ] GC(332)   Merge Heap Roots: 0.3ms
[2025-12-24T17:46:55.737+0000][gc,phases   ] GC(332)   Evacuate Collection Set: 5.6ms
[2025-12-24T17:46:55.737+0000][gc,phases   ] GC(332)   Post Evacuate Collection Set: 2.1ms
[2025-12-24T17:46:55.737+0000][gc,phases   ] GC(332)   Other: 0.6ms
[2025-12-24T17:46:55.738+0000][gc,heap     ] GC(332) Eden regions: 605->0(610)
[2025-12-24T17:46:55.738+0000][gc,heap     ] GC(332) Survivor regions: 9->4(77)
[2025-12-24T17:46:55.738+0000][gc,heap     ] GC(332) Old regions: 88->88
[2025-12-24T17:46:55.738+0000][gc,heap     ] GC(332) Humongous regions: 151->151
[2025-12-24T17:46:55.738+0000][gc,metaspace] GC(332) Metaspace: 15455K(15936K)->15455K(15936K) NonClass: 13828K(14016K)->13828K(14016K) Class: 1626K(1920K)->1626K(1920K)
[2025-12-24T17:46:55.738+0000][gc          ] GC(332) Pause Young (Normal) (G1 Evacuation Pause) 852M->241M(1024M) 11.419ms
[2025-12-24T17:46:55.738+0000][gc,cpu      ] GC(332) User=0.05s Sys=0.00s Real=0.01s
[2025-12-24T17:47:25.932+0000][gc,start    ] GC(333) Pause Young (Normal) (G1 Evacuation Pause)
[2025-12-24T17:47:25.933+0000][gc,task     ] GC(333) Using 8 workers of 8 for evacuation
[2025-12-24T17:47:25.950+0000][gc,phases   ] GC(333)   Pre Evacuate Collection Set: 0.9ms
[2025-12-24T17:47:25.950+0000][gc,phases   ] GC(333)   Merge Heap Roots: 0.3ms
[2025-12-24T17:47:25.950+0000][gc,phases   ] GC(333)   Evacuate Collection Set: 14.5ms
[2025-12-24T17:47:25.950+0000][gc,phases   ] GC(333)   Post Evacuate Collection Set: 1.2ms
[2025-12-24T17:47:25.950+0000][gc,phases   ] GC(333)   Other: 0.3ms
[2025-12-24T17:47:25.950+0000][gc,heap     ] GC(333) Eden regions: 610->0(610)
[2025-12-24T17:47:25.951+0000][gc,heap     ] GC(333) Survivor regions: 4->4(77)
[2025-12-24T17:47:25.951+0000][gc,heap     ] GC(333) Old regions: 88->89
[2025-12-24T17:47:25.951+0000][gc,heap     ] GC(333) Humongous regions: 151->151
[2025-12-24T17:47:25.951+0000][gc,metaspace] GC(333) Metaspace: 15455K(15936K)->15455K(15936K) NonClass: 13829K(14016K)->13829K(14016K) Class: 1626K(1920K)->1626K(1920K)
[2025-12-24T17:47:25.951+0000][gc          ] GC(333) Pause Young (Normal) (G1 Evacuation Pause) 851M->243M(1024M) 18.367ms
[2025-12-24T17:47:25.951+0000][gc,cpu      ] GC(333) User=0.10s Sys=0.02s Real=0.01s
[2025-12-24T17:48:05.605+0000][gc,start    ] GC(334) Pause Young (Normal) (G1 Evacuation Pause)
[2025-12-24T17:48:05.607+0000][gc,task     ] GC(334) Using 8 workers of 8 for evacuation
[2025-12-24T17:48:05.616+0000][gc,phases   ] GC(334)   Pre Evacuate Collection Set: 1.2ms
[2025-12-24T17:48:05.616+0000][gc,phases   ] GC(334)   Merge Heap Roots: 0.2ms
[2025-12-24T17:48:05.616+0000][gc,phases   ] GC(334)   Evacuate Collection Set: 6.0ms
[2025-12-24T17:48:05.616+0000][gc,phases   ] GC(334)   Post Evacuate Collection Set: 1.2ms
[2025-12-24T17:48:05.616+0000][gc,phases   ] GC(334)   Other: 0.5ms
[2025-12-24T17:48:05.616+0000][gc,heap     ] GC(334) Eden regions: 610->0(610)
[2025-12-24T17:48:05.616+0000][gc,heap     ] GC(334) Survivor regions: 4->4(77)
[2025-12-24T17:48:05.616+0000][gc,heap     ] GC(334) Old regions: 89->89
[2025-12-24T17:48:05.617+0000][gc,heap     ] GC(334) Humongous regions: 151->151
[2025-12-24T17:48:05.617+0000][gc,metaspace] GC(334) Metaspace: 15455K(15936K)->15455K(15936K) NonClass: 13829K(14016K)->13829K(14016K) Class: 1626K(1920K)->1626K(1920K)
[2025-12-24T17:48:05.617+0000][gc          ] GC(334) Pause Young (Normal) (G1 Evacuation Pause) 853M->242M(1024M) 11.893ms
[2025-12-24T17:48:05.617+0000][gc,cpu      ] GC(334) User=0.05s Sys=0.00s Real=0.01s
[2025-12-24T17:48:35.894+0000][gc,start    ] GC(335) Pause Young (Normal) (G1 Evacuation Pause)
[2025-12-24T17:48:35.895+0000][gc,task     ] GC(335) Using 8 workers of 8 for evacuation
[2025-12-24T17:48:35.907+0000][gc,phases   ] GC(335)   Pre Evacuate Collection Set: 1.1ms
[2025-12-24T17:48:35.907+0000][gc,phases   ] GC(335)   Merge Heap Roots: 0.2ms
[2025-12-24T17:48:35.907+0000][gc,phases   ] GC(335)   Evacuate Collection Set: 8.7ms
[2025-12-24T17:48:35.907+0000][gc,phases   ] GC(335)   Post Evacuate Collection Set: 1.2ms
[2025-12-24T17:48:35.907+0000][gc,phases   ] GC(335)   Other: 0.3ms
[2025-12-24T17:48:35.907+0000][gc,heap     ] GC(335) Eden regions: 610->0(608)
[2025-12-24T17:48:35.907+0000][gc,heap     ] GC(335) Survivor regions: 4->6(77)
[2025-12-24T17:48:35.907+0000][gc,heap     ] GC(335) Old regions: 89->89
[2025-12-24T17:48:35.907+0000][gc,heap     ] GC(335) Humongous regions: 151->151
[2025-12-24T17:48:35.907+0000][gc,metaspace] GC(335) Metaspace: 15455K(15936K)->15455K(15936K) NonClass: 13829K(14016K)->13829K(14016K) Class: 1626K(1920K)->1626K(1920K)
[2025-12-24T17:48:35.907+0000][gc          ] GC(335) Pause Young (Normal) (G1 Evacuation Pause) 852M->244M(1024M) 13.704ms
[2025-12-24T17:48:35.908+0000][gc,cpu      ] GC(335) User=0.08s Sys=0.00s Real=0.01s
[2025-12-24T17:49:06.133+0000][gc,start    ] GC(336) Pause Young (Normal) (G1 Evacuation Pause)
[2025-12-24T17:49:06.134+0000][gc,task     ] GC(336) Using 8 workers of 8 for evacuation
[2025-12-24T17:49:06.154+0000][gc,phases   ] GC(336)   Pre Evacuate Collection Set: 1.9ms
[2025-12-24T17:49:06.155+0000][gc,phases   ] GC(336)   Merge Heap Roots: 1.0ms
[2025-12-24T17:49:06.155+0000][gc,phases   ] GC(336)   Evacuate Collection Set: 16.5ms
[2025-12-24T17:49:06.155+0000][gc,phases   ] GC(336)   Post Evacuate Collection Set: 1.1ms
[2025-12-24T17:49:06.155+0000][gc,phases   ] GC(336)   Other: 0.4ms
[2025-12-24T17:49:06.155+0000][gc,heap     ] GC(336) Eden regions: 608->0(606)
[2025-12-24T17:49:06.155+0000][gc,heap     ] GC(336) Survivor regions: 6->8(77)
[2025-12-24T17:49:06.155+0000][gc,heap     ] GC(336) Old regions: 89->89
[2025-12-24T17:49:06.155+0000][gc,heap     ] GC(336) Humongous regions: 151->151
[2025-12-24T17:49:06.155+0000][gc,metaspace] GC(336) Metaspace: 15455K(15936K)->15455K(15936K) NonClass: 13829K(14016K)->13829K(14016K) Class: 1626K(1920K)->1626K(1920K)
[2025-12-24T17:49:06.155+0000][gc          ] GC(336) Pause Young (Normal) (G1 Evacuation Pause) 852M->246M(1024M) 22.068ms
[2025-12-24T17:49:06.155+0000][gc,cpu      ] GC(336) User=0.14s Sys=0.00s Real=0.02s
[2025-12-24T17:49:45.796+0000][gc,start    ] GC(337) Pause Young (Normal) (G1 Evacuation Pause)
[2025-12-24T17:49:45.796+0000][gc,task     ] GC(337) Using 8 workers of 8 for evacuation
[2025-12-24T17:49:45.810+0000][gc,phases   ] GC(337)   Pre Evacuate Collection Set: 1.0ms
[2025-12-24T17:49:45.811+0000][gc,phases   ] GC(337)   Merge Heap Roots: 0.2ms
[2025-12-24T17:49:45.811+0000][gc,phases   ] GC(337)   Evacuate Collection Set: 11.1ms
[2025-12-24T17:49:45.811+0000][gc,phases   ] GC(337)   Post Evacuate Collection Set: 1.9ms
[2025-12-24T17:49:45.811+0000][gc,phases   ] GC(337)   Other: 0.2ms
[2025-12-24T17:49:45.811+0000][gc,heap     ] GC(337) Eden regions: 606->0(607)
[2025-12-24T17:49:45.811+0000][gc,heap     ] GC(337) Survivor regions: 8->7(77)
[2025-12-24T17:49:45.811+0000][gc,heap     ] GC(337) Old regions: 89->89
[2025-12-24T17:49:45.811+0000][gc,heap     ] GC(337) Humongous regions: 151->151
[2025-12-24T17:49:45.811+0000][gc,metaspace] GC(337) Metaspace: 15455K(15936K)->15455K(15936K) NonClass: 13829K(14016K)->13829K(14016K) Class: 1626K(1920K)->1626K(1920K)
[2025-12-24T17:49:45.811+0000][gc          ] GC(337) Pause Young (Normal) (G1 Evacuation Pause) 852M->245M(1024M) 15.698ms
[2025-12-24T17:49:45.811+0000][gc,cpu      ] GC(337) User=0.09s Sys=0.01s Real=0.01s
[2025-12-24T17:50:16.082+0000][gc,start    ] GC(338) Pause Young (Normal) (G1 Evacuation Pause)
[2025-12-24T17:50:16.083+0000][gc,task     ] GC(338) Using 8 workers of 8 for evacuation
[2025-12-24T17:50:16.118+0000][gc,phases   ] GC(338)   Pre Evacuate Collection Set: 3.5ms
[2025-12-24T17:50:16.118+0000][gc,phases   ] GC(338)   Merge Heap Roots: 1.3ms
[2025-12-24T17:50:16.118+0000][gc,phases   ] GC(338)   Evacuate Collection Set: 22.2ms
[2025-12-24T17:50:16.118+0000][gc,phases   ] GC(338)   Post Evacuate Collection Set: 3.5ms
[2025-12-24T17:50:16.119+0000][gc,phases   ] GC(338)   Other: 4.6ms
[2025-12-24T17:50:16.119+0000][gc,heap     ] GC(338) Eden regions: 607->0(605)
[2025-12-24T17:50:16.119+0000][gc,heap     ] GC(338) Survivor regions: 7->9(77)
[2025-12-24T17:50:16.119+0000][gc,heap     ] GC(338) Old regions: 89->89
[2025-12-24T17:50:16.119+0000][gc,heap     ] GC(338) Humongous regions: 151->151
[2025-12-24T17:50:16.119+0000][gc,metaspace] GC(338) Metaspace: 15455K(15936K)->15455K(15936K) NonClass: 13829K(14016K)->13829K(14016K) Class: 1626K(1920K)->1626K(1920K)
[2025-12-24T17:50:16.119+0000][gc          ] GC(338) Pause Young (Normal) (G1 Evacuation Pause) 852M->247M(1024M) 36.760ms
[2025-12-24T17:50:16.119+0000][gc,cpu      ] GC(338) User=0.18s Sys=0.01s Real=0.04s
[2025-12-24T17:50:55.699+0000][gc,start    ] GC(339) Pause Young (Normal) (G1 Evacuation Pause)
[2025-12-24T17:50:55.700+0000][gc,task     ] GC(339) Using 8 workers of 8 for evacuation
[2025-12-24T17:50:55.721+0000][gc,phases   ] GC(339)   Pre Evacuate Collection Set: 1.3ms
[2025-12-24T17:50:55.721+0000][gc,phases   ] GC(339)   Merge Heap Roots: 0.2ms
[2025-12-24T17:50:55.721+0000][gc,phases   ] GC(339)   Evacuate Collection Set: 18.1ms
[2025-12-24T17:50:55.721+0000][gc,phases   ] GC(339)   Post Evacuate Collection Set: 1.4ms
[2025-12-24T17:50:55.721+0000][gc,phases   ] GC(339)   Other: 0.3ms
[2025-12-24T17:50:55.721+0000][gc,heap     ] GC(339) Eden regions: 605->0(606)
[2025-12-24T17:50:55.722+0000][gc,heap     ] GC(339) Survivor regions: 9->8(77)
[2025-12-24T17:50:55.722+0000][gc,heap     ] GC(339) Old regions: 89->89
[2025-12-24T17:50:55.722+0000][gc,heap     ] GC(339) Humongous regions: 151->151
[2025-12-24T17:50:55.722+0000][gc,metaspace] GC(339) Metaspace: 15455K(15936K)->15455K(15936K) NonClass: 13829K(14016K)->13829K(14016K) Class: 1626K(1920K)->1626K(1920K)
[2025-12-24T17:50:55.722+0000][gc          ] GC(339) Pause Young (Normal) (G1 Evacuation Pause) 852M->247M(1024M) 22.852ms
[2025-12-24T17:50:55.722+0000][gc,cpu      ] GC(339) User=0.14s Sys=0.01s Real=0.03s
[2025-12-24T17:51:26.042+0000][gc,start    ] GC(340) Pause Young (Normal) (G1 Evacuation Pause)
[2025-12-24T17:51:26.043+0000][gc,task     ] GC(340) Using 8 workers of 8 for evacuation
[2025-12-24T17:51:26.057+0000][gc,phases   ] GC(340)   Pre Evacuate Collection Set: 1.7ms
[2025-12-24T17:51:26.057+0000][gc,phases   ] GC(340)   Merge Heap Roots: 0.2ms
[2025-12-24T17:51:26.057+0000][gc,phases   ] GC(340)   Evacuate Collection Set: 8.1ms
[2025-12-24T17:51:26.057+0000][gc,phases   ] GC(340)   Post Evacuate Collection Set: 2.7ms
[2025-12-24T17:51:26.057+0000][gc,phases   ] GC(340)   Other: 0.8ms
[2025-12-24T17:51:26.057+0000][gc,heap     ] GC(340) Eden regions: 606->0(608)
[2025-12-24T17:51:26.057+0000][gc,heap     ] GC(340) Survivor regions: 8->6(77)
[2025-12-24T17:51:26.057+0000][gc,heap     ] GC(340) Old regions: 89->89
[2025-12-24T17:51:26.057+0000][gc,heap     ] GC(340) Humongous regions: 151->151
[2025-12-24T17:51:26.057+0000][gc,metaspace] GC(340) Metaspace: 15455K(15936K)->15455K(15936K) NonClass: 13829K(14016K)->13829K(14016K) Class: 1626K(1920K)->1626K(1920K)
[2025-12-24T17:51:26.057+0000][gc          ] GC(340) Pause Young (Normal) (G1 Evacuation Pause) 853M->244M(1024M) 15.112ms
[2025-12-24T17:51:26.058+0000][gc,cpu      ] GC(340) User=0.07s Sys=0.00s Real=0.01s
[2025-12-24T17:52:05.590+0000][gc,start    ] GC(341) Pause Young (Normal) (G1 Evacuation Pause)
[2025-12-24T17:52:05.591+0000][gc,task     ] GC(341) Using 8 workers of 8 for evacuation
[2025-12-24T17:52:05.604+0000][gc,phases   ] GC(341)   Pre Evacuate Collection Set: 2.0ms
[2025-12-24T17:52:05.604+0000][gc,phases   ] GC(341)   Merge Heap Roots: 0.3ms
[2025-12-24T17:52:05.604+0000][gc,phases   ] GC(341)   Evacuate Collection Set: 8.4ms
[2025-12-24T17:52:05.604+0000][gc,phases   ] GC(341)   Post Evacuate Collection Set: 1.4ms
[2025-12-24T17:52:05.604+0000][gc,phases   ] GC(341)   Other: 0.5ms
[2025-12-24T17:52:05.604+0000][gc,heap     ] GC(341) Eden regions: 608->0(609)
[2025-12-24T17:52:05.604+0000][gc,heap     ] GC(341) Survivor regions: 6->5(77)
[2025-12-24T17:52:05.604+0000][gc,heap     ] GC(341) Old regions: 89->89
[2025-12-24T17:52:05.604+0000][gc,heap     ] GC(341) Humongous regions: 151->151
[2025-12-24T17:52:05.604+0000][gc,metaspace] GC(341) Metaspace: 15455K(15936K)->15455K(15936K) NonClass: 13829K(14016K)->13829K(14016K) Class: 1626K(1920K)->1626K(1920K)
[2025-12-24T17:52:05.605+0000][gc          ] GC(341) Pause Young (Normal) (G1 Evacuation Pause) 852M->243M(1024M) 14.457ms
[2025-12-24T17:52:05.605+0000][gc,cpu      ] GC(341) User=0.08s Sys=0.00s Real=0.01s
[2025-12-24T17:52:35.857+0000][gc,start    ] GC(342) Pause Young (Normal) (G1 Evacuation Pause)
[2025-12-24T17:52:35.858+0000][gc,task     ] GC(342) Using 8 workers of 8 for evacuation
[2025-12-24T17:52:35.871+0000][gc,phases   ] GC(342)   Pre Evacuate Collection Set: 1.0ms
[2025-12-24T17:52:35.871+0000][gc,phases   ] GC(342)   Merge Heap Roots: 0.3ms
[2025-12-24T17:52:35.871+0000][gc,phases   ] GC(342)   Evacuate Collection Set: 10.5ms
[2025-12-24T17:52:35.871+0000][gc,phases   ] GC(342)   Post Evacuate Collection Set: 1.2ms
[2025-12-24T17:52:35.871+0000][gc,phases   ] GC(342)   Other: 0.4ms
[2025-12-24T17:52:35.871+0000][gc,heap     ] GC(342) Eden regions: 609->0(608)
[2025-12-24T17:52:35.872+0000][gc,heap     ] GC(342) Survivor regions: 5->6(77)
[2025-12-24T17:52:35.872+0000][gc,heap     ] GC(342) Old regions: 89->89
[2025-12-24T17:52:35.872+0000][gc,heap     ] GC(342) Humongous regions: 151->151
[2025-12-24T17:52:35.872+0000][gc,metaspace] GC(342) Metaspace: 15456K(15936K)->15456K(15936K) NonClass: 13829K(14016K)->13829K(14016K) Class: 1626K(1920K)->1626K(1920K)
[2025-12-24T17:52:35.872+0000][gc          ] GC(342) Pause Young (Normal) (G1 Evacuation Pause) 852M->245M(1024M) 15.158ms
[2025-12-24T17:52:35.872+0000][gc,cpu      ] GC(342) User=0.08s Sys=0.00s Real=0.01s
[2025-12-24T17:53:06.127+0000][gc,start    ] GC(343) Pause Young (Normal) (G1 Evacuation Pause)
[2025-12-24T17:53:06.128+0000][gc,task     ] GC(343) Using 8 workers of 8 for evacuation
[2025-12-24T17:53:06.143+0000][gc,phases   ] GC(343)   Pre Evacuate Collection Set: 1.3ms
[2025-12-24T17:53:06.144+0000][gc,phases   ] GC(343)   Merge Heap Roots: 0.2ms
[2025-12-24T17:53:06.144+0000][gc,phases   ] GC(343)   Evacuate Collection Set: 12.9ms
[2025-12-24T17:53:06.144+0000][gc,phases   ] GC(343)   Post Evacuate Collection Set: 1.1ms
[2025-12-24T17:53:06.144+0000][gc,phases   ] GC(343)   Other: 0.3ms
[2025-12-24T17:53:06.144+0000][gc,heap     ] GC(343) Eden regions: 608->0(605)
[2025-12-24T17:53:06.144+0000][gc,heap     ] GC(343) Survivor regions: 6->9(77)
[2025-12-24T17:53:06.144+0000][gc,heap     ] GC(343) Old regions: 89->89
[2025-12-24T17:53:06.144+0000][gc,heap     ] GC(343) Humongous regions: 151->151
[2025-12-24T17:53:06.144+0000][gc,metaspace] GC(343) Metaspace: 15456K(15936K)->15456K(15936K) NonClass: 13829K(14016K)->13829K(14016K) Class: 1626K(1920K)->1626K(1920K)
[2025-12-24T17:53:06.144+0000][gc          ] GC(343) Pause Young (Normal) (G1 Evacuation Pause) 853M->247M(1024M) 17.203ms
[2025-12-24T17:53:06.144+0000][gc,cpu      ] GC(343) User=0.11s Sys=0.00s Real=0.01s
[2025-12-24T17:53:45.776+0000][gc,start    ] GC(344) Pause Young (Normal) (G1 Evacuation Pause)
[2025-12-24T17:53:45.777+0000][gc,task     ] GC(344) Using 8 workers of 8 for evacuation
[2025-12-24T17:53:45.792+0000][gc,phases   ] GC(344)   Pre Evacuate Collection Set: 1.2ms
[2025-12-24T17:53:45.792+0000][gc,phases   ] GC(344)   Merge Heap Roots: 0.2ms
[2025-12-24T17:53:45.792+0000][gc,phases   ] GC(344)   Evacuate Collection Set: 12.9ms
[2025-12-24T17:53:45.792+0000][gc,phases   ] GC(344)   Post Evacuate Collection Set: 1.1ms
[2025-12-24T17:53:45.793+0000][gc,phases   ] GC(344)   Other: 0.3ms
[2025-12-24T17:53:45.793+0000][gc,heap     ] GC(344) Eden regions: 605->0(607)
[2025-12-24T17:53:45.793+0000][gc,heap     ] GC(344) Survivor regions: 9->7(77)
[2025-12-24T17:53:45.793+0000][gc,heap     ] GC(344) Old regions: 89->89
[2025-12-24T17:53:45.793+0000][gc,heap     ] GC(344) Humongous regions: 151->151
[2025-12-24T17:53:45.793+0000][gc,metaspace] GC(344) Metaspace: 15456K(15936K)->15456K(15936K) NonClass: 13829K(14016K)->13829K(14016K) Class: 1626K(1920K)->1626K(1920K)
[2025-12-24T17:53:45.793+0000][gc          ] GC(344) Pause Young (Normal) (G1 Evacuation Pause) 852M->246M(1024M) 16.939ms
[2025-12-24T17:53:45.793+0000][gc,cpu      ] GC(344) User=0.11s Sys=0.00s Real=0.02s
[2025-12-24T17:54:16.028+0000][gc,start    ] GC(345) Pause Young (Normal) (G1 Evacuation Pause)
[2025-12-24T17:54:16.029+0000][gc,task     ] GC(345) Using 8 workers of 8 for evacuation
[2025-12-24T17:54:16.045+0000][gc,phases   ] GC(345)   Pre Evacuate Collection Set: 3.6ms
[2025-12-24T17:54:16.045+0000][gc,phases   ] GC(345)   Merge Heap Roots: 0.6ms
[2025-12-24T17:54:16.045+0000][gc,phases   ] GC(345)   Evacuate Collection Set: 9.4ms
[2025-12-24T17:54:16.045+0000][gc,phases   ] GC(345)   Post Evacuate Collection Set: 1.5ms
[2025-12-24T17:54:16.045+0000][gc,phases   ] GC(345)   Other: 1.1ms
[2025-12-24T17:54:16.045+0000][gc,heap     ] GC(345) Eden regions: 607->0(604)
[2025-12-24T17:54:16.045+0000][gc,heap     ] GC(345) Survivor regions: 7->10(77)
[2025-12-24T17:54:16.045+0000][gc,heap     ] GC(345) Old regions: 89->89
[2025-12-24T17:54:16.045+0000][gc,heap     ] GC(345) Humongous regions: 151->151
[2025-12-24T17:54:16.045+0000][gc,metaspace] GC(345) Metaspace: 15456K(15936K)->15456K(15936K) NonClass: 13829K(14016K)->13829K(14016K) Class: 1626K(1920K)->1626K(1920K)
[2025-12-24T17:54:16.046+0000][gc          ] GC(345) Pause Young (Normal) (G1 Evacuation Pause) 853M->249M(1024M) 18.193ms
[2025-12-24T17:54:16.046+0000][gc,cpu      ] GC(345) User=0.10s Sys=0.00s Real=0.02s
[2025-12-24T17:54:55.678+0000][gc,start    ] GC(346) Pause Young (Normal) (G1 Evacuation Pause)
[2025-12-24T17:54:55.679+0000][gc,task     ] GC(346) Using 8 workers of 8 for evacuation
[2025-12-24T17:54:55.708+0000][gc,phases   ] GC(346)   Pre Evacuate Collection Set: 1.2ms
[2025-12-24T17:54:55.708+0000][gc,phases   ] GC(346)   Merge Heap Roots: 0.4ms
[2025-12-24T17:54:55.708+0000][gc,phases   ] GC(346)   Evacuate Collection Set: 25.5ms
[2025-12-24T17:54:55.708+0000][gc,phases   ] GC(346)   Post Evacuate Collection Set: 1.7ms
[2025-12-24T17:54:55.708+0000][gc,phases   ] GC(346)   Other: 0.4ms
[2025-12-24T17:54:55.708+0000][gc,heap     ] GC(346) Eden regions: 604->0(606)
[2025-12-24T17:54:55.709+0000][gc,heap     ] GC(346) Survivor regions: 10->8(77)
[2025-12-24T17:54:55.709+0000][gc,heap     ] GC(346) Old regions: 89->90
[2025-12-24T17:54:55.709+0000][gc,heap     ] GC(346) Humongous regions: 151->151
[2025-12-24T17:54:55.709+0000][gc,metaspace] GC(346) Metaspace: 15456K(15936K)->15456K(15936K) NonClass: 13829K(14016K)->13829K(14016K) Class: 1626K(1920K)->1626K(1920K)
[2025-12-24T17:54:55.709+0000][gc          ] GC(346) Pause Young (Normal) (G1 Evacuation Pause) 853M->248M(1024M) 31.451ms
[2025-12-24T17:54:55.710+0000][gc,cpu      ] GC(346) User=0.21s Sys=0.00s Real=0.04s
[2025-12-24T17:55:25.923+0000][gc,start    ] GC(347) Pause Young (Normal) (G1 Evacuation Pause)
[2025-12-24T17:55:25.924+0000][gc,task     ] GC(347) Using 8 workers of 8 for evacuation
[2025-12-24T17:55:25.940+0000][gc,phases   ] GC(347)   Pre Evacuate Collection Set: 1.1ms
[2025-12-24T17:55:25.940+0000][gc,phases   ] GC(347)   Merge Heap Roots: 0.2ms
[2025-12-24T17:55:25.940+0000][gc,phases   ] GC(347)   Evacuate Collection Set: 13.7ms
[2025-12-24T17:55:25.940+0000][gc,phases   ] GC(347)   Post Evacuate Collection Set: 1.1ms
[2025-12-24T17:55:25.941+0000][gc,phases   ] GC(347)   Other: 0.3ms
[2025-12-24T17:55:25.941+0000][gc,heap     ] GC(347) Eden regions: 606->0(608)
[2025-12-24T17:55:25.941+0000][gc,heap     ] GC(347) Survivor regions: 8->6(77)
[2025-12-24T17:55:25.941+0000][gc,heap     ] GC(347) Old regions: 90->90
[2025-12-24T17:55:25.941+0000][gc,heap     ] GC(347) Humongous regions: 151->151
[2025-12-24T17:55:25.941+0000][gc,metaspace] GC(347) Metaspace: 15456K(15936K)->15456K(15936K) NonClass: 13829K(14016K)->13829K(14016K) Class: 1626K(1920K)->1626K(1920K)
[2025-12-24T17:55:25.941+0000][gc          ] GC(347) Pause Young (Normal) (G1 Evacuation Pause) 854M->245M(1024M) 17.853ms
[2025-12-24T17:55:25.941+0000][gc,cpu      ] GC(347) User=0.11s Sys=0.00s Real=0.02s
[2025-12-24T17:56:03.218+0000][gc,start    ] GC(348) Pause Young (Normal) (G1 Evacuation Pause)
[2025-12-24T17:56:03.218+0000][gc,task     ] GC(348) Using 8 workers of 8 for evacuation
[2025-12-24T17:56:03.238+0000][gc,phases   ] GC(348)   Pre Evacuate Collection Set: 2.4ms
[2025-12-24T17:56:03.238+0000][gc,phases   ] GC(348)   Merge Heap Roots: 0.5ms
[2025-12-24T17:56:03.238+0000][gc,phases   ] GC(348)   Evacuate Collection Set: 14.2ms
[2025-12-24T17:56:03.238+0000][gc,phases   ] GC(348)   Post Evacuate Collection Set: 2.3ms
[2025-12-24T17:56:03.238+0000][gc,phases   ] GC(348)   Other: 0.4ms
[2025-12-24T17:56:03.238+0000][gc,heap     ] GC(348) Eden regions: 608->0(609)
[2025-12-24T17:56:03.239+0000][gc,heap     ] GC(348) Survivor regions: 6->5(77)
[2025-12-24T17:56:03.239+0000][gc,heap     ] GC(348) Old regions: 90->90
[2025-12-24T17:56:03.239+0000][gc,heap     ] GC(348) Humongous regions: 151->151
[2025-12-24T17:56:03.239+0000][gc,metaspace] GC(348) Metaspace: 15456K(15936K)->15456K(15936K) NonClass: 13829K(14016K)->13829K(14016K) Class: 1626K(1920K)->1626K(1920K)
[2025-12-24T17:56:03.239+0000][gc          ] GC(348) Pause Young (Normal) (G1 Evacuation Pause) 853M->245M(1024M) 21.681ms
[2025-12-24T17:56:03.239+0000][gc,cpu      ] GC(348) User=0.12s Sys=0.01s Real=0.02s
[2025-12-24T17:56:35.833+0000][gc,start    ] GC(349) Pause Young (Normal) (G1 Evacuation Pause)
[2025-12-24T17:56:35.834+0000][gc,task     ] GC(349) Using 8 workers of 8 for evacuation
[2025-12-24T17:56:35.850+0000][gc,phases   ] GC(349)   Pre Evacuate Collection Set: 1.1ms
[2025-12-24T17:56:35.850+0000][gc,phases   ] GC(349)   Merge Heap Roots: 1.6ms
[2025-12-24T17:56:35.850+0000][gc,phases   ] GC(349)   Evacuate Collection Set: 11.4ms
[2025-12-24T17:56:35.850+0000][gc,phases   ] GC(349)   Post Evacuate Collection Set: 1.2ms
[2025-12-24T17:56:35.850+0000][gc,phases   ] GC(349)   Other: 0.4ms
[2025-12-24T17:56:35.850+0000][gc,heap     ] GC(349) Eden regions: 609->0(607)
[2025-12-24T17:56:35.850+0000][gc,heap     ] GC(349) Survivor regions: 5->7(77)
[2025-12-24T17:56:35.850+0000][gc,heap     ] GC(349) Old regions: 90->90
[2025-12-24T17:56:35.850+0000][gc,heap     ] GC(349) Humongous regions: 151->151
[2025-12-24T17:56:35.851+0000][gc,metaspace] GC(349) Metaspace: 15456K(15936K)->15456K(15936K) NonClass: 13829K(14016K)->13829K(14016K) Class: 1626K(1920K)->1626K(1920K)
[2025-12-24T17:56:35.851+0000][gc          ] GC(349) Pause Young (Normal) (G1 Evacuation Pause) 854M->247M(1024M) 17.519ms
[2025-12-24T17:56:35.851+0000][gc,cpu      ] GC(349) User=0.09s Sys=0.00s Real=0.02s
[2025-12-24T17:57:06.062+0000][gc,start    ] GC(350) Pause Young (Normal) (G1 Evacuation Pause)
[2025-12-24T17:57:06.065+0000][gc,task     ] GC(350) Using 8 workers of 8 for evacuation
[2025-12-24T17:57:06.077+0000][gc,phases   ] GC(350)   Pre Evacuate Collection Set: 0.9ms
[2025-12-24T17:57:06.077+0000][gc,phases   ] GC(350)   Merge Heap Roots: 0.2ms
[2025-12-24T17:57:06.077+0000][gc,phases   ] GC(350)   Evacuate Collection Set: 9.6ms
[2025-12-24T17:57:06.077+0000][gc,phases   ] GC(350)   Post Evacuate Collection Set: 1.1ms
[2025-12-24T17:57:06.078+0000][gc,phases   ] GC(350)   Other: 0.3ms
[2025-12-24T17:57:06.078+0000][gc,heap     ] GC(350) Eden regions: 607->0(606)
[2025-12-24T17:57:06.078+0000][gc,heap     ] GC(350) Survivor regions: 7->8(77)
[2025-12-24T17:57:06.078+0000][gc,heap     ] GC(350) Old regions: 90->90
[2025-12-24T17:57:06.078+0000][gc,heap     ] GC(350) Humongous regions: 151->151
[2025-12-24T17:57:06.078+0000][gc,metaspace] GC(350) Metaspace: 15456K(15936K)->15456K(15936K) NonClass: 13829K(14016K)->13829K(14016K) Class: 1626K(1920K)->1626K(1920K)
[2025-12-24T17:57:06.078+0000][gc          ] GC(350) Pause Young (Normal) (G1 Evacuation Pause) 854M->248M(1024M) 16.199ms
[2025-12-24T17:57:06.078+0000][gc,cpu      ] GC(350) User=0.07s Sys=0.01s Real=0.02s
[2025-12-24T17:57:45.723+0000][gc,start    ] GC(351) Pause Young (Normal) (G1 Evacuation Pause)
[2025-12-24T17:57:45.723+0000][gc,task     ] GC(351) Using 8 workers of 8 for evacuation
[2025-12-24T17:57:45.739+0000][gc,phases   ] GC(351)   Pre Evacuate Collection Set: 1.2ms
[2025-12-24T17:57:45.739+0000][gc,phases   ] GC(351)   Merge Heap Roots: 0.3ms
[2025-12-24T17:57:45.739+0000][gc,phases   ] GC(351)   Evacuate Collection Set: 9.3ms
[2025-12-24T17:57:45.739+0000][gc,phases   ] GC(351)   Post Evacuate Collection Set: 4.7ms
[2025-12-24T17:57:45.739+0000][gc,phases   ] GC(351)   Other: 0.3ms
[2025-12-24T17:57:45.739+0000][gc,heap     ] GC(351) Eden regions: 606->0(606)
[2025-12-24T17:57:45.739+0000][gc,heap     ] GC(351) Survivor regions: 8->8(77)
[2025-12-24T17:57:45.740+0000][gc,heap     ] GC(351) Old regions: 90->90
[2025-12-24T17:57:45.740+0000][gc,heap     ] GC(351) Humongous regions: 151->151
[2025-12-24T17:57:45.740+0000][gc,metaspace] GC(351) Metaspace: 15456K(15936K)->15456K(15936K) NonClass: 13829K(14016K)->13829K(14016K) Class: 1626K(1920K)->1626K(1920K)
[2025-12-24T17:57:45.740+0000][gc          ] GC(351) Pause Young (Normal) (G1 Evacuation Pause) 854M->248M(1024M) 17.414ms
[2025-12-24T17:57:45.740+0000][gc,cpu      ] GC(351) User=0.09s Sys=0.00s Real=0.02s
[2025-12-24T17:58:16.069+0000][gc,start    ] GC(352) Pause Young (Normal) (G1 Evacuation Pause)
[2025-12-24T17:58:16.069+0000][gc,task     ] GC(352) Using 8 workers of 8 for evacuation
[2025-12-24T17:58:16.084+0000][gc,phases   ] GC(352)   Pre Evacuate Collection Set: 1.1ms
[2025-12-24T17:58:16.084+0000][gc,phases   ] GC(352)   Merge Heap Roots: 0.2ms
[2025-12-24T17:58:16.084+0000][gc,phases   ] GC(352)   Evacuate Collection Set: 11.9ms
[2025-12-24T17:58:16.084+0000][gc,phases   ] GC(352)   Post Evacuate Collection Set: 1.0ms
[2025-12-24T17:58:16.084+0000][gc,phases   ] GC(352)   Other: 0.4ms
[2025-12-24T17:58:16.084+0000][gc,heap     ] GC(352) Eden regions: 606->0(604)
[2025-12-24T17:58:16.084+0000][gc,heap     ] GC(352) Survivor regions: 8->10(77)
[2025-12-24T17:58:16.084+0000][gc,heap     ] GC(352) Old regions: 90->91
[2025-12-24T17:58:16.084+0000][gc,heap     ] GC(352) Humongous regions: 151->151
[2025-12-24T17:58:16.084+0000][gc,metaspace] GC(352) Metaspace: 15456K(15936K)->15456K(15936K) NonClass: 13829K(14016K)->13829K(14016K) Class: 1626K(1920K)->1626K(1920K)
[2025-12-24T17:58:16.085+0000][gc          ] GC(352) Pause Young (Normal) (G1 Evacuation Pause) 854M->250M(1024M) 15.918ms
[2025-12-24T17:58:16.085+0000][gc,cpu      ] GC(352) User=0.07s Sys=0.02s Real=0.01s
[2025-12-24T17:58:55.643+0000][gc,start    ] GC(353) Pause Young (Normal) (G1 Evacuation Pause)
[2025-12-24T17:58:55.644+0000][gc,task     ] GC(353) Using 8 workers of 8 for evacuation
[2025-12-24T17:58:55.659+0000][gc,phases   ] GC(353)   Pre Evacuate Collection Set: 1.0ms
[2025-12-24T17:58:55.660+0000][gc,phases   ] GC(353)   Merge Heap Roots: 0.3ms
[2025-12-24T17:58:55.660+0000][gc,phases   ] GC(353)   Evacuate Collection Set: 12.9ms
[2025-12-24T17:58:55.660+0000][gc,phases   ] GC(353)   Post Evacuate Collection Set: 1.3ms
[2025-12-24T17:58:55.660+0000][gc,phases   ] GC(353)   Other: 0.3ms
[2025-12-24T17:58:55.660+0000][gc,heap     ] GC(353) Eden regions: 604->0(605)
[2025-12-24T17:58:55.660+0000][gc,heap     ] GC(353) Survivor regions: 10->9(77)
[2025-12-24T17:58:55.660+0000][gc,heap     ] GC(353) Old regions: 91->91
[2025-12-24T17:58:55.660+0000][gc,heap     ] GC(353) Humongous regions: 151->151
[2025-12-24T17:58:55.660+0000][gc,metaspace] GC(353) Metaspace: 15456K(15936K)->15456K(15936K) NonClass: 13829K(14016K)->13829K(14016K) Class: 1626K(1920K)->1626K(1920K)
[2025-12-24T17:58:55.660+0000][gc          ] GC(353) Pause Young (Normal) (G1 Evacuation Pause) 854M->249M(1024M) 17.012ms
[2025-12-24T17:58:55.660+0000][gc,cpu      ] GC(353) User=0.10s Sys=0.01s Real=0.02s
[2025-12-24T17:59:25.860+0000][gc,start    ] GC(354) Pause Young (Normal) (G1 Evacuation Pause)
[2025-12-24T17:59:25.861+0000][gc,task     ] GC(354) Using 8 workers of 8 for evacuation
[2025-12-24T17:59:25.868+0000][gc,phases   ] GC(354)   Pre Evacuate Collection Set: 0.9ms
[2025-12-24T17:59:25.868+0000][gc,phases   ] GC(354)   Merge Heap Roots: 0.2ms
[2025-12-24T17:59:25.868+0000][gc,phases   ] GC(354)   Evacuate Collection Set: 5.3ms
[2025-12-24T17:59:25.869+0000][gc,phases   ] GC(354)   Post Evacuate Collection Set: 0.9ms
[2025-12-24T17:59:25.869+0000][gc,phases   ] GC(354)   Other: 0.4ms
[2025-12-24T17:59:25.869+0000][gc,heap     ] GC(354) Eden regions: 605->0(608)
[2025-12-24T17:59:25.869+0000][gc,heap     ] GC(354) Survivor regions: 9->6(77)
[2025-12-24T17:59:25.869+0000][gc,heap     ] GC(354) Old regions: 91->91
[2025-12-24T17:59:25.869+0000][gc,heap     ] GC(354) Humongous regions: 151->151
[2025-12-24T17:59:25.869+0000][gc,metaspace] GC(354) Metaspace: 15456K(15936K)->15456K(15936K) NonClass: 13829K(14016K)->13829K(14016K) Class: 1626K(1920K)->1626K(1920K)
[2025-12-24T17:59:25.869+0000][gc          ] GC(354) Pause Young (Normal) (G1 Evacuation Pause) 854M->247M(1024M) 8.804ms
[2025-12-24T17:59:25.869+0000][gc,cpu      ] GC(354) User=0.05s Sys=0.00s Real=0.01s
[2025-12-24T17:59:56.118+0000][gc,start    ] GC(355) Pause Young (Normal) (G1 Evacuation Pause)
[2025-12-24T17:59:56.120+0000][gc,task     ] GC(355) Using 8 workers of 8 for evacuation
[2025-12-24T17:59:56.133+0000][gc,phases   ] GC(355)   Pre Evacuate Collection Set: 1.1ms
[2025-12-24T17:59:56.133+0000][gc,phases   ] GC(355)   Merge Heap Roots: 0.2ms
[2025-12-24T17:59:56.133+0000][gc,phases   ] GC(355)   Evacuate Collection Set: 9.9ms
[2025-12-24T17:59:56.133+0000][gc,phases   ] GC(355)   Post Evacuate Collection Set: 1.1ms
[2025-12-24T17:59:56.133+0000][gc,phases   ] GC(355)   Other: 0.3ms
[2025-12-24T17:59:56.133+0000][gc,heap     ] GC(355) Eden regions: 608->0(607)
[2025-12-24T17:59:56.133+0000][gc,heap     ] GC(355) Survivor regions: 6->7(77)
[2025-12-24T17:59:56.133+0000][gc,heap     ] GC(355) Old regions: 91->91
[2025-12-24T17:59:56.133+0000][gc,heap     ] GC(355) Humongous regions: 151->151
[2025-12-24T17:59:56.133+0000][gc,metaspace] GC(355) Metaspace: 15456K(15936K)->15456K(15936K) NonClass: 13829K(14016K)->13829K(14016K) Class: 1626K(1920K)->1626K(1920K)
[2025-12-24T17:59:56.133+0000][gc          ] GC(355) Pause Young (Normal) (G1 Evacuation Pause) 855M->248M(1024M) 14.475ms
[2025-12-24T17:59:56.133+0000][gc,cpu      ] GC(355) User=0.08s Sys=0.00s Real=0.02s
[2025-12-24T18:00:35.803+0000][gc,start    ] GC(356) Pause Young (Normal) (G1 Evacuation Pause)
[2025-12-24T18:00:35.804+0000][gc,task     ] GC(356) Using 8 workers of 8 for evacuation
[2025-12-24T18:00:35.821+0000][gc,phases   ] GC(356)   Pre Evacuate Collection Set: 2.2ms
[2025-12-24T18:00:35.821+0000][gc,phases   ] GC(356)   Merge Heap Roots: 0.9ms
[2025-12-24T18:00:35.821+0000][gc,phases   ] GC(356)   Evacuate Collection Set: 12.3ms
[2025-12-24T18:00:35.821+0000][gc,phases   ] GC(356)   Post Evacuate Collection Set: 1.2ms
[2025-12-24T18:00:35.821+0000][gc,phases   ] GC(356)   Other: 0.2ms
[2025-12-24T18:00:35.821+0000][gc,heap     ] GC(356) Eden regions: 607->0(607)
[2025-12-24T18:00:35.822+0000][gc,heap     ] GC(356) Survivor regions: 7->7(77)
[2025-12-24T18:00:35.822+0000][gc,heap     ] GC(356) Old regions: 91->92
[2025-12-24T18:00:35.822+0000][gc,heap     ] GC(356) Humongous regions: 151->151
[2025-12-24T18:00:35.822+0000][gc,metaspace] GC(356) Metaspace: 15456K(15936K)->15456K(15936K) NonClass: 13829K(14016K)->13829K(14016K) Class: 1626K(1920K)->1626K(1920K)
[2025-12-24T18:00:35.822+0000][gc          ] GC(356) Pause Young (Normal) (G1 Evacuation Pause) 855M->248M(1024M) 18.830ms
[2025-12-24T18:00:35.822+0000][gc,cpu      ] GC(356) User=0.11s Sys=0.00s Real=0.02s
[2025-12-24T18:01:06.046+0000][gc,start    ] GC(357) Pause Young (Normal) (G1 Evacuation Pause)
[2025-12-24T18:01:06.047+0000][gc,task     ] GC(357) Using 8 workers of 8 for evacuation
[2025-12-24T18:01:06.063+0000][gc,phases   ] GC(357)   Pre Evacuate Collection Set: 3.5ms
[2025-12-24T18:01:06.063+0000][gc,phases   ] GC(357)   Merge Heap Roots: 0.6ms
[2025-12-24T18:01:06.063+0000][gc,phases   ] GC(357)   Evacuate Collection Set: 10.9ms
[2025-12-24T18:01:06.063+0000][gc,phases   ] GC(357)   Post Evacuate Collection Set: 1.1ms
[2025-12-24T18:01:06.063+0000][gc,phases   ] GC(357)   Other: 0.4ms
[2025-12-24T18:01:06.063+0000][gc,heap     ] GC(357) Eden regions: 607->0(605)
[2025-12-24T18:01:06.063+0000][gc,heap     ] GC(357) Survivor regions: 7->9(77)
[2025-12-24T18:01:06.063+0000][gc,heap     ] GC(357) Old regions: 92->92
[2025-12-24T18:01:06.063+0000][gc,heap     ] GC(357) Humongous regions: 151->151
[2025-12-24T18:01:06.063+0000][gc,metaspace] GC(357) Metaspace: 15456K(15936K)->15456K(15936K) NonClass: 13829K(14016K)->13829K(14016K) Class: 1626K(1920K)->1626K(1920K)
[2025-12-24T18:01:06.064+0000][gc          ] GC(357) Pause Young (Normal) (G1 Evacuation Pause) 855M->250M(1024M) 17.551ms
[2025-12-24T18:01:06.064+0000][gc,cpu      ] GC(357) User=0.11s Sys=0.00s Real=0.02s
[2025-12-24T18:01:45.699+0000][gc,start    ] GC(358) Pause Young (Normal) (G1 Evacuation Pause)
[2025-12-24T18:01:45.700+0000][gc,task     ] GC(358) Using 8 workers of 8 for evacuation
[2025-12-24T18:01:45.712+0000][gc,phases   ] GC(358)   Pre Evacuate Collection Set: 1.0ms
[2025-12-24T18:01:45.712+0000][gc,phases   ] GC(358)   Merge Heap Roots: 0.3ms
[2025-12-24T18:01:45.712+0000][gc,phases   ] GC(358)   Evacuate Collection Set: 9.5ms
[2025-12-24T18:01:45.712+0000][gc,phases   ] GC(358)   Post Evacuate Collection Set: 1.3ms
[2025-12-24T18:01:45.712+0000][gc,phases   ] GC(358)   Other: 0.3ms
[2025-12-24T18:01:45.713+0000][gc,heap     ] GC(358) Eden regions: 605->0(606)
[2025-12-24T18:01:45.713+0000][gc,heap     ] GC(358) Survivor regions: 9->8(77)
[2025-12-24T18:01:45.713+0000][gc,heap     ] GC(358) Old regions: 92->92
[2025-12-24T18:01:45.713+0000][gc,heap     ] GC(358) Humongous regions: 151->151
[2025-12-24T18:01:45.713+0000][gc,metaspace] GC(358) Metaspace: 15456K(15936K)->15456K(15936K) NonClass: 13829K(14016K)->13829K(14016K) Class: 1626K(1920K)->1626K(1920K)
[2025-12-24T18:01:45.713+0000][gc          ] GC(358) Pause Young (Normal) (G1 Evacuation Pause) 855M->249M(1024M) 14.241ms
[2025-12-24T18:01:45.713+0000][gc,cpu      ] GC(358) User=0.08s Sys=0.00s Real=0.01s
[2025-12-24T18:02:15.971+0000][gc,start    ] GC(359) Pause Young (Normal) (G1 Evacuation Pause)
[2025-12-24T18:02:15.972+0000][gc,task     ] GC(359) Using 8 workers of 8 for evacuation
[2025-12-24T18:02:15.988+0000][gc,phases   ] GC(359)   Pre Evacuate Collection Set: 1.1ms
[2025-12-24T18:02:15.988+0000][gc,phases   ] GC(359)   Merge Heap Roots: 0.3ms
[2025-12-24T18:02:15.988+0000][gc,phases   ] GC(359)   Evacuate Collection Set: 13.1ms
[2025-12-24T18:02:15.988+0000][gc,phases   ] GC(359)   Post Evacuate Collection Set: 1.2ms
[2025-12-24T18:02:15.988+0000][gc,phases   ] GC(359)   Other: 0.3ms
[2025-12-24T18:02:15.988+0000][gc,heap     ] GC(359) Eden regions: 606->0(605)
[2025-12-24T18:02:15.988+0000][gc,heap     ] GC(359) Survivor regions: 8->9(77)
[2025-12-24T18:02:15.988+0000][gc,heap     ] GC(359) Old regions: 92->92
[2025-12-24T18:02:15.988+0000][gc,heap     ] GC(359) Humongous regions: 151->151
[2025-12-24T18:02:15.989+0000][gc,metaspace] GC(359) Metaspace: 15456K(15936K)->15456K(15936K) NonClass: 13829K(14016K)->13829K(14016K) Class: 1626K(1920K)->1626K(1920K)
[2025-12-24T18:02:15.989+0000][gc          ] GC(359) Pause Young (Normal) (G1 Evacuation Pause) 855M->251M(1024M) 17.214ms
[2025-12-24T18:02:15.989+0000][gc,cpu      ] GC(359) User=0.10s Sys=0.00s Real=0.02s
[2025-12-24T18:02:55.580+0000][gc,start    ] GC(360) Pause Young (Normal) (G1 Evacuation Pause)
[2025-12-24T18:02:55.580+0000][gc,task     ] GC(360) Using 8 workers of 8 for evacuation
[2025-12-24T18:02:55.603+0000][gc,phases   ] GC(360)   Pre Evacuate Collection Set: 1.3ms
[2025-12-24T18:02:55.603+0000][gc,phases   ] GC(360)   Merge Heap Roots: 0.6ms
[2025-12-24T18:02:55.603+0000][gc,phases   ] GC(360)   Evacuate Collection Set: 19.2ms
[2025-12-24T18:02:55.603+0000][gc,phases   ] GC(360)   Post Evacuate Collection Set: 1.2ms
[2025-12-24T18:02:55.603+0000][gc,phases   ] GC(360)   Other: 0.3ms
[2025-12-24T18:02:55.603+0000][gc,heap     ] GC(360) Eden regions: 605->0(606)
[2025-12-24T18:02:55.603+0000][gc,heap     ] GC(360) Survivor regions: 9->8(77)
[2025-12-24T18:02:55.603+0000][gc,heap     ] GC(360) Old regions: 92->93
[2025-12-24T18:02:55.603+0000][gc,heap     ] GC(360) Humongous regions: 151->151
[2025-12-24T18:02:55.603+0000][gc,metaspace] GC(360) Metaspace: 15456K(15936K)->15456K(15936K) NonClass: 13829K(14016K)->13829K(14016K) Class: 1626K(1920K)->1626K(1920K)
[2025-12-24T18:02:55.603+0000][gc          ] GC(360) Pause Young (Normal) (G1 Evacuation Pause) 856M->250M(1024M) 23.759ms
[2025-12-24T18:02:55.603+0000][gc,cpu      ] GC(360) User=0.13s Sys=0.02s Real=0.03s
[2025-12-24T18:03:25.855+0000][gc,start    ] GC(361) Pause Young (Normal) (G1 Evacuation Pause)
[2025-12-24T18:03:25.856+0000][gc,task     ] GC(361) Using 8 workers of 8 for evacuation
[2025-12-24T18:03:25.885+0000][gc,phases   ] GC(361)   Pre Evacuate Collection Set: 1.2ms
[2025-12-24T18:03:25.886+0000][gc,phases   ] GC(361)   Merge Heap Roots: 0.3ms
[2025-12-24T18:03:25.886+0000][gc,phases   ] GC(361)   Evacuate Collection Set: 25.0ms
[2025-12-24T18:03:25.886+0000][gc,phases   ] GC(361)   Post Evacuate Collection Set: 2.6ms
[2025-12-24T18:03:25.886+0000][gc,phases   ] GC(361)   Other: 0.2ms
[2025-12-24T18:03:25.886+0000][gc,heap     ] GC(361) Eden regions: 606->0(604)
[2025-12-24T18:03:25.886+0000][gc,heap     ] GC(361) Survivor regions: 8->10(77)
[2025-12-24T18:03:25.886+0000][gc,heap     ] GC(361) Old regions: 93->93
[2025-12-24T18:03:25.887+0000][gc,heap     ] GC(361) Humongous regions: 151->151
[2025-12-24T18:03:25.887+0000][gc,metaspace] GC(361) Metaspace: 15456K(15936K)->15456K(15936K) NonClass: 13829K(14016K)->13829K(14016K) Class: 1626K(1920K)->1626K(1920K)
[2025-12-24T18:03:25.887+0000][gc          ] GC(361) Pause Young (Normal) (G1 Evacuation Pause) 856M->252M(1024M) 31.733ms
[2025-12-24T18:03:25.887+0000][gc,cpu      ] GC(361) User=0.21s Sys=0.00s Real=0.03s
[2025-12-24T18:03:56.029+0000][gc,start    ] GC(362) Pause Young (Normal) (G1 Evacuation Pause)
[2025-12-24T18:03:56.030+0000][gc,task     ] GC(362) Using 8 workers of 8 for evacuation
[2025-12-24T18:03:56.038+0000][gc,phases   ] GC(362)   Pre Evacuate Collection Set: 1.1ms
[2025-12-24T18:03:56.038+0000][gc,phases   ] GC(362)   Merge Heap Roots: 0.2ms
[2025-12-24T18:03:56.038+0000][gc,phases   ] GC(362)   Evacuate Collection Set: 6.0ms
[2025-12-24T18:03:56.038+0000][gc,phases   ] GC(362)   Post Evacuate Collection Set: 1.0ms
[2025-12-24T18:03:56.038+0000][gc,phases   ] GC(362)   Other: 0.2ms
[2025-12-24T18:03:56.039+0000][gc,heap     ] GC(362) Eden regions: 604->0(607)
[2025-12-24T18:03:56.039+0000][gc,heap     ] GC(362) Survivor regions: 10->7(77)
[2025-12-24T18:03:56.039+0000][gc,heap     ] GC(362) Old regions: 93->93
[2025-12-24T18:03:56.039+0000][gc,heap     ] GC(362) Humongous regions: 151->151
[2025-12-24T18:03:56.039+0000][gc,metaspace] GC(362) Metaspace: 15456K(15936K)->15456K(15936K) NonClass: 13829K(14016K)->13829K(14016K) Class: 1626K(1920K)->1626K(1920K)
[2025-12-24T18:03:56.039+0000][gc          ] GC(362) Pause Young (Normal) (G1 Evacuation Pause) 856M->250M(1024M) 9.812ms
[2025-12-24T18:03:56.039+0000][gc,cpu      ] GC(362) User=0.04s Sys=0.00s Real=0.01s
[2025-12-24T18:04:35.725+0000][gc,start    ] GC(363) Pause Young (Normal) (G1 Evacuation Pause)
[2025-12-24T18:04:35.725+0000][gc,task     ] GC(363) Using 8 workers of 8 for evacuation
[2025-12-24T18:04:35.735+0000][gc,phases   ] GC(363)   Pre Evacuate Collection Set: 1.0ms
[2025-12-24T18:04:35.735+0000][gc,phases   ] GC(363)   Merge Heap Roots: 0.2ms
[2025-12-24T18:04:35.735+0000][gc,phases   ] GC(363)   Evacuate Collection Set: 6.7ms
[2025-12-24T18:04:35.735+0000][gc,phases   ] GC(363)   Post Evacuate Collection Set: 1.1ms
[2025-12-24T18:04:35.735+0000][gc,phases   ] GC(363)   Other: 0.3ms
[2025-12-24T18:04:35.735+0000][gc,heap     ] GC(363) Eden regions: 607->0(608)
[2025-12-24T18:04:35.735+0000][gc,heap     ] GC(363) Survivor regions: 7->6(77)
[2025-12-24T18:04:35.735+0000][gc,heap     ] GC(363) Old regions: 93->93
[2025-12-24T18:04:35.735+0000][gc,heap     ] GC(363) Humongous regions: 151->151
[2025-12-24T18:04:35.735+0000][gc,metaspace] GC(363) Metaspace: 15459K(15936K)->15459K(15936K) NonClass: 13832K(14016K)->13832K(14016K) Class: 1626K(1920K)->1626K(1920K)
[2025-12-24T18:04:35.735+0000][gc          ] GC(363) Pause Young (Normal) (G1 Evacuation Pause) 857M->249M(1024M) 10.493ms
[2025-12-24T18:04:35.736+0000][gc,cpu      ] GC(363) User=0.06s Sys=0.00s Real=0.01s
[2025-12-24T18:05:05.957+0000][gc,start    ] GC(364) Pause Young (Normal) (G1 Evacuation Pause)
[2025-12-24T18:05:05.957+0000][gc,task     ] GC(364) Using 8 workers of 8 for evacuation
[2025-12-24T18:05:05.974+0000][gc,phases   ] GC(364)   Pre Evacuate Collection Set: 1.1ms
[2025-12-24T18:05:05.974+0000][gc,phases   ] GC(364)   Merge Heap Roots: 0.3ms
[2025-12-24T18:05:05.974+0000][gc,phases   ] GC(364)   Evacuate Collection Set: 13.5ms
[2025-12-24T18:05:05.974+0000][gc,phases   ] GC(364)   Post Evacuate Collection Set: 1.1ms
[2025-12-24T18:05:05.974+0000][gc,phases   ] GC(364)   Other: 0.4ms
[2025-12-24T18:05:05.974+0000][gc,heap     ] GC(364) Eden regions: 608->0(606)
[2025-12-24T18:05:05.974+0000][gc,heap     ] GC(364) Survivor regions: 6->8(77)
[2025-12-24T18:05:05.974+0000][gc,heap     ] GC(364) Old regions: 93->93
[2025-12-24T18:05:05.974+0000][gc,heap     ] GC(364) Humongous regions: 151->151
[2025-12-24T18:05:05.974+0000][gc,metaspace] GC(364) Metaspace: 15459K(15936K)->15459K(15936K) NonClass: 13832K(14016K)->13832K(14016K) Class: 1626K(1920K)->1626K(1920K)
[2025-12-24T18:05:05.974+0000][gc          ] GC(364) Pause Young (Normal) (G1 Evacuation Pause) 857M->251M(1024M) 17.633ms
[2025-12-24T18:05:05.974+0000][gc,cpu      ] GC(364) User=0.11s Sys=0.00s Real=0.02s
[2025-12-24T18:05:45.667+0000][gc,start    ] GC(365) Pause Young (Normal) (G1 Evacuation Pause)
[2025-12-24T18:05:45.668+0000][gc,task     ] GC(365) Using 8 workers of 8 for evacuation
[2025-12-24T18:05:45.682+0000][gc,phases   ] GC(365)   Pre Evacuate Collection Set: 1.1ms
[2025-12-24T18:05:45.682+0000][gc,phases   ] GC(365)   Merge Heap Roots: 0.3ms
[2025-12-24T18:05:45.682+0000][gc,phases   ] GC(365)   Evacuate Collection Set: 10.0ms
[2025-12-24T18:05:45.682+0000][gc,phases   ] GC(365)   Post Evacuate Collection Set: 1.5ms
[2025-12-24T18:05:45.682+0000][gc,phases   ] GC(365)   Other: 0.3ms
[2025-12-24T18:05:45.682+0000][gc,heap     ] GC(365) Eden regions: 606->0(607)
[2025-12-24T18:05:45.682+0000][gc,heap     ] GC(365) Survivor regions: 8->7(77)
[2025-12-24T18:05:45.683+0000][gc,heap     ] GC(365) Old regions: 93->94
[2025-12-24T18:05:45.683+0000][gc,heap     ] GC(365) Humongous regions: 151->151
[2025-12-24T18:05:45.683+0000][gc,metaspace] GC(365) Metaspace: 15459K(15936K)->15459K(15936K) NonClass: 13832K(14016K)->13832K(14016K) Class: 1626K(1920K)->1626K(1920K)
[2025-12-24T18:05:45.683+0000][gc          ] GC(365) Pause Young (Normal) (G1 Evacuation Pause) 857M->250M(1024M) 15.829ms
[2025-12-24T18:05:45.683+0000][gc,cpu      ] GC(365) User=0.08s Sys=0.00s Real=0.02s
[2025-12-24T18:06:15.909+0000][gc,start    ] GC(366) Pause Young (Normal) (G1 Evacuation Pause)
[2025-12-24T18:06:15.910+0000][gc,task     ] GC(366) Using 8 workers of 8 for evacuation
[2025-12-24T18:06:15.924+0000][gc,phases   ] GC(366)   Pre Evacuate Collection Set: 1.1ms
[2025-12-24T18:06:15.924+0000][gc,phases   ] GC(366)   Merge Heap Roots: 0.3ms
[2025-12-24T18:06:15.924+0000][gc,phases   ] GC(366)   Evacuate Collection Set: 11.0ms
[2025-12-24T18:06:15.924+0000][gc,phases   ] GC(366)   Post Evacuate Collection Set: 1.1ms
[2025-12-24T18:06:15.924+0000][gc,phases   ] GC(366)   Other: 0.2ms
[2025-12-24T18:06:15.924+0000][gc,heap     ] GC(366) Eden regions: 607->0(605)
[2025-12-24T18:06:15.924+0000][gc,heap     ] GC(366) Survivor regions: 7->9(77)
[2025-12-24T18:06:15.924+0000][gc,heap     ] GC(366) Old regions: 94->94
[2025-12-24T18:06:15.924+0000][gc,heap     ] GC(366) Humongous regions: 151->151
[2025-12-24T18:06:15.924+0000][gc,metaspace] GC(366) Metaspace: 15460K(15936K)->15460K(15936K) NonClass: 13833K(14016K)->13833K(14016K) Class: 1626K(1920K)->1626K(1920K)
[2025-12-24T18:06:15.924+0000][gc          ] GC(366) Pause Young (Normal) (G1 Evacuation Pause) 857M->252M(1024M) 15.407ms
[2025-12-24T18:06:15.924+0000][gc,cpu      ] GC(366) User=0.08s Sys=0.00s Real=0.01s
[2025-12-24T18:06:55.544+0000][gc,start    ] GC(367) Pause Young (Normal) (G1 Evacuation Pause)
[2025-12-24T18:06:55.546+0000][gc,task     ] GC(367) Using 8 workers of 8 for evacuation
[2025-12-24T18:06:55.576+0000][gc,phases   ] GC(367)   Pre Evacuate Collection Set: 2.0ms
[2025-12-24T18:06:55.577+0000][gc,phases   ] GC(367)   Merge Heap Roots: 0.4ms
[2025-12-24T18:06:55.577+0000][gc,phases   ] GC(367)   Evacuate Collection Set: 23.7ms
[2025-12-24T18:06:55.577+0000][gc,phases   ] GC(367)   Post Evacuate Collection Set: 3.4ms
[2025-12-24T18:06:55.577+0000][gc,phases   ] GC(367)   Other: 0.6ms
[2025-12-24T18:06:55.577+0000][gc,heap     ] GC(367) Eden regions: 605->0(606)
[2025-12-24T18:06:55.578+0000][gc,heap     ] GC(367) Survivor regions: 9->8(77)
[2025-12-24T18:06:55.578+0000][gc,heap     ] GC(367) Old regions: 94->94
[2025-12-24T18:06:55.578+0000][gc,heap     ] GC(367) Humongous regions: 151->151
[2025-12-24T18:06:55.578+0000][gc,metaspace] GC(367) Metaspace: 15460K(15936K)->15460K(15936K) NonClass: 13833K(14016K)->13833K(14016K) Class: 1626K(1920K)->1626K(1920K)
[2025-12-24T18:06:55.578+0000][gc          ] GC(367) Pause Young (Normal) (G1 Evacuation Pause) 857M->252M(1024M) 34.527ms
[2025-12-24T18:06:55.578+0000][gc,cpu      ] GC(367) User=0.19s Sys=0.01s Real=0.04s
[2025-12-24T18:07:25.801+0000][gc,start    ] GC(368) Pause Young (Normal) (G1 Evacuation Pause)
[2025-12-24T18:07:25.802+0000][gc,task     ] GC(368) Using 8 workers of 8 for evacuation
[2025-12-24T18:07:25.817+0000][gc,phases   ] GC(368)   Pre Evacuate Collection Set: 1.0ms
[2025-12-24T18:07:25.817+0000][gc,phases   ] GC(368)   Merge Heap Roots: 0.3ms
[2025-12-24T18:07:25.817+0000][gc,phases   ] GC(368)   Evacuate Collection Set: 12.4ms
[2025-12-24T18:07:25.817+0000][gc,phases   ] GC(368)   Post Evacuate Collection Set: 1.0ms
[2025-12-24T18:07:25.817+0000][gc,phases   ] GC(368)   Other: 0.3ms
[2025-12-24T18:07:25.817+0000][gc,heap     ] GC(368) Eden regions: 606->0(605)
[2025-12-24T18:07:25.817+0000][gc,heap     ] GC(368) Survivor regions: 8->9(77)
[2025-12-24T18:07:25.817+0000][gc,heap     ] GC(368) Old regions: 94->94
[2025-12-24T18:07:25.817+0000][gc,heap     ] GC(368) Humongous regions: 151->151
[2025-12-24T18:07:25.818+0000][gc,metaspace] GC(368) Metaspace: 15461K(15936K)->15461K(15936K) NonClass: 13834K(14016K)->13834K(14016K) Class: 1626K(1920K)->1626K(1920K)
[2025-12-24T18:07:25.818+0000][gc          ] GC(368) Pause Young (Normal) (G1 Evacuation Pause) 858M->253M(1024M) 16.192ms
[2025-12-24T18:07:25.818+0000][gc,cpu      ] GC(368) User=0.10s Sys=0.00s Real=0.02s
[2025-12-24T18:07:56.011+0000][gc,start    ] GC(369) Pause Young (Normal) (G1 Evacuation Pause)
[2025-12-24T18:07:56.012+0000][gc,task     ] GC(369) Using 8 workers of 8 for evacuation
[2025-12-24T18:07:56.023+0000][gc,phases   ] GC(369)   Pre Evacuate Collection Set: 1.1ms
[2025-12-24T18:07:56.023+0000][gc,phases   ] GC(369)   Merge Heap Roots: 0.3ms
[2025-12-24T18:07:56.023+0000][gc,phases   ] GC(369)   Evacuate Collection Set: 8.7ms
[2025-12-24T18:07:56.024+0000][gc,phases   ] GC(369)   Post Evacuate Collection Set: 1.1ms
[2025-12-24T18:07:56.024+0000][gc,phases   ] GC(369)   Other: 0.4ms
[2025-12-24T18:07:56.024+0000][gc,heap     ] GC(369) Eden regions: 605->0(607)
[2025-12-24T18:07:56.024+0000][gc,heap     ] GC(369) Survivor regions: 9->7(77)
[2025-12-24T18:07:56.024+0000][gc,heap     ] GC(369) Old regions: 94->95
[2025-12-24T18:07:56.024+0000][gc,heap     ] GC(369) Humongous regions: 151->151
[2025-12-24T18:07:56.024+0000][gc,metaspace] GC(369) Metaspace: 15461K(15936K)->15461K(15936K) NonClass: 13834K(14016K)->13834K(14016K) Class: 1626K(1920K)->1626K(1920K)
[2025-12-24T18:07:56.024+0000][gc          ] GC(369) Pause Young (Normal) (G1 Evacuation Pause) 858M->251M(1024M) 12.724ms
[2025-12-24T18:07:56.024+0000][gc,cpu      ] GC(369) User=0.08s Sys=0.00s Real=0.02s
[2025-12-24T18:08:35.706+0000][gc,start    ] GC(370) Pause Young (Normal) (G1 Evacuation Pause)
[2025-12-24T18:08:35.708+0000][gc,task     ] GC(370) Using 8 workers of 8 for evacuation
[2025-12-24T18:08:35.725+0000][gc,phases   ] GC(370)   Pre Evacuate Collection Set: 1.1ms
[2025-12-24T18:08:35.725+0000][gc,phases   ] GC(370)   Merge Heap Roots: 0.3ms
[2025-12-24T18:08:35.725+0000][gc,phases   ] GC(370)   Evacuate Collection Set: 14.8ms
[2025-12-24T18:08:35.725+0000][gc,phases   ] GC(370)   Post Evacuate Collection Set: 1.2ms
[2025-12-24T18:08:35.725+0000][gc,phases   ] GC(370)   Other: 0.3ms
[2025-12-24T18:08:35.725+0000][gc,heap     ] GC(370) Eden regions: 607->0(608)
[2025-12-24T18:08:35.725+0000][gc,heap     ] GC(370) Survivor regions: 7->6(77)
[2025-12-24T18:08:35.725+0000][gc,heap     ] GC(370) Old regions: 95->95
[2025-12-24T18:08:35.726+0000][gc,heap     ] GC(370) Humongous regions: 151->151
[2025-12-24T18:08:35.726+0000][gc,metaspace] GC(370) Metaspace: 15461K(15936K)->15461K(15936K) NonClass: 13834K(14016K)->13834K(14016K) Class: 1626K(1920K)->1626K(1920K)
[2025-12-24T18:08:35.726+0000][gc          ] GC(370) Pause Young (Normal) (G1 Evacuation Pause) 858M->251M(1024M) 19.433ms
[2025-12-24T18:08:35.726+0000][gc,cpu      ] GC(370) User=0.11s Sys=0.00s Real=0.02s
[2025-12-24T18:09:05.948+0000][gc,start    ] GC(371) Pause Young (Normal) (G1 Evacuation Pause)
[2025-12-24T18:09:05.948+0000][gc,task     ] GC(371) Using 8 workers of 8 for evacuation
[2025-12-24T18:09:05.963+0000][gc,phases   ] GC(371)   Pre Evacuate Collection Set: 1.0ms
[2025-12-24T18:09:05.963+0000][gc,phases   ] GC(371)   Merge Heap Roots: 0.3ms
[2025-12-24T18:09:05.963+0000][gc,phases   ] GC(371)   Evacuate Collection Set: 11.6ms
[2025-12-24T18:09:05.963+0000][gc,phases   ] GC(371)   Post Evacuate Collection Set: 1.1ms
[2025-12-24T18:09:05.963+0000][gc,phases   ] GC(371)   Other: 0.3ms
[2025-12-24T18:09:05.963+0000][gc,heap     ] GC(371) Eden regions: 608->0(607)
[2025-12-24T18:09:05.963+0000][gc,heap     ] GC(371) Survivor regions: 6->7(77)
[2025-12-24T18:09:05.963+0000][gc,heap     ] GC(371) Old regions: 95->95
[2025-12-24T18:09:05.963+0000][gc,heap     ] GC(371) Humongous regions: 151->151
[2025-12-24T18:09:05.963+0000][gc,metaspace] GC(371) Metaspace: 15461K(15936K)->15461K(15936K) NonClass: 13834K(14016K)->13834K(14016K) Class: 1626K(1920K)->1626K(1920K)
[2025-12-24T18:09:05.963+0000][gc          ] GC(371) Pause Young (Normal) (G1 Evacuation Pause) 859M->252M(1024M) 15.635ms
[2025-12-24T18:09:05.963+0000][gc,cpu      ] GC(371) User=0.09s Sys=0.00s Real=0.02s
[2025-12-24T18:09:45.615+0000][gc,start    ] GC(372) Pause Young (Normal) (G1 Evacuation Pause)
[2025-12-24T18:09:45.615+0000][gc,task     ] GC(372) Using 8 workers of 8 for evacuation
[2025-12-24T18:09:45.625+0000][gc,phases   ] GC(372)   Pre Evacuate Collection Set: 1.0ms
[2025-12-24T18:09:45.625+0000][gc,phases   ] GC(372)   Merge Heap Roots: 0.3ms
[2025-12-24T18:09:45.625+0000][gc,phases   ] GC(372)   Evacuate Collection Set: 7.4ms
[2025-12-24T18:09:45.625+0000][gc,phases   ] GC(372)   Post Evacuate Collection Set: 1.0ms
[2025-12-24T18:09:45.626+0000][gc,phases   ] GC(372)   Other: 0.4ms
[2025-12-24T18:09:45.626+0000][gc,heap     ] GC(372) Eden regions: 607->0(607)
[2025-12-24T18:09:45.626+0000][gc,heap     ] GC(372) Survivor regions: 7->7(77)
[2025-12-24T18:09:45.626+0000][gc,heap     ] GC(372) Old regions: 95->95
[2025-12-24T18:09:45.626+0000][gc,heap     ] GC(372) Humongous regions: 151->151
[2025-12-24T18:09:45.626+0000][gc,metaspace] GC(372) Metaspace: 15461K(15936K)->15461K(15936K) NonClass: 13834K(14016K)->13834K(14016K) Class: 1626K(1920K)->1626K(1920K)
[2025-12-24T18:09:45.626+0000][gc          ] GC(372) Pause Young (Normal) (G1 Evacuation Pause) 859M->252M(1024M) 11.355ms
[2025-12-24T18:09:45.626+0000][gc,cpu      ] GC(372) User=0.06s Sys=0.00s Real=0.02s
[2025-12-24T18:10:15.865+0000][gc,start    ] GC(373) Pause Young (Normal) (G1 Evacuation Pause)
[2025-12-24T18:10:15.865+0000][gc,task     ] GC(373) Using 8 workers of 8 for evacuation
[2025-12-24T18:10:15.885+0000][gc,phases   ] GC(373)   Pre Evacuate Collection Set: 0.9ms
[2025-12-24T18:10:15.885+0000][gc,phases   ] GC(373)   Merge Heap Roots: 0.3ms
[2025-12-24T18:10:15.885+0000][gc,phases   ] GC(373)   Evacuate Collection Set: 16.8ms
[2025-12-24T18:10:15.885+0000][gc,phases   ] GC(373)   Post Evacuate Collection Set: 1.3ms
[2025-12-24T18:10:15.885+0000][gc,phases   ] GC(373)   Other: 0.4ms
[2025-12-24T18:10:15.885+0000][gc,heap     ] GC(373) Eden regions: 607->0(605)
[2025-12-24T18:10:15.885+0000][gc,heap     ] GC(373) Survivor regions: 7->9(77)
[2025-12-24T18:10:15.885+0000][gc,heap     ] GC(373) Old regions: 95->96
[2025-12-24T18:10:15.886+0000][gc,heap     ] GC(373) Humongous regions: 151->151
[2025-12-24T18:10:15.886+0000][gc,metaspace] GC(373) Metaspace: 15461K(15936K)->15461K(15936K) NonClass: 13834K(14016K)->13834K(14016K) Class: 1626K(1920K)->1626K(1920K)
[2025-12-24T18:10:15.886+0000][gc          ] GC(373) Pause Young (Normal) (G1 Evacuation Pause) 859M->254M(1024M) 21.054ms
[2025-12-24T18:10:15.886+0000][gc,cpu      ] GC(373) User=0.14s Sys=0.00s Real=0.03s
[2025-12-24T18:10:51.208+0000][gc,start    ] GC(374) Pause Young (Normal) (G1 Evacuation Pause)
[2025-12-24T18:10:51.210+0000][gc,task     ] GC(374) Using 8 workers of 8 for evacuation
[2025-12-24T18:10:51.241+0000][gc,phases   ] GC(374)   Pre Evacuate Collection Set: 3.0ms
[2025-12-24T18:10:51.242+0000][gc,phases   ] GC(374)   Merge Heap Roots: 1.0ms
[2025-12-24T18:10:51.242+0000][gc,phases   ] GC(374)   Evacuate Collection Set: 20.5ms
[2025-12-24T18:10:51.242+0000][gc,phases   ] GC(374)   Post Evacuate Collection Set: 5.7ms
[2025-12-24T18:10:51.242+0000][gc,phases   ] GC(374)   Other: 0.9ms
[2025-12-24T18:10:51.242+0000][gc,heap     ] GC(374) Eden regions: 605->0(606)
[2025-12-24T18:10:51.242+0000][gc,heap     ] GC(374) Survivor regions: 9->8(77)
[2025-12-24T18:10:51.242+0000][gc,heap     ] GC(374) Old regions: 96->96
[2025-12-24T18:10:51.242+0000][gc,heap     ] GC(374) Humongous regions: 151->151
[2025-12-24T18:10:51.243+0000][gc,metaspace] GC(374) Metaspace: 15461K(15936K)->15461K(15936K) NonClass: 13834K(14016K)->13834K(14016K) Class: 1626K(1920K)->1626K(1920K)
[2025-12-24T18:10:51.243+0000][gc          ] GC(374) Pause Young (Normal) (G1 Evacuation Pause) 859M->253M(1024M) 34.526ms
[2025-12-24T18:10:51.243+0000][gc,cpu      ] GC(374) User=0.18s Sys=0.01s Real=0.03s
[2025-12-24T18:11:25.759+0000][gc,start    ] GC(375) Pause Young (Normal) (G1 Evacuation Pause)
[2025-12-24T18:11:25.760+0000][gc,task     ] GC(375) Using 8 workers of 8 for evacuation
[2025-12-24T18:11:25.774+0000][gc,phases   ] GC(375)   Pre Evacuate Collection Set: 1.1ms
[2025-12-24T18:11:25.774+0000][gc,phases   ] GC(375)   Merge Heap Roots: 0.3ms
[2025-12-24T18:11:25.774+0000][gc,phases   ] GC(375)   Evacuate Collection Set: 10.7ms
[2025-12-24T18:11:25.774+0000][gc,phases   ] GC(375)   Post Evacuate Collection Set: 1.2ms
[2025-12-24T18:11:25.774+0000][gc,phases   ] GC(375)   Other: 0.4ms
[2025-12-24T18:11:25.774+0000][gc,heap     ] GC(375) Eden regions: 606->0(605)
[2025-12-24T18:11:25.774+0000][gc,heap     ] GC(375) Survivor regions: 8->9(77)
[2025-12-24T18:11:25.774+0000][gc,heap     ] GC(375) Old regions: 96->96
[2025-12-24T18:11:25.774+0000][gc,heap     ] GC(375) Humongous regions: 151->151
[2025-12-24T18:11:25.774+0000][gc,metaspace] GC(375) Metaspace: 15461K(15936K)->15461K(15936K) NonClass: 13834K(14016K)->13834K(14016K) Class: 1626K(1920K)->1626K(1920K)
[2025-12-24T18:11:25.774+0000][gc          ] GC(375) Pause Young (Normal) (G1 Evacuation Pause) 859M->255M(1024M) 14.892ms
[2025-12-24T18:11:25.774+0000][gc,cpu      ] GC(375) User=0.09s Sys=0.00s Real=0.02s
[2025-12-24T18:11:56.044+0000][gc,start    ] GC(376) Pause Young (Normal) (G1 Evacuation Pause)
[2025-12-24T18:11:56.045+0000][gc,task     ] GC(376) Using 8 workers of 8 for evacuation
[2025-12-24T18:11:56.063+0000][gc,phases   ] GC(376)   Pre Evacuate Collection Set: 1.1ms
[2025-12-24T18:11:56.063+0000][gc,phases   ] GC(376)   Merge Heap Roots: 0.2ms
[2025-12-24T18:11:56.063+0000][gc,phases   ] GC(376)   Evacuate Collection Set: 13.8ms
[2025-12-24T18:11:56.063+0000][gc,phases   ] GC(376)   Post Evacuate Collection Set: 2.1ms
[2025-12-24T18:11:56.063+0000][gc,phases   ] GC(376)   Other: 0.3ms
[2025-12-24T18:11:56.063+0000][gc,heap     ] GC(376) Eden regions: 605->0(603)
[2025-12-24T18:11:56.063+0000][gc,heap     ] GC(376) Survivor regions: 9->11(77)
[2025-12-24T18:11:56.063+0000][gc,heap     ] GC(376) Old regions: 96->96
[2025-12-24T18:11:56.063+0000][gc,heap     ] GC(376) Humongous regions: 151->151
[2025-12-24T18:11:56.063+0000][gc,metaspace] GC(376) Metaspace: 15461K(15936K)->15461K(15936K) NonClass: 13834K(14016K)->13834K(14016K) Class: 1626K(1920K)->1626K(1920K)
[2025-12-24T18:11:56.063+0000][gc          ] GC(376) Pause Young (Normal) (G1 Evacuation Pause) 860M->257M(1024M) 18.930ms
[2025-12-24T18:11:56.063+0000][gc,cpu      ] GC(376) User=0.11s Sys=0.01s Real=0.02s
[2025-12-24T18:12:35.629+0000][gc,start    ] GC(377) Pause Young (Normal) (G1 Evacuation Pause)
[2025-12-24T18:12:35.630+0000][gc,task     ] GC(377) Using 8 workers of 8 for evacuation
[2025-12-24T18:12:35.644+0000][gc,phases   ] GC(377)   Pre Evacuate Collection Set: 1.0ms
[2025-12-24T18:12:35.644+0000][gc,phases   ] GC(377)   Merge Heap Roots: 0.6ms
[2025-12-24T18:12:35.644+0000][gc,phases   ] GC(377)   Evacuate Collection Set: 9.9ms
[2025-12-24T18:12:35.644+0000][gc,phases   ] GC(377)   Post Evacuate Collection Set: 2.1ms
[2025-12-24T18:12:35.644+0000][gc,phases   ] GC(377)   Other: 0.4ms
[2025-12-24T18:12:35.645+0000][gc,heap     ] GC(377) Eden regions: 603->0(608)
[2025-12-24T18:12:35.645+0000][gc,heap     ] GC(377) Survivor regions: 11->6(77)
[2025-12-24T18:12:35.645+0000][gc,heap     ] GC(377) Old regions: 96->96
[2025-12-24T18:12:35.645+0000][gc,heap     ] GC(377) Humongous regions: 151->151
[2025-12-24T18:12:35.645+0000][gc,metaspace] GC(377) Metaspace: 15461K(15936K)->15461K(15936K) NonClass: 13834K(14016K)->13834K(14016K) Class: 1626K(1920K)->1626K(1920K)
[2025-12-24T18:12:35.645+0000][gc          ] GC(377) Pause Young (Normal) (G1 Evacuation Pause) 860M->252M(1024M) 15.574ms
[2025-12-24T18:12:35.645+0000][gc,cpu      ] GC(377) User=0.09s Sys=0.00s Real=0.01s
[2025-12-24T18:13:05.926+0000][gc,start    ] GC(378) Pause Young (Normal) (G1 Evacuation Pause)
[2025-12-24T18:13:05.927+0000][gc,task     ] GC(378) Using 8 workers of 8 for evacuation
[2025-12-24T18:13:05.946+0000][gc,phases   ] GC(378)   Pre Evacuate Collection Set: 1.0ms
[2025-12-24T18:13:05.946+0000][gc,phases   ] GC(378)   Merge Heap Roots: 0.2ms
[2025-12-24T18:13:05.946+0000][gc,phases   ] GC(378)   Evacuate Collection Set: 16.5ms
[2025-12-24T18:13:05.946+0000][gc,phases   ] GC(378)   Post Evacuate Collection Set: 1.2ms
[2025-12-24T18:13:05.947+0000][gc,phases   ] GC(378)   Other: 0.3ms
[2025-12-24T18:13:05.947+0000][gc,heap     ] GC(378) Eden regions: 608->0(607)
[2025-12-24T18:13:05.947+0000][gc,heap     ] GC(378) Survivor regions: 6->7(77)
[2025-12-24T18:13:05.947+0000][gc,heap     ] GC(378) Old regions: 96->97
[2025-12-24T18:13:05.947+0000][gc,heap     ] GC(378) Humongous regions: 151->151
[2025-12-24T18:13:05.947+0000][gc,metaspace] GC(378) Metaspace: 15461K(15936K)->15461K(15936K) NonClass: 13834K(14016K)->13834K(14016K) Class: 1626K(1920K)->1626K(1920K)
[2025-12-24T18:13:05.947+0000][gc          ] GC(378) Pause Young (Normal) (G1 Evacuation Pause) 860M->254M(1024M) 20.675ms
[2025-12-24T18:13:05.947+0000][gc,cpu      ] GC(378) User=0.14s Sys=0.00s Real=0.02s
[2025-12-24T18:13:45.591+0000][gc,start    ] GC(379) Pause Young (Normal) (G1 Evacuation Pause)
[2025-12-24T18:13:45.592+0000][gc,task     ] GC(379) Using 8 workers of 8 for evacuation
[2025-12-24T18:13:45.610+0000][gc,phases   ] GC(379)   Pre Evacuate Collection Set: 1.1ms
[2025-12-24T18:13:45.611+0000][gc,phases   ] GC(379)   Merge Heap Roots: 1.3ms
[2025-12-24T18:13:45.611+0000][gc,phases   ] GC(379)   Evacuate Collection Set: 14.5ms
[2025-12-24T18:13:45.611+0000][gc,phases   ] GC(379)   Post Evacuate Collection Set: 1.6ms
[2025-12-24T18:13:45.611+0000][gc,phases   ] GC(379)   Other: 0.4ms
[2025-12-24T18:13:45.611+0000][gc,heap     ] GC(379) Eden regions: 607->0(608)
[2025-12-24T18:13:45.611+0000][gc,heap     ] GC(379) Survivor regions: 7->6(77)
[2025-12-24T18:13:45.611+0000][gc,heap     ] GC(379) Old regions: 97->97
[2025-12-24T18:13:45.611+0000][gc,heap     ] GC(379) Humongous regions: 151->151
[2025-12-24T18:13:45.611+0000][gc,metaspace] GC(379) Metaspace: 15461K(15936K)->15461K(15936K) NonClass: 13834K(14016K)->13834K(14016K) Class: 1626K(1920K)->1626K(1920K)
[2025-12-24T18:13:45.611+0000][gc          ] GC(379) Pause Young (Normal) (G1 Evacuation Pause) 861M->253M(1024M) 20.362ms
[2025-12-24T18:13:45.611+0000][gc,cpu      ] GC(379) User=0.13s Sys=0.00s Real=0.02s
[2025-12-24T18:14:15.826+0000][gc,start    ] GC(380) Pause Young (Normal) (G1 Evacuation Pause)
[2025-12-24T18:14:15.828+0000][gc,task     ] GC(380) Using 8 workers of 8 for evacuation
[2025-12-24T18:14:15.870+0000][gc,phases   ] GC(380)   Pre Evacuate Collection Set: 3.2ms
[2025-12-24T18:14:15.870+0000][gc,phases   ] GC(380)   Merge Heap Roots: 1.0ms
[2025-12-24T18:14:15.871+0000][gc,phases   ] GC(380)   Evacuate Collection Set: 33.3ms
[2025-12-24T18:14:15.871+0000][gc,phases   ] GC(380)   Post Evacuate Collection Set: 2.4ms
[2025-12-24T18:14:15.871+0000][gc,phases   ] GC(380)   Other: 1.6ms
[2025-12-24T18:14:15.871+0000][gc,heap     ] GC(380) Eden regions: 608->0(606)
[2025-12-24T18:14:15.871+0000][gc,heap     ] GC(380) Survivor regions: 6->8(77)
[2025-12-24T18:14:15.871+0000][gc,heap     ] GC(380) Old regions: 97->97
[2025-12-24T18:14:15.871+0000][gc,heap     ] GC(380) Humongous regions: 151->151
[2025-12-24T18:14:15.871+0000][gc,metaspace] GC(380) Metaspace: 15464K(15936K)->15464K(15936K) NonClass: 13837K(14016K)->13837K(14016K) Class: 1626K(1920K)->1626K(1920K)
[2025-12-24T18:14:15.873+0000][gc          ] GC(380) Pause Young (Normal) (G1 Evacuation Pause) 861M->255M(1024M) 46.754ms
[2025-12-24T18:14:15.873+0000][gc,cpu      ] GC(380) User=0.09s Sys=0.01s Real=0.05s
[2025-12-24T18:14:46.061+0000][gc,start    ] GC(381) Pause Young (Normal) (G1 Evacuation Pause)
[2025-12-24T18:14:46.062+0000][gc,task     ] GC(381) Using 8 workers of 8 for evacuation
[2025-12-24T18:14:46.094+0000][gc,phases   ] GC(381)   Pre Evacuate Collection Set: 1.7ms
[2025-12-24T18:14:46.095+0000][gc,phases   ] GC(381)   Merge Heap Roots: 0.3ms
[2025-12-24T18:14:46.096+0000][gc,phases   ] GC(381)   Evacuate Collection Set: 26.2ms
[2025-12-24T18:14:46.096+0000][gc,phases   ] GC(381)   Post Evacuate Collection Set: 2.9ms
[2025-12-24T18:14:46.097+0000][gc,phases   ] GC(381)   Other: 0.4ms
[2025-12-24T18:14:46.097+0000][gc,heap     ] GC(381) Eden regions: 606->0(604)
[2025-12-24T18:14:46.098+0000][gc,heap     ] GC(381) Survivor regions: 8->10(77)
[2025-12-24T18:14:46.098+0000][gc,heap     ] GC(381) Old regions: 97->97
[2025-12-24T18:14:46.098+0000][gc,heap     ] GC(381) Humongous regions: 151->151
[2025-12-24T18:14:46.099+0000][gc,metaspace] GC(381) Metaspace: 15464K(15936K)->15464K(15936K) NonClass: 13837K(14016K)->13837K(14016K) Class: 1626K(1920K)->1626K(1920K)
[2025-12-24T18:14:46.102+0000][gc          ] GC(381) Pause Young (Normal) (G1 Evacuation Pause) 861M->257M(1024M) 40.139ms
[2025-12-24T18:14:46.103+0000][gc,cpu      ] GC(381) User=0.14s Sys=0.01s Real=0.04s
[2025-12-24T18:15:25.716+0000][gc,start    ] GC(382) Pause Young (Normal) (G1 Evacuation Pause)
[2025-12-24T18:15:25.717+0000][gc,task     ] GC(382) Using 8 workers of 8 for evacuation
[2025-12-24T18:15:25.736+0000][gc,phases   ] GC(382)   Pre Evacuate Collection Set: 1.1ms
[2025-12-24T18:15:25.736+0000][gc,phases   ] GC(382)   Merge Heap Roots: 0.2ms
[2025-12-24T18:15:25.736+0000][gc,phases   ] GC(382)   Evacuate Collection Set: 15.5ms
[2025-12-24T18:15:25.736+0000][gc,phases   ] GC(382)   Post Evacuate Collection Set: 1.1ms
[2025-12-24T18:15:25.736+0000][gc,phases   ] GC(382)   Other: 0.3ms
[2025-12-24T18:15:25.736+0000][gc,heap     ] GC(382) Eden regions: 604->0(605)
[2025-12-24T18:15:25.736+0000][gc,heap     ] GC(382) Survivor regions: 10->9(77)
[2025-12-24T18:15:25.736+0000][gc,heap     ] GC(382) Old regions: 97->98
[2025-12-24T18:15:25.736+0000][gc,heap     ] GC(382) Humongous regions: 151->151
[2025-12-24T18:15:25.736+0000][gc,metaspace] GC(382) Metaspace: 15465K(15936K)->15465K(15936K) NonClass: 13838K(14016K)->13838K(14016K) Class: 1626K(1920K)->1626K(1920K)
[2025-12-24T18:15:25.736+0000][gc          ] GC(382) Pause Young (Normal) (G1 Evacuation Pause) 861M->256M(1024M) 19.859ms
[2025-12-24T18:15:25.736+0000][gc,cpu      ] GC(382) User=0.11s Sys=0.00s Real=0.02s
[2025-12-24T18:15:55.955+0000][gc,start    ] GC(383) Pause Young (Normal) (G1 Evacuation Pause)
[2025-12-24T18:15:55.956+0000][gc,task     ] GC(383) Using 8 workers of 8 for evacuation
[2025-12-24T18:15:55.967+0000][gc,phases   ] GC(383)   Pre Evacuate Collection Set: 1.0ms
[2025-12-24T18:15:55.967+0000][gc,phases   ] GC(383)   Merge Heap Roots: 0.3ms
[2025-12-24T18:15:55.968+0000][gc,phases   ] GC(383)   Evacuate Collection Set: 9.1ms
[2025-12-24T18:15:55.968+0000][gc,phases   ] GC(383)   Post Evacuate Collection Set: 1.1ms
[2025-12-24T18:15:55.968+0000][gc,phases   ] GC(383)   Other: 0.3ms
[2025-12-24T18:15:55.968+0000][gc,heap     ] GC(383) Eden regions: 605->0(603)
[2025-12-24T18:15:55.968+0000][gc,heap     ] GC(383) Survivor regions: 9->11(77)
[2025-12-24T18:15:55.968+0000][gc,heap     ] GC(383) Old regions: 98->98
[2025-12-24T18:15:55.968+0000][gc,heap     ] GC(383) Humongous regions: 151->151
[2025-12-24T18:15:55.968+0000][gc,metaspace] GC(383) Metaspace: 15470K(15936K)->15470K(15936K) NonClass: 13843K(14016K)->13843K(14016K) Class: 1626K(1920K)->1626K(1920K)
[2025-12-24T18:15:55.968+0000][gc          ] GC(383) Pause Young (Normal) (G1 Evacuation Pause) 861M->258M(1024M) 13.073ms
[2025-12-24T18:15:55.968+0000][gc,cpu      ] GC(383) User=0.08s Sys=0.00s Real=0.01s
[2025-12-24T18:16:35.612+0000][gc,start    ] GC(384) Pause Young (Normal) (G1 Evacuation Pause)
[2025-12-24T18:16:35.613+0000][gc,task     ] GC(384) Using 8 workers of 8 for evacuation
[2025-12-24T18:16:35.622+0000][gc,phases   ] GC(384)   Pre Evacuate Collection Set: 1.0ms
[2025-12-24T18:16:35.622+0000][gc,phases   ] GC(384)   Merge Heap Roots: 0.2ms
[2025-12-24T18:16:35.622+0000][gc,phases   ] GC(384)   Evacuate Collection Set: 6.4ms
[2025-12-24T18:16:35.622+0000][gc,phases   ] GC(384)   Post Evacuate Collection Set: 1.1ms
[2025-12-24T18:16:35.622+0000][gc,phases   ] GC(384)   Other: 0.2ms
[2025-12-24T18:16:35.622+0000][gc,heap     ] GC(384) Eden regions: 603->0(609)
[2025-12-24T18:16:35.622+0000][gc,heap     ] GC(384) Survivor regions: 11->5(77)
[2025-12-24T18:16:35.622+0000][gc,heap     ] GC(384) Old regions: 98->98
[2025-12-24T18:16:35.622+0000][gc,heap     ] GC(384) Humongous regions: 151->151
[2025-12-24T18:16:35.622+0000][gc,metaspace] GC(384) Metaspace: 15470K(15936K)->15470K(15936K) NonClass: 13843K(14016K)->13843K(14016K) Class: 1626K(1920K)->1626K(1920K)
[2025-12-24T18:16:35.623+0000][gc          ] GC(384) Pause Young (Normal) (G1 Evacuation Pause) 861M->253M(1024M) 10.211ms
[2025-12-24T18:16:35.623+0000][gc,cpu      ] GC(384) User=0.06s Sys=0.00s Real=0.01s
[2025-12-24T18:17:05.871+0000][gc,start    ] GC(385) Pause Young (Normal) (G1 Evacuation Pause)
[2025-12-24T18:17:05.871+0000][gc,task     ] GC(385) Using 8 workers of 8 for evacuation
[2025-12-24T18:17:05.901+0000][gc,phases   ] GC(385)   Pre Evacuate Collection Set: 1.1ms
[2025-12-24T18:17:05.901+0000][gc,phases   ] GC(385)   Merge Heap Roots: 6.6ms
[2025-12-24T18:17:05.901+0000][gc,phases   ] GC(385)   Evacuate Collection Set: 19.1ms
[2025-12-24T18:17:05.902+0000][gc,phases   ] GC(385)   Post Evacuate Collection Set: 1.3ms
[2025-12-24T18:17:05.902+0000][gc,phases   ] GC(385)   Other: 1.6ms
[2025-12-24T18:17:05.902+0000][gc,heap     ] GC(385) Eden regions: 609->0(607)
[2025-12-24T18:17:05.902+0000][gc,heap     ] GC(385) Survivor regions: 5->7(77)
[2025-12-24T18:17:05.902+0000][gc,heap     ] GC(385) Old regions: 98->98
[2025-12-24T18:17:05.902+0000][gc,heap     ] GC(385) Humongous regions: 151->151
[2025-12-24T18:17:05.902+0000][gc,metaspace] GC(385) Metaspace: 15470K(15936K)->15470K(15936K) NonClass: 13843K(14016K)->13843K(14016K) Class: 1626K(1920K)->1626K(1920K)
[2025-12-24T18:17:05.902+0000][gc          ] GC(385) Pause Young (Normal) (G1 Evacuation Pause) 862M->255M(1024M) 31.620ms
[2025-12-24T18:17:05.902+0000][gc,cpu      ] GC(385) User=0.18s Sys=0.00s Real=0.03s
[2025-12-24T18:17:45.531+0000][gc,start    ] GC(386) Pause Young (Normal) (G1 Evacuation Pause)
[2025-12-24T18:17:45.532+0000][gc,task     ] GC(386) Using 8 workers of 8 for evacuation
[2025-12-24T18:17:45.555+0000][gc,phases   ] GC(386)   Pre Evacuate Collection Set: 1.4ms
[2025-12-24T18:17:45.555+0000][gc,phases   ] GC(386)   Merge Heap Roots: 0.3ms
[2025-12-24T18:17:45.555+0000][gc,phases   ] GC(386)   Evacuate Collection Set: 19.1ms
[2025-12-24T18:17:45.555+0000][gc,phases   ] GC(386)   Post Evacuate Collection Set: 1.2ms
[2025-12-24T18:17:45.555+0000][gc,phases   ] GC(386)   Other: 0.4ms
[2025-12-24T18:17:45.555+0000][gc,heap     ] GC(386) Eden regions: 607->0(608)
[2025-12-24T18:17:45.555+0000][gc,heap     ] GC(386) Survivor regions: 7->6(77)
[2025-12-24T18:17:45.556+0000][gc,heap     ] GC(386) Old regions: 98->99
[2025-12-24T18:17:45.556+0000][gc,heap     ] GC(386) Humongous regions: 151->151
[2025-12-24T18:17:45.556+0000][gc,metaspace] GC(386) Metaspace: 15472K(15936K)->15472K(15936K) NonClass: 13845K(14016K)->13845K(14016K) Class: 1626K(1920K)->1626K(1920K)
[2025-12-24T18:17:45.556+0000][gc          ] GC(386) Pause Young (Normal) (G1 Evacuation Pause) 862M->254M(1024M) 24.552ms
[2025-12-24T18:17:45.556+0000][gc,cpu      ] GC(386) User=0.14s Sys=0.02s Real=0.03s
[2025-12-24T18:18:15.791+0000][gc,start    ] GC(387) Pause Young (Normal) (G1 Evacuation Pause)
[2025-12-24T18:18:15.792+0000][gc,task     ] GC(387) Using 8 workers of 8 for evacuation
[2025-12-24T18:18:15.809+0000][gc,phases   ] GC(387)   Pre Evacuate Collection Set: 4.6ms
[2025-12-24T18:18:15.810+0000][gc,phases   ] GC(387)   Merge Heap Roots: 0.2ms
[2025-12-24T18:18:15.810+0000][gc,phases   ] GC(387)   Evacuate Collection Set: 10.9ms
[2025-12-24T18:18:15.810+0000][gc,phases   ] GC(387)   Post Evacuate Collection Set: 1.1ms
[2025-12-24T18:18:15.810+0000][gc,phases   ] GC(387)   Other: 0.2ms
[2025-12-24T18:18:15.810+0000][gc,heap     ] GC(387) Eden regions: 608->0(606)
[2025-12-24T18:18:15.810+0000][gc,heap     ] GC(387) Survivor regions: 6->8(77)
[2025-12-24T18:18:15.810+0000][gc,heap     ] GC(387) Old regions: 99->99
[2025-12-24T18:18:15.810+0000][gc,heap     ] GC(387) Humongous regions: 151->151
[2025-12-24T18:18:15.810+0000][gc,metaspace] GC(387) Metaspace: 15472K(15936K)->15472K(15936K) NonClass: 13845K(14016K)->13845K(14016K) Class: 1626K(1920K)->1626K(1920K)
[2025-12-24T18:18:15.810+0000][gc          ] GC(387) Pause Young (Normal) (G1 Evacuation Pause) 862M->256M(1024M) 18.949ms
[2025-12-24T18:18:15.810+0000][gc,cpu      ] GC(387) User=0.12s Sys=0.01s Real=0.02s
[2025-12-24T18:18:46.101+0000][gc,start    ] GC(388) Pause Young (Normal) (G1 Evacuation Pause)
[2025-12-24T18:18:46.102+0000][gc,task     ] GC(388) Using 8 workers of 8 for evacuation
[2025-12-24T18:18:46.115+0000][gc,phases   ] GC(388)   Pre Evacuate Collection Set: 1.1ms
[2025-12-24T18:18:46.115+0000][gc,phases   ] GC(388)   Merge Heap Roots: 0.3ms
[2025-12-24T18:18:46.115+0000][gc,phases   ] GC(388)   Evacuate Collection Set: 10.6ms
[2025-12-24T18:18:46.115+0000][gc,phases   ] GC(388)   Post Evacuate Collection Set: 1.1ms
[2025-12-24T18:18:46.115+0000][gc,phases   ] GC(388)   Other: 0.3ms
[2025-12-24T18:18:46.116+0000][gc,heap     ] GC(388) Eden regions: 606->0(605)
[2025-12-24T18:18:46.116+0000][gc,heap     ] GC(388) Survivor regions: 8->9(77)
[2025-12-24T18:18:46.116+0000][gc,heap     ] GC(388) Old regions: 99->99
[2025-12-24T18:18:46.116+0000][gc,heap     ] GC(388) Humongous regions: 151->151
[2025-12-24T18:18:46.116+0000][gc,metaspace] GC(388) Metaspace: 15472K(15936K)->15472K(15936K) NonClass: 13845K(14016K)->13845K(14016K) Class: 1626K(1920K)->1626K(1920K)
[2025-12-24T18:18:46.116+0000][gc          ] GC(388) Pause Young (Normal) (G1 Evacuation Pause) 862M->258M(1024M) 14.757ms
[2025-12-24T18:18:46.116+0000][gc,cpu      ] GC(388) User=0.09s Sys=0.00s Real=0.01s
[2025-12-24T18:19:25.675+0000][gc,start    ] GC(389) Pause Young (Normal) (G1 Evacuation Pause)
[2025-12-24T18:19:25.676+0000][gc,task     ] GC(389) Using 8 workers of 8 for evacuation
[2025-12-24T18:19:25.695+0000][gc,phases   ] GC(389)   Pre Evacuate Collection Set: 1.0ms
[2025-12-24T18:19:25.695+0000][gc,phases   ] GC(389)   Merge Heap Roots: 0.3ms
[2025-12-24T18:19:25.695+0000][gc,phases   ] GC(389)   Evacuate Collection Set: 16.9ms
[2025-12-24T18:19:25.696+0000][gc,phases   ] GC(389)   Post Evacuate Collection Set: 1.1ms
[2025-12-24T18:19:25.696+0000][gc,phases   ] GC(389)   Other: 0.3ms
[2025-12-24T18:19:25.696+0000][gc,heap     ] GC(389) Eden regions: 605->0(606)
[2025-12-24T18:19:25.696+0000][gc,heap     ] GC(389) Survivor regions: 9->8(77)
[2025-12-24T18:19:25.696+0000][gc,heap     ] GC(389) Old regions: 99->99
[2025-12-24T18:19:25.696+0000][gc,heap     ] GC(389) Humongous regions: 151->151
[2025-12-24T18:19:25.696+0000][gc,metaspace] GC(389) Metaspace: 15472K(15936K)->15472K(15936K) NonClass: 13845K(14016K)->13845K(14016K) Class: 1626K(1920K)->1626K(1920K)
[2025-12-24T18:19:25.696+0000][gc          ] GC(389) Pause Young (Normal) (G1 Evacuation Pause) 863M->257M(1024M) 20.902ms
[2025-12-24T18:19:25.696+0000][gc,cpu      ] GC(389) User=0.14s Sys=0.00s Real=0.02s
[2025-12-24T18:19:55.964+0000][gc,start    ] GC(390) Pause Young (Normal) (G1 Evacuation Pause)
[2025-12-24T18:19:55.964+0000][gc,task     ] GC(390) Using 8 workers of 8 for evacuation
[2025-12-24T18:19:55.979+0000][gc,phases   ] GC(390)   Pre Evacuate Collection Set: 1.1ms
[2025-12-24T18:19:55.979+0000][gc,phases   ] GC(390)   Merge Heap Roots: 0.3ms
[2025-12-24T18:19:55.979+0000][gc,phases   ] GC(390)   Evacuate Collection Set: 12.2ms
[2025-12-24T18:19:55.979+0000][gc,phases   ] GC(390)   Post Evacuate Collection Set: 1.0ms
[2025-12-24T18:19:55.979+0000][gc,phases   ] GC(390)   Other: 0.3ms
[2025-12-24T18:19:55.979+0000][gc,heap     ] GC(390) Eden regions: 606->0(603)
[2025-12-24T18:19:55.979+0000][gc,heap     ] GC(390) Survivor regions: 8->11(77)
[2025-12-24T18:19:55.979+0000][gc,heap     ] GC(390) Old regions: 99->100
[2025-12-24T18:19:55.980+0000][gc,heap     ] GC(390) Humongous regions: 151->151
[2025-12-24T18:19:55.980+0000][gc,metaspace] GC(390) Metaspace: 15472K(15936K)->15472K(15936K) NonClass: 13845K(14016K)->13845K(14016K) Class: 1626K(1920K)->1626K(1920K)
[2025-12-24T18:19:55.980+0000][gc          ] GC(390) Pause Young (Normal) (G1 Evacuation Pause) 863M->260M(1024M) 15.990ms
[2025-12-24T18:19:55.980+0000][gc,cpu      ] GC(390) User=0.09s Sys=0.00s Real=0.01s
[2025-12-24T18:20:35.573+0000][gc,start    ] GC(391) Pause Young (Normal) (G1 Evacuation Pause)
[2025-12-24T18:20:35.574+0000][gc,task     ] GC(391) Using 8 workers of 8 for evacuation
[2025-12-24T18:20:35.589+0000][gc,phases   ] GC(391)   Pre Evacuate Collection Set: 1.4ms
[2025-12-24T18:20:35.590+0000][gc,phases   ] GC(391)   Merge Heap Roots: 1.1ms
[2025-12-24T18:20:35.590+0000][gc,phases   ] GC(391)   Evacuate Collection Set: 7.7ms
[2025-12-24T18:20:35.590+0000][gc,phases   ] GC(391)   Post Evacuate Collection Set: 4.7ms
[2025-12-24T18:20:35.590+0000][gc,phases   ] GC(391)   Other: 0.7ms
[2025-12-24T18:20:35.590+0000][gc,heap     ] GC(391) Eden regions: 603->0(609)
[2025-12-24T18:20:35.590+0000][gc,heap     ] GC(391) Survivor regions: 11->5(77)
[2025-12-24T18:20:35.590+0000][gc,heap     ] GC(391) Old regions: 100->100
[2025-12-24T18:20:35.590+0000][gc,heap     ] GC(391) Humongous regions: 151->151
[2025-12-24T18:20:35.590+0000][gc,metaspace] GC(391) Metaspace: 15472K(15936K)->15472K(15936K) NonClass: 13845K(14016K)->13845K(14016K) Class: 1626K(1920K)->1626K(1920K)
[2025-12-24T18:20:35.590+0000][gc          ] GC(391) Pause Young (Normal) (G1 Evacuation Pause) 863M->255M(1024M) 17.081ms
[2025-12-24T18:20:35.590+0000][gc,cpu      ] GC(391) User=0.08s Sys=0.00s Real=0.01s
[2025-12-24T18:21:05.823+0000][gc,start    ] GC(392) Pause Young (Normal) (G1 Evacuation Pause)
[2025-12-24T18:21:05.823+0000][gc,task     ] GC(392) Using 8 workers of 8 for evacuation
[2025-12-24T18:21:05.840+0000][gc,phases   ] GC(392)   Pre Evacuate Collection Set: 1.1ms
[2025-12-24T18:21:05.841+0000][gc,phases   ] GC(392)   Merge Heap Roots: 0.2ms
[2025-12-24T18:21:05.841+0000][gc,phases   ] GC(392)   Evacuate Collection Set: 14.8ms
[2025-12-24T18:21:05.841+0000][gc,phases   ] GC(392)   Post Evacuate Collection Set: 1.3ms
[2025-12-24T18:21:05.841+0000][gc,phases   ] GC(392)   Other: 0.2ms
[2025-12-24T18:21:05.841+0000][gc,heap     ] GC(392) Eden regions: 609->0(608)
[2025-12-24T18:21:05.841+0000][gc,heap     ] GC(392) Survivor regions: 5->6(77)
[2025-12-24T18:21:05.841+0000][gc,heap     ] GC(392) Old regions: 100->100
[2025-12-24T18:21:05.841+0000][gc,heap     ] GC(392) Humongous regions: 151->151
[2025-12-24T18:21:05.841+0000][gc,metaspace] GC(392) Metaspace: 15472K(15936K)->15472K(15936K) NonClass: 13845K(14016K)->13845K(14016K) Class: 1626K(1920K)->1626K(1920K)
[2025-12-24T18:21:05.842+0000][gc          ] GC(392) Pause Young (Normal) (G1 Evacuation Pause) 864M->256M(1024M) 18.932ms
[2025-12-24T18:21:05.842+0000][gc,cpu      ] GC(392) User=0.13s Sys=0.00s Real=0.02s
[2025-12-24T18:21:45.480+0000][gc,start    ] GC(393) Pause Young (Normal) (G1 Evacuation Pause)
[2025-12-24T18:21:45.482+0000][gc,task     ] GC(393) Using 8 workers of 8 for evacuation
[2025-12-24T18:21:45.510+0000][gc,phases   ] GC(393)   Pre Evacuate Collection Set: 6.6ms
[2025-12-24T18:21:45.511+0000][gc,phases   ] GC(393)   Merge Heap Roots: 1.8ms
[2025-12-24T18:21:45.511+0000][gc,phases   ] GC(393)   Evacuate Collection Set: 16.6ms
[2025-12-24T18:21:45.511+0000][gc,phases   ] GC(393)   Post Evacuate Collection Set: 2.7ms
[2025-12-24T18:21:45.511+0000][gc,phases   ] GC(393)   Other: 1.2ms
[2025-12-24T18:21:45.511+0000][gc,heap     ] GC(393) Eden regions: 608->0(608)
[2025-12-24T18:21:45.511+0000][gc,heap     ] GC(393) Survivor regions: 6->6(77)
[2025-12-24T18:21:45.511+0000][gc,heap     ] GC(393) Old regions: 100->100
[2025-12-24T18:21:45.511+0000][gc,heap     ] GC(393) Humongous regions: 151->151
[2025-12-24T18:21:45.512+0000][gc,metaspace] GC(393) Metaspace: 15472K(15936K)->15472K(15936K) NonClass: 13845K(14016K)->13845K(14016K) Class: 1626K(1920K)->1626K(1920K)
[2025-12-24T18:21:45.513+0000][gc          ] GC(393) Pause Young (Normal) (G1 Evacuation Pause) 864M->255M(1024M) 32.655ms
[2025-12-24T18:21:45.513+0000][gc,cpu      ] GC(393) User=0.15s Sys=0.00s Real=0.03s
[2025-12-24T18:22:15.747+0000][gc,start    ] GC(394) Pause Young (Normal) (G1 Evacuation Pause)
[2025-12-24T18:22:15.747+0000][gc,task     ] GC(394) Using 8 workers of 8 for evacuation
[2025-12-24T18:22:15.764+0000][gc,phases   ] GC(394)   Pre Evacuate Collection Set: 1.0ms
[2025-12-24T18:22:15.764+0000][gc,phases   ] GC(394)   Merge Heap Roots: 0.3ms
[2025-12-24T18:22:15.764+0000][gc,phases   ] GC(394)   Evacuate Collection Set: 13.5ms
[2025-12-24T18:22:15.764+0000][gc,phases   ] GC(394)   Post Evacuate Collection Set: 1.5ms
[2025-12-24T18:22:15.764+0000][gc,phases   ] GC(394)   Other: 0.4ms
[2025-12-24T18:22:15.764+0000][gc,heap     ] GC(394) Eden regions: 608->0(607)
[2025-12-24T18:22:15.765+0000][gc,heap     ] GC(394) Survivor regions: 6->7(77)
[2025-12-24T18:22:15.765+0000][gc,heap     ] GC(394) Old regions: 100->101
[2025-12-24T18:22:15.765+0000][gc,heap     ] GC(394) Humongous regions: 151->151
[2025-12-24T18:22:15.765+0000][gc,metaspace] GC(394) Metaspace: 15472K(15936K)->15472K(15936K) NonClass: 13845K(14016K)->13845K(14016K) Class: 1626K(1920K)->1626K(1920K)
[2025-12-24T18:22:15.765+0000][gc          ] GC(394) Pause Young (Normal) (G1 Evacuation Pause) 863M->257M(1024M) 18.127ms
[2025-12-24T18:22:15.765+0000][gc,cpu      ] GC(394) User=0.11s Sys=0.00s Real=0.02s
[2025-12-24T18:22:45.977+0000][gc,start    ] GC(395) Pause Young (Normal) (G1 Evacuation Pause)
[2025-12-24T18:22:45.978+0000][gc,task     ] GC(395) Using 8 workers of 8 for evacuation
[2025-12-24T18:22:45.995+0000][gc,phases   ] GC(395)   Pre Evacuate Collection Set: 2.4ms
[2025-12-24T18:22:45.995+0000][gc,phases   ] GC(395)   Merge Heap Roots: 0.5ms
[2025-12-24T18:22:45.995+0000][gc,phases   ] GC(395)   Evacuate Collection Set: 12.6ms
[2025-12-24T18:22:45.996+0000][gc,phases   ] GC(395)   Post Evacuate Collection Set: 1.4ms
[2025-12-24T18:22:45.996+0000][gc,phases   ] GC(395)   Other: 0.4ms
[2025-12-24T18:22:45.996+0000][gc,heap     ] GC(395) Eden regions: 607->0(604)
[2025-12-24T18:22:45.996+0000][gc,heap     ] GC(395) Survivor regions: 7->10(77)
[2025-12-24T18:22:45.996+0000][gc,heap     ] GC(395) Old regions: 101->101
[2025-12-24T18:22:45.996+0000][gc,heap     ] GC(395) Humongous regions: 151->151
[2025-12-24T18:22:45.996+0000][gc,metaspace] GC(395) Metaspace: 15472K(15936K)->15472K(15936K) NonClass: 13845K(14016K)->13845K(14016K) Class: 1626K(1920K)->1626K(1920K)
[2025-12-24T18:22:45.996+0000][gc          ] GC(395) Pause Young (Normal) (G1 Evacuation Pause) 864M->260M(1024M) 19.255ms
[2025-12-24T18:22:45.996+0000][gc,cpu      ] GC(395) User=0.10s Sys=0.00s Real=0.02s
[2025-12-24T18:23:25.725+0000][gc,start    ] GC(396) Pause Young (Normal) (G1 Evacuation Pause)
[2025-12-24T18:23:25.726+0000][gc,task     ] GC(396) Using 8 workers of 8 for evacuation
[2025-12-24T18:23:25.751+0000][gc,phases   ] GC(396)   Pre Evacuate Collection Set: 1.6ms
[2025-12-24T18:23:25.751+0000][gc,phases   ] GC(396)   Merge Heap Roots: 0.5ms
[2025-12-24T18:23:25.751+0000][gc,phases   ] GC(396)   Evacuate Collection Set: 18.8ms
[2025-12-24T18:23:25.752+0000][gc,phases   ] GC(396)   Post Evacuate Collection Set: 2.6ms
[2025-12-24T18:23:25.752+0000][gc,phases   ] GC(396)   Other: 1.0ms
[2025-12-24T18:23:25.753+0000][gc,heap     ] GC(396) Eden regions: 604->0(606)
[2025-12-24T18:23:25.753+0000][gc,heap     ] GC(396) Survivor regions: 10->8(77)
[2025-12-24T18:23:25.753+0000][gc,heap     ] GC(396) Old regions: 101->101
[2025-12-24T18:23:25.753+0000][gc,heap     ] GC(396) Humongous regions: 151->151
[2025-12-24T18:23:25.754+0000][gc,metaspace] GC(396) Metaspace: 15472K(15936K)->15472K(15936K) NonClass: 13845K(14016K)->13845K(14016K) Class: 1626K(1920K)->1626K(1920K)
[2025-12-24T18:23:25.754+0000][gc          ] GC(396) Pause Young (Normal) (G1 Evacuation Pause) 864M->259M(1024M) 28.860ms
[2025-12-24T18:23:25.754+0000][gc,cpu      ] GC(396) User=0.14s Sys=0.01s Real=0.03s
[2025-12-24T18:23:55.949+0000][gc,start    ] GC(397) Pause Young (Normal) (G1 Evacuation Pause)
[2025-12-24T18:23:55.950+0000][gc,task     ] GC(397) Using 8 workers of 8 for evacuation
[2025-12-24T18:23:55.969+0000][gc,phases   ] GC(397)   Pre Evacuate Collection Set: 3.6ms
[2025-12-24T18:23:55.969+0000][gc,phases   ] GC(397)   Merge Heap Roots: 0.3ms
[2025-12-24T18:23:55.969+0000][gc,phases   ] GC(397)   Evacuate Collection Set: 12.9ms
[2025-12-24T18:23:55.969+0000][gc,phases   ] GC(397)   Post Evacuate Collection Set: 1.2ms
[2025-12-24T18:23:55.969+0000][gc,phases   ] GC(397)   Other: 0.3ms
[2025-12-24T18:23:55.969+0000][gc,heap     ] GC(397) Eden regions: 606->0(604)
[2025-12-24T18:23:55.969+0000][gc,heap     ] GC(397) Survivor regions: 8->10(77)
[2025-12-24T18:23:55.969+0000][gc,heap     ] GC(397) Old regions: 101->101
[2025-12-24T18:23:55.969+0000][gc,heap     ] GC(397) Humongous regions: 151->151
[2025-12-24T18:23:55.969+0000][gc,metaspace] GC(397) Metaspace: 15472K(15936K)->15472K(15936K) NonClass: 13845K(14016K)->13845K(14016K) Class: 1626K(1920K)->1626K(1920K)
[2025-12-24T18:23:55.969+0000][gc          ] GC(397) Pause Young (Normal) (G1 Evacuation Pause) 865M->261M(1024M) 20.079ms
[2025-12-24T18:23:55.970+0000][gc,cpu      ] GC(397) User=0.11s Sys=0.01s Real=0.02s
[2025-12-24T18:24:35.555+0000][gc,start    ] GC(398) Pause Young (Normal) (G1 Evacuation Pause)
[2025-12-24T18:24:35.555+0000][gc,task     ] GC(398) Using 8 workers of 8 for evacuation
[2025-12-24T18:24:35.567+0000][gc,phases   ] GC(398)   Pre Evacuate Collection Set: 1.0ms
[2025-12-24T18:24:35.567+0000][gc,phases   ] GC(398)   Merge Heap Roots: 0.9ms
[2025-12-24T18:24:35.567+0000][gc,phases   ] GC(398)   Evacuate Collection Set: 7.9ms
[2025-12-24T18:24:35.567+0000][gc,phases   ] GC(398)   Post Evacuate Collection Set: 1.2ms
[2025-12-24T18:24:35.567+0000][gc,phases   ] GC(398)   Other: 0.3ms
[2025-12-24T18:24:35.567+0000][gc,heap     ] GC(398) Eden regions: 604->0(609)
[2025-12-24T18:24:35.567+0000][gc,heap     ] GC(398) Survivor regions: 10->5(77)
[2025-12-24T18:24:35.567+0000][gc,heap     ] GC(398) Old regions: 101->101
[2025-12-24T18:24:35.567+0000][gc,heap     ] GC(398) Humongous regions: 151->151
[2025-12-24T18:24:35.567+0000][gc,metaspace] GC(398) Metaspace: 15472K(15936K)->15472K(15936K) NonClass: 13845K(14016K)->13845K(14016K) Class: 1626K(1920K)->1626K(1920K)
[2025-12-24T18:24:35.567+0000][gc          ] GC(398) Pause Young (Normal) (G1 Evacuation Pause) 865M->256M(1024M) 12.640ms
[2025-12-24T18:24:35.567+0000][gc,cpu      ] GC(398) User=0.07s Sys=0.00s Real=0.01s
[2025-12-24T18:25:05.984+0000][gc,start    ] GC(399) Pause Young (Normal) (G1 Evacuation Pause)
[2025-12-24T18:25:05.986+0000][gc,task     ] GC(399) Using 8 workers of 8 for evacuation
[2025-12-24T18:25:06.024+0000][gc,phases   ] GC(399)   Pre Evacuate Collection Set: 4.3ms
[2025-12-24T18:25:06.025+0000][gc,phases   ] GC(399)   Merge Heap Roots: 1.4ms
[2025-12-24T18:25:06.025+0000][gc,phases   ] GC(399)   Evacuate Collection Set: 27.2ms
[2025-12-24T18:25:06.025+0000][gc,phases   ] GC(399)   Post Evacuate Collection Set: 3.9ms
[2025-12-24T18:25:06.025+0000][gc,phases   ] GC(399)   Other: 2.2ms
[2025-12-24T18:25:06.026+0000][gc,heap     ] GC(399) Eden regions: 609->0(608)
[2025-12-24T18:25:06.026+0000][gc,heap     ] GC(399) Survivor regions: 5->6(77)
[2025-12-24T18:25:06.026+0000][gc,heap     ] GC(399) Old regions: 101->102
[2025-12-24T18:25:06.026+0000][gc,heap     ] GC(399) Humongous regions: 151->151
[2025-12-24T18:25:06.026+0000][gc,metaspace] GC(399) Metaspace: 15472K(15936K)->15472K(15936K) NonClass: 13845K(14016K)->13845K(14016K) Class: 1626K(1920K)->1626K(1920K)
[2025-12-24T18:25:06.026+0000][gc          ] GC(399) Pause Young (Normal) (G1 Evacuation Pause) 865M->257M(1024M) 42.215ms
[2025-12-24T18:25:06.026+0000][gc,cpu      ] GC(399) User=0.22s Sys=0.01s Real=0.05s
[2025-12-24T18:25:37.776+0000][gc,start    ] GC(400) Pause Young (Normal) (G1 Evacuation Pause)
[2025-12-24T18:25:37.777+0000][gc,task     ] GC(400) Using 8 workers of 8 for evacuation
[2025-12-24T18:25:37.797+0000][gc,phases   ] GC(400)   Pre Evacuate Collection Set: 1.8ms
[2025-12-24T18:25:37.797+0000][gc,phases   ] GC(400)   Merge Heap Roots: 0.4ms
[2025-12-24T18:25:37.797+0000][gc,phases   ] GC(400)   Evacuate Collection Set: 15.5ms
[2025-12-24T18:25:37.797+0000][gc,phases   ] GC(400)   Post Evacuate Collection Set: 1.7ms
[2025-12-24T18:25:37.797+0000][gc,phases   ] GC(400)   Other: 0.4ms
[2025-12-24T18:25:37.797+0000][gc,heap     ] GC(400) Eden regions: 608->0(609)
[2025-12-24T18:25:37.797+0000][gc,heap     ] GC(400) Survivor regions: 6->5(77)
[2025-12-24T18:25:37.797+0000][gc,heap     ] GC(400) Old regions: 102->102
[2025-12-24T18:25:37.797+0000][gc,heap     ] GC(400) Humongous regions: 151->151
[2025-12-24T18:25:37.797+0000][gc,metaspace] GC(400) Metaspace: 15472K(15936K)->15472K(15936K) NonClass: 13845K(14016K)->13845K(14016K) Class: 1626K(1920K)->1626K(1920K)
[2025-12-24T18:25:37.797+0000][gc          ] GC(400) Pause Young (Normal) (G1 Evacuation Pause) 865M->257M(1024M) 21.050ms
[2025-12-24T18:25:37.797+0000][gc,cpu      ] GC(400) User=0.12s Sys=0.00s Real=0.02s
[2025-12-24T18:26:15.727+0000][gc,start    ] GC(401) Pause Young (Normal) (G1 Evacuation Pause)
[2025-12-24T18:26:15.727+0000][gc,task     ] GC(401) Using 8 workers of 8 for evacuation
[2025-12-24T18:26:15.748+0000][gc,phases   ] GC(401)   Pre Evacuate Collection Set: 1.0ms
[2025-12-24T18:26:15.748+0000][gc,phases   ] GC(401)   Merge Heap Roots: 0.3ms
[2025-12-24T18:26:15.749+0000][gc,phases   ] GC(401)   Evacuate Collection Set: 18.6ms
[2025-12-24T18:26:15.749+0000][gc,phases   ] GC(401)   Post Evacuate Collection Set: 1.3ms
[2025-12-24T18:26:15.749+0000][gc,phases   ] GC(401)   Other: 0.2ms
[2025-12-24T18:26:15.749+0000][gc,heap     ] GC(401) Eden regions: 609->0(607)
[2025-12-24T18:26:15.749+0000][gc,heap     ] GC(401) Survivor regions: 5->7(77)
[2025-12-24T18:26:15.749+0000][gc,heap     ] GC(401) Old regions: 102->102
[2025-12-24T18:26:15.749+0000][gc,heap     ] GC(401) Humongous regions: 151->151
[2025-12-24T18:26:15.749+0000][gc,metaspace] GC(401) Metaspace: 15472K(15936K)->15472K(15936K) NonClass: 13845K(14016K)->13845K(14016K) Class: 1626K(1920K)->1626K(1920K)
[2025-12-24T18:26:15.749+0000][gc          ] GC(401) Pause Young (Normal) (G1 Evacuation Pause) 866M->259M(1024M) 22.339ms
[2025-12-24T18:26:15.749+0000][gc,cpu      ] GC(401) User=0.13s Sys=0.00s Real=0.02s
[2025-12-24T18:26:45.975+0000][gc,start    ] GC(402) Pause Young (Normal) (G1 Evacuation Pause)
[2025-12-24T18:26:45.976+0000][gc,task     ] GC(402) Using 8 workers of 8 for evacuation
[2025-12-24T18:26:45.996+0000][gc,phases   ] GC(402)   Pre Evacuate Collection Set: 1.2ms
[2025-12-24T18:26:45.996+0000][gc,phases   ] GC(402)   Merge Heap Roots: 1.3ms
[2025-12-24T18:26:45.996+0000][gc,phases   ] GC(402)   Evacuate Collection Set: 15.5ms
[2025-12-24T18:26:45.996+0000][gc,phases   ] GC(402)   Post Evacuate Collection Set: 1.2ms
[2025-12-24T18:26:45.996+0000][gc,phases   ] GC(402)   Other: 0.3ms
[2025-12-24T18:26:45.996+0000][gc,heap     ] GC(402) Eden regions: 607->0(605)
[2025-12-24T18:26:45.996+0000][gc,heap     ] GC(402) Survivor regions: 7->9(77)
[2025-12-24T18:26:45.996+0000][gc,heap     ] GC(402) Old regions: 102->102
[2025-12-24T18:26:45.996+0000][gc,heap     ] GC(402) Humongous regions: 151->151
[2025-12-24T18:26:45.996+0000][gc,metaspace] GC(402) Metaspace: 15472K(15936K)->15472K(15936K) NonClass: 13845K(14016K)->13845K(14016K) Class: 1626K(1920K)->1626K(1920K)
[2025-12-24T18:26:45.996+0000][gc          ] GC(402) Pause Young (Normal) (G1 Evacuation Pause) 866M->261M(1024M) 21.359ms
[2025-12-24T18:26:45.997+0000][gc,cpu      ] GC(402) User=0.12s Sys=0.01s Real=0.02s
[2025-12-24T18:27:25.630+0000][gc,start    ] GC(403) Pause Young (Normal) (G1 Evacuation Pause)
[2025-12-24T18:27:25.631+0000][gc,task     ] GC(403) Using 8 workers of 8 for evacuation
[2025-12-24T18:27:25.645+0000][gc,phases   ] GC(403)   Pre Evacuate Collection Set: 1.1ms
[2025-12-24T18:27:25.645+0000][gc,phases   ] GC(403)   Merge Heap Roots: 0.3ms
[2025-12-24T18:27:25.646+0000][gc,phases   ] GC(403)   Evacuate Collection Set: 11.7ms
[2025-12-24T18:27:25.646+0000][gc,phases   ] GC(403)   Post Evacuate Collection Set: 1.2ms
[2025-12-24T18:27:25.646+0000][gc,phases   ] GC(403)   Other: 0.4ms
[2025-12-24T18:27:25.646+0000][gc,heap     ] GC(403) Eden regions: 605->0(606)
[2025-12-24T18:27:25.646+0000][gc,heap     ] GC(403) Survivor regions: 9->8(77)
[2025-12-24T18:27:25.646+0000][gc,heap     ] GC(403) Old regions: 102->103
[2025-12-24T18:27:25.646+0000][gc,heap     ] GC(403) Humongous regions: 151->151
[2025-12-24T18:27:25.646+0000][gc,metaspace] GC(403) Metaspace: 15472K(15936K)->15472K(15936K) NonClass: 13845K(14016K)->13845K(14016K) Class: 1626K(1920K)->1626K(1920K)
[2025-12-24T18:27:25.646+0000][gc          ] GC(403) Pause Young (Normal) (G1 Evacuation Pause) 866M->260M(1024M) 15.895ms
[2025-12-24T18:27:25.646+0000][gc,cpu      ] GC(403) User=0.10s Sys=0.00s Real=0.01s
[2025-12-24T18:27:55.950+0000][gc,start    ] GC(404) Pause Young (Normal) (G1 Evacuation Pause)
[2025-12-24T18:27:55.951+0000][gc,task     ] GC(404) Using 8 workers of 8 for evacuation
[2025-12-24T18:27:55.967+0000][gc,phases   ] GC(404)   Pre Evacuate Collection Set: 1.0ms
[2025-12-24T18:27:55.967+0000][gc,phases   ] GC(404)   Merge Heap Roots: 0.3ms
[2025-12-24T18:27:55.968+0000][gc,phases   ] GC(404)   Evacuate Collection Set: 10.1ms
[2025-12-24T18:27:55.968+0000][gc,phases   ] GC(404)   Post Evacuate Collection Set: 4.2ms
[2025-12-24T18:27:55.968+0000][gc,phases   ] GC(404)   Other: 0.5ms
[2025-12-24T18:27:55.968+0000][gc,heap     ] GC(404) Eden regions: 606->0(604)
[2025-12-24T18:27:55.968+0000][gc,heap     ] GC(404) Survivor regions: 8->10(77)
[2025-12-24T18:27:55.968+0000][gc,heap     ] GC(404) Old regions: 103->103
[2025-12-24T18:27:55.968+0000][gc,heap     ] GC(404) Humongous regions: 151->151
[2025-12-24T18:27:55.968+0000][gc,metaspace] GC(404) Metaspace: 15472K(15936K)->15472K(15936K) NonClass: 13845K(14016K)->13845K(14016K) Class: 1626K(1920K)->1626K(1920K)
[2025-12-24T18:27:55.968+0000][gc          ] GC(404) Pause Young (Normal) (G1 Evacuation Pause) 866M->262M(1024M) 18.120ms
[2025-12-24T18:27:55.969+0000][gc,cpu      ] GC(404) User=0.07s Sys=0.00s Real=0.02s
[2025-12-24T18:28:35.538+0000][gc,start    ] GC(405) Pause Young (Normal) (G1 Evacuation Pause)
[2025-12-24T18:28:35.539+0000][gc,task     ] GC(405) Using 8 workers of 8 for evacuation
[2025-12-24T18:28:35.561+0000][gc,phases   ] GC(405)   Pre Evacuate Collection Set: 1.1ms
[2025-12-24T18:28:35.561+0000][gc,phases   ] GC(405)   Merge Heap Roots: 0.3ms
[2025-12-24T18:28:35.562+0000][gc,phases   ] GC(405)   Evacuate Collection Set: 20.0ms
[2025-12-24T18:28:35.562+0000][gc,phases   ] GC(405)   Post Evacuate Collection Set: 1.2ms
[2025-12-24T18:28:35.562+0000][gc,phases   ] GC(405)   Other: 0.2ms
[2025-12-24T18:28:35.562+0000][gc,heap     ] GC(405) Eden regions: 604->0(605)
[2025-12-24T18:28:35.562+0000][gc,heap     ] GC(405) Survivor regions: 10->9(77)
[2025-12-24T18:28:35.562+0000][gc,heap     ] GC(405) Old regions: 103->103
[2025-12-24T18:28:35.562+0000][gc,heap     ] GC(405) Humongous regions: 151->151
[2025-12-24T18:28:35.562+0000][gc,metaspace] GC(405) Metaspace: 15472K(15936K)->15472K(15936K) NonClass: 13845K(14016K)->13845K(14016K) Class: 1626K(1920K)->1626K(1920K)
[2025-12-24T18:28:35.562+0000][gc          ] GC(405) Pause Young (Normal) (G1 Evacuation Pause) 866M->262M(1024M) 24.125ms
[2025-12-24T18:28:35.562+0000][gc,cpu      ] GC(405) User=0.16s Sys=0.00s Real=0.02s
[2025-12-24T18:29:05.749+0000][gc,start    ] GC(406) Pause Young (Normal) (G1 Evacuation Pause)
[2025-12-24T18:29:05.750+0000][gc,task     ] GC(406) Using 8 workers of 8 for evacuation
[2025-12-24T18:29:05.764+0000][gc,phases   ] GC(406)   Pre Evacuate Collection Set: 1.0ms
[2025-12-24T18:29:05.765+0000][gc,phases   ] GC(406)   Merge Heap Roots: 0.2ms
[2025-12-24T18:29:05.765+0000][gc,phases   ] GC(406)   Evacuate Collection Set: 11.3ms
[2025-12-24T18:29:05.765+0000][gc,phases   ] GC(406)   Post Evacuate Collection Set: 1.3ms
[2025-12-24T18:29:05.765+0000][gc,phases   ] GC(406)   Other: 0.2ms
[2025-12-24T18:29:05.765+0000][gc,heap     ] GC(406) Eden regions: 605->0(608)
[2025-12-24T18:29:05.765+0000][gc,heap     ] GC(406) Survivor regions: 9->6(77)
[2025-12-24T18:29:05.765+0000][gc,heap     ] GC(406) Old regions: 103->103
[2025-12-24T18:29:05.765+0000][gc,heap     ] GC(406) Humongous regions: 151->151
[2025-12-24T18:29:05.765+0000][gc,metaspace] GC(406) Metaspace: 15472K(15936K)->15472K(15936K) NonClass: 13845K(14016K)->13845K(14016K) Class: 1626K(1920K)->1626K(1920K)
[2025-12-24T18:29:05.765+0000][gc          ] GC(406) Pause Young (Normal) (G1 Evacuation Pause) 867M->259M(1024M) 15.884ms
[2025-12-24T18:29:05.765+0000][gc,cpu      ] GC(406) User=0.10s Sys=0.00s Real=0.02s
[2025-12-24T18:29:36.249+0000][gc,start    ] GC(407) Pause Young (Normal) (G1 Evacuation Pause)
[2025-12-24T18:29:36.250+0000][gc,task     ] GC(407) Using 8 workers of 8 for evacuation
[2025-12-24T18:29:36.288+0000][gc,phases   ] GC(407)   Pre Evacuate Collection Set: 2.1ms
[2025-12-24T18:29:36.288+0000][gc,phases   ] GC(407)   Merge Heap Roots: 0.6ms
[2025-12-24T18:29:36.288+0000][gc,phases   ] GC(407)   Evacuate Collection Set: 22.6ms
[2025-12-24T18:29:36.288+0000][gc,phases   ] GC(407)   Post Evacuate Collection Set: 12.3ms
[2025-12-24T18:29:36.288+0000][gc,phases   ] GC(407)   Other: 0.7ms
[2025-12-24T18:29:36.288+0000][gc,heap     ] GC(407) Eden regions: 608->0(607)
[2025-12-24T18:29:36.288+0000][gc,heap     ] GC(407) Survivor regions: 6->7(77)
[2025-12-24T18:29:36.288+0000][gc,heap     ] GC(407) Old regions: 103->104
[2025-12-24T18:29:36.288+0000][gc,heap     ] GC(407) Humongous regions: 151->151
[2025-12-24T18:29:36.288+0000][gc,metaspace] GC(407) Metaspace: 15472K(15936K)->15472K(15936K) NonClass: 13845K(14016K)->13845K(14016K) Class: 1626K(1920K)->1626K(1920K)
[2025-12-24T18:29:36.289+0000][gc          ] GC(407) Pause Young (Normal) (G1 Evacuation Pause) 867M->260M(1024M) 40.011ms
[2025-12-24T18:29:36.289+0000][gc,cpu      ] GC(407) User=0.21s Sys=0.01s Real=0.04s
[2025-12-24T18:30:15.694+0000][gc,start    ] GC(408) Pause Young (Normal) (G1 Evacuation Pause)
[2025-12-24T18:30:15.695+0000][gc,task     ] GC(408) Using 8 workers of 8 for evacuation
[2025-12-24T18:30:15.716+0000][gc,phases   ] GC(408)   Pre Evacuate Collection Set: 1.1ms
[2025-12-24T18:30:15.716+0000][gc,phases   ] GC(408)   Merge Heap Roots: 0.3ms
[2025-12-24T18:30:15.716+0000][gc,phases   ] GC(408)   Evacuate Collection Set: 18.3ms
[2025-12-24T18:30:15.716+0000][gc,phases   ] GC(408)   Post Evacuate Collection Set: 1.4ms
[2025-12-24T18:30:15.717+0000][gc,phases   ] GC(408)   Other: 0.4ms
[2025-12-24T18:30:15.717+0000][gc,heap     ] GC(408) Eden regions: 607->0(607)
[2025-12-24T18:30:15.717+0000][gc,heap     ] GC(408) Survivor regions: 7->7(77)
[2025-12-24T18:30:15.717+0000][gc,heap     ] GC(408) Old regions: 104->104
[2025-12-24T18:30:15.717+0000][gc,heap     ] GC(408) Humongous regions: 151->151
[2025-12-24T18:30:15.717+0000][gc,metaspace] GC(408) Metaspace: 15472K(15936K)->15472K(15936K) NonClass: 13845K(14016K)->13845K(14016K) Class: 1626K(1920K)->1626K(1920K)
[2025-12-24T18:30:15.717+0000][gc          ] GC(408) Pause Young (Normal) (G1 Evacuation Pause) 867M->260M(1024M) 22.730ms
[2025-12-24T18:30:15.717+0000][gc,cpu      ] GC(408) User=0.13s Sys=0.00s Real=0.02s
[2025-12-24T18:30:45.937+0000][gc,start    ] GC(409) Pause Young (Normal) (G1 Evacuation Pause)
[2025-12-24T18:30:45.937+0000][gc,task     ] GC(409) Using 8 workers of 8 for evacuation
[2025-12-24T18:30:45.955+0000][gc,phases   ] GC(409)   Pre Evacuate Collection Set: 1.2ms
[2025-12-24T18:30:45.955+0000][gc,phases   ] GC(409)   Merge Heap Roots: 0.4ms
[2025-12-24T18:30:45.955+0000][gc,phases   ] GC(409)   Evacuate Collection Set: 14.2ms
[2025-12-24T18:30:45.955+0000][gc,phases   ] GC(409)   Post Evacuate Collection Set: 1.1ms
[2025-12-24T18:30:45.955+0000][gc,phases   ] GC(409)   Other: 0.4ms
[2025-12-24T18:30:45.955+0000][gc,heap     ] GC(409) Eden regions: 607->0(606)
[2025-12-24T18:30:45.955+0000][gc,heap     ] GC(409) Survivor regions: 7->8(77)
[2025-12-24T18:30:45.955+0000][gc,heap     ] GC(409) Old regions: 104->104
[2025-12-24T18:30:45.955+0000][gc,heap     ] GC(409) Humongous regions: 151->151
[2025-12-24T18:30:45.955+0000][gc,metaspace] GC(409) Metaspace: 15472K(15936K)->15472K(15936K) NonClass: 13845K(14016K)->13845K(14016K) Class: 1626K(1920K)->1626K(1920K)
[2025-12-24T18:30:45.955+0000][gc          ] GC(409) Pause Young (Normal) (G1 Evacuation Pause) 867M->262M(1024M) 18.512ms
[2025-12-24T18:30:45.955+0000][gc,cpu      ] GC(409) User=0.10s Sys=0.00s Real=0.01s
[2025-12-24T18:31:25.593+0000][gc,start    ] GC(410) Pause Young (Normal) (G1 Evacuation Pause)
[2025-12-24T18:31:25.596+0000][gc,task     ] GC(410) Using 8 workers of 8 for evacuation
[2025-12-24T18:31:25.614+0000][gc,phases   ] GC(410)   Pre Evacuate Collection Set: 1.0ms
[2025-12-24T18:31:25.614+0000][gc,phases   ] GC(410)   Merge Heap Roots: 0.3ms
[2025-12-24T18:31:25.615+0000][gc,phases   ] GC(410)   Evacuate Collection Set: 14.7ms
[2025-12-24T18:31:25.615+0000][gc,phases   ] GC(410)   Post Evacuate Collection Set: 1.7ms
[2025-12-24T18:31:25.615+0000][gc,phases   ] GC(410)   Other: 0.2ms
[2025-12-24T18:31:25.615+0000][gc,heap     ] GC(410) Eden regions: 606->0(606)
[2025-12-24T18:31:25.615+0000][gc,heap     ] GC(410) Survivor regions: 8->8(77)
[2025-12-24T18:31:25.615+0000][gc,heap     ] GC(410) Old regions: 104->104
[2025-12-24T18:31:25.615+0000][gc,heap     ] GC(410) Humongous regions: 151->151
[2025-12-24T18:31:25.615+0000][gc,metaspace] GC(410) Metaspace: 15472K(15936K)->15472K(15936K) NonClass: 13845K(14016K)->13845K(14016K) Class: 1626K(1920K)->1626K(1920K)
[2025-12-24T18:31:25.615+0000][gc          ] GC(410) Pause Young (Normal) (G1 Evacuation Pause) 868M->261M(1024M) 22.447ms
[2025-12-24T18:31:25.615+0000][gc,cpu      ] GC(410) User=0.08s Sys=0.01s Real=0.03s
[2025-12-24T18:31:55.827+0000][gc,start    ] GC(411) Pause Young (Normal) (G1 Evacuation Pause)
[2025-12-24T18:31:55.827+0000][gc,task     ] GC(411) Using 8 workers of 8 for evacuation
[2025-12-24T18:31:55.840+0000][gc,phases   ] GC(411)   Pre Evacuate Collection Set: 1.1ms
[2025-12-24T18:31:55.840+0000][gc,phases   ] GC(411)   Merge Heap Roots: 0.2ms
[2025-12-24T18:31:55.841+0000][gc,phases   ] GC(411)   Evacuate Collection Set: 10.4ms
[2025-12-24T18:31:55.841+0000][gc,phases   ] GC(411)   Post Evacuate Collection Set: 1.0ms
[2025-12-24T18:31:55.841+0000][gc,phases   ] GC(411)   Other: 0.2ms
[2025-12-24T18:31:55.841+0000][gc,heap     ] GC(411) Eden regions: 606->0(605)
[2025-12-24T18:31:55.841+0000][gc,heap     ] GC(411) Survivor regions: 8->9(77)
[2025-12-24T18:31:55.841+0000][gc,heap     ] GC(411) Old regions: 104->104
[2025-12-24T18:31:55.841+0000][gc,heap     ] GC(411) Humongous regions: 151->151
[2025-12-24T18:31:55.841+0000][gc,metaspace] GC(411) Metaspace: 15472K(15936K)->15472K(15936K) NonClass: 13845K(14016K)->13845K(14016K) Class: 1626K(1920K)->1626K(1920K)
[2025-12-24T18:31:55.841+0000][gc          ] GC(411) Pause Young (Normal) (G1 Evacuation Pause) 867M->263M(1024M) 13.858ms
[2025-12-24T18:31:55.841+0000][gc,cpu      ] GC(411) User=0.08s Sys=0.00s Real=0.01s
[2025-12-24T18:32:35.493+0000][gc,start    ] GC(412) Pause Young (Normal) (G1 Evacuation Pause)
[2025-12-24T18:32:35.494+0000][gc,task     ] GC(412) Using 8 workers of 8 for evacuation
[2025-12-24T18:32:35.510+0000][gc,phases   ] GC(412)   Pre Evacuate Collection Set: 1.7ms
[2025-12-24T18:32:35.510+0000][gc,phases   ] GC(412)   Merge Heap Roots: 0.4ms
[2025-12-24T18:32:35.510+0000][gc,phases   ] GC(412)   Evacuate Collection Set: 12.8ms
[2025-12-24T18:32:35.510+0000][gc,phases   ] GC(412)   Post Evacuate Collection Set: 1.2ms
[2025-12-24T18:32:35.511+0000][gc,phases   ] GC(412)   Other: 0.3ms
[2025-12-24T18:32:35.511+0000][gc,heap     ] GC(412) Eden regions: 605->0(606)
[2025-12-24T18:32:35.511+0000][gc,heap     ] GC(412) Survivor regions: 9->8(77)
[2025-12-24T18:32:35.511+0000][gc,heap     ] GC(412) Old regions: 104->105
[2025-12-24T18:32:35.511+0000][gc,heap     ] GC(412) Humongous regions: 151->151
[2025-12-24T18:32:35.511+0000][gc,metaspace] GC(412) Metaspace: 15472K(15936K)->15472K(15936K) NonClass: 13845K(14016K)->13845K(14016K) Class: 1626K(1920K)->1626K(1920K)
[2025-12-24T18:32:35.511+0000][gc          ] GC(412) Pause Young (Normal) (G1 Evacuation Pause) 868M->263M(1024M) 17.623ms
[2025-12-24T18:32:35.511+0000][gc,cpu      ] GC(412) User=0.08s Sys=0.01s Real=0.02s
[2025-12-24T18:33:05.731+0000][gc,start    ] GC(413) Pause Young (Normal) (G1 Evacuation Pause)
[2025-12-24T18:33:05.731+0000][gc,task     ] GC(413) Using 8 workers of 8 for evacuation
[2025-12-24T18:33:05.745+0000][gc,phases   ] GC(413)   Pre Evacuate Collection Set: 1.3ms
[2025-12-24T18:33:05.745+0000][gc,phases   ] GC(413)   Merge Heap Roots: 0.3ms
[2025-12-24T18:33:05.745+0000][gc,phases   ] GC(413)   Evacuate Collection Set: 10.6ms
[2025-12-24T18:33:05.745+0000][gc,phases   ] GC(413)   Post Evacuate Collection Set: 1.3ms
[2025-12-24T18:33:05.745+0000][gc,phases   ] GC(413)   Other: 0.3ms
[2025-12-24T18:33:05.745+0000][gc,heap     ] GC(413) Eden regions: 606->0(608)
[2025-12-24T18:33:05.745+0000][gc,heap     ] GC(413) Survivor regions: 8->6(77)
[2025-12-24T18:33:05.746+0000][gc,heap     ] GC(413) Old regions: 105->105
[2025-12-24T18:33:05.746+0000][gc,heap     ] GC(413) Humongous regions: 151->151
[2025-12-24T18:33:05.746+0000][gc,metaspace] GC(413) Metaspace: 15472K(15936K)->15472K(15936K) NonClass: 13845K(14016K)->13845K(14016K) Class: 1626K(1920K)->1626K(1920K)
[2025-12-24T18:33:05.746+0000][gc          ] GC(413) Pause Young (Normal) (G1 Evacuation Pause) 869M->260M(1024M) 15.089ms
[2025-12-24T18:33:05.746+0000][gc,cpu      ] GC(413) User=0.07s Sys=0.00s Real=0.01s
[2025-12-24T18:33:35.981+0000][gc,start    ] GC(414) Pause Young (Normal) (G1 Evacuation Pause)
[2025-12-24T18:33:35.982+0000][gc,task     ] GC(414) Using 8 workers of 8 for evacuation
[2025-12-24T18:33:35.993+0000][gc,phases   ] GC(414)   Pre Evacuate Collection Set: 1.3ms
[2025-12-24T18:33:35.993+0000][gc,phases   ] GC(414)   Merge Heap Roots: 0.3ms
[2025-12-24T18:33:35.993+0000][gc,phases   ] GC(414)   Evacuate Collection Set: 6.9ms
[2025-12-24T18:33:35.993+0000][gc,phases   ] GC(414)   Post Evacuate Collection Set: 1.8ms
[2025-12-24T18:33:35.993+0000][gc,phases   ] GC(414)   Other: 0.6ms
[2025-12-24T18:33:35.993+0000][gc,heap     ] GC(414) Eden regions: 608->0(607)
[2025-12-24T18:33:35.993+0000][gc,heap     ] GC(414) Survivor regions: 6->7(77)
[2025-12-24T18:33:35.993+0000][gc,heap     ] GC(414) Old regions: 105->105
[2025-12-24T18:33:35.993+0000][gc,heap     ] GC(414) Humongous regions: 151->151
[2025-12-24T18:33:35.993+0000][gc,metaspace] GC(414) Metaspace: 15472K(15936K)->15472K(15936K) NonClass: 13845K(14016K)->13845K(14016K) Class: 1626K(1920K)->1626K(1920K)
[2025-12-24T18:33:35.994+0000][gc          ] GC(414) Pause Young (Normal) (G1 Evacuation Pause) 868M->262M(1024M) 12.938ms
[2025-12-24T18:33:35.994+0000][gc,cpu      ] GC(414) User=0.06s Sys=0.00s Real=0.01s
[2025-12-24T18:34:15.745+0000][gc,start    ] GC(415) Pause Young (Normal) (G1 Evacuation Pause)
[2025-12-24T18:34:15.746+0000][gc,task     ] GC(415) Using 8 workers of 8 for evacuation
[2025-12-24T18:34:15.762+0000][gc,phases   ] GC(415)   Pre Evacuate Collection Set: 1.4ms
[2025-12-24T18:34:15.762+0000][gc,phases   ] GC(415)   Merge Heap Roots: 0.3ms
[2025-12-24T18:34:15.762+0000][gc,phases   ] GC(415)   Evacuate Collection Set: 11.8ms
[2025-12-24T18:34:15.762+0000][gc,phases   ] GC(415)   Post Evacuate Collection Set: 1.4ms
[2025-12-24T18:34:15.762+0000][gc,phases   ] GC(415)   Other: 0.4ms
[2025-12-24T18:34:15.762+0000][gc,heap     ] GC(415) Eden regions: 607->0(607)
[2025-12-24T18:34:15.762+0000][gc,heap     ] GC(415) Survivor regions: 7->7(77)
[2025-12-24T18:34:15.762+0000][gc,heap     ] GC(415) Old regions: 105->105
[2025-12-24T18:34:15.762+0000][gc,heap     ] GC(415) Humongous regions: 151->151
[2025-12-24T18:34:15.762+0000][gc,metaspace] GC(415) Metaspace: 15474K(15936K)->15474K(15936K) NonClass: 13847K(14016K)->13847K(14016K) Class: 1626K(1920K)->1626K(1920K)
[2025-12-24T18:34:15.762+0000][gc          ] GC(415) Pause Young (Normal) (G1 Evacuation Pause) 869M->262M(1024M) 17.651ms
[2025-12-24T18:34:15.762+0000][gc,cpu      ] GC(415) User=0.08s Sys=0.00s Real=0.02s
[2025-12-24T18:34:46.378+0000][gc,start    ] GC(416) Pause Young (Normal) (G1 Evacuation Pause)
[2025-12-24T18:34:46.378+0000][gc,task     ] GC(416) Using 8 workers of 8 for evacuation
[2025-12-24T18:34:46.388+0000][gc,phases   ] GC(416)   Pre Evacuate Collection Set: 1.1ms
[2025-12-24T18:34:46.388+0000][gc,phases   ] GC(416)   Merge Heap Roots: 0.2ms
[2025-12-24T18:34:46.388+0000][gc,phases   ] GC(416)   Evacuate Collection Set: 7.4ms
[2025-12-24T18:34:46.388+0000][gc,phases   ] GC(416)   Post Evacuate Collection Set: 1.1ms
[2025-12-24T18:34:46.389+0000][gc,phases   ] GC(416)   Other: 0.4ms
[2025-12-24T18:34:46.389+0000][gc,heap     ] GC(416) Eden regions: 607->0(606)
[2025-12-24T18:34:46.389+0000][gc,heap     ] GC(416) Survivor regions: 7->8(77)
[2025-12-24T18:34:46.389+0000][gc,heap     ] GC(416) Old regions: 105->106
[2025-12-24T18:34:46.389+0000][gc,heap     ] GC(416) Humongous regions: 151->151
[2025-12-24T18:34:46.389+0000][gc,metaspace] GC(416) Metaspace: 15474K(15936K)->15474K(15936K) NonClass: 13847K(14016K)->13847K(14016K) Class: 1626K(1920K)->1626K(1920K)
[2025-12-24T18:34:46.389+0000][gc          ] GC(416) Pause Young (Normal) (G1 Evacuation Pause) 869M->264M(1024M) 11.280ms
[2025-12-24T18:34:46.389+0000][gc,cpu      ] GC(416) User=0.06s Sys=0.00s Real=0.02s
[2025-12-24T18:35:25.562+0000][gc,start    ] GC(417) Pause Young (Normal) (G1 Evacuation Pause)
[2025-12-24T18:35:25.563+0000][gc,task     ] GC(417) Using 8 workers of 8 for evacuation
[2025-12-24T18:35:25.584+0000][gc,phases   ] GC(417)   Pre Evacuate Collection Set: 2.3ms
[2025-12-24T18:35:25.585+0000][gc,phases   ] GC(417)   Merge Heap Roots: 0.4ms
[2025-12-24T18:35:25.585+0000][gc,phases   ] GC(417)   Evacuate Collection Set: 16.5ms
[2025-12-24T18:35:25.585+0000][gc,phases   ] GC(417)   Post Evacuate Collection Set: 1.3ms
[2025-12-24T18:35:25.585+0000][gc,phases   ] GC(417)   Other: 0.6ms
[2025-12-24T18:35:25.585+0000][gc,heap     ] GC(417) Eden regions: 606->0(606)
[2025-12-24T18:35:25.585+0000][gc,heap     ] GC(417) Survivor regions: 8->8(77)
[2025-12-24T18:35:25.585+0000][gc,heap     ] GC(417) Old regions: 106->106
[2025-12-24T18:35:25.585+0000][gc,heap     ] GC(417) Humongous regions: 151->151
[2025-12-24T18:35:25.585+0000][gc,metaspace] GC(417) Metaspace: 15474K(15936K)->15474K(15936K) NonClass: 13847K(14016K)->13847K(14016K) Class: 1626K(1920K)->1626K(1920K)
[2025-12-24T18:35:25.585+0000][gc          ] GC(417) Pause Young (Normal) (G1 Evacuation Pause) 870M->263M(1024M) 22.986ms
[2025-12-24T18:35:25.585+0000][gc,cpu      ] GC(417) User=0.14s Sys=0.01s Real=0.03s
[2025-12-24T18:35:55.951+0000][gc,start    ] GC(418) Pause Young (Normal) (G1 Evacuation Pause)
[2025-12-24T18:35:55.952+0000][gc,task     ] GC(418) Using 8 workers of 8 for evacuation
[2025-12-24T18:35:55.976+0000][gc,phases   ] GC(418)   Pre Evacuate Collection Set: 1.1ms
[2025-12-24T18:35:55.976+0000][gc,phases   ] GC(418)   Merge Heap Roots: 1.9ms
[2025-12-24T18:35:55.976+0000][gc,phases   ] GC(418)   Evacuate Collection Set: 20.1ms
[2025-12-24T18:35:55.977+0000][gc,phases   ] GC(418)   Post Evacuate Collection Set: 1.2ms
[2025-12-24T18:35:55.977+0000][gc,phases   ] GC(418)   Other: 0.3ms
[2025-12-24T18:35:55.977+0000][gc,heap     ] GC(418) Eden regions: 606->0(605)
[2025-12-24T18:35:55.977+0000][gc,heap     ] GC(418) Survivor regions: 8->9(77)
[2025-12-24T18:35:55.977+0000][gc,heap     ] GC(418) Old regions: 106->106
[2025-12-24T18:35:55.977+0000][gc,heap     ] GC(418) Humongous regions: 151->151
[2025-12-24T18:35:55.977+0000][gc,metaspace] GC(418) Metaspace: 15480K(15936K)->15480K(15936K) NonClass: 13854K(14016K)->13854K(14016K) Class: 1626K(1920K)->1626K(1920K)
[2025-12-24T18:35:55.977+0000][gc          ] GC(418) Pause Young (Normal) (G1 Evacuation Pause) 869M->265M(1024M) 25.674ms
[2025-12-24T18:35:55.977+0000][gc,cpu      ] GC(418) User=0.16s Sys=0.00s Real=0.02s
[2025-12-24T18:36:35.440+0000][gc,start    ] GC(419) Pause Young (Normal) (G1 Evacuation Pause)
[2025-12-24T18:36:35.443+0000][gc,task     ] GC(419) Using 8 workers of 8 for evacuation
[2025-12-24T18:36:35.467+0000][gc,phases   ] GC(419)   Pre Evacuate Collection Set: 2.4ms
[2025-12-24T18:36:35.467+0000][gc,phases   ] GC(419)   Merge Heap Roots: 1.9ms
[2025-12-24T18:36:35.467+0000][gc,phases   ] GC(419)   Evacuate Collection Set: 18.0ms
[2025-12-24T18:36:35.467+0000][gc,phases   ] GC(419)   Post Evacuate Collection Set: 1.3ms
[2025-12-24T18:36:35.467+0000][gc,phases   ] GC(419)   Other: 0.6ms
[2025-12-24T18:36:35.467+0000][gc,heap     ] GC(419) Eden regions: 605->0(606)
[2025-12-24T18:36:35.467+0000][gc,heap     ] GC(419) Survivor regions: 9->8(77)
[2025-12-24T18:36:35.467+0000][gc,heap     ] GC(419) Old regions: 106->106
[2025-12-24T18:36:35.467+0000][gc,heap     ] GC(419) Humongous regions: 151->151
[2025-12-24T18:36:35.467+0000][gc,metaspace] GC(419) Metaspace: 15482K(15936K)->15482K(15936K) NonClass: 13855K(14016K)->13855K(14016K) Class: 1626K(1920K)->1626K(1920K)
[2025-12-24T18:36:35.467+0000][gc          ] GC(419) Pause Young (Normal) (G1 Evacuation Pause) 870M->264M(1024M) 27.071ms
[2025-12-24T18:36:35.467+0000][gc,cpu      ] GC(419) User=0.16s Sys=0.01s Real=0.03s
[2025-12-24T18:37:05.673+0000][gc,start    ] GC(420) Pause Young (Normal) (G1 Evacuation Pause)
[2025-12-24T18:37:05.675+0000][gc,task     ] GC(420) Using 8 workers of 8 for evacuation
[2025-12-24T18:37:05.700+0000][gc,phases   ] GC(420)   Pre Evacuate Collection Set: 3.8ms
[2025-12-24T18:37:05.700+0000][gc,phases   ] GC(420)   Merge Heap Roots: 0.9ms
[2025-12-24T18:37:05.700+0000][gc,phases   ] GC(420)   Evacuate Collection Set: 19.1ms
[2025-12-24T18:37:05.700+0000][gc,phases   ] GC(420)   Post Evacuate Collection Set: 1.3ms
[2025-12-24T18:37:05.700+0000][gc,phases   ] GC(420)   Other: 0.6ms
[2025-12-24T18:37:05.700+0000][gc,heap     ] GC(420) Eden regions: 606->0(604)
[2025-12-24T18:37:05.701+0000][gc,heap     ] GC(420) Survivor regions: 8->10(77)
[2025-12-24T18:37:05.701+0000][gc,heap     ] GC(420) Old regions: 106->107
[2025-12-24T18:37:05.701+0000][gc,heap     ] GC(420) Humongous regions: 151->151
[2025-12-24T18:37:05.701+0000][gc,metaspace] GC(420) Metaspace: 15482K(15936K)->15482K(15936K) NonClass: 13855K(14016K)->13855K(14016K) Class: 1626K(1920K)->1626K(1920K)
[2025-12-24T18:37:05.701+0000][gc          ] GC(420) Pause Young (Normal) (G1 Evacuation Pause) 870M->266M(1024M) 27.443ms
[2025-12-24T18:37:05.701+0000][gc,cpu      ] GC(420) User=0.16s Sys=0.00s Real=0.03s
[2025-12-24T18:37:35.896+0000][gc,start    ] GC(421) Pause Young (Normal) (G1 Evacuation Pause)
[2025-12-24T18:37:35.897+0000][gc,task     ] GC(421) Using 8 workers of 8 for evacuation
[2025-12-24T18:37:35.909+0000][gc,phases   ] GC(421)   Pre Evacuate Collection Set: 1.0ms
[2025-12-24T18:37:35.909+0000][gc,phases   ] GC(421)   Merge Heap Roots: 0.3ms
[2025-12-24T18:37:35.909+0000][gc,phases   ] GC(421)   Evacuate Collection Set: 9.4ms
[2025-12-24T18:37:35.909+0000][gc,phases   ] GC(421)   Post Evacuate Collection Set: 1.2ms
[2025-12-24T18:37:35.909+0000][gc,phases   ] GC(421)   Other: 0.3ms
[2025-12-24T18:37:35.909+0000][gc,heap     ] GC(421) Eden regions: 604->0(607)
[2025-12-24T18:37:35.909+0000][gc,heap     ] GC(421) Survivor regions: 10->7(77)
[2025-12-24T18:37:35.909+0000][gc,heap     ] GC(421) Old regions: 107->107
[2025-12-24T18:37:35.910+0000][gc,heap     ] GC(421) Humongous regions: 151->151
[2025-12-24T18:37:35.910+0000][gc,metaspace] GC(421) Metaspace: 15482K(15936K)->15482K(15936K) NonClass: 13855K(14016K)->13855K(14016K) Class: 1626K(1920K)->1626K(1920K)
[2025-12-24T18:37:35.910+0000][gc          ] GC(421) Pause Young (Normal) (G1 Evacuation Pause) 870M->263M(1024M) 13.720ms
[2025-12-24T18:37:35.910+0000][gc,cpu      ] GC(421) User=0.08s Sys=0.00s Real=0.02s
[2025-12-24T18:38:15.715+0000][gc,start    ] GC(422) Pause Young (Normal) (G1 Evacuation Pause)
[2025-12-24T18:38:15.718+0000][gc,task     ] GC(422) Using 8 workers of 8 for evacuation
[2025-12-24T18:38:15.745+0000][gc,phases   ] GC(422)   Pre Evacuate Collection Set: 1.7ms
[2025-12-24T18:38:15.745+0000][gc,phases   ] GC(422)   Merge Heap Roots: 0.3ms
[2025-12-24T18:38:15.745+0000][gc,phases   ] GC(422)   Evacuate Collection Set: 23.8ms
[2025-12-24T18:38:15.745+0000][gc,phases   ] GC(422)   Post Evacuate Collection Set: 1.3ms
[2025-12-24T18:38:15.745+0000][gc,phases   ] GC(422)   Other: 0.3ms
[2025-12-24T18:38:15.746+0000][gc,heap     ] GC(422) Eden regions: 607->0(608)
[2025-12-24T18:38:15.746+0000][gc,heap     ] GC(422) Survivor regions: 7->6(77)
[2025-12-24T18:38:15.746+0000][gc,heap     ] GC(422) Old regions: 107->107
[2025-12-24T18:38:15.746+0000][gc,heap     ] GC(422) Humongous regions: 151->151
[2025-12-24T18:38:15.746+0000][gc,metaspace] GC(422) Metaspace: 15482K(15936K)->15482K(15936K) NonClass: 13855K(14016K)->13855K(14016K) Class: 1626K(1920K)->1626K(1920K)
[2025-12-24T18:38:15.746+0000][gc          ] GC(422) Pause Young (Normal) (G1 Evacuation Pause) 870M->263M(1024M) 31.342ms
[2025-12-24T18:38:15.746+0000][gc,cpu      ] GC(422) User=0.15s Sys=0.01s Real=0.04s
[2025-12-24T18:38:45.837+0000][gc,start    ] GC(423) Pause Young (Normal) (G1 Evacuation Pause)
[2025-12-24T18:38:45.837+0000][gc,task     ] GC(423) Using 8 workers of 8 for evacuation
[2025-12-24T18:38:45.851+0000][gc,phases   ] GC(423)   Pre Evacuate Collection Set: 1.0ms
[2025-12-24T18:38:45.852+0000][gc,phases   ] GC(423)   Merge Heap Roots: 0.3ms
[2025-12-24T18:38:45.852+0000][gc,phases   ] GC(423)   Evacuate Collection Set: 11.5ms
[2025-12-24T18:38:45.852+0000][gc,phases   ] GC(423)   Post Evacuate Collection Set: 1.1ms
[2025-12-24T18:38:45.852+0000][gc,phases   ] GC(423)   Other: 0.2ms
[2025-12-24T18:38:45.852+0000][gc,heap     ] GC(423) Eden regions: 608->0(606)
[2025-12-24T18:38:45.852+0000][gc,heap     ] GC(423) Survivor regions: 6->8(77)
[2025-12-24T18:38:45.852+0000][gc,heap     ] GC(423) Old regions: 107->107
[2025-12-24T18:38:45.852+0000][gc,heap     ] GC(423) Humongous regions: 151->151
[2025-12-24T18:38:45.852+0000][gc,metaspace] GC(423) Metaspace: 15482K(15936K)->15482K(15936K) NonClass: 13855K(14016K)->13855K(14016K) Class: 1626K(1920K)->1626K(1920K)
[2025-12-24T18:38:45.852+0000][gc          ] GC(423) Pause Young (Normal) (G1 Evacuation Pause) 871M->264M(1024M) 15.019ms
[2025-12-24T18:38:45.852+0000][gc,cpu      ] GC(423) User=0.09s Sys=0.00s Real=0.01s
[2025-12-24T18:39:25.879+0000][gc,start    ] GC(424) Pause Young (Normal) (G1 Evacuation Pause)
[2025-12-24T18:39:25.904+0000][gc,task     ] GC(424) Using 8 workers of 8 for evacuation
[2025-12-24T18:39:25.960+0000][gc,phases   ] GC(424)   Pre Evacuate Collection Set: 8.6ms
[2025-12-24T18:39:25.960+0000][gc,phases   ] GC(424)   Merge Heap Roots: 8.1ms
[2025-12-24T18:39:25.960+0000][gc,phases   ] GC(424)   Evacuate Collection Set: 33.0ms
[2025-12-24T18:39:25.960+0000][gc,phases   ] GC(424)   Post Evacuate Collection Set: 4.0ms
[2025-12-24T18:39:25.960+0000][gc,phases   ] GC(424)   Other: 3.5ms
[2025-12-24T18:39:25.960+0000][gc,heap     ] GC(424) Eden regions: 606->0(605)
[2025-12-24T18:39:25.960+0000][gc,heap     ] GC(424) Survivor regions: 8->9(77)
[2025-12-24T18:39:25.960+0000][gc,heap     ] GC(424) Old regions: 107->107
[2025-12-24T18:39:25.960+0000][gc,heap     ] GC(424) Humongous regions: 151->151
[2025-12-24T18:39:25.960+0000][gc,metaspace] GC(424) Metaspace: 15500K(15936K)->15500K(15936K) NonClass: 13868K(14016K)->13868K(14016K) Class: 1631K(1920K)->1631K(1920K)
[2025-12-24T18:39:25.961+0000][gc          ] GC(424) Pause Young (Normal) (G1 Evacuation Pause) 870M->266M(1024M) 81.456ms
[2025-12-24T18:39:25.961+0000][gc,cpu      ] GC(424) User=0.24s Sys=0.03s Real=0.08s
[2025-12-24T18:39:55.798+0000][gc,start    ] GC(425) Pause Young (Normal) (G1 Evacuation Pause)
[2025-12-24T18:39:55.798+0000][gc,task     ] GC(425) Using 8 workers of 8 for evacuation
[2025-12-24T18:39:55.812+0000][gc,phases   ] GC(425)   Pre Evacuate Collection Set: 1.1ms
[2025-12-24T18:39:55.813+0000][gc,phases   ] GC(425)   Merge Heap Roots: 0.3ms
[2025-12-24T18:39:55.813+0000][gc,phases   ] GC(425)   Evacuate Collection Set: 11.1ms
[2025-12-24T18:39:55.813+0000][gc,phases   ] GC(425)   Post Evacuate Collection Set: 1.1ms
[2025-12-24T18:39:55.813+0000][gc,phases   ] GC(425)   Other: 0.4ms
[2025-12-24T18:39:55.813+0000][gc,heap     ] GC(425) Eden regions: 605->0(604)
[2025-12-24T18:39:55.813+0000][gc,heap     ] GC(425) Survivor regions: 9->10(77)
[2025-12-24T18:39:55.813+0000][gc,heap     ] GC(425) Old regions: 107->108
[2025-12-24T18:39:55.813+0000][gc,heap     ] GC(425) Humongous regions: 151->151
[2025-12-24T18:39:55.813+0000][gc,metaspace] GC(425) Metaspace: 15500K(15936K)->15500K(15936K) NonClass: 13868K(14016K)->13868K(14016K) Class: 1631K(1920K)->1631K(1920K)
[2025-12-24T18:39:55.813+0000][gc          ] GC(425) Pause Young (Normal) (G1 Evacuation Pause) 871M->267M(1024M) 15.090ms
[2025-12-24T18:39:55.813+0000][gc,cpu      ] GC(425) User=0.10s Sys=0.00s Real=0.02s
[2025-12-24T18:40:25.926+0000][gc,start    ] GC(426) Pause Young (Normal) (G1 Evacuation Pause)
[2025-12-24T18:40:25.927+0000][gc,task     ] GC(426) Using 8 workers of 8 for evacuation
[2025-12-24T18:40:25.944+0000][gc,phases   ] GC(426)   Pre Evacuate Collection Set: 1.7ms
[2025-12-24T18:40:25.944+0000][gc,phases   ] GC(426)   Merge Heap Roots: 0.4ms
[2025-12-24T18:40:25.944+0000][gc,phases   ] GC(426)   Evacuate Collection Set: 13.4ms
[2025-12-24T18:40:25.944+0000][gc,phases   ] GC(426)   Post Evacuate Collection Set: 0.9ms
[2025-12-24T18:40:25.944+0000][gc,phases   ] GC(426)   Other: 0.4ms
[2025-12-24T18:40:25.944+0000][gc,heap     ] GC(426) Eden regions: 604->0(602)
[2025-12-24T18:40:25.944+0000][gc,heap     ] GC(426) Survivor regions: 10->12(77)
[2025-12-24T18:40:25.944+0000][gc,heap     ] GC(426) Old regions: 108->108
[2025-12-24T18:40:25.944+0000][gc,heap     ] GC(426) Humongous regions: 151->151
[2025-12-24T18:40:25.944+0000][gc,metaspace] GC(426) Metaspace: 15500K(15936K)->15500K(15936K) NonClass: 13868K(14016K)->13868K(14016K) Class: 1631K(1920K)->1631K(1920K)
[2025-12-24T18:40:25.944+0000][gc          ] GC(426) Pause Young (Normal) (G1 Evacuation Pause) 871M->269M(1024M) 17.989ms
[2025-12-24T18:40:25.944+0000][gc,cpu      ] GC(426) User=0.11s Sys=0.00s Real=0.02s
[2025-12-24T18:41:05.601+0000][gc,start    ] GC(427) Pause Young (Normal) (G1 Evacuation Pause)
[2025-12-24T18:41:05.602+0000][gc,task     ] GC(427) Using 8 workers of 8 for evacuation
[2025-12-24T18:41:05.624+0000][gc,phases   ] GC(427)   Pre Evacuate Collection Set: 2.8ms
[2025-12-24T18:41:05.625+0000][gc,phases   ] GC(427)   Merge Heap Roots: 1.0ms
[2025-12-24T18:41:05.625+0000][gc,phases   ] GC(427)   Evacuate Collection Set: 16.9ms
[2025-12-24T18:41:05.625+0000][gc,phases   ] GC(427)   Post Evacuate Collection Set: 1.2ms
[2025-12-24T18:41:05.625+0000][gc,phases   ] GC(427)   Other: 0.7ms
[2025-12-24T18:41:05.625+0000][gc,heap     ] GC(427) Eden regions: 602->0(603)
[2025-12-24T18:41:05.625+0000][gc,heap     ] GC(427) Survivor regions: 12->11(77)
[2025-12-24T18:41:05.625+0000][gc,heap     ] GC(427) Old regions: 108->108
[2025-12-24T18:41:05.625+0000][gc,heap     ] GC(427) Humongous regions: 151->151
[2025-12-24T18:41:05.625+0000][gc,metaspace] GC(427) Metaspace: 15500K(15936K)->15500K(15936K) NonClass: 13868K(14016K)->13868K(14016K) Class: 1631K(1920K)->1631K(1920K)
[2025-12-24T18:41:05.625+0000][gc          ] GC(427) Pause Young (Normal) (G1 Evacuation Pause) 871M->268M(1024M) 24.256ms
[2025-12-24T18:41:05.625+0000][gc,cpu      ] GC(427) User=0.16s Sys=0.00s Real=0.02s
[2025-12-24T18:41:35.968+0000][gc,start    ] GC(428) Pause Young (Normal) (G1 Evacuation Pause)
[2025-12-24T18:41:35.970+0000][gc,task     ] GC(428) Using 8 workers of 8 for evacuation
[2025-12-24T18:41:35.992+0000][gc,phases   ] GC(428)   Pre Evacuate Collection Set: 1.0ms
[2025-12-24T18:41:35.992+0000][gc,phases   ] GC(428)   Merge Heap Roots: 0.5ms
[2025-12-24T18:41:35.992+0000][gc,phases   ] GC(428)   Evacuate Collection Set: 19.5ms
[2025-12-24T18:41:35.992+0000][gc,phases   ] GC(428)   Post Evacuate Collection Set: 1.4ms
[2025-12-24T18:41:35.993+0000][gc,phases   ] GC(428)   Other: 0.2ms
[2025-12-24T18:41:35.993+0000][gc,heap     ] GC(428) Eden regions: 603->0(606)
[2025-12-24T18:41:35.993+0000][gc,heap     ] GC(428) Survivor regions: 11->8(77)
[2025-12-24T18:41:35.993+0000][gc,heap     ] GC(428) Old regions: 108->108
[2025-12-24T18:41:35.993+0000][gc,heap     ] GC(428) Humongous regions: 151->151
[2025-12-24T18:41:35.993+0000][gc,metaspace] GC(428) Metaspace: 15500K(15936K)->15500K(15936K) NonClass: 13869K(14016K)->13869K(14016K) Class: 1631K(1920K)->1631K(1920K)
[2025-12-24T18:41:35.993+0000][gc          ] GC(428) Pause Young (Normal) (G1 Evacuation Pause) 871M->266M(1024M) 24.478ms
[2025-12-24T18:41:35.993+0000][gc,cpu      ] GC(428) User=0.15s Sys=0.00s Real=0.03s
[2025-12-24T18:42:15.516+0000][gc,start    ] GC(429) Pause Young (Normal) (G1 Evacuation Pause)
[2025-12-24T18:42:15.517+0000][gc,task     ] GC(429) Using 8 workers of 8 for evacuation
[2025-12-24T18:42:15.552+0000][gc,phases   ] GC(429)   Pre Evacuate Collection Set: 1.1ms
[2025-12-24T18:42:15.553+0000][gc,phases   ] GC(429)   Merge Heap Roots: 0.3ms
[2025-12-24T18:42:15.553+0000][gc,phases   ] GC(429)   Evacuate Collection Set: 28.9ms
[2025-12-24T18:42:15.553+0000][gc,phases   ] GC(429)   Post Evacuate Collection Set: 5.0ms
[2025-12-24T18:42:15.553+0000][gc,phases   ] GC(429)   Other: 0.4ms
[2025-12-24T18:42:15.553+0000][gc,heap     ] GC(429) Eden regions: 606->0(608)
[2025-12-24T18:42:15.553+0000][gc,heap     ] GC(429) Survivor regions: 8->6(77)
[2025-12-24T18:42:15.553+0000][gc,heap     ] GC(429) Old regions: 108->109
[2025-12-24T18:42:15.553+0000][gc,heap     ] GC(429) Humongous regions: 151->151
[2025-12-24T18:42:15.554+0000][gc,metaspace] GC(429) Metaspace: 15501K(15936K)->15501K(15936K) NonClass: 13869K(14016K)->13869K(14016K) Class: 1631K(1920K)->1631K(1920K)
[2025-12-24T18:42:15.554+0000][gc          ] GC(429) Pause Young (Normal) (G1 Evacuation Pause) 872M->265M(1024M) 37.432ms
[2025-12-24T18:42:15.554+0000][gc,cpu      ] GC(429) User=0.16s Sys=0.08s Real=0.04s
[2025-12-24T18:42:45.721+0000][gc,start    ] GC(430) Pause Young (Normal) (G1 Evacuation Pause)
[2025-12-24T18:42:45.722+0000][gc,task     ] GC(430) Using 8 workers of 8 for evacuation
[2025-12-24T18:42:45.734+0000][gc,phases   ] GC(430)   Pre Evacuate Collection Set: 1.1ms
[2025-12-24T18:42:45.734+0000][gc,phases   ] GC(430)   Merge Heap Roots: 0.2ms
[2025-12-24T18:42:45.734+0000][gc,phases   ] GC(430)   Evacuate Collection Set: 8.4ms
[2025-12-24T18:42:45.734+0000][gc,phases   ] GC(430)   Post Evacuate Collection Set: 2.3ms
[2025-12-24T18:42:45.734+0000][gc,phases   ] GC(430)   Other: 0.2ms
[2025-12-24T18:42:45.734+0000][gc,heap     ] GC(430) Eden regions: 608->0(606)
[2025-12-24T18:42:45.734+0000][gc,heap     ] GC(430) Survivor regions: 6->8(77)
[2025-12-24T18:42:45.734+0000][gc,heap     ] GC(430) Old regions: 109->109
[2025-12-24T18:42:45.735+0000][gc,heap     ] GC(430) Humongous regions: 151->151
[2025-12-24T18:42:45.735+0000][gc,metaspace] GC(430) Metaspace: 15501K(15936K)->15501K(15936K) NonClass: 13869K(14016K)->13869K(14016K) Class: 1631K(1920K)->1631K(1920K)
[2025-12-24T18:42:45.735+0000][gc          ] GC(430) Pause Young (Normal) (G1 Evacuation Pause) 873M->266M(1024M) 14.055ms
[2025-12-24T18:42:45.735+0000][gc,cpu      ] GC(430) User=0.08s Sys=0.00s Real=0.02s
[2025-12-24T18:43:25.433+0000][gc,start    ] GC(431) Pause Young (Normal) (G1 Evacuation Pause)
[2025-12-24T18:43:25.434+0000][gc,task     ] GC(431) Using 8 workers of 8 for evacuation
[2025-12-24T18:43:25.462+0000][gc,phases   ] GC(431)   Pre Evacuate Collection Set: 1.8ms
[2025-12-24T18:43:25.462+0000][gc,phases   ] GC(431)   Merge Heap Roots: 0.5ms
[2025-12-24T18:43:25.462+0000][gc,phases   ] GC(431)   Evacuate Collection Set: 24.0ms
[2025-12-24T18:43:25.462+0000][gc,phases   ] GC(431)   Post Evacuate Collection Set: 1.5ms
[2025-12-24T18:43:25.462+0000][gc,phases   ] GC(431)   Other: 0.7ms
[2025-12-24T18:43:25.462+0000][gc,heap     ] GC(431) Eden regions: 606->0(607)
[2025-12-24T18:43:25.462+0000][gc,heap     ] GC(431) Survivor regions: 8->7(77)
[2025-12-24T18:43:25.462+0000][gc,heap     ] GC(431) Old regions: 109->109
[2025-12-24T18:43:25.463+0000][gc,heap     ] GC(431) Humongous regions: 151->151
[2025-12-24T18:43:25.463+0000][gc,metaspace] GC(431) Metaspace: 15501K(15936K)->15501K(15936K) NonClass: 13869K(14016K)->13869K(14016K) Class: 1631K(1920K)->1631K(1920K)
[2025-12-24T18:43:25.463+0000][gc          ] GC(431) Pause Young (Normal) (G1 Evacuation Pause) 872M->265M(1024M) 29.921ms
[2025-12-24T18:43:25.463+0000][gc,cpu      ] GC(431) User=0.19s Sys=0.01s Real=0.03s
[2025-12-24T18:43:55.715+0000][gc,start    ] GC(432) Pause Young (Normal) (G1 Evacuation Pause)
[2025-12-24T18:43:55.716+0000][gc,task     ] GC(432) Using 8 workers of 8 for evacuation
[2025-12-24T18:43:55.730+0000][gc,phases   ] GC(432)   Pre Evacuate Collection Set: 1.3ms
[2025-12-24T18:43:55.730+0000][gc,phases   ] GC(432)   Merge Heap Roots: 0.3ms
[2025-12-24T18:43:55.730+0000][gc,phases   ] GC(432)   Evacuate Collection Set: 10.0ms
[2025-12-24T18:43:55.731+0000][gc,phases   ] GC(432)   Post Evacuate Collection Set: 2.7ms
[2025-12-24T18:43:55.731+0000][gc,phases   ] GC(432)   Other: 0.4ms
[2025-12-24T18:43:55.731+0000][gc,heap     ] GC(432) Eden regions: 607->0(606)
[2025-12-24T18:43:55.731+0000][gc,heap     ] GC(432) Survivor regions: 7->8(77)
[2025-12-24T18:43:55.731+0000][gc,heap     ] GC(432) Old regions: 109->109
[2025-12-24T18:43:55.731+0000][gc,heap     ] GC(432) Humongous regions: 151->151
[2025-12-24T18:43:55.731+0000][gc,metaspace] GC(432) Metaspace: 15501K(15936K)->15501K(15936K) NonClass: 13869K(14016K)->13869K(14016K) Class: 1631K(1920K)->1631K(1920K)
[2025-12-24T18:43:55.731+0000][gc          ] GC(432) Pause Young (Normal) (G1 Evacuation Pause) 872M->267M(1024M) 16.018ms
[2025-12-24T18:43:55.731+0000][gc,cpu      ] GC(432) User=0.08s Sys=0.00s Real=0.02s
[2025-12-24T18:44:25.994+0000][gc,start    ] GC(433) Pause Young (Normal) (G1 Evacuation Pause)
[2025-12-24T18:44:26.003+0000][gc,task     ] GC(433) Using 8 workers of 8 for evacuation
[2025-12-24T18:44:26.032+0000][gc,phases   ] GC(433)   Pre Evacuate Collection Set: 6.1ms
[2025-12-24T18:44:26.032+0000][gc,phases   ] GC(433)   Merge Heap Roots: 0.5ms
[2025-12-24T18:44:26.032+0000][gc,phases   ] GC(433)   Evacuate Collection Set: 14.9ms
[2025-12-24T18:44:26.032+0000][gc,phases   ] GC(433)   Post Evacuate Collection Set: 6.6ms
[2025-12-24T18:44:26.032+0000][gc,phases   ] GC(433)   Other: 2.6ms
[2025-12-24T18:44:26.032+0000][gc,heap     ] GC(433) Eden regions: 606->0(605)
[2025-12-24T18:44:26.032+0000][gc,heap     ] GC(433) Survivor regions: 8->9(77)
[2025-12-24T18:44:26.032+0000][gc,heap     ] GC(433) Old regions: 109->110
[2025-12-24T18:44:26.032+0000][gc,heap     ] GC(433) Humongous regions: 151->151
[2025-12-24T18:44:26.032+0000][gc,metaspace] GC(433) Metaspace: 15502K(15936K)->15502K(15936K) NonClass: 13870K(14016K)->13870K(14016K) Class: 1631K(1920K)->1631K(1920K)
[2025-12-24T18:44:26.032+0000][gc          ] GC(433) Pause Young (Normal) (G1 Evacuation Pause) 873M->269M(1024M) 38.370ms
[2025-12-24T18:44:26.033+0000][gc,cpu      ] GC(433) User=0.17s Sys=0.01s Real=0.04s
[2025-12-24T18:45:05.650+0000][gc,start    ] GC(434) Pause Young (Normal) (G1 Evacuation Pause)
[2025-12-24T18:45:05.651+0000][gc,task     ] GC(434) Using 8 workers of 8 for evacuation
[2025-12-24T18:45:05.670+0000][gc,phases   ] GC(434)   Pre Evacuate Collection Set: 1.1ms
[2025-12-24T18:45:05.670+0000][gc,phases   ] GC(434)   Merge Heap Roots: 0.2ms
[2025-12-24T18:45:05.670+0000][gc,phases   ] GC(434)   Evacuate Collection Set: 16.5ms
[2025-12-24T18:45:05.671+0000][gc,phases   ] GC(434)   Post Evacuate Collection Set: 1.5ms
[2025-12-24T18:45:05.671+0000][gc,phases   ] GC(434)   Other: 0.4ms
[2025-12-24T18:45:05.671+0000][gc,heap     ] GC(434) Eden regions: 605->0(606)
[2025-12-24T18:45:05.671+0000][gc,heap     ] GC(434) Survivor regions: 9->8(77)
[2025-12-24T18:45:05.671+0000][gc,heap     ] GC(434) Old regions: 110->110
[2025-12-24T18:45:05.671+0000][gc,heap     ] GC(434) Humongous regions: 151->151
[2025-12-24T18:45:05.671+0000][gc,metaspace] GC(434) Metaspace: 15502K(15936K)->15502K(15936K) NonClass: 13870K(14016K)->13870K(14016K) Class: 1631K(1920K)->1631K(1920K)
[2025-12-24T18:45:05.671+0000][gc          ] GC(434) Pause Young (Normal) (G1 Evacuation Pause) 874M->268M(1024M) 20.930ms
[2025-12-24T18:45:05.671+0000][gc,cpu      ] GC(434) User=0.13s Sys=0.00s Real=0.02s
[2025-12-24T18:45:35.864+0000][gc,start    ] GC(435) Pause Young (Normal) (G1 Evacuation Pause)
[2025-12-24T18:45:35.866+0000][gc,task     ] GC(435) Using 8 workers of 8 for evacuation
[2025-12-24T18:45:35.884+0000][gc,phases   ] GC(435)   Pre Evacuate Collection Set: 3.1ms
[2025-12-24T18:45:35.885+0000][gc,phases   ] GC(435)   Merge Heap Roots: 0.7ms
[2025-12-24T18:45:35.885+0000][gc,phases   ] GC(435)   Evacuate Collection Set: 11.9ms
[2025-12-24T18:45:35.885+0000][gc,phases   ] GC(435)   Post Evacuate Collection Set: 1.5ms
[2025-12-24T18:45:35.885+0000][gc,phases   ] GC(435)   Other: 1.3ms
[2025-12-24T18:45:35.885+0000][gc,heap     ] GC(435) Eden regions: 606->0(604)
[2025-12-24T18:45:35.885+0000][gc,heap     ] GC(435) Survivor regions: 8->10(77)
[2025-12-24T18:45:35.885+0000][gc,heap     ] GC(435) Old regions: 110->110
[2025-12-24T18:45:35.885+0000][gc,heap     ] GC(435) Humongous regions: 151->151
[2025-12-24T18:45:35.885+0000][gc,metaspace] GC(435) Metaspace: 15504K(15936K)->15504K(15936K) NonClass: 13873K(14016K)->13873K(14016K) Class: 1631K(1920K)->1631K(1920K)
[2025-12-24T18:45:35.885+0000][gc          ] GC(435) Pause Young (Normal) (G1 Evacuation Pause) 874M->270M(1024M) 21.444ms
[2025-12-24T18:45:35.885+0000][gc,cpu      ] GC(435) User=0.11s Sys=0.00s Real=0.02s
[2025-12-24T18:46:15.522+0000][gc,start    ] GC(436) Pause Young (Normal) (G1 Evacuation Pause)
[2025-12-24T18:46:15.523+0000][gc,task     ] GC(436) Using 8 workers of 8 for evacuation
[2025-12-24T18:46:15.532+0000][gc,phases   ] GC(436)   Pre Evacuate Collection Set: 1.0ms
[2025-12-24T18:46:15.532+0000][gc,phases   ] GC(436)   Merge Heap Roots: 0.3ms
[2025-12-24T18:46:15.533+0000][gc,phases   ] GC(436)   Evacuate Collection Set: 6.8ms
[2025-12-24T18:46:15.533+0000][gc,phases   ] GC(436)   Post Evacuate Collection Set: 1.4ms
[2025-12-24T18:46:15.533+0000][gc,phases   ] GC(436)   Other: 0.2ms
[2025-12-24T18:46:15.533+0000][gc,heap     ] GC(436) Eden regions: 604->0(609)
[2025-12-24T18:46:15.533+0000][gc,heap     ] GC(436) Survivor regions: 10->5(77)
[2025-12-24T18:46:15.533+0000][gc,heap     ] GC(436) Old regions: 110->110
[2025-12-24T18:46:15.533+0000][gc,heap     ] GC(436) Humongous regions: 151->151
[2025-12-24T18:46:15.533+0000][gc,metaspace] GC(436) Metaspace: 15506K(15936K)->15506K(15936K) NonClass: 13874K(14016K)->13874K(14016K) Class: 1631K(1920K)->1631K(1920K)
[2025-12-24T18:46:15.533+0000][gc          ] GC(436) Pause Young (Normal) (G1 Evacuation Pause) 874M->265M(1024M) 11.098ms
[2025-12-24T18:46:15.533+0000][gc,cpu      ] GC(436) User=0.06s Sys=0.00s Real=0.01s
[2025-12-24T18:46:45.808+0000][gc,start    ] GC(437) Pause Young (Normal) (G1 Evacuation Pause)
[2025-12-24T18:46:45.809+0000][gc,task     ] GC(437) Using 8 workers of 8 for evacuation
[2025-12-24T18:46:45.830+0000][gc,phases   ] GC(437)   Pre Evacuate Collection Set: 1.3ms
[2025-12-24T18:46:45.830+0000][gc,phases   ] GC(437)   Merge Heap Roots: 0.2ms
[2025-12-24T18:46:45.830+0000][gc,phases   ] GC(437)   Evacuate Collection Set: 15.9ms
[2025-12-24T18:46:45.830+0000][gc,phases   ] GC(437)   Post Evacuate Collection Set: 3.3ms
[2025-12-24T18:46:45.830+0000][gc,phases   ] GC(437)   Other: 0.9ms
[2025-12-24T18:46:45.831+0000][gc,heap     ] GC(437) Eden regions: 609->0(608)
[2025-12-24T18:46:45.831+0000][gc,heap     ] GC(437) Survivor regions: 5->6(77)
[2025-12-24T18:46:45.831+0000][gc,heap     ] GC(437) Old regions: 110->111
[2025-12-24T18:46:45.831+0000][gc,heap     ] GC(437) Humongous regions: 151->151
[2025-12-24T18:46:45.831+0000][gc,metaspace] GC(437) Metaspace: 15506K(15936K)->15506K(15936K) NonClass: 13874K(14016K)->13874K(14016K) Class: 1631K(1920K)->1631K(1920K)
[2025-12-24T18:46:45.831+0000][gc          ] GC(437) Pause Young (Normal) (G1 Evacuation Pause) 874M->266M(1024M) 23.335ms
[2025-12-24T18:46:45.831+0000][gc,cpu      ] GC(437) User=0.14s Sys=0.01s Real=0.02s
[2025-12-24T18:47:25.380+0000][gc,start    ] GC(438) Pause Young (Normal) (G1 Evacuation Pause)
[2025-12-24T18:47:25.380+0000][gc,task     ] GC(438) Using 8 workers of 8 for evacuation
[2025-12-24T18:47:25.421+0000][gc,phases   ] GC(438)   Pre Evacuate Collection Set: 20.4ms
[2025-12-24T18:47:25.421+0000][gc,phases   ] GC(438)   Merge Heap Roots: 0.5ms
[2025-12-24T18:47:25.421+0000][gc,phases   ] GC(438)   Evacuate Collection Set: 18.0ms
[2025-12-24T18:47:25.421+0000][gc,phases   ] GC(438)   Post Evacuate Collection Set: 1.7ms
[2025-12-24T18:47:25.421+0000][gc,phases   ] GC(438)   Other: 0.4ms
[2025-12-24T18:47:25.421+0000][gc,heap     ] GC(438) Eden regions: 608->0(609)
[2025-12-24T18:47:25.421+0000][gc,heap     ] GC(438) Survivor regions: 6->5(77)
[2025-12-24T18:47:25.422+0000][gc,heap     ] GC(438) Old regions: 111->111
[2025-12-24T18:47:25.422+0000][gc,heap     ] GC(438) Humongous regions: 151->151
[2025-12-24T18:47:25.422+0000][gc,metaspace] GC(438) Metaspace: 15506K(15936K)->15506K(15936K) NonClass: 13874K(14016K)->13874K(14016K) Class: 1631K(1920K)->1631K(1920K)
[2025-12-24T18:47:25.422+0000][gc          ] GC(438) Pause Young (Normal) (G1 Evacuation Pause) 874M->265M(1024M) 42.092ms
[2025-12-24T18:47:25.422+0000][gc,cpu      ] GC(438) User=0.19s Sys=0.03s Real=0.04s
[2025-12-24T18:47:55.789+0000][gc,start    ] GC(439) Pause Young (Normal) (G1 Evacuation Pause)
[2025-12-24T18:47:55.791+0000][gc,task     ] GC(439) Using 8 workers of 8 for evacuation
[2025-12-24T18:47:55.815+0000][gc,phases   ] GC(439)   Pre Evacuate Collection Set: 4.9ms
[2025-12-24T18:47:55.815+0000][gc,phases   ] GC(439)   Merge Heap Roots: 0.8ms
[2025-12-24T18:47:55.815+0000][gc,phases   ] GC(439)   Evacuate Collection Set: 9.9ms
[2025-12-24T18:47:55.815+0000][gc,phases   ] GC(439)   Post Evacuate Collection Set: 6.8ms
[2025-12-24T18:47:55.815+0000][gc,phases   ] GC(439)   Other: 1.6ms
[2025-12-24T18:47:55.815+0000][gc,heap     ] GC(439) Eden regions: 609->0(608)
[2025-12-24T18:47:55.815+0000][gc,heap     ] GC(439) Survivor regions: 5->6(77)
[2025-12-24T18:47:55.816+0000][gc,heap     ] GC(439) Old regions: 111->111
[2025-12-24T18:47:55.816+0000][gc,heap     ] GC(439) Humongous regions: 151->151
[2025-12-24T18:47:55.816+0000][gc,metaspace] GC(439) Metaspace: 15506K(15936K)->15506K(15936K) NonClass: 13874K(14016K)->13874K(14016K) Class: 1631K(1920K)->1631K(1920K)
[2025-12-24T18:47:55.816+0000][gc          ] GC(439) Pause Young (Normal) (G1 Evacuation Pause) 874M->267M(1024M) 27.084ms
[2025-12-24T18:47:55.816+0000][gc,cpu      ] GC(439) User=0.11s Sys=0.01s Real=0.03s
[2025-12-24T18:48:26.137+0000][gc,start    ] GC(440) Pause Young (Normal) (G1 Evacuation Pause)
[2025-12-24T18:48:26.138+0000][gc,task     ] GC(440) Using 8 workers of 8 for evacuation
[2025-12-24T18:48:26.152+0000][gc,phases   ] GC(440)   Pre Evacuate Collection Set: 1.4ms
[2025-12-24T18:48:26.152+0000][gc,phases   ] GC(440)   Merge Heap Roots: 0.3ms
[2025-12-24T18:48:26.152+0000][gc,phases   ] GC(440)   Evacuate Collection Set: 11.1ms
[2025-12-24T18:48:26.152+0000][gc,phases   ] GC(440)   Post Evacuate Collection Set: 1.1ms
[2025-12-24T18:48:26.153+0000][gc,phases   ] GC(440)   Other: 0.5ms
[2025-12-24T18:48:26.153+0000][gc,heap     ] GC(440) Eden regions: 608->0(606)
[2025-12-24T18:48:26.153+0000][gc,heap     ] GC(440) Survivor regions: 6->8(77)
[2025-12-24T18:48:26.153+0000][gc,heap     ] GC(440) Old regions: 111->111
[2025-12-24T18:48:26.153+0000][gc,heap     ] GC(440) Humongous regions: 151->151
[2025-12-24T18:48:26.153+0000][gc,metaspace] GC(440) Metaspace: 15506K(15936K)->15506K(15936K) NonClass: 13874K(14016K)->13874K(14016K) Class: 1631K(1920K)->1631K(1920K)
[2025-12-24T18:48:26.154+0000][gc          ] GC(440) Pause Young (Normal) (G1 Evacuation Pause) 875M->268M(1024M) 17.348ms
[2025-12-24T18:48:26.155+0000][gc,cpu      ] GC(440) User=0.09s Sys=0.00s Real=0.02s
[2025-12-24T18:49:05.535+0000][gc,start    ] GC(441) Pause Young (Normal) (G1 Evacuation Pause)
[2025-12-24T18:49:05.536+0000][gc,task     ] GC(441) Using 8 workers of 8 for evacuation
[2025-12-24T18:49:05.570+0000][gc,phases   ] GC(441)   Pre Evacuate Collection Set: 1.1ms
[2025-12-24T18:49:05.571+0000][gc,phases   ] GC(441)   Merge Heap Roots: 0.3ms
[2025-12-24T18:49:05.571+0000][gc,phases   ] GC(441)   Evacuate Collection Set: 24.8ms
[2025-12-24T18:49:05.571+0000][gc,phases   ] GC(441)   Post Evacuate Collection Set: 8.5ms
[2025-12-24T18:49:05.571+0000][gc,phases   ] GC(441)   Other: 0.2ms
[2025-12-24T18:49:05.571+0000][gc,heap     ] GC(441) Eden regions: 606->0(607)
[2025-12-24T18:49:05.571+0000][gc,heap     ] GC(441) Survivor regions: 8->7(77)
[2025-12-24T18:49:05.571+0000][gc,heap     ] GC(441) Old regions: 111->111
[2025-12-24T18:49:05.574+0000][gc,heap     ] GC(441) Humongous regions: 151->151
[2025-12-24T18:49:05.575+0000][gc,metaspace] GC(441) Metaspace: 15506K(15936K)->15506K(15936K) NonClass: 13874K(14016K)->13874K(14016K) Class: 1631K(1920K)->1631K(1920K)
[2025-12-24T18:49:05.575+0000][gc          ] GC(441) Pause Young (Normal) (G1 Evacuation Pause) 874M->268M(1024M) 39.868ms
[2025-12-24T18:49:05.575+0000][gc,cpu      ] GC(441) User=0.14s Sys=0.01s Real=0.04s
[2025-12-24T18:49:35.745+0000][gc,start    ] GC(442) Pause Young (Normal) (G1 Evacuation Pause)
[2025-12-24T18:49:35.747+0000][gc,task     ] GC(442) Using 8 workers of 8 for evacuation
[2025-12-24T18:49:35.758+0000][gc,phases   ] GC(442)   Pre Evacuate Collection Set: 1.0ms
[2025-12-24T18:49:35.758+0000][gc,phases   ] GC(442)   Merge Heap Roots: 0.2ms
[2025-12-24T18:49:35.758+0000][gc,phases   ] GC(442)   Evacuate Collection Set: 8.5ms
[2025-12-24T18:49:35.758+0000][gc,phases   ] GC(442)   Post Evacuate Collection Set: 1.0ms
[2025-12-24T18:49:35.758+0000][gc,phases   ] GC(442)   Other: 0.3ms
[2025-12-24T18:49:35.758+0000][gc,heap     ] GC(442) Eden regions: 607->0(605)
[2025-12-24T18:49:35.758+0000][gc,heap     ] GC(442) Survivor regions: 7->9(77)
[2025-12-24T18:49:35.758+0000][gc,heap     ] GC(442) Old regions: 111->111
[2025-12-24T18:49:35.758+0000][gc,heap     ] GC(442) Humongous regions: 151->151
[2025-12-24T18:49:35.758+0000][gc,metaspace] GC(442) Metaspace: 15506K(15936K)->15506K(15936K) NonClass: 13874K(14016K)->13874K(14016K) Class: 1631K(1920K)->1631K(1920K)
[2025-12-24T18:49:35.758+0000][gc          ] GC(442) Pause Young (Normal) (G1 Evacuation Pause) 875M->270M(1024M) 12.930ms
[2025-12-24T18:49:35.758+0000][gc,cpu      ] GC(442) User=0.07s Sys=0.00s Real=0.02s
[2025-12-24T18:50:15.502+0000][gc,start    ] GC(443) Pause Young (Normal) (G1 Evacuation Pause)
[2025-12-24T18:50:15.505+0000][gc,task     ] GC(443) Using 8 workers of 8 for evacuation
[2025-12-24T18:50:15.530+0000][gc,phases   ] GC(443)   Pre Evacuate Collection Set: 2.3ms
[2025-12-24T18:50:15.530+0000][gc,phases   ] GC(443)   Merge Heap Roots: 0.8ms
[2025-12-24T18:50:15.531+0000][gc,phases   ] GC(443)   Evacuate Collection Set: 18.9ms
[2025-12-24T18:50:15.531+0000][gc,phases   ] GC(443)   Post Evacuate Collection Set: 1.8ms
[2025-12-24T18:50:15.531+0000][gc,phases   ] GC(443)   Other: 3.0ms
[2025-12-24T18:50:15.531+0000][gc,heap     ] GC(443) Eden regions: 605->0(610)
[2025-12-24T18:50:15.531+0000][gc,heap     ] GC(443) Survivor regions: 9->4(77)
[2025-12-24T18:50:15.531+0000][gc,heap     ] GC(443) Old regions: 111->111
[2025-12-24T18:50:15.531+0000][gc,heap     ] GC(443) Humongous regions: 151->151
[2025-12-24T18:50:15.531+0000][gc,metaspace] GC(443) Metaspace: 15506K(15936K)->15506K(15936K) NonClass: 13874K(14016K)->13874K(14016K) Class: 1631K(1920K)->1631K(1920K)
[2025-12-24T18:50:15.531+0000][gc          ] GC(443) Pause Young (Normal) (G1 Evacuation Pause) 875M->265M(1024M) 28.730ms
[2025-12-24T18:50:15.531+0000][gc,cpu      ] GC(443) User=0.14s Sys=0.00s Real=0.03s
[2025-12-24T18:50:45.802+0000][gc,start    ] GC(444) Pause Young (Normal) (G1 Evacuation Pause)
[2025-12-24T18:50:45.802+0000][gc,task     ] GC(444) Using 8 workers of 8 for evacuation
[2025-12-24T18:50:45.815+0000][gc,phases   ] GC(444)   Pre Evacuate Collection Set: 2.3ms
[2025-12-24T18:50:45.815+0000][gc,phases   ] GC(444)   Merge Heap Roots: 0.6ms
[2025-12-24T18:50:45.815+0000][gc,phases   ] GC(444)   Evacuate Collection Set: 5.3ms
[2025-12-24T18:50:45.815+0000][gc,phases   ] GC(444)   Post Evacuate Collection Set: 3.7ms
[2025-12-24T18:50:45.815+0000][gc,phases   ] GC(444)   Other: 0.9ms
[2025-12-24T18:50:45.816+0000][gc,heap     ] GC(444) Eden regions: 610->0(608)
[2025-12-24T18:50:45.816+0000][gc,heap     ] GC(444) Survivor regions: 4->6(77)
[2025-12-24T18:50:45.816+0000][gc,heap     ] GC(444) Old regions: 111->111
[2025-12-24T18:50:45.816+0000][gc,heap     ] GC(444) Humongous regions: 151->151
[2025-12-24T18:50:45.816+0000][gc,metaspace] GC(444) Metaspace: 15506K(15936K)->15506K(15936K) NonClass: 13874K(14016K)->13874K(14016K) Class: 1631K(1920K)->1631K(1920K)
[2025-12-24T18:50:45.816+0000][gc          ] GC(444) Pause Young (Normal) (G1 Evacuation Pause) 875M->267M(1024M) 14.405ms
[2025-12-24T18:50:45.816+0000][gc,cpu      ] GC(444) User=0.06s Sys=0.00s Real=0.01s
[2025-12-24T18:51:25.285+0000][gc,start    ] GC(445) Pause Young (Normal) (G1 Evacuation Pause)
[2025-12-24T18:51:25.287+0000][gc,task     ] GC(445) Using 8 workers of 8 for evacuation
[2025-12-24T18:51:25.302+0000][gc,phases   ] GC(445)   Pre Evacuate Collection Set: 1.8ms
[2025-12-24T18:51:25.302+0000][gc,phases   ] GC(445)   Merge Heap Roots: 0.4ms
[2025-12-24T18:51:25.302+0000][gc,phases   ] GC(445)   Evacuate Collection Set: 8.3ms
[2025-12-24T18:51:25.302+0000][gc,phases   ] GC(445)   Post Evacuate Collection Set: 3.3ms
[2025-12-24T18:51:25.302+0000][gc,phases   ] GC(445)   Other: 1.6ms
[2025-12-24T18:51:25.302+0000][gc,heap     ] GC(445) Eden regions: 608->0(609)
[2025-12-24T18:51:25.302+0000][gc,heap     ] GC(445) Survivor regions: 6->5(77)
[2025-12-24T18:51:25.303+0000][gc,heap     ] GC(445) Old regions: 111->112
[2025-12-24T18:51:25.303+0000][gc,heap     ] GC(445) Humongous regions: 151->151
[2025-12-24T18:51:25.303+0000][gc,metaspace] GC(445) Metaspace: 15506K(15936K)->15506K(15936K) NonClass: 13874K(14016K)->13874K(14016K) Class: 1631K(1920K)->1631K(1920K)
[2025-12-24T18:51:25.303+0000][gc          ] GC(445) Pause Young (Normal) (G1 Evacuation Pause) 875M->266M(1024M) 18.105ms
[2025-12-24T18:51:25.303+0000][gc,cpu      ] GC(445) User=0.08s Sys=0.00s Real=0.02s
[2025-12-24T18:51:55.630+0000][gc,start    ] GC(446) Pause Young (Normal) (G1 Evacuation Pause)
[2025-12-24T18:51:55.631+0000][gc,task     ] GC(446) Using 8 workers of 8 for evacuation
[2025-12-24T18:51:55.650+0000][gc,phases   ] GC(446)   Pre Evacuate Collection Set: 1.2ms
[2025-12-24T18:51:55.650+0000][gc,phases   ] GC(446)   Merge Heap Roots: 0.2ms
[2025-12-24T18:51:55.650+0000][gc,phases   ] GC(446)   Evacuate Collection Set: 16.1ms
[2025-12-24T18:51:55.650+0000][gc,phases   ] GC(446)   Post Evacuate Collection Set: 1.5ms
[2025-12-24T18:51:55.650+0000][gc,phases   ] GC(446)   Other: 0.2ms
[2025-12-24T18:51:55.650+0000][gc,heap     ] GC(446) Eden regions: 609->0(607)
[2025-12-24T18:51:55.650+0000][gc,heap     ] GC(446) Survivor regions: 5->7(77)
[2025-12-24T18:51:55.650+0000][gc,heap     ] GC(446) Old regions: 112->112
[2025-12-24T18:51:55.650+0000][gc,heap     ] GC(446) Humongous regions: 151->151
[2025-12-24T18:51:55.650+0000][gc,metaspace] GC(446) Metaspace: 15509K(15936K)->15509K(15936K) NonClass: 13877K(14016K)->13877K(14016K) Class: 1631K(1920K)->1631K(1920K)
[2025-12-24T18:51:55.651+0000][gc          ] GC(446) Pause Young (Normal) (G1 Evacuation Pause) 875M->268M(1024M) 20.491ms
[2025-12-24T18:51:55.651+0000][gc,cpu      ] GC(446) User=0.13s Sys=0.00s Real=0.02s
[2025-12-24T18:52:25.839+0000][gc,start    ] GC(447) Pause Young (Normal) (G1 Evacuation Pause)
[2025-12-24T18:52:25.840+0000][gc,task     ] GC(447) Using 8 workers of 8 for evacuation
[2025-12-24T18:52:25.852+0000][gc,phases   ] GC(447)   Pre Evacuate Collection Set: 1.0ms
[2025-12-24T18:52:25.852+0000][gc,phases   ] GC(447)   Merge Heap Roots: 0.2ms
[2025-12-24T18:52:25.852+0000][gc,phases   ] GC(447)   Evacuate Collection Set: 9.1ms
[2025-12-24T18:52:25.852+0000][gc,phases   ] GC(447)   Post Evacuate Collection Set: 1.2ms
[2025-12-24T18:52:25.852+0000][gc,phases   ] GC(447)   Other: 0.2ms
[2025-12-24T18:52:25.852+0000][gc,heap     ] GC(447) Eden regions: 607->0(605)
[2025-12-24T18:52:25.852+0000][gc,heap     ] GC(447) Survivor regions: 7->9(77)
[2025-12-24T18:52:25.853+0000][gc,heap     ] GC(447) Old regions: 112->112
[2025-12-24T18:52:25.853+0000][gc,heap     ] GC(447) Humongous regions: 151->151
[2025-12-24T18:52:25.853+0000][gc,metaspace] GC(447) Metaspace: 15509K(15936K)->15509K(15936K) NonClass: 13877K(14016K)->13877K(14016K) Class: 1631K(1920K)->1631K(1920K)
[2025-12-24T18:52:25.853+0000][gc          ] GC(447) Pause Young (Normal) (G1 Evacuation Pause) 875M->270M(1024M) 13.787ms
[2025-12-24T18:52:25.853+0000][gc,cpu      ] GC(447) User=0.08s Sys=0.01s Real=0.01s
[2025-12-24T18:53:05.481+0000][gc,start    ] GC(448) Pause Young (Normal) (G1 Evacuation Pause)
[2025-12-24T18:53:05.482+0000][gc,task     ] GC(448) Using 8 workers of 8 for evacuation
[2025-12-24T18:53:05.496+0000][gc,phases   ] GC(448)   Pre Evacuate Collection Set: 1.3ms
[2025-12-24T18:53:05.496+0000][gc,phases   ] GC(448)   Merge Heap Roots: 0.2ms
[2025-12-24T18:53:05.496+0000][gc,phases   ] GC(448)   Evacuate Collection Set: 10.3ms
[2025-12-24T18:53:05.496+0000][gc,phases   ] GC(448)   Post Evacuate Collection Set: 1.6ms
[2025-12-24T18:53:05.496+0000][gc,phases   ] GC(448)   Other: 0.4ms
[2025-12-24T18:53:05.496+0000][gc,heap     ] GC(448) Eden regions: 605->0(606)
[2025-12-24T18:53:05.496+0000][gc,heap     ] GC(448) Survivor regions: 9->8(77)
[2025-12-24T18:53:05.496+0000][gc,heap     ] GC(448) Old regions: 112->112
[2025-12-24T18:53:05.496+0000][gc,heap     ] GC(448) Humongous regions: 151->151
[2025-12-24T18:53:05.496+0000][gc,metaspace] GC(448) Metaspace: 15509K(15936K)->15509K(15936K) NonClass: 13877K(14016K)->13877K(14016K) Class: 1631K(1920K)->1631K(1920K)
[2025-12-24T18:53:05.497+0000][gc          ] GC(448) Pause Young (Normal) (G1 Evacuation Pause) 875M->270M(1024M) 15.364ms
[2025-12-24T18:53:05.497+0000][gc,cpu      ] GC(448) User=0.07s Sys=0.00s Real=0.02s
[2025-12-24T18:53:35.843+0000][gc,start    ] GC(449) Pause Young (Normal) (G1 Evacuation Pause)
[2025-12-24T18:53:35.844+0000][gc,task     ] GC(449) Using 8 workers of 8 for evacuation
[2025-12-24T18:53:35.859+0000][gc,phases   ] GC(449)   Pre Evacuate Collection Set: 1.0ms
[2025-12-24T18:53:35.859+0000][gc,phases   ] GC(449)   Merge Heap Roots: 0.3ms
[2025-12-24T18:53:35.859+0000][gc,phases   ] GC(449)   Evacuate Collection Set: 10.1ms
[2025-12-24T18:53:35.859+0000][gc,phases   ] GC(449)   Post Evacuate Collection Set: 3.5ms
[2025-12-24T18:53:35.859+0000][gc,phases   ] GC(449)   Other: 0.3ms
[2025-12-24T18:53:35.859+0000][gc,heap     ] GC(449) Eden regions: 606->0(604)
[2025-12-24T18:53:35.859+0000][gc,heap     ] GC(449) Survivor regions: 8->10(77)
[2025-12-24T18:53:35.859+0000][gc,heap     ] GC(449) Old regions: 112->112
[2025-12-24T18:53:35.859+0000][gc,heap     ] GC(449) Humongous regions: 151->151
[2025-12-24T18:53:35.860+0000][gc,metaspace] GC(449) Metaspace: 15509K(15936K)->15509K(15936K) NonClass: 13877K(14016K)->13877K(14016K) Class: 1631K(1920K)->1631K(1920K)
[2025-12-24T18:53:35.860+0000][gc          ] GC(449) Pause Young (Normal) (G1 Evacuation Pause) 876M->271M(1024M) 16.480ms
[2025-12-24T18:53:35.860+0000][gc,cpu      ] GC(449) User=0.10s Sys=0.00s Real=0.01s
[2025-12-24T18:54:15.570+0000][gc,start    ] GC(450) Pause Young (Normal) (G1 Evacuation Pause)
[2025-12-24T18:54:15.574+0000][gc,task     ] GC(450) Using 8 workers of 8 for evacuation
[2025-12-24T18:54:15.833+0000][gc,mmu      ] GC(450) MMU target violated: 201.0ms (200.0ms/201.0ms)
[2025-12-24T18:54:15.833+0000][gc,phases   ] GC(450)   Pre Evacuate Collection Set: 173.9ms
[2025-12-24T18:54:15.834+0000][gc,phases   ] GC(450)   Merge Heap Roots: 48.4ms
[2025-12-24T18:54:15.834+0000][gc,phases   ] GC(450)   Evacuate Collection Set: 19.8ms
[2025-12-24T18:54:15.835+0000][gc,phases   ] GC(450)   Post Evacuate Collection Set: 3.5ms
[2025-12-24T18:54:15.835+0000][gc,phases   ] GC(450)   Other: 18.3ms
[2025-12-24T18:54:15.835+0000][gc,heap     ] GC(450) Eden regions: 604->0(609)
[2025-12-24T18:54:15.835+0000][gc,heap     ] GC(450) Survivor regions: 10->5(77)
[2025-12-24T18:54:15.836+0000][gc,heap     ] GC(450) Old regions: 112->112
[2025-12-24T18:54:15.836+0000][gc,heap     ] GC(450) Humongous regions: 151->151
[2025-12-24T18:54:15.836+0000][gc,metaspace] GC(450) Metaspace: 15516K(15936K)->15516K(15936K) NonClass: 13884K(14016K)->13884K(14016K) Class: 1631K(1920K)->1631K(1920K)
[2025-12-24T18:54:15.836+0000][gc          ] GC(450) Pause Young (Normal) (G1 Evacuation Pause) 875M->267M(1024M) 271.492ms
[2025-12-24T18:54:15.837+0000][gc,cpu      ] GC(450) User=0.41s Sys=0.03s Real=0.27s
[2025-12-24T18:54:45.709+0000][gc,start    ] GC(451) Pause Young (Normal) (G1 Evacuation Pause)
[2025-12-24T18:54:45.710+0000][gc,task     ] GC(451) Using 8 workers of 8 for evacuation
[2025-12-24T18:54:45.719+0000][gc,phases   ] GC(451)   Pre Evacuate Collection Set: 1.2ms
[2025-12-24T18:54:45.719+0000][gc,phases   ] GC(451)   Merge Heap Roots: 0.3ms
[2025-12-24T18:54:45.719+0000][gc,phases   ] GC(451)   Evacuate Collection Set: 6.4ms
[2025-12-24T18:54:45.719+0000][gc,phases   ] GC(451)   Post Evacuate Collection Set: 1.2ms
[2025-12-24T18:54:45.719+0000][gc,phases   ] GC(451)   Other: 0.3ms
[2025-12-24T18:54:45.720+0000][gc,heap     ] GC(451) Eden regions: 609->0(608)
[2025-12-24T18:54:45.720+0000][gc,heap     ] GC(451) Survivor regions: 5->6(77)
[2025-12-24T18:54:45.720+0000][gc,heap     ] GC(451) Old regions: 112->112
[2025-12-24T18:54:45.720+0000][gc,heap     ] GC(451) Humongous regions: 151->151
[2025-12-24T18:54:45.720+0000][gc,metaspace] GC(451) Metaspace: 15523K(15936K)->15523K(15936K) NonClass: 13891K(14016K)->13891K(14016K) Class: 1631K(1920K)->1631K(1920K)
[2025-12-24T18:54:45.720+0000][gc          ] GC(451) Pause Young (Normal) (G1 Evacuation Pause) 876M->268M(1024M) 10.554ms
[2025-12-24T18:54:45.720+0000][gc,cpu      ] GC(451) User=0.05s Sys=0.01s Real=0.01s
[2025-12-24T18:55:25.278+0000][gc,start    ] GC(452) Pause Young (Normal) (G1 Evacuation Pause)
[2025-12-24T18:55:25.279+0000][gc,task     ] GC(452) Using 8 workers of 8 for evacuation
[2025-12-24T18:55:25.292+0000][gc,phases   ] GC(452)   Pre Evacuate Collection Set: 1.9ms
[2025-12-24T18:55:25.292+0000][gc,phases   ] GC(452)   Merge Heap Roots: 0.4ms
[2025-12-24T18:55:25.292+0000][gc,phases   ] GC(452)   Evacuate Collection Set: 9.1ms
[2025-12-24T18:55:25.292+0000][gc,phases   ] GC(452)   Post Evacuate Collection Set: 1.2ms
[2025-12-24T18:55:25.292+0000][gc,phases   ] GC(452)   Other: 0.5ms
[2025-12-24T18:55:25.292+0000][gc,heap     ] GC(452) Eden regions: 608->0(609)
[2025-12-24T18:55:25.292+0000][gc,heap     ] GC(452) Survivor regions: 6->5(77)
[2025-12-24T18:55:25.292+0000][gc,heap     ] GC(452) Old regions: 112->112
[2025-12-24T18:55:25.292+0000][gc,heap     ] GC(452) Humongous regions: 151->151
[2025-12-24T18:55:25.292+0000][gc,metaspace] GC(452) Metaspace: 15523K(15936K)->15523K(15936K) NonClass: 13891K(14016K)->13891K(14016K) Class: 1631K(1920K)->1631K(1920K)
[2025-12-24T18:55:25.292+0000][gc          ] GC(452) Pause Young (Normal) (G1 Evacuation Pause) 876M->267M(1024M) 14.563ms
[2025-12-24T18:55:25.293+0000][gc,cpu      ] GC(452) User=0.07s Sys=0.01s Real=0.01s
[2025-12-24T18:55:55.605+0000][gc,start    ] GC(453) Pause Young (Normal) (G1 Evacuation Pause)
[2025-12-24T18:55:55.606+0000][gc,task     ] GC(453) Using 8 workers of 8 for evacuation
[2025-12-24T18:55:55.621+0000][gc,phases   ] GC(453)   Pre Evacuate Collection Set: 1.1ms
[2025-12-24T18:55:55.621+0000][gc,phases   ] GC(453)   Merge Heap Roots: 0.4ms
[2025-12-24T18:55:55.621+0000][gc,phases   ] GC(453)   Evacuate Collection Set: 12.4ms
[2025-12-24T18:55:55.621+0000][gc,phases   ] GC(453)   Post Evacuate Collection Set: 1.2ms
[2025-12-24T18:55:55.621+0000][gc,phases   ] GC(453)   Other: 0.3ms
[2025-12-24T18:55:55.622+0000][gc,heap     ] GC(453) Eden regions: 609->0(607)
[2025-12-24T18:55:55.622+0000][gc,heap     ] GC(453) Survivor regions: 5->7(77)
[2025-12-24T18:55:55.622+0000][gc,heap     ] GC(453) Old regions: 112->112
[2025-12-24T18:55:55.622+0000][gc,heap     ] GC(453) Humongous regions: 151->151
[2025-12-24T18:55:55.622+0000][gc,metaspace] GC(453) Metaspace: 15524K(15936K)->15524K(15936K) NonClass: 13892K(14016K)->13892K(14016K) Class: 1631K(1920K)->1631K(1920K)
[2025-12-24T18:55:55.622+0000][gc          ] GC(453) Pause Young (Normal) (G1 Evacuation Pause) 876M->269M(1024M) 16.661ms
[2025-12-24T18:55:55.622+0000][gc,cpu      ] GC(453) User=0.07s Sys=0.00s Real=0.01s
[2025-12-24T18:56:25.858+0000][gc,start    ] GC(454) Pause Young (Normal) (G1 Evacuation Pause)
[2025-12-24T18:56:25.858+0000][gc,task     ] GC(454) Using 8 workers of 8 for evacuation
[2025-12-24T18:56:25.874+0000][gc,phases   ] GC(454)   Pre Evacuate Collection Set: 1.1ms
[2025-12-24T18:56:25.874+0000][gc,phases   ] GC(454)   Merge Heap Roots: 0.2ms
[2025-12-24T18:56:25.874+0000][gc,phases   ] GC(454)   Evacuate Collection Set: 12.4ms
[2025-12-24T18:56:25.874+0000][gc,phases   ] GC(454)   Post Evacuate Collection Set: 1.9ms
[2025-12-24T18:56:25.874+0000][gc,phases   ] GC(454)   Other: 0.2ms
[2025-12-24T18:56:25.874+0000][gc,heap     ] GC(454) Eden regions: 607->0(605)
[2025-12-24T18:56:25.874+0000][gc,heap     ] GC(454) Survivor regions: 7->9(77)
[2025-12-24T18:56:25.875+0000][gc,heap     ] GC(454) Old regions: 112->113
[2025-12-24T18:56:25.875+0000][gc,heap     ] GC(454) Humongous regions: 151->151
[2025-12-24T18:56:25.875+0000][gc,metaspace] GC(454) Metaspace: 15524K(15936K)->15524K(15936K) NonClass: 13892K(14016K)->13892K(14016K) Class: 1631K(1920K)->1631K(1920K)
[2025-12-24T18:56:25.875+0000][gc          ] GC(454) Pause Young (Normal) (G1 Evacuation Pause) 876M->271M(1024M) 17.099ms
[2025-12-24T18:56:25.875+0000][gc,cpu      ] GC(454) User=0.07s Sys=0.03s Real=0.02s
[2025-12-24T18:57:05.492+0000][gc,start    ] GC(455) Pause Young (Normal) (G1 Evacuation Pause)
[2025-12-24T18:57:05.493+0000][gc,task     ] GC(455) Using 8 workers of 8 for evacuation
[2025-12-24T18:57:05.508+0000][gc,phases   ] GC(455)   Pre Evacuate Collection Set: 1.1ms
[2025-12-24T18:57:05.508+0000][gc,phases   ] GC(455)   Merge Heap Roots: 0.3ms
[2025-12-24T18:57:05.508+0000][gc,phases   ] GC(455)   Evacuate Collection Set: 11.2ms
[2025-12-24T18:57:05.508+0000][gc,phases   ] GC(455)   Post Evacuate Collection Set: 1.6ms
[2025-12-24T18:57:05.508+0000][gc,phases   ] GC(455)   Other: 0.4ms
[2025-12-24T18:57:05.508+0000][gc,heap     ] GC(455) Eden regions: 605->0(605)
[2025-12-24T18:57:05.508+0000][gc,heap     ] GC(455) Survivor regions: 9->9(77)
[2025-12-24T18:57:05.509+0000][gc,heap     ] GC(455) Old regions: 113->113
[2025-12-24T18:57:05.509+0000][gc,heap     ] GC(455) Humongous regions: 151->151
[2025-12-24T18:57:05.509+0000][gc,metaspace] GC(455) Metaspace: 15526K(16000K)->15526K(16000K) NonClass: 13895K(14080K)->13895K(14080K) Class: 1631K(1920K)->1631K(1920K)
[2025-12-24T18:57:05.509+0000][gc          ] GC(455) Pause Young (Normal) (G1 Evacuation Pause) 876M->271M(1024M) 16.417ms
[2025-12-24T18:57:05.509+0000][gc,cpu      ] GC(455) User=0.10s Sys=0.00s Real=0.02s
[2025-12-24T18:57:35.754+0000][gc,start    ] GC(456) Pause Young (Normal) (G1 Evacuation Pause)
[2025-12-24T18:57:35.755+0000][gc,task     ] GC(456) Using 8 workers of 8 for evacuation
[2025-12-24T18:57:35.773+0000][gc,phases   ] GC(456)   Pre Evacuate Collection Set: 1.6ms
[2025-12-24T18:57:35.773+0000][gc,phases   ] GC(456)   Merge Heap Roots: 0.8ms
[2025-12-24T18:57:35.773+0000][gc,phases   ] GC(456)   Evacuate Collection Set: 13.6ms
[2025-12-24T18:57:35.773+0000][gc,phases   ] GC(456)   Post Evacuate Collection Set: 1.2ms
[2025-12-24T18:57:35.773+0000][gc,phases   ] GC(456)   Other: 0.4ms
[2025-12-24T18:57:35.773+0000][gc,heap     ] GC(456) Eden regions: 605->0(604)
[2025-12-24T18:57:35.773+0000][gc,heap     ] GC(456) Survivor regions: 9->10(77)
[2025-12-24T18:57:35.773+0000][gc,heap     ] GC(456) Old regions: 113->113
[2025-12-24T18:57:35.773+0000][gc,heap     ] GC(456) Humongous regions: 151->151
[2025-12-24T18:57:35.773+0000][gc,metaspace] GC(456) Metaspace: 15526K(16000K)->15526K(16000K) NonClass: 13895K(14080K)->13895K(14080K) Class: 1631K(1920K)->1631K(1920K)
[2025-12-24T18:57:35.773+0000][gc          ] GC(456) Pause Young (Normal) (G1 Evacuation Pause) 876M->273M(1024M) 19.582ms
[2025-12-24T18:57:35.774+0000][gc,cpu      ] GC(456) User=0.12s Sys=0.00s Real=0.02s
[2025-12-24T18:58:15.332+0000][gc,start    ] GC(457) Pause Young (Normal) (G1 Evacuation Pause)
[2025-12-24T18:58:15.332+0000][gc,task     ] GC(457) Using 8 workers of 8 for evacuation
[2025-12-24T18:58:15.349+0000][gc,phases   ] GC(457)   Pre Evacuate Collection Set: 1.5ms
[2025-12-24T18:58:15.349+0000][gc,phases   ] GC(457)   Merge Heap Roots: 0.7ms
[2025-12-24T18:58:15.349+0000][gc,phases   ] GC(457)   Evacuate Collection Set: 12.8ms
[2025-12-24T18:58:15.349+0000][gc,phases   ] GC(457)   Post Evacuate Collection Set: 1.6ms
[2025-12-24T18:58:15.349+0000][gc,phases   ] GC(457)   Other: 0.2ms
[2025-12-24T18:58:15.349+0000][gc,heap     ] GC(457) Eden regions: 604->0(609)
[2025-12-24T18:58:15.349+0000][gc,heap     ] GC(457) Survivor regions: 10->5(77)
[2025-12-24T18:58:15.349+0000][gc,heap     ] GC(457) Old regions: 113->113
[2025-12-24T18:58:15.350+0000][gc,heap     ] GC(457) Humongous regions: 151->151
[2025-12-24T18:58:15.350+0000][gc,metaspace] GC(457) Metaspace: 15526K(16000K)->15526K(16000K) NonClass: 13895K(14080K)->13895K(14080K) Class: 1631K(1920K)->1631K(1920K)
[2025-12-24T18:58:15.350+0000][gc          ] GC(457) Pause Young (Normal) (G1 Evacuation Pause) 877M->267M(1024M) 18.112ms
[2025-12-24T18:58:15.350+0000][gc,cpu      ] GC(457) User=0.10s Sys=0.01s Real=0.02s
[2025-12-24T18:58:45.714+0000][gc,start    ] GC(458) Pause Young (Normal) (G1 Evacuation Pause)
[2025-12-24T18:58:45.715+0000][gc,task     ] GC(458) Using 8 workers of 8 for evacuation
[2025-12-24T18:58:45.725+0000][gc,phases   ] GC(458)   Pre Evacuate Collection Set: 1.0ms
[2025-12-24T18:58:45.725+0000][gc,phases   ] GC(458)   Merge Heap Roots: 0.2ms
[2025-12-24T18:58:45.725+0000][gc,phases   ] GC(458)   Evacuate Collection Set: 6.6ms
[2025-12-24T18:58:45.725+0000][gc,phases   ] GC(458)   Post Evacuate Collection Set: 1.4ms
[2025-12-24T18:58:45.725+0000][gc,phases   ] GC(458)   Other: 0.3ms
[2025-12-24T18:58:45.725+0000][gc,heap     ] GC(458) Eden regions: 609->0(608)
[2025-12-24T18:58:45.725+0000][gc,heap     ] GC(458) Survivor regions: 5->6(77)
[2025-12-24T18:58:45.725+0000][gc,heap     ] GC(458) Old regions: 113->113
[2025-12-24T18:58:45.725+0000][gc,heap     ] GC(458) Humongous regions: 151->151
[2025-12-24T18:58:45.725+0000][gc,metaspace] GC(458) Metaspace: 15526K(16000K)->15526K(16000K) NonClass: 13895K(14080K)->13895K(14080K) Class: 1631K(1920K)->1631K(1920K)
[2025-12-24T18:58:45.725+0000][gc          ] GC(458) Pause Young (Normal) (G1 Evacuation Pause) 876M->269M(1024M) 10.903ms
[2025-12-24T18:58:45.725+0000][gc,cpu      ] GC(458) User=0.06s Sys=0.01s Real=0.02s
[2025-12-24T18:59:17.309+0000][gc,start    ] GC(459) Pause Young (Normal) (G1 Evacuation Pause)
[2025-12-24T18:59:17.310+0000][gc,task     ] GC(459) Using 8 workers of 8 for evacuation
[2025-12-24T18:59:17.318+0000][gc,phases   ] GC(459)   Pre Evacuate Collection Set: 1.0ms
[2025-12-24T18:59:17.318+0000][gc,phases   ] GC(459)   Merge Heap Roots: 0.2ms
[2025-12-24T18:59:17.318+0000][gc,phases   ] GC(459)   Evacuate Collection Set: 5.4ms
[2025-12-24T18:59:17.318+0000][gc,phases   ] GC(459)   Post Evacuate Collection Set: 1.0ms
[2025-12-24T18:59:17.318+0000][gc,phases   ] GC(459)   Other: 0.3ms
[2025-12-24T18:59:17.318+0000][gc,heap     ] GC(459) Eden regions: 608->0(609)
[2025-12-24T18:59:17.318+0000][gc,heap     ] GC(459) Survivor regions: 6->5(77)
[2025-12-24T18:59:17.318+0000][gc,heap     ] GC(459) Old regions: 113->114
[2025-12-24T18:59:17.318+0000][gc,heap     ] GC(459) Humongous regions: 151->151
[2025-12-24T18:59:17.318+0000][gc,metaspace] GC(459) Metaspace: 15526K(16000K)->15526K(16000K) NonClass: 13895K(14080K)->13895K(14080K) Class: 1631K(1920K)->1631K(1920K)
[2025-12-24T18:59:17.318+0000][gc          ] GC(459) Pause Young (Normal) (G1 Evacuation Pause) 877M->268M(1024M) 9.019ms
[2025-12-24T18:59:17.318+0000][gc,cpu      ] GC(459) User=0.05s Sys=0.00s Real=0.01s
[2025-12-24T18:59:55.577+0000][gc,start    ] GC(460) Pause Young (Normal) (G1 Evacuation Pause)
[2025-12-24T18:59:55.578+0000][gc,task     ] GC(460) Using 8 workers of 8 for evacuation
[2025-12-24T18:59:55.602+0000][gc,phases   ] GC(460)   Pre Evacuate Collection Set: 2.2ms
[2025-12-24T18:59:55.603+0000][gc,phases   ] GC(460)   Merge Heap Roots: 1.3ms
[2025-12-24T18:59:55.603+0000][gc,phases   ] GC(460)   Evacuate Collection Set: 18.2ms
[2025-12-24T18:59:55.603+0000][gc,phases   ] GC(460)   Post Evacuate Collection Set: 1.7ms
[2025-12-24T18:59:55.603+0000][gc,phases   ] GC(460)   Other: 1.0ms
[2025-12-24T18:59:55.603+0000][gc,heap     ] GC(460) Eden regions: 609->0(607)
[2025-12-24T18:59:55.603+0000][gc,heap     ] GC(460) Survivor regions: 5->7(77)
[2025-12-24T18:59:55.603+0000][gc,heap     ] GC(460) Old regions: 114->114
[2025-12-24T18:59:55.603+0000][gc,heap     ] GC(460) Humongous regions: 151->151
[2025-12-24T18:59:55.603+0000][gc,metaspace] GC(460) Metaspace: 15526K(16000K)->15526K(16000K) NonClass: 13895K(14080K)->13895K(14080K) Class: 1631K(1920K)->1631K(1920K)
[2025-12-24T18:59:55.603+0000][gc          ] GC(460) Pause Young (Normal) (G1 Evacuation Pause) 877M->271M(1024M) 25.858ms
[2025-12-24T18:59:55.603+0000][gc,cpu      ] GC(460) User=0.15s Sys=0.00s Real=0.03s
[2025-12-24T19:00:25.777+0000][gc,start    ] GC(461) Pause Young (Normal) (G1 Evacuation Pause)
[2025-12-24T19:00:25.778+0000][gc,task     ] GC(461) Using 8 workers of 8 for evacuation
[2025-12-24T19:00:25.792+0000][gc,phases   ] GC(461)   Pre Evacuate Collection Set: 1.2ms
[2025-12-24T19:00:25.792+0000][gc,phases   ] GC(461)   Merge Heap Roots: 0.3ms
[2025-12-24T19:00:25.792+0000][gc,phases   ] GC(461)   Evacuate Collection Set: 9.9ms
[2025-12-24T19:00:25.792+0000][gc,phases   ] GC(461)   Post Evacuate Collection Set: 2.5ms
[2025-12-24T19:00:25.792+0000][gc,phases   ] GC(461)   Other: 0.4ms
[2025-12-24T19:00:25.792+0000][gc,heap     ] GC(461) Eden regions: 607->0(605)
[2025-12-24T19:00:25.792+0000][gc,heap     ] GC(461) Survivor regions: 7->9(77)
[2025-12-24T19:00:25.792+0000][gc,heap     ] GC(461) Old regions: 114->114
[2025-12-24T19:00:25.792+0000][gc,heap     ] GC(461) Humongous regions: 151->151
[2025-12-24T19:00:25.792+0000][gc,metaspace] GC(461) Metaspace: 15526K(16000K)->15526K(16000K) NonClass: 13895K(14080K)->13895K(14080K) Class: 1631K(1920K)->1631K(1920K)
[2025-12-24T19:00:25.792+0000][gc          ] GC(461) Pause Young (Normal) (G1 Evacuation Pause) 878M->273M(1024M) 15.438ms
[2025-12-24T19:00:25.793+0000][gc,cpu      ] GC(461) User=0.08s Sys=0.00s Real=0.01s
[2025-12-24T19:01:05.401+0000][gc,start    ] GC(462) Pause Young (Normal) (G1 Evacuation Pause)
[2025-12-24T19:01:05.402+0000][gc,task     ] GC(462) Using 8 workers of 8 for evacuation
[2025-12-24T19:01:05.429+0000][gc,phases   ] GC(462)   Pre Evacuate Collection Set: 1.4ms
[2025-12-24T19:01:05.429+0000][gc,phases   ] GC(462)   Merge Heap Roots: 0.4ms
[2025-12-24T19:01:05.429+0000][gc,phases   ] GC(462)   Evacuate Collection Set: 23.2ms
[2025-12-24T19:01:05.429+0000][gc,phases   ] GC(462)   Post Evacuate Collection Set: 1.3ms
[2025-12-24T19:01:05.429+0000][gc,phases   ] GC(462)   Other: 0.4ms
[2025-12-24T19:01:05.429+0000][gc,heap     ] GC(462) Eden regions: 605->0(606)
[2025-12-24T19:01:05.429+0000][gc,heap     ] GC(462) Survivor regions: 9->8(77)
[2025-12-24T19:01:05.429+0000][gc,heap     ] GC(462) Old regions: 114->114
[2025-12-24T19:01:05.429+0000][gc,heap     ] GC(462) Humongous regions: 151->151
[2025-12-24T19:01:05.430+0000][gc,metaspace] GC(462) Metaspace: 15526K(16000K)->15526K(16000K) NonClass: 13895K(14080K)->13895K(14080K) Class: 1631K(1920K)->1631K(1920K)
[2025-12-24T19:01:05.430+0000][gc          ] GC(462) Pause Young (Normal) (G1 Evacuation Pause) 878M->272M(1024M) 28.389ms
[2025-12-24T19:01:05.430+0000][gc,cpu      ] GC(462) User=0.18s Sys=0.00s Real=0.03s
[2025-12-24T19:01:35.761+0000][gc,start    ] GC(463) Pause Young (Normal) (G1 Evacuation Pause)
[2025-12-24T19:01:35.761+0000][gc,task     ] GC(463) Using 8 workers of 8 for evacuation
[2025-12-24T19:01:35.778+0000][gc,phases   ] GC(463)   Pre Evacuate Collection Set: 1.1ms
[2025-12-24T19:01:35.778+0000][gc,phases   ] GC(463)   Merge Heap Roots: 0.4ms
[2025-12-24T19:01:35.778+0000][gc,phases   ] GC(463)   Evacuate Collection Set: 13.8ms
[2025-12-24T19:01:35.778+0000][gc,phases   ] GC(463)   Post Evacuate Collection Set: 1.1ms
[2025-12-24T19:01:35.778+0000][gc,phases   ] GC(463)   Other: 0.4ms
[2025-12-24T19:01:35.778+0000][gc,heap     ] GC(463) Eden regions: 606->0(604)
[2025-12-24T19:01:35.778+0000][gc,heap     ] GC(463) Survivor regions: 8->10(77)
[2025-12-24T19:01:35.778+0000][gc,heap     ] GC(463) Old regions: 114->115
[2025-12-24T19:01:35.778+0000][gc,heap     ] GC(463) Humongous regions: 151->151
[2025-12-24T19:01:35.778+0000][gc,metaspace] GC(463) Metaspace: 15526K(16000K)->15526K(16000K) NonClass: 13895K(14080K)->13895K(14080K) Class: 1631K(1920K)->1631K(1920K)
[2025-12-24T19:01:35.778+0000][gc          ] GC(463) Pause Young (Normal) (G1 Evacuation Pause) 878M->274M(1024M) 17.961ms
[2025-12-24T19:01:35.779+0000][gc,cpu      ] GC(463) User=0.11s Sys=0.01s Real=0.02s
[2025-12-24T19:02:15.316+0000][gc,start    ] GC(464) Pause Young (Normal) (G1 Evacuation Pause)
[2025-12-24T19:02:15.319+0000][gc,task     ] GC(464) Using 8 workers of 8 for evacuation
[2025-12-24T19:02:15.331+0000][gc,phases   ] GC(464)   Pre Evacuate Collection Set: 1.2ms
[2025-12-24T19:02:15.331+0000][gc,phases   ] GC(464)   Merge Heap Roots: 0.3ms
[2025-12-24T19:02:15.331+0000][gc,phases   ] GC(464)   Evacuate Collection Set: 8.4ms
[2025-12-24T19:02:15.331+0000][gc,phases   ] GC(464)   Post Evacuate Collection Set: 1.3ms
[2025-12-24T19:02:15.331+0000][gc,phases   ] GC(464)   Other: 0.9ms
[2025-12-24T19:02:15.331+0000][gc,heap     ] GC(464) Eden regions: 604->0(605)
[2025-12-24T19:02:15.331+0000][gc,heap     ] GC(464) Survivor regions: 10->9(77)
[2025-12-24T19:02:15.331+0000][gc,heap     ] GC(464) Old regions: 115->115
[2025-12-24T19:02:15.331+0000][gc,heap     ] GC(464) Humongous regions: 151->151
[2025-12-24T19:02:15.331+0000][gc,metaspace] GC(464) Metaspace: 15526K(16000K)->15526K(16000K) NonClass: 13895K(14080K)->13895K(14080K) Class: 1631K(1920K)->1631K(1920K)
[2025-12-24T19:02:15.331+0000][gc          ] GC(464) Pause Young (Normal) (G1 Evacuation Pause) 878M->273M(1024M) 14.953ms
[2025-12-24T19:02:15.331+0000][gc,cpu      ] GC(464) User=0.07s Sys=0.01s Real=0.02s
[2025-12-24T19:02:45.731+0000][gc,start    ] GC(465) Pause Young (Normal) (G1 Evacuation Pause)
[2025-12-24T19:02:45.732+0000][gc,task     ] GC(465) Using 8 workers of 8 for evacuation
[2025-12-24T19:02:45.751+0000][gc,phases   ] GC(465)   Pre Evacuate Collection Set: 1.3ms
[2025-12-24T19:02:45.751+0000][gc,phases   ] GC(465)   Merge Heap Roots: 0.3ms
[2025-12-24T19:02:45.751+0000][gc,phases   ] GC(465)   Evacuate Collection Set: 14.7ms
[2025-12-24T19:02:45.751+0000][gc,phases   ] GC(465)   Post Evacuate Collection Set: 1.9ms
[2025-12-24T19:02:45.751+0000][gc,phases   ] GC(465)   Other: 0.4ms
[2025-12-24T19:02:45.751+0000][gc,heap     ] GC(465) Eden regions: 605->0(608)
[2025-12-24T19:02:45.751+0000][gc,heap     ] GC(465) Survivor regions: 9->6(77)
[2025-12-24T19:02:45.751+0000][gc,heap     ] GC(465) Old regions: 115->115
[2025-12-24T19:02:45.751+0000][gc,heap     ] GC(465) Humongous regions: 151->151
[2025-12-24T19:02:45.751+0000][gc,metaspace] GC(465) Metaspace: 15526K(16000K)->15526K(16000K) NonClass: 13895K(14080K)->13895K(14080K) Class: 1631K(1920K)->1631K(1920K)
[2025-12-24T19:02:45.751+0000][gc          ] GC(465) Pause Young (Normal) (G1 Evacuation Pause) 878M->271M(1024M) 19.969ms
[2025-12-24T19:02:45.751+0000][gc,cpu      ] GC(465) User=0.13s Sys=0.00s Real=0.02s
[2025-12-24T19:03:15.920+0000][gc,start    ] GC(466) Pause Young (Normal) (G1 Evacuation Pause)
[2025-12-24T19:03:15.921+0000][gc,task     ] GC(466) Using 8 workers of 8 for evacuation
[2025-12-24T19:03:15.930+0000][gc,phases   ] GC(466)   Pre Evacuate Collection Set: 1.1ms
[2025-12-24T19:03:15.930+0000][gc,phases   ] GC(466)   Merge Heap Roots: 0.3ms
[2025-12-24T19:03:15.930+0000][gc,phases   ] GC(466)   Evacuate Collection Set: 6.7ms
[2025-12-24T19:03:15.930+0000][gc,phases   ] GC(466)   Post Evacuate Collection Set: 1.0ms
[2025-12-24T19:03:15.930+0000][gc,phases   ] GC(466)   Other: 0.3ms
[2025-12-24T19:03:15.931+0000][gc,heap     ] GC(466) Eden regions: 608->0(607)
[2025-12-24T19:03:15.931+0000][gc,heap     ] GC(466) Survivor regions: 6->7(77)
[2025-12-24T19:03:15.931+0000][gc,heap     ] GC(466) Old regions: 115->115
[2025-12-24T19:03:15.931+0000][gc,heap     ] GC(466) Humongous regions: 151->151
[2025-12-24T19:03:15.931+0000][gc,metaspace] GC(466) Metaspace: 15526K(16000K)->15526K(16000K) NonClass: 13895K(14080K)->13895K(14080K) Class: 1631K(1920K)->1631K(1920K)
[2025-12-24T19:03:15.931+0000][gc          ] GC(466) Pause Young (Normal) (G1 Evacuation Pause) 879M->272M(1024M) 10.616ms
[2025-12-24T19:03:15.931+0000][gc,cpu      ] GC(466) User=0.05s Sys=0.00s Real=0.01s
[2025-12-24T19:03:55.507+0000][gc,start    ] GC(467) Pause Young (Normal) (G1 Evacuation Pause)
[2025-12-24T19:03:55.508+0000][gc,task     ] GC(467) Using 8 workers of 8 for evacuation
[2025-12-24T19:03:55.521+0000][gc,phases   ] GC(467)   Pre Evacuate Collection Set: 1.2ms
[2025-12-24T19:03:55.521+0000][gc,phases   ] GC(467)   Merge Heap Roots: 0.2ms
[2025-12-24T19:03:55.521+0000][gc,phases   ] GC(467)   Evacuate Collection Set: 9.6ms
[2025-12-24T19:03:55.521+0000][gc,phases   ] GC(467)   Post Evacuate Collection Set: 1.6ms
[2025-12-24T19:03:55.521+0000][gc,phases   ] GC(467)   Other: 0.2ms
[2025-12-24T19:03:55.521+0000][gc,heap     ] GC(467) Eden regions: 607->0(607)
[2025-12-24T19:03:55.521+0000][gc,heap     ] GC(467) Survivor regions: 7->7(77)
[2025-12-24T19:03:55.521+0000][gc,heap     ] GC(467) Old regions: 115->115
[2025-12-24T19:03:55.521+0000][gc,heap     ] GC(467) Humongous regions: 151->151
[2025-12-24T19:03:55.521+0000][gc,metaspace] GC(467) Metaspace: 15526K(16000K)->15526K(16000K) NonClass: 13895K(14080K)->13895K(14080K) Class: 1631K(1920K)->1631K(1920K)
[2025-12-24T19:03:55.521+0000][gc          ] GC(467) Pause Young (Normal) (G1 Evacuation Pause) 879M->272M(1024M) 14.184ms
[2025-12-24T19:03:55.522+0000][gc,cpu      ] GC(467) User=0.08s Sys=0.00s Real=0.02s
[2025-12-24T19:04:25.771+0000][gc,start    ] GC(468) Pause Young (Normal) (G1 Evacuation Pause)
[2025-12-24T19:04:25.772+0000][gc,task     ] GC(468) Using 8 workers of 8 for evacuation
[2025-12-24T19:04:25.788+0000][gc,phases   ] GC(468)   Pre Evacuate Collection Set: 1.1ms
[2025-12-24T19:04:25.788+0000][gc,phases   ] GC(468)   Merge Heap Roots: 0.4ms
[2025-12-24T19:04:25.788+0000][gc,phases   ] GC(468)   Evacuate Collection Set: 12.5ms
[2025-12-24T19:04:25.788+0000][gc,phases   ] GC(468)   Post Evacuate Collection Set: 1.3ms
[2025-12-24T19:04:25.788+0000][gc,phases   ] GC(468)   Other: 0.3ms
[2025-12-24T19:04:25.788+0000][gc,heap     ] GC(468) Eden regions: 607->0(605)
[2025-12-24T19:04:25.788+0000][gc,heap     ] GC(468) Survivor regions: 7->9(77)
[2025-12-24T19:04:25.788+0000][gc,heap     ] GC(468) Old regions: 115->116
[2025-12-24T19:04:25.788+0000][gc,heap     ] GC(468) Humongous regions: 151->151
[2025-12-24T19:04:25.788+0000][gc,metaspace] GC(468) Metaspace: 15526K(16000K)->15526K(16000K) NonClass: 13895K(14080K)->13895K(14080K) Class: 1631K(1920K)->1631K(1920K)
[2025-12-24T19:04:25.788+0000][gc          ] GC(468) Pause Young (Normal) (G1 Evacuation Pause) 879M->274M(1024M) 16.944ms
[2025-12-24T19:04:25.788+0000][gc,cpu      ] GC(468) User=0.10s Sys=0.00s Real=0.02s
[2025-12-24T19:05:05.582+0000][gc,start    ] GC(469) Pause Young (Normal) (G1 Evacuation Pause)
[2025-12-24T19:05:05.583+0000][gc,task     ] GC(469) Using 8 workers of 8 for evacuation
[2025-12-24T19:05:05.602+0000][gc,phases   ] GC(469)   Pre Evacuate Collection Set: 1.3ms
[2025-12-24T19:05:05.603+0000][gc,phases   ] GC(469)   Merge Heap Roots: 3.6ms
[2025-12-24T19:05:05.603+0000][gc,phases   ] GC(469)   Evacuate Collection Set: 10.8ms
[2025-12-24T19:05:05.603+0000][gc,phases   ] GC(469)   Post Evacuate Collection Set: 3.3ms
[2025-12-24T19:05:05.603+0000][gc,phases   ] GC(469)   Other: 0.4ms
[2025-12-24T19:05:05.604+0000][gc,heap     ] GC(469) Eden regions: 605->0(606)
[2025-12-24T19:05:05.604+0000][gc,heap     ] GC(469) Survivor regions: 9->8(77)
[2025-12-24T19:05:05.604+0000][gc,heap     ] GC(469) Old regions: 116->116
[2025-12-24T19:05:05.604+0000][gc,heap     ] GC(469) Humongous regions: 151->151
[2025-12-24T19:05:05.604+0000][gc,metaspace] GC(469) Metaspace: 15526K(16000K)->15526K(16000K) NonClass: 13895K(14080K)->13895K(14080K) Class: 1631K(1920K)->1631K(1920K)
[2025-12-24T19:05:05.604+0000][gc          ] GC(469) Pause Young (Normal) (G1 Evacuation Pause) 879M->273M(1024M) 21.808ms
[2025-12-24T19:05:05.604+0000][gc,cpu      ] GC(469) User=0.11s Sys=0.00s Real=0.03s
[2025-12-24T19:05:35.707+0000][gc,start    ] GC(470) Pause Young (Normal) (G1 Evacuation Pause)
[2025-12-24T19:05:35.708+0000][gc,task     ] GC(470) Using 8 workers of 8 for evacuation
[2025-12-24T19:05:35.724+0000][gc,phases   ] GC(470)   Pre Evacuate Collection Set: 1.2ms
[2025-12-24T19:05:35.724+0000][gc,phases   ] GC(470)   Merge Heap Roots: 0.3ms
[2025-12-24T19:05:35.724+0000][gc,phases   ] GC(470)   Evacuate Collection Set: 12.9ms
[2025-12-24T19:05:35.724+0000][gc,phases   ] GC(470)   Post Evacuate Collection Set: 1.4ms
[2025-12-24T19:05:35.724+0000][gc,phases   ] GC(470)   Other: 0.3ms
[2025-12-24T19:05:35.724+0000][gc,heap     ] GC(470) Eden regions: 606->0(604)
[2025-12-24T19:05:35.724+0000][gc,heap     ] GC(470) Survivor regions: 8->10(77)
[2025-12-24T19:05:35.724+0000][gc,heap     ] GC(470) Old regions: 116->116
[2025-12-24T19:05:35.724+0000][gc,heap     ] GC(470) Humongous regions: 151->151
[2025-12-24T19:05:35.724+0000][gc,metaspace] GC(470) Metaspace: 15526K(16000K)->15526K(16000K) NonClass: 13895K(14080K)->13895K(14080K) Class: 1631K(1920K)->1631K(1920K)
[2025-12-24T19:05:35.725+0000][gc          ] GC(470) Pause Young (Normal) (G1 Evacuation Pause) 879M->275M(1024M) 17.452ms
[2025-12-24T19:05:35.725+0000][gc,cpu      ] GC(470) User=0.11s Sys=0.00s Real=0.02s
[2025-12-24T19:06:15.286+0000][gc,start    ] GC(471) Pause Young (Normal) (G1 Evacuation Pause)
[2025-12-24T19:06:15.287+0000][gc,task     ] GC(471) Using 8 workers of 8 for evacuation
[2025-12-24T19:06:15.306+0000][gc,phases   ] GC(471)   Pre Evacuate Collection Set: 1.3ms
[2025-12-24T19:06:15.307+0000][gc,phases   ] GC(471)   Merge Heap Roots: 0.4ms
[2025-12-24T19:06:15.307+0000][gc,phases   ] GC(471)   Evacuate Collection Set: 16.5ms
[2025-12-24T19:06:15.307+0000][gc,phases   ] GC(471)   Post Evacuate Collection Set: 1.2ms
[2025-12-24T19:06:15.307+0000][gc,phases   ] GC(471)   Other: 0.3ms
[2025-12-24T19:06:15.307+0000][gc,heap     ] GC(471) Eden regions: 604->0(606)
[2025-12-24T19:06:15.307+0000][gc,heap     ] GC(471) Survivor regions: 10->8(77)
[2025-12-24T19:06:15.307+0000][gc,heap     ] GC(471) Old regions: 116->116
[2025-12-24T19:06:15.307+0000][gc,heap     ] GC(471) Humongous regions: 151->151
[2025-12-24T19:06:15.307+0000][gc,metaspace] GC(471) Metaspace: 15526K(16000K)->15526K(16000K) NonClass: 13895K(14080K)->13895K(14080K) Class: 1631K(1920K)->1631K(1920K)
[2025-12-24T19:06:15.307+0000][gc          ] GC(471) Pause Young (Normal) (G1 Evacuation Pause) 879M->274M(1024M) 20.988ms
[2025-12-24T19:06:15.307+0000][gc,cpu      ] GC(471) User=0.13s Sys=0.00s Real=0.02s
[2025-12-24T19:06:45.527+0000][gc,start    ] GC(472) Pause Young (Normal) (G1 Evacuation Pause)
[2025-12-24T19:06:45.527+0000][gc,task     ] GC(472) Using 8 workers of 8 for evacuation
[2025-12-24T19:06:45.537+0000][gc,phases   ] GC(472)   Pre Evacuate Collection Set: 1.1ms
[2025-12-24T19:06:45.537+0000][gc,phases   ] GC(472)   Merge Heap Roots: 0.3ms
[2025-12-24T19:06:45.537+0000][gc,phases   ] GC(472)   Evacuate Collection Set: 6.8ms
[2025-12-24T19:06:45.537+0000][gc,phases   ] GC(472)   Post Evacuate Collection Set: 1.2ms
[2025-12-24T19:06:45.537+0000][gc,phases   ] GC(472)   Other: 0.2ms
[2025-12-24T19:06:45.537+0000][gc,heap     ] GC(472) Eden regions: 606->0(608)
[2025-12-24T19:06:45.537+0000][gc,heap     ] GC(472) Survivor regions: 8->6(77)
[2025-12-24T19:06:45.537+0000][gc,heap     ] GC(472) Old regions: 116->117
[2025-12-24T19:06:45.537+0000][gc,heap     ] GC(472) Humongous regions: 151->151
[2025-12-24T19:06:45.537+0000][gc,metaspace] GC(472) Metaspace: 15526K(16000K)->15526K(16000K) NonClass: 13895K(14080K)->13895K(14080K) Class: 1631K(1920K)->1631K(1920K)
[2025-12-24T19:06:45.537+0000][gc          ] GC(472) Pause Young (Normal) (G1 Evacuation Pause) 880M->272M(1024M) 10.949ms
[2025-12-24T19:06:45.538+0000][gc,cpu      ] GC(472) User=0.05s Sys=0.01s Real=0.01s
[2025-12-24T19:07:15.837+0000][gc,start    ] GC(473) Pause Young (Normal) (G1 Evacuation Pause)
[2025-12-24T19:07:15.838+0000][gc,task     ] GC(473) Using 8 workers of 8 for evacuation
[2025-12-24T19:07:15.847+0000][gc,phases   ] GC(473)   Pre Evacuate Collection Set: 0.9ms
[2025-12-24T19:07:15.847+0000][gc,phases   ] GC(473)   Merge Heap Roots: 0.2ms
[2025-12-24T19:07:15.848+0000][gc,phases   ] GC(473)   Evacuate Collection Set: 6.8ms
[2025-12-24T19:07:15.848+0000][gc,phases   ] GC(473)   Post Evacuate Collection Set: 1.4ms
[2025-12-24T19:07:15.848+0000][gc,phases   ] GC(473)   Other: 0.2ms
[2025-12-24T19:07:15.848+0000][gc,heap     ] GC(473) Eden regions: 608->0(607)
[2025-12-24T19:07:15.848+0000][gc,heap     ] GC(473) Survivor regions: 6->7(77)
[2025-12-24T19:07:15.848+0000][gc,heap     ] GC(473) Old regions: 117->117
[2025-12-24T19:07:15.848+0000][gc,heap     ] GC(473) Humongous regions: 151->151
[2025-12-24T19:07:15.848+0000][gc,metaspace] GC(473) Metaspace: 15526K(16000K)->15526K(16000K) NonClass: 13895K(14080K)->13895K(14080K) Class: 1631K(1920K)->1631K(1920K)
[2025-12-24T19:07:15.848+0000][gc          ] GC(473) Pause Young (Normal) (G1 Evacuation Pause) 880M->274M(1024M) 10.719ms
[2025-12-24T19:07:15.848+0000][gc,cpu      ] GC(473) User=0.06s Sys=0.00s Real=0.01s
[2025-12-24T19:07:55.465+0000][gc,start    ] GC(474) Pause Young (Normal) (G1 Evacuation Pause)
[2025-12-24T19:07:55.466+0000][gc,task     ] GC(474) Using 8 workers of 8 for evacuation
[2025-12-24T19:07:55.482+0000][gc,phases   ] GC(474)   Pre Evacuate Collection Set: 1.0ms
[2025-12-24T19:07:55.482+0000][gc,phases   ] GC(474)   Merge Heap Roots: 0.3ms
[2025-12-24T19:07:55.482+0000][gc,phases   ] GC(474)   Evacuate Collection Set: 12.9ms
[2025-12-24T19:07:55.482+0000][gc,phases   ] GC(474)   Post Evacuate Collection Set: 2.0ms
[2025-12-24T19:07:55.483+0000][gc,phases   ] GC(474)   Other: 0.3ms
[2025-12-24T19:07:55.483+0000][gc,heap     ] GC(474) Eden regions: 607->0(608)
[2025-12-24T19:07:55.483+0000][gc,heap     ] GC(474) Survivor regions: 7->6(77)
[2025-12-24T19:07:55.483+0000][gc,heap     ] GC(474) Old regions: 117->117
[2025-12-24T19:07:55.483+0000][gc,heap     ] GC(474) Humongous regions: 151->151
[2025-12-24T19:07:55.483+0000][gc,metaspace] GC(474) Metaspace: 15526K(16000K)->15526K(16000K) NonClass: 13895K(14080K)->13895K(14080K) Class: 1631K(1920K)->1631K(1920K)
[2025-12-24T19:07:55.483+0000][gc          ] GC(474) Pause Young (Normal) (G1 Evacuation Pause) 881M->273M(1024M) 18.071ms
[2025-12-24T19:07:55.483+0000][gc,cpu      ] GC(474) User=0.11s Sys=0.00s Real=0.02s
[2025-12-24T19:08:25.785+0000][gc,start    ] GC(475) Pause Young (Normal) (G1 Evacuation Pause)
[2025-12-24T19:08:25.785+0000][gc,task     ] GC(475) Using 8 workers of 8 for evacuation
[2025-12-24T19:08:25.801+0000][gc,phases   ] GC(475)   Pre Evacuate Collection Set: 0.9ms
[2025-12-24T19:08:25.802+0000][gc,phases   ] GC(475)   Merge Heap Roots: 0.3ms
[2025-12-24T19:08:25.802+0000][gc,phases   ] GC(475)   Evacuate Collection Set: 11.5ms
[2025-12-24T19:08:25.802+0000][gc,phases   ] GC(475)   Post Evacuate Collection Set: 2.3ms
[2025-12-24T19:08:25.802+0000][gc,phases   ] GC(475)   Other: 0.8ms
[2025-12-24T19:08:25.802+0000][gc,heap     ] GC(475) Eden regions: 608->0(606)
[2025-12-24T19:08:25.802+0000][gc,heap     ] GC(475) Survivor regions: 6->8(77)
[2025-12-24T19:08:25.802+0000][gc,heap     ] GC(475) Old regions: 117->117
[2025-12-24T19:08:25.802+0000][gc,heap     ] GC(475) Humongous regions: 151->151
[2025-12-24T19:08:25.802+0000][gc,metaspace] GC(475) Metaspace: 15526K(16000K)->15526K(16000K) NonClass: 13895K(14080K)->13895K(14080K) Class: 1631K(1920K)->1631K(1920K)
[2025-12-24T19:08:25.803+0000][gc          ] GC(475) Pause Young (Normal) (G1 Evacuation Pause) 881M->275M(1024M) 18.154ms
[2025-12-24T19:08:25.803+0000][gc,cpu      ] GC(475) User=0.10s Sys=0.00s Real=0.02s
[2025-12-24T19:09:05.354+0000][gc,start    ] GC(476) Pause Young (Normal) (G1 Evacuation Pause)
[2025-12-24T19:09:05.355+0000][gc,task     ] GC(476) Using 8 workers of 8 for evacuation
[2025-12-24T19:09:05.370+0000][gc,phases   ] GC(476)   Pre Evacuate Collection Set: 1.2ms
[2025-12-24T19:09:05.370+0000][gc,phases   ] GC(476)   Merge Heap Roots: 0.3ms
[2025-12-24T19:09:05.370+0000][gc,phases   ] GC(476)   Evacuate Collection Set: 9.4ms
[2025-12-24T19:09:05.370+0000][gc,phases   ] GC(476)   Post Evacuate Collection Set: 3.1ms
[2025-12-24T19:09:05.370+0000][gc,phases   ] GC(476)   Other: 0.4ms
[2025-12-24T19:09:05.370+0000][gc,heap     ] GC(476) Eden regions: 606->0(606)
[2025-12-24T19:09:05.370+0000][gc,heap     ] GC(476) Survivor regions: 8->8(77)
[2025-12-24T19:09:05.370+0000][gc,heap     ] GC(476) Old regions: 117->117
[2025-12-24T19:09:05.370+0000][gc,heap     ] GC(476) Humongous regions: 151->151
[2025-12-24T19:09:05.370+0000][gc,metaspace] GC(476) Metaspace: 15526K(16000K)->15526K(16000K) NonClass: 13895K(14080K)->13895K(14080K) Class: 1631K(1920K)->1631K(1920K)
[2025-12-24T19:09:05.371+0000][gc          ] GC(476) Pause Young (Normal) (G1 Evacuation Pause) 881M->275M(1024M) 16.719ms
[2025-12-24T19:09:05.371+0000][gc,cpu      ] GC(476) User=0.09s Sys=0.01s Real=0.02s
[2025-12-24T19:09:35.633+0000][gc,start    ] GC(477) Pause Young (Normal) (G1 Evacuation Pause)
[2025-12-24T19:09:35.634+0000][gc,task     ] GC(477) Using 8 workers of 8 for evacuation
[2025-12-24T19:09:35.698+0000][gc,phases   ] GC(477)   Pre Evacuate Collection Set: 1.0ms
[2025-12-24T19:09:35.698+0000][gc,phases   ] GC(477)   Merge Heap Roots: 0.4ms
[2025-12-24T19:09:35.699+0000][gc,phases   ] GC(477)   Evacuate Collection Set: 56.7ms
[2025-12-24T19:09:35.699+0000][gc,phases   ] GC(477)   Post Evacuate Collection Set: 5.5ms
[2025-12-24T19:09:35.699+0000][gc,phases   ] GC(477)   Other: 0.7ms
[2025-12-24T19:09:35.699+0000][gc,heap     ] GC(477) Eden regions: 606->0(605)
[2025-12-24T19:09:35.699+0000][gc,heap     ] GC(477) Survivor regions: 8->9(77)
[2025-12-24T19:09:35.699+0000][gc,heap     ] GC(477) Old regions: 117->118
[2025-12-24T19:09:35.699+0000][gc,heap     ] GC(477) Humongous regions: 151->151
[2025-12-24T19:09:35.699+0000][gc,metaspace] GC(477) Metaspace: 15526K(16000K)->15526K(16000K) NonClass: 13895K(14080K)->13895K(14080K) Class: 1631K(1920K)->1631K(1920K)
[2025-12-24T19:09:35.700+0000][gc          ] GC(477) Pause Young (Normal) (G1 Evacuation Pause) 881M->276M(1024M) 66.740ms
[2025-12-24T19:09:35.700+0000][gc,cpu      ] GC(477) User=0.44s Sys=0.02s Real=0.07s
[2025-12-24T19:10:15.265+0000][gc,start    ] GC(478) Pause Young (Normal) (G1 Evacuation Pause)
[2025-12-24T19:10:15.265+0000][gc,task     ] GC(478) Using 8 workers of 8 for evacuation
[2025-12-24T19:10:15.286+0000][gc,phases   ] GC(478)   Pre Evacuate Collection Set: 1.4ms
[2025-12-24T19:10:15.286+0000][gc,phases   ] GC(478)   Merge Heap Roots: 1.1ms
[2025-12-24T19:10:15.286+0000][gc,phases   ] GC(478)   Evacuate Collection Set: 16.8ms
[2025-12-24T19:10:15.287+0000][gc,phases   ] GC(478)   Post Evacuate Collection Set: 1.3ms
[2025-12-24T19:10:15.287+0000][gc,phases   ] GC(478)   Other: 0.2ms
[2025-12-24T19:10:15.287+0000][gc,heap     ] GC(478) Eden regions: 605->0(606)
[2025-12-24T19:10:15.287+0000][gc,heap     ] GC(478) Survivor regions: 9->8(77)
[2025-12-24T19:10:15.287+0000][gc,heap     ] GC(478) Old regions: 118->118
[2025-12-24T19:10:15.287+0000][gc,heap     ] GC(478) Humongous regions: 151->151
[2025-12-24T19:10:15.287+0000][gc,metaspace] GC(478) Metaspace: 15526K(16000K)->15526K(16000K) NonClass: 13895K(14080K)->13895K(14080K) Class: 1631K(1920K)->1631K(1920K)
[2025-12-24T19:10:15.287+0000][gc          ] GC(478) Pause Young (Normal) (G1 Evacuation Pause) 881M->276M(1024M) 22.483ms
[2025-12-24T19:10:15.287+0000][gc,cpu      ] GC(478) User=0.14s Sys=0.00s Real=0.03s
[2025-12-24T19:10:45.489+0000][gc,start    ] GC(479) Pause Young (Normal) (G1 Evacuation Pause)
[2025-12-24T19:10:45.490+0000][gc,task     ] GC(479) Using 8 workers of 8 for evacuation
[2025-12-24T19:10:45.511+0000][gc,phases   ] GC(479)   Pre Evacuate Collection Set: 1.0ms
[2025-12-24T19:10:45.511+0000][gc,phases   ] GC(479)   Merge Heap Roots: 0.3ms
[2025-12-24T19:10:45.511+0000][gc,phases   ] GC(479)   Evacuate Collection Set: 18.6ms
[2025-12-24T19:10:45.511+0000][gc,phases   ] GC(479)   Post Evacuate Collection Set: 1.0ms
[2025-12-24T19:10:45.512+0000][gc,phases   ] GC(479)   Other: 0.2ms
[2025-12-24T19:10:45.512+0000][gc,heap     ] GC(479) Eden regions: 606->0(604)
[2025-12-24T19:10:45.512+0000][gc,heap     ] GC(479) Survivor regions: 8->10(77)
[2025-12-24T19:10:45.512+0000][gc,heap     ] GC(479) Old regions: 118->118
[2025-12-24T19:10:45.512+0000][gc,heap     ] GC(479) Humongous regions: 151->151
[2025-12-24T19:10:45.512+0000][gc,metaspace] GC(479) Metaspace: 15526K(16000K)->15526K(16000K) NonClass: 13895K(14080K)->13895K(14080K) Class: 1631K(1920K)->1631K(1920K)
[2025-12-24T19:10:45.512+0000][gc          ] GC(479) Pause Young (Normal) (G1 Evacuation Pause) 882M->277M(1024M) 22.584ms
[2025-12-24T19:10:45.512+0000][gc,cpu      ] GC(479) User=0.16s Sys=0.00s Real=0.02s
[2025-12-24T19:11:15.772+0000][gc,start    ] GC(480) Pause Young (Normal) (G1 Evacuation Pause)
[2025-12-24T19:11:15.773+0000][gc,task     ] GC(480) Using 8 workers of 8 for evacuation
[2025-12-24T19:11:15.792+0000][gc,phases   ] GC(480)   Pre Evacuate Collection Set: 1.0ms
[2025-12-24T19:11:15.792+0000][gc,phases   ] GC(480)   Merge Heap Roots: 0.2ms
[2025-12-24T19:11:15.792+0000][gc,phases   ] GC(480)   Evacuate Collection Set: 16.8ms
[2025-12-24T19:11:15.792+0000][gc,phases   ] GC(480)   Post Evacuate Collection Set: 1.1ms
[2025-12-24T19:11:15.793+0000][gc,phases   ] GC(480)   Other: 0.3ms
[2025-12-24T19:11:15.793+0000][gc,heap     ] GC(480) Eden regions: 604->0(607)
[2025-12-24T19:11:15.793+0000][gc,heap     ] GC(480) Survivor regions: 10->7(77)
[2025-12-24T19:11:15.793+0000][gc,heap     ] GC(480) Old regions: 118->118
[2025-12-24T19:11:15.793+0000][gc,heap     ] GC(480) Humongous regions: 151->151
[2025-12-24T19:11:15.793+0000][gc,metaspace] GC(480) Metaspace: 15526K(16000K)->15526K(16000K) NonClass: 13895K(14080K)->13895K(14080K) Class: 1631K(1920K)->1631K(1920K)
[2025-12-24T19:11:15.793+0000][gc          ] GC(480) Pause Young (Normal) (G1 Evacuation Pause) 881M->275M(1024M) 21.330ms
[2025-12-24T19:11:15.793+0000][gc,cpu      ] GC(480) User=0.14s Sys=0.00s Real=0.02s
[2025-12-24T19:11:55.426+0000][gc,start    ] GC(481) Pause Young (Normal) (G1 Evacuation Pause)
[2025-12-24T19:11:55.427+0000][gc,task     ] GC(481) Using 8 workers of 8 for evacuation
[2025-12-24T19:11:55.451+0000][gc,phases   ] GC(481)   Pre Evacuate Collection Set: 3.8ms
[2025-12-24T19:11:55.451+0000][gc,phases   ] GC(481)   Merge Heap Roots: 1.4ms
[2025-12-24T19:11:55.451+0000][gc,phases   ] GC(481)   Evacuate Collection Set: 17.0ms
[2025-12-24T19:11:55.451+0000][gc,phases   ] GC(481)   Post Evacuate Collection Set: 1.4ms
[2025-12-24T19:11:55.451+0000][gc,phases   ] GC(481)   Other: 0.6ms
[2025-12-24T19:11:55.451+0000][gc,heap     ] GC(481) Eden regions: 607->0(608)
[2025-12-24T19:11:55.451+0000][gc,heap     ] GC(481) Survivor regions: 7->6(77)
[2025-12-24T19:11:55.451+0000][gc,heap     ] GC(481) Old regions: 118->119
[2025-12-24T19:11:55.451+0000][gc,heap     ] GC(481) Humongous regions: 151->151
[2025-12-24T19:11:55.452+0000][gc,metaspace] GC(481) Metaspace: 15527K(16000K)->15527K(16000K) NonClass: 13896K(14080K)->13896K(14080K) Class: 1631K(1920K)->1631K(1920K)
[2025-12-24T19:11:55.452+0000][gc          ] GC(481) Pause Young (Normal) (G1 Evacuation Pause) 882M->274M(1024M) 25.650ms
[2025-12-24T19:11:55.452+0000][gc,cpu      ] GC(481) User=0.15s Sys=0.02s Real=0.03s
[2025-12-24T19:12:25.665+0000][gc,start    ] GC(482) Pause Young (Normal) (G1 Evacuation Pause)
[2025-12-24T19:12:25.666+0000][gc,task     ] GC(482) Using 8 workers of 8 for evacuation
[2025-12-24T19:12:25.697+0000][gc,phases   ] GC(482)   Pre Evacuate Collection Set: 1.2ms
[2025-12-24T19:12:25.699+0000][gc,phases   ] GC(482)   Merge Heap Roots: 0.4ms
[2025-12-24T19:12:25.700+0000][gc,phases   ] GC(482)   Evacuate Collection Set: 20.7ms
[2025-12-24T19:12:25.717+0000][gc,phases   ] GC(482)   Post Evacuate Collection Set: 6.5ms
[2025-12-24T19:12:25.717+0000][gc,phases   ] GC(482)   Other: 1.7ms
[2025-12-24T19:12:25.717+0000][gc,heap     ] GC(482) Eden regions: 608->0(606)
[2025-12-24T19:12:25.717+0000][gc,heap     ] GC(482) Survivor regions: 6->8(77)
[2025-12-24T19:12:25.717+0000][gc,heap     ] GC(482) Old regions: 119->119
[2025-12-24T19:12:25.717+0000][gc,heap     ] GC(482) Humongous regions: 151->151
[2025-12-24T19:12:25.723+0000][gc,metaspace] GC(482) Metaspace: 15527K(16000K)->15527K(16000K) NonClass: 13896K(14080K)->13896K(14080K) Class: 1631K(1920K)->1631K(1920K)
[2025-12-24T19:12:25.724+0000][gc          ] GC(482) Pause Young (Normal) (G1 Evacuation Pause) 882M->276M(1024M) 59.205ms
[2025-12-24T19:12:25.725+0000][gc,cpu      ] GC(482) User=0.16s Sys=0.01s Real=0.06s
[2025-12-24T19:13:05.338+0000][gc,start    ] GC(483) Pause Young (Normal) (G1 Evacuation Pause)
[2025-12-24T19:13:05.338+0000][gc,task     ] GC(483) Using 8 workers of 8 for evacuation
[2025-12-24T19:13:05.352+0000][gc,phases   ] GC(483)   Pre Evacuate Collection Set: 1.1ms
[2025-12-24T19:13:05.353+0000][gc,phases   ] GC(483)   Merge Heap Roots: 0.3ms
[2025-12-24T19:13:05.353+0000][gc,phases   ] GC(483)   Evacuate Collection Set: 11.3ms
[2025-12-24T19:13:05.353+0000][gc,phases   ] GC(483)   Post Evacuate Collection Set: 1.1ms
[2025-12-24T19:13:05.353+0000][gc,phases   ] GC(483)   Other: 0.3ms
[2025-12-24T19:13:05.353+0000][gc,heap     ] GC(483) Eden regions: 606->0(607)
[2025-12-24T19:13:05.353+0000][gc,heap     ] GC(483) Survivor regions: 8->7(77)
[2025-12-24T19:13:05.353+0000][gc,heap     ] GC(483) Old regions: 119->119
[2025-12-24T19:13:05.353+0000][gc,heap     ] GC(483) Humongous regions: 151->151
[2025-12-24T19:13:05.353+0000][gc,metaspace] GC(483) Metaspace: 15527K(16000K)->15527K(16000K) NonClass: 13896K(14080K)->13896K(14080K) Class: 1631K(1920K)->1631K(1920K)
[2025-12-24T19:13:05.353+0000][gc          ] GC(483) Pause Young (Normal) (G1 Evacuation Pause) 882M->276M(1024M) 15.522ms
[2025-12-24T19:13:05.353+0000][gc,cpu      ] GC(483) User=0.10s Sys=0.00s Real=0.01s
[2025-12-24T19:13:35.543+0000][gc,start    ] GC(484) Pause Young (Normal) (G1 Evacuation Pause)
[2025-12-24T19:13:35.545+0000][gc,task     ] GC(484) Using 8 workers of 8 for evacuation
[2025-12-24T19:13:35.557+0000][gc,phases   ] GC(484)   Pre Evacuate Collection Set: 1.0ms
[2025-12-24T19:13:35.557+0000][gc,phases   ] GC(484)   Merge Heap Roots: 0.3ms
[2025-12-24T19:13:35.557+0000][gc,phases   ] GC(484)   Evacuate Collection Set: 9.2ms
[2025-12-24T19:13:35.557+0000][gc,phases   ] GC(484)   Post Evacuate Collection Set: 1.3ms
[2025-12-24T19:13:35.557+0000][gc,phases   ] GC(484)   Other: 0.3ms
[2025-12-24T19:13:35.557+0000][gc,heap     ] GC(484) Eden regions: 607->0(605)
[2025-12-24T19:13:35.557+0000][gc,heap     ] GC(484) Survivor regions: 7->9(77)
[2025-12-24T19:13:35.557+0000][gc,heap     ] GC(484) Old regions: 119->119
[2025-12-24T19:13:35.557+0000][gc,heap     ] GC(484) Humongous regions: 151->151
[2025-12-24T19:13:35.557+0000][gc,metaspace] GC(484) Metaspace: 15527K(16000K)->15527K(16000K) NonClass: 13896K(14080K)->13896K(14080K) Class: 1631K(1920K)->1631K(1920K)
[2025-12-24T19:13:35.557+0000][gc          ] GC(484) Pause Young (Normal) (G1 Evacuation Pause) 883M->277M(1024M) 14.315ms
[2025-12-24T19:13:35.558+0000][gc,cpu      ] GC(484) User=0.08s Sys=0.00s Real=0.02s
[2025-12-24T19:14:06.005+0000][gc,start    ] GC(485) Pause Young (Normal) (G1 Evacuation Pause)
[2025-12-24T19:14:06.005+0000][gc,task     ] GC(485) Using 8 workers of 8 for evacuation
[2025-12-24T19:14:06.027+0000][gc,phases   ] GC(485)   Pre Evacuate Collection Set: 1.4ms
[2025-12-24T19:14:06.028+0000][gc,phases   ] GC(485)   Merge Heap Roots: 0.7ms
[2025-12-24T19:14:06.028+0000][gc,phases   ] GC(485)   Evacuate Collection Set: 18.5ms
[2025-12-24T19:14:06.028+0000][gc,phases   ] GC(485)   Post Evacuate Collection Set: 1.1ms
[2025-12-24T19:14:06.028+0000][gc,phases   ] GC(485)   Other: 0.4ms
[2025-12-24T19:14:06.028+0000][gc,heap     ] GC(485) Eden regions: 605->0(606)
[2025-12-24T19:14:06.028+0000][gc,heap     ] GC(485) Survivor regions: 9->8(77)
[2025-12-24T19:14:06.028+0000][gc,heap     ] GC(485) Old regions: 119->119
[2025-12-24T19:14:06.028+0000][gc,heap     ] GC(485) Humongous regions: 151->151
[2025-12-24T19:14:06.028+0000][gc,metaspace] GC(485) Metaspace: 15527K(16000K)->15527K(16000K) NonClass: 13896K(14080K)->13896K(14080K) Class: 1631K(1920K)->1631K(1920K)
[2025-12-24T19:14:06.028+0000][gc          ] GC(485) Pause Young (Normal) (G1 Evacuation Pause) 882M->277M(1024M) 23.376ms
[2025-12-24T19:14:06.028+0000][gc,cpu      ] GC(485) User=0.13s Sys=0.00s Real=0.02s
[2025-12-24T19:14:45.481+0000][gc,start    ] GC(486) Pause Young (Normal) (G1 Evacuation Pause)
[2025-12-24T19:14:45.482+0000][gc,task     ] GC(486) Using 8 workers of 8 for evacuation
[2025-12-24T19:14:45.505+0000][gc,phases   ] GC(486)   Pre Evacuate Collection Set: 1.1ms
[2025-12-24T19:14:45.505+0000][gc,phases   ] GC(486)   Merge Heap Roots: 0.2ms
[2025-12-24T19:14:45.505+0000][gc,phases   ] GC(486)   Evacuate Collection Set: 19.9ms
[2025-12-24T19:14:45.505+0000][gc,phases   ] GC(486)   Post Evacuate Collection Set: 1.1ms
[2025-12-24T19:14:45.505+0000][gc,phases   ] GC(486)   Other: 0.3ms
[2025-12-24T19:14:45.505+0000][gc,heap     ] GC(486) Eden regions: 606->0(605)
[2025-12-24T19:14:45.505+0000][gc,heap     ] GC(486) Survivor regions: 8->9(77)
[2025-12-24T19:14:45.505+0000][gc,heap     ] GC(486) Old regions: 119->120
[2025-12-24T19:14:45.505+0000][gc,heap     ] GC(486) Humongous regions: 151->151
[2025-12-24T19:14:45.505+0000][gc,metaspace] GC(486) Metaspace: 15527K(16000K)->15527K(16000K) NonClass: 13896K(14080K)->13896K(14080K) Class: 1631K(1920K)->1631K(1920K)
[2025-12-24T19:14:45.505+0000][gc          ] GC(486) Pause Young (Normal) (G1 Evacuation Pause) 883M->279M(1024M) 23.862ms
[2025-12-24T19:14:45.505+0000][gc,cpu      ] GC(486) User=0.17s Sys=0.00s Real=0.03s
[2025-12-24T19:15:15.769+0000][gc,start    ] GC(487) Pause Young (Normal) (G1 Evacuation Pause)
[2025-12-24T19:15:15.770+0000][gc,task     ] GC(487) Using 8 workers of 8 for evacuation
[2025-12-24T19:15:15.795+0000][gc,phases   ] GC(487)   Pre Evacuate Collection Set: 1.6ms
[2025-12-24T19:15:15.795+0000][gc,phases   ] GC(487)   Merge Heap Roots: 0.5ms
[2025-12-24T19:15:15.795+0000][gc,phases   ] GC(487)   Evacuate Collection Set: 20.5ms
[2025-12-24T19:15:15.795+0000][gc,phases   ] GC(487)   Post Evacuate Collection Set: 1.8ms
[2025-12-24T19:15:15.795+0000][gc,phases   ] GC(487)   Other: 0.4ms
[2025-12-24T19:15:15.795+0000][gc,heap     ] GC(487) Eden regions: 605->0(607)
[2025-12-24T19:15:15.795+0000][gc,heap     ] GC(487) Survivor regions: 9->7(77)
[2025-12-24T19:15:15.796+0000][gc,heap     ] GC(487) Old regions: 120->120
[2025-12-24T19:15:15.796+0000][gc,heap     ] GC(487) Humongous regions: 151->151
[2025-12-24T19:15:15.796+0000][gc,metaspace] GC(487) Metaspace: 15527K(16000K)->15527K(16000K) NonClass: 13896K(14080K)->13896K(14080K) Class: 1631K(1920K)->1631K(1920K)
[2025-12-24T19:15:15.796+0000][gc          ] GC(487) Pause Young (Normal) (G1 Evacuation Pause) 884M->277M(1024M) 26.434ms
[2025-12-24T19:15:15.796+0000][gc,cpu      ] GC(487) User=0.17s Sys=0.00s Real=0.03s
[2025-12-24T19:15:55.437+0000][gc,start    ] GC(488) Pause Young (Normal) (G1 Evacuation Pause)
[2025-12-24T19:15:55.437+0000][gc,task     ] GC(488) Using 8 workers of 8 for evacuation
[2025-12-24T19:15:55.463+0000][gc,phases   ] GC(488)   Pre Evacuate Collection Set: 1.2ms
[2025-12-24T19:15:55.463+0000][gc,phases   ] GC(488)   Merge Heap Roots: 0.3ms
[2025-12-24T19:15:55.463+0000][gc,phases   ] GC(488)   Evacuate Collection Set: 14.3ms
[2025-12-24T19:15:55.463+0000][gc,phases   ] GC(488)   Post Evacuate Collection Set: 7.6ms
[2025-12-24T19:15:55.464+0000][gc,phases   ] GC(488)   Other: 1.6ms
[2025-12-24T19:15:55.464+0000][gc,heap     ] GC(488) Eden regions: 607->0(608)
[2025-12-24T19:15:55.464+0000][gc,heap     ] GC(488) Survivor regions: 7->6(77)
[2025-12-24T19:15:55.464+0000][gc,heap     ] GC(488) Old regions: 120->120
[2025-12-24T19:15:55.464+0000][gc,heap     ] GC(488) Humongous regions: 151->151
[2025-12-24T19:15:55.465+0000][gc,metaspace] GC(488) Metaspace: 15527K(16000K)->15527K(16000K) NonClass: 13896K(14080K)->13896K(14080K) Class: 1631K(1920K)->1631K(1920K)
[2025-12-24T19:15:55.466+0000][gc          ] GC(488) Pause Young (Normal) (G1 Evacuation Pause) 884M->276M(1024M) 29.061ms
[2025-12-24T19:15:55.466+0000][gc,cpu      ] GC(488) User=0.14s Sys=0.01s Real=0.03s
[2025-12-24T19:16:25.608+0000][gc,start    ] GC(489) Pause Young (Normal) (G1 Evacuation Pause)
[2025-12-24T19:16:25.609+0000][gc,task     ] GC(489) Using 8 workers of 8 for evacuation
[2025-12-24T19:16:25.619+0000][gc,phases   ] GC(489)   Pre Evacuate Collection Set: 1.1ms
[2025-12-24T19:16:25.619+0000][gc,phases   ] GC(489)   Merge Heap Roots: 0.2ms
[2025-12-24T19:16:25.619+0000][gc,phases   ] GC(489)   Evacuate Collection Set: 6.6ms
[2025-12-24T19:16:25.619+0000][gc,phases   ] GC(489)   Post Evacuate Collection Set: 1.1ms
[2025-12-24T19:16:25.619+0000][gc,phases   ] GC(489)   Other: 0.3ms
[2025-12-24T19:16:25.619+0000][gc,heap     ] GC(489) Eden regions: 608->0(606)
[2025-12-24T19:16:25.619+0000][gc,heap     ] GC(489) Survivor regions: 6->8(77)
[2025-12-24T19:16:25.619+0000][gc,heap     ] GC(489) Old regions: 120->120
[2025-12-24T19:16:25.619+0000][gc,heap     ] GC(489) Humongous regions: 151->151
[2025-12-24T19:16:25.619+0000][gc,metaspace] GC(489) Metaspace: 15527K(16000K)->15527K(16000K) NonClass: 13896K(14080K)->13896K(14080K) Class: 1631K(1920K)->1631K(1920K)
[2025-12-24T19:16:25.620+0000][gc          ] GC(489) Pause Young (Normal) (G1 Evacuation Pause) 884M->278M(1024M) 11.958ms
[2025-12-24T19:16:25.620+0000][gc,cpu      ] GC(489) User=0.06s Sys=0.00s Real=0.01s
[2025-12-24T19:17:05.292+0000][gc,start    ] GC(490) Pause Young (Normal) (G1 Evacuation Pause)
[2025-12-24T19:17:05.294+0000][gc,task     ] GC(490) Using 8 workers of 8 for evacuation
[2025-12-24T19:17:05.313+0000][gc,phases   ] GC(490)   Pre Evacuate Collection Set: 4.1ms
[2025-12-24T19:17:05.314+0000][gc,phases   ] GC(490)   Merge Heap Roots: 1.5ms
[2025-12-24T19:17:05.314+0000][gc,phases   ] GC(490)   Evacuate Collection Set: 9.3ms
[2025-12-24T19:17:05.314+0000][gc,phases   ] GC(490)   Post Evacuate Collection Set: 3.9ms
[2025-12-24T19:17:05.314+0000][gc,phases   ] GC(490)   Other: 1.1ms
[2025-12-24T19:17:05.314+0000][gc,heap     ] GC(490) Eden regions: 606->0(607)
[2025-12-24T19:17:05.314+0000][gc,heap     ] GC(490) Survivor regions: 8->7(77)
[2025-12-24T19:17:05.314+0000][gc,heap     ] GC(490) Old regions: 120->121
[2025-12-24T19:17:05.314+0000][gc,heap     ] GC(490) Humongous regions: 151->151
[2025-12-24T19:17:05.314+0000][gc,metaspace] GC(490) Metaspace: 15528K(16000K)->15528K(16000K) NonClass: 13896K(14080K)->13896K(14080K) Class: 1631K(1920K)->1631K(1920K)
[2025-12-24T19:17:05.314+0000][gc          ] GC(490) Pause Young (Normal) (G1 Evacuation Pause) 884M->277M(1024M) 22.211ms
[2025-12-24T19:17:05.314+0000][gc,cpu      ] GC(490) User=0.11s Sys=0.00s Real=0.03s
[2025-12-24T19:17:35.526+0000][gc,start    ] GC(491) Pause Young (Normal) (G1 Evacuation Pause)
[2025-12-24T19:17:35.526+0000][gc,task     ] GC(491) Using 8 workers of 8 for evacuation
[2025-12-24T19:17:35.545+0000][gc,phases   ] GC(491)   Pre Evacuate Collection Set: 1.5ms
[2025-12-24T19:17:35.545+0000][gc,phases   ] GC(491)   Merge Heap Roots: 0.5ms
[2025-12-24T19:17:35.545+0000][gc,phases   ] GC(491)   Evacuate Collection Set: 14.9ms
[2025-12-24T19:17:35.545+0000][gc,phases   ] GC(491)   Post Evacuate Collection Set: 1.1ms
[2025-12-24T19:17:35.545+0000][gc,phases   ] GC(491)   Other: 0.3ms
[2025-12-24T19:17:35.545+0000][gc,heap     ] GC(491) Eden regions: 607->0(606)
[2025-12-24T19:17:35.545+0000][gc,heap     ] GC(491) Survivor regions: 7->8(77)
[2025-12-24T19:17:35.545+0000][gc,heap     ] GC(491) Old regions: 121->121
[2025-12-24T19:17:35.545+0000][gc,heap     ] GC(491) Humongous regions: 151->151
[2025-12-24T19:17:35.545+0000][gc,metaspace] GC(491) Metaspace: 15528K(16000K)->15528K(16000K) NonClass: 13896K(14080K)->13896K(14080K) Class: 1631K(1920K)->1631K(1920K)
[2025-12-24T19:17:35.545+0000][gc          ] GC(491) Pause Young (Normal) (G1 Evacuation Pause) 884M->279M(1024M) 19.305ms
[2025-12-24T19:17:35.545+0000][gc,cpu      ] GC(491) User=0.13s Sys=0.00s Real=0.02s
[2025-12-24T19:18:05.788+0000][gc,start    ] GC(492) Pause Young (Normal) (G1 Evacuation Pause)
[2025-12-24T19:18:05.788+0000][gc,task     ] GC(492) Using 8 workers of 8 for evacuation
[2025-12-24T19:18:05.810+0000][gc,phases   ] GC(492)   Pre Evacuate Collection Set: 1.3ms
[2025-12-24T19:18:05.810+0000][gc,phases   ] GC(492)   Merge Heap Roots: 0.5ms
[2025-12-24T19:18:05.811+0000][gc,phases   ] GC(492)   Evacuate Collection Set: 17.3ms
[2025-12-24T19:18:05.811+0000][gc,phases   ] GC(492)   Post Evacuate Collection Set: 2.3ms
[2025-12-24T19:18:05.811+0000][gc,phases   ] GC(492)   Other: 0.3ms
[2025-12-24T19:18:05.811+0000][gc,heap     ] GC(492) Eden regions: 606->0(604)
[2025-12-24T19:18:05.811+0000][gc,heap     ] GC(492) Survivor regions: 8->10(77)
[2025-12-24T19:18:05.811+0000][gc,heap     ] GC(492) Old regions: 121->121
[2025-12-24T19:18:05.811+0000][gc,heap     ] GC(492) Humongous regions: 151->151
[2025-12-24T19:18:05.812+0000][gc,metaspace] GC(492) Metaspace: 15528K(16000K)->15528K(16000K) NonClass: 13896K(14080K)->13896K(14080K) Class: 1631K(1920K)->1631K(1920K)
[2025-12-24T19:18:05.812+0000][gc          ] GC(492) Pause Young (Normal) (G1 Evacuation Pause) 885M->280M(1024M) 23.814ms
[2025-12-24T19:18:05.812+0000][gc,cpu      ] GC(492) User=0.14s Sys=0.00s Real=0.03s
[2025-12-24T19:18:45.411+0000][gc,start    ] GC(493) Pause Young (Normal) (G1 Evacuation Pause)
[2025-12-24T19:18:45.413+0000][gc,task     ] GC(493) Using 8 workers of 8 for evacuation
[2025-12-24T19:18:45.428+0000][gc,phases   ] GC(493)   Pre Evacuate Collection Set: 1.1ms
[2025-12-24T19:18:45.428+0000][gc,phases   ] GC(493)   Merge Heap Roots: 1.1ms
[2025-12-24T19:18:45.428+0000][gc,phases   ] GC(493)   Evacuate Collection Set: 11.7ms
[2025-12-24T19:18:45.428+0000][gc,phases   ] GC(493)   Post Evacuate Collection Set: 1.3ms
[2025-12-24T19:18:45.428+0000][gc,phases   ] GC(493)   Other: 0.3ms
[2025-12-24T19:18:45.428+0000][gc,heap     ] GC(493) Eden regions: 604->0(605)
[2025-12-24T19:18:45.428+0000][gc,heap     ] GC(493) Survivor regions: 10->9(77)
[2025-12-24T19:18:45.429+0000][gc,heap     ] GC(493) Old regions: 121->121
[2025-12-24T19:18:45.429+0000][gc,heap     ] GC(493) Humongous regions: 151->151
[2025-12-24T19:18:45.429+0000][gc,metaspace] GC(493) Metaspace: 15534K(16000K)->15534K(16000K) NonClass: 13902K(14080K)->13902K(14080K) Class: 1631K(1920K)->1631K(1920K)
[2025-12-24T19:18:45.429+0000][gc          ] GC(493) Pause Young (Normal) (G1 Evacuation Pause) 884M->280M(1024M) 17.419ms
[2025-12-24T19:18:45.429+0000][gc,cpu      ] GC(493) User=0.10s Sys=0.00s Real=0.01s
[2025-12-24T19:19:15.650+0000][gc,start    ] GC(494) Pause Young (Normal) (G1 Evacuation Pause)
[2025-12-24T19:19:15.650+0000][gc,task     ] GC(494) Using 8 workers of 8 for evacuation
[2025-12-24T19:19:15.668+0000][gc,phases   ] GC(494)   Pre Evacuate Collection Set: 0.9ms
[2025-12-24T19:19:15.669+0000][gc,phases   ] GC(494)   Merge Heap Roots: 0.2ms
[2025-12-24T19:19:15.669+0000][gc,phases   ] GC(494)   Evacuate Collection Set: 14.5ms
[2025-12-24T19:19:15.669+0000][gc,phases   ] GC(494)   Post Evacuate Collection Set: 2.5ms
[2025-12-24T19:19:15.669+0000][gc,phases   ] GC(494)   Other: 0.2ms
[2025-12-24T19:19:15.669+0000][gc,heap     ] GC(494) Eden regions: 605->0(607)
[2025-12-24T19:19:15.669+0000][gc,heap     ] GC(494) Survivor regions: 9->7(77)
[2025-12-24T19:19:15.669+0000][gc,heap     ] GC(494) Old regions: 121->122
[2025-12-24T19:19:15.669+0000][gc,heap     ] GC(494) Humongous regions: 151->151
[2025-12-24T19:19:15.669+0000][gc,metaspace] GC(494) Metaspace: 15534K(16000K)->15534K(16000K) NonClass: 13902K(14080K)->13902K(14080K) Class: 1631K(1920K)->1631K(1920K)
[2025-12-24T19:19:15.669+0000][gc          ] GC(494) Pause Young (Normal) (G1 Evacuation Pause) 885M->278M(1024M) 19.660ms
[2025-12-24T19:19:15.669+0000][gc,cpu      ] GC(494) User=0.12s Sys=0.00s Real=0.02s
[2025-12-24T19:19:55.356+0000][gc,start    ] GC(495) Pause Young (Normal) (G1 Evacuation Pause)
[2025-12-24T19:19:55.358+0000][gc,task     ] GC(495) Using 8 workers of 8 for evacuation
[2025-12-24T19:19:55.377+0000][gc,phases   ] GC(495)   Pre Evacuate Collection Set: 1.0ms
[2025-12-24T19:19:55.377+0000][gc,phases   ] GC(495)   Merge Heap Roots: 0.3ms
[2025-12-24T19:19:55.377+0000][gc,phases   ] GC(495)   Evacuate Collection Set: 16.8ms
[2025-12-24T19:19:55.378+0000][gc,phases   ] GC(495)   Post Evacuate Collection Set: 1.3ms
[2025-12-24T19:19:55.378+0000][gc,phases   ] GC(495)   Other: 0.4ms
[2025-12-24T19:19:55.378+0000][gc,heap     ] GC(495) Eden regions: 607->0(608)
[2025-12-24T19:19:55.378+0000][gc,heap     ] GC(495) Survivor regions: 7->6(77)
[2025-12-24T19:19:55.378+0000][gc,heap     ] GC(495) Old regions: 122->122
[2025-12-24T19:19:55.378+0000][gc,heap     ] GC(495) Humongous regions: 151->151
[2025-12-24T19:19:55.378+0000][gc,metaspace] GC(495) Metaspace: 15534K(16000K)->15534K(16000K) NonClass: 13902K(14080K)->13902K(14080K) Class: 1631K(1920K)->1631K(1920K)
[2025-12-24T19:19:55.378+0000][gc          ] GC(495) Pause Young (Normal) (G1 Evacuation Pause) 885M->277M(1024M) 21.825ms
[2025-12-24T19:19:55.378+0000][gc,cpu      ] GC(495) User=0.14s Sys=0.00s Real=0.02s
[2025-12-24T19:20:25.545+0000][gc,start    ] GC(496) Pause Young (Normal) (G1 Evacuation Pause)
[2025-12-24T19:20:25.547+0000][gc,task     ] GC(496) Using 8 workers of 8 for evacuation
[2025-12-24T19:20:25.555+0000][gc,phases   ] GC(496)   Pre Evacuate Collection Set: 1.0ms
[2025-12-24T19:20:25.555+0000][gc,phases   ] GC(496)   Merge Heap Roots: 0.3ms
[2025-12-24T19:20:25.556+0000][gc,phases   ] GC(496)   Evacuate Collection Set: 6.4ms
[2025-12-24T19:20:25.556+0000][gc,phases   ] GC(496)   Post Evacuate Collection Set: 0.9ms
[2025-12-24T19:20:25.556+0000][gc,phases   ] GC(496)   Other: 0.2ms
[2025-12-24T19:20:25.556+0000][gc,heap     ] GC(496) Eden regions: 608->0(607)
[2025-12-24T19:20:25.556+0000][gc,heap     ] GC(496) Survivor regions: 6->7(77)
[2025-12-24T19:20:25.556+0000][gc,heap     ] GC(496) Old regions: 122->122
[2025-12-24T19:20:25.556+0000][gc,heap     ] GC(496) Humongous regions: 151->151
[2025-12-24T19:20:25.556+0000][gc,metaspace] GC(496) Metaspace: 15534K(16000K)->15534K(16000K) NonClass: 13902K(14080K)->13902K(14080K) Class: 1631K(1920K)->1631K(1920K)
[2025-12-24T19:20:25.556+0000][gc          ] GC(496) Pause Young (Normal) (G1 Evacuation Pause) 885M->279M(1024M) 10.580ms
[2025-12-24T19:20:25.556+0000][gc,cpu      ] GC(496) User=0.06s Sys=0.00s Real=0.01s
[2025-12-24T19:21:05.254+0000][gc,start    ] GC(497) Pause Young (Normal) (G1 Evacuation Pause)
[2025-12-24T19:21:05.255+0000][gc,task     ] GC(497) Using 8 workers of 8 for evacuation
[2025-12-24T19:21:05.277+0000][gc,phases   ] GC(497)   Pre Evacuate Collection Set: 0.9ms
[2025-12-24T19:21:05.277+0000][gc,phases   ] GC(497)   Merge Heap Roots: 0.2ms
[2025-12-24T19:21:05.277+0000][gc,phases   ] GC(497)   Evacuate Collection Set: 19.1ms
[2025-12-24T19:21:05.277+0000][gc,phases   ] GC(497)   Post Evacuate Collection Set: 1.7ms
[2025-12-24T19:21:05.277+0000][gc,phases   ] GC(497)   Other: 0.3ms
[2025-12-24T19:21:05.277+0000][gc,heap     ] GC(497) Eden regions: 607->0(608)
[2025-12-24T19:21:05.278+0000][gc,heap     ] GC(497) Survivor regions: 7->6(77)
[2025-12-24T19:21:05.278+0000][gc,heap     ] GC(497) Old regions: 122->122
[2025-12-24T19:21:05.278+0000][gc,heap     ] GC(497) Humongous regions: 151->151
[2025-12-24T19:21:05.278+0000][gc,metaspace] GC(497) Metaspace: 15534K(16000K)->15534K(16000K) NonClass: 13902K(14080K)->13902K(14080K) Class: 1631K(1920K)->1631K(1920K)
[2025-12-24T19:21:05.278+0000][gc          ] GC(497) Pause Young (Normal) (G1 Evacuation Pause) 886M->278M(1024M) 24.105ms
[2025-12-24T19:21:05.278+0000][gc,cpu      ] GC(497) User=0.15s Sys=0.01s Real=0.02s
[2025-12-24T19:21:35.611+0000][gc,start    ] GC(498) Pause Young (Normal) (G1 Evacuation Pause)
[2025-12-24T19:21:35.612+0000][gc,task     ] GC(498) Using 8 workers of 8 for evacuation
[2025-12-24T19:21:35.623+0000][gc,phases   ] GC(498)   Pre Evacuate Collection Set: 1.1ms
[2025-12-24T19:21:35.623+0000][gc,phases   ] GC(498)   Merge Heap Roots: 0.2ms
[2025-12-24T19:21:35.623+0000][gc,phases   ] GC(498)   Evacuate Collection Set: 8.1ms
[2025-12-24T19:21:35.623+0000][gc,phases   ] GC(498)   Post Evacuate Collection Set: 1.1ms
[2025-12-24T19:21:35.623+0000][gc,phases   ] GC(498)   Other: 0.3ms
[2025-12-24T19:21:35.623+0000][gc,heap     ] GC(498) Eden regions: 608->0(606)
[2025-12-24T19:21:35.623+0000][gc,heap     ] GC(498) Survivor regions: 6->8(77)
[2025-12-24T19:21:35.623+0000][gc,heap     ] GC(498) Old regions: 122->123
[2025-12-24T19:21:35.623+0000][gc,heap     ] GC(498) Humongous regions: 151->151
[2025-12-24T19:21:35.623+0000][gc,metaspace] GC(498) Metaspace: 15534K(16000K)->15534K(16000K) NonClass: 13902K(14080K)->13902K(14080K) Class: 1631K(1920K)->1631K(1920K)
[2025-12-24T19:21:35.623+0000][gc          ] GC(498) Pause Young (Normal) (G1 Evacuation Pause) 886M->280M(1024M) 11.947ms
[2025-12-24T19:21:35.623+0000][gc,cpu      ] GC(498) User=0.06s Sys=0.00s Real=0.01s
[2025-12-24T19:22:05.713+0000][gc,start    ] GC(499) Pause Young (Normal) (G1 Evacuation Pause)
[2025-12-24T19:22:05.715+0000][gc,task     ] GC(499) Using 8 workers of 8 for evacuation
[2025-12-24T19:22:05.738+0000][gc,phases   ] GC(499)   Pre Evacuate Collection Set: 1.0ms
[2025-12-24T19:22:05.739+0000][gc,phases   ] GC(499)   Merge Heap Roots: 0.3ms
[2025-12-24T19:22:05.739+0000][gc,phases   ] GC(499)   Evacuate Collection Set: 18.0ms
[2025-12-24T19:22:05.739+0000][gc,phases   ] GC(499)   Post Evacuate Collection Set: 4.1ms
[2025-12-24T19:22:05.739+0000][gc,phases   ] GC(499)   Other: 0.2ms
[2025-12-24T19:22:05.739+0000][gc,heap     ] GC(499) Eden regions: 606->0(604)
[2025-12-24T19:22:05.740+0000][gc,heap     ] GC(499) Survivor regions: 8->10(77)
[2025-12-24T19:22:05.740+0000][gc,heap     ] GC(499) Old regions: 123->123
[2025-12-24T19:22:05.740+0000][gc,heap     ] GC(499) Humongous regions: 151->151
[2025-12-24T19:22:05.740+0000][gc,metaspace] GC(499) Metaspace: 15534K(16000K)->15534K(16000K) NonClass: 13902K(14080K)->13902K(14080K) Class: 1631K(1920K)->1631K(1920K)
[2025-12-24T19:22:05.741+0000][gc          ] GC(499) Pause Young (Normal) (G1 Evacuation Pause) 886M->282M(1024M) 27.236ms
[2025-12-24T19:22:05.741+0000][gc,cpu      ] GC(499) User=0.10s Sys=0.02s Real=0.03s
[2025-12-24T19:22:45.543+0000][gc,start    ] GC(500) Pause Young (Normal) (G1 Evacuation Pause)
[2025-12-24T19:22:45.544+0000][gc,task     ] GC(500) Using 8 workers of 8 for evacuation
[2025-12-24T19:22:45.577+0000][gc,phases   ] GC(500)   Pre Evacuate Collection Set: 4.9ms
[2025-12-24T19:22:45.577+0000][gc,phases   ] GC(500)   Merge Heap Roots: 0.5ms
[2025-12-24T19:22:45.577+0000][gc,phases   ] GC(500)   Evacuate Collection Set: 23.0ms
[2025-12-24T19:22:45.577+0000][gc,phases   ] GC(500)   Post Evacuate Collection Set: 3.1ms
[2025-12-24T19:22:45.577+0000][gc,phases   ] GC(500)   Other: 1.3ms
[2025-12-24T19:22:45.578+0000][gc,heap     ] GC(500) Eden regions: 604->0(605)
[2025-12-24T19:22:45.579+0000][gc,heap     ] GC(500) Survivor regions: 10->9(77)
[2025-12-24T19:22:45.579+0000][gc,heap     ] GC(500) Old regions: 123->123
[2025-12-24T19:22:45.579+0000][gc,heap     ] GC(500) Humongous regions: 151->151
[2025-12-24T19:22:45.580+0000][gc,metaspace] GC(500) Metaspace: 15534K(16000K)->15534K(16000K) NonClass: 13902K(14080K)->13902K(14080K) Class: 1631K(1920K)->1631K(1920K)
[2025-12-24T19:22:45.580+0000][gc          ] GC(500) Pause Young (Normal) (G1 Evacuation Pause) 886M->282M(1024M) 37.898ms
[2025-12-24T19:22:45.580+0000][gc,cpu      ] GC(500) User=0.12s Sys=0.02s Real=0.04s
[2025-12-24T20:33:04.751+0000][gc,start    ] GC(501) Pause Young (Normal) (G1 Evacuation Pause)
[2025-12-24T20:33:04.751+0000][gc,task     ] GC(501) Using 8 workers of 8 for evacuation
[2025-12-24T20:33:04.772+0000][gc,phases   ] GC(501)   Pre Evacuate Collection Set: 1.3ms
[2025-12-24T20:33:04.772+0000][gc,phases   ] GC(501)   Merge Heap Roots: 0.4ms
[2025-12-24T20:33:04.772+0000][gc,phases   ] GC(501)   Evacuate Collection Set: 17.5ms
[2025-12-24T20:33:04.772+0000][gc,phases   ] GC(501)   Post Evacuate Collection Set: 1.3ms
[2025-12-24T20:33:04.772+0000][gc,phases   ] GC(501)   Other: 0.3ms
[2025-12-24T20:33:04.772+0000][gc,heap     ] GC(501) Eden regions: 605->0(603)
[2025-12-24T20:33:04.772+0000][gc,heap     ] GC(501) Survivor regions: 9->11(77)
[2025-12-24T20:33:04.773+0000][gc,heap     ] GC(501) Old regions: 123->123
[2025-12-24T20:33:04.773+0000][gc,heap     ] GC(501) Humongous regions: 151->151
[2025-12-24T20:33:04.773+0000][gc,metaspace] GC(501) Metaspace: 15536K(16000K)->15536K(16000K) NonClass: 13904K(14080K)->13904K(14080K) Class: 1631K(1920K)->1631K(1920K)
[2025-12-24T20:33:04.773+0000][gc          ] GC(501) Pause Young (Normal) (G1 Evacuation Pause) 887M->284M(1024M) 21.921ms
[2025-12-24T20:33:04.773+0000][gc,cpu      ] GC(501) User=0.14s Sys=0.00s Real=0.02s
[2025-12-24T22:57:25.742+0000][gc,start    ] GC(502) Pause Young (Normal) (G1 Evacuation Pause)
[2025-12-24T22:57:25.742+0000][gc,task     ] GC(502) Using 8 workers of 8 for evacuation
[2025-12-24T22:57:25.780+0000][gc,phases   ] GC(502)   Pre Evacuate Collection Set: 3.6ms
[2025-12-24T22:57:25.780+0000][gc,phases   ] GC(502)   Merge Heap Roots: 0.7ms
[2025-12-24T22:57:25.780+0000][gc,phases   ] GC(502)   Evacuate Collection Set: 31.3ms
[2025-12-24T22:57:25.780+0000][gc,phases   ] GC(502)   Post Evacuate Collection Set: 2.1ms
[2025-12-24T22:57:25.781+0000][gc,phases   ] GC(502)   Other: 0.4ms
[2025-12-24T22:57:25.781+0000][gc,heap     ] GC(502) Eden regions: 603->0(608)
[2025-12-24T22:57:25.781+0000][gc,heap     ] GC(502) Survivor regions: 11->6(77)
[2025-12-24T22:57:25.781+0000][gc,heap     ] GC(502) Old regions: 123->123
[2025-12-24T22:57:25.781+0000][gc,heap     ] GC(502) Humongous regions: 151->151
[2025-12-24T22:57:25.781+0000][gc,metaspace] GC(502) Metaspace: 15550K(16000K)->15550K(16000K) NonClass: 13919K(14080K)->13919K(14080K) Class: 1631K(1920K)->1631K(1920K)
[2025-12-24T22:57:25.781+0000][gc          ] GC(502) Pause Young (Normal) (G1 Evacuation Pause) 887M->279M(1024M) 39.403ms
[2025-12-24T22:57:25.781+0000][gc,cpu      ] GC(502) User=0.21s Sys=0.01s Real=0.04s
[2025-12-24T23:41:51.945+0000][gc,start    ] GC(503) Pause Young (Normal) (G1 Evacuation Pause)
[2025-12-24T23:41:51.945+0000][gc,task     ] GC(503) Using 8 workers of 8 for evacuation
[2025-12-24T23:41:51.962+0000][gc,phases   ] GC(503)   Pre Evacuate Collection Set: 1.9ms
[2025-12-24T23:41:51.962+0000][gc,phases   ] GC(503)   Merge Heap Roots: 1.3ms
[2025-12-24T23:41:51.962+0000][gc,phases   ] GC(503)   Evacuate Collection Set: 9.7ms
[2025-12-24T23:41:51.962+0000][gc,phases   ] GC(503)   Post Evacuate Collection Set: 2.3ms
[2025-12-24T23:41:51.962+0000][gc,phases   ] GC(503)   Other: 1.1ms
[2025-12-24T23:41:51.962+0000][gc,heap     ] GC(503) Eden regions: 608->0(607)
[2025-12-24T23:41:51.962+0000][gc,heap     ] GC(503) Survivor regions: 6->7(77)
[2025-12-24T23:41:51.962+0000][gc,heap     ] GC(503) Old regions: 123->124
[2025-12-24T23:41:51.962+0000][gc,heap     ] GC(503) Humongous regions: 151->151
[2025-12-24T23:41:51.962+0000][gc,metaspace] GC(503) Metaspace: 15552K(16000K)->15552K(16000K) NonClass: 13920K(14080K)->13920K(14080K) Class: 1631K(1920K)->1631K(1920K)
[2025-12-24T23:41:51.962+0000][gc          ] GC(503) Pause Young (Normal) (G1 Evacuation Pause) 887M->280M(1024M) 17.139ms
[2025-12-24T23:41:51.962+0000][gc,cpu      ] GC(503) User=0.07s Sys=0.00s Real=0.02s
[2025-12-25T00:44:26.858+0000][gc,start    ] GC(504) Pause Young (Normal) (G1 Evacuation Pause)
[2025-12-25T00:44:26.859+0000][gc,task     ] GC(504) Using 8 workers of 8 for evacuation
[2025-12-25T00:44:26.876+0000][gc,phases   ] GC(504)   Pre Evacuate Collection Set: 2.0ms
[2025-12-25T00:44:26.876+0000][gc,phases   ] GC(504)   Merge Heap Roots: 0.9ms
[2025-12-25T00:44:26.876+0000][gc,phases   ] GC(504)   Evacuate Collection Set: 11.9ms
[2025-12-25T00:44:26.876+0000][gc,phases   ] GC(504)   Post Evacuate Collection Set: 1.9ms
[2025-12-25T00:44:26.876+0000][gc,phases   ] GC(504)   Other: 0.5ms
[2025-12-25T00:44:26.876+0000][gc,heap     ] GC(504) Eden regions: 607->0(608)
[2025-12-25T00:44:26.876+0000][gc,heap     ] GC(504) Survivor regions: 7->6(77)
[2025-12-25T00:44:26.876+0000][gc,heap     ] GC(504) Old regions: 124->124
[2025-12-25T00:44:26.876+0000][gc,heap     ] GC(504) Humongous regions: 151->151
[2025-12-25T00:44:26.877+0000][gc,metaspace] GC(504) Metaspace: 15556K(16000K)->15556K(16000K) NonClass: 13924K(14080K)->13924K(14080K) Class: 1631K(1920K)->1631K(1920K)
[2025-12-25T00:44:26.877+0000][gc          ] GC(504) Pause Young (Normal) (G1 Evacuation Pause) 887M->280M(1024M) 18.587ms
[2025-12-25T00:44:26.877+0000][gc,cpu      ] GC(504) User=0.10s Sys=0.00s Real=0.02s
[2025-12-25T01:20:18.720+0000][gc,start    ] GC(505) Pause Young (Normal) (G1 Evacuation Pause)
[2025-12-25T01:20:18.720+0000][gc,task     ] GC(505) Using 8 workers of 8 for evacuation
[2025-12-25T01:20:18.736+0000][gc,phases   ] GC(505)   Pre Evacuate Collection Set: 1.0ms
[2025-12-25T01:20:18.736+0000][gc,phases   ] GC(505)   Merge Heap Roots: 0.3ms
[2025-12-25T01:20:18.736+0000][gc,phases   ] GC(505)   Evacuate Collection Set: 13.4ms
[2025-12-25T01:20:18.736+0000][gc,phases   ] GC(505)   Post Evacuate Collection Set: 1.2ms
[2025-12-25T01:20:18.736+0000][gc,phases   ] GC(505)   Other: 0.3ms
[2025-12-25T01:20:18.736+0000][gc,heap     ] GC(505) Eden regions: 608->0(607)
[2025-12-25T01:20:18.737+0000][gc,heap     ] GC(505) Survivor regions: 6->7(77)
[2025-12-25T01:20:18.737+0000][gc,heap     ] GC(505) Old regions: 124->124
[2025-12-25T01:20:18.737+0000][gc,heap     ] GC(505) Humongous regions: 151->151
[2025-12-25T01:20:18.737+0000][gc,metaspace] GC(505) Metaspace: 15567K(16000K)->15567K(16000K) NonClass: 13935K(14080K)->13935K(14080K) Class: 1631K(1920K)->1631K(1920K)
[2025-12-25T01:20:18.737+0000][gc          ] GC(505) Pause Young (Normal) (G1 Evacuation Pause) 888M->281M(1024M) 17.380ms
[2025-12-25T01:20:18.737+0000][gc,cpu      ] GC(505) User=0.10s Sys=0.00s Real=0.02s
[2025-12-25T01:20:48.949+0000][gc,start    ] GC(506) Pause Young (Normal) (G1 Evacuation Pause)
[2025-12-25T01:20:48.949+0000][gc,task     ] GC(506) Using 8 workers of 8 for evacuation
[2025-12-25T01:20:48.973+0000][gc,phases   ] GC(506)   Pre Evacuate Collection Set: 1.1ms
[2025-12-25T01:20:48.973+0000][gc,phases   ] GC(506)   Merge Heap Roots: 0.2ms
[2025-12-25T01:20:48.973+0000][gc,phases   ] GC(506)   Evacuate Collection Set: 21.7ms
[2025-12-25T01:20:48.974+0000][gc,phases   ] GC(506)   Post Evacuate Collection Set: 1.1ms
[2025-12-25T01:20:48.974+0000][gc,phases   ] GC(506)   Other: 0.3ms
[2025-12-25T01:20:48.974+0000][gc,heap     ] GC(506) Eden regions: 607->0(605)
[2025-12-25T01:20:48.974+0000][gc,heap     ] GC(506) Survivor regions: 7->9(77)
[2025-12-25T01:20:48.974+0000][gc,heap     ] GC(506) Old regions: 124->124
[2025-12-25T01:20:48.974+0000][gc,heap     ] GC(506) Humongous regions: 151->151
[2025-12-25T01:20:48.974+0000][gc,metaspace] GC(506) Metaspace: 15567K(16000K)->15567K(16000K) NonClass: 13935K(14080K)->13935K(14080K) Class: 1631K(1920K)->1631K(1920K)
[2025-12-25T01:20:48.974+0000][gc          ] GC(506) Pause Young (Normal) (G1 Evacuation Pause) 888M->283M(1024M) 25.366ms
[2025-12-25T01:20:48.974+0000][gc,cpu      ] GC(506) User=0.16s Sys=0.01s Real=0.03s
[2025-12-25T01:21:28.632+0000][gc,start    ] GC(507) Pause Young (Normal) (G1 Evacuation Pause)
[2025-12-25T01:21:28.633+0000][gc,task     ] GC(507) Using 8 workers of 8 for evacuation
[2025-12-25T01:21:28.656+0000][gc,phases   ] GC(507)   Pre Evacuate Collection Set: 2.1ms
[2025-12-25T01:21:28.656+0000][gc,phases   ] GC(507)   Merge Heap Roots: 0.2ms
[2025-12-25T01:21:28.657+0000][gc,phases   ] GC(507)   Evacuate Collection Set: 19.7ms
[2025-12-25T01:21:28.657+0000][gc,phases   ] GC(507)   Post Evacuate Collection Set: 1.3ms
[2025-12-25T01:21:28.657+0000][gc,phases   ] GC(507)   Other: 0.3ms
[2025-12-25T01:21:28.657+0000][gc,heap     ] GC(507) Eden regions: 605->0(606)
[2025-12-25T01:21:28.657+0000][gc,heap     ] GC(507) Survivor regions: 9->8(77)
[2025-12-25T01:21:28.657+0000][gc,heap     ] GC(507) Old regions: 124->125
[2025-12-25T01:21:28.657+0000][gc,heap     ] GC(507) Humongous regions: 151->151
[2025-12-25T01:21:28.657+0000][gc,metaspace] GC(507) Metaspace: 15571K(16000K)->15571K(16000K) NonClass: 13940K(14080K)->13940K(14080K) Class: 1631K(1920K)->1631K(1920K)
[2025-12-25T01:21:28.657+0000][gc          ] GC(507) Pause Young (Normal) (G1 Evacuation Pause) 888M->283M(1024M) 24.933ms
[2025-12-25T01:21:28.657+0000][gc,cpu      ] GC(507) User=0.13s Sys=0.02s Real=0.02s
[2025-12-25T01:21:58.856+0000][gc,start    ] GC(508) Pause Young (Normal) (G1 Evacuation Pause)
[2025-12-25T01:21:58.857+0000][gc,task     ] GC(508) Using 8 workers of 8 for evacuation
[2025-12-25T01:21:58.871+0000][gc,phases   ] GC(508)   Pre Evacuate Collection Set: 1.2ms
[2025-12-25T01:21:58.871+0000][gc,phases   ] GC(508)   Merge Heap Roots: 0.3ms
[2025-12-25T01:21:58.871+0000][gc,phases   ] GC(508)   Evacuate Collection Set: 11.2ms
[2025-12-25T01:21:58.871+0000][gc,phases   ] GC(508)   Post Evacuate Collection Set: 1.3ms
[2025-12-25T01:21:58.871+0000][gc,phases   ] GC(508)   Other: 0.3ms
[2025-12-25T01:21:58.871+0000][gc,heap     ] GC(508) Eden regions: 606->0(603)
[2025-12-25T01:21:58.871+0000][gc,heap     ] GC(508) Survivor regions: 8->11(77)
[2025-12-25T01:21:58.871+0000][gc,heap     ] GC(508) Old regions: 125->125
[2025-12-25T01:21:58.872+0000][gc,heap     ] GC(508) Humongous regions: 151->151
[2025-12-25T01:21:58.872+0000][gc,metaspace] GC(508) Metaspace: 15571K(16000K)->15571K(16000K) NonClass: 13940K(14080K)->13940K(14080K) Class: 1631K(1920K)->1631K(1920K)
[2025-12-25T01:21:58.872+0000][gc          ] GC(508) Pause Young (Normal) (G1 Evacuation Pause) 889M->285M(1024M) 15.578ms
[2025-12-25T01:21:58.872+0000][gc,cpu      ] GC(508) User=0.08s Sys=0.00s Real=0.02s
[2025-12-25T01:22:38.499+0000][gc,start    ] GC(509) Pause Young (Normal) (G1 Evacuation Pause)
[2025-12-25T01:22:38.500+0000][gc,task     ] GC(509) Using 8 workers of 8 for evacuation
[2025-12-25T01:22:38.517+0000][gc,phases   ] GC(509)   Pre Evacuate Collection Set: 3.0ms
[2025-12-25T01:22:38.517+0000][gc,phases   ] GC(509)   Merge Heap Roots: 0.6ms
[2025-12-25T01:22:38.517+0000][gc,phases   ] GC(509)   Evacuate Collection Set: 11.1ms
[2025-12-25T01:22:38.517+0000][gc,phases   ] GC(509)   Post Evacuate Collection Set: 1.8ms
[2025-12-25T01:22:38.517+0000][gc,phases   ] GC(509)   Other: 0.3ms
[2025-12-25T01:22:38.517+0000][gc,heap     ] GC(509) Eden regions: 603->0(609)
[2025-12-25T01:22:38.517+0000][gc,heap     ] GC(509) Survivor regions: 11->5(77)
[2025-12-25T01:22:38.517+0000][gc,heap     ] GC(509) Old regions: 125->125
[2025-12-25T01:22:38.517+0000][gc,heap     ] GC(509) Humongous regions: 151->151
[2025-12-25T01:22:38.517+0000][gc,metaspace] GC(509) Metaspace: 15571K(16000K)->15571K(16000K) NonClass: 13940K(14080K)->13940K(14080K) Class: 1631K(1920K)->1631K(1920K)
[2025-12-25T01:22:38.518+0000][gc          ] GC(509) Pause Young (Normal) (G1 Evacuation Pause) 888M->280M(1024M) 18.062ms
[2025-12-25T01:22:38.518+0000][gc,cpu      ] GC(509) User=0.08s Sys=0.00s Real=0.02s
[2025-12-25T01:23:08.765+0000][gc,start    ] GC(510) Pause Young (Normal) (G1 Evacuation Pause)
[2025-12-25T01:23:08.766+0000][gc,task     ] GC(510) Using 8 workers of 8 for evacuation
[2025-12-25T01:23:08.784+0000][gc,phases   ] GC(510)   Pre Evacuate Collection Set: 1.9ms
[2025-12-25T01:23:08.785+0000][gc,phases   ] GC(510)   Merge Heap Roots: 1.0ms
[2025-12-25T01:23:08.785+0000][gc,phases   ] GC(510)   Evacuate Collection Set: 13.1ms
[2025-12-25T01:23:08.785+0000][gc,phases   ] GC(510)   Post Evacuate Collection Set: 1.3ms
[2025-12-25T01:23:08.785+0000][gc,phases   ] GC(510)   Other: 1.0ms
[2025-12-25T01:23:08.785+0000][gc,heap     ] GC(510) Eden regions: 609->0(608)
[2025-12-25T01:23:08.785+0000][gc,heap     ] GC(510) Survivor regions: 5->6(77)
[2025-12-25T01:23:08.785+0000][gc,heap     ] GC(510) Old regions: 125->125
[2025-12-25T01:23:08.785+0000][gc,heap     ] GC(510) Humongous regions: 151->151
[2025-12-25T01:23:08.785+0000][gc,metaspace] GC(510) Metaspace: 15571K(16000K)->15571K(16000K) NonClass: 13940K(14080K)->13940K(14080K) Class: 1631K(1920K)->1631K(1920K)
[2025-12-25T01:23:08.785+0000][gc          ] GC(510) Pause Young (Normal) (G1 Evacuation Pause) 889M->281M(1024M) 19.727ms
[2025-12-25T01:23:08.785+0000][gc,cpu      ] GC(510) User=0.12s Sys=0.01s Real=0.02s
[2025-12-25T01:23:39.057+0000][gc,start    ] GC(511) Pause Young (Normal) (G1 Evacuation Pause)
[2025-12-25T01:23:39.058+0000][gc,task     ] GC(511) Using 8 workers of 8 for evacuation
[2025-12-25T01:23:39.077+0000][gc,phases   ] GC(511)   Pre Evacuate Collection Set: 1.1ms
[2025-12-25T01:23:39.077+0000][gc,phases   ] GC(511)   Merge Heap Roots: 0.3ms
[2025-12-25T01:23:39.077+0000][gc,phases   ] GC(511)   Evacuate Collection Set: 16.3ms
[2025-12-25T01:23:39.077+0000][gc,phases   ] GC(511)   Post Evacuate Collection Set: 1.2ms
[2025-12-25T01:23:39.078+0000][gc,phases   ] GC(511)   Other: 0.3ms
[2025-12-25T01:23:39.078+0000][gc,heap     ] GC(511) Eden regions: 608->0(606)
[2025-12-25T01:23:39.078+0000][gc,heap     ] GC(511) Survivor regions: 6->8(77)
[2025-12-25T01:23:39.078+0000][gc,heap     ] GC(511) Old regions: 125->126
[2025-12-25T01:23:39.078+0000][gc,heap     ] GC(511) Humongous regions: 151->151
[2025-12-25T01:23:39.078+0000][gc,metaspace] GC(511) Metaspace: 15582K(16000K)->15582K(16000K) NonClass: 13951K(14080K)->13951K(14080K) Class: 1631K(1920K)->1631K(1920K)
[2025-12-25T01:23:39.078+0000][gc          ] GC(511) Pause Young (Normal) (G1 Evacuation Pause) 889M->283M(1024M) 21.231ms
[2025-12-25T01:23:39.078+0000][gc,cpu      ] GC(511) User=0.13s Sys=0.00s Real=0.02s
[2025-12-25T01:24:18.659+0000][gc,start    ] GC(512) Pause Young (Normal) (G1 Evacuation Pause)
[2025-12-25T01:24:18.660+0000][gc,task     ] GC(512) Using 8 workers of 8 for evacuation
[2025-12-25T01:24:18.673+0000][gc,phases   ] GC(512)   Pre Evacuate Collection Set: 1.0ms
[2025-12-25T01:24:18.674+0000][gc,phases   ] GC(512)   Merge Heap Roots: 0.3ms
[2025-12-25T01:24:18.674+0000][gc,phases   ] GC(512)   Evacuate Collection Set: 10.9ms
[2025-12-25T01:24:18.674+0000][gc,phases   ] GC(512)   Post Evacuate Collection Set: 1.2ms
[2025-12-25T01:24:18.674+0000][gc,phases   ] GC(512)   Other: 0.3ms
[2025-12-25T01:24:18.674+0000][gc,heap     ] GC(512) Eden regions: 606->0(606)
[2025-12-25T01:24:18.674+0000][gc,heap     ] GC(512) Survivor regions: 8->8(77)
[2025-12-25T01:24:18.674+0000][gc,heap     ] GC(512) Old regions: 126->126
[2025-12-25T01:24:18.674+0000][gc,heap     ] GC(512) Humongous regions: 151->151
[2025-12-25T01:24:18.674+0000][gc,metaspace] GC(512) Metaspace: 15582K(16000K)->15582K(16000K) NonClass: 13951K(14080K)->13951K(14080K) Class: 1631K(1920K)->1631K(1920K)
[2025-12-25T01:24:18.674+0000][gc          ] GC(512) Pause Young (Normal) (G1 Evacuation Pause) 889M->283M(1024M) 15.377ms
[2025-12-25T01:24:18.674+0000][gc,cpu      ] GC(512) User=0.09s Sys=0.00s Real=0.02s
[2025-12-25T01:24:48.897+0000][gc,start    ] GC(513) Pause Young (Normal) (G1 Evacuation Pause)
[2025-12-25T01:24:48.898+0000][gc,task     ] GC(513) Using 8 workers of 8 for evacuation
[2025-12-25T01:24:48.908+0000][gc,phases   ] GC(513)   Pre Evacuate Collection Set: 1.0ms
[2025-12-25T01:24:48.908+0000][gc,phases   ] GC(513)   Merge Heap Roots: 0.3ms
[2025-12-25T01:24:48.908+0000][gc,phases   ] GC(513)   Evacuate Collection Set: 7.7ms
[2025-12-25T01:24:48.908+0000][gc,phases   ] GC(513)   Post Evacuate Collection Set: 1.0ms
[2025-12-25T01:24:48.908+0000][gc,phases   ] GC(513)   Other: 0.3ms
[2025-12-25T01:24:48.908+0000][gc,heap     ] GC(513) Eden regions: 606->0(605)
[2025-12-25T01:24:48.908+0000][gc,heap     ] GC(513) Survivor regions: 8->9(77)
[2025-12-25T01:24:48.908+0000][gc,heap     ] GC(513) Old regions: 126->126
[2025-12-25T01:24:48.908+0000][gc,heap     ] GC(513) Humongous regions: 151->151
[2025-12-25T01:24:48.908+0000][gc,metaspace] GC(513) Metaspace: 15582K(16000K)->15582K(16000K) NonClass: 13951K(14080K)->13951K(14080K) Class: 1631K(1920K)->1631K(1920K)
[2025-12-25T01:24:48.908+0000][gc          ] GC(513) Pause Young (Normal) (G1 Evacuation Pause) 889M->285M(1024M) 11.217ms
[2025-12-25T01:24:48.909+0000][gc,cpu      ] GC(513) User=0.06s Sys=0.01s Real=0.01s
[2025-12-25T01:25:28.580+0000][gc,start    ] GC(514) Pause Young (Normal) (G1 Evacuation Pause)
[2025-12-25T01:25:28.581+0000][gc,task     ] GC(514) Using 8 workers of 8 for evacuation
[2025-12-25T01:25:28.600+0000][gc,phases   ] GC(514)   Pre Evacuate Collection Set: 1.0ms
[2025-12-25T01:25:28.600+0000][gc,phases   ] GC(514)   Merge Heap Roots: 0.2ms
[2025-12-25T01:25:28.600+0000][gc,phases   ] GC(514)   Evacuate Collection Set: 15.9ms
[2025-12-25T01:25:28.600+0000][gc,phases   ] GC(514)   Post Evacuate Collection Set: 1.9ms
[2025-12-25T01:25:28.600+0000][gc,phases   ] GC(514)   Other: 0.2ms
[2025-12-25T01:25:28.600+0000][gc,heap     ] GC(514) Eden regions: 605->0(606)
[2025-12-25T01:25:28.600+0000][gc,heap     ] GC(514) Survivor regions: 9->8(77)
[2025-12-25T01:25:28.601+0000][gc,heap     ] GC(514) Old regions: 126->126
[2025-12-25T01:25:28.601+0000][gc,heap     ] GC(514) Humongous regions: 151->151
[2025-12-25T01:25:28.601+0000][gc,metaspace] GC(514) Metaspace: 15582K(16000K)->15582K(16000K) NonClass: 13951K(14080K)->13951K(14080K) Class: 1631K(1920K)->1631K(1920K)
[2025-12-25T01:25:28.601+0000][gc          ] GC(514) Pause Young (Normal) (G1 Evacuation Pause) 890M->284M(1024M) 21.141ms
[2025-12-25T01:25:28.601+0000][gc,cpu      ] GC(514) User=0.13s Sys=0.01s Real=0.02s
[2025-12-25T01:25:58.826+0000][gc,start    ] GC(515) Pause Young (Normal) (G1 Evacuation Pause)
[2025-12-25T01:25:58.827+0000][gc,task     ] GC(515) Using 8 workers of 8 for evacuation
[2025-12-25T01:25:58.849+0000][gc,phases   ] GC(515)   Pre Evacuate Collection Set: 1.1ms
[2025-12-25T01:25:58.850+0000][gc,phases   ] GC(515)   Merge Heap Roots: 0.3ms
[2025-12-25T01:25:58.850+0000][gc,phases   ] GC(515)   Evacuate Collection Set: 16.6ms
[2025-12-25T01:25:58.850+0000][gc,phases   ] GC(515)   Post Evacuate Collection Set: 3.5ms
[2025-12-25T01:25:58.850+0000][gc,phases   ] GC(515)   Other: 0.4ms
[2025-12-25T01:25:58.850+0000][gc,heap     ] GC(515) Eden regions: 606->0(604)
[2025-12-25T01:25:58.850+0000][gc,heap     ] GC(515) Survivor regions: 8->10(77)
[2025-12-25T01:25:58.850+0000][gc,heap     ] GC(515) Old regions: 126->127
[2025-12-25T01:25:58.850+0000][gc,heap     ] GC(515) Humongous regions: 151->151
[2025-12-25T01:25:58.851+0000][gc,metaspace] GC(515) Metaspace: 15582K(16000K)->15582K(16000K) NonClass: 13951K(14080K)->13951K(14080K) Class: 1631K(1920K)->1631K(1920K)
[2025-12-25T01:25:58.851+0000][gc          ] GC(515) Pause Young (Normal) (G1 Evacuation Pause) 890M->286M(1024M) 24.487ms
[2025-12-25T01:25:58.851+0000][gc,cpu      ] GC(515) User=0.14s Sys=0.01s Real=0.02s
[2025-12-25T01:26:38.458+0000][gc,start    ] GC(516) Pause Young (Normal) (G1 Evacuation Pause)
[2025-12-25T01:26:38.458+0000][gc,task     ] GC(516) Using 8 workers of 8 for evacuation
[2025-12-25T01:26:38.477+0000][gc,phases   ] GC(516)   Pre Evacuate Collection Set: 1.1ms
[2025-12-25T01:26:38.477+0000][gc,phases   ] GC(516)   Merge Heap Roots: 0.3ms
[2025-12-25T01:26:38.477+0000][gc,phases   ] GC(516)   Evacuate Collection Set: 16.3ms
[2025-12-25T01:26:38.477+0000][gc,phases   ] GC(516)   Post Evacuate Collection Set: 1.2ms
[2025-12-25T01:26:38.478+0000][gc,phases   ] GC(516)   Other: 0.3ms
[2025-12-25T01:26:38.478+0000][gc,heap     ] GC(516) Eden regions: 604->0(609)
[2025-12-25T01:26:38.478+0000][gc,heap     ] GC(516) Survivor regions: 10->5(77)
[2025-12-25T01:26:38.478+0000][gc,heap     ] GC(516) Old regions: 127->127
[2025-12-25T01:26:38.478+0000][gc,heap     ] GC(516) Humongous regions: 151->151
[2025-12-25T01:26:38.478+0000][gc,metaspace] GC(516) Metaspace: 15585K(16000K)->15585K(16000K) NonClass: 13953K(14080K)->13953K(14080K) Class: 1631K(1920K)->1631K(1920K)
[2025-12-25T01:26:38.478+0000][gc          ] GC(516) Pause Young (Normal) (G1 Evacuation Pause) 890M->281M(1024M) 20.511ms
[2025-12-25T01:26:38.478+0000][gc,cpu      ] GC(516) User=0.13s Sys=0.00s Real=0.02s
[2025-12-25T01:27:08.703+0000][gc,start    ] GC(517) Pause Young (Normal) (G1 Evacuation Pause)
[2025-12-25T01:27:08.704+0000][gc,task     ] GC(517) Using 8 workers of 8 for evacuation
[2025-12-25T01:27:08.717+0000][gc,phases   ] GC(517)   Pre Evacuate Collection Set: 1.0ms
[2025-12-25T01:27:08.717+0000][gc,phases   ] GC(517)   Merge Heap Roots: 0.3ms
[2025-12-25T01:27:08.717+0000][gc,phases   ] GC(517)   Evacuate Collection Set: 10.7ms
[2025-12-25T01:27:08.717+0000][gc,phases   ] GC(517)   Post Evacuate Collection Set: 1.0ms
[2025-12-25T01:27:08.717+0000][gc,phases   ] GC(517)   Other: 0.3ms
[2025-12-25T01:27:08.717+0000][gc,heap     ] GC(517) Eden regions: 609->0(608)
[2025-12-25T01:27:08.717+0000][gc,heap     ] GC(517) Survivor regions: 5->6(77)
[2025-12-25T01:27:08.717+0000][gc,heap     ] GC(517) Old regions: 127->127
[2025-12-25T01:27:08.717+0000][gc,heap     ] GC(517) Humongous regions: 151->151
[2025-12-25T01:27:08.717+0000][gc,metaspace] GC(517) Metaspace: 15585K(16000K)->15585K(16000K) NonClass: 13953K(14080K)->13953K(14080K) Class: 1631K(1920K)->1631K(1920K)
[2025-12-25T01:27:08.718+0000][gc          ] GC(517) Pause Young (Normal) (G1 Evacuation Pause) 890M->283M(1024M) 14.608ms
[2025-12-25T01:27:08.718+0000][gc,cpu      ] GC(517) User=0.09s Sys=0.00s Real=0.01s
[2025-12-25T01:27:38.968+0000][gc,start    ] GC(518) Pause Young (Normal) (G1 Evacuation Pause)
[2025-12-25T01:27:38.969+0000][gc,task     ] GC(518) Using 8 workers of 8 for evacuation
[2025-12-25T01:27:38.982+0000][gc,phases   ] GC(518)   Pre Evacuate Collection Set: 1.1ms
[2025-12-25T01:27:38.982+0000][gc,phases   ] GC(518)   Merge Heap Roots: 0.2ms
[2025-12-25T01:27:38.982+0000][gc,phases   ] GC(518)   Evacuate Collection Set: 10.9ms
[2025-12-25T01:27:38.982+0000][gc,phases   ] GC(518)   Post Evacuate Collection Set: 1.1ms
[2025-12-25T01:27:38.982+0000][gc,phases   ] GC(518)   Other: 0.3ms
[2025-12-25T01:27:38.983+0000][gc,heap     ] GC(518) Eden regions: 608->0(606)
[2025-12-25T01:27:38.983+0000][gc,heap     ] GC(518) Survivor regions: 6->8(77)
[2025-12-25T01:27:38.983+0000][gc,heap     ] GC(518) Old regions: 127->127
[2025-12-25T01:27:38.983+0000][gc,heap     ] GC(518) Humongous regions: 151->151
[2025-12-25T01:27:38.983+0000][gc,metaspace] GC(518) Metaspace: 15585K(16000K)->15585K(16000K) NonClass: 13953K(14080K)->13953K(14080K) Class: 1631K(1920K)->1631K(1920K)
[2025-12-25T01:27:38.983+0000][gc          ] GC(518) Pause Young (Normal) (G1 Evacuation Pause) 891M->284M(1024M) 14.916ms
[2025-12-25T01:27:38.983+0000][gc,cpu      ] GC(518) User=0.09s Sys=0.00s Real=0.02s
[2025-12-25T01:28:18.618+0000][gc,start    ] GC(519) Pause Young (Normal) (G1 Evacuation Pause)
[2025-12-25T01:28:18.619+0000][gc,task     ] GC(519) Using 8 workers of 8 for evacuation
[2025-12-25T01:28:18.640+0000][gc,phases   ] GC(519)   Pre Evacuate Collection Set: 2.2ms
[2025-12-25T01:28:18.640+0000][gc,phases   ] GC(519)   Merge Heap Roots: 1.8ms
[2025-12-25T01:28:18.640+0000][gc,phases   ] GC(519)   Evacuate Collection Set: 14.0ms
[2025-12-25T01:28:18.640+0000][gc,phases   ] GC(519)   Post Evacuate Collection Set: 2.0ms
[2025-12-25T01:28:18.640+0000][gc,phases   ] GC(519)   Other: 1.0ms
[2025-12-25T01:28:18.640+0000][gc,heap     ] GC(519) Eden regions: 606->0(607)
[2025-12-25T01:28:18.641+0000][gc,heap     ] GC(519) Survivor regions: 8->7(77)
[2025-12-25T01:28:18.641+0000][gc,heap     ] GC(519) Old regions: 127->127
[2025-12-25T01:28:18.641+0000][gc,heap     ] GC(519) Humongous regions: 151->151
[2025-12-25T01:28:18.641+0000][gc,metaspace] GC(519) Metaspace: 15585K(16000K)->15585K(16000K) NonClass: 13953K(14080K)->13953K(14080K) Class: 1631K(1920K)->1631K(1920K)
[2025-12-25T01:28:18.641+0000][gc          ] GC(519) Pause Young (Normal) (G1 Evacuation Pause) 890M->284M(1024M) 22.637ms
[2025-12-25T01:28:18.641+0000][gc,cpu      ] GC(519) User=0.12s Sys=0.00s Real=0.02s
[2025-12-25T01:28:48.846+0000][gc,start    ] GC(520) Pause Young (Normal) (G1 Evacuation Pause)
[2025-12-25T01:28:48.847+0000][gc,task     ] GC(520) Using 8 workers of 8 for evacuation
[2025-12-25T01:28:48.860+0000][gc,phases   ] GC(520)   Pre Evacuate Collection Set: 1.1ms
[2025-12-25T01:28:48.860+0000][gc,phases   ] GC(520)   Merge Heap Roots: 0.3ms
[2025-12-25T01:28:48.861+0000][gc,phases   ] GC(520)   Evacuate Collection Set: 10.7ms
[2025-12-25T01:28:48.861+0000][gc,phases   ] GC(520)   Post Evacuate Collection Set: 1.2ms
[2025-12-25T01:28:48.861+0000][gc,phases   ] GC(520)   Other: 0.2ms
[2025-12-25T01:28:48.861+0000][gc,heap     ] GC(520) Eden regions: 607->0(605)
[2025-12-25T01:28:48.861+0000][gc,heap     ] GC(520) Survivor regions: 7->9(77)
[2025-12-25T01:28:48.861+0000][gc,heap     ] GC(520) Old regions: 127->128
[2025-12-25T01:28:48.861+0000][gc,heap     ] GC(520) Humongous regions: 151->151
[2025-12-25T01:28:48.861+0000][gc,metaspace] GC(520) Metaspace: 15585K(16000K)->15585K(16000K) NonClass: 13953K(14080K)->13953K(14080K) Class: 1631K(1920K)->1631K(1920K)
[2025-12-25T01:28:48.861+0000][gc          ] GC(520) Pause Young (Normal) (G1 Evacuation Pause) 891M->286M(1024M) 14.696ms
[2025-12-25T01:28:48.861+0000][gc,cpu      ] GC(520) User=0.09s Sys=0.00s Real=0.01s
[2025-12-25T01:29:28.547+0000][gc,start    ] GC(521) Pause Young (Normal) (G1 Evacuation Pause)
[2025-12-25T01:29:28.548+0000][gc,task     ] GC(521) Using 8 workers of 8 for evacuation
[2025-12-25T01:29:28.568+0000][gc,phases   ] GC(521)   Pre Evacuate Collection Set: 1.1ms
[2025-12-25T01:29:28.568+0000][gc,phases   ] GC(521)   Merge Heap Roots: 0.2ms
[2025-12-25T01:29:28.568+0000][gc,phases   ] GC(521)   Evacuate Collection Set: 16.8ms
[2025-12-25T01:29:28.569+0000][gc,phases   ] GC(521)   Post Evacuate Collection Set: 1.7ms
[2025-12-25T01:29:28.569+0000][gc,phases   ] GC(521)   Other: 0.3ms
[2025-12-25T01:29:28.569+0000][gc,heap     ] GC(521) Eden regions: 605->0(606)
[2025-12-25T01:29:28.569+0000][gc,heap     ] GC(521) Survivor regions: 9->8(77)
[2025-12-25T01:29:28.569+0000][gc,heap     ] GC(521) Old regions: 128->128
[2025-12-25T01:29:28.569+0000][gc,heap     ] GC(521) Humongous regions: 151->151
[2025-12-25T01:29:28.569+0000][gc,metaspace] GC(521) Metaspace: 15585K(16000K)->15585K(16000K) NonClass: 13953K(14080K)->13953K(14080K) Class: 1631K(1920K)->1631K(1920K)
[2025-12-25T01:29:28.569+0000][gc          ] GC(521) Pause Young (Normal) (G1 Evacuation Pause) 891M->285M(1024M) 21.576ms
[2025-12-25T01:29:28.569+0000][gc,cpu      ] GC(521) User=0.13s Sys=0.00s Real=0.02s
[2025-12-25T01:29:58.779+0000][gc,start    ] GC(522) Pause Young (Normal) (G1 Evacuation Pause)
[2025-12-25T01:29:58.780+0000][gc,task     ] GC(522) Using 8 workers of 8 for evacuation
[2025-12-25T01:29:58.797+0000][gc,phases   ] GC(522)   Pre Evacuate Collection Set: 2.1ms
[2025-12-25T01:29:58.797+0000][gc,phases   ] GC(522)   Merge Heap Roots: 0.5ms
[2025-12-25T01:29:58.797+0000][gc,phases   ] GC(522)   Evacuate Collection Set: 11.3ms
[2025-12-25T01:29:58.797+0000][gc,phases   ] GC(522)   Post Evacuate Collection Set: 2.6ms
[2025-12-25T01:29:58.797+0000][gc,phases   ] GC(522)   Other: 0.4ms
[2025-12-25T01:29:58.797+0000][gc,heap     ] GC(522) Eden regions: 606->0(604)
[2025-12-25T01:29:58.798+0000][gc,heap     ] GC(522) Survivor regions: 8->10(77)
[2025-12-25T01:29:58.798+0000][gc,heap     ] GC(522) Old regions: 128->128
[2025-12-25T01:29:58.798+0000][gc,heap     ] GC(522) Humongous regions: 151->151
[2025-12-25T01:29:58.798+0000][gc,metaspace] GC(522) Metaspace: 15586K(16000K)->15586K(16000K) NonClass: 13954K(14080K)->13954K(14080K) Class: 1631K(1920K)->1631K(1920K)
[2025-12-25T01:29:58.798+0000][gc          ] GC(522) Pause Young (Normal) (G1 Evacuation Pause) 891M->287M(1024M) 19.340ms
[2025-12-25T01:29:58.798+0000][gc,cpu      ] GC(522) User=0.10s Sys=0.00s Real=0.02s
[2025-12-25T01:30:37.652+0000][gc,start    ] GC(523) Pause Young (Normal) (G1 Evacuation Pause)
[2025-12-25T01:30:37.653+0000][gc,task     ] GC(523) Using 8 workers of 8 for evacuation
[2025-12-25T01:30:37.693+0000][gc,phases   ] GC(523)   Pre Evacuate Collection Set: 3.4ms
[2025-12-25T01:30:37.693+0000][gc,phases   ] GC(523)   Merge Heap Roots: 0.6ms
[2025-12-25T01:30:37.693+0000][gc,phases   ] GC(523)   Evacuate Collection Set: 32.5ms
[2025-12-25T01:30:37.693+0000][gc,phases   ] GC(523)   Post Evacuate Collection Set: 2.2ms
[2025-12-25T01:30:37.693+0000][gc,phases   ] GC(523)   Other: 1.0ms
[2025-12-25T01:30:37.693+0000][gc,heap     ] GC(523) Eden regions: 604->0(605)
[2025-12-25T01:30:37.694+0000][gc,heap     ] GC(523) Survivor regions: 10->9(77)
[2025-12-25T01:30:37.694+0000][gc,heap     ] GC(523) Old regions: 128->128
[2025-12-25T01:30:37.694+0000][gc,heap     ] GC(523) Humongous regions: 151->151
[2025-12-25T01:30:37.694+0000][gc,metaspace] GC(523) Metaspace: 15586K(16000K)->15586K(16000K) NonClass: 13954K(14080K)->13954K(14080K) Class: 1631K(1920K)->1631K(1920K)
[2025-12-25T01:30:37.694+0000][gc          ] GC(523) Pause Young (Normal) (G1 Evacuation Pause) 891M->287M(1024M) 42.661ms
[2025-12-25T01:30:37.695+0000][gc,cpu      ] GC(523) User=0.27s Sys=0.00s Real=0.04s
[2025-12-25T01:31:08.786+0000][gc,start    ] GC(524) Pause Young (Normal) (G1 Evacuation Pause)
[2025-12-25T01:31:08.786+0000][gc,task     ] GC(524) Using 8 workers of 8 for evacuation
[2025-12-25T01:31:08.814+0000][gc,phases   ] GC(524)   Pre Evacuate Collection Set: 4.5ms
[2025-12-25T01:31:08.814+0000][gc,phases   ] GC(524)   Merge Heap Roots: 0.6ms
[2025-12-25T01:31:08.814+0000][gc,phases   ] GC(524)   Evacuate Collection Set: 21.0ms
[2025-12-25T01:31:08.814+0000][gc,phases   ] GC(524)   Post Evacuate Collection Set: 1.1ms
[2025-12-25T01:31:08.814+0000][gc,phases   ] GC(524)   Other: 0.2ms
[2025-12-25T01:31:08.814+0000][gc,heap     ] GC(524) Eden regions: 605->0(608)
[2025-12-25T01:31:08.814+0000][gc,heap     ] GC(524) Survivor regions: 9->6(77)
[2025-12-25T01:31:08.814+0000][gc,heap     ] GC(524) Old regions: 128->129
[2025-12-25T01:31:08.814+0000][gc,heap     ] GC(524) Humongous regions: 151->151
[2025-12-25T01:31:08.814+0000][gc,metaspace] GC(524) Metaspace: 15588K(16000K)->15588K(16000K) NonClass: 13956K(14080K)->13956K(14080K) Class: 1631K(1920K)->1631K(1920K)
[2025-12-25T01:31:08.814+0000][gc          ] GC(524) Pause Young (Normal) (G1 Evacuation Pause) 892M->284M(1024M) 28.324ms
[2025-12-25T01:31:08.814+0000][gc,cpu      ] GC(524) User=0.14s Sys=0.06s Real=0.02s
[2025-12-25T01:31:38.956+0000][gc,start    ] GC(525) Pause Young (Normal) (G1 Evacuation Pause)
[2025-12-25T01:31:38.956+0000][gc,task     ] GC(525) Using 8 workers of 8 for evacuation
[2025-12-25T01:31:38.979+0000][gc,phases   ] GC(525)   Pre Evacuate Collection Set: 1.4ms
[2025-12-25T01:31:38.979+0000][gc,phases   ] GC(525)   Merge Heap Roots: 0.2ms
[2025-12-25T01:31:38.979+0000][gc,phases   ] GC(525)   Evacuate Collection Set: 19.5ms
[2025-12-25T01:31:38.979+0000][gc,phases   ] GC(525)   Post Evacuate Collection Set: 1.8ms
[2025-12-25T01:31:38.980+0000][gc,phases   ] GC(525)   Other: 0.3ms
[2025-12-25T01:31:38.980+0000][gc,heap     ] GC(525) Eden regions: 608->0(607)
[2025-12-25T01:31:38.980+0000][gc,heap     ] GC(525) Survivor regions: 6->7(77)
[2025-12-25T01:31:38.980+0000][gc,heap     ] GC(525) Old regions: 129->129
[2025-12-25T01:31:38.980+0000][gc,heap     ] GC(525) Humongous regions: 151->151
[2025-12-25T01:31:38.980+0000][gc,metaspace] GC(525) Metaspace: 15588K(16000K)->15588K(16000K) NonClass: 13956K(14080K)->13956K(14080K) Class: 1631K(1920K)->1631K(1920K)
[2025-12-25T01:31:38.980+0000][gc          ] GC(525) Pause Young (Normal) (G1 Evacuation Pause) 892M->286M(1024M) 24.560ms
[2025-12-25T01:31:38.980+0000][gc,cpu      ] GC(525) User=0.16s Sys=0.00s Real=0.02s
[2025-12-25T01:32:18.603+0000][gc,start    ] GC(526) Pause Young (Normal) (G1 Evacuation Pause)
[2025-12-25T01:32:18.604+0000][gc,task     ] GC(526) Using 8 workers of 8 for evacuation
[2025-12-25T01:32:18.621+0000][gc,phases   ] GC(526)   Pre Evacuate Collection Set: 3.1ms
[2025-12-25T01:32:18.621+0000][gc,phases   ] GC(526)   Merge Heap Roots: 0.6ms
[2025-12-25T01:32:18.621+0000][gc,phases   ] GC(526)   Evacuate Collection Set: 11.8ms
[2025-12-25T01:32:18.621+0000][gc,phases   ] GC(526)   Post Evacuate Collection Set: 1.2ms
[2025-12-25T01:32:18.621+0000][gc,phases   ] GC(526)   Other: 0.2ms
[2025-12-25T01:32:18.621+0000][gc,heap     ] GC(526) Eden regions: 607->0(607)
[2025-12-25T01:32:18.621+0000][gc,heap     ] GC(526) Survivor regions: 7->7(77)
[2025-12-25T01:32:18.621+0000][gc,heap     ] GC(526) Old regions: 129->129
[2025-12-25T01:32:18.621+0000][gc,heap     ] GC(526) Humongous regions: 151->151
[2025-12-25T01:32:18.621+0000][gc,metaspace] GC(526) Metaspace: 15588K(16000K)->15588K(16000K) NonClass: 13956K(14080K)->13956K(14080K) Class: 1631K(1920K)->1631K(1920K)
[2025-12-25T01:32:18.622+0000][gc          ] GC(526) Pause Young (Normal) (G1 Evacuation Pause) 893M->285M(1024M) 18.502ms
[2025-12-25T01:32:18.622+0000][gc,cpu      ] GC(526) User=0.11s Sys=0.02s Real=0.01s
[2025-12-25T01:32:48.793+0000][gc,start    ] GC(527) Pause Young (Normal) (G1 Evacuation Pause)
[2025-12-25T01:32:48.794+0000][gc,task     ] GC(527) Using 8 workers of 8 for evacuation
[2025-12-25T01:32:48.804+0000][gc,phases   ] GC(527)   Pre Evacuate Collection Set: 1.0ms
[2025-12-25T01:32:48.804+0000][gc,phases   ] GC(527)   Merge Heap Roots: 0.2ms
[2025-12-25T01:32:48.804+0000][gc,phases   ] GC(527)   Evacuate Collection Set: 7.0ms
[2025-12-25T01:32:48.804+0000][gc,phases   ] GC(527)   Post Evacuate Collection Set: 1.6ms
[2025-12-25T01:32:48.804+0000][gc,phases   ] GC(527)   Other: 0.2ms
[2025-12-25T01:32:48.805+0000][gc,heap     ] GC(527) Eden regions: 607->0(606)
[2025-12-25T01:32:48.805+0000][gc,heap     ] GC(527) Survivor regions: 7->8(77)
[2025-12-25T01:32:48.805+0000][gc,heap     ] GC(527) Old regions: 129->129
[2025-12-25T01:32:48.805+0000][gc,heap     ] GC(527) Humongous regions: 151->151
[2025-12-25T01:32:48.805+0000][gc,metaspace] GC(527) Metaspace: 15588K(16000K)->15588K(16000K) NonClass: 13956K(14080K)->13956K(14080K) Class: 1631K(1920K)->1631K(1920K)
[2025-12-25T01:32:48.805+0000][gc          ] GC(527) Pause Young (Normal) (G1 Evacuation Pause) 892M->287M(1024M) 11.643ms
[2025-12-25T01:32:48.805+0000][gc,cpu      ] GC(527) User=0.06s Sys=0.01s Real=0.01s
[2025-12-25T01:33:28.492+0000][gc,start    ] GC(528) Pause Young (Normal) (G1 Evacuation Pause)
[2025-12-25T01:33:28.493+0000][gc,task     ] GC(528) Using 8 workers of 8 for evacuation
[2025-12-25T01:33:28.514+0000][gc,phases   ] GC(528)   Pre Evacuate Collection Set: 2.6ms
[2025-12-25T01:33:28.514+0000][gc,phases   ] GC(528)   Merge Heap Roots: 0.9ms
[2025-12-25T01:33:28.514+0000][gc,phases   ] GC(528)   Evacuate Collection Set: 15.5ms
[2025-12-25T01:33:28.514+0000][gc,phases   ] GC(528)   Post Evacuate Collection Set: 1.3ms
[2025-12-25T01:33:28.514+0000][gc,phases   ] GC(528)   Other: 0.2ms
[2025-12-25T01:33:28.514+0000][gc,heap     ] GC(528) Eden regions: 606->0(606)
[2025-12-25T01:33:28.514+0000][gc,heap     ] GC(528) Survivor regions: 8->8(77)
[2025-12-25T01:33:28.514+0000][gc,heap     ] GC(528) Old regions: 129->130
[2025-12-25T01:33:28.514+0000][gc,heap     ] GC(528) Humongous regions: 151->151
[2025-12-25T01:33:28.514+0000][gc,metaspace] GC(528) Metaspace: 15588K(16000K)->15588K(16000K) NonClass: 13956K(14080K)->13956K(14080K) Class: 1631K(1920K)->1631K(1920K)
[2025-12-25T01:33:28.514+0000][gc          ] GC(528) Pause Young (Normal) (G1 Evacuation Pause) 893M->287M(1024M) 21.679ms
[2025-12-25T01:33:28.514+0000][gc,cpu      ] GC(528) User=0.14s Sys=0.00s Real=0.02s
[2025-12-25T01:33:58.704+0000][gc,start    ] GC(529) Pause Young (Normal) (G1 Evacuation Pause)
[2025-12-25T01:33:58.705+0000][gc,task     ] GC(529) Using 8 workers of 8 for evacuation
[2025-12-25T01:33:58.727+0000][gc,phases   ] GC(529)   Pre Evacuate Collection Set: 3.2ms
[2025-12-25T01:33:58.727+0000][gc,phases   ] GC(529)   Merge Heap Roots: 1.4ms
[2025-12-25T01:33:58.727+0000][gc,phases   ] GC(529)   Evacuate Collection Set: 16.1ms
[2025-12-25T01:33:58.727+0000][gc,phases   ] GC(529)   Post Evacuate Collection Set: 1.0ms
[2025-12-25T01:33:58.727+0000][gc,phases   ] GC(529)   Other: 0.3ms
[2025-12-25T01:33:58.727+0000][gc,heap     ] GC(529) Eden regions: 606->0(603)
[2025-12-25T01:33:58.728+0000][gc,heap     ] GC(529) Survivor regions: 8->11(77)
[2025-12-25T01:33:58.728+0000][gc,heap     ] GC(529) Old regions: 130->130
[2025-12-25T01:33:58.728+0000][gc,heap     ] GC(529) Humongous regions: 151->151
[2025-12-25T01:33:58.728+0000][gc,metaspace] GC(529) Metaspace: 15603K(16000K)->15603K(16000K) NonClass: 13972K(14080K)->13972K(14080K) Class: 1631K(1920K)->1631K(1920K)
[2025-12-25T01:33:58.728+0000][gc          ] GC(529) Pause Young (Normal) (G1 Evacuation Pause) 893M->291M(1024M) 23.735ms
[2025-12-25T01:33:58.728+0000][gc,cpu      ] GC(529) User=0.15s Sys=0.00s Real=0.03s
[2025-12-25T01:34:28.965+0000][gc,start    ] GC(530) Pause Young (Normal) (G1 Evacuation Pause)
[2025-12-25T01:34:28.966+0000][gc,task     ] GC(530) Using 8 workers of 8 for evacuation
[2025-12-25T01:34:28.988+0000][gc,phases   ] GC(530)   Pre Evacuate Collection Set: 1.1ms
[2025-12-25T01:34:28.988+0000][gc,phases   ] GC(530)   Merge Heap Roots: 0.3ms
[2025-12-25T01:34:28.988+0000][gc,phases   ] GC(530)   Evacuate Collection Set: 19.6ms
[2025-12-25T01:34:28.988+0000][gc,phases   ] GC(530)   Post Evacuate Collection Set: 1.1ms
[2025-12-25T01:34:28.988+0000][gc,phases   ] GC(530)   Other: 0.2ms
[2025-12-25T01:34:28.988+0000][gc,heap     ] GC(530) Eden regions: 603->0(602)
[2025-12-25T01:34:28.988+0000][gc,heap     ] GC(530) Survivor regions: 11->12(77)
[2025-12-25T01:34:28.988+0000][gc,heap     ] GC(530) Old regions: 130->130
[2025-12-25T01:34:28.989+0000][gc,heap     ] GC(530) Humongous regions: 151->151
[2025-12-25T01:34:28.989+0000][gc,metaspace] GC(530) Metaspace: 15607K(16000K)->15607K(16000K) NonClass: 13973K(14080K)->13973K(14080K) Class: 1634K(1920K)->1634K(1920K)
[2025-12-25T01:34:28.989+0000][gc          ] GC(530) Pause Young (Normal) (G1 Evacuation Pause) 894M->291M(1024M) 23.452ms
[2025-12-25T01:34:28.989+0000][gc,cpu      ] GC(530) User=0.15s Sys=0.00s Real=0.02s
[2025-12-25T01:35:08.605+0000][gc,start    ] GC(531) Pause Young (Normal) (G1 Evacuation Pause)
[2025-12-25T01:35:08.606+0000][gc,task     ] GC(531) Using 8 workers of 8 for evacuation
[2025-12-25T01:35:08.630+0000][gc,phases   ] GC(531)   Pre Evacuate Collection Set: 3.9ms
[2025-12-25T01:35:08.631+0000][gc,phases   ] GC(531)   Merge Heap Roots: 0.6ms
[2025-12-25T01:35:08.631+0000][gc,phases   ] GC(531)   Evacuate Collection Set: 17.8ms
[2025-12-25T01:35:08.631+0000][gc,phases   ] GC(531)   Post Evacuate Collection Set: 1.4ms
[2025-12-25T01:35:08.631+0000][gc,phases   ] GC(531)   Other: 0.5ms
[2025-12-25T01:35:08.631+0000][gc,heap     ] GC(531) Eden regions: 602->0(607)
[2025-12-25T01:35:08.631+0000][gc,heap     ] GC(531) Survivor regions: 12->7(77)
[2025-12-25T01:35:08.631+0000][gc,heap     ] GC(531) Old regions: 130->130
[2025-12-25T01:35:08.631+0000][gc,heap     ] GC(531) Humongous regions: 151->151
[2025-12-25T01:35:08.631+0000][gc,metaspace] GC(531) Metaspace: 15607K(16000K)->15607K(16000K) NonClass: 13973K(14080K)->13973K(14080K) Class: 1634K(1920K)->1634K(1920K)
[2025-12-25T01:35:08.632+0000][gc          ] GC(531) Pause Young (Normal) (G1 Evacuation Pause) 893M->286M(1024M) 26.304ms
[2025-12-25T01:35:08.632+0000][gc,cpu      ] GC(531) User=0.16s Sys=0.01s Real=0.03s
[2025-12-25T01:35:38.855+0000][gc,start    ] GC(532) Pause Young (Normal) (G1 Evacuation Pause)
[2025-12-25T01:35:38.856+0000][gc,task     ] GC(532) Using 8 workers of 8 for evacuation
[2025-12-25T01:35:38.873+0000][gc,phases   ] GC(532)   Pre Evacuate Collection Set: 1.0ms
[2025-12-25T01:35:38.873+0000][gc,phases   ] GC(532)   Merge Heap Roots: 0.3ms
[2025-12-25T01:35:38.873+0000][gc,phases   ] GC(532)   Evacuate Collection Set: 14.4ms
[2025-12-25T01:35:38.873+0000][gc,phases   ] GC(532)   Post Evacuate Collection Set: 1.2ms
[2025-12-25T01:35:38.873+0000][gc,phases   ] GC(532)   Other: 0.4ms
[2025-12-25T01:35:38.873+0000][gc,heap     ] GC(532) Eden regions: 607->0(606)
[2025-12-25T01:35:38.873+0000][gc,heap     ] GC(532) Survivor regions: 7->8(77)
[2025-12-25T01:35:38.873+0000][gc,heap     ] GC(532) Old regions: 130->130
[2025-12-25T01:35:38.873+0000][gc,heap     ] GC(532) Humongous regions: 151->151
[2025-12-25T01:35:38.873+0000][gc,metaspace] GC(532) Metaspace: 15607K(16000K)->15607K(16000K) NonClass: 13973K(14080K)->13973K(14080K) Class: 1634K(1920K)->1634K(1920K)
[2025-12-25T01:35:38.874+0000][gc          ] GC(532) Pause Young (Normal) (G1 Evacuation Pause) 893M->288M(1024M) 18.525ms
[2025-12-25T01:35:38.874+0000][gc,cpu      ] GC(532) User=0.10s Sys=0.00s Real=0.02s
[2025-12-25T01:36:18.527+0000][gc,start    ] GC(533) Pause Young (Normal) (G1 Evacuation Pause)
[2025-12-25T01:36:18.527+0000][gc,task     ] GC(533) Using 8 workers of 8 for evacuation
[2025-12-25T01:36:18.547+0000][gc,phases   ] GC(533)   Pre Evacuate Collection Set: 1.0ms
[2025-12-25T01:36:18.547+0000][gc,phases   ] GC(533)   Merge Heap Roots: 0.3ms
[2025-12-25T01:36:18.547+0000][gc,phases   ] GC(533)   Evacuate Collection Set: 17.3ms
[2025-12-25T01:36:18.547+0000][gc,phases   ] GC(533)   Post Evacuate Collection Set: 1.0ms
[2025-12-25T01:36:18.547+0000][gc,phases   ] GC(533)   Other: 0.2ms
[2025-12-25T01:36:18.548+0000][gc,heap     ] GC(533) Eden regions: 606->0(607)
[2025-12-25T01:36:18.548+0000][gc,heap     ] GC(533) Survivor regions: 8->7(77)
[2025-12-25T01:36:18.548+0000][gc,heap     ] GC(533) Old regions: 130->131
[2025-12-25T01:36:18.548+0000][gc,heap     ] GC(533) Humongous regions: 151->151
[2025-12-25T01:36:18.548+0000][gc,metaspace] GC(533) Metaspace: 15607K(16000K)->15607K(16000K) NonClass: 13973K(14080K)->13973K(14080K) Class: 1634K(1920K)->1634K(1920K)
[2025-12-25T01:36:18.548+0000][gc          ] GC(533) Pause Young (Normal) (G1 Evacuation Pause) 894M->287M(1024M) 20.806ms
[2025-12-25T01:36:18.548+0000][gc,cpu      ] GC(533) User=0.12s Sys=0.00s Real=0.02s
[2025-12-25T01:36:48.744+0000][gc,start    ] GC(534) Pause Young (Normal) (G1 Evacuation Pause)
[2025-12-25T01:36:48.745+0000][gc,task     ] GC(534) Using 8 workers of 8 for evacuation
[2025-12-25T01:36:48.763+0000][gc,phases   ] GC(534)   Pre Evacuate Collection Set: 1.1ms
[2025-12-25T01:36:48.763+0000][gc,phases   ] GC(534)   Merge Heap Roots: 0.5ms
[2025-12-25T01:36:48.763+0000][gc,phases   ] GC(534)   Evacuate Collection Set: 13.8ms
[2025-12-25T01:36:48.763+0000][gc,phases   ] GC(534)   Post Evacuate Collection Set: 2.5ms
[2025-12-25T01:36:48.763+0000][gc,phases   ] GC(534)   Other: 0.3ms
[2025-12-25T01:36:48.763+0000][gc,heap     ] GC(534) Eden regions: 607->0(606)
[2025-12-25T01:36:48.764+0000][gc,heap     ] GC(534) Survivor regions: 7->8(77)
[2025-12-25T01:36:48.764+0000][gc,heap     ] GC(534) Old regions: 131->131
[2025-12-25T01:36:48.764+0000][gc,heap     ] GC(534) Humongous regions: 151->151
[2025-12-25T01:36:48.764+0000][gc,metaspace] GC(534) Metaspace: 15607K(16000K)->15607K(16000K) NonClass: 13973K(14080K)->13973K(14080K) Class: 1634K(1920K)->1634K(1920K)
[2025-12-25T01:36:48.764+0000][gc          ] GC(534) Pause Young (Normal) (G1 Evacuation Pause) 894M->289M(1024M) 20.127ms
[2025-12-25T01:36:48.764+0000][gc,cpu      ] GC(534) User=0.12s Sys=0.00s Real=0.02s
[2025-12-25T01:37:28.411+0000][gc,start    ] GC(535) Pause Young (Normal) (G1 Evacuation Pause)
[2025-12-25T01:37:28.412+0000][gc,task     ] GC(535) Using 8 workers of 8 for evacuation
[2025-12-25T01:37:28.433+0000][gc,phases   ] GC(535)   Pre Evacuate Collection Set: 1.4ms
[2025-12-25T01:37:28.433+0000][gc,phases   ] GC(535)   Merge Heap Roots: 0.3ms
[2025-12-25T01:37:28.433+0000][gc,phases   ] GC(535)   Evacuate Collection Set: 17.8ms
[2025-12-25T01:37:28.434+0000][gc,phases   ] GC(535)   Post Evacuate Collection Set: 1.3ms
[2025-12-25T01:37:28.434+0000][gc,phases   ] GC(535)   Other: 0.5ms
[2025-12-25T01:37:28.434+0000][gc,heap     ] GC(535) Eden regions: 606->0(607)
[2025-12-25T01:37:28.434+0000][gc,heap     ] GC(535) Survivor regions: 8->7(77)
[2025-12-25T01:37:28.434+0000][gc,heap     ] GC(535) Old regions: 131->131
[2025-12-25T01:37:28.434+0000][gc,heap     ] GC(535) Humongous regions: 151->151
[2025-12-25T01:37:28.434+0000][gc,metaspace] GC(535) Metaspace: 15607K(16000K)->15607K(16000K) NonClass: 13973K(14080K)->13973K(14080K) Class: 1634K(1920K)->1634K(1920K)
[2025-12-25T01:37:28.434+0000][gc          ] GC(535) Pause Young (Normal) (G1 Evacuation Pause) 895M->288M(1024M) 23.062ms
[2025-12-25T01:37:28.434+0000][gc,cpu      ] GC(535) User=0.14s Sys=0.00s Real=0.02s
[2025-12-25T01:37:58.677+0000][gc,start    ] GC(536) Pause Young (Normal) (G1 Evacuation Pause)
[2025-12-25T01:37:58.678+0000][gc,task     ] GC(536) Using 8 workers of 8 for evacuation
[2025-12-25T01:37:58.702+0000][gc,phases   ] GC(536)   Pre Evacuate Collection Set: 1.8ms
[2025-12-25T01:37:58.702+0000][gc,phases   ] GC(536)   Merge Heap Roots: 0.4ms
[2025-12-25T01:37:58.702+0000][gc,phases   ] GC(536)   Evacuate Collection Set: 16.2ms
[2025-12-25T01:37:58.702+0000][gc,phases   ] GC(536)   Post Evacuate Collection Set: 4.3ms
[2025-12-25T01:37:58.702+0000][gc,phases   ] GC(536)   Other: 1.7ms
[2025-12-25T01:37:58.702+0000][gc,heap     ] GC(536) Eden regions: 607->0(605)
[2025-12-25T01:37:58.702+0000][gc,heap     ] GC(536) Survivor regions: 7->9(77)
[2025-12-25T01:37:58.702+0000][gc,heap     ] GC(536) Old regions: 131->131
[2025-12-25T01:37:58.702+0000][gc,heap     ] GC(536) Humongous regions: 151->151
[2025-12-25T01:37:58.703+0000][gc,metaspace] GC(536) Metaspace: 15607K(16000K)->15607K(16000K) NonClass: 13973K(14080K)->13973K(14080K) Class: 1634K(1920K)->1634K(1920K)
[2025-12-25T01:37:58.703+0000][gc          ] GC(536) Pause Young (Normal) (G1 Evacuation Pause) 895M->290M(1024M) 25.577ms
[2025-12-25T01:37:58.703+0000][gc,cpu      ] GC(536) User=0.15s Sys=0.01s Real=0.03s
[2025-12-25T01:38:28.960+0000][gc,start    ] GC(537) Pause Young (Normal) (G1 Evacuation Pause)
[2025-12-25T01:38:28.961+0000][gc,task     ] GC(537) Using 8 workers of 8 for evacuation
[2025-12-25T01:38:28.982+0000][gc,phases   ] GC(537)   Pre Evacuate Collection Set: 1.2ms
[2025-12-25T01:38:28.982+0000][gc,phases   ] GC(537)   Merge Heap Roots: 0.3ms
[2025-12-25T01:38:28.982+0000][gc,phases   ] GC(537)   Evacuate Collection Set: 18.6ms
[2025-12-25T01:38:28.982+0000][gc,phases   ] GC(537)   Post Evacuate Collection Set: 1.2ms
[2025-12-25T01:38:28.982+0000][gc,phases   ] GC(537)   Other: 0.3ms
[2025-12-25T01:38:28.983+0000][gc,heap     ] GC(537) Eden regions: 605->0(603)
[2025-12-25T01:38:28.983+0000][gc,heap     ] GC(537) Survivor regions: 9->11(77)
[2025-12-25T01:38:28.983+0000][gc,heap     ] GC(537) Old regions: 131->132
[2025-12-25T01:38:28.983+0000][gc,heap     ] GC(537) Humongous regions: 151->151
[2025-12-25T01:38:28.983+0000][gc,metaspace] GC(537) Metaspace: 15607K(16000K)->15607K(16000K) NonClass: 13973K(14080K)->13973K(14080K) Class: 1634K(1920K)->1634K(1920K)
[2025-12-25T01:38:28.983+0000][gc          ] GC(537) Pause Young (Normal) (G1 Evacuation Pause) 895M->292M(1024M) 23.073ms
[2025-12-25T01:38:28.983+0000][gc,cpu      ] GC(537) User=0.14s Sys=0.00s Real=0.02s
[2025-12-25T01:39:08.813+0000][gc,start    ] GC(538) Pause Young (Normal) (G1 Evacuation Pause)
[2025-12-25T01:39:08.814+0000][gc,task     ] GC(538) Using 8 workers of 8 for evacuation
[2025-12-25T01:39:08.877+0000][gc,phases   ] GC(538)   Pre Evacuate Collection Set: 5.4ms
[2025-12-25T01:39:08.877+0000][gc,phases   ] GC(538)   Merge Heap Roots: 0.6ms
[2025-12-25T01:39:08.878+0000][gc,phases   ] GC(538)   Evacuate Collection Set: 53.5ms
[2025-12-25T01:39:08.878+0000][gc,phases   ] GC(538)   Post Evacuate Collection Set: 1.7ms
[2025-12-25T01:39:08.878+0000][gc,phases   ] GC(538)   Other: 2.0ms
[2025-12-25T01:39:08.878+0000][gc,heap     ] GC(538) Eden regions: 603->0(605)
[2025-12-25T01:39:08.878+0000][gc,heap     ] GC(538) Survivor regions: 11->9(77)
[2025-12-25T01:39:08.878+0000][gc,heap     ] GC(538) Old regions: 132->132
[2025-12-25T01:39:08.879+0000][gc,heap     ] GC(538) Humongous regions: 151->151
[2025-12-25T01:39:08.880+0000][gc,metaspace] GC(538) Metaspace: 15608K(16000K)->15608K(16000K) NonClass: 13974K(14080K)->13974K(14080K) Class: 1634K(1920K)->1634K(1920K)
[2025-12-25T01:39:08.880+0000][gc          ] GC(538) Pause Young (Normal) (G1 Evacuation Pause) 895M->291M(1024M) 67.343ms
[2025-12-25T01:39:08.880+0000][gc,cpu      ] GC(538) User=0.37s Sys=0.03s Real=0.07s
[2025-12-25T01:39:38.734+0000][gc,start    ] GC(539) Pause Young (Normal) (G1 Evacuation Pause)
[2025-12-25T01:39:38.735+0000][gc,task     ] GC(539) Using 8 workers of 8 for evacuation
[2025-12-25T01:39:38.748+0000][gc,phases   ] GC(539)   Pre Evacuate Collection Set: 1.1ms
[2025-12-25T01:39:38.748+0000][gc,phases   ] GC(539)   Merge Heap Roots: 0.3ms
[2025-12-25T01:39:38.748+0000][gc,phases   ] GC(539)   Evacuate Collection Set: 9.2ms
[2025-12-25T01:39:38.748+0000][gc,phases   ] GC(539)   Post Evacuate Collection Set: 1.7ms
[2025-12-25T01:39:38.748+0000][gc,phases   ] GC(539)   Other: 0.3ms
[2025-12-25T01:39:38.748+0000][gc,heap     ] GC(539) Eden regions: 605->0(607)
[2025-12-25T01:39:38.748+0000][gc,heap     ] GC(539) Survivor regions: 9->7(77)
[2025-12-25T01:39:38.748+0000][gc,heap     ] GC(539) Old regions: 132->132
[2025-12-25T01:39:38.748+0000][gc,heap     ] GC(539) Humongous regions: 151->151
[2025-12-25T01:39:38.748+0000][gc,metaspace] GC(539) Metaspace: 15608K(16000K)->15608K(16000K) NonClass: 13974K(14080K)->13974K(14080K) Class: 1634K(1920K)->1634K(1920K)
[2025-12-25T01:39:38.749+0000][gc          ] GC(539) Pause Young (Normal) (G1 Evacuation Pause) 896M->288M(1024M) 14.900ms
[2025-12-25T01:39:38.749+0000][gc,cpu      ] GC(539) User=0.07s Sys=0.01s Real=0.01s
[2025-12-25T01:55:17.645+0000][gc,start    ] GC(540) Pause Young (Normal) (G1 Evacuation Pause)
[2025-12-25T01:55:17.646+0000][gc,task     ] GC(540) Using 8 workers of 8 for evacuation
[2025-12-25T01:55:17.655+0000][gc,phases   ] GC(540)   Pre Evacuate Collection Set: 1.1ms
[2025-12-25T01:55:17.655+0000][gc,phases   ] GC(540)   Merge Heap Roots: 0.3ms
[2025-12-25T01:55:17.655+0000][gc,phases   ] GC(540)   Evacuate Collection Set: 6.7ms
[2025-12-25T01:55:17.655+0000][gc,phases   ] GC(540)   Post Evacuate Collection Set: 1.1ms
[2025-12-25T01:55:17.656+0000][gc,phases   ] GC(540)   Other: 0.2ms
[2025-12-25T01:55:17.656+0000][gc,heap     ] GC(540) Eden regions: 607->0(609)
[2025-12-25T01:55:17.656+0000][gc,heap     ] GC(540) Survivor regions: 7->5(77)
[2025-12-25T01:55:17.656+0000][gc,heap     ] GC(540) Old regions: 132->132
[2025-12-25T01:55:17.656+0000][gc,heap     ] GC(540) Humongous regions: 151->151
[2025-12-25T01:55:17.656+0000][gc,metaspace] GC(540) Metaspace: 15609K(16000K)->15609K(16000K) NonClass: 13975K(14080K)->13975K(14080K) Class: 1634K(1920K)->1634K(1920K)
[2025-12-25T01:55:17.656+0000][gc          ] GC(540) Pause Young (Normal) (G1 Evacuation Pause) 895M->287M(1024M) 10.585ms
[2025-12-25T01:55:17.656+0000][gc,cpu      ] GC(540) User=0.06s Sys=0.01s Real=0.01s
[2025-12-25T01:55:47.910+0000][gc,start    ] GC(541) Pause Young (Normal) (G1 Evacuation Pause)
[2025-12-25T01:55:47.910+0000][gc,task     ] GC(541) Using 8 workers of 8 for evacuation
[2025-12-25T01:55:47.930+0000][gc,phases   ] GC(541)   Pre Evacuate Collection Set: 3.7ms
[2025-12-25T01:55:47.930+0000][gc,phases   ] GC(541)   Merge Heap Roots: 1.0ms
[2025-12-25T01:55:47.931+0000][gc,phases   ] GC(541)   Evacuate Collection Set: 13.1ms
[2025-12-25T01:55:47.931+0000][gc,phases   ] GC(541)   Post Evacuate Collection Set: 1.5ms
[2025-12-25T01:55:47.931+0000][gc,phases   ] GC(541)   Other: 0.6ms
[2025-12-25T01:55:47.931+0000][gc,heap     ] GC(541) Eden regions: 609->0(608)
[2025-12-25T01:55:47.931+0000][gc,heap     ] GC(541) Survivor regions: 5->6(77)
[2025-12-25T01:55:47.931+0000][gc,heap     ] GC(541) Old regions: 132->133
[2025-12-25T01:55:47.931+0000][gc,heap     ] GC(541) Humongous regions: 151->151
[2025-12-25T01:55:47.931+0000][gc,metaspace] GC(541) Metaspace: 15609K(16000K)->15609K(16000K) NonClass: 13975K(14080K)->13975K(14080K) Class: 1634K(1920K)->1634K(1920K)
[2025-12-25T01:55:47.931+0000][gc          ] GC(541) Pause Young (Normal) (G1 Evacuation Pause) 896M->288M(1024M) 21.538ms
[2025-12-25T01:55:47.931+0000][gc,cpu      ] GC(541) User=0.12s Sys=0.01s Real=0.02s
[2025-12-25T01:56:18.249+0000][gc,start    ] GC(542) Pause Young (Normal) (G1 Evacuation Pause)
[2025-12-25T01:56:18.255+0000][gc,task     ] GC(542) Using 8 workers of 8 for evacuation
[2025-12-25T01:56:18.270+0000][gc,phases   ] GC(542)   Pre Evacuate Collection Set: 2.0ms
[2025-12-25T01:56:18.270+0000][gc,phases   ] GC(542)   Merge Heap Roots: 0.4ms
[2025-12-25T01:56:18.271+0000][gc,phases   ] GC(542)   Evacuate Collection Set: 11.1ms
[2025-12-25T01:56:18.271+0000][gc,phases   ] GC(542)   Post Evacuate Collection Set: 1.2ms
[2025-12-25T01:56:18.271+0000][gc,phases   ] GC(542)   Other: 0.5ms
[2025-12-25T01:56:18.271+0000][gc,heap     ] GC(542) Eden regions: 608->0(609)
[2025-12-25T01:56:18.271+0000][gc,heap     ] GC(542) Survivor regions: 6->5(77)
[2025-12-25T01:56:18.271+0000][gc,heap     ] GC(542) Old regions: 133->133
[2025-12-25T01:56:18.271+0000][gc,heap     ] GC(542) Humongous regions: 151->151
[2025-12-25T01:56:18.271+0000][gc,metaspace] GC(542) Metaspace: 15609K(16000K)->15609K(16000K) NonClass: 13975K(14080K)->13975K(14080K) Class: 1634K(1920K)->1634K(1920K)
[2025-12-25T01:56:18.271+0000][gc          ] GC(542) Pause Young (Normal) (G1 Evacuation Pause) 896M->287M(1024M) 22.066ms
[2025-12-25T01:56:18.271+0000][gc,cpu      ] GC(542) User=0.10s Sys=0.00s Real=0.02s
[2025-12-25T01:56:57.823+0000][gc,start    ] GC(543) Pause Young (Normal) (G1 Evacuation Pause)
[2025-12-25T01:56:57.824+0000][gc,task     ] GC(543) Using 8 workers of 8 for evacuation
[2025-12-25T01:56:57.839+0000][gc,phases   ] GC(543)   Pre Evacuate Collection Set: 2.2ms
[2025-12-25T01:56:57.839+0000][gc,phases   ] GC(543)   Merge Heap Roots: 0.5ms
[2025-12-25T01:56:57.839+0000][gc,phases   ] GC(543)   Evacuate Collection Set: 11.1ms
[2025-12-25T01:56:57.839+0000][gc,phases   ] GC(543)   Post Evacuate Collection Set: 1.3ms
[2025-12-25T01:56:57.839+0000][gc,phases   ] GC(543)   Other: 0.7ms
[2025-12-25T01:56:57.839+0000][gc,heap     ] GC(543) Eden regions: 609->0(607)
[2025-12-25T01:56:57.840+0000][gc,heap     ] GC(543) Survivor regions: 5->7(77)
[2025-12-25T01:56:57.840+0000][gc,heap     ] GC(543) Old regions: 133->133
[2025-12-25T01:56:57.840+0000][gc,heap     ] GC(543) Humongous regions: 151->151
[2025-12-25T01:56:57.840+0000][gc,metaspace] GC(543) Metaspace: 15609K(16000K)->15609K(16000K) NonClass: 13975K(14080K)->13975K(14080K) Class: 1634K(1920K)->1634K(1920K)
[2025-12-25T01:56:57.840+0000][gc          ] GC(543) Pause Young (Normal) (G1 Evacuation Pause) 896M->290M(1024M) 17.522ms
[2025-12-25T01:56:57.840+0000][gc,cpu      ] GC(543) User=0.10s Sys=0.01s Real=0.02s
[2025-12-25T01:57:28.056+0000][gc,start    ] GC(544) Pause Young (Normal) (G1 Evacuation Pause)
[2025-12-25T01:57:28.056+0000][gc,task     ] GC(544) Using 8 workers of 8 for evacuation
[2025-12-25T01:57:28.071+0000][gc,phases   ] GC(544)   Pre Evacuate Collection Set: 1.0ms
[2025-12-25T01:57:28.071+0000][gc,phases   ] GC(544)   Merge Heap Roots: 1.5ms
[2025-12-25T01:57:28.071+0000][gc,phases   ] GC(544)   Evacuate Collection Set: 11.4ms
[2025-12-25T01:57:28.072+0000][gc,phases   ] GC(544)   Post Evacuate Collection Set: 1.1ms
[2025-12-25T01:57:28.072+0000][gc,phases   ] GC(544)   Other: 0.3ms
[2025-12-25T01:57:28.072+0000][gc,heap     ] GC(544) Eden regions: 607->0(606)
[2025-12-25T01:57:28.072+0000][gc,heap     ] GC(544) Survivor regions: 7->8(77)
[2025-12-25T01:57:28.072+0000][gc,heap     ] GC(544) Old regions: 133->134
[2025-12-25T01:57:28.072+0000][gc,heap     ] GC(544) Humongous regions: 151->151
[2025-12-25T01:57:28.072+0000][gc,metaspace] GC(544) Metaspace: 15613K(16000K)->15613K(16000K) NonClass: 13978K(14080K)->13978K(14080K) Class: 1634K(1920K)->1634K(1920K)
[2025-12-25T01:57:28.072+0000][gc          ] GC(544) Pause Young (Normal) (G1 Evacuation Pause) 897M->292M(1024M) 16.529ms
[2025-12-25T01:57:28.072+0000][gc,cpu      ] GC(544) User=0.10s Sys=0.00s Real=0.01s
[2025-12-25T01:58:07.743+0000][gc,start    ] GC(545) Pause Young (Normal) (G1 Evacuation Pause)
[2025-12-25T01:58:07.743+0000][gc,task     ] GC(545) Using 8 workers of 8 for evacuation
[2025-12-25T01:58:07.761+0000][gc,phases   ] GC(545)   Pre Evacuate Collection Set: 1.0ms
[2025-12-25T01:58:07.761+0000][gc,phases   ] GC(545)   Merge Heap Roots: 0.2ms
[2025-12-25T01:58:07.761+0000][gc,phases   ] GC(545)   Evacuate Collection Set: 15.1ms
[2025-12-25T01:58:07.761+0000][gc,phases   ] GC(545)   Post Evacuate Collection Set: 1.2ms
[2025-12-25T01:58:07.762+0000][gc,phases   ] GC(545)   Other: 0.3ms
[2025-12-25T01:58:07.762+0000][gc,heap     ] GC(545) Eden regions: 606->0(606)
[2025-12-25T01:58:07.762+0000][gc,heap     ] GC(545) Survivor regions: 8->8(77)
[2025-12-25T01:58:07.762+0000][gc,heap     ] GC(545) Old regions: 134->134
[2025-12-25T01:58:07.762+0000][gc,heap     ] GC(545) Humongous regions: 151->151
[2025-12-25T01:58:07.762+0000][gc,metaspace] GC(545) Metaspace: 15613K(16000K)->15613K(16000K) NonClass: 13978K(14080K)->13978K(14080K) Class: 1634K(1920K)->1634K(1920K)
[2025-12-25T01:58:07.762+0000][gc          ] GC(545) Pause Young (Normal) (G1 Evacuation Pause) 898M->291M(1024M) 19.131ms
[2025-12-25T01:58:07.762+0000][gc,cpu      ] GC(545) User=0.12s Sys=0.00s Real=0.02s
[2025-12-25T01:58:37.975+0000][gc,start    ] GC(546) Pause Young (Normal) (G1 Evacuation Pause)
[2025-12-25T01:58:37.975+0000][gc,task     ] GC(546) Using 8 workers of 8 for evacuation
[2025-12-25T01:58:37.983+0000][gc,phases   ] GC(546)   Pre Evacuate Collection Set: 0.9ms
[2025-12-25T01:58:37.983+0000][gc,phases   ] GC(546)   Merge Heap Roots: 0.2ms
[2025-12-25T01:58:37.984+0000][gc,phases   ] GC(546)   Evacuate Collection Set: 5.4ms
[2025-12-25T01:58:37.984+0000][gc,phases   ] GC(546)   Post Evacuate Collection Set: 1.3ms
[2025-12-25T01:58:37.984+0000][gc,phases   ] GC(546)   Other: 0.2ms
[2025-12-25T01:58:37.984+0000][gc,heap     ] GC(546) Eden regions: 606->0(609)
[2025-12-25T01:58:37.984+0000][gc,heap     ] GC(546) Survivor regions: 8->5(77)
[2025-12-25T01:58:37.984+0000][gc,heap     ] GC(546) Old regions: 134->134
[2025-12-25T01:58:37.984+0000][gc,heap     ] GC(546) Humongous regions: 151->151
[2025-12-25T01:58:37.984+0000][gc,metaspace] GC(546) Metaspace: 15613K(16000K)->15613K(16000K) NonClass: 13978K(14080K)->13978K(14080K) Class: 1634K(1920K)->1634K(1920K)
[2025-12-25T01:58:37.984+0000][gc          ] GC(546) Pause Young (Normal) (G1 Evacuation Pause) 897M->288M(1024M) 8.930ms
[2025-12-25T01:58:37.984+0000][gc,cpu      ] GC(546) User=0.05s Sys=0.01s Real=0.01s
[2025-12-25T01:59:17.655+0000][gc,start    ] GC(547) Pause Young (Normal) (G1 Evacuation Pause)
[2025-12-25T01:59:17.655+0000][gc,task     ] GC(547) Using 8 workers of 8 for evacuation
[2025-12-25T01:59:17.679+0000][gc,phases   ] GC(547)   Pre Evacuate Collection Set: 1.1ms
[2025-12-25T01:59:17.679+0000][gc,phases   ] GC(547)   Merge Heap Roots: 0.2ms
[2025-12-25T01:59:17.680+0000][gc,phases   ] GC(547)   Evacuate Collection Set: 17.4ms
[2025-12-25T01:59:17.680+0000][gc,phases   ] GC(547)   Post Evacuate Collection Set: 5.0ms
[2025-12-25T01:59:17.680+0000][gc,phases   ] GC(547)   Other: 0.2ms
[2025-12-25T01:59:17.681+0000][gc,heap     ] GC(547) Eden regions: 609->0(610)
[2025-12-25T01:59:17.681+0000][gc,heap     ] GC(547) Survivor regions: 5->4(77)
[2025-12-25T01:59:17.681+0000][gc,heap     ] GC(547) Old regions: 134->134
[2025-12-25T01:59:17.681+0000][gc,heap     ] GC(547) Humongous regions: 151->151
[2025-12-25T01:59:17.682+0000][gc,metaspace] GC(547) Metaspace: 15613K(16000K)->15613K(16000K) NonClass: 13978K(14080K)->13978K(14080K) Class: 1634K(1920K)->1634K(1920K)
[2025-12-25T01:59:17.682+0000][gc          ] GC(547) Pause Young (Normal) (G1 Evacuation Pause) 897M->287M(1024M) 27.349ms
[2025-12-25T01:59:17.682+0000][gc,cpu      ] GC(547) User=0.09s Sys=0.01s Real=0.03s
[2025-12-25T01:59:47.878+0000][gc,start    ] GC(548) Pause Young (Normal) (G1 Evacuation Pause)
[2025-12-25T01:59:47.879+0000][gc,task     ] GC(548) Using 8 workers of 8 for evacuation
[2025-12-25T01:59:47.888+0000][gc,phases   ] GC(548)   Pre Evacuate Collection Set: 1.0ms
[2025-12-25T01:59:47.888+0000][gc,phases   ] GC(548)   Merge Heap Roots: 0.2ms
[2025-12-25T01:59:47.888+0000][gc,phases   ] GC(548)   Evacuate Collection Set: 6.4ms
[2025-12-25T01:59:47.888+0000][gc,phases   ] GC(548)   Post Evacuate Collection Set: 1.2ms
[2025-12-25T01:59:47.888+0000][gc,phases   ] GC(548)   Other: 0.4ms
[2025-12-25T01:59:47.888+0000][gc,heap     ] GC(548) Eden regions: 610->0(608)
[2025-12-25T01:59:47.888+0000][gc,heap     ] GC(548) Survivor regions: 4->6(77)
[2025-12-25T01:59:47.888+0000][gc,heap     ] GC(548) Old regions: 134->134
[2025-12-25T01:59:47.888+0000][gc,heap     ] GC(548) Humongous regions: 151->151
[2025-12-25T01:59:47.888+0000][gc,metaspace] GC(548) Metaspace: 15613K(16000K)->15613K(16000K) NonClass: 13978K(14080K)->13978K(14080K) Class: 1634K(1920K)->1634K(1920K)
[2025-12-25T01:59:47.889+0000][gc          ] GC(548) Pause Young (Normal) (G1 Evacuation Pause) 897M->289M(1024M) 10.522ms
[2025-12-25T01:59:47.889+0000][gc,cpu      ] GC(548) User=0.06s Sys=0.00s Real=0.01s
[2025-12-25T02:00:27.560+0000][gc,start    ] GC(549) Pause Young (Normal) (G1 Evacuation Pause)
[2025-12-25T02:00:27.561+0000][gc,task     ] GC(549) Using 8 workers of 8 for evacuation
[2025-12-25T02:00:27.579+0000][gc,phases   ] GC(549)   Pre Evacuate Collection Set: 2.2ms
[2025-12-25T02:00:27.579+0000][gc,phases   ] GC(549)   Merge Heap Roots: 0.4ms
[2025-12-25T02:00:27.579+0000][gc,phases   ] GC(549)   Evacuate Collection Set: 12.4ms
[2025-12-25T02:00:27.579+0000][gc,phases   ] GC(549)   Post Evacuate Collection Set: 2.2ms
[2025-12-25T02:00:27.579+0000][gc,phases   ] GC(549)   Other: 0.4ms
[2025-12-25T02:00:27.579+0000][gc,heap     ] GC(549) Eden regions: 608->0(608)
[2025-12-25T02:00:27.579+0000][gc,heap     ] GC(549) Survivor regions: 6->6(77)
[2025-12-25T02:00:27.579+0000][gc,heap     ] GC(549) Old regions: 134->134
[2025-12-25T02:00:27.579+0000][gc,heap     ] GC(549) Humongous regions: 151->151
[2025-12-25T02:00:27.579+0000][gc,metaspace] GC(549) Metaspace: 15613K(16000K)->15613K(16000K) NonClass: 13978K(14080K)->13978K(14080K) Class: 1634K(1920K)->1634K(1920K)
[2025-12-25T02:00:27.579+0000][gc          ] GC(549) Pause Young (Normal) (G1 Evacuation Pause) 897M->289M(1024M) 18.964ms
[2025-12-25T02:00:27.580+0000][gc,cpu      ] GC(549) User=0.10s Sys=0.01s Real=0.02s
[2025-12-25T02:00:57.816+0000][gc,start    ] GC(550) Pause Young (Normal) (G1 Evacuation Pause)
[2025-12-25T02:00:57.816+0000][gc,task     ] GC(550) Using 8 workers of 8 for evacuation
[2025-12-25T02:00:57.837+0000][gc,phases   ] GC(550)   Pre Evacuate Collection Set: 2.2ms
[2025-12-25T02:00:57.838+0000][gc,phases   ] GC(550)   Merge Heap Roots: 0.8ms
[2025-12-25T02:00:57.838+0000][gc,phases   ] GC(550)   Evacuate Collection Set: 16.8ms
[2025-12-25T02:00:57.838+0000][gc,phases   ] GC(550)   Post Evacuate Collection Set: 1.2ms
[2025-12-25T02:00:57.838+0000][gc,phases   ] GC(550)   Other: 0.3ms
[2025-12-25T02:00:57.838+0000][gc,heap     ] GC(550) Eden regions: 608->0(607)
[2025-12-25T02:00:57.838+0000][gc,heap     ] GC(550) Survivor regions: 6->7(77)
[2025-12-25T02:00:57.838+0000][gc,heap     ] GC(550) Old regions: 134->134
[2025-12-25T02:00:57.838+0000][gc,heap     ] GC(550) Humongous regions: 151->151
[2025-12-25T02:00:57.838+0000][gc,metaspace] GC(550) Metaspace: 15613K(16000K)->15613K(16000K) NonClass: 13978K(14080K)->13978K(14080K) Class: 1634K(1920K)->1634K(1920K)
[2025-12-25T02:00:57.838+0000][gc          ] GC(550) Pause Young (Normal) (G1 Evacuation Pause) 897M->291M(1024M) 22.303ms
[2025-12-25T02:00:57.838+0000][gc,cpu      ] GC(550) User=0.13s Sys=0.00s Real=0.02s
[2025-12-25T02:01:28.065+0000][gc,start    ] GC(551) Pause Young (Normal) (G1 Evacuation Pause)
[2025-12-25T02:01:28.067+0000][gc,task     ] GC(551) Using 8 workers of 8 for evacuation
[2025-12-25T02:01:28.081+0000][gc,phases   ] GC(551)   Pre Evacuate Collection Set: 4.2ms
[2025-12-25T02:01:28.081+0000][gc,phases   ] GC(551)   Merge Heap Roots: 0.2ms
[2025-12-25T02:01:28.081+0000][gc,phases   ] GC(551)   Evacuate Collection Set: 6.8ms
[2025-12-25T02:01:28.081+0000][gc,phases   ] GC(551)   Post Evacuate Collection Set: 1.3ms
[2025-12-25T02:01:28.081+0000][gc,phases   ] GC(551)   Other: 1.2ms
[2025-12-25T02:01:28.081+0000][gc,heap     ] GC(551) Eden regions: 607->0(605)
[2025-12-25T02:01:28.081+0000][gc,heap     ] GC(551) Survivor regions: 7->9(77)
[2025-12-25T02:01:28.081+0000][gc,heap     ] GC(551) Old regions: 134->134
[2025-12-25T02:01:28.081+0000][gc,heap     ] GC(551) Humongous regions: 151->151
[2025-12-25T02:01:28.081+0000][gc,metaspace] GC(551) Metaspace: 15613K(16000K)->15613K(16000K) NonClass: 13978K(14080K)->13978K(14080K) Class: 1634K(1920K)->1634K(1920K)
[2025-12-25T02:01:28.081+0000][gc          ] GC(551) Pause Young (Normal) (G1 Evacuation Pause) 898M->292M(1024M) 16.462ms
[2025-12-25T02:01:28.081+0000][gc,cpu      ] GC(551) User=0.07s Sys=0.00s Real=0.01s
[2025-12-25T02:02:07.725+0000][gc,start    ] GC(552) Pause Young (Normal) (G1 Evacuation Pause)
[2025-12-25T02:02:07.726+0000][gc,task     ] GC(552) Using 8 workers of 8 for evacuation
[2025-12-25T02:02:07.750+0000][gc,phases   ] GC(552)   Pre Evacuate Collection Set: 1.0ms
[2025-12-25T02:02:07.750+0000][gc,phases   ] GC(552)   Merge Heap Roots: 0.2ms
[2025-12-25T02:02:07.750+0000][gc,phases   ] GC(552)   Evacuate Collection Set: 20.7ms
[2025-12-25T02:02:07.750+0000][gc,phases   ] GC(552)   Post Evacuate Collection Set: 1.5ms
[2025-12-25T02:02:07.750+0000][gc,phases   ] GC(552)   Other: 0.2ms
[2025-12-25T02:02:07.750+0000][gc,heap     ] GC(552) Eden regions: 605->0(606)
[2025-12-25T02:02:07.750+0000][gc,heap     ] GC(552) Survivor regions: 9->8(77)
[2025-12-25T02:02:07.750+0000][gc,heap     ] GC(552) Old regions: 134->134
[2025-12-25T02:02:07.750+0000][gc,heap     ] GC(552) Humongous regions: 151->151
[2025-12-25T02:02:07.750+0000][gc,metaspace] GC(552) Metaspace: 15613K(16000K)->15613K(16000K) NonClass: 13978K(14080K)->13978K(14080K) Class: 1634K(1920K)->1634K(1920K)
[2025-12-25T02:02:07.751+0000][gc          ] GC(552) Pause Young (Normal) (G1 Evacuation Pause) 897M->292M(1024M) 25.052ms
[2025-12-25T02:02:07.751+0000][gc,cpu      ] GC(552) User=0.16s Sys=0.00s Real=0.02s
[2025-12-25T02:02:38.000+0000][gc,start    ] GC(553) Pause Young (Normal) (G1 Evacuation Pause)
[2025-12-25T02:02:38.001+0000][gc,task     ] GC(553) Using 8 workers of 8 for evacuation
[2025-12-25T02:02:38.012+0000][gc,phases   ] GC(553)   Pre Evacuate Collection Set: 1.0ms
[2025-12-25T02:02:38.012+0000][gc,phases   ] GC(553)   Merge Heap Roots: 0.2ms
[2025-12-25T02:02:38.012+0000][gc,phases   ] GC(553)   Evacuate Collection Set: 4.3ms
[2025-12-25T02:02:38.012+0000][gc,phases   ] GC(553)   Post Evacuate Collection Set: 3.8ms
[2025-12-25T02:02:38.012+0000][gc,phases   ] GC(553)   Other: 1.3ms
[2025-12-25T02:02:38.012+0000][gc,heap     ] GC(553) Eden regions: 606->0(608)
[2025-12-25T02:02:38.012+0000][gc,heap     ] GC(553) Survivor regions: 8->6(77)
[2025-12-25T02:02:38.012+0000][gc,heap     ] GC(553) Old regions: 134->134
[2025-12-25T02:02:38.012+0000][gc,heap     ] GC(553) Humongous regions: 151->151
[2025-12-25T02:02:38.013+0000][gc,metaspace] GC(553) Metaspace: 15613K(16000K)->15613K(16000K) NonClass: 13978K(14080K)->13978K(14080K) Class: 1634K(1920K)->1634K(1920K)
[2025-12-25T02:02:38.013+0000][gc          ] GC(553) Pause Young (Normal) (G1 Evacuation Pause) 898M->289M(1024M) 13.044ms
[2025-12-25T02:02:38.013+0000][gc,cpu      ] GC(553) User=0.04s Sys=0.00s Real=0.01s
[2025-12-25T02:03:17.673+0000][gc,start    ] GC(554) Pause Young (Normal) (G1 Evacuation Pause)
[2025-12-25T02:03:17.674+0000][gc,task     ] GC(554) Using 8 workers of 8 for evacuation
[2025-12-25T02:03:17.691+0000][gc,phases   ] GC(554)   Pre Evacuate Collection Set: 1.0ms
[2025-12-25T02:03:17.691+0000][gc,phases   ] GC(554)   Merge Heap Roots: 0.2ms
[2025-12-25T02:03:17.692+0000][gc,phases   ] GC(554)   Evacuate Collection Set: 15.0ms
[2025-12-25T02:03:17.692+0000][gc,phases   ] GC(554)   Post Evacuate Collection Set: 1.1ms
[2025-12-25T02:03:17.692+0000][gc,phases   ] GC(554)   Other: 0.2ms
[2025-12-25T02:03:17.692+0000][gc,heap     ] GC(554) Eden regions: 608->0(609)
[2025-12-25T02:03:17.692+0000][gc,heap     ] GC(554) Survivor regions: 6->5(77)
[2025-12-25T02:03:17.692+0000][gc,heap     ] GC(554) Old regions: 134->134
[2025-12-25T02:03:17.692+0000][gc,heap     ] GC(554) Humongous regions: 151->151
[2025-12-25T02:03:17.692+0000][gc,metaspace] GC(554) Metaspace: 15613K(16000K)->15613K(16000K) NonClass: 13978K(14080K)->13978K(14080K) Class: 1634K(1920K)->1634K(1920K)
[2025-12-25T02:03:17.693+0000][gc          ] GC(554) Pause Young (Normal) (G1 Evacuation Pause) 897M->289M(1024M) 19.327ms
[2025-12-25T02:03:17.693+0000][gc,cpu      ] GC(554) User=0.11s Sys=0.00s Real=0.02s
[2025-12-25T02:03:47.909+0000][gc,start    ] GC(555) Pause Young (Normal) (G1 Evacuation Pause)
[2025-12-25T02:03:47.910+0000][gc,task     ] GC(555) Using 8 workers of 8 for evacuation
[2025-12-25T02:03:47.921+0000][gc,phases   ] GC(555)   Pre Evacuate Collection Set: 1.1ms
[2025-12-25T02:03:47.921+0000][gc,phases   ] GC(555)   Merge Heap Roots: 0.2ms
[2025-12-25T02:03:47.921+0000][gc,phases   ] GC(555)   Evacuate Collection Set: 7.2ms
[2025-12-25T02:03:47.921+0000][gc,phases   ] GC(555)   Post Evacuate Collection Set: 2.4ms
[2025-12-25T02:03:47.921+0000][gc,phases   ] GC(555)   Other: 0.2ms
[2025-12-25T02:03:47.921+0000][gc,heap     ] GC(555) Eden regions: 609->0(607)
[2025-12-25T02:03:47.921+0000][gc,heap     ] GC(555) Survivor regions: 5->7(77)
[2025-12-25T02:03:47.921+0000][gc,heap     ] GC(555) Old regions: 134->134
[2025-12-25T02:03:47.921+0000][gc,heap     ] GC(555) Humongous regions: 151->151
[2025-12-25T02:03:47.921+0000][gc,metaspace] GC(555) Metaspace: 15613K(16000K)->15613K(16000K) NonClass: 13978K(14080K)->13978K(14080K) Class: 1634K(1920K)->1634K(1920K)
[2025-12-25T02:03:47.921+0000][gc          ] GC(555) Pause Young (Normal) (G1 Evacuation Pause) 898M->291M(1024M) 12.363ms
[2025-12-25T02:03:47.922+0000][gc,cpu      ] GC(555) User=0.05s Sys=0.00s Real=0.01s
[2025-12-25T02:04:27.565+0000][gc,start    ] GC(556) Pause Young (Normal) (G1 Evacuation Pause)
[2025-12-25T02:04:27.567+0000][gc,task     ] GC(556) Using 8 workers of 8 for evacuation
[2025-12-25T02:04:27.593+0000][gc,phases   ] GC(556)   Pre Evacuate Collection Set: 5.6ms
[2025-12-25T02:04:27.594+0000][gc,phases   ] GC(556)   Merge Heap Roots: 0.9ms
[2025-12-25T02:04:27.594+0000][gc,phases   ] GC(556)   Evacuate Collection Set: 17.4ms
[2025-12-25T02:04:27.594+0000][gc,phases   ] GC(556)   Post Evacuate Collection Set: 2.3ms
[2025-12-25T02:04:27.594+0000][gc,phases   ] GC(556)   Other: 0.6ms
[2025-12-25T02:04:27.594+0000][gc,heap     ] GC(556) Eden regions: 607->0(608)
[2025-12-25T02:04:27.594+0000][gc,heap     ] GC(556) Survivor regions: 7->6(77)
[2025-12-25T02:04:27.594+0000][gc,heap     ] GC(556) Old regions: 134->134
[2025-12-25T02:04:27.594+0000][gc,heap     ] GC(556) Humongous regions: 151->151
[2025-12-25T02:04:27.594+0000][gc,metaspace] GC(556) Metaspace: 15613K(16000K)->15613K(16000K) NonClass: 13979K(14080K)->13979K(14080K) Class: 1634K(1920K)->1634K(1920K)
[2025-12-25T02:04:27.594+0000][gc          ] GC(556) Pause Young (Normal) (G1 Evacuation Pause) 898M->290M(1024M) 29.288ms
[2025-12-25T02:04:27.595+0000][gc,cpu      ] GC(556) User=0.15s Sys=0.00s Real=0.03s
[2025-12-25T02:04:58.106+0000][gc,start    ] GC(557) Pause Young (Normal) (G1 Evacuation Pause)
[2025-12-25T02:04:58.107+0000][gc,task     ] GC(557) Using 8 workers of 8 for evacuation
[2025-12-25T02:04:58.156+0000][gc,phases   ] GC(557)   Pre Evacuate Collection Set: 1.1ms
[2025-12-25T02:04:58.156+0000][gc,phases   ] GC(557)   Merge Heap Roots: 0.3ms
[2025-12-25T02:04:58.156+0000][gc,phases   ] GC(557)   Evacuate Collection Set: 42.5ms
[2025-12-25T02:04:58.156+0000][gc,phases   ] GC(557)   Post Evacuate Collection Set: 3.9ms
[2025-12-25T02:04:58.157+0000][gc,phases   ] GC(557)   Other: 0.7ms
[2025-12-25T02:04:58.157+0000][gc,heap     ] GC(557) Eden regions: 608->0(606)
[2025-12-25T02:04:58.157+0000][gc,heap     ] GC(557) Survivor regions: 6->8(77)
[2025-12-25T02:04:58.157+0000][gc,heap     ] GC(557) Old regions: 134->134
[2025-12-25T02:04:58.157+0000][gc,heap     ] GC(557) Humongous regions: 151->151
[2025-12-25T02:04:58.157+0000][gc,metaspace] GC(557) Metaspace: 15613K(16000K)->15613K(16000K) NonClass: 13979K(14080K)->13979K(14080K) Class: 1634K(1920K)->1634K(1920K)
[2025-12-25T02:04:58.157+0000][gc          ] GC(557) Pause Young (Normal) (G1 Evacuation Pause) 898M->292M(1024M) 51.094ms
[2025-12-25T02:04:58.158+0000][gc,cpu      ] GC(557) User=0.26s Sys=0.01s Real=0.05s
[2025-12-25T02:05:28.134+0000][gc,start    ] GC(558) Pause Young (Normal) (G1 Evacuation Pause)
[2025-12-25T02:05:28.134+0000][gc,task     ] GC(558) Using 8 workers of 8 for evacuation
[2025-12-25T02:05:28.151+0000][gc,phases   ] GC(558)   Pre Evacuate Collection Set: 1.8ms
[2025-12-25T02:05:28.151+0000][gc,phases   ] GC(558)   Merge Heap Roots: 0.5ms
[2025-12-25T02:05:28.151+0000][gc,phases   ] GC(558)   Evacuate Collection Set: 12.1ms
[2025-12-25T02:05:28.151+0000][gc,phases   ] GC(558)   Post Evacuate Collection Set: 1.3ms
[2025-12-25T02:05:28.151+0000][gc,phases   ] GC(558)   Other: 0.6ms
[2025-12-25T02:05:28.151+0000][gc,heap     ] GC(558) Eden regions: 606->0(604)
[2025-12-25T02:05:28.151+0000][gc,heap     ] GC(558) Survivor regions: 8->10(77)
[2025-12-25T02:05:28.151+0000][gc,heap     ] GC(558) Old regions: 134->135
[2025-12-25T02:05:28.151+0000][gc,heap     ] GC(558) Humongous regions: 151->151
[2025-12-25T02:05:28.151+0000][gc,metaspace] GC(558) Metaspace: 15632K(16000K)->15632K(16000K) NonClass: 13998K(14080K)->13998K(14080K) Class: 1634K(1920K)->1634K(1920K)
[2025-12-25T02:05:28.151+0000][gc          ] GC(558) Pause Young (Normal) (G1 Evacuation Pause) 898M->295M(1024M) 17.465ms
[2025-12-25T02:05:28.151+0000][gc,cpu      ] GC(558) User=0.10s Sys=0.00s Real=0.01s
[2025-12-25T02:06:07.843+0000][gc,start    ] GC(559) Pause Young (Normal) (G1 Evacuation Pause)
[2025-12-25T02:06:07.843+0000][gc,task     ] GC(559) Using 8 workers of 8 for evacuation
[2025-12-25T02:06:07.862+0000][gc,phases   ] GC(559)   Pre Evacuate Collection Set: 1.0ms
[2025-12-25T02:06:07.862+0000][gc,phases   ] GC(559)   Merge Heap Roots: 0.3ms
[2025-12-25T02:06:07.862+0000][gc,phases   ] GC(559)   Evacuate Collection Set: 16.4ms
[2025-12-25T02:06:07.862+0000][gc,phases   ] GC(559)   Post Evacuate Collection Set: 1.1ms
[2025-12-25T02:06:07.862+0000][gc,phases   ] GC(559)   Other: 0.2ms
[2025-12-25T02:06:07.863+0000][gc,heap     ] GC(559) Eden regions: 604->0(605)
[2025-12-25T02:06:07.863+0000][gc,heap     ] GC(559) Survivor regions: 10->9(77)
[2025-12-25T02:06:07.863+0000][gc,heap     ] GC(559) Old regions: 135->135
[2025-12-25T02:06:07.863+0000][gc,heap     ] GC(559) Humongous regions: 151->151
[2025-12-25T02:06:07.863+0000][gc,metaspace] GC(559) Metaspace: 15632K(16000K)->15632K(16000K) NonClass: 13998K(14080K)->13998K(14080K) Class: 1634K(1920K)->1634K(1920K)
[2025-12-25T02:06:07.863+0000][gc          ] GC(559) Pause Young (Normal) (G1 Evacuation Pause) 899M->293M(1024M) 20.286ms
[2025-12-25T02:06:07.863+0000][gc,cpu      ] GC(559) User=0.14s Sys=0.01s Real=0.02s
[2025-12-25T02:06:38.003+0000][gc,start    ] GC(560) Pause Young (Normal) (G1 Evacuation Pause)
[2025-12-25T02:06:38.003+0000][gc,task     ] GC(560) Using 8 workers of 8 for evacuation
[2025-12-25T02:06:38.018+0000][gc,phases   ] GC(560)   Pre Evacuate Collection Set: 1.0ms
[2025-12-25T02:06:38.018+0000][gc,phases   ] GC(560)   Merge Heap Roots: 0.3ms
[2025-12-25T02:06:38.018+0000][gc,phases   ] GC(560)   Evacuate Collection Set: 11.9ms
[2025-12-25T02:06:38.018+0000][gc,phases   ] GC(560)   Post Evacuate Collection Set: 1.3ms
[2025-12-25T02:06:38.018+0000][gc,phases   ] GC(560)   Other: 0.2ms
[2025-12-25T02:06:38.018+0000][gc,heap     ] GC(560) Eden regions: 605->0(604)
[2025-12-25T02:06:38.019+0000][gc,heap     ] GC(560) Survivor regions: 9->10(77)
[2025-12-25T02:06:38.019+0000][gc,heap     ] GC(560) Old regions: 135->135
[2025-12-25T02:06:38.019+0000][gc,heap     ] GC(560) Humongous regions: 151->151
[2025-12-25T02:06:38.019+0000][gc,metaspace] GC(560) Metaspace: 15632K(16000K)->15632K(16000K) NonClass: 13998K(14080K)->13998K(14080K) Class: 1634K(1920K)->1634K(1920K)
[2025-12-25T02:06:38.019+0000][gc          ] GC(560) Pause Young (Normal) (G1 Evacuation Pause) 898M->295M(1024M) 16.138ms
[2025-12-25T02:06:38.019+0000][gc,cpu      ] GC(560) User=0.10s Sys=0.00s Real=0.01s
[2025-12-25T02:07:17.633+0000][gc,start    ] GC(561) Pause Young (Normal) (G1 Evacuation Pause)
[2025-12-25T02:07:17.634+0000][gc,task     ] GC(561) Using 8 workers of 8 for evacuation
[2025-12-25T02:07:17.650+0000][gc,phases   ] GC(561)   Pre Evacuate Collection Set: 1.1ms
[2025-12-25T02:07:17.650+0000][gc,phases   ] GC(561)   Merge Heap Roots: 0.2ms
[2025-12-25T02:07:17.650+0000][gc,phases   ] GC(561)   Evacuate Collection Set: 12.9ms
[2025-12-25T02:07:17.650+0000][gc,phases   ] GC(561)   Post Evacuate Collection Set: 1.6ms
[2025-12-25T02:07:17.650+0000][gc,phases   ] GC(561)   Other: 0.3ms
[2025-12-25T02:07:17.650+0000][gc,heap     ] GC(561) Eden regions: 604->0(609)
[2025-12-25T02:07:17.650+0000][gc,heap     ] GC(561) Survivor regions: 10->5(77)
[2025-12-25T02:07:17.650+0000][gc,heap     ] GC(561) Old regions: 135->135
[2025-12-25T02:07:17.650+0000][gc,heap     ] GC(561) Humongous regions: 151->151
[2025-12-25T02:07:17.651+0000][gc,metaspace] GC(561) Metaspace: 15632K(16000K)->15632K(16000K) NonClass: 13998K(14080K)->13998K(14080K) Class: 1634K(1920K)->1634K(1920K)
[2025-12-25T02:07:17.651+0000][gc          ] GC(561) Pause Young (Normal) (G1 Evacuation Pause) 899M->290M(1024M) 17.242ms
[2025-12-25T02:07:17.651+0000][gc,cpu      ] GC(561) User=0.08s Sys=0.00s Real=0.02s
[2025-12-25T02:07:48.122+0000][gc,start    ] GC(562) Pause Young (Normal) (G1 Evacuation Pause)
[2025-12-25T02:07:48.122+0000][gc,task     ] GC(562) Using 8 workers of 8 for evacuation
[2025-12-25T02:07:48.153+0000][gc,phases   ] GC(562)   Pre Evacuate Collection Set: 4.3ms
[2025-12-25T02:07:48.154+0000][gc,phases   ] GC(562)   Merge Heap Roots: 1.4ms
[2025-12-25T02:07:48.154+0000][gc,phases   ] GC(562)   Evacuate Collection Set: 22.9ms
[2025-12-25T02:07:48.154+0000][gc,phases   ] GC(562)   Post Evacuate Collection Set: 1.5ms
[2025-12-25T02:07:48.154+0000][gc,phases   ] GC(562)   Other: 0.7ms
[2025-12-25T02:07:48.154+0000][gc,heap     ] GC(562) Eden regions: 609->0(607)
[2025-12-25T02:07:48.154+0000][gc,heap     ] GC(562) Survivor regions: 5->7(77)
[2025-12-25T02:07:48.154+0000][gc,heap     ] GC(562) Old regions: 135->135
[2025-12-25T02:07:48.154+0000][gc,heap     ] GC(562) Humongous regions: 151->151
[2025-12-25T02:07:48.154+0000][gc,metaspace] GC(562) Metaspace: 15632K(16000K)->15632K(16000K) NonClass: 13998K(14080K)->13998K(14080K) Class: 1634K(1920K)->1634K(1920K)
[2025-12-25T02:07:48.154+0000][gc          ] GC(562) Pause Young (Normal) (G1 Evacuation Pause) 899M->292M(1024M) 32.176ms
[2025-12-25T02:07:48.154+0000][gc,cpu      ] GC(562) User=0.18s Sys=0.00s Real=0.03s
[2025-12-25T02:08:18.153+0000][gc,start    ] GC(563) Pause Young (Normal) (G1 Evacuation Pause)
[2025-12-25T02:08:18.153+0000][gc,task     ] GC(563) Using 8 workers of 8 for evacuation
[2025-12-25T02:08:18.162+0000][gc,phases   ] GC(563)   Pre Evacuate Collection Set: 1.0ms
[2025-12-25T02:08:18.162+0000][gc,phases   ] GC(563)   Merge Heap Roots: 0.2ms
[2025-12-25T02:08:18.162+0000][gc,phases   ] GC(563)   Evacuate Collection Set: 6.4ms
[2025-12-25T02:08:18.162+0000][gc,phases   ] GC(563)   Post Evacuate Collection Set: 1.0ms
[2025-12-25T02:08:18.162+0000][gc,phases   ] GC(563)   Other: 0.3ms
[2025-12-25T02:08:18.163+0000][gc,heap     ] GC(563) Eden regions: 607->0(606)
[2025-12-25T02:08:18.163+0000][gc,heap     ] GC(563) Survivor regions: 7->8(77)
[2025-12-25T02:08:18.163+0000][gc,heap     ] GC(563) Old regions: 135->136
[2025-12-25T02:08:18.163+0000][gc,heap     ] GC(563) Humongous regions: 151->151
[2025-12-25T02:08:18.163+0000][gc,metaspace] GC(563) Metaspace: 15632K(16000K)->15632K(16000K) NonClass: 13998K(14080K)->13998K(14080K) Class: 1634K(1920K)->1634K(1920K)
[2025-12-25T02:08:18.163+0000][gc          ] GC(563) Pause Young (Normal) (G1 Evacuation Pause) 899M->293M(1024M) 10.003ms
[2025-12-25T02:08:18.163+0000][gc,cpu      ] GC(563) User=0.05s Sys=0.00s Real=0.01s
[2025-12-25T02:08:57.813+0000][gc,start    ] GC(564) Pause Young (Normal) (G1 Evacuation Pause)
[2025-12-25T02:08:57.813+0000][gc,task     ] GC(564) Using 8 workers of 8 for evacuation
[2025-12-25T02:08:57.835+0000][gc,phases   ] GC(564)   Pre Evacuate Collection Set: 1.1ms
[2025-12-25T02:08:57.835+0000][gc,phases   ] GC(564)   Merge Heap Roots: 0.2ms
[2025-12-25T02:08:57.835+0000][gc,phases   ] GC(564)   Evacuate Collection Set: 19.2ms
[2025-12-25T02:08:57.835+0000][gc,phases   ] GC(564)   Post Evacuate Collection Set: 1.1ms
[2025-12-25T02:08:57.835+0000][gc,phases   ] GC(564)   Other: 0.2ms
[2025-12-25T02:08:57.835+0000][gc,heap     ] GC(564) Eden regions: 606->0(607)
[2025-12-25T02:08:57.835+0000][gc,heap     ] GC(564) Survivor regions: 8->7(77)
[2025-12-25T02:08:57.835+0000][gc,heap     ] GC(564) Old regions: 136->136
[2025-12-25T02:08:57.835+0000][gc,heap     ] GC(564) Humongous regions: 151->151
[2025-12-25T02:08:57.835+0000][gc,metaspace] GC(564) Metaspace: 15632K(16000K)->15632K(16000K) NonClass: 13998K(14080K)->13998K(14080K) Class: 1634K(1920K)->1634K(1920K)
[2025-12-25T02:08:57.836+0000][gc          ] GC(564) Pause Young (Normal) (G1 Evacuation Pause) 899M->293M(1024M) 23.077ms
[2025-12-25T02:08:57.836+0000][gc,cpu      ] GC(564) User=0.16s Sys=0.00s Real=0.02s
[2025-12-25T02:09:28.038+0000][gc,start    ] GC(565) Pause Young (Normal) (G1 Evacuation Pause)
[2025-12-25T02:09:28.039+0000][gc,task     ] GC(565) Using 8 workers of 8 for evacuation
[2025-12-25T02:09:28.052+0000][gc,phases   ] GC(565)   Pre Evacuate Collection Set: 1.1ms
[2025-12-25T02:09:28.052+0000][gc,phases   ] GC(565)   Merge Heap Roots: 0.7ms
[2025-12-25T02:09:28.052+0000][gc,phases   ] GC(565)   Evacuate Collection Set: 10.5ms
[2025-12-25T02:09:28.052+0000][gc,phases   ] GC(565)   Post Evacuate Collection Set: 1.0ms
[2025-12-25T02:09:28.052+0000][gc,phases   ] GC(565)   Other: 0.2ms
[2025-12-25T02:09:28.052+0000][gc,heap     ] GC(565) Eden regions: 607->0(605)
[2025-12-25T02:09:28.052+0000][gc,heap     ] GC(565) Survivor regions: 7->9(77)
[2025-12-25T02:09:28.052+0000][gc,heap     ] GC(565) Old regions: 136->136
[2025-12-25T02:09:28.052+0000][gc,heap     ] GC(565) Humongous regions: 151->151
[2025-12-25T02:09:28.053+0000][gc,metaspace] GC(565) Metaspace: 15632K(16000K)->15632K(16000K) NonClass: 13998K(14080K)->13998K(14080K) Class: 1634K(1920K)->1634K(1920K)
[2025-12-25T02:09:28.053+0000][gc          ] GC(565) Pause Young (Normal) (G1 Evacuation Pause) 900M->295M(1024M) 14.199ms
[2025-12-25T02:09:28.053+0000][gc,cpu      ] GC(565) User=0.09s Sys=0.00s Real=0.01s
[2025-12-25T02:10:07.704+0000][gc,start    ] GC(566) Pause Young (Normal) (G1 Evacuation Pause)
[2025-12-25T02:10:07.705+0000][gc,task     ] GC(566) Using 8 workers of 8 for evacuation
[2025-12-25T02:10:07.724+0000][gc,phases   ] GC(566)   Pre Evacuate Collection Set: 3.2ms
[2025-12-25T02:10:07.724+0000][gc,phases   ] GC(566)   Merge Heap Roots: 0.5ms
[2025-12-25T02:10:07.724+0000][gc,phases   ] GC(566)   Evacuate Collection Set: 12.6ms
[2025-12-25T02:10:07.724+0000][gc,phases   ] GC(566)   Post Evacuate Collection Set: 1.9ms
[2025-12-25T02:10:07.724+0000][gc,phases   ] GC(566)   Other: 0.9ms
[2025-12-25T02:10:07.724+0000][gc,heap     ] GC(566) Eden regions: 605->0(605)
[2025-12-25T02:10:07.724+0000][gc,heap     ] GC(566) Survivor regions: 9->9(77)
[2025-12-25T02:10:07.724+0000][gc,heap     ] GC(566) Old regions: 136->136
[2025-12-25T02:10:07.724+0000][gc,heap     ] GC(566) Humongous regions: 151->151
[2025-12-25T02:10:07.724+0000][gc,metaspace] GC(566) Metaspace: 15635K(16000K)->15635K(16000K) NonClass: 14001K(14080K)->14001K(14080K) Class: 1634K(1920K)->1634K(1920K)
[2025-12-25T02:10:07.724+0000][gc          ] GC(566) Pause Young (Normal) (G1 Evacuation Pause) 900M->294M(1024M) 21.011ms
[2025-12-25T02:10:07.725+0000][gc,cpu      ] GC(566) User=0.10s Sys=0.01s Real=0.02s
[2025-12-25T02:10:37.974+0000][gc,start    ] GC(567) Pause Young (Normal) (G1 Evacuation Pause)
[2025-12-25T02:10:37.974+0000][gc,task     ] GC(567) Using 8 workers of 8 for evacuation
[2025-12-25T02:10:37.991+0000][gc,phases   ] GC(567)   Pre Evacuate Collection Set: 1.0ms
[2025-12-25T02:10:37.992+0000][gc,phases   ] GC(567)   Merge Heap Roots: 0.3ms
[2025-12-25T02:10:37.992+0000][gc,phases   ] GC(567)   Evacuate Collection Set: 14.6ms
[2025-12-25T02:10:37.992+0000][gc,phases   ] GC(567)   Post Evacuate Collection Set: 1.1ms
[2025-12-25T02:10:37.992+0000][gc,phases   ] GC(567)   Other: 0.3ms
[2025-12-25T02:10:37.992+0000][gc,heap     ] GC(567) Eden regions: 605->0(604)
[2025-12-25T02:10:37.992+0000][gc,heap     ] GC(567) Survivor regions: 9->10(77)
[2025-12-25T02:10:37.992+0000][gc,heap     ] GC(567) Old regions: 136->136
[2025-12-25T02:10:37.992+0000][gc,heap     ] GC(567) Humongous regions: 151->151
[2025-12-25T02:10:37.992+0000][gc,metaspace] GC(567) Metaspace: 15635K(16000K)->15635K(16000K) NonClass: 14001K(14080K)->14001K(14080K) Class: 1634K(1920K)->1634K(1920K)
[2025-12-25T02:10:37.992+0000][gc          ] GC(567) Pause Young (Normal) (G1 Evacuation Pause) 899M->296M(1024M) 18.585ms
[2025-12-25T02:10:37.992+0000][gc,cpu      ] GC(567) User=0.12s Sys=0.00s Real=0.01s
[2025-12-25T02:11:17.609+0000][gc,start    ] GC(568) Pause Young (Normal) (G1 Evacuation Pause)
[2025-12-25T02:11:17.609+0000][gc,task     ] GC(568) Using 8 workers of 8 for evacuation
[2025-12-25T02:11:17.641+0000][gc,phases   ] GC(568)   Pre Evacuate Collection Set: 2.1ms
[2025-12-25T02:11:17.641+0000][gc,phases   ] GC(568)   Merge Heap Roots: 0.5ms
[2025-12-25T02:11:17.641+0000][gc,phases   ] GC(568)   Evacuate Collection Set: 25.1ms
[2025-12-25T02:11:17.641+0000][gc,phases   ] GC(568)   Post Evacuate Collection Set: 3.7ms
[2025-12-25T02:11:17.641+0000][gc,phases   ] GC(568)   Other: 0.5ms
[2025-12-25T02:11:17.641+0000][gc,heap     ] GC(568) Eden regions: 604->0(609)
[2025-12-25T02:11:17.641+0000][gc,heap     ] GC(568) Survivor regions: 10->5(77)
[2025-12-25T02:11:17.642+0000][gc,heap     ] GC(568) Old regions: 136->137
[2025-12-25T02:11:17.642+0000][gc,heap     ] GC(568) Humongous regions: 151->151
[2025-12-25T02:11:17.642+0000][gc,metaspace] GC(568) Metaspace: 15635K(16000K)->15635K(16000K) NonClass: 14001K(14080K)->14001K(14080K) Class: 1634K(1920K)->1634K(1920K)
[2025-12-25T02:11:17.642+0000][gc          ] GC(568) Pause Young (Normal) (G1 Evacuation Pause) 900M->291M(1024M) 33.132ms
[2025-12-25T02:11:17.642+0000][gc,cpu      ] GC(568) User=0.17s Sys=0.05s Real=0.03s
[2025-12-25T02:11:47.853+0000][gc,start    ] GC(569) Pause Young (Normal) (G1 Evacuation Pause)
[2025-12-25T02:11:47.853+0000][gc,task     ] GC(569) Using 8 workers of 8 for evacuation
[2025-12-25T02:11:47.865+0000][gc,phases   ] GC(569)   Pre Evacuate Collection Set: 1.0ms
[2025-12-25T02:11:47.865+0000][gc,phases   ] GC(569)   Merge Heap Roots: 0.2ms
[2025-12-25T02:11:47.865+0000][gc,phases   ] GC(569)   Evacuate Collection Set: 9.3ms
[2025-12-25T02:11:47.866+0000][gc,phases   ] GC(569)   Post Evacuate Collection Set: 1.1ms
[2025-12-25T02:11:47.866+0000][gc,phases   ] GC(569)   Other: 0.2ms
[2025-12-25T02:11:47.866+0000][gc,heap     ] GC(569) Eden regions: 609->0(608)
[2025-12-25T02:11:47.866+0000][gc,heap     ] GC(569) Survivor regions: 5->6(77)
[2025-12-25T02:11:47.866+0000][gc,heap     ] GC(569) Old regions: 137->137
[2025-12-25T02:11:47.866+0000][gc,heap     ] GC(569) Humongous regions: 151->151
[2025-12-25T02:11:47.866+0000][gc,metaspace] GC(569) Metaspace: 15635K(16000K)->15635K(16000K) NonClass: 14001K(14080K)->14001K(14080K) Class: 1634K(1920K)->1634K(1920K)
[2025-12-25T02:11:47.866+0000][gc          ] GC(569) Pause Young (Normal) (G1 Evacuation Pause) 900M->293M(1024M) 12.867ms
[2025-12-25T02:11:47.866+0000][gc,cpu      ] GC(569) User=0.07s Sys=0.01s Real=0.01s
[2025-12-25T02:12:18.119+0000][gc,start    ] GC(570) Pause Young (Normal) (G1 Evacuation Pause)
[2025-12-25T02:12:18.119+0000][gc,task     ] GC(570) Using 8 workers of 8 for evacuation
[2025-12-25T02:12:18.128+0000][gc,phases   ] GC(570)   Pre Evacuate Collection Set: 1.0ms
[2025-12-25T02:12:18.129+0000][gc,phases   ] GC(570)   Merge Heap Roots: 0.3ms
[2025-12-25T02:12:18.129+0000][gc,phases   ] GC(570)   Evacuate Collection Set: 7.0ms
[2025-12-25T02:12:18.129+0000][gc,phases   ] GC(570)   Post Evacuate Collection Set: 0.9ms
[2025-12-25T02:12:18.129+0000][gc,phases   ] GC(570)   Other: 0.2ms
[2025-12-25T02:12:18.129+0000][gc,heap     ] GC(570) Eden regions: 608->0(606)
[2025-12-25T02:12:18.129+0000][gc,heap     ] GC(570) Survivor regions: 6->8(77)
[2025-12-25T02:12:18.129+0000][gc,heap     ] GC(570) Old regions: 137->137
[2025-12-25T02:12:18.129+0000][gc,heap     ] GC(570) Humongous regions: 151->151
[2025-12-25T02:12:18.129+0000][gc,metaspace] GC(570) Metaspace: 15636K(16000K)->15636K(16000K) NonClass: 14002K(14080K)->14002K(14080K) Class: 1634K(1920K)->1634K(1920K)
[2025-12-25T02:12:18.129+0000][gc          ] GC(570) Pause Young (Normal) (G1 Evacuation Pause) 901M->294M(1024M) 10.447ms
[2025-12-25T02:12:18.129+0000][gc,cpu      ] GC(570) User=0.06s Sys=0.00s Real=0.01s
[2025-12-25T02:12:57.769+0000][gc,start    ] GC(571) Pause Young (Normal) (G1 Evacuation Pause)
[2025-12-25T02:12:57.770+0000][gc,task     ] GC(571) Using 8 workers of 8 for evacuation
[2025-12-25T02:12:57.787+0000][gc,phases   ] GC(571)   Pre Evacuate Collection Set: 1.0ms
[2025-12-25T02:12:57.787+0000][gc,phases   ] GC(571)   Merge Heap Roots: 0.2ms
[2025-12-25T02:12:57.787+0000][gc,phases   ] GC(571)   Evacuate Collection Set: 14.9ms
[2025-12-25T02:12:57.787+0000][gc,phases   ] GC(571)   Post Evacuate Collection Set: 0.9ms
[2025-12-25T02:12:57.787+0000][gc,phases   ] GC(571)   Other: 0.2ms
[2025-12-25T02:12:57.787+0000][gc,heap     ] GC(571) Eden regions: 606->0(607)
[2025-12-25T02:12:57.788+0000][gc,heap     ] GC(571) Survivor regions: 8->7(77)
[2025-12-25T02:12:57.788+0000][gc,heap     ] GC(571) Old regions: 137->137
[2025-12-25T02:12:57.788+0000][gc,heap     ] GC(571) Humongous regions: 151->151
[2025-12-25T02:12:57.788+0000][gc,metaspace] GC(571) Metaspace: 15636K(16000K)->15636K(16000K) NonClass: 14002K(14080K)->14002K(14080K) Class: 1634K(1920K)->1634K(1920K)
[2025-12-25T02:12:57.788+0000][gc          ] GC(571) Pause Young (Normal) (G1 Evacuation Pause) 900M->294M(1024M) 18.422ms
[2025-12-25T02:12:57.788+0000][gc,cpu      ] GC(571) User=0.11s Sys=0.00s Real=0.02s
[2025-12-25T02:13:28.109+0000][gc,start    ] GC(572) Pause Young (Normal) (G1 Evacuation Pause)
[2025-12-25T02:13:28.110+0000][gc,task     ] GC(572) Using 8 workers of 8 for evacuation
[2025-12-25T02:13:28.126+0000][gc,phases   ] GC(572)   Pre Evacuate Collection Set: 1.2ms
[2025-12-25T02:13:28.126+0000][gc,phases   ] GC(572)   Merge Heap Roots: 0.2ms
[2025-12-25T02:13:28.126+0000][gc,phases   ] GC(572)   Evacuate Collection Set: 12.5ms
[2025-12-25T02:13:28.126+0000][gc,phases   ] GC(572)   Post Evacuate Collection Set: 1.0ms
[2025-12-25T02:13:28.126+0000][gc,phases   ] GC(572)   Other: 0.4ms
[2025-12-25T02:13:28.126+0000][gc,heap     ] GC(572) Eden regions: 607->0(605)
[2025-12-25T02:13:28.126+0000][gc,heap     ] GC(572) Survivor regions: 7->9(77)
[2025-12-25T02:13:28.126+0000][gc,heap     ] GC(572) Old regions: 137->138
[2025-12-25T02:13:28.126+0000][gc,heap     ] GC(572) Humongous regions: 151->151
[2025-12-25T02:13:28.126+0000][gc,metaspace] GC(572) Metaspace: 15636K(16000K)->15636K(16000K) NonClass: 14002K(14080K)->14002K(14080K) Class: 1634K(1920K)->1634K(1920K)
[2025-12-25T02:13:28.126+0000][gc          ] GC(572) Pause Young (Normal) (G1 Evacuation Pause) 901M->296M(1024M) 17.578ms
[2025-12-25T02:13:28.126+0000][gc,cpu      ] GC(572) User=0.09s Sys=0.01s Real=0.02s
[2025-12-25T02:14:07.733+0000][gc,start    ] GC(573) Pause Young (Normal) (G1 Evacuation Pause)
[2025-12-25T02:14:07.734+0000][gc,task     ] GC(573) Using 8 workers of 8 for evacuation
[2025-12-25T02:14:07.751+0000][gc,phases   ] GC(573)   Pre Evacuate Collection Set: 2.7ms
[2025-12-25T02:14:07.751+0000][gc,phases   ] GC(573)   Merge Heap Roots: 0.3ms
[2025-12-25T02:14:07.751+0000][gc,phases   ] GC(573)   Evacuate Collection Set: 12.0ms
[2025-12-25T02:14:07.751+0000][gc,phases   ] GC(573)   Post Evacuate Collection Set: 1.3ms
[2025-12-25T02:14:07.751+0000][gc,phases   ] GC(573)   Other: 0.6ms
[2025-12-25T02:14:07.751+0000][gc,heap     ] GC(573) Eden regions: 605->0(606)
[2025-12-25T02:14:07.751+0000][gc,heap     ] GC(573) Survivor regions: 9->8(77)
[2025-12-25T02:14:07.751+0000][gc,heap     ] GC(573) Old regions: 138->138
[2025-12-25T02:14:07.751+0000][gc,heap     ] GC(573) Humongous regions: 151->151
[2025-12-25T02:14:07.751+0000][gc,metaspace] GC(573) Metaspace: 15636K(16000K)->15636K(16000K) NonClass: 14002K(14080K)->14002K(14080K) Class: 1634K(1920K)->1634K(1920K)
[2025-12-25T02:14:07.751+0000][gc          ] GC(573) Pause Young (Normal) (G1 Evacuation Pause) 901M->295M(1024M) 18.332ms
[2025-12-25T02:14:07.751+0000][gc,cpu      ] GC(573) User=0.11s Sys=0.00s Real=0.02s
[2025-12-25T02:14:37.939+0000][gc,start    ] GC(574) Pause Young (Normal) (G1 Evacuation Pause)
[2025-12-25T02:14:37.939+0000][gc,task     ] GC(574) Using 8 workers of 8 for evacuation
[2025-12-25T02:14:37.959+0000][gc,phases   ] GC(574)   Pre Evacuate Collection Set: 1.1ms
[2025-12-25T02:14:37.959+0000][gc,phases   ] GC(574)   Merge Heap Roots: 0.3ms
[2025-12-25T02:14:37.959+0000][gc,phases   ] GC(574)   Evacuate Collection Set: 16.3ms
[2025-12-25T02:14:37.959+0000][gc,phases   ] GC(574)   Post Evacuate Collection Set: 1.0ms
[2025-12-25T02:14:37.959+0000][gc,phases   ] GC(574)   Other: 0.3ms
[2025-12-25T02:14:37.959+0000][gc,heap     ] GC(574) Eden regions: 606->0(604)
[2025-12-25T02:14:37.959+0000][gc,heap     ] GC(574) Survivor regions: 8->10(77)
[2025-12-25T02:14:37.959+0000][gc,heap     ] GC(574) Old regions: 138->138
[2025-12-25T02:14:37.959+0000][gc,heap     ] GC(574) Humongous regions: 151->151
[2025-12-25T02:14:37.959+0000][gc,metaspace] GC(574) Metaspace: 15636K(16000K)->15636K(16000K) NonClass: 14002K(14080K)->14002K(14080K) Class: 1634K(1920K)->1634K(1920K)
[2025-12-25T02:14:37.959+0000][gc          ] GC(574) Pause Young (Normal) (G1 Evacuation Pause) 901M->297M(1024M) 20.328ms
[2025-12-25T02:14:37.959+0000][gc,cpu      ] GC(574) User=0.13s Sys=0.00s Real=0.02s
[2025-12-25T02:15:17.591+0000][gc,start    ] GC(575) Pause Young (Normal) (G1 Evacuation Pause)
[2025-12-25T02:15:17.592+0000][gc,task     ] GC(575) Using 8 workers of 8 for evacuation
[2025-12-25T02:15:17.608+0000][gc,phases   ] GC(575)   Pre Evacuate Collection Set: 1.9ms
[2025-12-25T02:15:17.608+0000][gc,phases   ] GC(575)   Merge Heap Roots: 0.4ms
[2025-12-25T02:15:17.608+0000][gc,phases   ] GC(575)   Evacuate Collection Set: 12.2ms
[2025-12-25T02:15:17.608+0000][gc,phases   ] GC(575)   Post Evacuate Collection Set: 1.4ms
[2025-12-25T02:15:17.608+0000][gc,phases   ] GC(575)   Other: 0.6ms
[2025-12-25T02:15:17.608+0000][gc,heap     ] GC(575) Eden regions: 604->0(609)
[2025-12-25T02:15:17.608+0000][gc,heap     ] GC(575) Survivor regions: 10->5(77)
[2025-12-25T02:15:17.608+0000][gc,heap     ] GC(575) Old regions: 138->138
[2025-12-25T02:15:17.608+0000][gc,heap     ] GC(575) Humongous regions: 151->151
[2025-12-25T02:15:17.609+0000][gc,metaspace] GC(575) Metaspace: 15636K(16000K)->15636K(16000K) NonClass: 14002K(14080K)->14002K(14080K) Class: 1634K(1920K)->1634K(1920K)
[2025-12-25T02:15:17.609+0000][gc          ] GC(575) Pause Young (Normal) (G1 Evacuation Pause) 901M->293M(1024M) 17.636ms
[2025-12-25T02:15:17.609+0000][gc,cpu      ] GC(575) User=0.10s Sys=0.01s Real=0.02s
[2025-12-25T02:15:47.881+0000][gc,start    ] GC(576) Pause Young (Normal) (G1 Evacuation Pause)
[2025-12-25T02:15:47.882+0000][gc,task     ] GC(576) Using 8 workers of 8 for evacuation
[2025-12-25T02:15:47.898+0000][gc,phases   ] GC(576)   Pre Evacuate Collection Set: 1.4ms
[2025-12-25T02:15:47.898+0000][gc,phases   ] GC(576)   Merge Heap Roots: 0.4ms
[2025-12-25T02:15:47.898+0000][gc,phases   ] GC(576)   Evacuate Collection Set: 10.4ms
[2025-12-25T02:15:47.898+0000][gc,phases   ] GC(576)   Post Evacuate Collection Set: 3.4ms
[2025-12-25T02:15:47.898+0000][gc,phases   ] GC(576)   Other: 0.3ms
[2025-12-25T02:15:47.898+0000][gc,heap     ] GC(576) Eden regions: 609->0(608)
[2025-12-25T02:15:47.898+0000][gc,heap     ] GC(576) Survivor regions: 5->6(77)
[2025-12-25T02:15:47.898+0000][gc,heap     ] GC(576) Old regions: 138->139
[2025-12-25T02:15:47.898+0000][gc,heap     ] GC(576) Humongous regions: 151->151
[2025-12-25T02:15:47.898+0000][gc,metaspace] GC(576) Metaspace: 15636K(16000K)->15636K(16000K) NonClass: 14002K(14080K)->14002K(14080K) Class: 1634K(1920K)->1634K(1920K)
[2025-12-25T02:15:47.899+0000][gc          ] GC(576) Pause Young (Normal) (G1 Evacuation Pause) 902M->294M(1024M) 17.152ms
[2025-12-25T02:15:47.899+0000][gc,cpu      ] GC(576) User=0.10s Sys=0.00s Real=0.02s
[2025-12-25T02:16:18.112+0000][gc,start    ] GC(577) Pause Young (Normal) (G1 Evacuation Pause)
[2025-12-25T02:16:18.114+0000][gc,task     ] GC(577) Using 8 workers of 8 for evacuation
[2025-12-25T02:16:18.126+0000][gc,phases   ] GC(577)   Pre Evacuate Collection Set: 2.7ms
[2025-12-25T02:16:18.126+0000][gc,phases   ] GC(577)   Merge Heap Roots: 0.3ms
[2025-12-25T02:16:18.126+0000][gc,phases   ] GC(577)   Evacuate Collection Set: 7.8ms
[2025-12-25T02:16:18.127+0000][gc,phases   ] GC(577)   Post Evacuate Collection Set: 1.3ms
[2025-12-25T02:16:18.127+0000][gc,phases   ] GC(577)   Other: 0.7ms
[2025-12-25T02:16:18.127+0000][gc,heap     ] GC(577) Eden regions: 608->0(606)
[2025-12-25T02:16:18.127+0000][gc,heap     ] GC(577) Survivor regions: 6->8(77)
[2025-12-25T02:16:18.127+0000][gc,heap     ] GC(577) Old regions: 139->139
[2025-12-25T02:16:18.127+0000][gc,heap     ] GC(577) Humongous regions: 151->151
[2025-12-25T02:16:18.127+0000][gc,metaspace] GC(577) Metaspace: 15636K(16000K)->15636K(16000K) NonClass: 14002K(14080K)->14002K(14080K) Class: 1634K(1920K)->1634K(1920K)
[2025-12-25T02:16:18.127+0000][gc          ] GC(577) Pause Young (Normal) (G1 Evacuation Pause) 902M->296M(1024M) 14.858ms
[2025-12-25T02:16:18.127+0000][gc,cpu      ] GC(577) User=0.06s Sys=0.00s Real=0.02s
[2025-12-25T02:16:57.781+0000][gc,start    ] GC(578) Pause Young (Normal) (G1 Evacuation Pause)
[2025-12-25T02:16:57.782+0000][gc,task     ] GC(578) Using 8 workers of 8 for evacuation
[2025-12-25T02:16:57.807+0000][gc,phases   ] GC(578)   Pre Evacuate Collection Set: 1.4ms
[2025-12-25T02:16:57.807+0000][gc,phases   ] GC(578)   Merge Heap Roots: 0.7ms
[2025-12-25T02:16:57.807+0000][gc,phases   ] GC(578)   Evacuate Collection Set: 20.5ms
[2025-12-25T02:16:57.807+0000][gc,phases   ] GC(578)   Post Evacuate Collection Set: 1.4ms
[2025-12-25T02:16:57.807+0000][gc,phases   ] GC(578)   Other: 0.6ms
[2025-12-25T02:16:57.807+0000][gc,heap     ] GC(578) Eden regions: 606->0(607)
[2025-12-25T02:16:57.807+0000][gc,heap     ] GC(578) Survivor regions: 8->7(77)
[2025-12-25T02:16:57.807+0000][gc,heap     ] GC(578) Old regions: 139->139
[2025-12-25T02:16:57.807+0000][gc,heap     ] GC(578) Humongous regions: 151->151
[2025-12-25T02:16:57.807+0000][gc,metaspace] GC(578) Metaspace: 15636K(16000K)->15636K(16000K) NonClass: 14002K(14080K)->14002K(14080K) Class: 1634K(1920K)->1634K(1920K)
[2025-12-25T02:16:57.807+0000][gc          ] GC(578) Pause Young (Normal) (G1 Evacuation Pause) 902M->296M(1024M) 26.015ms
[2025-12-25T02:16:57.808+0000][gc,cpu      ] GC(578) User=0.14s Sys=0.00s Real=0.03s
[2025-12-25T02:17:28.007+0000][gc,start    ] GC(579) Pause Young (Normal) (G1 Evacuation Pause)
[2025-12-25T02:17:28.008+0000][gc,task     ] GC(579) Using 8 workers of 8 for evacuation
[2025-12-25T02:17:28.022+0000][gc,phases   ] GC(579)   Pre Evacuate Collection Set: 1.1ms
[2025-12-25T02:17:28.022+0000][gc,phases   ] GC(579)   Merge Heap Roots: 0.2ms
[2025-12-25T02:17:28.022+0000][gc,phases   ] GC(579)   Evacuate Collection Set: 11.6ms
[2025-12-25T02:17:28.022+0000][gc,phases   ] GC(579)   Post Evacuate Collection Set: 1.1ms
[2025-12-25T02:17:28.022+0000][gc,phases   ] GC(579)   Other: 0.2ms
[2025-12-25T02:17:28.022+0000][gc,heap     ] GC(579) Eden regions: 607->0(605)
[2025-12-25T02:17:28.022+0000][gc,heap     ] GC(579) Survivor regions: 7->9(77)
[2025-12-25T02:17:28.022+0000][gc,heap     ] GC(579) Old regions: 139->139
[2025-12-25T02:17:28.022+0000][gc,heap     ] GC(579) Humongous regions: 151->151
[2025-12-25T02:17:28.022+0000][gc,metaspace] GC(579) Metaspace: 15636K(16000K)->15636K(16000K) NonClass: 14002K(14080K)->14002K(14080K) Class: 1634K(1920K)->1634K(1920K)
[2025-12-25T02:17:28.022+0000][gc          ] GC(579) Pause Young (Normal) (G1 Evacuation Pause) 903M->297M(1024M) 15.333ms
[2025-12-25T02:17:28.022+0000][gc,cpu      ] GC(579) User=0.09s Sys=0.00s Real=0.01s
[2025-12-25T02:18:07.690+0000][gc,start    ] GC(580) Pause Young (Normal) (G1 Evacuation Pause)
[2025-12-25T02:18:07.693+0000][gc,task     ] GC(580) Using 8 workers of 8 for evacuation
[2025-12-25T02:18:07.714+0000][gc,phases   ] GC(580)   Pre Evacuate Collection Set: 1.2ms
[2025-12-25T02:18:07.714+0000][gc,phases   ] GC(580)   Merge Heap Roots: 0.4ms
[2025-12-25T02:18:07.714+0000][gc,phases   ] GC(580)   Evacuate Collection Set: 14.6ms
[2025-12-25T02:18:07.714+0000][gc,phases   ] GC(580)   Post Evacuate Collection Set: 4.0ms
[2025-12-25T02:18:07.714+0000][gc,phases   ] GC(580)   Other: 0.8ms
[2025-12-25T02:18:07.714+0000][gc,heap     ] GC(580) Eden regions: 605->0(606)
[2025-12-25T02:18:07.714+0000][gc,heap     ] GC(580) Survivor regions: 9->8(77)
[2025-12-25T02:18:07.714+0000][gc,heap     ] GC(580) Old regions: 139->139
[2025-12-25T02:18:07.714+0000][gc,heap     ] GC(580) Humongous regions: 151->151
[2025-12-25T02:18:07.714+0000][gc,metaspace] GC(580) Metaspace: 15638K(16064K)->15638K(16064K) NonClass: 14004K(14144K)->14004K(14144K) Class: 1634K(1920K)->1634K(1920K)
[2025-12-25T02:18:07.715+0000][gc          ] GC(580) Pause Young (Normal) (G1 Evacuation Pause) 902M->297M(1024M) 24.693ms
[2025-12-25T02:18:07.715+0000][gc,cpu      ] GC(580) User=0.12s Sys=0.00s Real=0.02s
[2025-12-25T02:18:37.934+0000][gc,start    ] GC(581) Pause Young (Normal) (G1 Evacuation Pause)
[2025-12-25T02:18:37.934+0000][gc,task     ] GC(581) Using 8 workers of 8 for evacuation
[2025-12-25T02:18:37.951+0000][gc,phases   ] GC(581)   Pre Evacuate Collection Set: 1.2ms
[2025-12-25T02:18:37.951+0000][gc,phases   ] GC(581)   Merge Heap Roots: 0.3ms
[2025-12-25T02:18:37.951+0000][gc,phases   ] GC(581)   Evacuate Collection Set: 13.7ms
[2025-12-25T02:18:37.951+0000][gc,phases   ] GC(581)   Post Evacuate Collection Set: 1.2ms
[2025-12-25T02:18:37.951+0000][gc,phases   ] GC(581)   Other: 0.3ms
[2025-12-25T02:18:37.951+0000][gc,heap     ] GC(581) Eden regions: 606->0(605)
[2025-12-25T02:18:37.951+0000][gc,heap     ] GC(581) Survivor regions: 8->9(77)
[2025-12-25T02:18:37.951+0000][gc,heap     ] GC(581) Old regions: 139->140
[2025-12-25T02:18:37.951+0000][gc,heap     ] GC(581) Humongous regions: 151->151
[2025-12-25T02:18:37.951+0000][gc,metaspace] GC(581) Metaspace: 15638K(16064K)->15638K(16064K) NonClass: 14004K(14144K)->14004K(14144K) Class: 1634K(1920K)->1634K(1920K)
[2025-12-25T02:18:37.951+0000][gc          ] GC(581) Pause Young (Normal) (G1 Evacuation Pause) 903M->298M(1024M) 17.743ms
[2025-12-25T02:18:37.951+0000][gc,cpu      ] GC(581) User=0.12s Sys=0.00s Real=0.02s
[2025-12-25T02:19:08.131+0000][gc,start    ] GC(582) Pause Young (Normal) (G1 Evacuation Pause)
[2025-12-25T02:19:08.131+0000][gc,task     ] GC(582) Using 8 workers of 8 for evacuation
[2025-12-25T02:19:08.148+0000][gc,phases   ] GC(582)   Pre Evacuate Collection Set: 1.0ms
[2025-12-25T02:19:08.149+0000][gc,phases   ] GC(582)   Merge Heap Roots: 0.3ms
[2025-12-25T02:19:08.149+0000][gc,phases   ] GC(582)   Evacuate Collection Set: 14.4ms
[2025-12-25T02:19:08.149+0000][gc,phases   ] GC(582)   Post Evacuate Collection Set: 1.0ms
[2025-12-25T02:19:08.149+0000][gc,phases   ] GC(582)   Other: 0.3ms
[2025-12-25T02:19:08.149+0000][gc,heap     ] GC(582) Eden regions: 605->0(603)
[2025-12-25T02:19:08.149+0000][gc,heap     ] GC(582) Survivor regions: 9->11(77)
[2025-12-25T02:19:08.149+0000][gc,heap     ] GC(582) Old regions: 140->140
[2025-12-25T02:19:08.149+0000][gc,heap     ] GC(582) Humongous regions: 151->151
[2025-12-25T02:19:08.149+0000][gc,metaspace] GC(582) Metaspace: 15638K(16064K)->15638K(16064K) NonClass: 14004K(14144K)->14004K(14144K) Class: 1634K(1920K)->1634K(1920K)
[2025-12-25T02:19:08.149+0000][gc          ] GC(582) Pause Young (Normal) (G1 Evacuation Pause) 903M->301M(1024M) 18.420ms
[2025-12-25T02:19:08.149+0000][gc,cpu      ] GC(582) User=0.12s Sys=0.00s Real=0.02s
[2025-12-25T02:19:47.892+0000][gc,start    ] GC(583) Pause Young (Normal) (G1 Evacuation Pause)
[2025-12-25T02:19:47.893+0000][gc,task     ] GC(583) Using 8 workers of 8 for evacuation
[2025-12-25T02:19:47.909+0000][gc,phases   ] GC(583)   Pre Evacuate Collection Set: 3.0ms
[2025-12-25T02:19:47.909+0000][gc,phases   ] GC(583)   Merge Heap Roots: 0.6ms
[2025-12-25T02:19:47.909+0000][gc,phases   ] GC(583)   Evacuate Collection Set: 10.7ms
[2025-12-25T02:19:47.909+0000][gc,phases   ] GC(583)   Post Evacuate Collection Set: 1.8ms
[2025-12-25T02:19:47.909+0000][gc,phases   ] GC(583)   Other: 0.5ms
[2025-12-25T02:19:47.909+0000][gc,heap     ] GC(583) Eden regions: 603->0(608)
[2025-12-25T02:19:47.909+0000][gc,heap     ] GC(583) Survivor regions: 11->6(77)
[2025-12-25T02:19:47.909+0000][gc,heap     ] GC(583) Old regions: 140->140
[2025-12-25T02:19:47.909+0000][gc,heap     ] GC(583) Humongous regions: 151->151
[2025-12-25T02:19:47.909+0000][gc,metaspace] GC(583) Metaspace: 15638K(16064K)->15638K(16064K) NonClass: 14004K(14144K)->14004K(14144K) Class: 1634K(1920K)->1634K(1920K)
[2025-12-25T02:19:47.909+0000][gc          ] GC(583) Pause Young (Normal) (G1 Evacuation Pause) 904M->296M(1024M) 17.797ms
[2025-12-25T02:19:47.909+0000][gc,cpu      ] GC(583) User=0.11s Sys=0.00s Real=0.02s
[2025-12-25T02:20:18.239+0000][gc,start    ] GC(584) Pause Young (Normal) (G1 Evacuation Pause)
[2025-12-25T02:20:18.239+0000][gc,task     ] GC(584) Using 8 workers of 8 for evacuation
[2025-12-25T02:20:18.248+0000][gc,phases   ] GC(584)   Pre Evacuate Collection Set: 1.0ms
[2025-12-25T02:20:18.249+0000][gc,phases   ] GC(584)   Merge Heap Roots: 0.2ms
[2025-12-25T02:20:18.249+0000][gc,phases   ] GC(584)   Evacuate Collection Set: 6.9ms
[2025-12-25T02:20:18.249+0000][gc,phases   ] GC(584)   Post Evacuate Collection Set: 1.0ms
[2025-12-25T02:20:18.249+0000][gc,phases   ] GC(584)   Other: 0.3ms
[2025-12-25T02:20:18.249+0000][gc,heap     ] GC(584) Eden regions: 608->0(607)
[2025-12-25T02:20:18.249+0000][gc,heap     ] GC(584) Survivor regions: 6->7(77)
[2025-12-25T02:20:18.249+0000][gc,heap     ] GC(584) Old regions: 140->140
[2025-12-25T02:20:18.249+0000][gc,heap     ] GC(584) Humongous regions: 151->151
[2025-12-25T02:20:18.249+0000][gc,metaspace] GC(584) Metaspace: 15638K(16064K)->15638K(16064K) NonClass: 14004K(14144K)->14004K(14144K) Class: 1634K(1920K)->1634K(1920K)
[2025-12-25T02:20:18.249+0000][gc          ] GC(584) Pause Young (Normal) (G1 Evacuation Pause) 904M->297M(1024M) 10.636ms
[2025-12-25T02:20:18.249+0000][gc,cpu      ] GC(584) User=0.06s Sys=0.00s Real=0.01s
[2025-12-25T02:20:57.752+0000][gc,start    ] GC(585) Pause Young (Normal) (G1 Evacuation Pause)
[2025-12-25T02:20:57.752+0000][gc,task     ] GC(585) Using 8 workers of 8 for evacuation
[2025-12-25T02:20:57.769+0000][gc,phases   ] GC(585)   Pre Evacuate Collection Set: 1.5ms
[2025-12-25T02:20:57.769+0000][gc,phases   ] GC(585)   Merge Heap Roots: 0.7ms
[2025-12-25T02:20:57.769+0000][gc,phases   ] GC(585)   Evacuate Collection Set: 12.9ms
[2025-12-25T02:20:57.769+0000][gc,phases   ] GC(585)   Post Evacuate Collection Set: 1.2ms
[2025-12-25T02:20:57.769+0000][gc,phases   ] GC(585)   Other: 0.3ms
[2025-12-25T02:20:57.769+0000][gc,heap     ] GC(585) Eden regions: 607->0(607)
[2025-12-25T02:20:57.769+0000][gc,heap     ] GC(585) Survivor regions: 7->7(77)
[2025-12-25T02:20:57.769+0000][gc,heap     ] GC(585) Old regions: 140->141
[2025-12-25T02:20:57.769+0000][gc,heap     ] GC(585) Humongous regions: 151->151
[2025-12-25T02:20:57.769+0000][gc,metaspace] GC(585) Metaspace: 15638K(16064K)->15638K(16064K) NonClass: 14004K(14144K)->14004K(14144K) Class: 1634K(1920K)->1634K(1920K)
[2025-12-25T02:20:57.770+0000][gc          ] GC(585) Pause Young (Normal) (G1 Evacuation Pause) 904M->297M(1024M) 17.936ms
[2025-12-25T02:20:57.770+0000][gc,cpu      ] GC(585) User=0.11s Sys=0.01s Real=0.01s
[2025-12-25T02:21:28.067+0000][gc,start    ] GC(586) Pause Young (Normal) (G1 Evacuation Pause)
[2025-12-25T02:21:28.069+0000][gc,task     ] GC(586) Using 8 workers of 8 for evacuation
[2025-12-25T02:21:28.083+0000][gc,phases   ] GC(586)   Pre Evacuate Collection Set: 1.8ms
[2025-12-25T02:21:28.083+0000][gc,phases   ] GC(586)   Merge Heap Roots: 0.4ms
[2025-12-25T02:21:28.083+0000][gc,phases   ] GC(586)   Evacuate Collection Set: 10.1ms
[2025-12-25T02:21:28.083+0000][gc,phases   ] GC(586)   Post Evacuate Collection Set: 1.4ms
[2025-12-25T02:21:28.083+0000][gc,phases   ] GC(586)   Other: 0.6ms
[2025-12-25T02:21:28.083+0000][gc,heap     ] GC(586) Eden regions: 607->0(606)
[2025-12-25T02:21:28.083+0000][gc,heap     ] GC(586) Survivor regions: 7->8(77)
[2025-12-25T02:21:28.083+0000][gc,heap     ] GC(586) Old regions: 141->141
[2025-12-25T02:21:28.083+0000][gc,heap     ] GC(586) Humongous regions: 151->151
[2025-12-25T02:21:28.083+0000][gc,metaspace] GC(586) Metaspace: 15638K(16064K)->15638K(16064K) NonClass: 14004K(14144K)->14004K(14144K) Class: 1634K(1920K)->1634K(1920K)
[2025-12-25T02:21:28.084+0000][gc          ] GC(586) Pause Young (Normal) (G1 Evacuation Pause) 904M->298M(1024M) 16.246ms
[2025-12-25T02:21:28.084+0000][gc,cpu      ] GC(586) User=0.09s Sys=0.00s Real=0.02s
[2025-12-25T02:22:07.673+0000][gc,start    ] GC(587) Pause Young (Normal) (G1 Evacuation Pause)
[2025-12-25T02:22:07.674+0000][gc,task     ] GC(587) Using 8 workers of 8 for evacuation
[2025-12-25T02:22:07.691+0000][gc,phases   ] GC(587)   Pre Evacuate Collection Set: 1.0ms
[2025-12-25T02:22:07.691+0000][gc,phases   ] GC(587)   Merge Heap Roots: 0.3ms
[2025-12-25T02:22:07.691+0000][gc,phases   ] GC(587)   Evacuate Collection Set: 12.2ms
[2025-12-25T02:22:07.691+0000][gc,phases   ] GC(587)   Post Evacuate Collection Set: 3.5ms
[2025-12-25T02:22:07.691+0000][gc,phases   ] GC(587)   Other: 0.2ms
[2025-12-25T02:22:07.692+0000][gc,heap     ] GC(587) Eden regions: 606->0(606)
[2025-12-25T02:22:07.692+0000][gc,heap     ] GC(587) Survivor regions: 8->8(77)
[2025-12-25T02:22:07.692+0000][gc,heap     ] GC(587) Old regions: 141->141
[2025-12-25T02:22:07.692+0000][gc,heap     ] GC(587) Humongous regions: 151->151
[2025-12-25T02:22:07.692+0000][gc,metaspace] GC(587) Metaspace: 15641K(16064K)->15641K(16064K) NonClass: 14007K(14144K)->14007K(14144K) Class: 1634K(1920K)->1634K(1920K)
[2025-12-25T02:22:07.692+0000][gc          ] GC(587) Pause Young (Normal) (G1 Evacuation Pause) 904M->298M(1024M) 18.329ms
[2025-12-25T02:22:07.692+0000][gc,cpu      ] GC(587) User=0.10s Sys=0.00s Real=0.01s
[2025-12-25T02:22:37.909+0000][gc,start    ] GC(588) Pause Young (Normal) (G1 Evacuation Pause)
[2025-12-25T02:22:37.910+0000][gc,task     ] GC(588) Using 8 workers of 8 for evacuation
[2025-12-25T02:22:37.931+0000][gc,phases   ] GC(588)   Pre Evacuate Collection Set: 1.0ms
[2025-12-25T02:22:37.931+0000][gc,phases   ] GC(588)   Merge Heap Roots: 0.3ms
[2025-12-25T02:22:37.932+0000][gc,phases   ] GC(588)   Evacuate Collection Set: 18.4ms
[2025-12-25T02:22:37.932+0000][gc,phases   ] GC(588)   Post Evacuate Collection Set: 1.2ms
[2025-12-25T02:22:37.932+0000][gc,phases   ] GC(588)   Other: 0.3ms
[2025-12-25T02:22:37.932+0000][gc,heap     ] GC(588) Eden regions: 606->0(605)
[2025-12-25T02:22:37.932+0000][gc,heap     ] GC(588) Survivor regions: 8->9(77)
[2025-12-25T02:22:37.932+0000][gc,heap     ] GC(588) Old regions: 141->141
[2025-12-25T02:22:37.932+0000][gc,heap     ] GC(588) Humongous regions: 151->151
[2025-12-25T02:22:37.932+0000][gc,metaspace] GC(588) Metaspace: 15641K(16064K)->15641K(16064K) NonClass: 14007K(14144K)->14007K(14144K) Class: 1634K(1920K)->1634K(1920K)
[2025-12-25T02:22:37.932+0000][gc          ] GC(588) Pause Young (Normal) (G1 Evacuation Pause) 904M->300M(1024M) 22.642ms
[2025-12-25T02:22:37.932+0000][gc,cpu      ] GC(588) User=0.15s Sys=0.00s Real=0.02s
[2025-12-25T02:23:08.119+0000][gc,start    ] GC(589) Pause Young (Normal) (G1 Evacuation Pause)
[2025-12-25T02:23:08.119+0000][gc,task     ] GC(589) Using 8 workers of 8 for evacuation
[2025-12-25T02:23:08.143+0000][gc,phases   ] GC(589)   Pre Evacuate Collection Set: 1.5ms
[2025-12-25T02:23:08.143+0000][gc,phases   ] GC(589)   Merge Heap Roots: 0.9ms
[2025-12-25T02:23:08.143+0000][gc,phases   ] GC(589)   Evacuate Collection Set: 19.3ms
[2025-12-25T02:23:08.143+0000][gc,phases   ] GC(589)   Post Evacuate Collection Set: 1.0ms
[2025-12-25T02:23:08.143+0000][gc,phases   ] GC(589)   Other: 0.5ms
[2025-12-25T02:23:08.143+0000][gc,heap     ] GC(589) Eden regions: 605->0(603)
[2025-12-25T02:23:08.143+0000][gc,heap     ] GC(589) Survivor regions: 9->11(77)
[2025-12-25T02:23:08.143+0000][gc,heap     ] GC(589) Old regions: 141->141
[2025-12-25T02:23:08.143+0000][gc,heap     ] GC(589) Humongous regions: 151->151
[2025-12-25T02:23:08.143+0000][gc,metaspace] GC(589) Metaspace: 15641K(16064K)->15641K(16064K) NonClass: 14007K(14144K)->14007K(14144K) Class: 1634K(1920K)->1634K(1920K)
[2025-12-25T02:23:08.143+0000][gc          ] GC(589) Pause Young (Normal) (G1 Evacuation Pause) 905M->302M(1024M) 24.555ms
[2025-12-25T02:23:08.143+0000][gc,cpu      ] GC(589) User=0.16s Sys=0.00s Real=0.02s
[2025-12-25T02:23:47.864+0000][gc,start    ] GC(590) Pause Young (Normal) (G1 Evacuation Pause)
[2025-12-25T02:23:47.864+0000][gc,task     ] GC(590) Using 8 workers of 8 for evacuation
[2025-12-25T02:23:47.879+0000][gc,phases   ] GC(590)   Pre Evacuate Collection Set: 2.1ms
[2025-12-25T02:23:47.879+0000][gc,phases   ] GC(590)   Merge Heap Roots: 1.7ms
[2025-12-25T02:23:47.879+0000][gc,phases   ] GC(590)   Evacuate Collection Set: 7.9ms
[2025-12-25T02:23:47.879+0000][gc,phases   ] GC(590)   Post Evacuate Collection Set: 2.1ms
[2025-12-25T02:23:47.879+0000][gc,phases   ] GC(590)   Other: 0.4ms
[2025-12-25T02:23:47.879+0000][gc,heap     ] GC(590) Eden regions: 603->0(609)
[2025-12-25T02:23:47.879+0000][gc,heap     ] GC(590) Survivor regions: 11->5(77)
[2025-12-25T02:23:47.879+0000][gc,heap     ] GC(590) Old regions: 141->142
[2025-12-25T02:23:47.879+0000][gc,heap     ] GC(590) Humongous regions: 151->151
[2025-12-25T02:23:47.879+0000][gc,metaspace] GC(590) Metaspace: 15641K(16064K)->15641K(16064K) NonClass: 14007K(14144K)->14007K(14144K) Class: 1634K(1920K)->1634K(1920K)
[2025-12-25T02:23:47.879+0000][gc          ] GC(590) Pause Young (Normal) (G1 Evacuation Pause) 905M->297M(1024M) 15.308ms
[2025-12-25T02:23:47.879+0000][gc,cpu      ] GC(590) User=0.08s Sys=0.00s Real=0.02s
[2025-12-25T02:24:18.078+0000][gc,start    ] GC(591) Pause Young (Normal) (G1 Evacuation Pause)
[2025-12-25T02:24:18.078+0000][gc,task     ] GC(591) Using 8 workers of 8 for evacuation
[2025-12-25T02:24:18.093+0000][gc,phases   ] GC(591)   Pre Evacuate Collection Set: 1.0ms
[2025-12-25T02:24:18.093+0000][gc,phases   ] GC(591)   Merge Heap Roots: 0.3ms
[2025-12-25T02:24:18.093+0000][gc,phases   ] GC(591)   Evacuate Collection Set: 12.0ms
[2025-12-25T02:24:18.093+0000][gc,phases   ] GC(591)   Post Evacuate Collection Set: 1.2ms
[2025-12-25T02:24:18.093+0000][gc,phases   ] GC(591)   Other: 0.3ms
[2025-12-25T02:24:18.093+0000][gc,heap     ] GC(591) Eden regions: 609->0(607)
[2025-12-25T02:24:18.093+0000][gc,heap     ] GC(591) Survivor regions: 5->7(77)
[2025-12-25T02:24:18.093+0000][gc,heap     ] GC(591) Old regions: 142->142
[2025-12-25T02:24:18.093+0000][gc,heap     ] GC(591) Humongous regions: 151->151
[2025-12-25T02:24:18.094+0000][gc,metaspace] GC(591) Metaspace: 15641K(16064K)->15641K(16064K) NonClass: 14007K(14144K)->14007K(14144K) Class: 1634K(1920K)->1634K(1920K)
[2025-12-25T02:24:18.094+0000][gc          ] GC(591) Pause Young (Normal) (G1 Evacuation Pause) 906M->298M(1024M) 15.980ms
[2025-12-25T02:24:18.094+0000][gc,cpu      ] GC(591) User=0.10s Sys=0.01s Real=0.01s
[2025-12-25T02:24:57.742+0000][gc,start    ] GC(592) Pause Young (Normal) (G1 Evacuation Pause)
[2025-12-25T02:24:57.742+0000][gc,task     ] GC(592) Using 8 workers of 8 for evacuation
[2025-12-25T02:24:57.763+0000][gc,phases   ] GC(592)   Pre Evacuate Collection Set: 1.1ms
[2025-12-25T02:24:57.763+0000][gc,phases   ] GC(592)   Merge Heap Roots: 0.3ms
[2025-12-25T02:24:57.763+0000][gc,phases   ] GC(592)   Evacuate Collection Set: 18.2ms
[2025-12-25T02:24:57.763+0000][gc,phases   ] GC(592)   Post Evacuate Collection Set: 1.2ms
[2025-12-25T02:24:57.764+0000][gc,phases   ] GC(592)   Other: 0.2ms
[2025-12-25T02:24:57.764+0000][gc,heap     ] GC(592) Eden regions: 607->0(608)
[2025-12-25T02:24:57.764+0000][gc,heap     ] GC(592) Survivor regions: 7->6(77)
[2025-12-25T02:24:57.764+0000][gc,heap     ] GC(592) Old regions: 142->142
[2025-12-25T02:24:57.764+0000][gc,heap     ] GC(592) Humongous regions: 151->151
[2025-12-25T02:24:57.764+0000][gc,metaspace] GC(592) Metaspace: 15641K(16064K)->15641K(16064K) NonClass: 14007K(14144K)->14007K(14144K) Class: 1634K(1920K)->1634K(1920K)
[2025-12-25T02:24:57.764+0000][gc          ] GC(592) Pause Young (Normal) (G1 Evacuation Pause) 905M->298M(1024M) 22.508ms
[2025-12-25T02:24:57.764+0000][gc,cpu      ] GC(592) User=0.14s Sys=0.01s Real=0.02s
[2025-12-25T02:25:27.829+0000][gc,start    ] GC(593) Pause Young (Normal) (G1 Evacuation Pause)
[2025-12-25T02:25:27.829+0000][gc,task     ] GC(593) Using 8 workers of 8 for evacuation
[2025-12-25T02:25:27.842+0000][gc,phases   ] GC(593)   Pre Evacuate Collection Set: 1.0ms
[2025-12-25T02:25:27.843+0000][gc,phases   ] GC(593)   Merge Heap Roots: 0.3ms
[2025-12-25T02:25:27.843+0000][gc,phases   ] GC(593)   Evacuate Collection Set: 10.9ms
[2025-12-25T02:25:27.843+0000][gc,phases   ] GC(593)   Post Evacuate Collection Set: 1.0ms
[2025-12-25T02:25:27.843+0000][gc,phases   ] GC(593)   Other: 0.2ms
[2025-12-25T02:25:27.843+0000][gc,heap     ] GC(593) Eden regions: 608->0(606)
[2025-12-25T02:25:27.843+0000][gc,heap     ] GC(593) Survivor regions: 6->8(77)
[2025-12-25T02:25:27.843+0000][gc,heap     ] GC(593) Old regions: 142->142
[2025-12-25T02:25:27.843+0000][gc,heap     ] GC(593) Humongous regions: 151->151
[2025-12-25T02:25:27.843+0000][gc,metaspace] GC(593) Metaspace: 15641K(16064K)->15641K(16064K) NonClass: 14007K(14144K)->14007K(14144K) Class: 1634K(1920K)->1634K(1920K)
[2025-12-25T02:25:27.843+0000][gc          ] GC(593) Pause Young (Normal) (G1 Evacuation Pause) 906M->300M(1024M) 14.214ms
[2025-12-25T02:25:27.843+0000][gc,cpu      ] GC(593) User=0.08s Sys=0.01s Real=0.01s
[2025-12-25T02:26:07.455+0000][gc,start    ] GC(594) Pause Young (Normal) (G1 Evacuation Pause)
[2025-12-25T02:26:07.455+0000][gc,task     ] GC(594) Using 8 workers of 8 for evacuation
[2025-12-25T02:26:07.497+0000][gc,phases   ] GC(594)   Pre Evacuate Collection Set: 5.3ms
[2025-12-25T02:26:07.497+0000][gc,phases   ] GC(594)   Merge Heap Roots: 1.0ms
[2025-12-25T02:26:07.497+0000][gc,phases   ] GC(594)   Evacuate Collection Set: 33.6ms
[2025-12-25T02:26:07.497+0000][gc,phases   ] GC(594)   Post Evacuate Collection Set: 1.1ms
[2025-12-25T02:26:07.497+0000][gc,phases   ] GC(594)   Other: 0.5ms
[2025-12-25T02:26:07.497+0000][gc,heap     ] GC(594) Eden regions: 606->0(607)
[2025-12-25T02:26:07.497+0000][gc,heap     ] GC(594) Survivor regions: 8->7(77)
[2025-12-25T02:26:07.497+0000][gc,heap     ] GC(594) Old regions: 142->143
[2025-12-25T02:26:07.497+0000][gc,heap     ] GC(594) Humongous regions: 151->151
[2025-12-25T02:26:07.497+0000][gc,metaspace] GC(594) Metaspace: 15641K(16064K)->15641K(16064K) NonClass: 14007K(14144K)->14007K(14144K) Class: 1634K(1920K)->1634K(1920K)
[2025-12-25T02:26:07.497+0000][gc          ] GC(594) Pause Young (Normal) (G1 Evacuation Pause) 906M->299M(1024M) 42.812ms
[2025-12-25T02:26:07.497+0000][gc,cpu      ] GC(594) User=0.22s Sys=0.07s Real=0.04s
[2025-12-25T02:26:37.692+0000][gc,start    ] GC(595) Pause Young (Normal) (G1 Evacuation Pause)
[2025-12-25T02:26:37.692+0000][gc,task     ] GC(595) Using 8 workers of 8 for evacuation
[2025-12-25T02:26:37.713+0000][gc,phases   ] GC(595)   Pre Evacuate Collection Set: 3.9ms
[2025-12-25T02:26:37.713+0000][gc,phases   ] GC(595)   Merge Heap Roots: 1.2ms
[2025-12-25T02:26:37.713+0000][gc,phases   ] GC(595)   Evacuate Collection Set: 13.9ms
[2025-12-25T02:26:37.713+0000][gc,phases   ] GC(595)   Post Evacuate Collection Set: 1.3ms
[2025-12-25T02:26:37.713+0000][gc,phases   ] GC(595)   Other: 0.7ms
[2025-12-25T02:26:37.713+0000][gc,heap     ] GC(595) Eden regions: 607->0(605)
[2025-12-25T02:26:37.714+0000][gc,heap     ] GC(595) Survivor regions: 7->9(77)
[2025-12-25T02:26:37.714+0000][gc,heap     ] GC(595) Old regions: 143->143
[2025-12-25T02:26:37.714+0000][gc,heap     ] GC(595) Humongous regions: 151->151
[2025-12-25T02:26:37.714+0000][gc,metaspace] GC(595) Metaspace: 15641K(16064K)->15641K(16064K) NonClass: 14007K(14144K)->14007K(14144K) Class: 1634K(1920K)->1634K(1920K)
[2025-12-25T02:26:37.714+0000][gc          ] GC(595) Pause Young (Normal) (G1 Evacuation Pause) 906M->301M(1024M) 22.061ms
[2025-12-25T02:26:37.714+0000][gc,cpu      ] GC(595) User=0.13s Sys=0.00s Real=0.02s
[2025-12-25T02:27:07.903+0000][gc,start    ] GC(596) Pause Young (Normal) (G1 Evacuation Pause)
[2025-12-25T02:27:07.904+0000][gc,task     ] GC(596) Using 8 workers of 8 for evacuation
[2025-12-25T02:27:07.925+0000][gc,phases   ] GC(596)   Pre Evacuate Collection Set: 1.0ms
[2025-12-25T02:27:07.925+0000][gc,phases   ] GC(596)   Merge Heap Roots: 0.3ms
[2025-12-25T02:27:07.925+0000][gc,phases   ] GC(596)   Evacuate Collection Set: 18.6ms
[2025-12-25T02:27:07.925+0000][gc,phases   ] GC(596)   Post Evacuate Collection Set: 1.1ms
[2025-12-25T02:27:07.925+0000][gc,phases   ] GC(596)   Other: 0.3ms
[2025-12-25T02:27:07.925+0000][gc,heap     ] GC(596) Eden regions: 605->0(603)
[2025-12-25T02:27:07.925+0000][gc,heap     ] GC(596) Survivor regions: 9->11(77)
[2025-12-25T02:27:07.925+0000][gc,heap     ] GC(596) Old regions: 143->143
[2025-12-25T02:27:07.925+0000][gc,heap     ] GC(596) Humongous regions: 151->151
[2025-12-25T02:27:07.925+0000][gc,metaspace] GC(596) Metaspace: 15641K(16064K)->15641K(16064K) NonClass: 14007K(14144K)->14007K(14144K) Class: 1634K(1920K)->1634K(1920K)
[2025-12-25T02:27:07.925+0000][gc          ] GC(596) Pause Young (Normal) (G1 Evacuation Pause) 906M->303M(1024M) 22.457ms
[2025-12-25T02:27:07.926+0000][gc,cpu      ] GC(596) User=0.15s Sys=0.00s Real=0.02s
[2025-12-25T02:27:47.577+0000][gc,start    ] GC(597) Pause Young (Normal) (G1 Evacuation Pause)
[2025-12-25T02:27:47.578+0000][gc,task     ] GC(597) Using 8 workers of 8 for evacuation
[2025-12-25T02:27:47.595+0000][gc,phases   ] GC(597)   Pre Evacuate Collection Set: 1.1ms
[2025-12-25T02:27:47.596+0000][gc,phases   ] GC(597)   Merge Heap Roots: 0.2ms
[2025-12-25T02:27:47.596+0000][gc,phases   ] GC(597)   Evacuate Collection Set: 15.3ms
[2025-12-25T02:27:47.596+0000][gc,phases   ] GC(597)   Post Evacuate Collection Set: 1.1ms
[2025-12-25T02:27:47.596+0000][gc,phases   ] GC(597)   Other: 0.2ms
[2025-12-25T02:27:47.596+0000][gc,heap     ] GC(597) Eden regions: 603->0(609)
[2025-12-25T02:27:47.596+0000][gc,heap     ] GC(597) Survivor regions: 11->5(77)
[2025-12-25T02:27:47.596+0000][gc,heap     ] GC(597) Old regions: 143->143
[2025-12-25T02:27:47.596+0000][gc,heap     ] GC(597) Humongous regions: 151->151
[2025-12-25T02:27:47.596+0000][gc,metaspace] GC(597) Metaspace: 15641K(16064K)->15641K(16064K) NonClass: 14007K(14144K)->14007K(14144K) Class: 1634K(1920K)->1634K(1920K)
[2025-12-25T02:27:47.596+0000][gc          ] GC(597) Pause Young (Normal) (G1 Evacuation Pause) 906M->298M(1024M) 18.987ms
[2025-12-25T02:27:47.596+0000][gc,cpu      ] GC(597) User=0.12s Sys=0.00s Real=0.02s
[2025-12-25T02:28:17.823+0000][gc,start    ] GC(598) Pause Young (Normal) (G1 Evacuation Pause)
[2025-12-25T02:28:17.823+0000][gc,task     ] GC(598) Using 8 workers of 8 for evacuation
[2025-12-25T02:28:17.835+0000][gc,phases   ] GC(598)   Pre Evacuate Collection Set: 1.1ms
[2025-12-25T02:28:17.835+0000][gc,phases   ] GC(598)   Merge Heap Roots: 0.2ms
[2025-12-25T02:28:17.835+0000][gc,phases   ] GC(598)   Evacuate Collection Set: 9.5ms
[2025-12-25T02:28:17.835+0000][gc,phases   ] GC(598)   Post Evacuate Collection Set: 1.0ms
[2025-12-25T02:28:17.836+0000][gc,phases   ] GC(598)   Other: 0.2ms
[2025-12-25T02:28:17.836+0000][gc,heap     ] GC(598) Eden regions: 609->0(607)
[2025-12-25T02:28:17.836+0000][gc,heap     ] GC(598) Survivor regions: 5->7(77)
[2025-12-25T02:28:17.836+0000][gc,heap     ] GC(598) Old regions: 143->144
[2025-12-25T02:28:17.836+0000][gc,heap     ] GC(598) Humongous regions: 151->151
[2025-12-25T02:28:17.836+0000][gc,metaspace] GC(598) Metaspace: 15641K(16064K)->15641K(16064K) NonClass: 14007K(14144K)->14007K(14144K) Class: 1634K(1920K)->1634K(1920K)
[2025-12-25T02:28:17.836+0000][gc          ] GC(598) Pause Young (Normal) (G1 Evacuation Pause) 907M->300M(1024M) 13.441ms
[2025-12-25T02:28:17.836+0000][gc,cpu      ] GC(598) User=0.08s Sys=0.00s Real=0.01s
[2025-12-25T02:28:57.500+0000][gc,start    ] GC(599) Pause Young (Normal) (G1 Evacuation Pause)
[2025-12-25T02:28:57.501+0000][gc,task     ] GC(599) Using 8 workers of 8 for evacuation
[2025-12-25T02:28:57.512+0000][gc,phases   ] GC(599)   Pre Evacuate Collection Set: 1.1ms
[2025-12-25T02:28:57.512+0000][gc,phases   ] GC(599)   Merge Heap Roots: 0.3ms
[2025-12-25T02:28:57.512+0000][gc,phases   ] GC(599)   Evacuate Collection Set: 8.0ms
[2025-12-25T02:28:57.512+0000][gc,phases   ] GC(599)   Post Evacuate Collection Set: 1.1ms
[2025-12-25T02:28:57.512+0000][gc,phases   ] GC(599)   Other: 0.4ms
[2025-12-25T02:28:57.512+0000][gc,heap     ] GC(599) Eden regions: 607->0(608)
[2025-12-25T02:28:57.512+0000][gc,heap     ] GC(599) Survivor regions: 7->6(77)
[2025-12-25T02:28:57.512+0000][gc,heap     ] GC(599) Old regions: 144->144
[2025-12-25T02:28:57.512+0000][gc,heap     ] GC(599) Humongous regions: 151->151
[2025-12-25T02:28:57.512+0000][gc,metaspace] GC(599) Metaspace: 15641K(16064K)->15641K(16064K) NonClass: 14007K(14144K)->14007K(14144K) Class: 1634K(1920K)->1634K(1920K)
[2025-12-25T02:28:57.512+0000][gc          ] GC(599) Pause Young (Normal) (G1 Evacuation Pause) 907M->299M(1024M) 12.615ms
[2025-12-25T02:28:57.512+0000][gc,cpu      ] GC(599) User=0.08s Sys=0.00s Real=0.01s
[2025-12-25T02:29:27.759+0000][gc,start    ] GC(600) Pause Young (Normal) (G1 Evacuation Pause)
[2025-12-25T02:29:27.759+0000][gc,task     ] GC(600) Using 8 workers of 8 for evacuation
[2025-12-25T02:29:27.773+0000][gc,phases   ] GC(600)   Pre Evacuate Collection Set: 1.3ms
[2025-12-25T02:29:27.773+0000][gc,phases   ] GC(600)   Merge Heap Roots: 0.3ms
[2025-12-25T02:29:27.773+0000][gc,phases   ] GC(600)   Evacuate Collection Set: 10.6ms
[2025-12-25T02:29:27.773+0000][gc,phases   ] GC(600)   Post Evacuate Collection Set: 1.1ms
[2025-12-25T02:29:27.773+0000][gc,phases   ] GC(600)   Other: 0.3ms
[2025-12-25T02:29:27.773+0000][gc,heap     ] GC(600) Eden regions: 608->0(606)
[2025-12-25T02:29:27.773+0000][gc,heap     ] GC(600) Survivor regions: 6->8(77)
[2025-12-25T02:29:27.773+0000][gc,heap     ] GC(600) Old regions: 144->144
[2025-12-25T02:29:27.773+0000][gc,heap     ] GC(600) Humongous regions: 151->151
[2025-12-25T02:29:27.773+0000][gc,metaspace] GC(600) Metaspace: 15641K(16064K)->15641K(16064K) NonClass: 14007K(14144K)->14007K(14144K) Class: 1634K(1920K)->1634K(1920K)
[2025-12-25T02:29:27.773+0000][gc          ] GC(600) Pause Young (Normal) (G1 Evacuation Pause) 907M->301M(1024M) 14.744ms
[2025-12-25T02:29:27.774+0000][gc,cpu      ] GC(600) User=0.08s Sys=0.00s Real=0.01s
[2025-12-25T02:30:07.398+0000][gc,start    ] GC(601) Pause Young (Normal) (G1 Evacuation Pause)
[2025-12-25T02:30:07.399+0000][gc,task     ] GC(601) Using 8 workers of 8 for evacuation
[2025-12-25T02:30:07.435+0000][gc,phases   ] GC(601)   Pre Evacuate Collection Set: 2.1ms
[2025-12-25T02:30:07.435+0000][gc,phases   ] GC(601)   Merge Heap Roots: 0.7ms
[2025-12-25T02:30:07.435+0000][gc,phases   ] GC(601)   Evacuate Collection Set: 30.6ms
[2025-12-25T02:30:07.435+0000][gc,phases   ] GC(601)   Post Evacuate Collection Set: 1.6ms
[2025-12-25T02:30:07.435+0000][gc,phases   ] GC(601)   Other: 0.6ms
[2025-12-25T02:30:07.435+0000][gc,heap     ] GC(601) Eden regions: 606->0(607)
[2025-12-25T02:30:07.435+0000][gc,heap     ] GC(601) Survivor regions: 8->7(77)
[2025-12-25T02:30:07.436+0000][gc,heap     ] GC(601) Old regions: 144->144
[2025-12-25T02:30:07.436+0000][gc,heap     ] GC(601) Humongous regions: 151->151
[2025-12-25T02:30:07.436+0000][gc,metaspace] GC(601) Metaspace: 15643K(16064K)->15643K(16064K) NonClass: 14008K(14144K)->14008K(14144K) Class: 1634K(1920K)->1634K(1920K)
[2025-12-25T02:30:07.436+0000][gc          ] GC(601) Pause Young (Normal) (G1 Evacuation Pause) 907M->301M(1024M) 37.795ms
[2025-12-25T02:30:07.436+0000][gc,cpu      ] GC(601) User=0.26s Sys=0.01s Real=0.03s
[2025-12-25T02:30:37.690+0000][gc,start    ] GC(602) Pause Young (Normal) (G1 Evacuation Pause)
[2025-12-25T02:30:37.690+0000][gc,task     ] GC(602) Using 8 workers of 8 for evacuation
[2025-12-25T02:30:37.718+0000][gc,phases   ] GC(602)   Pre Evacuate Collection Set: 1.9ms
[2025-12-25T02:30:37.718+0000][gc,phases   ] GC(602)   Merge Heap Roots: 0.6ms
[2025-12-25T02:30:37.718+0000][gc,phases   ] GC(602)   Evacuate Collection Set: 22.3ms
[2025-12-25T02:30:37.718+0000][gc,phases   ] GC(602)   Post Evacuate Collection Set: 2.7ms
[2025-12-25T02:30:37.719+0000][gc,phases   ] GC(602)   Other: 0.4ms
[2025-12-25T02:30:37.719+0000][gc,heap     ] GC(602) Eden regions: 607->0(605)
[2025-12-25T02:30:37.719+0000][gc,heap     ] GC(602) Survivor regions: 7->9(77)
[2025-12-25T02:30:37.719+0000][gc,heap     ] GC(602) Old regions: 144->144
[2025-12-25T02:30:37.719+0000][gc,heap     ] GC(602) Humongous regions: 151->151
[2025-12-25T02:30:37.719+0000][gc,metaspace] GC(602) Metaspace: 15643K(16064K)->15643K(16064K) NonClass: 14008K(14144K)->14008K(14144K) Class: 1634K(1920K)->1634K(1920K)
[2025-12-25T02:30:37.720+0000][gc          ] GC(602) Pause Young (Normal) (G1 Evacuation Pause) 908M->303M(1024M) 30.265ms
[2025-12-25T02:30:37.720+0000][gc,cpu      ] GC(602) User=0.18s Sys=0.00s Real=0.03s
[2025-12-25T02:31:07.910+0000][gc,start    ] GC(603) Pause Young (Normal) (G1 Evacuation Pause)
[2025-12-25T02:31:07.911+0000][gc,task     ] GC(603) Using 8 workers of 8 for evacuation
[2025-12-25T02:31:07.933+0000][gc,phases   ] GC(603)   Pre Evacuate Collection Set: 1.1ms
[2025-12-25T02:31:07.933+0000][gc,phases   ] GC(603)   Merge Heap Roots: 0.2ms
[2025-12-25T02:31:07.933+0000][gc,phases   ] GC(603)   Evacuate Collection Set: 19.2ms
[2025-12-25T02:31:07.933+0000][gc,phases   ] GC(603)   Post Evacuate Collection Set: 1.4ms
[2025-12-25T02:31:07.933+0000][gc,phases   ] GC(603)   Other: 0.3ms
[2025-12-25T02:31:07.934+0000][gc,heap     ] GC(603) Eden regions: 605->0(604)
[2025-12-25T02:31:07.934+0000][gc,heap     ] GC(603) Survivor regions: 9->10(77)
[2025-12-25T02:31:07.934+0000][gc,heap     ] GC(603) Old regions: 144->145
[2025-12-25T02:31:07.934+0000][gc,heap     ] GC(603) Humongous regions: 151->151
[2025-12-25T02:31:07.934+0000][gc,metaspace] GC(603) Metaspace: 15645K(16064K)->15645K(16064K) NonClass: 14011K(14144K)->14011K(14144K) Class: 1634K(1920K)->1634K(1920K)
[2025-12-25T02:31:07.934+0000][gc          ] GC(603) Pause Young (Normal) (G1 Evacuation Pause) 908M->304M(1024M) 23.884ms
[2025-12-25T02:31:07.934+0000][gc,cpu      ] GC(603) User=0.16s Sys=0.00s Real=0.02s
[2025-12-25T02:31:47.566+0000][gc,start    ] GC(604) Pause Young (Normal) (G1 Evacuation Pause)
[2025-12-25T02:31:47.566+0000][gc,task     ] GC(604) Using 8 workers of 8 for evacuation
[2025-12-25T02:31:47.590+0000][gc,phases   ] GC(604)   Pre Evacuate Collection Set: 1.3ms
[2025-12-25T02:31:47.590+0000][gc,phases   ] GC(604)   Merge Heap Roots: 0.4ms
[2025-12-25T02:31:47.590+0000][gc,phases   ] GC(604)   Evacuate Collection Set: 20.3ms
[2025-12-25T02:31:47.590+0000][gc,phases   ] GC(604)   Post Evacuate Collection Set: 1.3ms
[2025-12-25T02:31:47.590+0000][gc,phases   ] GC(604)   Other: 0.4ms
[2025-12-25T02:31:47.590+0000][gc,heap     ] GC(604) Eden regions: 604->0(605)
[2025-12-25T02:31:47.590+0000][gc,heap     ] GC(604) Survivor regions: 10->9(77)
[2025-12-25T02:31:47.590+0000][gc,heap     ] GC(604) Old regions: 145->145
[2025-12-25T02:31:47.590+0000][gc,heap     ] GC(604) Humongous regions: 151->151
[2025-12-25T02:31:47.590+0000][gc,metaspace] GC(604) Metaspace: 15645K(16064K)->15645K(16064K) NonClass: 14011K(14144K)->14011K(14144K) Class: 1634K(1920K)->1634K(1920K)
[2025-12-25T02:31:47.590+0000][gc          ] GC(604) Pause Young (Normal) (G1 Evacuation Pause) 908M->304M(1024M) 24.878ms
[2025-12-25T02:31:47.591+0000][gc,cpu      ] GC(604) User=0.16s Sys=0.01s Real=0.02s
[2025-12-25T02:32:17.829+0000][gc,start    ] GC(605) Pause Young (Normal) (G1 Evacuation Pause)
[2025-12-25T02:32:17.830+0000][gc,task     ] GC(605) Using 8 workers of 8 for evacuation
[2025-12-25T02:32:17.847+0000][gc,phases   ] GC(605)   Pre Evacuate Collection Set: 1.2ms
[2025-12-25T02:32:17.847+0000][gc,phases   ] GC(605)   Merge Heap Roots: 0.4ms
[2025-12-25T02:32:17.847+0000][gc,phases   ] GC(605)   Evacuate Collection Set: 13.2ms
[2025-12-25T02:32:17.847+0000][gc,phases   ] GC(605)   Post Evacuate Collection Set: 1.1ms
[2025-12-25T02:32:17.847+0000][gc,phases   ] GC(605)   Other: 0.4ms
[2025-12-25T02:32:17.847+0000][gc,heap     ] GC(605) Eden regions: 605->0(608)
[2025-12-25T02:32:17.847+0000][gc,heap     ] GC(605) Survivor regions: 9->6(77)
[2025-12-25T02:32:17.847+0000][gc,heap     ] GC(605) Old regions: 145->145
[2025-12-25T02:32:17.847+0000][gc,heap     ] GC(605) Humongous regions: 151->151
[2025-12-25T02:32:17.847+0000][gc,metaspace] GC(605) Metaspace: 15652K(16064K)->15652K(16064K) NonClass: 14017K(14144K)->14017K(14144K) Class: 1634K(1920K)->1634K(1920K)
[2025-12-25T02:32:17.848+0000][gc          ] GC(605) Pause Young (Normal) (G1 Evacuation Pause) 909M->301M(1024M) 18.480ms
[2025-12-25T02:32:17.848+0000][gc,cpu      ] GC(605) User=0.12s Sys=0.00s Real=0.02s
[2025-12-25T02:32:57.479+0000][gc,start    ] GC(606) Pause Young (Normal) (G1 Evacuation Pause)
[2025-12-25T02:32:57.479+0000][gc,task     ] GC(606) Using 8 workers of 8 for evacuation
[2025-12-25T02:32:57.491+0000][gc,phases   ] GC(606)   Pre Evacuate Collection Set: 1.0ms
[2025-12-25T02:32:57.491+0000][gc,phases   ] GC(606)   Merge Heap Roots: 0.3ms
[2025-12-25T02:32:57.491+0000][gc,phases   ] GC(606)   Evacuate Collection Set: 8.9ms
[2025-12-25T02:32:57.491+0000][gc,phases   ] GC(606)   Post Evacuate Collection Set: 1.2ms
[2025-12-25T02:32:57.491+0000][gc,phases   ] GC(606)   Other: 0.3ms
[2025-12-25T02:32:57.491+0000][gc,heap     ] GC(606) Eden regions: 608->0(608)
[2025-12-25T02:32:57.492+0000][gc,heap     ] GC(606) Survivor regions: 6->6(77)
[2025-12-25T02:32:57.492+0000][gc,heap     ] GC(606) Old regions: 145->145
[2025-12-25T02:32:57.492+0000][gc,heap     ] GC(606) Humongous regions: 151->151
[2025-12-25T02:32:57.492+0000][gc,metaspace] GC(606) Metaspace: 15652K(16064K)->15652K(16064K) NonClass: 14017K(14144K)->14017K(14144K) Class: 1634K(1920K)->1634K(1920K)
[2025-12-25T02:32:57.492+0000][gc          ] GC(606) Pause Young (Normal) (G1 Evacuation Pause) 909M->300M(1024M) 12.965ms
[2025-12-25T02:32:57.492+0000][gc,cpu      ] GC(606) User=0.08s Sys=0.00s Real=0.02s
[2025-12-25T02:33:27.758+0000][gc,start    ] GC(607) Pause Young (Normal) (G1 Evacuation Pause)
[2025-12-25T02:33:27.759+0000][gc,task     ] GC(607) Using 8 workers of 8 for evacuation
[2025-12-25T02:33:27.776+0000][gc,phases   ] GC(607)   Pre Evacuate Collection Set: 1.2ms
[2025-12-25T02:33:27.776+0000][gc,phases   ] GC(607)   Merge Heap Roots: 0.3ms
[2025-12-25T02:33:27.776+0000][gc,phases   ] GC(607)   Evacuate Collection Set: 13.9ms
[2025-12-25T02:33:27.776+0000][gc,phases   ] GC(607)   Post Evacuate Collection Set: 1.6ms
[2025-12-25T02:33:27.776+0000][gc,phases   ] GC(607)   Other: 0.3ms
[2025-12-25T02:33:27.776+0000][gc,heap     ] GC(607) Eden regions: 608->0(607)
[2025-12-25T02:33:27.776+0000][gc,heap     ] GC(607) Survivor regions: 6->7(77)
[2025-12-25T02:33:27.776+0000][gc,heap     ] GC(607) Old regions: 145->146
[2025-12-25T02:33:27.776+0000][gc,heap     ] GC(607) Humongous regions: 151->151
[2025-12-25T02:33:27.776+0000][gc,metaspace] GC(607) Metaspace: 15652K(16064K)->15652K(16064K) NonClass: 14017K(14144K)->14017K(14144K) Class: 1634K(1920K)->1634K(1920K)
[2025-12-25T02:33:27.776+0000][gc          ] GC(607) Pause Young (Normal) (G1 Evacuation Pause) 908M->302M(1024M) 18.473ms
[2025-12-25T02:33:27.777+0000][gc,cpu      ] GC(607) User=0.11s Sys=0.01s Real=0.02s
[2025-12-25T02:33:58.392+0000][gc,start    ] GC(608) Pause Young (Normal) (G1 Evacuation Pause)
[2025-12-25T02:33:58.393+0000][gc,task     ] GC(608) Using 8 workers of 8 for evacuation
[2025-12-25T02:33:58.408+0000][gc,phases   ] GC(608)   Pre Evacuate Collection Set: 1.3ms
[2025-12-25T02:33:58.409+0000][gc,phases   ] GC(608)   Merge Heap Roots: 0.3ms
[2025-12-25T02:33:58.409+0000][gc,phases   ] GC(608)   Evacuate Collection Set: 12.0ms
[2025-12-25T02:33:58.409+0000][gc,phases   ] GC(608)   Post Evacuate Collection Set: 1.6ms
[2025-12-25T02:33:58.409+0000][gc,phases   ] GC(608)   Other: 0.3ms
[2025-12-25T02:33:58.409+0000][gc,heap     ] GC(608) Eden regions: 607->0(606)
[2025-12-25T02:33:58.409+0000][gc,heap     ] GC(608) Survivor regions: 7->8(77)
[2025-12-25T02:33:58.409+0000][gc,heap     ] GC(608) Old regions: 146->146
[2025-12-25T02:33:58.409+0000][gc,heap     ] GC(608) Humongous regions: 151->151
[2025-12-25T02:33:58.409+0000][gc,metaspace] GC(608) Metaspace: 15652K(16064K)->15652K(16064K) NonClass: 14017K(14144K)->14017K(14144K) Class: 1634K(1920K)->1634K(1920K)
[2025-12-25T02:33:58.409+0000][gc          ] GC(608) Pause Young (Normal) (G1 Evacuation Pause) 909M->304M(1024M) 17.027ms
[2025-12-25T02:33:58.409+0000][gc,cpu      ] GC(608) User=0.11s Sys=0.00s Real=0.01s
[2025-12-25T02:34:37.631+0000][gc,start    ] GC(609) Pause Young (Normal) (G1 Evacuation Pause)
[2025-12-25T02:34:37.632+0000][gc,task     ] GC(609) Using 8 workers of 8 for evacuation
[2025-12-25T02:34:37.648+0000][gc,phases   ] GC(609)   Pre Evacuate Collection Set: 1.1ms
[2025-12-25T02:34:37.649+0000][gc,phases   ] GC(609)   Merge Heap Roots: 0.4ms
[2025-12-25T02:34:37.649+0000][gc,phases   ] GC(609)   Evacuate Collection Set: 13.9ms
[2025-12-25T02:34:37.649+0000][gc,phases   ] GC(609)   Post Evacuate Collection Set: 1.2ms
[2025-12-25T02:34:37.649+0000][gc,phases   ] GC(609)   Other: 0.6ms
[2025-12-25T02:34:37.649+0000][gc,heap     ] GC(609) Eden regions: 606->0(606)
[2025-12-25T02:34:37.649+0000][gc,heap     ] GC(609) Survivor regions: 8->8(77)
[2025-12-25T02:34:37.649+0000][gc,heap     ] GC(609) Old regions: 146->146
[2025-12-25T02:34:37.649+0000][gc,heap     ] GC(609) Humongous regions: 151->151
[2025-12-25T02:34:37.649+0000][gc,metaspace] GC(609) Metaspace: 15652K(16064K)->15652K(16064K) NonClass: 14017K(14144K)->14017K(14144K) Class: 1634K(1920K)->1634K(1920K)
[2025-12-25T02:34:37.649+0000][gc          ] GC(609) Pause Young (Normal) (G1 Evacuation Pause) 910M->304M(1024M) 18.517ms
[2025-12-25T02:34:37.649+0000][gc,cpu      ] GC(609) User=0.12s Sys=0.00s Real=0.01s
[2025-12-25T02:35:07.914+0000][gc,start    ] GC(610) Pause Young (Normal) (G1 Evacuation Pause)
[2025-12-25T02:35:07.914+0000][gc,task     ] GC(610) Using 8 workers of 8 for evacuation
[2025-12-25T02:35:07.933+0000][gc,phases   ] GC(610)   Pre Evacuate Collection Set: 1.1ms
[2025-12-25T02:35:07.933+0000][gc,phases   ] GC(610)   Merge Heap Roots: 0.3ms
[2025-12-25T02:35:07.933+0000][gc,phases   ] GC(610)   Evacuate Collection Set: 13.1ms
[2025-12-25T02:35:07.933+0000][gc,phases   ] GC(610)   Post Evacuate Collection Set: 4.1ms
[2025-12-25T02:35:07.933+0000][gc,phases   ] GC(610)   Other: 0.3ms
[2025-12-25T02:35:07.933+0000][gc,heap     ] GC(610) Eden regions: 606->0(604)
[2025-12-25T02:35:07.933+0000][gc,heap     ] GC(610) Survivor regions: 8->10(77)
[2025-12-25T02:35:07.934+0000][gc,heap     ] GC(610) Old regions: 146->146
[2025-12-25T02:35:07.934+0000][gc,heap     ] GC(610) Humongous regions: 151->151
[2025-12-25T02:35:07.934+0000][gc,metaspace] GC(610) Metaspace: 15652K(16064K)->15652K(16064K) NonClass: 14017K(14144K)->14017K(14144K) Class: 1634K(1920K)->1634K(1920K)
[2025-12-25T02:35:07.934+0000][gc          ] GC(610) Pause Young (Normal) (G1 Evacuation Pause) 910M->305M(1024M) 20.089ms
[2025-12-25T02:35:07.934+0000][gc,cpu      ] GC(610) User=0.12s Sys=0.00s Real=0.02s
[2025-12-25T02:35:47.524+0000][gc,start    ] GC(611) Pause Young (Normal) (G1 Evacuation Pause)
[2025-12-25T02:35:47.525+0000][gc,task     ] GC(611) Using 8 workers of 8 for evacuation
[2025-12-25T02:35:47.549+0000][gc,phases   ] GC(611)   Pre Evacuate Collection Set: 1.1ms
[2025-12-25T02:35:47.550+0000][gc,phases   ] GC(611)   Merge Heap Roots: 0.3ms
[2025-12-25T02:35:47.550+0000][gc,phases   ] GC(611)   Evacuate Collection Set: 21.3ms
[2025-12-25T02:35:47.550+0000][gc,phases   ] GC(611)   Post Evacuate Collection Set: 1.8ms
[2025-12-25T02:35:47.550+0000][gc,phases   ] GC(611)   Other: 0.4ms
[2025-12-25T02:35:47.550+0000][gc,heap     ] GC(611) Eden regions: 604->0(605)
[2025-12-25T02:35:47.550+0000][gc,heap     ] GC(611) Survivor regions: 10->9(77)
[2025-12-25T02:35:47.550+0000][gc,heap     ] GC(611) Old regions: 146->147
[2025-12-25T02:35:47.550+0000][gc,heap     ] GC(611) Humongous regions: 151->151
[2025-12-25T02:35:47.550+0000][gc,metaspace] GC(611) Metaspace: 15652K(16064K)->15652K(16064K) NonClass: 14017K(14144K)->14017K(14144K) Class: 1634K(1920K)->1634K(1920K)
[2025-12-25T02:35:47.550+0000][gc          ] GC(611) Pause Young (Normal) (G1 Evacuation Pause) 909M->305M(1024M) 26.351ms
[2025-12-25T02:35:47.550+0000][gc,cpu      ] GC(611) User=0.15s Sys=0.02s Real=0.03s
[2025-12-25T02:36:17.766+0000][gc,start    ] GC(612) Pause Young (Normal) (G1 Evacuation Pause)
[2025-12-25T02:36:17.767+0000][gc,task     ] GC(612) Using 8 workers of 8 for evacuation
[2025-12-25T02:36:17.782+0000][gc,phases   ] GC(612)   Pre Evacuate Collection Set: 3.6ms
[2025-12-25T02:36:17.782+0000][gc,phases   ] GC(612)   Merge Heap Roots: 0.5ms
[2025-12-25T02:36:17.782+0000][gc,phases   ] GC(612)   Evacuate Collection Set: 8.5ms
[2025-12-25T02:36:17.782+0000][gc,phases   ] GC(612)   Post Evacuate Collection Set: 2.5ms
[2025-12-25T02:36:17.782+0000][gc,phases   ] GC(612)   Other: 0.4ms
[2025-12-25T02:36:17.782+0000][gc,heap     ] GC(612) Eden regions: 605->0(608)
[2025-12-25T02:36:17.783+0000][gc,heap     ] GC(612) Survivor regions: 9->6(77)
[2025-12-25T02:36:17.783+0000][gc,heap     ] GC(612) Old regions: 147->147
[2025-12-25T02:36:17.783+0000][gc,heap     ] GC(612) Humongous regions: 151->151
[2025-12-25T02:36:17.783+0000][gc,metaspace] GC(612) Metaspace: 15652K(16064K)->15652K(16064K) NonClass: 14017K(14144K)->14017K(14144K) Class: 1634K(1920K)->1634K(1920K)
[2025-12-25T02:36:17.783+0000][gc          ] GC(612) Pause Young (Normal) (G1 Evacuation Pause) 910M->303M(1024M) 17.245ms
[2025-12-25T02:36:17.783+0000][gc,cpu      ] GC(612) User=0.08s Sys=0.00s Real=0.01s
[2025-12-25T02:36:57.450+0000][gc,start    ] GC(613) Pause Young (Normal) (G1 Evacuation Pause)
[2025-12-25T02:36:57.450+0000][gc,task     ] GC(613) Using 8 workers of 8 for evacuation
[2025-12-25T02:36:57.472+0000][gc,phases   ] GC(613)   Pre Evacuate Collection Set: 1.2ms
[2025-12-25T02:36:57.472+0000][gc,phases   ] GC(613)   Merge Heap Roots: 0.6ms
[2025-12-25T02:36:57.472+0000][gc,phases   ] GC(613)   Evacuate Collection Set: 18.5ms
[2025-12-25T02:36:57.473+0000][gc,phases   ] GC(613)   Post Evacuate Collection Set: 1.3ms
[2025-12-25T02:36:57.473+0000][gc,phases   ] GC(613)   Other: 0.4ms
[2025-12-25T02:36:57.473+0000][gc,heap     ] GC(613) Eden regions: 608->0(609)
[2025-12-25T02:36:57.473+0000][gc,heap     ] GC(613) Survivor regions: 6->5(77)
[2025-12-25T02:36:57.473+0000][gc,heap     ] GC(613) Old regions: 147->147
[2025-12-25T02:36:57.473+0000][gc,heap     ] GC(613) Humongous regions: 151->151
[2025-12-25T02:36:57.473+0000][gc,metaspace] GC(613) Metaspace: 15652K(16064K)->15652K(16064K) NonClass: 14017K(14144K)->14017K(14144K) Class: 1634K(1920K)->1634K(1920K)
[2025-12-25T02:36:57.473+0000][gc          ] GC(613) Pause Young (Normal) (G1 Evacuation Pause) 911M->302M(1024M) 23.173ms
[2025-12-25T02:36:57.473+0000][gc,cpu      ] GC(613) User=0.12s Sys=0.00s Real=0.02s
[2025-12-25T02:37:27.728+0000][gc,start    ] GC(614) Pause Young (Normal) (G1 Evacuation Pause)
[2025-12-25T02:37:27.728+0000][gc,task     ] GC(614) Using 8 workers of 8 for evacuation
[2025-12-25T02:37:27.748+0000][gc,phases   ] GC(614)   Pre Evacuate Collection Set: 1.1ms
[2025-12-25T02:37:27.748+0000][gc,phases   ] GC(614)   Merge Heap Roots: 0.2ms
[2025-12-25T02:37:27.748+0000][gc,phases   ] GC(614)   Evacuate Collection Set: 17.0ms
[2025-12-25T02:37:27.748+0000][gc,phases   ] GC(614)   Post Evacuate Collection Set: 1.2ms
[2025-12-25T02:37:27.748+0000][gc,phases   ] GC(614)   Other: 0.2ms
[2025-12-25T02:37:27.748+0000][gc,heap     ] GC(614) Eden regions: 609->0(607)
[2025-12-25T02:37:27.748+0000][gc,heap     ] GC(614) Survivor regions: 5->7(77)
[2025-12-25T02:37:27.748+0000][gc,heap     ] GC(614) Old regions: 147->147
[2025-12-25T02:37:27.748+0000][gc,heap     ] GC(614) Humongous regions: 151->151
[2025-12-25T02:37:27.748+0000][gc,metaspace] GC(614) Metaspace: 15652K(16064K)->15652K(16064K) NonClass: 14017K(14144K)->14017K(14144K) Class: 1634K(1920K)->1634K(1920K)
[2025-12-25T02:37:27.748+0000][gc          ] GC(614) Pause Young (Normal) (G1 Evacuation Pause) 911M->304M(1024M) 20.807ms
[2025-12-25T02:37:27.749+0000][gc,cpu      ] GC(614) User=0.14s Sys=0.00s Real=0.02s
[2025-12-25T02:37:57.902+0000][gc,start    ] GC(615) Pause Young (Normal) (G1 Evacuation Pause)
[2025-12-25T02:37:57.902+0000][gc,task     ] GC(615) Using 8 workers of 8 for evacuation
[2025-12-25T02:37:57.913+0000][gc,phases   ] GC(615)   Pre Evacuate Collection Set: 1.0ms
[2025-12-25T02:37:57.913+0000][gc,phases   ] GC(615)   Merge Heap Roots: 0.4ms
[2025-12-25T02:37:57.913+0000][gc,phases   ] GC(615)   Evacuate Collection Set: 8.1ms
[2025-12-25T02:37:57.914+0000][gc,phases   ] GC(615)   Post Evacuate Collection Set: 1.0ms
[2025-12-25T02:37:57.914+0000][gc,phases   ] GC(615)   Other: 0.3ms
[2025-12-25T02:37:57.914+0000][gc,heap     ] GC(615) Eden regions: 607->0(606)
[2025-12-25T02:37:57.914+0000][gc,heap     ] GC(615) Survivor regions: 7->8(77)
[2025-12-25T02:37:57.914+0000][gc,heap     ] GC(615) Old regions: 147->147
[2025-12-25T02:37:57.914+0000][gc,heap     ] GC(615) Humongous regions: 151->151
[2025-12-25T02:37:57.914+0000][gc,metaspace] GC(615) Metaspace: 15652K(16064K)->15652K(16064K) NonClass: 14017K(14144K)->14017K(14144K) Class: 1634K(1920K)->1634K(1920K)
[2025-12-25T02:37:57.914+0000][gc          ] GC(615) Pause Young (Normal) (G1 Evacuation Pause) 911M->305M(1024M) 12.073ms
[2025-12-25T02:37:57.914+0000][gc,cpu      ] GC(615) User=0.07s Sys=0.00s Real=0.01s
[2025-12-25T02:38:37.599+0000][gc,start    ] GC(616) Pause Young (Normal) (G1 Evacuation Pause)
[2025-12-25T02:38:37.600+0000][gc,task     ] GC(616) Using 8 workers of 8 for evacuation
[2025-12-25T02:38:37.617+0000][gc,phases   ] GC(616)   Pre Evacuate Collection Set: 1.0ms
[2025-12-25T02:38:37.617+0000][gc,phases   ] GC(616)   Merge Heap Roots: 2.2ms
[2025-12-25T02:38:37.617+0000][gc,phases   ] GC(616)   Evacuate Collection Set: 10.1ms
[2025-12-25T02:38:37.617+0000][gc,phases   ] GC(616)   Post Evacuate Collection Set: 3.8ms
[2025-12-25T02:38:37.617+0000][gc,phases   ] GC(616)   Other: 0.2ms
[2025-12-25T02:38:37.618+0000][gc,heap     ] GC(616) Eden regions: 606->0(606)
[2025-12-25T02:38:37.618+0000][gc,heap     ] GC(616) Survivor regions: 8->8(77)
[2025-12-25T02:38:37.618+0000][gc,heap     ] GC(616) Old regions: 147->148
[2025-12-25T02:38:37.618+0000][gc,heap     ] GC(616) Humongous regions: 151->151
[2025-12-25T02:38:37.618+0000][gc,metaspace] GC(616) Metaspace: 15653K(16064K)->15653K(16064K) NonClass: 14019K(14144K)->14019K(14144K) Class: 1634K(1920K)->1634K(1920K)
[2025-12-25T02:38:37.618+0000][gc          ] GC(616) Pause Young (Normal) (G1 Evacuation Pause) 911M->305M(1024M) 18.492ms
[2025-12-25T02:38:37.618+0000][gc,cpu      ] GC(616) User=0.11s Sys=0.00s Real=0.02s
[2025-12-25T02:39:07.880+0000][gc,start    ] GC(617) Pause Young (Normal) (G1 Evacuation Pause)
[2025-12-25T02:39:07.881+0000][gc,task     ] GC(617) Using 8 workers of 8 for evacuation
[2025-12-25T02:39:07.897+0000][gc,phases   ] GC(617)   Pre Evacuate Collection Set: 1.0ms
[2025-12-25T02:39:07.897+0000][gc,phases   ] GC(617)   Merge Heap Roots: 0.3ms
[2025-12-25T02:39:07.897+0000][gc,phases   ] GC(617)   Evacuate Collection Set: 13.0ms
[2025-12-25T02:39:07.897+0000][gc,phases   ] GC(617)   Post Evacuate Collection Set: 1.2ms
[2025-12-25T02:39:07.897+0000][gc,phases   ] GC(617)   Other: 0.3ms
[2025-12-25T02:39:07.897+0000][gc,heap     ] GC(617) Eden regions: 606->0(604)
[2025-12-25T02:39:07.897+0000][gc,heap     ] GC(617) Survivor regions: 8->10(77)
[2025-12-25T02:39:07.897+0000][gc,heap     ] GC(617) Old regions: 148->148
[2025-12-25T02:39:07.897+0000][gc,heap     ] GC(617) Humongous regions: 151->151
[2025-12-25T02:39:07.897+0000][gc,metaspace] GC(617) Metaspace: 15653K(16064K)->15653K(16064K) NonClass: 14019K(14144K)->14019K(14144K) Class: 1634K(1920K)->1634K(1920K)
[2025-12-25T02:39:07.897+0000][gc          ] GC(617) Pause Young (Normal) (G1 Evacuation Pause) 911M->307M(1024M) 17.112ms
[2025-12-25T02:39:07.897+0000][gc,cpu      ] GC(617) User=0.11s Sys=0.00s Real=0.02s
[2025-12-25T02:39:47.549+0000][gc,start    ] GC(618) Pause Young (Normal) (G1 Evacuation Pause)
[2025-12-25T02:39:47.550+0000][gc,task     ] GC(618) Using 8 workers of 8 for evacuation
[2025-12-25T02:39:47.575+0000][gc,phases   ] GC(618)   Pre Evacuate Collection Set: 1.1ms
[2025-12-25T02:39:47.576+0000][gc,phases   ] GC(618)   Merge Heap Roots: 0.5ms
[2025-12-25T02:39:47.576+0000][gc,phases   ] GC(618)   Evacuate Collection Set: 22.3ms
[2025-12-25T02:39:47.576+0000][gc,phases   ] GC(618)   Post Evacuate Collection Set: 1.4ms
[2025-12-25T02:39:47.576+0000][gc,phases   ] GC(618)   Other: 0.2ms
[2025-12-25T02:39:47.576+0000][gc,heap     ] GC(618) Eden regions: 604->0(605)
[2025-12-25T02:39:47.576+0000][gc,heap     ] GC(618) Survivor regions: 10->9(77)
[2025-12-25T02:39:47.576+0000][gc,heap     ] GC(618) Old regions: 148->148
[2025-12-25T02:39:47.576+0000][gc,heap     ] GC(618) Humongous regions: 151->151
[2025-12-25T02:39:47.576+0000][gc,metaspace] GC(618) Metaspace: 15653K(16064K)->15653K(16064K) NonClass: 14019K(14144K)->14019K(14144K) Class: 1634K(1920K)->1634K(1920K)
[2025-12-25T02:39:47.576+0000][gc          ] GC(618) Pause Young (Normal) (G1 Evacuation Pause) 911M->306M(1024M) 27.235ms
[2025-12-25T02:39:47.577+0000][gc,cpu      ] GC(618) User=0.18s Sys=0.00s Real=0.03s
[2025-12-25T02:40:17.657+0000][gc,start    ] GC(619) Pause Young (Normal) (G1 Evacuation Pause)
[2025-12-25T02:40:17.658+0000][gc,task     ] GC(619) Using 8 workers of 8 for evacuation
[2025-12-25T02:40:17.680+0000][gc,phases   ] GC(619)   Pre Evacuate Collection Set: 1.0ms
[2025-12-25T02:40:17.680+0000][gc,phases   ] GC(619)   Merge Heap Roots: 0.3ms
[2025-12-25T02:40:17.680+0000][gc,phases   ] GC(619)   Evacuate Collection Set: 18.9ms
[2025-12-25T02:40:17.680+0000][gc,phases   ] GC(619)   Post Evacuate Collection Set: 1.4ms
[2025-12-25T02:40:17.680+0000][gc,phases   ] GC(619)   Other: 0.3ms
[2025-12-25T02:40:17.680+0000][gc,heap     ] GC(619) Eden regions: 605->0(603)
[2025-12-25T02:40:17.680+0000][gc,heap     ] GC(619) Survivor regions: 9->11(77)
[2025-12-25T02:40:17.680+0000][gc,heap     ] GC(619) Old regions: 148->148
[2025-12-25T02:40:17.680+0000][gc,heap     ] GC(619) Humongous regions: 151->151
[2025-12-25T02:40:17.680+0000][gc,metaspace] GC(619) Metaspace: 15654K(16064K)->15654K(16064K) NonClass: 14020K(14144K)->14020K(14144K) Class: 1634K(1920K)->1634K(1920K)
[2025-12-25T02:40:17.681+0000][gc          ] GC(619) Pause Young (Normal) (G1 Evacuation Pause) 911M->309M(1024M) 23.131ms
[2025-12-25T02:40:17.681+0000][gc,cpu      ] GC(619) User=0.15s Sys=0.00s Real=0.02s
[2025-12-25T02:40:57.292+0000][gc,start    ] GC(620) Pause Young (Normal) (G1 Evacuation Pause)
[2025-12-25T02:40:57.294+0000][gc,task     ] GC(620) Using 8 workers of 8 for evacuation
[2025-12-25T02:40:57.311+0000][gc,phases   ] GC(620)   Pre Evacuate Collection Set: 2.8ms
[2025-12-25T02:40:57.311+0000][gc,phases   ] GC(620)   Merge Heap Roots: 0.4ms
[2025-12-25T02:40:57.311+0000][gc,phases   ] GC(620)   Evacuate Collection Set: 11.6ms
[2025-12-25T02:40:57.311+0000][gc,phases   ] GC(620)   Post Evacuate Collection Set: 1.3ms
[2025-12-25T02:40:57.311+0000][gc,phases   ] GC(620)   Other: 0.4ms
[2025-12-25T02:40:57.311+0000][gc,heap     ] GC(620) Eden regions: 603->0(608)
[2025-12-25T02:40:57.311+0000][gc,heap     ] GC(620) Survivor regions: 11->6(77)
[2025-12-25T02:40:57.311+0000][gc,heap     ] GC(620) Old regions: 148->149
[2025-12-25T02:40:57.311+0000][gc,heap     ] GC(620) Humongous regions: 151->151
[2025-12-25T02:40:57.311+0000][gc,metaspace] GC(620) Metaspace: 15654K(16064K)->15654K(16064K) NonClass: 14020K(14144K)->14020K(14144K) Class: 1634K(1920K)->1634K(1920K)
[2025-12-25T02:40:57.312+0000][gc          ] GC(620) Pause Young (Normal) (G1 Evacuation Pause) 912M->304M(1024M) 22.209ms
[2025-12-25T02:40:57.312+0000][gc,cpu      ] GC(620) User=0.12s Sys=0.01s Real=0.03s
[2025-12-25T02:41:27.584+0000][gc,start    ] GC(621) Pause Young (Normal) (G1 Evacuation Pause)
[2025-12-25T02:41:27.585+0000][gc,task     ] GC(621) Using 8 workers of 8 for evacuation
[2025-12-25T02:41:27.633+0000][gc,phases   ] GC(621)   Pre Evacuate Collection Set: 3.0ms
[2025-12-25T02:41:27.633+0000][gc,phases   ] GC(621)   Merge Heap Roots: 1.9ms
[2025-12-25T02:41:27.633+0000][gc,phases   ] GC(621)   Evacuate Collection Set: 39.5ms
[2025-12-25T02:41:27.633+0000][gc,phases   ] GC(621)   Post Evacuate Collection Set: 2.3ms
[2025-12-25T02:41:27.633+0000][gc,phases   ] GC(621)   Other: 0.9ms
[2025-12-25T02:41:27.633+0000][gc,heap     ] GC(621) Eden regions: 608->0(608)
[2025-12-25T02:41:27.633+0000][gc,heap     ] GC(621) Survivor regions: 6->6(77)
[2025-12-25T02:41:27.633+0000][gc,heap     ] GC(621) Old regions: 149->149
[2025-12-25T02:41:27.633+0000][gc,heap     ] GC(621) Humongous regions: 151->151
[2025-12-25T02:41:27.633+0000][gc,metaspace] GC(621) Metaspace: 15655K(16064K)->15655K(16064K) NonClass: 14021K(14144K)->14021K(14144K) Class: 1634K(1920K)->1634K(1920K)
[2025-12-25T02:41:27.633+0000][gc          ] GC(621) Pause Young (Normal) (G1 Evacuation Pause) 912M->305M(1024M) 48.986ms
[2025-12-25T02:41:27.633+0000][gc,cpu      ] GC(621) User=0.34s Sys=0.00s Real=0.05s
[2025-12-25T02:41:58.114+0000][gc,start    ] GC(622) Pause Young (Normal) (G1 Evacuation Pause)
[2025-12-25T02:41:58.115+0000][gc,task     ] GC(622) Using 8 workers of 8 for evacuation
[2025-12-25T02:41:58.133+0000][gc,phases   ] GC(622)   Pre Evacuate Collection Set: 1.4ms
[2025-12-25T02:41:58.133+0000][gc,phases   ] GC(622)   Merge Heap Roots: 0.4ms
[2025-12-25T02:41:58.133+0000][gc,phases   ] GC(622)   Evacuate Collection Set: 13.9ms
[2025-12-25T02:41:58.133+0000][gc,phases   ] GC(622)   Post Evacuate Collection Set: 1.1ms
[2025-12-25T02:41:58.133+0000][gc,phases   ] GC(622)   Other: 0.6ms
[2025-12-25T02:41:58.133+0000][gc,heap     ] GC(622) Eden regions: 608->0(606)
[2025-12-25T02:41:58.133+0000][gc,heap     ] GC(622) Survivor regions: 6->8(77)
[2025-12-25T02:41:58.133+0000][gc,heap     ] GC(622) Old regions: 149->149
[2025-12-25T02:41:58.133+0000][gc,heap     ] GC(622) Humongous regions: 151->151
[2025-12-25T02:41:58.133+0000][gc,metaspace] GC(622) Metaspace: 15655K(16064K)->15655K(16064K) NonClass: 14021K(14144K)->14021K(14144K) Class: 1634K(1920K)->1634K(1920K)
[2025-12-25T02:41:58.133+0000][gc          ] GC(622) Pause Young (Normal) (G1 Evacuation Pause) 913M->307M(1024M) 19.057ms
[2025-12-25T02:41:58.133+0000][gc,cpu      ] GC(622) User=0.13s Sys=0.00s Real=0.02s
[2025-12-25T02:42:37.491+0000][gc,start    ] GC(623) Pause Young (Normal) (G1 Evacuation Pause)
[2025-12-25T02:42:37.492+0000][gc,task     ] GC(623) Using 8 workers of 8 for evacuation
[2025-12-25T02:42:37.508+0000][gc,phases   ] GC(623)   Pre Evacuate Collection Set: 1.4ms
[2025-12-25T02:42:37.508+0000][gc,phases   ] GC(623)   Merge Heap Roots: 0.9ms
[2025-12-25T02:42:37.508+0000][gc,phases   ] GC(623)   Evacuate Collection Set: 11.9ms
[2025-12-25T02:42:37.508+0000][gc,phases   ] GC(623)   Post Evacuate Collection Set: 1.4ms
[2025-12-25T02:42:37.508+0000][gc,phases   ] GC(623)   Other: 0.3ms
[2025-12-25T02:42:37.508+0000][gc,heap     ] GC(623) Eden regions: 606->0(607)
[2025-12-25T02:42:37.508+0000][gc,heap     ] GC(623) Survivor regions: 8->7(77)
[2025-12-25T02:42:37.508+0000][gc,heap     ] GC(623) Old regions: 149->149
[2025-12-25T02:42:37.508+0000][gc,heap     ] GC(623) Humongous regions: 151->151
[2025-12-25T02:42:37.508+0000][gc,metaspace] GC(623) Metaspace: 15655K(16064K)->15655K(16064K) NonClass: 14021K(14144K)->14021K(14144K) Class: 1634K(1920K)->1634K(1920K)
[2025-12-25T02:42:37.508+0000][gc          ] GC(623) Pause Young (Normal) (G1 Evacuation Pause) 913M->306M(1024M) 17.204ms
[2025-12-25T02:42:37.509+0000][gc,cpu      ] GC(623) User=0.10s Sys=0.00s Real=0.02s
[2025-12-25T02:43:07.718+0000][gc,start    ] GC(624) Pause Young (Normal) (G1 Evacuation Pause)
[2025-12-25T02:43:07.719+0000][gc,task     ] GC(624) Using 8 workers of 8 for evacuation
[2025-12-25T02:43:07.730+0000][gc,phases   ] GC(624)   Pre Evacuate Collection Set: 1.1ms
[2025-12-25T02:43:07.730+0000][gc,phases   ] GC(624)   Merge Heap Roots: 0.2ms
[2025-12-25T02:43:07.730+0000][gc,phases   ] GC(624)   Evacuate Collection Set: 8.3ms
[2025-12-25T02:43:07.730+0000][gc,phases   ] GC(624)   Post Evacuate Collection Set: 1.0ms
[2025-12-25T02:43:07.730+0000][gc,phases   ] GC(624)   Other: 0.2ms
[2025-12-25T02:43:07.730+0000][gc,heap     ] GC(624) Eden regions: 607->0(605)
[2025-12-25T02:43:07.730+0000][gc,heap     ] GC(624) Survivor regions: 7->9(77)
[2025-12-25T02:43:07.730+0000][gc,heap     ] GC(624) Old regions: 149->150
[2025-12-25T02:43:07.730+0000][gc,heap     ] GC(624) Humongous regions: 151->151
[2025-12-25T02:43:07.730+0000][gc,metaspace] GC(624) Metaspace: 15655K(16064K)->15655K(16064K) NonClass: 14021K(14144K)->14021K(14144K) Class: 1634K(1920K)->1634K(1920K)
[2025-12-25T02:43:07.730+0000][gc          ] GC(624) Pause Young (Normal) (G1 Evacuation Pause) 913M->309M(1024M) 11.911ms
[2025-12-25T02:43:07.730+0000][gc,cpu      ] GC(624) User=0.07s Sys=0.00s Real=0.01s
[2025-12-25T02:43:47.360+0000][gc,start    ] GC(625) Pause Young (Normal) (G1 Evacuation Pause)
[2025-12-25T02:43:47.361+0000][gc,task     ] GC(625) Using 8 workers of 8 for evacuation
[2025-12-25T02:43:47.378+0000][gc,phases   ] GC(625)   Pre Evacuate Collection Set: 1.2ms
[2025-12-25T02:43:47.378+0000][gc,phases   ] GC(625)   Merge Heap Roots: 0.3ms
[2025-12-25T02:43:47.378+0000][gc,phases   ] GC(625)   Evacuate Collection Set: 14.1ms
[2025-12-25T02:43:47.378+0000][gc,phases   ] GC(625)   Post Evacuate Collection Set: 1.3ms
[2025-12-25T02:43:47.378+0000][gc,phases   ] GC(625)   Other: 0.3ms
[2025-12-25T02:43:47.378+0000][gc,heap     ] GC(625) Eden regions: 605->0(606)
[2025-12-25T02:43:47.378+0000][gc,heap     ] GC(625) Survivor regions: 9->8(77)
[2025-12-25T02:43:47.378+0000][gc,heap     ] GC(625) Old regions: 150->150
[2025-12-25T02:43:47.378+0000][gc,heap     ] GC(625) Humongous regions: 151->151
[2025-12-25T02:43:47.378+0000][gc,metaspace] GC(625) Metaspace: 15655K(16064K)->15655K(16064K) NonClass: 14021K(14144K)->14021K(14144K) Class: 1634K(1920K)->1634K(1920K)
[2025-12-25T02:43:47.378+0000][gc          ] GC(625) Pause Young (Normal) (G1 Evacuation Pause) 914M->308M(1024M) 18.354ms
[2025-12-25T02:43:47.378+0000][gc,cpu      ] GC(625) User=0.11s Sys=0.00s Real=0.02s
[2025-12-25T02:44:17.881+0000][gc,start    ] GC(626) Pause Young (Normal) (G1 Evacuation Pause)
[2025-12-25T02:44:17.881+0000][gc,task     ] GC(626) Using 8 workers of 8 for evacuation
[2025-12-25T02:44:17.900+0000][gc,phases   ] GC(626)   Pre Evacuate Collection Set: 1.4ms
[2025-12-25T02:44:17.900+0000][gc,phases   ] GC(626)   Merge Heap Roots: 0.3ms
[2025-12-25T02:44:17.900+0000][gc,phases   ] GC(626)   Evacuate Collection Set: 14.7ms
[2025-12-25T02:44:17.900+0000][gc,phases   ] GC(626)   Post Evacuate Collection Set: 1.5ms
[2025-12-25T02:44:17.900+0000][gc,phases   ] GC(626)   Other: 0.2ms
[2025-12-25T02:44:17.900+0000][gc,heap     ] GC(626) Eden regions: 606->0(604)
[2025-12-25T02:44:17.900+0000][gc,heap     ] GC(626) Survivor regions: 8->10(77)
[2025-12-25T02:44:17.900+0000][gc,heap     ] GC(626) Old regions: 150->150
[2025-12-25T02:44:17.900+0000][gc,heap     ] GC(626) Humongous regions: 151->151
[2025-12-25T02:44:17.900+0000][gc,metaspace] GC(626) Metaspace: 15655K(16064K)->15655K(16064K) NonClass: 14021K(14144K)->14021K(14144K) Class: 1634K(1920K)->1634K(1920K)
[2025-12-25T02:44:17.900+0000][gc          ] GC(626) Pause Young (Normal) (G1 Evacuation Pause) 914M->310M(1024M) 18.985ms
[2025-12-25T02:44:17.900+0000][gc,cpu      ] GC(626) User=0.12s Sys=0.00s Real=0.02s
[2025-12-25T02:44:47.869+0000][gc,start    ] GC(627) Pause Young (Normal) (G1 Evacuation Pause)
[2025-12-25T02:44:47.870+0000][gc,task     ] GC(627) Using 8 workers of 8 for evacuation
[2025-12-25T02:44:47.888+0000][gc,phases   ] GC(627)   Pre Evacuate Collection Set: 3.3ms
[2025-12-25T02:44:47.889+0000][gc,phases   ] GC(627)   Merge Heap Roots: 1.2ms
[2025-12-25T02:44:47.889+0000][gc,phases   ] GC(627)   Evacuate Collection Set: 10.5ms
[2025-12-25T02:44:47.889+0000][gc,phases   ] GC(627)   Post Evacuate Collection Set: 1.8ms
[2025-12-25T02:44:47.889+0000][gc,phases   ] GC(627)   Other: 1.4ms
[2025-12-25T02:44:47.889+0000][gc,heap     ] GC(627) Eden regions: 604->0(608)
[2025-12-25T02:44:47.889+0000][gc,heap     ] GC(627) Survivor regions: 10->6(77)
[2025-12-25T02:44:47.889+0000][gc,heap     ] GC(627) Old regions: 150->150
[2025-12-25T02:44:47.889+0000][gc,heap     ] GC(627) Humongous regions: 151->151
[2025-12-25T02:44:47.889+0000][gc,metaspace] GC(627) Metaspace: 15655K(16064K)->15655K(16064K) NonClass: 14021K(14144K)->14021K(14144K) Class: 1634K(1920K)->1634K(1920K)
[2025-12-25T02:44:47.889+0000][gc          ] GC(627) Pause Young (Normal) (G1 Evacuation Pause) 914M->306M(1024M) 20.460ms
[2025-12-25T02:44:47.889+0000][gc,cpu      ] GC(627) User=0.10s Sys=0.01s Real=0.02s
[2025-12-25T02:45:27.513+0000][gc,start    ] GC(628) Pause Young (Normal) (G1 Evacuation Pause)
[2025-12-25T02:45:27.515+0000][gc,task     ] GC(628) Using 8 workers of 8 for evacuation
[2025-12-25T02:45:27.542+0000][gc,phases   ] GC(628)   Pre Evacuate Collection Set: 3.5ms
[2025-12-25T02:45:27.542+0000][gc,phases   ] GC(628)   Merge Heap Roots: 1.0ms
[2025-12-25T02:45:27.542+0000][gc,phases   ] GC(628)   Evacuate Collection Set: 19.7ms
[2025-12-25T02:45:27.542+0000][gc,phases   ] GC(628)   Post Evacuate Collection Set: 2.1ms
[2025-12-25T02:45:27.543+0000][gc,phases   ] GC(628)   Other: 1.3ms
[2025-12-25T02:45:27.543+0000][gc,heap     ] GC(628) Eden regions: 608->0(608)
[2025-12-25T02:45:27.543+0000][gc,heap     ] GC(628) Survivor regions: 6->6(77)
[2025-12-25T02:45:27.544+0000][gc,heap     ] GC(628) Old regions: 150->151
[2025-12-25T02:45:27.544+0000][gc,heap     ] GC(628) Humongous regions: 151->151
[2025-12-25T02:45:27.544+0000][gc,metaspace] GC(628) Metaspace: 15655K(16064K)->15655K(16064K) NonClass: 14021K(14144K)->14021K(14144K) Class: 1634K(1920K)->1634K(1920K)
[2025-12-25T02:45:27.544+0000][gc          ] GC(628) Pause Young (Normal) (G1 Evacuation Pause) 914M->306M(1024M) 30.961ms
[2025-12-25T02:45:27.544+0000][gc,cpu      ] GC(628) User=0.15s Sys=0.01s Real=0.03s
[2025-12-25T02:45:58.297+0000][gc,start    ] GC(629) Pause Young (Normal) (G1 Evacuation Pause)
[2025-12-25T02:45:58.298+0000][gc,task     ] GC(629) Using 8 workers of 8 for evacuation
[2025-12-25T02:45:58.315+0000][gc,phases   ] GC(629)   Pre Evacuate Collection Set: 2.2ms
[2025-12-25T02:45:58.315+0000][gc,phases   ] GC(629)   Merge Heap Roots: 0.9ms
[2025-12-25T02:45:58.316+0000][gc,phases   ] GC(629)   Evacuate Collection Set: 12.7ms
[2025-12-25T02:45:58.316+0000][gc,phases   ] GC(629)   Post Evacuate Collection Set: 1.3ms
[2025-12-25T02:45:58.316+0000][gc,phases   ] GC(629)   Other: 0.5ms
[2025-12-25T02:45:58.316+0000][gc,heap     ] GC(629) Eden regions: 608->0(606)
[2025-12-25T02:45:58.316+0000][gc,heap     ] GC(629) Survivor regions: 6->8(77)
[2025-12-25T02:45:58.316+0000][gc,heap     ] GC(629) Old regions: 151->151
[2025-12-25T02:45:58.316+0000][gc,heap     ] GC(629) Humongous regions: 151->151
[2025-12-25T02:45:58.316+0000][gc,metaspace] GC(629) Metaspace: 15655K(16064K)->15655K(16064K) NonClass: 14021K(14144K)->14021K(14144K) Class: 1634K(1920K)->1634K(1920K)
[2025-12-25T02:45:58.316+0000][gc          ] GC(629) Pause Young (Normal) (G1 Evacuation Pause) 914M->309M(1024M) 18.772ms
[2025-12-25T02:45:58.317+0000][gc,cpu      ] GC(629) User=0.11s Sys=0.00s Real=0.01s
[2025-12-25T02:46:39.421+0000][gc,start    ] GC(630) Pause Young (Normal) (G1 Evacuation Pause)
[2025-12-25T02:46:39.422+0000][gc,task     ] GC(630) Using 8 workers of 8 for evacuation
[2025-12-25T02:46:39.450+0000][gc,phases   ] GC(630)   Pre Evacuate Collection Set: 1.4ms
[2025-12-25T02:46:39.450+0000][gc,phases   ] GC(630)   Merge Heap Roots: 1.1ms
[2025-12-25T02:46:39.450+0000][gc,phases   ] GC(630)   Evacuate Collection Set: 24.0ms
[2025-12-25T02:46:39.450+0000][gc,phases   ] GC(630)   Post Evacuate Collection Set: 1.4ms
[2025-12-25T02:46:39.451+0000][gc,phases   ] GC(630)   Other: 0.3ms
[2025-12-25T02:46:39.451+0000][gc,heap     ] GC(630) Eden regions: 606->0(607)
[2025-12-25T02:46:39.451+0000][gc,heap     ] GC(630) Survivor regions: 8->7(77)
[2025-12-25T02:46:39.451+0000][gc,heap     ] GC(630) Old regions: 151->151
[2025-12-25T02:46:39.451+0000][gc,heap     ] GC(630) Humongous regions: 151->151
[2025-12-25T02:46:39.451+0000][gc,metaspace] GC(630) Metaspace: 15655K(16064K)->15655K(16064K) NonClass: 14021K(14144K)->14021K(14144K) Class: 1634K(1920K)->1634K(1920K)
[2025-12-25T02:46:39.451+0000][gc          ] GC(630) Pause Young (Normal) (G1 Evacuation Pause) 915M->308M(1024M) 29.545ms
[2025-12-25T02:46:39.451+0000][gc,cpu      ] GC(630) User=0.17s Sys=0.01s Real=0.03s
[2025-12-25T02:47:07.657+0000][gc,start    ] GC(631) Pause Young (Normal) (G1 Evacuation Pause)
[2025-12-25T02:47:07.657+0000][gc,task     ] GC(631) Using 8 workers of 8 for evacuation
[2025-12-25T02:47:07.674+0000][gc,phases   ] GC(631)   Pre Evacuate Collection Set: 0.9ms
[2025-12-25T02:47:07.674+0000][gc,phases   ] GC(631)   Merge Heap Roots: 0.3ms
[2025-12-25T02:47:07.674+0000][gc,phases   ] GC(631)   Evacuate Collection Set: 9.9ms
[2025-12-25T02:47:07.674+0000][gc,phases   ] GC(631)   Post Evacuate Collection Set: 4.5ms
[2025-12-25T02:47:07.674+0000][gc,phases   ] GC(631)   Other: 0.5ms
[2025-12-25T02:47:07.674+0000][gc,heap     ] GC(631) Eden regions: 607->0(605)
[2025-12-25T02:47:07.674+0000][gc,heap     ] GC(631) Survivor regions: 7->9(77)
[2025-12-25T02:47:07.674+0000][gc,heap     ] GC(631) Old regions: 151->151
[2025-12-25T02:47:07.674+0000][gc,heap     ] GC(631) Humongous regions: 151->151
[2025-12-25T02:47:07.674+0000][gc,metaspace] GC(631) Metaspace: 15655K(16064K)->15655K(16064K) NonClass: 14021K(14144K)->14021K(14144K) Class: 1634K(1920K)->1634K(1920K)
[2025-12-25T02:47:07.675+0000][gc          ] GC(631) Pause Young (Normal) (G1 Evacuation Pause) 915M->310M(1024M) 17.832ms
[2025-12-25T02:47:07.675+0000][gc,cpu      ] GC(631) User=0.10s Sys=0.00s Real=0.02s
[2025-12-25T02:47:47.347+0000][gc,start    ] GC(632) Pause Young (Normal) (G1 Evacuation Pause)
[2025-12-25T02:47:47.348+0000][gc,task     ] GC(632) Using 8 workers of 8 for evacuation
[2025-12-25T02:47:47.370+0000][gc,phases   ] GC(632)   Pre Evacuate Collection Set: 1.0ms
[2025-12-25T02:47:47.370+0000][gc,phases   ] GC(632)   Merge Heap Roots: 0.2ms
[2025-12-25T02:47:47.370+0000][gc,phases   ] GC(632)   Evacuate Collection Set: 19.1ms
[2025-12-25T02:47:47.370+0000][gc,phases   ] GC(632)   Post Evacuate Collection Set: 1.2ms
[2025-12-25T02:47:47.370+0000][gc,phases   ] GC(632)   Other: 0.3ms
[2025-12-25T02:47:47.370+0000][gc,heap     ] GC(632) Eden regions: 605->0(606)
[2025-12-25T02:47:47.370+0000][gc,heap     ] GC(632) Survivor regions: 9->8(77)
[2025-12-25T02:47:47.370+0000][gc,heap     ] GC(632) Old regions: 151->151
[2025-12-25T02:47:47.370+0000][gc,heap     ] GC(632) Humongous regions: 151->151
[2025-12-25T02:47:47.370+0000][gc,metaspace] GC(632) Metaspace: 15655K(16064K)->15655K(16064K) NonClass: 14021K(14144K)->14021K(14144K) Class: 1634K(1920K)->1634K(1920K)
[2025-12-25T02:47:47.370+0000][gc          ] GC(632) Pause Young (Normal) (G1 Evacuation Pause) 915M->309M(1024M) 23.082ms
[2025-12-25T02:47:47.371+0000][gc,cpu      ] GC(632) User=0.14s Sys=0.00s Real=0.02s
[2025-12-25T02:48:17.610+0000][gc,start    ] GC(633) Pause Young (Normal) (G1 Evacuation Pause)
[2025-12-25T02:48:17.610+0000][gc,task     ] GC(633) Using 8 workers of 8 for evacuation
[2025-12-25T02:48:17.633+0000][gc,phases   ] GC(633)   Pre Evacuate Collection Set: 1.1ms
[2025-12-25T02:48:17.633+0000][gc,phases   ] GC(633)   Merge Heap Roots: 0.3ms
[2025-12-25T02:48:17.633+0000][gc,phases   ] GC(633)   Evacuate Collection Set: 20.3ms
[2025-12-25T02:48:17.634+0000][gc,phases   ] GC(633)   Post Evacuate Collection Set: 1.1ms
[2025-12-25T02:48:17.634+0000][gc,phases   ] GC(633)   Other: 0.3ms
[2025-12-25T02:48:17.634+0000][gc,heap     ] GC(633) Eden regions: 606->0(604)
[2025-12-25T02:48:17.634+0000][gc,heap     ] GC(633) Survivor regions: 8->10(77)
[2025-12-25T02:48:17.634+0000][gc,heap     ] GC(633) Old regions: 151->152
[2025-12-25T02:48:17.634+0000][gc,heap     ] GC(633) Humongous regions: 151->151
[2025-12-25T02:48:17.634+0000][gc,metaspace] GC(633) Metaspace: 15655K(16064K)->15655K(16064K) NonClass: 14021K(14144K)->14021K(14144K) Class: 1634K(1920K)->1634K(1920K)
[2025-12-25T02:48:17.634+0000][gc          ] GC(633) Pause Young (Normal) (G1 Evacuation Pause) 915M->311M(1024M) 24.411ms
[2025-12-25T02:48:17.634+0000][gc,cpu      ] GC(633) User=0.15s Sys=0.01s Real=0.02s
[2025-12-25T02:48:47.842+0000][gc,start    ] GC(634) Pause Young (Normal) (G1 Evacuation Pause)
[2025-12-25T02:48:47.843+0000][gc,task     ] GC(634) Using 8 workers of 8 for evacuation
[2025-12-25T02:48:47.867+0000][gc,phases   ] GC(634)   Pre Evacuate Collection Set: 1.3ms
[2025-12-25T02:48:47.867+0000][gc,phases   ] GC(634)   Merge Heap Roots: 0.3ms
[2025-12-25T02:48:47.867+0000][gc,phases   ] GC(634)   Evacuate Collection Set: 20.3ms
[2025-12-25T02:48:47.867+0000][gc,phases   ] GC(634)   Post Evacuate Collection Set: 2.2ms
[2025-12-25T02:48:47.867+0000][gc,phases   ] GC(634)   Other: 0.2ms
[2025-12-25T02:48:47.867+0000][gc,heap     ] GC(634) Eden regions: 604->0(601)
[2025-12-25T02:48:47.867+0000][gc,heap     ] GC(634) Survivor regions: 10->13(77)
[2025-12-25T02:48:47.867+0000][gc,heap     ] GC(634) Old regions: 152->152
[2025-12-25T02:48:47.867+0000][gc,heap     ] GC(634) Humongous regions: 151->151
[2025-12-25T02:48:47.867+0000][gc,metaspace] GC(634) Metaspace: 15660K(16064K)->15660K(16064K) NonClass: 14026K(14144K)->14026K(14144K) Class: 1634K(1920K)->1634K(1920K)
[2025-12-25T02:48:47.868+0000][gc          ] GC(634) Pause Young (Normal) (G1 Evacuation Pause) 915M->314M(1024M) 25.367ms
[2025-12-25T02:48:47.868+0000][gc,cpu      ] GC(634) User=0.17s Sys=0.00s Real=0.02s
[2025-12-25T02:49:27.458+0000][gc,start    ] GC(635) Pause Young (Normal) (G1 Evacuation Pause)
[2025-12-25T02:49:27.459+0000][gc,task     ] GC(635) Using 8 workers of 8 for evacuation
[2025-12-25T02:49:27.478+0000][gc,phases   ] GC(635)   Pre Evacuate Collection Set: 1.0ms
[2025-12-25T02:49:27.478+0000][gc,phases   ] GC(635)   Merge Heap Roots: 0.3ms
[2025-12-25T02:49:27.478+0000][gc,phases   ] GC(635)   Evacuate Collection Set: 14.7ms
[2025-12-25T02:49:27.478+0000][gc,phases   ] GC(635)   Post Evacuate Collection Set: 2.2ms
[2025-12-25T02:49:27.478+0000][gc,phases   ] GC(635)   Other: 0.6ms
[2025-12-25T02:49:27.478+0000][gc,heap     ] GC(635) Eden regions: 601->0(606)
[2025-12-25T02:49:27.478+0000][gc,heap     ] GC(635) Survivor regions: 13->8(77)
[2025-12-25T02:49:27.478+0000][gc,heap     ] GC(635) Old regions: 152->152
[2025-12-25T02:49:27.478+0000][gc,heap     ] GC(635) Humongous regions: 151->151
[2025-12-25T02:49:27.478+0000][gc,metaspace] GC(635) Metaspace: 15660K(16064K)->15660K(16064K) NonClass: 14026K(14144K)->14026K(14144K) Class: 1634K(1920K)->1634K(1920K)
[2025-12-25T02:49:27.478+0000][gc          ] GC(635) Pause Young (Normal) (G1 Evacuation Pause) 915M->309M(1024M) 19.967ms
[2025-12-25T02:49:27.478+0000][gc,cpu      ] GC(635) User=0.14s Sys=0.00s Real=0.02s
[2025-12-25T02:49:57.784+0000][gc,start    ] GC(636) Pause Young (Normal) (G1 Evacuation Pause)
[2025-12-25T02:49:57.785+0000][gc,task     ] GC(636) Using 8 workers of 8 for evacuation
[2025-12-25T02:49:57.830+0000][gc,phases   ] GC(636)   Pre Evacuate Collection Set: 3.4ms
[2025-12-25T02:49:57.831+0000][gc,phases   ] GC(636)   Merge Heap Roots: 1.1ms
[2025-12-25T02:49:57.831+0000][gc,phases   ] GC(636)   Evacuate Collection Set: 28.0ms
[2025-12-25T02:49:57.832+0000][gc,phases   ] GC(636)   Post Evacuate Collection Set: 11.7ms
[2025-12-25T02:49:57.832+0000][gc,phases   ] GC(636)   Other: 1.2ms
[2025-12-25T02:49:57.832+0000][gc,heap     ] GC(636) Eden regions: 606->0(605)
[2025-12-25T02:49:57.832+0000][gc,heap     ] GC(636) Survivor regions: 8->9(77)
[2025-12-25T02:49:57.832+0000][gc,heap     ] GC(636) Old regions: 152->152
[2025-12-25T02:49:57.833+0000][gc,heap     ] GC(636) Humongous regions: 151->151
[2025-12-25T02:49:57.833+0000][gc,metaspace] GC(636) Metaspace: 15660K(16064K)->15660K(16064K) NonClass: 14026K(14144K)->14026K(14144K) Class: 1634K(1920K)->1634K(1920K)
[2025-12-25T02:49:57.833+0000][gc          ] GC(636) Pause Young (Normal) (G1 Evacuation Pause) 915M->311M(1024M) 49.343ms
[2025-12-25T02:49:57.834+0000][gc,cpu      ] GC(636) User=0.26s Sys=0.01s Real=0.05s
[2025-12-25T02:50:37.364+0000][gc,start    ] GC(637) Pause Young (Normal) (G1 Evacuation Pause)
[2025-12-25T02:50:37.365+0000][gc,task     ] GC(637) Using 8 workers of 8 for evacuation
[2025-12-25T02:50:37.387+0000][gc,phases   ] GC(637)   Pre Evacuate Collection Set: 1.5ms
[2025-12-25T02:50:37.387+0000][gc,phases   ] GC(637)   Merge Heap Roots: 0.4ms
[2025-12-25T02:50:37.387+0000][gc,phases   ] GC(637)   Evacuate Collection Set: 15.5ms
[2025-12-25T02:50:37.387+0000][gc,phases   ] GC(637)   Post Evacuate Collection Set: 4.4ms
[2025-12-25T02:50:37.387+0000][gc,phases   ] GC(637)   Other: 0.4ms
[2025-12-25T02:50:37.387+0000][gc,heap     ] GC(637) Eden regions: 605->0(606)
[2025-12-25T02:50:37.387+0000][gc,heap     ] GC(637) Survivor regions: 9->8(77)
[2025-12-25T02:50:37.387+0000][gc,heap     ] GC(637) Old regions: 152->153
[2025-12-25T02:50:37.387+0000][gc,heap     ] GC(637) Humongous regions: 151->151
[2025-12-25T02:50:37.387+0000][gc,metaspace] GC(637) Metaspace: 15660K(16064K)->15660K(16064K) NonClass: 14026K(14144K)->14026K(14144K) Class: 1634K(1920K)->1634K(1920K)
[2025-12-25T02:50:37.387+0000][gc          ] GC(637) Pause Young (Normal) (G1 Evacuation Pause) 916M->310M(1024M) 23.387ms
[2025-12-25T02:50:37.387+0000][gc,cpu      ] GC(637) User=0.15s Sys=0.01s Real=0.02s
[2025-12-25T02:51:07.592+0000][gc,start    ] GC(638) Pause Young (Normal) (G1 Evacuation Pause)
[2025-12-25T02:51:07.594+0000][gc,task     ] GC(638) Using 8 workers of 8 for evacuation
[2025-12-25T02:51:07.612+0000][gc,phases   ] GC(638)   Pre Evacuate Collection Set: 2.8ms
[2025-12-25T02:51:07.612+0000][gc,phases   ] GC(638)   Merge Heap Roots: 0.3ms
[2025-12-25T02:51:07.612+0000][gc,phases   ] GC(638)   Evacuate Collection Set: 10.8ms
[2025-12-25T02:51:07.612+0000][gc,phases   ] GC(638)   Post Evacuate Collection Set: 2.2ms
[2025-12-25T02:51:07.612+0000][gc,phases   ] GC(638)   Other: 1.8ms
[2025-12-25T02:51:07.612+0000][gc,heap     ] GC(638) Eden regions: 606->0(605)
[2025-12-25T02:51:07.612+0000][gc,heap     ] GC(638) Survivor regions: 8->9(77)
[2025-12-25T02:51:07.612+0000][gc,heap     ] GC(638) Old regions: 153->153
[2025-12-25T02:51:07.612+0000][gc,heap     ] GC(638) Humongous regions: 151->151
[2025-12-25T02:51:07.612+0000][gc,metaspace] GC(638) Metaspace: 15660K(16064K)->15660K(16064K) NonClass: 14026K(14144K)->14026K(14144K) Class: 1634K(1920K)->1634K(1920K)
[2025-12-25T02:51:07.612+0000][gc          ] GC(638) Pause Young (Normal) (G1 Evacuation Pause) 916M->311M(1024M) 20.074ms
[2025-12-25T02:51:07.612+0000][gc,cpu      ] GC(638) User=0.10s Sys=0.01s Real=0.02s
[2025-12-25T02:51:39.693+0000][gc,start    ] GC(639) Pause Young (Normal) (G1 Evacuation Pause)
[2025-12-25T02:51:39.697+0000][gc,task     ] GC(639) Using 8 workers of 8 for evacuation
[2025-12-25T02:51:39.739+0000][gc,phases   ] GC(639)   Pre Evacuate Collection Set: 12.2ms
[2025-12-25T02:51:39.739+0000][gc,phases   ] GC(639)   Merge Heap Roots: 2.9ms
[2025-12-25T02:51:39.739+0000][gc,phases   ] GC(639)   Evacuate Collection Set: 22.6ms
[2025-12-25T02:51:39.739+0000][gc,phases   ] GC(639)   Post Evacuate Collection Set: 2.5ms
[2025-12-25T02:51:39.739+0000][gc,phases   ] GC(639)   Other: 2.1ms
[2025-12-25T02:51:39.739+0000][gc,heap     ] GC(639) Eden regions: 605->0(606)
[2025-12-25T02:51:39.739+0000][gc,heap     ] GC(639) Survivor regions: 9->8(77)
[2025-12-25T02:51:39.739+0000][gc,heap     ] GC(639) Old regions: 153->153
[2025-12-25T02:51:39.739+0000][gc,heap     ] GC(639) Humongous regions: 151->151
[2025-12-25T02:51:39.739+0000][gc,metaspace] GC(639) Metaspace: 15660K(16064K)->15660K(16064K) NonClass: 14026K(14144K)->14026K(14144K) Class: 1634K(1920K)->1634K(1920K)
[2025-12-25T02:51:39.740+0000][gc          ] GC(639) Pause Young (Normal) (G1 Evacuation Pause) 916M->310M(1024M) 46.428ms
[2025-12-25T02:51:39.740+0000][gc,cpu      ] GC(639) User=0.27s Sys=0.00s Real=0.04s
[2025-12-25T02:52:17.489+0000][gc,start    ] GC(640) Pause Young (Normal) (G1 Evacuation Pause)
[2025-12-25T02:52:17.490+0000][gc,task     ] GC(640) Using 8 workers of 8 for evacuation
[2025-12-25T02:52:17.510+0000][gc,phases   ] GC(640)   Pre Evacuate Collection Set: 0.9ms
[2025-12-25T02:52:17.511+0000][gc,phases   ] GC(640)   Merge Heap Roots: 0.2ms
[2025-12-25T02:52:17.511+0000][gc,phases   ] GC(640)   Evacuate Collection Set: 18.2ms
[2025-12-25T02:52:17.511+0000][gc,phases   ] GC(640)   Post Evacuate Collection Set: 1.1ms
[2025-12-25T02:52:17.511+0000][gc,phases   ] GC(640)   Other: 0.2ms
[2025-12-25T02:52:17.511+0000][gc,heap     ] GC(640) Eden regions: 606->0(605)
[2025-12-25T02:52:17.511+0000][gc,heap     ] GC(640) Survivor regions: 8->9(77)
[2025-12-25T02:52:17.511+0000][gc,heap     ] GC(640) Old regions: 153->153
[2025-12-25T02:52:17.511+0000][gc,heap     ] GC(640) Humongous regions: 151->151
[2025-12-25T02:52:17.511+0000][gc,metaspace] GC(640) Metaspace: 15660K(16064K)->15660K(16064K) NonClass: 14026K(14144K)->14026K(14144K) Class: 1634K(1920K)->1634K(1920K)
[2025-12-25T02:52:17.511+0000][gc          ] GC(640) Pause Young (Normal) (G1 Evacuation Pause) 916M->312M(1024M) 21.622ms
[2025-12-25T02:52:17.511+0000][gc,cpu      ] GC(640) User=0.14s Sys=0.00s Real=0.03s
[2025-12-25T02:52:47.795+0000][gc,start    ] GC(641) Pause Young (Normal) (G1 Evacuation Pause)
[2025-12-25T02:52:47.796+0000][gc,task     ] GC(641) Using 8 workers of 8 for evacuation
[2025-12-25T02:52:47.814+0000][gc,phases   ] GC(641)   Pre Evacuate Collection Set: 3.0ms
[2025-12-25T02:52:47.814+0000][gc,phases   ] GC(641)   Merge Heap Roots: 0.3ms
[2025-12-25T02:52:47.814+0000][gc,phases   ] GC(641)   Evacuate Collection Set: 12.9ms
[2025-12-25T02:52:47.814+0000][gc,phases   ] GC(641)   Post Evacuate Collection Set: 1.1ms
[2025-12-25T02:52:47.814+0000][gc,phases   ] GC(641)   Other: 0.7ms
[2025-12-25T02:52:47.815+0000][gc,heap     ] GC(641) Eden regions: 605->0(603)
[2025-12-25T02:52:47.815+0000][gc,heap     ] GC(641) Survivor regions: 9->11(77)
[2025-12-25T02:52:47.815+0000][gc,heap     ] GC(641) Old regions: 153->154
[2025-12-25T02:52:47.815+0000][gc,heap     ] GC(641) Humongous regions: 151->151
[2025-12-25T02:52:47.815+0000][gc,metaspace] GC(641) Metaspace: 15660K(16064K)->15660K(16064K) NonClass: 14026K(14144K)->14026K(14144K) Class: 1634K(1920K)->1634K(1920K)
[2025-12-25T02:52:47.815+0000][gc          ] GC(641) Pause Young (Normal) (G1 Evacuation Pause) 917M->314M(1024M) 20.327ms
[2025-12-25T02:52:47.815+0000][gc,cpu      ] GC(641) User=0.11s Sys=0.00s Real=0.02s
[2025-12-25T02:53:27.380+0000][gc,start    ] GC(642) Pause Young (Normal) (G1 Evacuation Pause)
[2025-12-25T02:53:27.381+0000][gc,task     ] GC(642) Using 8 workers of 8 for evacuation
[2025-12-25T02:53:27.402+0000][gc,phases   ] GC(642)   Pre Evacuate Collection Set: 2.7ms
[2025-12-25T02:53:27.402+0000][gc,phases   ] GC(642)   Merge Heap Roots: 0.2ms
[2025-12-25T02:53:27.402+0000][gc,phases   ] GC(642)   Evacuate Collection Set: 16.8ms
[2025-12-25T02:53:27.403+0000][gc,phases   ] GC(642)   Post Evacuate Collection Set: 1.2ms
[2025-12-25T02:53:27.403+0000][gc,phases   ] GC(642)   Other: 0.7ms
[2025-12-25T02:53:27.403+0000][gc,heap     ] GC(642) Eden regions: 603->0(608)
[2025-12-25T02:53:27.403+0000][gc,heap     ] GC(642) Survivor regions: 11->6(77)
[2025-12-25T02:53:27.403+0000][gc,heap     ] GC(642) Old regions: 154->154
[2025-12-25T02:53:27.403+0000][gc,heap     ] GC(642) Humongous regions: 151->151
[2025-12-25T02:53:27.403+0000][gc,metaspace] GC(642) Metaspace: 15660K(16064K)->15660K(16064K) NonClass: 14026K(14144K)->14026K(14144K) Class: 1634K(1920K)->1634K(1920K)
[2025-12-25T02:53:27.403+0000][gc          ] GC(642) Pause Young (Normal) (G1 Evacuation Pause) 917M->309M(1024M) 23.142ms
[2025-12-25T02:53:27.403+0000][gc,cpu      ] GC(642) User=0.13s Sys=0.01s Real=0.02s
[2025-12-25T02:53:57.647+0000][gc,start    ] GC(643) Pause Young (Normal) (G1 Evacuation Pause)
[2025-12-25T02:53:57.649+0000][gc,task     ] GC(643) Using 8 workers of 8 for evacuation
[2025-12-25T02:53:57.662+0000][gc,phases   ] GC(643)   Pre Evacuate Collection Set: 3.3ms
[2025-12-25T02:53:57.662+0000][gc,phases   ] GC(643)   Merge Heap Roots: 0.3ms
[2025-12-25T02:53:57.662+0000][gc,phases   ] GC(643)   Evacuate Collection Set: 8.5ms
[2025-12-25T02:53:57.663+0000][gc,phases   ] GC(643)   Post Evacuate Collection Set: 1.3ms
[2025-12-25T02:53:57.663+0000][gc,phases   ] GC(643)   Other: 0.8ms
[2025-12-25T02:53:57.663+0000][gc,heap     ] GC(643) Eden regions: 608->0(607)
[2025-12-25T02:53:57.663+0000][gc,heap     ] GC(643) Survivor regions: 6->7(77)
[2025-12-25T02:53:57.663+0000][gc,heap     ] GC(643) Old regions: 154->154
[2025-12-25T02:53:57.663+0000][gc,heap     ] GC(643) Humongous regions: 151->151
[2025-12-25T02:53:57.663+0000][gc,metaspace] GC(643) Metaspace: 15660K(16064K)->15660K(16064K) NonClass: 14026K(14144K)->14026K(14144K) Class: 1634K(1920K)->1634K(1920K)
[2025-12-25T02:53:57.663+0000][gc          ] GC(643) Pause Young (Normal) (G1 Evacuation Pause) 917M->310M(1024M) 16.542ms
[2025-12-25T02:53:57.663+0000][gc,cpu      ] GC(643) User=0.07s Sys=0.01s Real=0.01s
[2025-12-25T02:54:37.322+0000][gc,start    ] GC(644) Pause Young (Normal) (G1 Evacuation Pause)
[2025-12-25T02:54:37.322+0000][gc,task     ] GC(644) Using 8 workers of 8 for evacuation
[2025-12-25T02:54:37.343+0000][gc,phases   ] GC(644)   Pre Evacuate Collection Set: 2.5ms
[2025-12-25T02:54:37.343+0000][gc,phases   ] GC(644)   Merge Heap Roots: 0.4ms
[2025-12-25T02:54:37.343+0000][gc,phases   ] GC(644)   Evacuate Collection Set: 14.3ms
[2025-12-25T02:54:37.343+0000][gc,phases   ] GC(644)   Post Evacuate Collection Set: 2.8ms
[2025-12-25T02:54:37.343+0000][gc,phases   ] GC(644)   Other: 0.6ms
[2025-12-25T02:54:37.344+0000][gc,heap     ] GC(644) Eden regions: 607->0(608)
[2025-12-25T02:54:37.344+0000][gc,heap     ] GC(644) Survivor regions: 7->6(77)
[2025-12-25T02:54:37.344+0000][gc,heap     ] GC(644) Old regions: 154->154
[2025-12-25T02:54:37.344+0000][gc,heap     ] GC(644) Humongous regions: 151->151
[2025-12-25T02:54:37.345+0000][gc,metaspace] GC(644) Metaspace: 15660K(16064K)->15660K(16064K) NonClass: 14026K(14144K)->14026K(14144K) Class: 1634K(1920K)->1634K(1920K)
[2025-12-25T02:54:37.345+0000][gc          ] GC(644) Pause Young (Normal) (G1 Evacuation Pause) 917M->309M(1024M) 23.667ms
[2025-12-25T02:54:37.345+0000][gc,cpu      ] GC(644) User=0.13s Sys=0.01s Real=0.03s
[2025-12-25T02:55:07.555+0000][gc,start    ] GC(645) Pause Young (Normal) (G1 Evacuation Pause)
[2025-12-25T02:55:07.555+0000][gc,task     ] GC(645) Using 8 workers of 8 for evacuation
[2025-12-25T02:55:07.571+0000][gc,phases   ] GC(645)   Pre Evacuate Collection Set: 1.1ms
[2025-12-25T02:55:07.571+0000][gc,phases   ] GC(645)   Merge Heap Roots: 0.3ms
[2025-12-25T02:55:07.571+0000][gc,phases   ] GC(645)   Evacuate Collection Set: 11.7ms
[2025-12-25T02:55:07.571+0000][gc,phases   ] GC(645)   Post Evacuate Collection Set: 2.2ms
[2025-12-25T02:55:07.571+0000][gc,phases   ] GC(645)   Other: 0.3ms
[2025-12-25T02:55:07.571+0000][gc,heap     ] GC(645) Eden regions: 608->0(607)
[2025-12-25T02:55:07.572+0000][gc,heap     ] GC(645) Survivor regions: 6->7(77)
[2025-12-25T02:55:07.572+0000][gc,heap     ] GC(645) Old regions: 154->154
[2025-12-25T02:55:07.572+0000][gc,heap     ] GC(645) Humongous regions: 151->151
[2025-12-25T02:55:07.572+0000][gc,metaspace] GC(645) Metaspace: 15660K(16064K)->15660K(16064K) NonClass: 14026K(14144K)->14026K(14144K) Class: 1634K(1920K)->1634K(1920K)
[2025-12-25T02:55:07.572+0000][gc          ] GC(645) Pause Young (Normal) (G1 Evacuation Pause) 917M->311M(1024M) 17.038ms
[2025-12-25T02:55:07.572+0000][gc,cpu      ] GC(645) User=0.10s Sys=0.00s Real=0.01s
[2025-12-25T02:55:37.786+0000][gc,start    ] GC(646) Pause Young (Normal) (G1 Evacuation Pause)
[2025-12-25T02:55:37.786+0000][gc,task     ] GC(646) Using 8 workers of 8 for evacuation
[2025-12-25T02:55:37.807+0000][gc,phases   ] GC(646)   Pre Evacuate Collection Set: 2.3ms
[2025-12-25T02:55:37.807+0000][gc,phases   ] GC(646)   Merge Heap Roots: 2.0ms
[2025-12-25T02:55:37.807+0000][gc,phases   ] GC(646)   Evacuate Collection Set: 14.5ms
[2025-12-25T02:55:37.807+0000][gc,phases   ] GC(646)   Post Evacuate Collection Set: 1.5ms
[2025-12-25T02:55:37.807+0000][gc,phases   ] GC(646)   Other: 0.7ms
[2025-12-25T02:55:37.808+0000][gc,heap     ] GC(646) Eden regions: 607->0(606)
[2025-12-25T02:55:37.808+0000][gc,heap     ] GC(646) Survivor regions: 7->8(77)
[2025-12-25T02:55:37.808+0000][gc,heap     ] GC(646) Old regions: 154->155
[2025-12-25T02:55:37.808+0000][gc,heap     ] GC(646) Humongous regions: 151->151
[2025-12-25T02:55:37.808+0000][gc,metaspace] GC(646) Metaspace: 15660K(16064K)->15660K(16064K) NonClass: 14026K(14144K)->14026K(14144K) Class: 1634K(1920K)->1634K(1920K)
[2025-12-25T02:55:37.808+0000][gc          ] GC(646) Pause Young (Normal) (G1 Evacuation Pause) 918M->313M(1024M) 22.217ms
[2025-12-25T02:55:37.808+0000][gc,cpu      ] GC(646) User=0.13s Sys=0.00s Real=0.02s
[2025-12-25T02:56:17.477+0000][gc,start    ] GC(647) Pause Young (Normal) (G1 Evacuation Pause)
[2025-12-25T02:56:17.478+0000][gc,task     ] GC(647) Using 8 workers of 8 for evacuation
[2025-12-25T02:56:17.495+0000][gc,phases   ] GC(647)   Pre Evacuate Collection Set: 1.5ms
[2025-12-25T02:56:17.495+0000][gc,phases   ] GC(647)   Merge Heap Roots: 0.6ms
[2025-12-25T02:56:17.495+0000][gc,phases   ] GC(647)   Evacuate Collection Set: 11.9ms
[2025-12-25T02:56:17.495+0000][gc,phases   ] GC(647)   Post Evacuate Collection Set: 3.0ms
[2025-12-25T02:56:17.495+0000][gc,phases   ] GC(647)   Other: 0.4ms
[2025-12-25T02:56:17.495+0000][gc,heap     ] GC(647) Eden regions: 606->0(606)
[2025-12-25T02:56:17.495+0000][gc,heap     ] GC(647) Survivor regions: 8->8(77)
[2025-12-25T02:56:17.495+0000][gc,heap     ] GC(647) Old regions: 155->155
[2025-12-25T02:56:17.496+0000][gc,heap     ] GC(647) Humongous regions: 151->151
[2025-12-25T02:56:17.496+0000][gc,metaspace] GC(647) Metaspace: 15663K(16064K)->15663K(16064K) NonClass: 14029K(14144K)->14029K(14144K) Class: 1634K(1920K)->1634K(1920K)
[2025-12-25T02:56:17.496+0000][gc          ] GC(647) Pause Young (Normal) (G1 Evacuation Pause) 919M->312M(1024M) 18.604ms
[2025-12-25T02:56:17.496+0000][gc,cpu      ] GC(647) User=0.10s Sys=0.00s Real=0.02s
[2025-12-25T02:56:47.757+0000][gc,start    ] GC(648) Pause Young (Normal) (G1 Evacuation Pause)
[2025-12-25T02:56:47.757+0000][gc,task     ] GC(648) Using 8 workers of 8 for evacuation
[2025-12-25T02:56:47.773+0000][gc,phases   ] GC(648)   Pre Evacuate Collection Set: 1.0ms
[2025-12-25T02:56:47.773+0000][gc,phases   ] GC(648)   Merge Heap Roots: 0.3ms
[2025-12-25T02:56:47.773+0000][gc,phases   ] GC(648)   Evacuate Collection Set: 12.7ms
[2025-12-25T02:56:47.773+0000][gc,phases   ] GC(648)   Post Evacuate Collection Set: 1.3ms
[2025-12-25T02:56:47.773+0000][gc,phases   ] GC(648)   Other: 0.3ms
[2025-12-25T02:56:47.773+0000][gc,heap     ] GC(648) Eden regions: 606->0(605)
[2025-12-25T02:56:47.773+0000][gc,heap     ] GC(648) Survivor regions: 8->9(77)
[2025-12-25T02:56:47.773+0000][gc,heap     ] GC(648) Old regions: 155->155
[2025-12-25T02:56:47.773+0000][gc,heap     ] GC(648) Humongous regions: 151->151
[2025-12-25T02:56:47.773+0000][gc,metaspace] GC(648) Metaspace: 15663K(16064K)->15663K(16064K) NonClass: 14029K(14144K)->14029K(14144K) Class: 1634K(1920K)->1634K(1920K)
[2025-12-25T02:56:47.774+0000][gc          ] GC(648) Pause Young (Normal) (G1 Evacuation Pause) 918M->314M(1024M) 16.744ms
[2025-12-25T02:56:47.774+0000][gc,cpu      ] GC(648) User=0.09s Sys=0.00s Real=0.02s
[2025-12-25T02:57:27.366+0000][gc,start    ] GC(649) Pause Young (Normal) (G1 Evacuation Pause)
[2025-12-25T02:57:27.367+0000][gc,task     ] GC(649) Using 8 workers of 8 for evacuation
[2025-12-25T02:57:27.375+0000][gc,phases   ] GC(649)   Pre Evacuate Collection Set: 1.2ms
[2025-12-25T02:57:27.375+0000][gc,phases   ] GC(649)   Merge Heap Roots: 0.3ms
[2025-12-25T02:57:27.375+0000][gc,phases   ] GC(649)   Evacuate Collection Set: 5.0ms
[2025-12-25T02:57:27.375+0000][gc,phases   ] GC(649)   Post Evacuate Collection Set: 1.0ms
[2025-12-25T02:57:27.375+0000][gc,phases   ] GC(649)   Other: 0.3ms
[2025-12-25T02:57:27.375+0000][gc,heap     ] GC(649) Eden regions: 605->0(611)
[2025-12-25T02:57:27.375+0000][gc,heap     ] GC(649) Survivor regions: 9->3(77)
[2025-12-25T02:57:27.375+0000][gc,heap     ] GC(649) Old regions: 155->156
[2025-12-25T02:57:27.375+0000][gc,heap     ] GC(649) Humongous regions: 151->151
[2025-12-25T02:57:27.375+0000][gc,metaspace] GC(649) Metaspace: 15663K(16064K)->15663K(16064K) NonClass: 14029K(14144K)->14029K(14144K) Class: 1634K(1920K)->1634K(1920K)
[2025-12-25T02:57:27.375+0000][gc          ] GC(649) Pause Young (Normal) (G1 Evacuation Pause) 919M->309M(1024M) 9.065ms
[2025-12-25T02:57:27.375+0000][gc,cpu      ] GC(649) User=0.04s Sys=0.00s Real=0.01s
[2025-12-25T02:57:57.639+0000][gc,start    ] GC(650) Pause Young (Normal) (G1 Evacuation Pause)
[2025-12-25T02:57:57.639+0000][gc,task     ] GC(650) Using 8 workers of 8 for evacuation
[2025-12-25T02:57:57.646+0000][gc,phases   ] GC(650)   Pre Evacuate Collection Set: 0.9ms
[2025-12-25T02:57:57.647+0000][gc,phases   ] GC(650)   Merge Heap Roots: 0.2ms
[2025-12-25T02:57:57.647+0000][gc,phases   ] GC(650)   Evacuate Collection Set: 4.2ms
[2025-12-25T02:57:57.647+0000][gc,phases   ] GC(650)   Post Evacuate Collection Set: 1.1ms
[2025-12-25T02:57:57.647+0000][gc,phases   ] GC(650)   Other: 0.7ms
[2025-12-25T02:57:57.647+0000][gc,heap     ] GC(650) Eden regions: 611->0(609)
[2025-12-25T02:57:57.647+0000][gc,heap     ] GC(650) Survivor regions: 3->5(77)
[2025-12-25T02:57:57.647+0000][gc,heap     ] GC(650) Old regions: 156->156
[2025-12-25T02:57:57.647+0000][gc,heap     ] GC(650) Humongous regions: 151->151
[2025-12-25T02:57:57.647+0000][gc,metaspace] GC(650) Metaspace: 15663K(16064K)->15663K(16064K) NonClass: 14029K(14144K)->14029K(14144K) Class: 1634K(1920K)->1634K(1920K)
[2025-12-25T02:57:57.647+0000][gc          ] GC(650) Pause Young (Normal) (G1 Evacuation Pause) 920M->310M(1024M) 8.463ms
[2025-12-25T02:57:57.647+0000][gc,cpu      ] GC(650) User=0.04s Sys=0.01s Real=0.01s
[2025-12-25T02:58:37.313+0000][gc,start    ] GC(651) Pause Young (Normal) (G1 Evacuation Pause)
[2025-12-25T02:58:37.313+0000][gc,task     ] GC(651) Using 8 workers of 8 for evacuation
[2025-12-25T02:58:37.329+0000][gc,phases   ] GC(651)   Pre Evacuate Collection Set: 1.5ms
[2025-12-25T02:58:37.329+0000][gc,phases   ] GC(651)   Merge Heap Roots: 0.2ms
[2025-12-25T02:58:37.329+0000][gc,phases   ] GC(651)   Evacuate Collection Set: 11.8ms
[2025-12-25T02:58:37.329+0000][gc,phases   ] GC(651)   Post Evacuate Collection Set: 1.6ms
[2025-12-25T02:58:37.329+0000][gc,phases   ] GC(651)   Other: 0.3ms
[2025-12-25T02:58:37.329+0000][gc,heap     ] GC(651) Eden regions: 609->0(610)
[2025-12-25T02:58:37.329+0000][gc,heap     ] GC(651) Survivor regions: 5->4(77)
[2025-12-25T02:58:37.329+0000][gc,heap     ] GC(651) Old regions: 156->156
[2025-12-25T02:58:37.329+0000][gc,heap     ] GC(651) Humongous regions: 151->151
[2025-12-25T02:58:37.329+0000][gc,metaspace] GC(651) Metaspace: 15663K(16064K)->15663K(16064K) NonClass: 14029K(14144K)->14029K(14144K) Class: 1634K(1920K)->1634K(1920K)
[2025-12-25T02:58:37.329+0000][gc          ] GC(651) Pause Young (Normal) (G1 Evacuation Pause) 919M->310M(1024M) 16.762ms
[2025-12-25T02:58:37.329+0000][gc,cpu      ] GC(651) User=0.10s Sys=0.01s Real=0.02s
[2025-12-25T02:59:07.568+0000][gc,start    ] GC(652) Pause Young (Normal) (G1 Evacuation Pause)
[2025-12-25T02:59:07.568+0000][gc,task     ] GC(652) Using 8 workers of 8 for evacuation
[2025-12-25T02:59:07.581+0000][gc,phases   ] GC(652)   Pre Evacuate Collection Set: 1.2ms
[2025-12-25T02:59:07.581+0000][gc,phases   ] GC(652)   Merge Heap Roots: 0.2ms
[2025-12-25T02:59:07.581+0000][gc,phases   ] GC(652)   Evacuate Collection Set: 9.1ms
[2025-12-25T02:59:07.581+0000][gc,phases   ] GC(652)   Post Evacuate Collection Set: 1.3ms
[2025-12-25T02:59:07.581+0000][gc,phases   ] GC(652)   Other: 0.4ms
[2025-12-25T02:59:07.581+0000][gc,heap     ] GC(652) Eden regions: 610->0(608)
[2025-12-25T02:59:07.581+0000][gc,heap     ] GC(652) Survivor regions: 4->6(77)
[2025-12-25T02:59:07.581+0000][gc,heap     ] GC(652) Old regions: 156->156
[2025-12-25T02:59:07.581+0000][gc,heap     ] GC(652) Humongous regions: 151->151
[2025-12-25T02:59:07.581+0000][gc,metaspace] GC(652) Metaspace: 15663K(16064K)->15663K(16064K) NonClass: 14029K(14144K)->14029K(14144K) Class: 1634K(1920K)->1634K(1920K)
[2025-12-25T02:59:07.582+0000][gc          ] GC(652) Pause Young (Normal) (G1 Evacuation Pause) 920M->311M(1024M) 14.134ms
[2025-12-25T02:59:07.582+0000][gc,cpu      ] GC(652) User=0.08s Sys=0.00s Real=0.01s
[2025-12-25T02:59:37.878+0000][gc,start    ] GC(653) Pause Young (Normal) (G1 Evacuation Pause)
[2025-12-25T02:59:37.878+0000][gc,task     ] GC(653) Using 8 workers of 8 for evacuation
[2025-12-25T02:59:37.889+0000][gc,phases   ] GC(653)   Pre Evacuate Collection Set: 1.2ms
[2025-12-25T02:59:37.889+0000][gc,phases   ] GC(653)   Merge Heap Roots: 0.2ms
[2025-12-25T02:59:37.890+0000][gc,phases   ] GC(653)   Evacuate Collection Set: 7.5ms
[2025-12-25T02:59:37.890+0000][gc,phases   ] GC(653)   Post Evacuate Collection Set: 1.8ms
[2025-12-25T02:59:37.890+0000][gc,phases   ] GC(653)   Other: 0.2ms
[2025-12-25T02:59:37.890+0000][gc,heap     ] GC(653) Eden regions: 608->0(606)
[2025-12-25T02:59:37.890+0000][gc,heap     ] GC(653) Survivor regions: 6->8(77)
[2025-12-25T02:59:37.890+0000][gc,heap     ] GC(653) Old regions: 156->156
[2025-12-25T02:59:37.890+0000][gc,heap     ] GC(653) Humongous regions: 151->151
[2025-12-25T02:59:37.890+0000][gc,metaspace] GC(653) Metaspace: 15663K(16064K)->15663K(16064K) NonClass: 14029K(14144K)->14029K(14144K) Class: 1634K(1920K)->1634K(1920K)
[2025-12-25T02:59:37.890+0000][gc          ] GC(653) Pause Young (Normal) (G1 Evacuation Pause) 919M->313M(1024M) 12.264ms
[2025-12-25T02:59:37.890+0000][gc,cpu      ] GC(653) User=0.07s Sys=0.01s Real=0.01s
[2025-12-25T03:00:17.470+0000][gc,start    ] GC(654) Pause Young (Normal) (G1 Evacuation Pause)
[2025-12-25T03:00:17.470+0000][gc,task     ] GC(654) Using 8 workers of 8 for evacuation
[2025-12-25T03:00:17.484+0000][gc,phases   ] GC(654)   Pre Evacuate Collection Set: 1.0ms
[2025-12-25T03:00:17.484+0000][gc,phases   ] GC(654)   Merge Heap Roots: 0.2ms
[2025-12-25T03:00:17.484+0000][gc,phases   ] GC(654)   Evacuate Collection Set: 10.5ms
[2025-12-25T03:00:17.484+0000][gc,phases   ] GC(654)   Post Evacuate Collection Set: 1.4ms
[2025-12-25T03:00:17.484+0000][gc,phases   ] GC(654)   Other: 0.3ms
[2025-12-25T03:00:17.484+0000][gc,heap     ] GC(654) Eden regions: 606->0(607)
[2025-12-25T03:00:17.484+0000][gc,heap     ] GC(654) Survivor regions: 8->7(77)
[2025-12-25T03:00:17.484+0000][gc,heap     ] GC(654) Old regions: 156->156
[2025-12-25T03:00:17.484+0000][gc,heap     ] GC(654) Humongous regions: 151->151
[2025-12-25T03:00:17.484+0000][gc,metaspace] GC(654) Metaspace: 15664K(16064K)->15664K(16064K) NonClass: 14030K(14144K)->14030K(14144K) Class: 1634K(1920K)->1634K(1920K)
[2025-12-25T03:00:17.484+0000][gc          ] GC(654) Pause Young (Normal) (G1 Evacuation Pause) 919M->313M(1024M) 14.536ms
[2025-12-25T03:00:17.484+0000][gc,cpu      ] GC(654) User=0.08s Sys=0.00s Real=0.02s
[2025-12-25T03:00:47.705+0000][gc,start    ] GC(655) Pause Young (Normal) (G1 Evacuation Pause)
[2025-12-25T03:00:47.706+0000][gc,task     ] GC(655) Using 8 workers of 8 for evacuation
[2025-12-25T03:00:47.725+0000][gc,phases   ] GC(655)   Pre Evacuate Collection Set: 1.0ms
[2025-12-25T03:00:47.725+0000][gc,phases   ] GC(655)   Merge Heap Roots: 0.2ms
[2025-12-25T03:00:47.725+0000][gc,phases   ] GC(655)   Evacuate Collection Set: 16.9ms
[2025-12-25T03:00:47.725+0000][gc,phases   ] GC(655)   Post Evacuate Collection Set: 1.0ms
[2025-12-25T03:00:47.725+0000][gc,phases   ] GC(655)   Other: 0.3ms
[2025-12-25T03:00:47.725+0000][gc,heap     ] GC(655) Eden regions: 607->0(605)
[2025-12-25T03:00:47.726+0000][gc,heap     ] GC(655) Survivor regions: 7->9(77)
[2025-12-25T03:00:47.726+0000][gc,heap     ] GC(655) Old regions: 156->156
[2025-12-25T03:00:47.726+0000][gc,heap     ] GC(655) Humongous regions: 151->151
[2025-12-25T03:00:47.726+0000][gc,metaspace] GC(655) Metaspace: 15664K(16064K)->15664K(16064K) NonClass: 14030K(14144K)->14030K(14144K) Class: 1634K(1920K)->1634K(1920K)
[2025-12-25T03:00:47.726+0000][gc          ] GC(655) Pause Young (Normal) (G1 Evacuation Pause) 920M->314M(1024M) 20.562ms
[2025-12-25T03:00:47.726+0000][gc,cpu      ] GC(655) User=0.14s Sys=0.01s Real=0.02s
[2025-12-25T03:01:27.381+0000][gc,start    ] GC(656) Pause Young (Normal) (G1 Evacuation Pause)
[2025-12-25T03:01:27.382+0000][gc,task     ] GC(656) Using 8 workers of 8 for evacuation
[2025-12-25T03:01:27.393+0000][gc,phases   ] GC(656)   Pre Evacuate Collection Set: 1.3ms
[2025-12-25T03:01:27.393+0000][gc,phases   ] GC(656)   Merge Heap Roots: 0.2ms
[2025-12-25T03:01:27.393+0000][gc,phases   ] GC(656)   Evacuate Collection Set: 8.4ms
[2025-12-25T03:01:27.393+0000][gc,phases   ] GC(656)   Post Evacuate Collection Set: 1.3ms
[2025-12-25T03:01:27.393+0000][gc,phases   ] GC(656)   Other: 0.2ms
[2025-12-25T03:01:27.393+0000][gc,heap     ] GC(656) Eden regions: 605->0(610)
[2025-12-25T03:01:27.393+0000][gc,heap     ] GC(656) Survivor regions: 9->4(77)
[2025-12-25T03:01:27.393+0000][gc,heap     ] GC(656) Old regions: 156->156
[2025-12-25T03:01:27.393+0000][gc,heap     ] GC(656) Humongous regions: 151->151
[2025-12-25T03:01:27.393+0000][gc,metaspace] GC(656) Metaspace: 15683K(16064K)->15683K(16064K) NonClass: 14049K(14144K)->14049K(14144K) Class: 1634K(1920K)->1634K(1920K)
[2025-12-25T03:01:27.394+0000][gc          ] GC(656) Pause Young (Normal) (G1 Evacuation Pause) 919M->310M(1024M) 12.751ms
[2025-12-25T03:01:27.394+0000][gc,cpu      ] GC(656) User=0.07s Sys=0.00s Real=0.01s
[2025-12-25T03:01:57.664+0000][gc,start    ] GC(657) Pause Young (Normal) (G1 Evacuation Pause)
[2025-12-25T03:01:57.665+0000][gc,task     ] GC(657) Using 8 workers of 8 for evacuation
[2025-12-25T03:01:57.675+0000][gc,phases   ] GC(657)   Pre Evacuate Collection Set: 1.0ms
[2025-12-25T03:01:57.675+0000][gc,phases   ] GC(657)   Merge Heap Roots: 0.3ms
[2025-12-25T03:01:57.675+0000][gc,phases   ] GC(657)   Evacuate Collection Set: 7.7ms
[2025-12-25T03:01:57.675+0000][gc,phases   ] GC(657)   Post Evacuate Collection Set: 1.1ms
[2025-12-25T03:01:57.675+0000][gc,phases   ] GC(657)   Other: 0.3ms
[2025-12-25T03:01:57.676+0000][gc,heap     ] GC(657) Eden regions: 610->0(608)
[2025-12-25T03:01:57.676+0000][gc,heap     ] GC(657) Survivor regions: 4->6(77)
[2025-12-25T03:01:57.676+0000][gc,heap     ] GC(657) Old regions: 156->156
[2025-12-25T03:01:57.676+0000][gc,heap     ] GC(657) Humongous regions: 151->151
[2025-12-25T03:01:57.676+0000][gc,metaspace] GC(657) Metaspace: 15683K(16064K)->15683K(16064K) NonClass: 14049K(14144K)->14049K(14144K) Class: 1634K(1920K)->1634K(1920K)
[2025-12-25T03:01:57.676+0000][gc          ] GC(657) Pause Young (Normal) (G1 Evacuation Pause) 920M->311M(1024M) 11.784ms
[2025-12-25T03:01:57.676+0000][gc,cpu      ] GC(657) User=0.06s Sys=0.00s Real=0.01s
[2025-12-25T03:02:37.279+0000][gc,start    ] GC(658) Pause Young (Normal) (G1 Evacuation Pause)
[2025-12-25T03:02:37.280+0000][gc,task     ] GC(658) Using 8 workers of 8 for evacuation
[2025-12-25T03:02:37.288+0000][gc,phases   ] GC(658)   Pre Evacuate Collection Set: 1.0ms
[2025-12-25T03:02:37.288+0000][gc,phases   ] GC(658)   Merge Heap Roots: 0.2ms
[2025-12-25T03:02:37.288+0000][gc,phases   ] GC(658)   Evacuate Collection Set: 5.3ms
[2025-12-25T03:02:37.288+0000][gc,phases   ] GC(658)   Post Evacuate Collection Set: 1.3ms
[2025-12-25T03:02:37.288+0000][gc,phases   ] GC(658)   Other: 0.3ms
[2025-12-25T03:02:37.288+0000][gc,heap     ] GC(658) Eden regions: 608->0(609)
[2025-12-25T03:02:37.288+0000][gc,heap     ] GC(658) Survivor regions: 6->5(77)
[2025-12-25T03:02:37.288+0000][gc,heap     ] GC(658) Old regions: 156->156
[2025-12-25T03:02:37.288+0000][gc,heap     ] GC(658) Humongous regions: 151->151
[2025-12-25T03:02:37.288+0000][gc,metaspace] GC(658) Metaspace: 15683K(16064K)->15683K(16064K) NonClass: 14049K(14144K)->14049K(14144K) Class: 1634K(1920K)->1634K(1920K)
[2025-12-25T03:02:37.289+0000][gc          ] GC(658) Pause Young (Normal) (G1 Evacuation Pause) 919M->311M(1024M) 9.560ms
[2025-12-25T03:02:37.289+0000][gc,cpu      ] GC(658) User=0.05s Sys=0.00s Real=0.01s
[2025-12-25T03:03:07.538+0000][gc,start    ] GC(659) Pause Young (Normal) (G1 Evacuation Pause)
[2025-12-25T03:03:07.538+0000][gc,task     ] GC(659) Using 8 workers of 8 for evacuation
[2025-12-25T03:03:07.555+0000][gc,phases   ] GC(659)   Pre Evacuate Collection Set: 1.0ms
[2025-12-25T03:03:07.555+0000][gc,phases   ] GC(659)   Merge Heap Roots: 0.2ms
[2025-12-25T03:03:07.555+0000][gc,phases   ] GC(659)   Evacuate Collection Set: 14.5ms
[2025-12-25T03:03:07.555+0000][gc,phases   ] GC(659)   Post Evacuate Collection Set: 1.1ms
[2025-12-25T03:03:07.555+0000][gc,phases   ] GC(659)   Other: 0.2ms
[2025-12-25T03:03:07.555+0000][gc,heap     ] GC(659) Eden regions: 609->0(607)
[2025-12-25T03:03:07.555+0000][gc,heap     ] GC(659) Survivor regions: 5->7(77)
[2025-12-25T03:03:07.555+0000][gc,heap     ] GC(659) Old regions: 156->156
[2025-12-25T03:03:07.555+0000][gc,heap     ] GC(659) Humongous regions: 151->151
[2025-12-25T03:03:07.555+0000][gc,metaspace] GC(659) Metaspace: 15683K(16064K)->15683K(16064K) NonClass: 14049K(14144K)->14049K(14144K) Class: 1634K(1920K)->1634K(1920K)
[2025-12-25T03:03:07.556+0000][gc          ] GC(659) Pause Young (Normal) (G1 Evacuation Pause) 920M->313M(1024M) 17.947ms
[2025-12-25T03:03:07.556+0000][gc,cpu      ] GC(659) User=0.11s Sys=0.00s Real=0.02s
[2025-12-25T03:03:37.889+0000][gc,start    ] GC(660) Pause Young (Normal) (G1 Evacuation Pause)
[2025-12-25T03:03:37.890+0000][gc,task     ] GC(660) Using 8 workers of 8 for evacuation
[2025-12-25T03:03:37.902+0000][gc,phases   ] GC(660)   Pre Evacuate Collection Set: 1.1ms
[2025-12-25T03:03:37.902+0000][gc,phases   ] GC(660)   Merge Heap Roots: 0.2ms
[2025-12-25T03:03:37.902+0000][gc,phases   ] GC(660)   Evacuate Collection Set: 9.4ms
[2025-12-25T03:03:37.902+0000][gc,phases   ] GC(660)   Post Evacuate Collection Set: 1.2ms
[2025-12-25T03:03:37.902+0000][gc,phases   ] GC(660)   Other: 0.3ms
[2025-12-25T03:03:37.902+0000][gc,heap     ] GC(660) Eden regions: 607->0(606)
[2025-12-25T03:03:37.902+0000][gc,heap     ] GC(660) Survivor regions: 7->8(77)
[2025-12-25T03:03:37.903+0000][gc,heap     ] GC(660) Old regions: 156->156
[2025-12-25T03:03:37.903+0000][gc,heap     ] GC(660) Humongous regions: 151->151
[2025-12-25T03:03:37.903+0000][gc,metaspace] GC(660) Metaspace: 15683K(16064K)->15683K(16064K) NonClass: 14049K(14144K)->14049K(14144K) Class: 1634K(1920K)->1634K(1920K)
[2025-12-25T03:03:37.903+0000][gc          ] GC(660) Pause Young (Normal) (G1 Evacuation Pause) 920M->314M(1024M) 13.570ms
[2025-12-25T03:03:37.903+0000][gc,cpu      ] GC(660) User=0.09s Sys=0.00s Real=0.02s
[2025-12-25T03:04:17.488+0000][gc,start    ] GC(661) Pause Young (Normal) (G1 Evacuation Pause)
[2025-12-25T03:04:17.489+0000][gc,task     ] GC(661) Using 8 workers of 8 for evacuation
[2025-12-25T03:04:17.511+0000][gc,phases   ] GC(661)   Pre Evacuate Collection Set: 1.4ms
[2025-12-25T03:04:17.511+0000][gc,phases   ] GC(661)   Merge Heap Roots: 0.2ms
[2025-12-25T03:04:17.511+0000][gc,phases   ] GC(661)   Evacuate Collection Set: 16.0ms
[2025-12-25T03:04:17.512+0000][gc,phases   ] GC(661)   Post Evacuate Collection Set: 3.9ms
[2025-12-25T03:04:17.512+0000][gc,phases   ] GC(661)   Other: 0.4ms
[2025-12-25T03:04:17.512+0000][gc,heap     ] GC(661) Eden regions: 606->0(606)
[2025-12-25T03:04:17.512+0000][gc,heap     ] GC(661) Survivor regions: 8->8(77)
[2025-12-25T03:04:17.512+0000][gc,heap     ] GC(661) Old regions: 156->156
[2025-12-25T03:04:17.512+0000][gc,heap     ] GC(661) Humongous regions: 151->151
[2025-12-25T03:04:17.512+0000][gc,metaspace] GC(661) Metaspace: 15683K(16064K)->15683K(16064K) NonClass: 14049K(14144K)->14049K(14144K) Class: 1634K(1920K)->1634K(1920K)
[2025-12-25T03:04:17.512+0000][gc          ] GC(661) Pause Young (Normal) (G1 Evacuation Pause) 920M->314M(1024M) 23.881ms
[2025-12-25T03:04:17.512+0000][gc,cpu      ] GC(661) User=0.13s Sys=0.00s Real=0.03s
[2025-12-25T03:04:47.653+0000][gc,start    ] GC(662) Pause Young (Normal) (G1 Evacuation Pause)
[2025-12-25T03:04:47.654+0000][gc,task     ] GC(662) Using 8 workers of 8 for evacuation
[2025-12-25T03:04:47.667+0000][gc,phases   ] GC(662)   Pre Evacuate Collection Set: 1.1ms
[2025-12-25T03:04:47.667+0000][gc,phases   ] GC(662)   Merge Heap Roots: 0.3ms
[2025-12-25T03:04:47.668+0000][gc,phases   ] GC(662)   Evacuate Collection Set: 10.5ms
[2025-12-25T03:04:47.668+0000][gc,phases   ] GC(662)   Post Evacuate Collection Set: 1.3ms
[2025-12-25T03:04:47.668+0000][gc,phases   ] GC(662)   Other: 0.3ms
[2025-12-25T03:04:47.668+0000][gc,heap     ] GC(662) Eden regions: 606->0(604)
[2025-12-25T03:04:47.668+0000][gc,heap     ] GC(662) Survivor regions: 8->10(77)
[2025-12-25T03:04:47.668+0000][gc,heap     ] GC(662) Old regions: 156->157
[2025-12-25T03:04:47.668+0000][gc,heap     ] GC(662) Humongous regions: 151->151
[2025-12-25T03:04:47.668+0000][gc,metaspace] GC(662) Metaspace: 15683K(16064K)->15683K(16064K) NonClass: 14049K(14144K)->14049K(14144K) Class: 1634K(1920K)->1634K(1920K)
[2025-12-25T03:04:47.668+0000][gc          ] GC(662) Pause Young (Normal) (G1 Evacuation Pause) 920M->316M(1024M) 15.062ms
[2025-12-25T03:04:47.668+0000][gc,cpu      ] GC(662) User=0.09s Sys=0.00s Real=0.02s
[2025-12-25T03:05:27.352+0000][gc,start    ] GC(663) Pause Young (Normal) (G1 Evacuation Pause)
[2025-12-25T03:05:27.352+0000][gc,task     ] GC(663) Using 8 workers of 8 for evacuation
[2025-12-25T03:05:27.373+0000][gc,phases   ] GC(663)   Pre Evacuate Collection Set: 2.2ms
[2025-12-25T03:05:27.373+0000][gc,phases   ] GC(663)   Merge Heap Roots: 1.4ms
[2025-12-25T03:05:27.373+0000][gc,phases   ] GC(663)   Evacuate Collection Set: 14.5ms
[2025-12-25T03:05:27.373+0000][gc,phases   ] GC(663)   Post Evacuate Collection Set: 1.3ms
[2025-12-25T03:05:27.373+0000][gc,phases   ] GC(663)   Other: 0.9ms
[2025-12-25T03:05:27.373+0000][gc,heap     ] GC(663) Eden regions: 604->0(605)
[2025-12-25T03:05:27.373+0000][gc,heap     ] GC(663) Survivor regions: 10->9(77)
[2025-12-25T03:05:27.373+0000][gc,heap     ] GC(663) Old regions: 157->157
[2025-12-25T03:05:27.373+0000][gc,heap     ] GC(663) Humongous regions: 151->151
[2025-12-25T03:05:27.374+0000][gc,metaspace] GC(663) Metaspace: 15683K(16064K)->15683K(16064K) NonClass: 14049K(14144K)->14049K(14144K) Class: 1634K(1920K)->1634K(1920K)
[2025-12-25T03:05:27.374+0000][gc          ] GC(663) Pause Young (Normal) (G1 Evacuation Pause) 920M->315M(1024M) 21.639ms
[2025-12-25T03:05:27.374+0000][gc,cpu      ] GC(663) User=0.13s Sys=0.00s Real=0.02s
[2025-12-25T03:05:57.620+0000][gc,start    ] GC(664) Pause Young (Normal) (G1 Evacuation Pause)
[2025-12-25T03:05:57.620+0000][gc,task     ] GC(664) Using 8 workers of 8 for evacuation
[2025-12-25T03:05:57.629+0000][gc,phases   ] GC(664)   Pre Evacuate Collection Set: 1.0ms
[2025-12-25T03:05:57.629+0000][gc,phases   ] GC(664)   Merge Heap Roots: 0.2ms
[2025-12-25T03:05:57.629+0000][gc,phases   ] GC(664)   Evacuate Collection Set: 6.9ms
[2025-12-25T03:05:57.629+0000][gc,phases   ] GC(664)   Post Evacuate Collection Set: 0.9ms
[2025-12-25T03:05:57.630+0000][gc,phases   ] GC(664)   Other: 0.2ms
[2025-12-25T03:05:57.630+0000][gc,heap     ] GC(664) Eden regions: 605->0(608)
[2025-12-25T03:05:57.630+0000][gc,heap     ] GC(664) Survivor regions: 9->6(77)
[2025-12-25T03:05:57.630+0000][gc,heap     ] GC(664) Old regions: 157->157
[2025-12-25T03:05:57.630+0000][gc,heap     ] GC(664) Humongous regions: 151->151
[2025-12-25T03:05:57.630+0000][gc,metaspace] GC(664) Metaspace: 15683K(16064K)->15683K(16064K) NonClass: 14049K(14144K)->14049K(14144K) Class: 1634K(1920K)->1634K(1920K)
[2025-12-25T03:05:57.630+0000][gc          ] GC(664) Pause Young (Normal) (G1 Evacuation Pause) 920M->312M(1024M) 10.373ms
[2025-12-25T03:05:57.630+0000][gc,cpu      ] GC(664) User=0.05s Sys=0.00s Real=0.01s
[2025-12-25T03:06:37.321+0000][gc,start    ] GC(665) Pause Young (Normal) (G1 Evacuation Pause)
[2025-12-25T03:06:37.321+0000][gc,task     ] GC(665) Using 8 workers of 8 for evacuation
[2025-12-25T03:06:37.340+0000][gc,phases   ] GC(665)   Pre Evacuate Collection Set: 1.9ms
[2025-12-25T03:06:37.341+0000][gc,phases   ] GC(665)   Merge Heap Roots: 1.1ms
[2025-12-25T03:06:37.341+0000][gc,phases   ] GC(665)   Evacuate Collection Set: 12.3ms
[2025-12-25T03:06:37.341+0000][gc,phases   ] GC(665)   Post Evacuate Collection Set: 3.1ms
[2025-12-25T03:06:37.341+0000][gc,phases   ] GC(665)   Other: 0.6ms
[2025-12-25T03:06:37.342+0000][gc,heap     ] GC(665) Eden regions: 608->0(609)
[2025-12-25T03:06:37.342+0000][gc,heap     ] GC(665) Survivor regions: 6->5(77)
[2025-12-25T03:06:37.342+0000][gc,heap     ] GC(665) Old regions: 157->157
[2025-12-25T03:06:37.342+0000][gc,heap     ] GC(665) Humongous regions: 151->151
[2025-12-25T03:06:37.342+0000][gc,metaspace] GC(665) Metaspace: 15683K(16064K)->15683K(16064K) NonClass: 14049K(14144K)->14049K(14144K) Class: 1634K(1920K)->1634K(1920K)
[2025-12-25T03:06:37.342+0000][gc          ] GC(665) Pause Young (Normal) (G1 Evacuation Pause) 920M->312M(1024M) 21.609ms
[2025-12-25T03:06:37.342+0000][gc,cpu      ] GC(665) User=0.12s Sys=0.00s Real=0.02s
[2025-12-25T03:07:07.528+0000][gc,start    ] GC(666) Pause Young (Normal) (G1 Evacuation Pause)
[2025-12-25T03:07:07.528+0000][gc,task     ] GC(666) Using 8 workers of 8 for evacuation
[2025-12-25T03:07:07.542+0000][gc,phases   ] GC(666)   Pre Evacuate Collection Set: 1.0ms
[2025-12-25T03:07:07.542+0000][gc,phases   ] GC(666)   Merge Heap Roots: 0.3ms
[2025-12-25T03:07:07.542+0000][gc,phases   ] GC(666)   Evacuate Collection Set: 10.6ms
[2025-12-25T03:07:07.542+0000][gc,phases   ] GC(666)   Post Evacuate Collection Set: 1.1ms
[2025-12-25T03:07:07.542+0000][gc,phases   ] GC(666)   Other: 0.3ms
[2025-12-25T03:07:07.542+0000][gc,heap     ] GC(666) Eden regions: 609->0(607)
[2025-12-25T03:07:07.542+0000][gc,heap     ] GC(666) Survivor regions: 5->7(77)
[2025-12-25T03:07:07.542+0000][gc,heap     ] GC(666) Old regions: 157->157
[2025-12-25T03:07:07.542+0000][gc,heap     ] GC(666) Humongous regions: 151->151
[2025-12-25T03:07:07.542+0000][gc,metaspace] GC(666) Metaspace: 15683K(16064K)->15683K(16064K) NonClass: 14049K(14144K)->14049K(14144K) Class: 1634K(1920K)->1634K(1920K)
[2025-12-25T03:07:07.542+0000][gc          ] GC(666) Pause Young (Normal) (G1 Evacuation Pause) 921M->314M(1024M) 14.611ms
[2025-12-25T03:07:07.543+0000][gc,cpu      ] GC(666) User=0.09s Sys=0.00s Real=0.02s
[2025-12-25T03:07:37.751+0000][gc,start    ] GC(667) Pause Young (Normal) (G1 Evacuation Pause)
[2025-12-25T03:07:37.752+0000][gc,task     ] GC(667) Using 8 workers of 8 for evacuation
[2025-12-25T03:07:37.767+0000][gc,phases   ] GC(667)   Pre Evacuate Collection Set: 2.0ms
[2025-12-25T03:07:37.767+0000][gc,phases   ] GC(667)   Merge Heap Roots: 0.5ms
[2025-12-25T03:07:37.767+0000][gc,phases   ] GC(667)   Evacuate Collection Set: 11.0ms
[2025-12-25T03:07:37.767+0000][gc,phases   ] GC(667)   Post Evacuate Collection Set: 1.1ms
[2025-12-25T03:07:37.767+0000][gc,phases   ] GC(667)   Other: 0.2ms
[2025-12-25T03:07:37.767+0000][gc,heap     ] GC(667) Eden regions: 607->0(606)
[2025-12-25T03:07:37.767+0000][gc,heap     ] GC(667) Survivor regions: 7->8(77)
[2025-12-25T03:07:37.767+0000][gc,heap     ] GC(667) Old regions: 157->158
[2025-12-25T03:07:37.767+0000][gc,heap     ] GC(667) Humongous regions: 151->151
[2025-12-25T03:07:37.767+0000][gc,metaspace] GC(667) Metaspace: 15683K(16064K)->15683K(16064K) NonClass: 14049K(14144K)->14049K(14144K) Class: 1634K(1920K)->1634K(1920K)
[2025-12-25T03:07:37.767+0000][gc          ] GC(667) Pause Young (Normal) (G1 Evacuation Pause) 921M->315M(1024M) 15.950ms
[2025-12-25T03:07:37.767+0000][gc,cpu      ] GC(667) User=0.10s Sys=0.00s Real=0.01s
[2025-12-25T03:08:17.443+0000][gc,start    ] GC(668) Pause Young (Normal) (G1 Evacuation Pause)
[2025-12-25T03:08:17.444+0000][gc,task     ] GC(668) Using 8 workers of 8 for evacuation
[2025-12-25T03:08:17.462+0000][gc,phases   ] GC(668)   Pre Evacuate Collection Set: 1.0ms
[2025-12-25T03:08:17.462+0000][gc,phases   ] GC(668)   Merge Heap Roots: 0.3ms
[2025-12-25T03:08:17.463+0000][gc,phases   ] GC(668)   Evacuate Collection Set: 13.7ms
[2025-12-25T03:08:17.463+0000][gc,phases   ] GC(668)   Post Evacuate Collection Set: 1.7ms
[2025-12-25T03:08:17.463+0000][gc,phases   ] GC(668)   Other: 0.8ms
[2025-12-25T03:08:17.463+0000][gc,heap     ] GC(668) Eden regions: 606->0(606)
[2025-12-25T03:08:17.463+0000][gc,heap     ] GC(668) Survivor regions: 8->8(77)
[2025-12-25T03:08:17.463+0000][gc,heap     ] GC(668) Old regions: 158->158
[2025-12-25T03:08:17.463+0000][gc,heap     ] GC(668) Humongous regions: 151->151
[2025-12-25T03:08:17.463+0000][gc,metaspace] GC(668) Metaspace: 15683K(16064K)->15683K(16064K) NonClass: 14049K(14144K)->14049K(14144K) Class: 1634K(1920K)->1634K(1920K)
[2025-12-25T03:08:17.464+0000][gc          ] GC(668) Pause Young (Normal) (G1 Evacuation Pause) 921M->315M(1024M) 20.249ms
[2025-12-25T03:08:17.464+0000][gc,cpu      ] GC(668) User=0.12s Sys=0.00s Real=0.02s
[2025-12-25T03:08:47.649+0000][gc,start    ] GC(669) Pause Young (Normal) (G1 Evacuation Pause)
[2025-12-25T03:08:47.650+0000][gc,task     ] GC(669) Using 8 workers of 8 for evacuation
[2025-12-25T03:08:47.668+0000][gc,phases   ] GC(669)   Pre Evacuate Collection Set: 1.1ms
[2025-12-25T03:08:47.668+0000][gc,phases   ] GC(669)   Merge Heap Roots: 0.2ms
[2025-12-25T03:08:47.668+0000][gc,phases   ] GC(669)   Evacuate Collection Set: 15.3ms
[2025-12-25T03:08:47.668+0000][gc,phases   ] GC(669)   Post Evacuate Collection Set: 1.0ms
[2025-12-25T03:08:47.668+0000][gc,phases   ] GC(669)   Other: 0.2ms
[2025-12-25T03:08:47.668+0000][gc,heap     ] GC(669) Eden regions: 606->0(604)
[2025-12-25T03:08:47.668+0000][gc,heap     ] GC(669) Survivor regions: 8->10(77)
[2025-12-25T03:08:47.668+0000][gc,heap     ] GC(669) Old regions: 158->158
[2025-12-25T03:08:47.668+0000][gc,heap     ] GC(669) Humongous regions: 151->151
[2025-12-25T03:08:47.668+0000][gc,metaspace] GC(669) Metaspace: 15683K(16064K)->15683K(16064K) NonClass: 14049K(14144K)->14049K(14144K) Class: 1634K(1920K)->1634K(1920K)
[2025-12-25T03:08:47.668+0000][gc          ] GC(669) Pause Young (Normal) (G1 Evacuation Pause) 921M->317M(1024M) 18.881ms
[2025-12-25T03:08:47.668+0000][gc,cpu      ] GC(669) User=0.13s Sys=0.00s Real=0.02s
[2025-12-25T03:09:27.350+0000][gc,start    ] GC(670) Pause Young (Normal) (G1 Evacuation Pause)
[2025-12-25T03:09:27.351+0000][gc,task     ] GC(670) Using 8 workers of 8 for evacuation
[2025-12-25T03:09:27.377+0000][gc,phases   ] GC(670)   Pre Evacuate Collection Set: 1.2ms
[2025-12-25T03:09:27.377+0000][gc,phases   ] GC(670)   Merge Heap Roots: 0.5ms
[2025-12-25T03:09:27.377+0000][gc,phases   ] GC(670)   Evacuate Collection Set: 22.8ms
[2025-12-25T03:09:27.377+0000][gc,phases   ] GC(670)   Post Evacuate Collection Set: 1.7ms
[2025-12-25T03:09:27.377+0000][gc,phases   ] GC(670)   Other: 0.3ms
[2025-12-25T03:09:27.378+0000][gc,heap     ] GC(670) Eden regions: 604->0(605)
[2025-12-25T03:09:27.378+0000][gc,heap     ] GC(670) Survivor regions: 10->9(77)
[2025-12-25T03:09:27.378+0000][gc,heap     ] GC(670) Old regions: 158->158
[2025-12-25T03:09:27.378+0000][gc,heap     ] GC(670) Humongous regions: 151->151
[2025-12-25T03:09:27.378+0000][gc,metaspace] GC(670) Metaspace: 15683K(16064K)->15683K(16064K) NonClass: 14049K(14144K)->14049K(14144K) Class: 1634K(1920K)->1634K(1920K)
[2025-12-25T03:09:27.378+0000][gc          ] GC(670) Pause Young (Normal) (G1 Evacuation Pause) 921M->317M(1024M) 27.590ms
[2025-12-25T03:09:27.378+0000][gc,cpu      ] GC(670) User=0.14s Sys=0.00s Real=0.03s
[2025-12-25T03:09:57.680+0000][gc,start    ] GC(671) Pause Young (Normal) (G1 Evacuation Pause)
[2025-12-25T03:09:57.682+0000][gc,task     ] GC(671) Using 8 workers of 8 for evacuation
[2025-12-25T03:09:57.712+0000][gc,phases   ] GC(671)   Pre Evacuate Collection Set: 7.1ms
[2025-12-25T03:09:57.712+0000][gc,phases   ] GC(671)   Merge Heap Roots: 0.6ms
[2025-12-25T03:09:57.712+0000][gc,phases   ] GC(671)   Evacuate Collection Set: 17.7ms
[2025-12-25T03:09:57.713+0000][gc,phases   ] GC(671)   Post Evacuate Collection Set: 4.0ms
[2025-12-25T03:09:57.713+0000][gc,phases   ] GC(671)   Other: 2.2ms
[2025-12-25T03:09:57.713+0000][gc,heap     ] GC(671) Eden regions: 605->0(608)
[2025-12-25T03:09:57.713+0000][gc,heap     ] GC(671) Survivor regions: 9->6(77)
[2025-12-25T03:09:57.716+0000][gc,heap     ] GC(671) Old regions: 158->158
[2025-12-25T03:09:57.716+0000][gc,heap     ] GC(671) Humongous regions: 151->151
[2025-12-25T03:09:57.717+0000][gc,metaspace] GC(671) Metaspace: 15683K(16064K)->15683K(16064K) NonClass: 14049K(14144K)->14049K(14144K) Class: 1634K(1920K)->1634K(1920K)
[2025-12-25T03:09:57.717+0000][gc          ] GC(671) Pause Young (Normal) (G1 Evacuation Pause) 922M->314M(1024M) 37.499ms
[2025-12-25T03:09:57.717+0000][gc,cpu      ] GC(671) User=0.11s Sys=0.01s Real=0.04s
[2025-12-25T03:10:37.213+0000][gc,start    ] GC(672) Pause Young (Normal) (G1 Evacuation Pause)
[2025-12-25T03:10:37.214+0000][gc,task     ] GC(672) Using 8 workers of 8 for evacuation
[2025-12-25T03:10:37.229+0000][gc,phases   ] GC(672)   Pre Evacuate Collection Set: 1.2ms
[2025-12-25T03:10:37.229+0000][gc,phases   ] GC(672)   Merge Heap Roots: 0.3ms
[2025-12-25T03:10:37.229+0000][gc,phases   ] GC(672)   Evacuate Collection Set: 12.3ms
[2025-12-25T03:10:37.229+0000][gc,phases   ] GC(672)   Post Evacuate Collection Set: 1.3ms
[2025-12-25T03:10:37.229+0000][gc,phases   ] GC(672)   Other: 0.2ms
[2025-12-25T03:10:37.229+0000][gc,heap     ] GC(672) Eden regions: 608->0(609)
[2025-12-25T03:10:37.229+0000][gc,heap     ] GC(672) Survivor regions: 6->5(77)
[2025-12-25T03:10:37.229+0000][gc,heap     ] GC(672) Old regions: 158->159
[2025-12-25T03:10:37.229+0000][gc,heap     ] GC(672) Humongous regions: 151->151
[2025-12-25T03:10:37.229+0000][gc,metaspace] GC(672) Metaspace: 15683K(16064K)->15683K(16064K) NonClass: 14049K(14144K)->14049K(14144K) Class: 1634K(1920K)->1634K(1920K)
[2025-12-25T03:10:37.230+0000][gc          ] GC(672) Pause Young (Normal) (G1 Evacuation Pause) 922M->313M(1024M) 16.400ms
[2025-12-25T03:10:37.230+0000][gc,cpu      ] GC(672) User=0.07s Sys=0.03s Real=0.02s
[2025-12-25T03:11:07.458+0000][gc,start    ] GC(673) Pause Young (Normal) (G1 Evacuation Pause)
[2025-12-25T03:11:07.458+0000][gc,task     ] GC(673) Using 8 workers of 8 for evacuation
[2025-12-25T03:11:07.476+0000][gc,phases   ] GC(673)   Pre Evacuate Collection Set: 1.7ms
[2025-12-25T03:11:07.476+0000][gc,phases   ] GC(673)   Merge Heap Roots: 1.6ms
[2025-12-25T03:11:07.476+0000][gc,phases   ] GC(673)   Evacuate Collection Set: 11.8ms
[2025-12-25T03:11:07.476+0000][gc,phases   ] GC(673)   Post Evacuate Collection Set: 1.4ms
[2025-12-25T03:11:07.476+0000][gc,phases   ] GC(673)   Other: 0.9ms
[2025-12-25T03:11:07.476+0000][gc,heap     ] GC(673) Eden regions: 609->0(607)
[2025-12-25T03:11:07.476+0000][gc,heap     ] GC(673) Survivor regions: 5->7(77)
[2025-12-25T03:11:07.476+0000][gc,heap     ] GC(673) Old regions: 159->159
[2025-12-25T03:11:07.476+0000][gc,heap     ] GC(673) Humongous regions: 151->151
[2025-12-25T03:11:07.476+0000][gc,metaspace] GC(673) Metaspace: 15683K(16064K)->15683K(16064K) NonClass: 14049K(14144K)->14049K(14144K) Class: 1634K(1920K)->1634K(1920K)
[2025-12-25T03:11:07.476+0000][gc          ] GC(673) Pause Young (Normal) (G1 Evacuation Pause) 922M->315M(1024M) 18.509ms
[2025-12-25T03:11:07.476+0000][gc,cpu      ] GC(673) User=0.11s Sys=0.00s Real=0.02s
[2025-12-25T03:11:37.761+0000][gc,start    ] GC(674) Pause Young (Normal) (G1 Evacuation Pause)
[2025-12-25T03:11:37.762+0000][gc,task     ] GC(674) Using 8 workers of 8 for evacuation
[2025-12-25T03:11:37.780+0000][gc,phases   ] GC(674)   Pre Evacuate Collection Set: 1.5ms
[2025-12-25T03:11:37.781+0000][gc,phases   ] GC(674)   Merge Heap Roots: 1.4ms
[2025-12-25T03:11:37.781+0000][gc,phases   ] GC(674)   Evacuate Collection Set: 12.9ms
[2025-12-25T03:11:37.781+0000][gc,phases   ] GC(674)   Post Evacuate Collection Set: 2.2ms
[2025-12-25T03:11:37.781+0000][gc,phases   ] GC(674)   Other: 0.4ms
[2025-12-25T03:11:37.781+0000][gc,heap     ] GC(674) Eden regions: 607->0(605)
[2025-12-25T03:11:37.781+0000][gc,heap     ] GC(674) Survivor regions: 7->9(77)
[2025-12-25T03:11:37.781+0000][gc,heap     ] GC(674) Old regions: 159->159
[2025-12-25T03:11:37.781+0000][gc,heap     ] GC(674) Humongous regions: 151->151
[2025-12-25T03:11:37.781+0000][gc,metaspace] GC(674) Metaspace: 15683K(16064K)->15683K(16064K) NonClass: 14049K(14144K)->14049K(14144K) Class: 1634K(1920K)->1634K(1920K)
[2025-12-25T03:11:37.781+0000][gc          ] GC(674) Pause Young (Normal) (G1 Evacuation Pause) 922M->317M(1024M) 20.008ms
[2025-12-25T03:11:37.781+0000][gc,cpu      ] GC(674) User=0.10s Sys=0.00s Real=0.02s
[2025-12-25T03:12:17.333+0000][gc,start    ] GC(675) Pause Young (Normal) (G1 Evacuation Pause)
[2025-12-25T03:12:17.334+0000][gc,task     ] GC(675) Using 8 workers of 8 for evacuation
[2025-12-25T03:12:17.359+0000][gc,phases   ] GC(675)   Pre Evacuate Collection Set: 4.5ms
[2025-12-25T03:12:17.359+0000][gc,phases   ] GC(675)   Merge Heap Roots: 1.3ms
[2025-12-25T03:12:17.359+0000][gc,phases   ] GC(675)   Evacuate Collection Set: 17.1ms
[2025-12-25T03:12:17.359+0000][gc,phases   ] GC(675)   Post Evacuate Collection Set: 1.5ms
[2025-12-25T03:12:17.359+0000][gc,phases   ] GC(675)   Other: 0.9ms
[2025-12-25T03:12:17.359+0000][gc,heap     ] GC(675) Eden regions: 605->0(606)
[2025-12-25T03:12:17.360+0000][gc,heap     ] GC(675) Survivor regions: 9->8(77)
[2025-12-25T03:12:17.360+0000][gc,heap     ] GC(675) Old regions: 159->159
[2025-12-25T03:12:17.360+0000][gc,heap     ] GC(675) Humongous regions: 151->151
[2025-12-25T03:12:17.360+0000][gc,metaspace] GC(675) Metaspace: 15688K(16064K)->15688K(16064K) NonClass: 14053K(14144K)->14053K(14144K) Class: 1634K(1920K)->1634K(1920K)
[2025-12-25T03:12:17.360+0000][gc          ] GC(675) Pause Young (Normal) (G1 Evacuation Pause) 922M->317M(1024M) 26.704ms
[2025-12-25T03:12:17.360+0000][gc,cpu      ] GC(675) User=0.16s Sys=0.00s Real=0.03s
[2025-12-25T03:12:47.596+0000][gc,start    ] GC(676) Pause Young (Normal) (G1 Evacuation Pause)
[2025-12-25T03:12:47.597+0000][gc,task     ] GC(676) Using 8 workers of 8 for evacuation
[2025-12-25T03:12:47.609+0000][gc,phases   ] GC(676)   Pre Evacuate Collection Set: 0.9ms
[2025-12-25T03:12:47.609+0000][gc,phases   ] GC(676)   Merge Heap Roots: 0.2ms
[2025-12-25T03:12:47.609+0000][gc,phases   ] GC(676)   Evacuate Collection Set: 9.1ms
[2025-12-25T03:12:47.609+0000][gc,phases   ] GC(676)   Post Evacuate Collection Set: 1.1ms
[2025-12-25T03:12:47.609+0000][gc,phases   ] GC(676)   Other: 0.3ms
[2025-12-25T03:12:47.609+0000][gc,heap     ] GC(676) Eden regions: 606->0(605)
[2025-12-25T03:12:47.609+0000][gc,heap     ] GC(676) Survivor regions: 8->9(77)
[2025-12-25T03:12:47.609+0000][gc,heap     ] GC(676) Old regions: 159->160
[2025-12-25T03:12:47.609+0000][gc,heap     ] GC(676) Humongous regions: 151->151
[2025-12-25T03:12:47.609+0000][gc,metaspace] GC(676) Metaspace: 15688K(16064K)->15688K(16064K) NonClass: 14053K(14144K)->14053K(14144K) Class: 1634K(1920K)->1634K(1920K)
[2025-12-25T03:12:47.609+0000][gc          ] GC(676) Pause Young (Normal) (G1 Evacuation Pause) 923M->318M(1024M) 13.556ms
[2025-12-25T03:12:47.609+0000][gc,cpu      ] GC(676) User=0.08s Sys=0.00s Real=0.02s
[2025-12-25T03:13:27.266+0000][gc,start    ] GC(677) Pause Young (Normal) (G1 Evacuation Pause)
[2025-12-25T03:13:27.267+0000][gc,task     ] GC(677) Using 8 workers of 8 for evacuation
[2025-12-25T03:13:27.289+0000][gc,phases   ] GC(677)   Pre Evacuate Collection Set: 1.0ms
[2025-12-25T03:13:27.290+0000][gc,phases   ] GC(677)   Merge Heap Roots: 0.2ms
[2025-12-25T03:13:27.290+0000][gc,phases   ] GC(677)   Evacuate Collection Set: 20.1ms
[2025-12-25T03:13:27.290+0000][gc,phases   ] GC(677)   Post Evacuate Collection Set: 1.1ms
[2025-12-25T03:13:27.290+0000][gc,phases   ] GC(677)   Other: 0.3ms
[2025-12-25T03:13:27.290+0000][gc,heap     ] GC(677) Eden regions: 605->0(605)
[2025-12-25T03:13:27.290+0000][gc,heap     ] GC(677) Survivor regions: 9->9(77)
[2025-12-25T03:13:27.290+0000][gc,heap     ] GC(677) Old regions: 160->160
[2025-12-25T03:13:27.290+0000][gc,heap     ] GC(677) Humongous regions: 151->151
[2025-12-25T03:13:27.290+0000][gc,metaspace] GC(677) Metaspace: 15688K(16064K)->15688K(16064K) NonClass: 14053K(14144K)->14053K(14144K) Class: 1634K(1920K)->1634K(1920K)
[2025-12-25T03:13:27.290+0000][gc          ] GC(677) Pause Young (Normal) (G1 Evacuation Pause) 923M->318M(1024M) 24.086ms
[2025-12-25T03:13:27.290+0000][gc,cpu      ] GC(677) User=0.17s Sys=0.00s Real=0.02s
[2025-12-25T03:13:57.491+0000][gc,start    ] GC(678) Pause Young (Normal) (G1 Evacuation Pause)
[2025-12-25T03:13:57.491+0000][gc,task     ] GC(678) Using 8 workers of 8 for evacuation
[2025-12-25T03:13:57.507+0000][gc,phases   ] GC(678)   Pre Evacuate Collection Set: 1.0ms
[2025-12-25T03:13:57.508+0000][gc,phases   ] GC(678)   Merge Heap Roots: 0.2ms
[2025-12-25T03:13:57.508+0000][gc,phases   ] GC(678)   Evacuate Collection Set: 13.9ms
[2025-12-25T03:13:57.508+0000][gc,phases   ] GC(678)   Post Evacuate Collection Set: 0.9ms
[2025-12-25T03:13:57.508+0000][gc,phases   ] GC(678)   Other: 0.2ms
[2025-12-25T03:13:57.508+0000][gc,heap     ] GC(678) Eden regions: 605->0(604)
[2025-12-25T03:13:57.508+0000][gc,heap     ] GC(678) Survivor regions: 9->10(77)
[2025-12-25T03:13:57.508+0000][gc,heap     ] GC(678) Old regions: 160->160
[2025-12-25T03:13:57.508+0000][gc,heap     ] GC(678) Humongous regions: 151->151
[2025-12-25T03:13:57.508+0000][gc,metaspace] GC(678) Metaspace: 15688K(16064K)->15688K(16064K) NonClass: 14053K(14144K)->14053K(14144K) Class: 1634K(1920K)->1634K(1920K)
[2025-12-25T03:13:57.508+0000][gc          ] GC(678) Pause Young (Normal) (G1 Evacuation Pause) 923M->320M(1024M) 17.258ms
[2025-12-25T03:13:57.508+0000][gc,cpu      ] GC(678) User=0.12s Sys=0.00s Real=0.02s
[2025-12-25T03:14:27.753+0000][gc,start    ] GC(679) Pause Young (Normal) (G1 Evacuation Pause)
[2025-12-25T03:14:27.755+0000][gc,task     ] GC(679) Using 8 workers of 8 for evacuation
[2025-12-25T03:14:27.769+0000][gc,phases   ] GC(679)   Pre Evacuate Collection Set: 3.7ms
[2025-12-25T03:14:27.769+0000][gc,phases   ] GC(679)   Merge Heap Roots: 0.8ms
[2025-12-25T03:14:27.770+0000][gc,phases   ] GC(679)   Evacuate Collection Set: 8.2ms
[2025-12-25T03:14:27.770+0000][gc,phases   ] GC(679)   Post Evacuate Collection Set: 1.4ms
[2025-12-25T03:14:27.770+0000][gc,phases   ] GC(679)   Other: 0.9ms
[2025-12-25T03:14:27.770+0000][gc,heap     ] GC(679) Eden regions: 604->0(607)
[2025-12-25T03:14:27.770+0000][gc,heap     ] GC(679) Survivor regions: 10->7(77)
[2025-12-25T03:14:27.770+0000][gc,heap     ] GC(679) Old regions: 160->160
[2025-12-25T03:14:27.770+0000][gc,heap     ] GC(679) Humongous regions: 151->151
[2025-12-25T03:14:27.770+0000][gc,metaspace] GC(679) Metaspace: 15688K(16064K)->15688K(16064K) NonClass: 14053K(14144K)->14053K(14144K) Class: 1634K(1920K)->1634K(1920K)
[2025-12-25T03:14:27.770+0000][gc          ] GC(679) Pause Young (Normal) (G1 Evacuation Pause) 924M->317M(1024M) 17.272ms
[2025-12-25T03:14:27.770+0000][gc,cpu      ] GC(679) User=0.08s Sys=0.00s Real=0.01s
[2025-12-25T03:15:07.424+0000][gc,start    ] GC(680) Pause Young (Normal) (G1 Evacuation Pause)
[2025-12-25T03:15:07.424+0000][gc,task     ] GC(680) Using 8 workers of 8 for evacuation
[2025-12-25T03:15:07.438+0000][gc,phases   ] GC(680)   Pre Evacuate Collection Set: 1.0ms
[2025-12-25T03:15:07.438+0000][gc,phases   ] GC(680)   Merge Heap Roots: 0.3ms
[2025-12-25T03:15:07.438+0000][gc,phases   ] GC(680)   Evacuate Collection Set: 11.1ms
[2025-12-25T03:15:07.438+0000][gc,phases   ] GC(680)   Post Evacuate Collection Set: 1.1ms
[2025-12-25T03:15:07.438+0000][gc,phases   ] GC(680)   Other: 0.3ms
[2025-12-25T03:15:07.439+0000][gc,heap     ] GC(680) Eden regions: 607->0(607)
[2025-12-25T03:15:07.439+0000][gc,heap     ] GC(680) Survivor regions: 7->7(77)
[2025-12-25T03:15:07.439+0000][gc,heap     ] GC(680) Old regions: 160->161
[2025-12-25T03:15:07.439+0000][gc,heap     ] GC(680) Humongous regions: 151->151
[2025-12-25T03:15:07.439+0000][gc,metaspace] GC(680) Metaspace: 15688K(16064K)->15688K(16064K) NonClass: 14053K(14144K)->14053K(14144K) Class: 1634K(1920K)->1634K(1920K)
[2025-12-25T03:15:07.439+0000][gc          ] GC(680) Pause Young (Normal) (G1 Evacuation Pause) 924M->317M(1024M) 15.108ms
[2025-12-25T03:15:07.439+0000][gc,cpu      ] GC(680) User=0.09s Sys=0.01s Real=0.01s
[2025-12-25T03:15:37.647+0000][gc,start    ] GC(681) Pause Young (Normal) (G1 Evacuation Pause)
[2025-12-25T03:15:37.647+0000][gc,task     ] GC(681) Using 8 workers of 8 for evacuation
[2025-12-25T03:15:37.661+0000][gc,phases   ] GC(681)   Pre Evacuate Collection Set: 1.0ms
[2025-12-25T03:15:37.661+0000][gc,phases   ] GC(681)   Merge Heap Roots: 0.3ms
[2025-12-25T03:15:37.661+0000][gc,phases   ] GC(681)   Evacuate Collection Set: 10.5ms
[2025-12-25T03:15:37.661+0000][gc,phases   ] GC(681)   Post Evacuate Collection Set: 1.1ms
[2025-12-25T03:15:37.661+0000][gc,phases   ] GC(681)   Other: 0.3ms
[2025-12-25T03:15:37.661+0000][gc,heap     ] GC(681) Eden regions: 607->0(606)
[2025-12-25T03:15:37.661+0000][gc,heap     ] GC(681) Survivor regions: 7->8(77)
[2025-12-25T03:15:37.661+0000][gc,heap     ] GC(681) Old regions: 161->161
[2025-12-25T03:15:37.661+0000][gc,heap     ] GC(681) Humongous regions: 151->151
[2025-12-25T03:15:37.661+0000][gc,metaspace] GC(681) Metaspace: 15688K(16064K)->15688K(16064K) NonClass: 14053K(14144K)->14053K(14144K) Class: 1634K(1920K)->1634K(1920K)
[2025-12-25T03:15:37.661+0000][gc          ] GC(681) Pause Young (Normal) (G1 Evacuation Pause) 924M->318M(1024M) 14.562ms
[2025-12-25T03:15:37.661+0000][gc,cpu      ] GC(681) User=0.09s Sys=0.00s Real=0.02s
[2025-12-25T03:16:17.324+0000][gc,start    ] GC(682) Pause Young (Normal) (G1 Evacuation Pause)
[2025-12-25T03:16:17.324+0000][gc,task     ] GC(682) Using 8 workers of 8 for evacuation
[2025-12-25T03:16:17.342+0000][gc,phases   ] GC(682)   Pre Evacuate Collection Set: 1.3ms
[2025-12-25T03:16:17.343+0000][gc,phases   ] GC(682)   Merge Heap Roots: 0.4ms
[2025-12-25T03:16:17.343+0000][gc,phases   ] GC(682)   Evacuate Collection Set: 15.2ms
[2025-12-25T03:16:17.343+0000][gc,phases   ] GC(682)   Post Evacuate Collection Set: 1.2ms
[2025-12-25T03:16:17.343+0000][gc,phases   ] GC(682)   Other: 0.4ms
[2025-12-25T03:16:17.343+0000][gc,heap     ] GC(682) Eden regions: 606->0(607)
[2025-12-25T03:16:17.343+0000][gc,heap     ] GC(682) Survivor regions: 8->7(77)
[2025-12-25T03:16:17.343+0000][gc,heap     ] GC(682) Old regions: 161->161
[2025-12-25T03:16:17.343+0000][gc,heap     ] GC(682) Humongous regions: 151->151
[2025-12-25T03:16:17.343+0000][gc,metaspace] GC(682) Metaspace: 15688K(16064K)->15688K(16064K) NonClass: 14053K(14144K)->14053K(14144K) Class: 1634K(1920K)->1634K(1920K)
[2025-12-25T03:16:17.343+0000][gc          ] GC(682) Pause Young (Normal) (G1 Evacuation Pause) 924M->318M(1024M) 19.612ms
[2025-12-25T03:16:17.343+0000][gc,cpu      ] GC(682) User=0.11s Sys=0.01s Real=0.02s
[2025-12-25T03:16:47.556+0000][gc,start    ] GC(683) Pause Young (Normal) (G1 Evacuation Pause)
[2025-12-25T03:16:47.557+0000][gc,task     ] GC(683) Using 8 workers of 8 for evacuation
[2025-12-25T03:16:47.571+0000][gc,phases   ] GC(683)   Pre Evacuate Collection Set: 1.1ms
[2025-12-25T03:16:47.571+0000][gc,phases   ] GC(683)   Merge Heap Roots: 0.3ms
[2025-12-25T03:16:47.571+0000][gc,phases   ] GC(683)   Evacuate Collection Set: 11.5ms
[2025-12-25T03:16:47.571+0000][gc,phases   ] GC(683)   Post Evacuate Collection Set: 1.1ms
[2025-12-25T03:16:47.571+0000][gc,phases   ] GC(683)   Other: 0.3ms
[2025-12-25T03:16:47.571+0000][gc,heap     ] GC(683) Eden regions: 607->0(605)
[2025-12-25T03:16:47.572+0000][gc,heap     ] GC(683) Survivor regions: 7->9(77)
[2025-12-25T03:16:47.572+0000][gc,heap     ] GC(683) Old regions: 161->161
[2025-12-25T03:16:47.572+0000][gc,heap     ] GC(683) Humongous regions: 151->151
[2025-12-25T03:16:47.572+0000][gc,metaspace] GC(683) Metaspace: 15688K(16064K)->15688K(16064K) NonClass: 14053K(14144K)->14053K(14144K) Class: 1634K(1920K)->1634K(1920K)
[2025-12-25T03:16:47.572+0000][gc          ] GC(683) Pause Young (Normal) (G1 Evacuation Pause) 925M->320M(1024M) 15.460ms
[2025-12-25T03:16:47.572+0000][gc,cpu      ] GC(683) User=0.08s Sys=0.00s Real=0.01s
[2025-12-25T03:17:27.203+0000][gc,start    ] GC(684) Pause Young (Normal) (G1 Evacuation Pause)
[2025-12-25T03:17:27.204+0000][gc,task     ] GC(684) Using 8 workers of 8 for evacuation
[2025-12-25T03:17:27.223+0000][gc,phases   ] GC(684)   Pre Evacuate Collection Set: 1.2ms
[2025-12-25T03:17:27.224+0000][gc,phases   ] GC(684)   Merge Heap Roots: 0.3ms
[2025-12-25T03:17:27.224+0000][gc,phases   ] GC(684)   Evacuate Collection Set: 12.7ms
[2025-12-25T03:17:27.224+0000][gc,phases   ] GC(684)   Post Evacuate Collection Set: 4.8ms
[2025-12-25T03:17:27.224+0000][gc,phases   ] GC(684)   Other: 0.6ms
[2025-12-25T03:17:27.224+0000][gc,heap     ] GC(684) Eden regions: 605->0(606)
[2025-12-25T03:17:27.224+0000][gc,heap     ] GC(684) Survivor regions: 9->8(77)
[2025-12-25T03:17:27.224+0000][gc,heap     ] GC(684) Old regions: 161->161
[2025-12-25T03:17:27.224+0000][gc,heap     ] GC(684) Humongous regions: 151->151
[2025-12-25T03:17:27.224+0000][gc,metaspace] GC(684) Metaspace: 15688K(16064K)->15688K(16064K) NonClass: 14053K(14144K)->14053K(14144K) Class: 1634K(1920K)->1634K(1920K)
[2025-12-25T03:17:27.224+0000][gc          ] GC(684) Pause Young (Normal) (G1 Evacuation Pause) 925M->319M(1024M) 21.471ms
[2025-12-25T03:17:27.225+0000][gc,cpu      ] GC(684) User=0.13s Sys=0.00s Real=0.02s
[2025-12-25T03:17:57.491+0000][gc,start    ] GC(685) Pause Young (Normal) (G1 Evacuation Pause)
[2025-12-25T03:17:57.492+0000][gc,task     ] GC(685) Using 8 workers of 8 for evacuation
[2025-12-25T03:17:57.512+0000][gc,phases   ] GC(685)   Pre Evacuate Collection Set: 2.5ms
[2025-12-25T03:17:57.512+0000][gc,phases   ] GC(685)   Merge Heap Roots: 1.0ms
[2025-12-25T03:17:57.512+0000][gc,phases   ] GC(685)   Evacuate Collection Set: 14.3ms
[2025-12-25T03:17:57.512+0000][gc,phases   ] GC(685)   Post Evacuate Collection Set: 1.3ms
[2025-12-25T03:17:57.513+0000][gc,phases   ] GC(685)   Other: 0.9ms
[2025-12-25T03:17:57.513+0000][gc,heap     ] GC(685) Eden regions: 606->0(604)
[2025-12-25T03:17:57.513+0000][gc,heap     ] GC(685) Survivor regions: 8->10(77)
[2025-12-25T03:17:57.513+0000][gc,heap     ] GC(685) Old regions: 161->162
[2025-12-25T03:17:57.513+0000][gc,heap     ] GC(685) Humongous regions: 151->151
[2025-12-25T03:17:57.513+0000][gc,metaspace] GC(685) Metaspace: 15688K(16064K)->15688K(16064K) NonClass: 14053K(14144K)->14053K(14144K) Class: 1634K(1920K)->1634K(1920K)
[2025-12-25T03:17:57.513+0000][gc          ] GC(685) Pause Young (Normal) (G1 Evacuation Pause) 925M->321M(1024M) 21.639ms
[2025-12-25T03:17:57.513+0000][gc,cpu      ] GC(685) User=0.13s Sys=0.00s Real=0.03s
[2025-12-25T03:18:27.693+0000][gc,start    ] GC(686) Pause Young (Normal) (G1 Evacuation Pause)
[2025-12-25T03:18:27.694+0000][gc,task     ] GC(686) Using 8 workers of 8 for evacuation
[2025-12-25T03:18:27.702+0000][gc,phases   ] GC(686)   Pre Evacuate Collection Set: 0.9ms
[2025-12-25T03:18:27.702+0000][gc,phases   ] GC(686)   Merge Heap Roots: 0.2ms
[2025-12-25T03:18:27.703+0000][gc,phases   ] GC(686)   Evacuate Collection Set: 6.4ms
[2025-12-25T03:18:27.703+0000][gc,phases   ] GC(686)   Post Evacuate Collection Set: 0.9ms
[2025-12-25T03:18:27.703+0000][gc,phases   ] GC(686)   Other: 0.2ms
[2025-12-25T03:18:27.703+0000][gc,heap     ] GC(686) Eden regions: 604->0(607)
[2025-12-25T03:18:27.703+0000][gc,heap     ] GC(686) Survivor regions: 10->7(77)
[2025-12-25T03:18:27.703+0000][gc,heap     ] GC(686) Old regions: 162->162
[2025-12-25T03:18:27.703+0000][gc,heap     ] GC(686) Humongous regions: 151->151
[2025-12-25T03:18:27.703+0000][gc,metaspace] GC(686) Metaspace: 15688K(16064K)->15688K(16064K) NonClass: 14053K(14144K)->14053K(14144K) Class: 1634K(1920K)->1634K(1920K)
[2025-12-25T03:18:27.703+0000][gc          ] GC(686) Pause Young (Normal) (G1 Evacuation Pause) 925M->318M(1024M) 9.881ms
[2025-12-25T03:18:27.703+0000][gc,cpu      ] GC(686) User=0.05s Sys=0.00s Real=0.01s
[2025-12-25T03:19:07.354+0000][gc,start    ] GC(687) Pause Young (Normal) (G1 Evacuation Pause)
[2025-12-25T03:19:07.354+0000][gc,task     ] GC(687) Using 8 workers of 8 for evacuation
[2025-12-25T03:19:07.369+0000][gc,phases   ] GC(687)   Pre Evacuate Collection Set: 1.2ms
[2025-12-25T03:19:07.369+0000][gc,phases   ] GC(687)   Merge Heap Roots: 0.3ms
[2025-12-25T03:19:07.369+0000][gc,phases   ] GC(687)   Evacuate Collection Set: 10.5ms
[2025-12-25T03:19:07.369+0000][gc,phases   ] GC(687)   Post Evacuate Collection Set: 1.9ms
[2025-12-25T03:19:07.369+0000][gc,phases   ] GC(687)   Other: 0.5ms
[2025-12-25T03:19:07.369+0000][gc,heap     ] GC(687) Eden regions: 607->0(608)
[2025-12-25T03:19:07.369+0000][gc,heap     ] GC(687) Survivor regions: 7->6(77)
[2025-12-25T03:19:07.369+0000][gc,heap     ] GC(687) Old regions: 162->162
[2025-12-25T03:19:07.369+0000][gc,heap     ] GC(687) Humongous regions: 151->151
[2025-12-25T03:19:07.370+0000][gc,metaspace] GC(687) Metaspace: 15688K(16064K)->15688K(16064K) NonClass: 14053K(14144K)->14053K(14144K) Class: 1634K(1920K)->1634K(1920K)
[2025-12-25T03:19:07.370+0000][gc          ] GC(687) Pause Young (Normal) (G1 Evacuation Pause) 925M->318M(1024M) 16.096ms
[2025-12-25T03:19:07.370+0000][gc,cpu      ] GC(687) User=0.09s Sys=0.00s Real=0.02s
[2025-12-25T03:19:37.581+0000][gc,start    ] GC(688) Pause Young (Normal) (G1 Evacuation Pause)
[2025-12-25T03:19:37.582+0000][gc,task     ] GC(688) Using 8 workers of 8 for evacuation
[2025-12-25T03:19:37.598+0000][gc,phases   ] GC(688)   Pre Evacuate Collection Set: 1.0ms
[2025-12-25T03:19:37.598+0000][gc,phases   ] GC(688)   Merge Heap Roots: 0.3ms
[2025-12-25T03:19:37.598+0000][gc,phases   ] GC(688)   Evacuate Collection Set: 13.9ms
[2025-12-25T03:19:37.598+0000][gc,phases   ] GC(688)   Post Evacuate Collection Set: 1.0ms
[2025-12-25T03:19:37.598+0000][gc,phases   ] GC(688)   Other: 0.3ms
[2025-12-25T03:19:37.599+0000][gc,heap     ] GC(688) Eden regions: 608->0(606)
[2025-12-25T03:19:37.599+0000][gc,heap     ] GC(688) Survivor regions: 6->8(77)
[2025-12-25T03:19:37.599+0000][gc,heap     ] GC(688) Old regions: 162->162
[2025-12-25T03:19:37.599+0000][gc,heap     ] GC(688) Humongous regions: 151->151
[2025-12-25T03:19:37.599+0000][gc,metaspace] GC(688) Metaspace: 15688K(16064K)->15688K(16064K) NonClass: 14053K(14144K)->14053K(14144K) Class: 1634K(1920K)->1634K(1920K)
[2025-12-25T03:19:37.599+0000][gc          ] GC(688) Pause Young (Normal) (G1 Evacuation Pause) 926M->319M(1024M) 17.578ms
[2025-12-25T03:19:37.599+0000][gc,cpu      ] GC(688) User=0.11s Sys=0.01s Real=0.02s
[2025-12-25T03:20:17.328+0000][gc,start    ] GC(689) Pause Young (Normal) (G1 Evacuation Pause)
[2025-12-25T03:20:17.329+0000][gc,task     ] GC(689) Using 8 workers of 8 for evacuation
[2025-12-25T03:20:17.352+0000][gc,phases   ] GC(689)   Pre Evacuate Collection Set: 1.2ms
[2025-12-25T03:20:17.352+0000][gc,phases   ] GC(689)   Merge Heap Roots: 0.3ms
[2025-12-25T03:20:17.352+0000][gc,phases   ] GC(689)   Evacuate Collection Set: 19.6ms
[2025-12-25T03:20:17.352+0000][gc,phases   ] GC(689)   Post Evacuate Collection Set: 1.5ms
[2025-12-25T03:20:17.352+0000][gc,phases   ] GC(689)   Other: 0.3ms
[2025-12-25T03:20:17.352+0000][gc,heap     ] GC(689) Eden regions: 606->0(607)
[2025-12-25T03:20:17.352+0000][gc,heap     ] GC(689) Survivor regions: 8->7(77)
[2025-12-25T03:20:17.352+0000][gc,heap     ] GC(689) Old regions: 162->163
[2025-12-25T03:20:17.352+0000][gc,heap     ] GC(689) Humongous regions: 151->151
[2025-12-25T03:20:17.352+0000][gc,metaspace] GC(689) Metaspace: 15688K(16064K)->15688K(16064K) NonClass: 14053K(14144K)->14053K(14144K) Class: 1634K(1920K)->1634K(1920K)
[2025-12-25T03:20:17.352+0000][gc          ] GC(689) Pause Young (Normal) (G1 Evacuation Pause) 925M->319M(1024M) 24.363ms
[2025-12-25T03:20:17.352+0000][gc,cpu      ] GC(689) User=0.15s Sys=0.01s Real=0.02s
[2025-12-25T03:20:47.624+0000][gc,start    ] GC(690) Pause Young (Normal) (G1 Evacuation Pause)
[2025-12-25T03:20:47.626+0000][gc,task     ] GC(690) Using 8 workers of 8 for evacuation
[2025-12-25T03:20:47.642+0000][gc,phases   ] GC(690)   Pre Evacuate Collection Set: 3.9ms
[2025-12-25T03:20:47.642+0000][gc,phases   ] GC(690)   Merge Heap Roots: 0.6ms
[2025-12-25T03:20:47.642+0000][gc,phases   ] GC(690)   Evacuate Collection Set: 9.1ms
[2025-12-25T03:20:47.642+0000][gc,phases   ] GC(690)   Post Evacuate Collection Set: 1.1ms
[2025-12-25T03:20:47.642+0000][gc,phases   ] GC(690)   Other: 2.1ms
[2025-12-25T03:20:47.642+0000][gc,heap     ] GC(690) Eden regions: 607->0(605)
[2025-12-25T03:20:47.642+0000][gc,heap     ] GC(690) Survivor regions: 7->9(77)
[2025-12-25T03:20:47.642+0000][gc,heap     ] GC(690) Old regions: 163->163
[2025-12-25T03:20:47.643+0000][gc,heap     ] GC(690) Humongous regions: 151->151
[2025-12-25T03:20:47.643+0000][gc,metaspace] GC(690) Metaspace: 15688K(16064K)->15688K(16064K) NonClass: 14053K(14144K)->14053K(14144K) Class: 1634K(1920K)->1634K(1920K)
[2025-12-25T03:20:47.643+0000][gc          ] GC(690) Pause Young (Normal) (G1 Evacuation Pause) 926M->321M(1024M) 18.722ms
[2025-12-25T03:20:47.643+0000][gc,cpu      ] GC(690) User=0.09s Sys=0.00s Real=0.01s
[2025-12-25T03:21:27.166+0000][gc,start    ] GC(691) Pause Young (Normal) (G1 Evacuation Pause)
[2025-12-25T03:21:27.167+0000][gc,task     ] GC(691) Using 8 workers of 8 for evacuation
[2025-12-25T03:21:27.200+0000][gc,phases   ] GC(691)   Pre Evacuate Collection Set: 1.4ms
[2025-12-25T03:21:27.201+0000][gc,phases   ] GC(691)   Merge Heap Roots: 1.7ms
[2025-12-25T03:21:27.201+0000][gc,phases   ] GC(691)   Evacuate Collection Set: 25.8ms
[2025-12-25T03:21:27.201+0000][gc,phases   ] GC(691)   Post Evacuate Collection Set: 3.7ms
[2025-12-25T03:21:27.201+0000][gc,phases   ] GC(691)   Other: 0.8ms
[2025-12-25T03:21:27.201+0000][gc,heap     ] GC(691) Eden regions: 605->0(606)
[2025-12-25T03:21:27.201+0000][gc,heap     ] GC(691) Survivor regions: 9->8(77)
[2025-12-25T03:21:27.201+0000][gc,heap     ] GC(691) Old regions: 163->163
[2025-12-25T03:21:27.201+0000][gc,heap     ] GC(691) Humongous regions: 151->151
[2025-12-25T03:21:27.201+0000][gc,metaspace] GC(691) Metaspace: 15688K(16064K)->15688K(16064K) NonClass: 14053K(14144K)->14053K(14144K) Class: 1634K(1920K)->1634K(1920K)
[2025-12-25T03:21:27.201+0000][gc          ] GC(691) Pause Young (Normal) (G1 Evacuation Pause) 926M->321M(1024M) 35.219ms
[2025-12-25T03:21:27.202+0000][gc,cpu      ] GC(691) User=0.21s Sys=0.01s Real=0.03s
[2025-12-25T03:21:57.436+0000][gc,start    ] GC(692) Pause Young (Normal) (G1 Evacuation Pause)
[2025-12-25T03:21:57.437+0000][gc,task     ] GC(692) Using 8 workers of 8 for evacuation
[2025-12-25T03:21:57.450+0000][gc,phases   ] GC(692)   Pre Evacuate Collection Set: 1.2ms
[2025-12-25T03:21:57.450+0000][gc,phases   ] GC(692)   Merge Heap Roots: 0.3ms
[2025-12-25T03:21:57.450+0000][gc,phases   ] GC(692)   Evacuate Collection Set: 9.2ms
[2025-12-25T03:21:57.450+0000][gc,phases   ] GC(692)   Post Evacuate Collection Set: 2.2ms
[2025-12-25T03:21:57.450+0000][gc,phases   ] GC(692)   Other: 0.3ms
[2025-12-25T03:21:57.450+0000][gc,heap     ] GC(692) Eden regions: 606->0(605)
[2025-12-25T03:21:57.450+0000][gc,heap     ] GC(692) Survivor regions: 8->9(77)
[2025-12-25T03:21:57.450+0000][gc,heap     ] GC(692) Old regions: 163->163
[2025-12-25T03:21:57.450+0000][gc,heap     ] GC(692) Humongous regions: 151->151
[2025-12-25T03:21:57.450+0000][gc,metaspace] GC(692) Metaspace: 15688K(16064K)->15688K(16064K) NonClass: 14053K(14144K)->14053K(14144K) Class: 1634K(1920K)->1634K(1920K)
[2025-12-25T03:21:57.451+0000][gc          ] GC(692) Pause Young (Normal) (G1 Evacuation Pause) 927M->322M(1024M) 14.417ms
[2025-12-25T03:21:57.451+0000][gc,cpu      ] GC(692) User=0.08s Sys=0.00s Real=0.02s
[2025-12-25T03:22:27.727+0000][gc,start    ] GC(693) Pause Young (Normal) (G1 Evacuation Pause)
[2025-12-25T03:22:27.728+0000][gc,task     ] GC(693) Using 8 workers of 8 for evacuation
[2025-12-25T03:22:27.743+0000][gc,phases   ] GC(693)   Pre Evacuate Collection Set: 1.4ms
[2025-12-25T03:22:27.743+0000][gc,phases   ] GC(693)   Merge Heap Roots: 0.4ms
[2025-12-25T03:22:27.743+0000][gc,phases   ] GC(693)   Evacuate Collection Set: 11.7ms
[2025-12-25T03:22:27.743+0000][gc,phases   ] GC(693)   Post Evacuate Collection Set: 1.3ms
[2025-12-25T03:22:27.743+0000][gc,phases   ] GC(693)   Other: 0.3ms
[2025-12-25T03:22:27.743+0000][gc,heap     ] GC(693) Eden regions: 605->0(607)
[2025-12-25T03:22:27.743+0000][gc,heap     ] GC(693) Survivor regions: 9->7(77)
[2025-12-25T03:22:27.743+0000][gc,heap     ] GC(693) Old regions: 163->164
[2025-12-25T03:22:27.743+0000][gc,heap     ] GC(693) Humongous regions: 151->151
[2025-12-25T03:22:27.744+0000][gc,metaspace] GC(693) Metaspace: 15688K(16064K)->15688K(16064K) NonClass: 14053K(14144K)->14053K(14144K) Class: 1634K(1920K)->1634K(1920K)
[2025-12-25T03:22:27.744+0000][gc          ] GC(693) Pause Young (Normal) (G1 Evacuation Pause) 927M->320M(1024M) 16.291ms
[2025-12-25T03:22:27.744+0000][gc,cpu      ] GC(693) User=0.11s Sys=0.00s Real=0.02s
[2025-12-25T03:23:07.377+0000][gc,start    ] GC(694) Pause Young (Normal) (G1 Evacuation Pause)
[2025-12-25T03:23:07.378+0000][gc,task     ] GC(694) Using 8 workers of 8 for evacuation
[2025-12-25T03:23:07.396+0000][gc,phases   ] GC(694)   Pre Evacuate Collection Set: 1.0ms
[2025-12-25T03:23:07.397+0000][gc,phases   ] GC(694)   Merge Heap Roots: 0.3ms
[2025-12-25T03:23:07.397+0000][gc,phases   ] GC(694)   Evacuate Collection Set: 15.7ms
[2025-12-25T03:23:07.397+0000][gc,phases   ] GC(694)   Post Evacuate Collection Set: 1.2ms
[2025-12-25T03:23:07.397+0000][gc,phases   ] GC(694)   Other: 0.3ms
[2025-12-25T03:23:07.397+0000][gc,heap     ] GC(694) Eden regions: 607->0(608)
[2025-12-25T03:23:07.397+0000][gc,heap     ] GC(694) Survivor regions: 7->6(77)
[2025-12-25T03:23:07.397+0000][gc,heap     ] GC(694) Old regions: 164->164
[2025-12-25T03:23:07.397+0000][gc,heap     ] GC(694) Humongous regions: 151->151
[2025-12-25T03:23:07.397+0000][gc,metaspace] GC(694) Metaspace: 15688K(16064K)->15688K(16064K) NonClass: 14053K(14144K)->14053K(14144K) Class: 1634K(1920K)->1634K(1920K)
[2025-12-25T03:23:07.397+0000][gc          ] GC(694) Pause Young (Normal) (G1 Evacuation Pause) 927M->319M(1024M) 20.412ms
[2025-12-25T03:23:07.397+0000][gc,cpu      ] GC(694) User=0.14s Sys=0.00s Real=0.02s
[2025-12-25T03:23:37.642+0000][gc,start    ] GC(695) Pause Young (Normal) (G1 Evacuation Pause)
[2025-12-25T03:23:37.643+0000][gc,task     ] GC(695) Using 8 workers of 8 for evacuation
[2025-12-25T03:23:37.657+0000][gc,phases   ] GC(695)   Pre Evacuate Collection Set: 2.3ms
[2025-12-25T03:23:37.658+0000][gc,phases   ] GC(695)   Merge Heap Roots: 0.4ms
[2025-12-25T03:23:37.658+0000][gc,phases   ] GC(695)   Evacuate Collection Set: 10.9ms
[2025-12-25T03:23:37.658+0000][gc,phases   ] GC(695)   Post Evacuate Collection Set: 1.0ms
[2025-12-25T03:23:37.658+0000][gc,phases   ] GC(695)   Other: 0.5ms
[2025-12-25T03:23:37.658+0000][gc,heap     ] GC(695) Eden regions: 608->0(607)
[2025-12-25T03:23:37.658+0000][gc,heap     ] GC(695) Survivor regions: 6->7(77)
[2025-12-25T03:23:37.658+0000][gc,heap     ] GC(695) Old regions: 164->164
[2025-12-25T03:23:37.658+0000][gc,heap     ] GC(695) Humongous regions: 151->151
[2025-12-25T03:23:37.658+0000][gc,metaspace] GC(695) Metaspace: 15688K(16064K)->15688K(16064K) NonClass: 14053K(14144K)->14053K(14144K) Class: 1634K(1920K)->1634K(1920K)
[2025-12-25T03:23:37.658+0000][gc          ] GC(695) Pause Young (Normal) (G1 Evacuation Pause) 927M->321M(1024M) 16.243ms
[2025-12-25T03:23:37.658+0000][gc,cpu      ] GC(695) User=0.09s Sys=0.00s Real=0.01s
[2025-12-25T03:24:17.298+0000][gc,start    ] GC(696) Pause Young (Normal) (G1 Evacuation Pause)
[2025-12-25T03:24:17.299+0000][gc,task     ] GC(696) Using 8 workers of 8 for evacuation
[2025-12-25T03:24:17.312+0000][gc,phases   ] GC(696)   Pre Evacuate Collection Set: 1.1ms
[2025-12-25T03:24:17.312+0000][gc,phases   ] GC(696)   Merge Heap Roots: 0.3ms
[2025-12-25T03:24:17.312+0000][gc,phases   ] GC(696)   Evacuate Collection Set: 9.0ms
[2025-12-25T03:24:17.312+0000][gc,phases   ] GC(696)   Post Evacuate Collection Set: 2.3ms
[2025-12-25T03:24:17.312+0000][gc,phases   ] GC(696)   Other: 0.3ms
[2025-12-25T03:24:17.312+0000][gc,heap     ] GC(696) Eden regions: 607->0(607)
[2025-12-25T03:24:17.312+0000][gc,heap     ] GC(696) Survivor regions: 7->7(77)
[2025-12-25T03:24:17.312+0000][gc,heap     ] GC(696) Old regions: 164->164
[2025-12-25T03:24:17.312+0000][gc,heap     ] GC(696) Humongous regions: 151->151
[2025-12-25T03:24:17.312+0000][gc,metaspace] GC(696) Metaspace: 15688K(16064K)->15688K(16064K) NonClass: 14053K(14144K)->14053K(14144K) Class: 1634K(1920K)->1634K(1920K)
[2025-12-25T03:24:17.312+0000][gc          ] GC(696) Pause Young (Normal) (G1 Evacuation Pause) 928M->321M(1024M) 14.230ms
[2025-12-25T03:24:17.312+0000][gc,cpu      ] GC(696) User=0.07s Sys=0.01s Real=0.01s
[2025-12-25T03:24:47.575+0000][gc,start    ] GC(697) Pause Young (Normal) (G1 Evacuation Pause)
[2025-12-25T03:24:47.576+0000][gc,task     ] GC(697) Using 8 workers of 8 for evacuation
[2025-12-25T03:24:47.594+0000][gc,phases   ] GC(697)   Pre Evacuate Collection Set: 3.2ms
[2025-12-25T03:24:47.594+0000][gc,phases   ] GC(697)   Merge Heap Roots: 1.1ms
[2025-12-25T03:24:47.594+0000][gc,phases   ] GC(697)   Evacuate Collection Set: 12.7ms
[2025-12-25T03:24:47.594+0000][gc,phases   ] GC(697)   Post Evacuate Collection Set: 1.1ms
[2025-12-25T03:24:47.594+0000][gc,phases   ] GC(697)   Other: 0.4ms
[2025-12-25T03:24:47.594+0000][gc,heap     ] GC(697) Eden regions: 607->0(606)
[2025-12-25T03:24:47.594+0000][gc,heap     ] GC(697) Survivor regions: 7->8(77)
[2025-12-25T03:24:47.595+0000][gc,heap     ] GC(697) Old regions: 164->164
[2025-12-25T03:24:47.595+0000][gc,heap     ] GC(697) Humongous regions: 151->151
[2025-12-25T03:24:47.595+0000][gc,metaspace] GC(697) Metaspace: 15688K(16064K)->15688K(16064K) NonClass: 14053K(14144K)->14053K(14144K) Class: 1634K(1920K)->1634K(1920K)
[2025-12-25T03:24:47.595+0000][gc          ] GC(697) Pause Young (Normal) (G1 Evacuation Pause) 928M->322M(1024M) 20.175ms
[2025-12-25T03:24:47.595+0000][gc,cpu      ] GC(697) User=0.12s Sys=0.00s Real=0.02s
[2025-12-25T03:25:27.143+0000][gc,start    ] GC(698) Pause Young (Normal) (G1 Evacuation Pause)
[2025-12-25T03:25:27.144+0000][gc,task     ] GC(698) Using 8 workers of 8 for evacuation
[2025-12-25T03:25:27.164+0000][gc,phases   ] GC(698)   Pre Evacuate Collection Set: 1.5ms
[2025-12-25T03:25:27.164+0000][gc,phases   ] GC(698)   Merge Heap Roots: 0.5ms
[2025-12-25T03:25:27.164+0000][gc,phases   ] GC(698)   Evacuate Collection Set: 15.7ms
[2025-12-25T03:25:27.164+0000][gc,phases   ] GC(698)   Post Evacuate Collection Set: 1.4ms
[2025-12-25T03:25:27.164+0000][gc,phases   ] GC(698)   Other: 0.5ms
[2025-12-25T03:25:27.164+0000][gc,heap     ] GC(698) Eden regions: 606->0(606)
[2025-12-25T03:25:27.164+0000][gc,heap     ] GC(698) Survivor regions: 8->8(77)
[2025-12-25T03:25:27.164+0000][gc,heap     ] GC(698) Old regions: 164->165
[2025-12-25T03:25:27.164+0000][gc,heap     ] GC(698) Humongous regions: 151->151
[2025-12-25T03:25:27.164+0000][gc,metaspace] GC(698) Metaspace: 15688K(16064K)->15688K(16064K) NonClass: 14053K(14144K)->14053K(14144K) Class: 1634K(1920K)->1634K(1920K)
[2025-12-25T03:25:27.164+0000][gc          ] GC(698) Pause Young (Normal) (G1 Evacuation Pause) 928M->322M(1024M) 21.378ms
[2025-12-25T03:25:27.165+0000][gc,cpu      ] GC(698) User=0.12s Sys=0.01s Real=0.02s
[2025-12-25T03:25:57.433+0000][gc,start    ] GC(699) Pause Young (Normal) (G1 Evacuation Pause)
[2025-12-25T03:25:57.434+0000][gc,task     ] GC(699) Using 8 workers of 8 for evacuation
[2025-12-25T03:25:57.453+0000][gc,phases   ] GC(699)   Pre Evacuate Collection Set: 1.1ms
[2025-12-25T03:25:57.453+0000][gc,phases   ] GC(699)   Merge Heap Roots: 0.3ms
[2025-12-25T03:25:57.453+0000][gc,phases   ] GC(699)   Evacuate Collection Set: 16.4ms
[2025-12-25T03:25:57.453+0000][gc,phases   ] GC(699)   Post Evacuate Collection Set: 1.2ms
[2025-12-25T03:25:57.453+0000][gc,phases   ] GC(699)   Other: 0.3ms
[2025-12-25T03:25:57.453+0000][gc,heap     ] GC(699) Eden regions: 606->0(605)
[2025-12-25T03:25:57.453+0000][gc,heap     ] GC(699) Survivor regions: 8->9(77)
[2025-12-25T03:25:57.453+0000][gc,heap     ] GC(699) Old regions: 165->165
[2025-12-25T03:25:57.453+0000][gc,heap     ] GC(699) Humongous regions: 151->151
[2025-12-25T03:25:57.454+0000][gc,metaspace] GC(699) Metaspace: 15688K(16064K)->15688K(16064K) NonClass: 14053K(14144K)->14053K(14144K) Class: 1634K(1920K)->1634K(1920K)
[2025-12-25T03:25:57.454+0000][gc          ] GC(699) Pause Young (Normal) (G1 Evacuation Pause) 928M->324M(1024M) 20.423ms
[2025-12-25T03:25:57.454+0000][gc,cpu      ] GC(699) User=0.12s Sys=0.00s Real=0.02s
[2025-12-25T03:26:28.038+0000][gc,start    ] GC(700) Pause Young (Normal) (G1 Evacuation Pause)
[2025-12-25T03:26:28.039+0000][gc,task     ] GC(700) Using 8 workers of 8 for evacuation
[2025-12-25T03:26:28.077+0000][gc,phases   ] GC(700)   Pre Evacuate Collection Set: 2.1ms
[2025-12-25T03:26:28.077+0000][gc,phases   ] GC(700)   Merge Heap Roots: 0.8ms
[2025-12-25T03:26:28.077+0000][gc,phases   ] GC(700)   Evacuate Collection Set: 33.0ms
[2025-12-25T03:26:28.077+0000][gc,phases   ] GC(700)   Post Evacuate Collection Set: 1.5ms
[2025-12-25T03:26:28.077+0000][gc,phases   ] GC(700)   Other: 0.3ms
[2025-12-25T03:26:28.078+0000][gc,heap     ] GC(700) Eden regions: 605->0(603)
[2025-12-25T03:26:28.078+0000][gc,heap     ] GC(700) Survivor regions: 9->11(77)
[2025-12-25T03:26:28.078+0000][gc,heap     ] GC(700) Old regions: 165->165
[2025-12-25T03:26:28.078+0000][gc,heap     ] GC(700) Humongous regions: 151->151
[2025-12-25T03:26:28.078+0000][gc,metaspace] GC(700) Metaspace: 15688K(16064K)->15688K(16064K) NonClass: 14053K(14144K)->14053K(14144K) Class: 1634K(1920K)->1634K(1920K)
[2025-12-25T03:26:28.078+0000][gc          ] GC(700) Pause Young (Normal) (G1 Evacuation Pause) 929M->326M(1024M) 39.803ms
[2025-12-25T03:26:28.078+0000][gc,cpu      ] GC(700) User=0.24s Sys=0.01s Real=0.04s
[2025-12-25T03:27:07.399+0000][gc,start    ] GC(701) Pause Young (Normal) (G1 Evacuation Pause)
[2025-12-25T03:27:07.399+0000][gc,task     ] GC(701) Using 8 workers of 8 for evacuation
[2025-12-25T03:27:07.426+0000][gc,phases   ] GC(701)   Pre Evacuate Collection Set: 4.7ms
[2025-12-25T03:27:07.427+0000][gc,phases   ] GC(701)   Merge Heap Roots: 1.0ms
[2025-12-25T03:27:07.427+0000][gc,phases   ] GC(701)   Evacuate Collection Set: 13.3ms
[2025-12-25T03:27:07.427+0000][gc,phases   ] GC(701)   Post Evacuate Collection Set: 6.5ms
[2025-12-25T03:27:07.427+0000][gc,phases   ] GC(701)   Other: 1.5ms
[2025-12-25T03:27:07.427+0000][gc,heap     ] GC(701) Eden regions: 603->0(608)
[2025-12-25T03:27:07.427+0000][gc,heap     ] GC(701) Survivor regions: 11->6(77)
[2025-12-25T03:27:07.427+0000][gc,heap     ] GC(701) Old regions: 165->165
[2025-12-25T03:27:07.427+0000][gc,heap     ] GC(701) Humongous regions: 151->151
[2025-12-25T03:27:07.427+0000][gc,metaspace] GC(701) Metaspace: 15688K(16064K)->15688K(16064K) NonClass: 14053K(14144K)->14053K(14144K) Class: 1634K(1920K)->1634K(1920K)
[2025-12-25T03:27:07.427+0000][gc          ] GC(701) Pause Young (Normal) (G1 Evacuation Pause) 929M->321M(1024M) 28.369ms
[2025-12-25T03:27:07.427+0000][gc,cpu      ] GC(701) User=0.14s Sys=0.01s Real=0.03s
[2025-12-25T03:27:37.585+0000][gc,start    ] GC(702) Pause Young (Normal) (G1 Evacuation Pause)
[2025-12-25T03:27:37.586+0000][gc,task     ] GC(702) Using 8 workers of 8 for evacuation
[2025-12-25T03:27:37.599+0000][gc,phases   ] GC(702)   Pre Evacuate Collection Set: 1.2ms
[2025-12-25T03:27:37.600+0000][gc,phases   ] GC(702)   Merge Heap Roots: 0.3ms
[2025-12-25T03:27:37.600+0000][gc,phases   ] GC(702)   Evacuate Collection Set: 10.4ms
[2025-12-25T03:27:37.600+0000][gc,phases   ] GC(702)   Post Evacuate Collection Set: 1.7ms
[2025-12-25T03:27:37.600+0000][gc,phases   ] GC(702)   Other: 0.3ms
[2025-12-25T03:27:37.600+0000][gc,heap     ] GC(702) Eden regions: 608->0(607)
[2025-12-25T03:27:37.600+0000][gc,heap     ] GC(702) Survivor regions: 6->7(77)
[2025-12-25T03:27:37.600+0000][gc,heap     ] GC(702) Old regions: 165->166
[2025-12-25T03:27:37.600+0000][gc,heap     ] GC(702) Humongous regions: 151->151
[2025-12-25T03:27:37.600+0000][gc,metaspace] GC(702) Metaspace: 15688K(16064K)->15688K(16064K) NonClass: 14053K(14144K)->14053K(14144K) Class: 1634K(1920K)->1634K(1920K)
[2025-12-25T03:27:37.600+0000][gc          ] GC(702) Pause Young (Normal) (G1 Evacuation Pause) 929M->322M(1024M) 15.294ms
[2025-12-25T03:27:37.600+0000][gc,cpu      ] GC(702) User=0.09s Sys=0.00s Real=0.02s
[2025-12-25T03:28:17.213+0000][gc,start    ] GC(703) Pause Young (Normal) (G1 Evacuation Pause)
[2025-12-25T03:28:17.214+0000][gc,task     ] GC(703) Using 8 workers of 8 for evacuation
[2025-12-25T03:28:17.231+0000][gc,phases   ] GC(703)   Pre Evacuate Collection Set: 4.0ms
[2025-12-25T03:28:17.231+0000][gc,phases   ] GC(703)   Merge Heap Roots: 0.7ms
[2025-12-25T03:28:17.231+0000][gc,phases   ] GC(703)   Evacuate Collection Set: 10.7ms
[2025-12-25T03:28:17.231+0000][gc,phases   ] GC(703)   Post Evacuate Collection Set: 1.4ms
[2025-12-25T03:28:17.231+0000][gc,phases   ] GC(703)   Other: 0.3ms
[2025-12-25T03:28:17.231+0000][gc,heap     ] GC(703) Eden regions: 607->0(608)
[2025-12-25T03:28:17.231+0000][gc,heap     ] GC(703) Survivor regions: 7->6(77)
[2025-12-25T03:28:17.231+0000][gc,heap     ] GC(703) Old regions: 166->166
[2025-12-25T03:28:17.231+0000][gc,heap     ] GC(703) Humongous regions: 151->151
[2025-12-25T03:28:17.231+0000][gc,metaspace] GC(703) Metaspace: 15688K(16064K)->15688K(16064K) NonClass: 14053K(14144K)->14053K(14144K) Class: 1634K(1920K)->1634K(1920K)
[2025-12-25T03:28:17.231+0000][gc          ] GC(703) Pause Young (Normal) (G1 Evacuation Pause) 929M->322M(1024M) 17.947ms
[2025-12-25T03:28:17.231+0000][gc,cpu      ] GC(703) User=0.08s Sys=0.02s Real=0.02s
[2025-12-25T03:28:47.548+0000][gc,start    ] GC(704) Pause Young (Normal) (G1 Evacuation Pause)
[2025-12-25T03:28:47.548+0000][gc,task     ] GC(704) Using 8 workers of 8 for evacuation
[2025-12-25T03:28:47.566+0000][gc,phases   ] GC(704)   Pre Evacuate Collection Set: 1.1ms
[2025-12-25T03:28:47.566+0000][gc,phases   ] GC(704)   Merge Heap Roots: 0.3ms
[2025-12-25T03:28:47.567+0000][gc,phases   ] GC(704)   Evacuate Collection Set: 15.4ms
[2025-12-25T03:28:47.567+0000][gc,phases   ] GC(704)   Post Evacuate Collection Set: 1.4ms
[2025-12-25T03:28:47.567+0000][gc,phases   ] GC(704)   Other: 0.3ms
[2025-12-25T03:28:47.567+0000][gc,heap     ] GC(704) Eden regions: 608->0(606)
[2025-12-25T03:28:47.567+0000][gc,heap     ] GC(704) Survivor regions: 6->8(77)
[2025-12-25T03:28:47.567+0000][gc,heap     ] GC(704) Old regions: 166->166
[2025-12-25T03:28:47.567+0000][gc,heap     ] GC(704) Humongous regions: 151->151
[2025-12-25T03:28:47.567+0000][gc,metaspace] GC(704) Metaspace: 15688K(16064K)->15688K(16064K) NonClass: 14053K(14144K)->14053K(14144K) Class: 1634K(1920K)->1634K(1920K)
[2025-12-25T03:28:47.567+0000][gc          ] GC(704) Pause Young (Normal) (G1 Evacuation Pause) 930M->324M(1024M) 19.464ms
[2025-12-25T03:28:47.567+0000][gc,cpu      ] GC(704) User=0.10s Sys=0.00s Real=0.02s
[2025-12-25T03:29:17.742+0000][gc,start    ] GC(705) Pause Young (Normal) (G1 Evacuation Pause)
[2025-12-25T03:29:17.743+0000][gc,task     ] GC(705) Using 8 workers of 8 for evacuation
[2025-12-25T03:29:17.757+0000][gc,phases   ] GC(705)   Pre Evacuate Collection Set: 1.0ms
[2025-12-25T03:29:17.757+0000][gc,phases   ] GC(705)   Merge Heap Roots: 0.3ms
[2025-12-25T03:29:17.757+0000][gc,phases   ] GC(705)   Evacuate Collection Set: 11.9ms
[2025-12-25T03:29:17.757+0000][gc,phases   ] GC(705)   Post Evacuate Collection Set: 1.0ms
[2025-12-25T03:29:17.757+0000][gc,phases   ] GC(705)   Other: 0.2ms
[2025-12-25T03:29:17.757+0000][gc,heap     ] GC(705) Eden regions: 606->0(604)
[2025-12-25T03:29:17.757+0000][gc,heap     ] GC(705) Survivor regions: 8->10(77)
[2025-12-25T03:29:17.757+0000][gc,heap     ] GC(705) Old regions: 166->166
[2025-12-25T03:29:17.757+0000][gc,heap     ] GC(705) Humongous regions: 151->151
[2025-12-25T03:29:17.758+0000][gc,metaspace] GC(705) Metaspace: 15688K(16064K)->15688K(16064K) NonClass: 14053K(14144K)->14053K(14144K) Class: 1634K(1920K)->1634K(1920K)
[2025-12-25T03:29:17.758+0000][gc          ] GC(705) Pause Young (Normal) (G1 Evacuation Pause) 930M->325M(1024M) 15.368ms
[2025-12-25T03:29:17.758+0000][gc,cpu      ] GC(705) User=0.10s Sys=0.00s Real=0.02s
[2025-12-25T03:29:57.385+0000][gc,start    ] GC(706) Pause Young (Normal) (G1 Evacuation Pause)
[2025-12-25T03:29:57.385+0000][gc,task     ] GC(706) Using 8 workers of 8 for evacuation
[2025-12-25T03:29:57.401+0000][gc,phases   ] GC(706)   Pre Evacuate Collection Set: 1.1ms
[2025-12-25T03:29:57.401+0000][gc,phases   ] GC(706)   Merge Heap Roots: 0.3ms
[2025-12-25T03:29:57.402+0000][gc,phases   ] GC(706)   Evacuate Collection Set: 12.1ms
[2025-12-25T03:29:57.402+0000][gc,phases   ] GC(706)   Post Evacuate Collection Set: 1.9ms
[2025-12-25T03:29:57.404+0000][gc,phases   ] GC(706)   Other: 0.4ms
[2025-12-25T03:29:57.404+0000][gc,heap     ] GC(706) Eden regions: 604->0(605)
[2025-12-25T03:29:57.404+0000][gc,heap     ] GC(706) Survivor regions: 10->9(77)
[2025-12-25T03:29:57.404+0000][gc,heap     ] GC(706) Old regions: 166->167
[2025-12-25T03:29:57.405+0000][gc,heap     ] GC(706) Humongous regions: 151->151
[2025-12-25T03:29:57.405+0000][gc,metaspace] GC(706) Metaspace: 15688K(16064K)->15688K(16064K) NonClass: 14053K(14144K)->14053K(14144K) Class: 1634K(1920K)->1634K(1920K)
[2025-12-25T03:29:57.405+0000][gc          ] GC(706) Pause Young (Normal) (G1 Evacuation Pause) 929M->325M(1024M) 19.995ms
[2025-12-25T03:29:57.405+0000][gc,cpu      ] GC(706) User=0.11s Sys=0.00s Real=0.02s
[2025-12-25T03:30:27.579+0000][gc,start    ] GC(707) Pause Young (Normal) (G1 Evacuation Pause)
[2025-12-25T03:30:27.579+0000][gc,task     ] GC(707) Using 8 workers of 8 for evacuation
[2025-12-25T03:30:27.596+0000][gc,phases   ] GC(707)   Pre Evacuate Collection Set: 1.2ms
[2025-12-25T03:30:27.596+0000][gc,phases   ] GC(707)   Merge Heap Roots: 0.4ms
[2025-12-25T03:30:27.596+0000][gc,phases   ] GC(707)   Evacuate Collection Set: 13.5ms
[2025-12-25T03:30:27.596+0000][gc,phases   ] GC(707)   Post Evacuate Collection Set: 1.3ms
[2025-12-25T03:30:27.596+0000][gc,phases   ] GC(707)   Other: 0.2ms
[2025-12-25T03:30:27.596+0000][gc,heap     ] GC(707) Eden regions: 605->0(603)
[2025-12-25T03:30:27.596+0000][gc,heap     ] GC(707) Survivor regions: 9->11(77)
[2025-12-25T03:30:27.596+0000][gc,heap     ] GC(707) Old regions: 167->167
[2025-12-25T03:30:27.596+0000][gc,heap     ] GC(707) Humongous regions: 151->151
[2025-12-25T03:30:27.596+0000][gc,metaspace] GC(707) Metaspace: 15688K(16064K)->15688K(16064K) NonClass: 14053K(14144K)->14053K(14144K) Class: 1634K(1920K)->1634K(1920K)
[2025-12-25T03:30:27.597+0000][gc          ] GC(707) Pause Young (Normal) (G1 Evacuation Pause) 930M->327M(1024M) 18.145ms
[2025-12-25T03:30:27.597+0000][gc,cpu      ] GC(707) User=0.11s Sys=0.00s Real=0.02s
[2025-12-25T03:31:07.282+0000][gc,start    ] GC(708) Pause Young (Normal) (G1 Evacuation Pause)
[2025-12-25T03:31:07.284+0000][gc,task     ] GC(708) Using 8 workers of 8 for evacuation
[2025-12-25T03:31:07.320+0000][gc,phases   ] GC(708)   Pre Evacuate Collection Set: 1.7ms
[2025-12-25T03:31:07.320+0000][gc,phases   ] GC(708)   Merge Heap Roots: 0.4ms
[2025-12-25T03:31:07.320+0000][gc,phases   ] GC(708)   Evacuate Collection Set: 32.2ms
[2025-12-25T03:31:07.320+0000][gc,phases   ] GC(708)   Post Evacuate Collection Set: 1.6ms
[2025-12-25T03:31:07.321+0000][gc,phases   ] GC(708)   Other: 0.9ms
[2025-12-25T03:31:07.321+0000][gc,heap     ] GC(708) Eden regions: 603->0(608)
[2025-12-25T03:31:07.321+0000][gc,heap     ] GC(708) Survivor regions: 11->6(77)
[2025-12-25T03:31:07.321+0000][gc,heap     ] GC(708) Old regions: 167->167
[2025-12-25T03:31:07.321+0000][gc,heap     ] GC(708) Humongous regions: 151->151
[2025-12-25T03:31:07.321+0000][gc,metaspace] GC(708) Metaspace: 15688K(16064K)->15688K(16064K) NonClass: 14053K(14144K)->14053K(14144K) Class: 1634K(1920K)->1634K(1920K)
[2025-12-25T03:31:07.321+0000][gc          ] GC(708) Pause Young (Normal) (G1 Evacuation Pause) 930M->322M(1024M) 38.606ms
[2025-12-25T03:31:07.321+0000][gc,cpu      ] GC(708) User=0.21s Sys=0.02s Real=0.04s
[2025-12-25T03:31:37.497+0000][gc,start    ] GC(709) Pause Young (Normal) (G1 Evacuation Pause)
[2025-12-25T03:31:37.498+0000][gc,task     ] GC(709) Using 8 workers of 8 for evacuation
[2025-12-25T03:31:37.517+0000][gc,phases   ] GC(709)   Pre Evacuate Collection Set: 4.3ms
[2025-12-25T03:31:37.517+0000][gc,phases   ] GC(709)   Merge Heap Roots: 1.0ms
[2025-12-25T03:31:37.517+0000][gc,phases   ] GC(709)   Evacuate Collection Set: 11.9ms
[2025-12-25T03:31:37.517+0000][gc,phases   ] GC(709)   Post Evacuate Collection Set: 1.3ms
[2025-12-25T03:31:37.517+0000][gc,phases   ] GC(709)   Other: 0.5ms
[2025-12-25T03:31:37.517+0000][gc,heap     ] GC(709) Eden regions: 608->0(607)
[2025-12-25T03:31:37.517+0000][gc,heap     ] GC(709) Survivor regions: 6->7(77)
[2025-12-25T03:31:37.517+0000][gc,heap     ] GC(709) Old regions: 167->167
[2025-12-25T03:31:37.517+0000][gc,heap     ] GC(709) Humongous regions: 151->151
[2025-12-25T03:31:37.517+0000][gc,metaspace] GC(709) Metaspace: 15688K(16064K)->15688K(16064K) NonClass: 14053K(14144K)->14053K(14144K) Class: 1634K(1920K)->1634K(1920K)
[2025-12-25T03:31:37.518+0000][gc          ] GC(709) Pause Young (Normal) (G1 Evacuation Pause) 930M->324M(1024M) 20.415ms
[2025-12-25T03:31:37.518+0000][gc,cpu      ] GC(709) User=0.12s Sys=0.00s Real=0.02s
[2025-12-25T03:32:17.151+0000][gc,start    ] GC(710) Pause Young (Normal) (G1 Evacuation Pause)
[2025-12-25T03:32:17.151+0000][gc,task     ] GC(710) Using 8 workers of 8 for evacuation
[2025-12-25T03:32:17.164+0000][gc,phases   ] GC(710)   Pre Evacuate Collection Set: 1.4ms
[2025-12-25T03:32:17.164+0000][gc,phases   ] GC(710)   Merge Heap Roots: 0.4ms
[2025-12-25T03:32:17.164+0000][gc,phases   ] GC(710)   Evacuate Collection Set: 8.9ms
[2025-12-25T03:32:17.164+0000][gc,phases   ] GC(710)   Post Evacuate Collection Set: 1.5ms
[2025-12-25T03:32:17.165+0000][gc,phases   ] GC(710)   Other: 0.3ms
[2025-12-25T03:32:17.165+0000][gc,heap     ] GC(710) Eden regions: 607->0(608)
[2025-12-25T03:32:17.165+0000][gc,heap     ] GC(710) Survivor regions: 7->6(77)
[2025-12-25T03:32:17.165+0000][gc,heap     ] GC(710) Old regions: 167->167
[2025-12-25T03:32:17.165+0000][gc,heap     ] GC(710) Humongous regions: 151->151
[2025-12-25T03:32:17.165+0000][gc,metaspace] GC(710) Metaspace: 15688K(16064K)->15688K(16064K) NonClass: 14053K(14144K)->14053K(14144K) Class: 1634K(1920K)->1634K(1920K)
[2025-12-25T03:32:17.166+0000][gc          ] GC(710) Pause Young (Normal) (G1 Evacuation Pause) 931M->323M(1024M) 14.712ms
[2025-12-25T03:32:17.166+0000][gc,cpu      ] GC(710) User=0.08s Sys=0.00s Real=0.02s
[2025-12-25T03:32:47.444+0000][gc,start    ] GC(711) Pause Young (Normal) (G1 Evacuation Pause)
[2025-12-25T03:32:47.445+0000][gc,task     ] GC(711) Using 8 workers of 8 for evacuation
[2025-12-25T03:32:47.468+0000][gc,phases   ] GC(711)   Pre Evacuate Collection Set: 1.2ms
[2025-12-25T03:32:47.468+0000][gc,phases   ] GC(711)   Merge Heap Roots: 0.3ms
[2025-12-25T03:32:47.468+0000][gc,phases   ] GC(711)   Evacuate Collection Set: 19.6ms
[2025-12-25T03:32:47.468+0000][gc,phases   ] GC(711)   Post Evacuate Collection Set: 1.0ms
[2025-12-25T03:32:47.468+0000][gc,phases   ] GC(711)   Other: 0.3ms
[2025-12-25T03:32:47.468+0000][gc,heap     ] GC(711) Eden regions: 608->0(606)
[2025-12-25T03:32:47.468+0000][gc,heap     ] GC(711) Survivor regions: 6->8(77)
[2025-12-25T03:32:47.468+0000][gc,heap     ] GC(711) Old regions: 167->168
[2025-12-25T03:32:47.468+0000][gc,heap     ] GC(711) Humongous regions: 151->151
[2025-12-25T03:32:47.468+0000][gc,metaspace] GC(711) Metaspace: 15688K(16064K)->15688K(16064K) NonClass: 14053K(14144K)->14053K(14144K) Class: 1634K(1920K)->1634K(1920K)
[2025-12-25T03:32:47.468+0000][gc          ] GC(711) Pause Young (Normal) (G1 Evacuation Pause) 931M->325M(1024M) 24.467ms
[2025-12-25T03:32:47.468+0000][gc,cpu      ] GC(711) User=0.16s Sys=0.00s Real=0.03s
[2025-12-25T03:33:17.702+0000][gc,start    ] GC(712) Pause Young (Normal) (G1 Evacuation Pause)
[2025-12-25T03:33:17.702+0000][gc,task     ] GC(712) Using 8 workers of 8 for evacuation
[2025-12-25T03:33:17.722+0000][gc,phases   ] GC(712)   Pre Evacuate Collection Set: 2.5ms
[2025-12-25T03:33:17.722+0000][gc,phases   ] GC(712)   Merge Heap Roots: 1.0ms
[2025-12-25T03:33:17.723+0000][gc,phases   ] GC(712)   Evacuate Collection Set: 14.7ms
[2025-12-25T03:33:17.723+0000][gc,phases   ] GC(712)   Post Evacuate Collection Set: 1.2ms
[2025-12-25T03:33:17.723+0000][gc,phases   ] GC(712)   Other: 0.7ms
[2025-12-25T03:33:17.723+0000][gc,heap     ] GC(712) Eden regions: 606->0(605)
[2025-12-25T03:33:17.723+0000][gc,heap     ] GC(712) Survivor regions: 8->9(77)
[2025-12-25T03:33:17.723+0000][gc,heap     ] GC(712) Old regions: 168->168
[2025-12-25T03:33:17.723+0000][gc,heap     ] GC(712) Humongous regions: 151->151
[2025-12-25T03:33:17.723+0000][gc,metaspace] GC(712) Metaspace: 15688K(16064K)->15688K(16064K) NonClass: 14053K(14144K)->14053K(14144K) Class: 1634K(1920K)->1634K(1920K)
[2025-12-25T03:33:17.723+0000][gc          ] GC(712) Pause Young (Normal) (G1 Evacuation Pause) 931M->327M(1024M) 21.441ms
[2025-12-25T03:33:17.723+0000][gc,cpu      ] GC(712) User=0.13s Sys=0.00s Real=0.03s
[2025-12-25T03:33:57.440+0000][gc,start    ] GC(713) Pause Young (Normal) (G1 Evacuation Pause)
[2025-12-25T03:33:57.440+0000][gc,task     ] GC(713) Using 8 workers of 8 for evacuation
[2025-12-25T03:33:57.466+0000][gc,phases   ] GC(713)   Pre Evacuate Collection Set: 1.2ms
[2025-12-25T03:33:57.466+0000][gc,phases   ] GC(713)   Merge Heap Roots: 0.6ms
[2025-12-25T03:33:57.466+0000][gc,phases   ] GC(713)   Evacuate Collection Set: 21.3ms
[2025-12-25T03:33:57.466+0000][gc,phases   ] GC(713)   Post Evacuate Collection Set: 2.0ms
[2025-12-25T03:33:57.466+0000][gc,phases   ] GC(713)   Other: 0.4ms
[2025-12-25T03:33:57.466+0000][gc,heap     ] GC(713) Eden regions: 605->0(605)
[2025-12-25T03:33:57.466+0000][gc,heap     ] GC(713) Survivor regions: 9->9(77)
[2025-12-25T03:33:57.467+0000][gc,heap     ] GC(713) Old regions: 168->168
[2025-12-25T03:33:57.467+0000][gc,heap     ] GC(713) Humongous regions: 151->151
[2025-12-25T03:33:57.467+0000][gc,metaspace] GC(713) Metaspace: 15688K(16064K)->15688K(16064K) NonClass: 14053K(14144K)->14053K(14144K) Class: 1634K(1920K)->1634K(1920K)
[2025-12-25T03:33:57.467+0000][gc          ] GC(713) Pause Young (Normal) (G1 Evacuation Pause) 932M->327M(1024M) 27.110ms
[2025-12-25T03:33:57.467+0000][gc,cpu      ] GC(713) User=0.16s Sys=0.00s Real=0.03s
[2025-12-25T03:34:27.637+0000][gc,start    ] GC(714) Pause Young (Normal) (G1 Evacuation Pause)
[2025-12-25T03:34:27.638+0000][gc,task     ] GC(714) Using 8 workers of 8 for evacuation
[2025-12-25T03:34:27.657+0000][gc,phases   ] GC(714)   Pre Evacuate Collection Set: 1.1ms
[2025-12-25T03:34:27.657+0000][gc,phases   ] GC(714)   Merge Heap Roots: 0.3ms
[2025-12-25T03:34:27.658+0000][gc,phases   ] GC(714)   Evacuate Collection Set: 16.9ms
[2025-12-25T03:34:27.658+0000][gc,phases   ] GC(714)   Post Evacuate Collection Set: 1.1ms
[2025-12-25T03:34:27.658+0000][gc,phases   ] GC(714)   Other: 0.3ms
[2025-12-25T03:34:27.658+0000][gc,heap     ] GC(714) Eden regions: 605->0(604)
[2025-12-25T03:34:27.658+0000][gc,heap     ] GC(714) Survivor regions: 9->10(77)
[2025-12-25T03:34:27.658+0000][gc,heap     ] GC(714) Old regions: 168->168
[2025-12-25T03:34:27.658+0000][gc,heap     ] GC(714) Humongous regions: 151->151
[2025-12-25T03:34:27.658+0000][gc,metaspace] GC(714) Metaspace: 15688K(16064K)->15688K(16064K) NonClass: 14053K(14144K)->14053K(14144K) Class: 1634K(1920K)->1634K(1920K)
[2025-12-25T03:34:27.658+0000][gc          ] GC(714) Pause Young (Normal) (G1 Evacuation Pause) 932M->328M(1024M) 20.794ms
[2025-12-25T03:34:27.658+0000][gc,cpu      ] GC(714) User=0.12s Sys=0.01s Real=0.02s
[2025-12-25T03:35:07.198+0000][gc,start    ] GC(715) Pause Young (Normal) (G1 Evacuation Pause)
[2025-12-25T03:35:07.199+0000][gc,task     ] GC(715) Using 8 workers of 8 for evacuation
[2025-12-25T03:35:07.213+0000][gc,phases   ] GC(715)   Pre Evacuate Collection Set: 1.1ms
[2025-12-25T03:35:07.214+0000][gc,phases   ] GC(715)   Merge Heap Roots: 0.3ms
[2025-12-25T03:35:07.214+0000][gc,phases   ] GC(715)   Evacuate Collection Set: 11.8ms
[2025-12-25T03:35:07.214+0000][gc,phases   ] GC(715)   Post Evacuate Collection Set: 1.4ms
[2025-12-25T03:35:07.214+0000][gc,phases   ] GC(715)   Other: 0.3ms
[2025-12-25T03:35:07.214+0000][gc,heap     ] GC(715) Eden regions: 604->0(609)
[2025-12-25T03:35:07.214+0000][gc,heap     ] GC(715) Survivor regions: 10->5(77)
[2025-12-25T03:35:07.214+0000][gc,heap     ] GC(715) Old regions: 168->169
[2025-12-25T03:35:07.214+0000][gc,heap     ] GC(715) Humongous regions: 151->151
[2025-12-25T03:35:07.214+0000][gc,metaspace] GC(715) Metaspace: 15688K(16064K)->15688K(16064K) NonClass: 14053K(14144K)->14053K(14144K) Class: 1634K(1920K)->1634K(1920K)
[2025-12-25T03:35:07.214+0000][gc          ] GC(715) Pause Young (Normal) (G1 Evacuation Pause) 932M->323M(1024M) 16.025ms
[2025-12-25T03:35:07.214+0000][gc,cpu      ] GC(715) User=0.09s Sys=0.00s Real=0.01s
[2025-12-25T03:35:37.720+0000][gc,start    ] GC(716) Pause Young (Normal) (G1 Evacuation Pause)
[2025-12-25T03:35:37.721+0000][gc,task     ] GC(716) Using 8 workers of 8 for evacuation
[2025-12-25T03:35:37.738+0000][gc,phases   ] GC(716)   Pre Evacuate Collection Set: 1.0ms
[2025-12-25T03:35:37.738+0000][gc,phases   ] GC(716)   Merge Heap Roots: 0.3ms
[2025-12-25T03:35:37.738+0000][gc,phases   ] GC(716)   Evacuate Collection Set: 13.9ms
[2025-12-25T03:35:37.738+0000][gc,phases   ] GC(716)   Post Evacuate Collection Set: 1.3ms
[2025-12-25T03:35:37.738+0000][gc,phases   ] GC(716)   Other: 0.3ms
[2025-12-25T03:35:37.738+0000][gc,heap     ] GC(716) Eden regions: 609->0(607)
[2025-12-25T03:35:37.738+0000][gc,heap     ] GC(716) Survivor regions: 5->7(77)
[2025-12-25T03:35:37.738+0000][gc,heap     ] GC(716) Old regions: 169->169
[2025-12-25T03:35:37.738+0000][gc,heap     ] GC(716) Humongous regions: 151->151
[2025-12-25T03:35:37.738+0000][gc,metaspace] GC(716) Metaspace: 15688K(16064K)->15688K(16064K) NonClass: 14053K(14144K)->14053K(14144K) Class: 1634K(1920K)->1634K(1920K)
[2025-12-25T03:35:37.738+0000][gc          ] GC(716) Pause Young (Normal) (G1 Evacuation Pause) 932M->325M(1024M) 18.191ms
[2025-12-25T03:35:37.738+0000][gc,cpu      ] GC(716) User=0.11s Sys=0.00s Real=0.02s
[2025-12-25T03:36:17.109+0000][gc,start    ] GC(717) Pause Young (Normal) (G1 Evacuation Pause)
[2025-12-25T03:36:17.110+0000][gc,task     ] GC(717) Using 8 workers of 8 for evacuation
[2025-12-25T03:36:17.128+0000][gc,phases   ] GC(717)   Pre Evacuate Collection Set: 1.4ms
[2025-12-25T03:36:17.129+0000][gc,phases   ] GC(717)   Merge Heap Roots: 0.4ms
[2025-12-25T03:36:17.129+0000][gc,phases   ] GC(717)   Evacuate Collection Set: 14.8ms
[2025-12-25T03:36:17.129+0000][gc,phases   ] GC(717)   Post Evacuate Collection Set: 1.3ms
[2025-12-25T03:36:17.129+0000][gc,phases   ] GC(717)   Other: 0.4ms
[2025-12-25T03:36:17.129+0000][gc,heap     ] GC(717) Eden regions: 607->0(609)
[2025-12-25T03:36:17.129+0000][gc,heap     ] GC(717) Survivor regions: 7->5(77)
[2025-12-25T03:36:17.129+0000][gc,heap     ] GC(717) Old regions: 169->169
[2025-12-25T03:36:17.129+0000][gc,heap     ] GC(717) Humongous regions: 151->151
[2025-12-25T03:36:17.129+0000][gc,metaspace] GC(717) Metaspace: 15688K(16064K)->15688K(16064K) NonClass: 14053K(14144K)->14053K(14144K) Class: 1634K(1920K)->1634K(1920K)
[2025-12-25T03:36:17.129+0000][gc          ] GC(717) Pause Young (Normal) (G1 Evacuation Pause) 932M->324M(1024M) 19.826ms
[2025-12-25T03:36:17.129+0000][gc,cpu      ] GC(717) User=0.13s Sys=0.00s Real=0.02s
[2025-12-25T03:36:47.426+0000][gc,start    ] GC(718) Pause Young (Normal) (G1 Evacuation Pause)
[2025-12-25T03:36:47.426+0000][gc,task     ] GC(718) Using 8 workers of 8 for evacuation
[2025-12-25T03:36:47.440+0000][gc,phases   ] GC(718)   Pre Evacuate Collection Set: 1.0ms
[2025-12-25T03:36:47.440+0000][gc,phases   ] GC(718)   Merge Heap Roots: 0.4ms
[2025-12-25T03:36:47.440+0000][gc,phases   ] GC(718)   Evacuate Collection Set: 10.6ms
[2025-12-25T03:36:47.440+0000][gc,phases   ] GC(718)   Post Evacuate Collection Set: 1.0ms
[2025-12-25T03:36:47.440+0000][gc,phases   ] GC(718)   Other: 0.3ms
[2025-12-25T03:36:47.440+0000][gc,heap     ] GC(718) Eden regions: 609->0(607)
[2025-12-25T03:36:47.440+0000][gc,heap     ] GC(718) Survivor regions: 5->7(77)
[2025-12-25T03:36:47.440+0000][gc,heap     ] GC(718) Old regions: 169->169
[2025-12-25T03:36:47.440+0000][gc,heap     ] GC(718) Humongous regions: 151->151
[2025-12-25T03:36:47.440+0000][gc,metaspace] GC(718) Metaspace: 15688K(16064K)->15688K(16064K) NonClass: 14053K(14144K)->14053K(14144K) Class: 1634K(1920K)->1634K(1920K)
[2025-12-25T03:36:47.440+0000][gc          ] GC(718) Pause Young (Normal) (G1 Evacuation Pause) 933M->326M(1024M) 14.522ms
[2025-12-25T03:36:47.441+0000][gc,cpu      ] GC(718) User=0.09s Sys=0.00s Real=0.01s
[2025-12-25T03:37:17.716+0000][gc,start    ] GC(719) Pause Young (Normal) (G1 Evacuation Pause)
[2025-12-25T03:37:17.717+0000][gc,task     ] GC(719) Using 8 workers of 8 for evacuation
[2025-12-25T03:37:17.739+0000][gc,phases   ] GC(719)   Pre Evacuate Collection Set: 1.7ms
[2025-12-25T03:37:17.739+0000][gc,phases   ] GC(719)   Merge Heap Roots: 0.7ms
[2025-12-25T03:37:17.739+0000][gc,phases   ] GC(719)   Evacuate Collection Set: 18.5ms
[2025-12-25T03:37:17.739+0000][gc,phases   ] GC(719)   Post Evacuate Collection Set: 1.0ms
[2025-12-25T03:37:17.739+0000][gc,phases   ] GC(719)   Other: 0.3ms
[2025-12-25T03:37:17.739+0000][gc,heap     ] GC(719) Eden regions: 607->0(605)
[2025-12-25T03:37:17.739+0000][gc,heap     ] GC(719) Survivor regions: 7->9(77)
[2025-12-25T03:37:17.739+0000][gc,heap     ] GC(719) Old regions: 169->170
[2025-12-25T03:37:17.739+0000][gc,heap     ] GC(719) Humongous regions: 151->151
[2025-12-25T03:37:17.739+0000][gc,metaspace] GC(719) Metaspace: 15688K(16064K)->15688K(16064K) NonClass: 14053K(14144K)->14053K(14144K) Class: 1634K(1920K)->1634K(1920K)
[2025-12-25T03:37:17.740+0000][gc          ] GC(719) Pause Young (Normal) (G1 Evacuation Pause) 933M->328M(1024M) 24.093ms
[2025-12-25T03:37:17.740+0000][gc,cpu      ] GC(719) User=0.16s Sys=0.00s Real=0.02s
[2025-12-25T03:37:57.271+0000][gc,start    ] GC(720) Pause Young (Normal) (G1 Evacuation Pause)
[2025-12-25T03:37:57.271+0000][gc,task     ] GC(720) Using 8 workers of 8 for evacuation
[2025-12-25T03:37:57.295+0000][gc,phases   ] GC(720)   Pre Evacuate Collection Set: 1.1ms
[2025-12-25T03:37:57.295+0000][gc,phases   ] GC(720)   Merge Heap Roots: 0.4ms
[2025-12-25T03:37:57.295+0000][gc,phases   ] GC(720)   Evacuate Collection Set: 20.6ms
[2025-12-25T03:37:57.295+0000][gc,phases   ] GC(720)   Post Evacuate Collection Set: 1.2ms
[2025-12-25T03:37:57.295+0000][gc,phases   ] GC(720)   Other: 0.2ms
[2025-12-25T03:37:57.295+0000][gc,heap     ] GC(720) Eden regions: 605->0(606)
[2025-12-25T03:37:57.295+0000][gc,heap     ] GC(720) Survivor regions: 9->8(77)
[2025-12-25T03:37:57.295+0000][gc,heap     ] GC(720) Old regions: 170->170
[2025-12-25T03:37:57.295+0000][gc,heap     ] GC(720) Humongous regions: 151->151
[2025-12-25T03:37:57.296+0000][gc,metaspace] GC(720) Metaspace: 15688K(16064K)->15688K(16064K) NonClass: 14053K(14144K)->14053K(14144K) Class: 1634K(1920K)->1634K(1920K)
[2025-12-25T03:37:57.296+0000][gc          ] GC(720) Pause Young (Normal) (G1 Evacuation Pause) 933M->327M(1024M) 24.796ms
[2025-12-25T03:37:57.296+0000][gc,cpu      ] GC(720) User=0.17s Sys=0.00s Real=0.02s
[2025-12-25T03:38:27.575+0000][gc,start    ] GC(721) Pause Young (Normal) (G1 Evacuation Pause)
[2025-12-25T03:38:27.580+0000][gc,task     ] GC(721) Using 8 workers of 8 for evacuation
[2025-12-25T03:38:27.618+0000][gc,phases   ] GC(721)   Pre Evacuate Collection Set: 2.3ms
[2025-12-25T03:38:27.618+0000][gc,phases   ] GC(721)   Merge Heap Roots: 0.4ms
[2025-12-25T03:38:27.618+0000][gc,phases   ] GC(721)   Evacuate Collection Set: 28.2ms
[2025-12-25T03:38:27.618+0000][gc,phases   ] GC(721)   Post Evacuate Collection Set: 5.2ms
[2025-12-25T03:38:27.618+0000][gc,phases   ] GC(721)   Other: 2.5ms
[2025-12-25T03:38:27.618+0000][gc,heap     ] GC(721) Eden regions: 606->0(604)
[2025-12-25T03:38:27.618+0000][gc,heap     ] GC(721) Survivor regions: 8->10(77)
[2025-12-25T03:38:27.618+0000][gc,heap     ] GC(721) Old regions: 170->170
[2025-12-25T03:38:27.618+0000][gc,heap     ] GC(721) Humongous regions: 151->151
[2025-12-25T03:38:27.618+0000][gc,metaspace] GC(721) Metaspace: 15688K(16064K)->15688K(16064K) NonClass: 14053K(14144K)->14053K(14144K) Class: 1634K(1920K)->1634K(1920K)
[2025-12-25T03:38:27.618+0000][gc          ] GC(721) Pause Young (Normal) (G1 Evacuation Pause) 933M->330M(1024M) 43.575ms
[2025-12-25T03:38:27.618+0000][gc,cpu      ] GC(721) User=0.25s Sys=0.01s Real=0.05s
[2025-12-25T03:39:07.173+0000][gc,start    ] GC(722) Pause Young (Normal) (G1 Evacuation Pause)
[2025-12-25T03:39:07.173+0000][gc,task     ] GC(722) Using 8 workers of 8 for evacuation
[2025-12-25T03:39:07.184+0000][gc,phases   ] GC(722)   Pre Evacuate Collection Set: 0.9ms
[2025-12-25T03:39:07.184+0000][gc,phases   ] GC(722)   Merge Heap Roots: 0.3ms
[2025-12-25T03:39:07.184+0000][gc,phases   ] GC(722)   Evacuate Collection Set: 8.2ms
[2025-12-25T03:39:07.184+0000][gc,phases   ] GC(722)   Post Evacuate Collection Set: 1.0ms
[2025-12-25T03:39:07.184+0000][gc,phases   ] GC(722)   Other: 0.2ms
[2025-12-25T03:39:07.184+0000][gc,heap     ] GC(722) Eden regions: 604->0(605)
[2025-12-25T03:39:07.184+0000][gc,heap     ] GC(722) Survivor regions: 10->9(77)
[2025-12-25T03:39:07.184+0000][gc,heap     ] GC(722) Old regions: 170->170
[2025-12-25T03:39:07.184+0000][gc,heap     ] GC(722) Humongous regions: 151->151
[2025-12-25T03:39:07.184+0000][gc,metaspace] GC(722) Metaspace: 15691K(16064K)->15691K(16064K) NonClass: 14057K(14144K)->14057K(14144K) Class: 1634K(1920K)->1634K(1920K)
[2025-12-25T03:39:07.184+0000][gc          ] GC(722) Pause Young (Normal) (G1 Evacuation Pause) 934M->329M(1024M) 11.473ms
[2025-12-25T03:39:07.184+0000][gc,cpu      ] GC(722) User=0.07s Sys=0.00s Real=0.01s
[2025-12-25T03:39:37.470+0000][gc,start    ] GC(723) Pause Young (Normal) (G1 Evacuation Pause)
[2025-12-25T03:39:37.471+0000][gc,task     ] GC(723) Using 8 workers of 8 for evacuation
[2025-12-25T03:39:37.493+0000][gc,phases   ] GC(723)   Pre Evacuate Collection Set: 3.3ms
[2025-12-25T03:39:37.493+0000][gc,phases   ] GC(723)   Merge Heap Roots: 1.3ms
[2025-12-25T03:39:37.493+0000][gc,phases   ] GC(723)   Evacuate Collection Set: 13.4ms
[2025-12-25T03:39:37.493+0000][gc,phases   ] GC(723)   Post Evacuate Collection Set: 3.6ms
[2025-12-25T03:39:37.493+0000][gc,phases   ] GC(723)   Other: 0.7ms
[2025-12-25T03:39:37.493+0000][gc,heap     ] GC(723) Eden regions: 605->0(608)
[2025-12-25T03:39:37.493+0000][gc,heap     ] GC(723) Survivor regions: 9->6(77)
[2025-12-25T03:39:37.493+0000][gc,heap     ] GC(723) Old regions: 170->171
[2025-12-25T03:39:37.493+0000][gc,heap     ] GC(723) Humongous regions: 151->151
[2025-12-25T03:39:37.493+0000][gc,metaspace] GC(723) Metaspace: 15691K(16064K)->15691K(16064K) NonClass: 14057K(14144K)->14057K(14144K) Class: 1634K(1920K)->1634K(1920K)
[2025-12-25T03:39:37.493+0000][gc          ] GC(723) Pause Young (Normal) (G1 Evacuation Pause) 934M->327M(1024M) 23.541ms
[2025-12-25T03:39:37.494+0000][gc,cpu      ] GC(723) User=0.09s Sys=0.03s Real=0.03s
[2025-12-25T03:40:07.698+0000][gc,start    ] GC(724) Pause Young (Normal) (G1 Evacuation Pause)
[2025-12-25T03:40:07.699+0000][gc,task     ] GC(724) Using 8 workers of 8 for evacuation
[2025-12-25T03:40:07.714+0000][gc,phases   ] GC(724)   Pre Evacuate Collection Set: 1.5ms
[2025-12-25T03:40:07.715+0000][gc,phases   ] GC(724)   Merge Heap Roots: 1.1ms
[2025-12-25T03:40:07.715+0000][gc,phases   ] GC(724)   Evacuate Collection Set: 10.5ms
[2025-12-25T03:40:07.715+0000][gc,phases   ] GC(724)   Post Evacuate Collection Set: 1.9ms
[2025-12-25T03:40:07.715+0000][gc,phases   ] GC(724)   Other: 0.8ms
[2025-12-25T03:40:07.715+0000][gc,heap     ] GC(724) Eden regions: 608->0(607)
[2025-12-25T03:40:07.715+0000][gc,heap     ] GC(724) Survivor regions: 6->7(77)
[2025-12-25T03:40:07.715+0000][gc,heap     ] GC(724) Old regions: 171->171
[2025-12-25T03:40:07.715+0000][gc,heap     ] GC(724) Humongous regions: 151->151
[2025-12-25T03:40:07.715+0000][gc,metaspace] GC(724) Metaspace: 15691K(16064K)->15691K(16064K) NonClass: 14057K(14144K)->14057K(14144K) Class: 1634K(1920K)->1634K(1920K)
[2025-12-25T03:40:07.715+0000][gc          ] GC(724) Pause Young (Normal) (G1 Evacuation Pause) 935M->328M(1024M) 17.349ms
[2025-12-25T03:40:07.716+0000][gc,cpu      ] GC(724) User=0.10s Sys=0.00s Real=0.02s
[2025-12-25T03:40:47.355+0000][gc,start    ] GC(725) Pause Young (Normal) (G1 Evacuation Pause)
[2025-12-25T03:40:47.355+0000][gc,task     ] GC(725) Using 8 workers of 8 for evacuation
[2025-12-25T03:40:47.367+0000][gc,phases   ] GC(725)   Pre Evacuate Collection Set: 1.2ms
[2025-12-25T03:40:47.367+0000][gc,phases   ] GC(725)   Merge Heap Roots: 0.3ms
[2025-12-25T03:40:47.367+0000][gc,phases   ] GC(725)   Evacuate Collection Set: 9.1ms
[2025-12-25T03:40:47.367+0000][gc,phases   ] GC(725)   Post Evacuate Collection Set: 1.1ms
[2025-12-25T03:40:47.367+0000][gc,phases   ] GC(725)   Other: 0.2ms
[2025-12-25T03:40:47.367+0000][gc,heap     ] GC(725) Eden regions: 607->0(607)
[2025-12-25T03:40:47.368+0000][gc,heap     ] GC(725) Survivor regions: 7->7(77)
[2025-12-25T03:40:47.368+0000][gc,heap     ] GC(725) Old regions: 171->171
[2025-12-25T03:40:47.368+0000][gc,heap     ] GC(725) Humongous regions: 151->151
[2025-12-25T03:40:47.368+0000][gc,metaspace] GC(725) Metaspace: 15691K(16064K)->15691K(16064K) NonClass: 14057K(14144K)->14057K(14144K) Class: 1634K(1920K)->1634K(1920K)
[2025-12-25T03:40:47.368+0000][gc          ] GC(725) Pause Young (Normal) (G1 Evacuation Pause) 935M->328M(1024M) 13.072ms
[2025-12-25T03:40:47.368+0000][gc,cpu      ] GC(725) User=0.08s Sys=0.00s Real=0.01s
[2025-12-25T03:41:17.700+0000][gc,start    ] GC(726) Pause Young (Normal) (G1 Evacuation Pause)
[2025-12-25T03:41:17.701+0000][gc,task     ] GC(726) Using 8 workers of 8 for evacuation
[2025-12-25T03:41:17.721+0000][gc,phases   ] GC(726)   Pre Evacuate Collection Set: 1.1ms
[2025-12-25T03:41:17.721+0000][gc,phases   ] GC(726)   Merge Heap Roots: 0.3ms
[2025-12-25T03:41:17.721+0000][gc,phases   ] GC(726)   Evacuate Collection Set: 17.5ms
[2025-12-25T03:41:17.721+0000][gc,phases   ] GC(726)   Post Evacuate Collection Set: 1.0ms
[2025-12-25T03:41:17.721+0000][gc,phases   ] GC(726)   Other: 0.3ms
[2025-12-25T03:41:17.721+0000][gc,heap     ] GC(726) Eden regions: 607->0(605)
[2025-12-25T03:41:17.721+0000][gc,heap     ] GC(726) Survivor regions: 7->9(77)
[2025-12-25T03:41:17.721+0000][gc,heap     ] GC(726) Old regions: 171->171
[2025-12-25T03:41:17.721+0000][gc,heap     ] GC(726) Humongous regions: 151->151
[2025-12-25T03:41:17.721+0000][gc,metaspace] GC(726) Metaspace: 15691K(16064K)->15691K(16064K) NonClass: 14057K(14144K)->14057K(14144K) Class: 1634K(1920K)->1634K(1920K)
[2025-12-25T03:41:17.722+0000][gc          ] GC(726) Pause Young (Normal) (G1 Evacuation Pause) 935M->330M(1024M) 21.395ms
[2025-12-25T03:41:17.722+0000][gc,cpu      ] GC(726) User=0.14s Sys=0.00s Real=0.02s
[2025-12-25T03:41:57.293+0000][gc,start    ] GC(727) Pause Young (Normal) (G1 Evacuation Pause)
[2025-12-25T03:41:57.293+0000][gc,task     ] GC(727) Using 8 workers of 8 for evacuation
[2025-12-25T03:41:57.313+0000][gc,phases   ] GC(727)   Pre Evacuate Collection Set: 1.4ms
[2025-12-25T03:41:57.313+0000][gc,phases   ] GC(727)   Merge Heap Roots: 0.3ms
[2025-12-25T03:41:57.313+0000][gc,phases   ] GC(727)   Evacuate Collection Set: 14.9ms
[2025-12-25T03:41:57.313+0000][gc,phases   ] GC(727)   Post Evacuate Collection Set: 2.3ms
[2025-12-25T03:41:57.313+0000][gc,phases   ] GC(727)   Other: 0.3ms
[2025-12-25T03:41:57.313+0000][gc,heap     ] GC(727) Eden regions: 605->0(606)
[2025-12-25T03:41:57.313+0000][gc,heap     ] GC(727) Survivor regions: 9->8(77)
[2025-12-25T03:41:57.313+0000][gc,heap     ] GC(727) Old regions: 171->171
[2025-12-25T03:41:57.313+0000][gc,heap     ] GC(727) Humongous regions: 151->151
[2025-12-25T03:41:57.313+0000][gc,metaspace] GC(727) Metaspace: 15691K(16064K)->15691K(16064K) NonClass: 14057K(14144K)->14057K(14144K) Class: 1634K(1920K)->1634K(1920K)
[2025-12-25T03:41:57.313+0000][gc          ] GC(727) Pause Young (Normal) (G1 Evacuation Pause) 935M->329M(1024M) 22.736ms
[2025-12-25T03:41:57.313+0000][gc,cpu      ] GC(727) User=0.13s Sys=0.00s Real=0.02s
[2025-12-25T03:42:27.610+0000][gc,start    ] GC(728) Pause Young (Normal) (G1 Evacuation Pause)
[2025-12-25T03:42:27.612+0000][gc,task     ] GC(728) Using 8 workers of 8 for evacuation
[2025-12-25T03:42:27.622+0000][gc,phases   ] GC(728)   Pre Evacuate Collection Set: 0.9ms
[2025-12-25T03:42:27.622+0000][gc,phases   ] GC(728)   Merge Heap Roots: 0.3ms
[2025-12-25T03:42:27.622+0000][gc,phases   ] GC(728)   Evacuate Collection Set: 7.7ms
[2025-12-25T03:42:27.622+0000][gc,phases   ] GC(728)   Post Evacuate Collection Set: 1.1ms
[2025-12-25T03:42:27.622+0000][gc,phases   ] GC(728)   Other: 0.3ms
[2025-12-25T03:42:27.622+0000][gc,heap     ] GC(728) Eden regions: 606->0(604)
[2025-12-25T03:42:27.622+0000][gc,heap     ] GC(728) Survivor regions: 8->10(77)
[2025-12-25T03:42:27.622+0000][gc,heap     ] GC(728) Old regions: 171->172
[2025-12-25T03:42:27.622+0000][gc,heap     ] GC(728) Humongous regions: 151->151
[2025-12-25T03:42:27.622+0000][gc,metaspace] GC(728) Metaspace: 15691K(16064K)->15691K(16064K) NonClass: 14057K(14144K)->14057K(14144K) Class: 1634K(1920K)->1634K(1920K)
[2025-12-25T03:42:27.622+0000][gc          ] GC(728) Pause Young (Normal) (G1 Evacuation Pause) 935M->331M(1024M) 12.014ms
[2025-12-25T03:42:27.623+0000][gc,cpu      ] GC(728) User=0.06s Sys=0.00s Real=0.01s
[2025-12-25T03:43:07.189+0000][gc,start    ] GC(729) Pause Young (Normal) (G1 Evacuation Pause)
[2025-12-25T03:43:07.190+0000][gc,task     ] GC(729) Using 8 workers of 8 for evacuation
[2025-12-25T03:43:07.212+0000][gc,phases   ] GC(729)   Pre Evacuate Collection Set: 1.4ms
[2025-12-25T03:43:07.213+0000][gc,phases   ] GC(729)   Merge Heap Roots: 0.4ms
[2025-12-25T03:43:07.213+0000][gc,phases   ] GC(729)   Evacuate Collection Set: 17.6ms
[2025-12-25T03:43:07.213+0000][gc,phases   ] GC(729)   Post Evacuate Collection Set: 2.3ms
[2025-12-25T03:43:07.213+0000][gc,phases   ] GC(729)   Other: 0.4ms
[2025-12-25T03:43:07.213+0000][gc,heap     ] GC(729) Eden regions: 604->0(605)
[2025-12-25T03:43:07.213+0000][gc,heap     ] GC(729) Survivor regions: 10->9(77)
[2025-12-25T03:43:07.213+0000][gc,heap     ] GC(729) Old regions: 172->172
[2025-12-25T03:43:07.213+0000][gc,heap     ] GC(729) Humongous regions: 151->151
[2025-12-25T03:43:07.213+0000][gc,metaspace] GC(729) Metaspace: 15691K(16064K)->15691K(16064K) NonClass: 14057K(14144K)->14057K(14144K) Class: 1634K(1920K)->1634K(1920K)
[2025-12-25T03:43:07.213+0000][gc          ] GC(729) Pause Young (Normal) (G1 Evacuation Pause) 935M->330M(1024M) 23.830ms
[2025-12-25T03:43:07.213+0000][gc,cpu      ] GC(729) User=0.15s Sys=0.01s Real=0.02s
[2025-12-25T03:43:37.439+0000][gc,start    ] GC(730) Pause Young (Normal) (G1 Evacuation Pause)
[2025-12-25T03:43:37.440+0000][gc,task     ] GC(730) Using 8 workers of 8 for evacuation
[2025-12-25T03:43:37.449+0000][gc,phases   ] GC(730)   Pre Evacuate Collection Set: 1.1ms
[2025-12-25T03:43:37.449+0000][gc,phases   ] GC(730)   Merge Heap Roots: 0.3ms
[2025-12-25T03:43:37.449+0000][gc,phases   ] GC(730)   Evacuate Collection Set: 6.5ms
[2025-12-25T03:43:37.449+0000][gc,phases   ] GC(730)   Post Evacuate Collection Set: 1.3ms
[2025-12-25T03:43:37.450+0000][gc,phases   ] GC(730)   Other: 0.2ms
[2025-12-25T03:43:37.450+0000][gc,heap     ] GC(730) Eden regions: 605->0(608)
[2025-12-25T03:43:37.450+0000][gc,heap     ] GC(730) Survivor regions: 9->6(77)
[2025-12-25T03:43:37.450+0000][gc,heap     ] GC(730) Old regions: 172->172
[2025-12-25T03:43:37.450+0000][gc,heap     ] GC(730) Humongous regions: 151->151
[2025-12-25T03:43:37.450+0000][gc,metaspace] GC(730) Metaspace: 15691K(16064K)->15691K(16064K) NonClass: 14057K(14144K)->14057K(14144K) Class: 1634K(1920K)->1634K(1920K)
[2025-12-25T03:43:37.450+0000][gc          ] GC(730) Pause Young (Normal) (G1 Evacuation Pause) 935M->328M(1024M) 10.502ms
[2025-12-25T03:43:37.450+0000][gc,cpu      ] GC(730) User=0.06s Sys=0.01s Real=0.01s
[2025-12-25T03:44:07.750+0000][gc,start    ] GC(731) Pause Young (Normal) (G1 Evacuation Pause)
[2025-12-25T03:44:07.751+0000][gc,task     ] GC(731) Using 8 workers of 8 for evacuation
[2025-12-25T03:44:07.764+0000][gc,phases   ] GC(731)   Pre Evacuate Collection Set: 1.0ms
[2025-12-25T03:44:07.764+0000][gc,phases   ] GC(731)   Merge Heap Roots: 0.3ms
[2025-12-25T03:44:07.764+0000][gc,phases   ] GC(731)   Evacuate Collection Set: 9.9ms
[2025-12-25T03:44:07.764+0000][gc,phases   ] GC(731)   Post Evacuate Collection Set: 1.1ms
[2025-12-25T03:44:07.764+0000][gc,phases   ] GC(731)   Other: 0.3ms
[2025-12-25T03:44:07.764+0000][gc,heap     ] GC(731) Eden regions: 608->0(607)
[2025-12-25T03:44:07.764+0000][gc,heap     ] GC(731) Survivor regions: 6->7(77)
[2025-12-25T03:44:07.764+0000][gc,heap     ] GC(731) Old regions: 172->172
[2025-12-25T03:44:07.764+0000][gc,heap     ] GC(731) Humongous regions: 151->151
[2025-12-25T03:44:07.764+0000][gc,metaspace] GC(731) Metaspace: 15691K(16064K)->15691K(16064K) NonClass: 14057K(14144K)->14057K(14144K) Class: 1634K(1920K)->1634K(1920K)
[2025-12-25T03:44:07.764+0000][gc          ] GC(731) Pause Young (Normal) (G1 Evacuation Pause) 936M->329M(1024M) 14.113ms
[2025-12-25T03:44:07.765+0000][gc,cpu      ] GC(731) User=0.08s Sys=0.00s Real=0.02s
[2025-12-25T03:44:47.343+0000][gc,start    ] GC(732) Pause Young (Normal) (G1 Evacuation Pause)
[2025-12-25T03:44:47.343+0000][gc,task     ] GC(732) Using 8 workers of 8 for evacuation
[2025-12-25T03:44:47.359+0000][gc,phases   ] GC(732)   Pre Evacuate Collection Set: 1.3ms
[2025-12-25T03:44:47.359+0000][gc,phases   ] GC(732)   Merge Heap Roots: 0.4ms
[2025-12-25T03:44:47.359+0000][gc,phases   ] GC(732)   Evacuate Collection Set: 11.5ms
[2025-12-25T03:44:47.359+0000][gc,phases   ] GC(732)   Post Evacuate Collection Set: 2.2ms
[2025-12-25T03:44:47.359+0000][gc,phases   ] GC(732)   Other: 0.4ms
[2025-12-25T03:44:47.359+0000][gc,heap     ] GC(732) Eden regions: 607->0(607)
[2025-12-25T03:44:47.359+0000][gc,heap     ] GC(732) Survivor regions: 7->7(77)
[2025-12-25T03:44:47.360+0000][gc,heap     ] GC(732) Old regions: 172->173
[2025-12-25T03:44:47.360+0000][gc,heap     ] GC(732) Humongous regions: 151->151
[2025-12-25T03:44:47.360+0000][gc,metaspace] GC(732) Metaspace: 15691K(16064K)->15691K(16064K) NonClass: 14057K(14144K)->14057K(14144K) Class: 1634K(1920K)->1634K(1920K)
[2025-12-25T03:44:47.360+0000][gc          ] GC(732) Pause Young (Normal) (G1 Evacuation Pause) 936M->329M(1024M) 17.255ms
[2025-12-25T03:44:47.360+0000][gc,cpu      ] GC(732) User=0.10s Sys=0.01s Real=0.02s
[2025-12-25T03:45:17.611+0000][gc,start    ] GC(733) Pause Young (Normal) (G1 Evacuation Pause)
[2025-12-25T03:45:17.611+0000][gc,task     ] GC(733) Using 8 workers of 8 for evacuation
[2025-12-25T03:45:17.626+0000][gc,phases   ] GC(733)   Pre Evacuate Collection Set: 1.1ms
[2025-12-25T03:45:17.626+0000][gc,phases   ] GC(733)   Merge Heap Roots: 0.3ms
[2025-12-25T03:45:17.626+0000][gc,phases   ] GC(733)   Evacuate Collection Set: 11.6ms
[2025-12-25T03:45:17.627+0000][gc,phases   ] GC(733)   Post Evacuate Collection Set: 1.6ms
[2025-12-25T03:45:17.627+0000][gc,phases   ] GC(733)   Other: 0.3ms
[2025-12-25T03:45:17.627+0000][gc,heap     ] GC(733) Eden regions: 607->0(606)
[2025-12-25T03:45:17.627+0000][gc,heap     ] GC(733) Survivor regions: 7->8(77)
[2025-12-25T03:45:17.627+0000][gc,heap     ] GC(733) Old regions: 173->173
[2025-12-25T03:45:17.627+0000][gc,heap     ] GC(733) Humongous regions: 151->151
[2025-12-25T03:45:17.627+0000][gc,metaspace] GC(733) Metaspace: 15691K(16064K)->15691K(16064K) NonClass: 14057K(14144K)->14057K(14144K) Class: 1634K(1920K)->1634K(1920K)
[2025-12-25T03:45:17.627+0000][gc          ] GC(733) Pause Young (Normal) (G1 Evacuation Pause) 936M->330M(1024M) 16.097ms
[2025-12-25T03:45:17.627+0000][gc,cpu      ] GC(733) User=0.09s Sys=0.01s Real=0.02s
[2025-12-25T03:45:57.234+0000][gc,start    ] GC(734) Pause Young (Normal) (G1 Evacuation Pause)
[2025-12-25T03:45:57.235+0000][gc,task     ] GC(734) Using 8 workers of 8 for evacuation
[2025-12-25T03:45:57.261+0000][gc,phases   ] GC(734)   Pre Evacuate Collection Set: 1.3ms
[2025-12-25T03:45:57.261+0000][gc,phases   ] GC(734)   Merge Heap Roots: 0.5ms
[2025-12-25T03:45:57.261+0000][gc,phases   ] GC(734)   Evacuate Collection Set: 20.0ms
[2025-12-25T03:45:57.261+0000][gc,phases   ] GC(734)   Post Evacuate Collection Set: 3.3ms
[2025-12-25T03:45:57.262+0000][gc,phases   ] GC(734)   Other: 0.9ms
[2025-12-25T03:45:57.262+0000][gc,heap     ] GC(734) Eden regions: 606->0(606)
[2025-12-25T03:45:57.262+0000][gc,heap     ] GC(734) Survivor regions: 8->8(77)
[2025-12-25T03:45:57.262+0000][gc,heap     ] GC(734) Old regions: 173->173
[2025-12-25T03:45:57.263+0000][gc,heap     ] GC(734) Humongous regions: 151->151
[2025-12-25T03:45:57.263+0000][gc,metaspace] GC(734) Metaspace: 15691K(16064K)->15691K(16064K) NonClass: 14057K(14144K)->14057K(14144K) Class: 1634K(1920K)->1634K(1920K)
[2025-12-25T03:45:57.263+0000][gc          ] GC(734) Pause Young (Normal) (G1 Evacuation Pause) 936M->330M(1024M) 28.773ms
[2025-12-25T03:45:57.264+0000][gc,cpu      ] GC(734) User=0.17s Sys=0.01s Real=0.03s
[2025-12-25T03:46:27.645+0000][gc,start    ] GC(735) Pause Young (Normal) (G1 Evacuation Pause)
[2025-12-25T03:46:27.646+0000][gc,task     ] GC(735) Using 8 workers of 8 for evacuation
[2025-12-25T03:46:27.668+0000][gc,phases   ] GC(735)   Pre Evacuate Collection Set: 1.2ms
[2025-12-25T03:46:27.668+0000][gc,phases   ] GC(735)   Merge Heap Roots: 0.4ms
[2025-12-25T03:46:27.669+0000][gc,phases   ] GC(735)   Evacuate Collection Set: 19.5ms
[2025-12-25T03:46:27.669+0000][gc,phases   ] GC(735)   Post Evacuate Collection Set: 1.4ms
[2025-12-25T03:46:27.669+0000][gc,phases   ] GC(735)   Other: 0.3ms
[2025-12-25T03:46:27.669+0000][gc,heap     ] GC(735) Eden regions: 606->0(605)
[2025-12-25T03:46:27.669+0000][gc,heap     ] GC(735) Survivor regions: 8->9(77)
[2025-12-25T03:46:27.669+0000][gc,heap     ] GC(735) Old regions: 173->173
[2025-12-25T03:46:27.669+0000][gc,heap     ] GC(735) Humongous regions: 151->151
[2025-12-25T03:46:27.669+0000][gc,metaspace] GC(735) Metaspace: 15691K(16064K)->15691K(16064K) NonClass: 14057K(14144K)->14057K(14144K) Class: 1634K(1920K)->1634K(1920K)
[2025-12-25T03:46:27.669+0000][gc          ] GC(735) Pause Young (Normal) (G1 Evacuation Pause) 936M->332M(1024M) 24.271ms
[2025-12-25T03:46:27.669+0000][gc,cpu      ] GC(735) User=0.16s Sys=0.00s Real=0.02s
[2025-12-25T03:47:07.146+0000][gc,start    ] GC(736) Pause Young (Normal) (G1 Evacuation Pause)
[2025-12-25T03:47:07.147+0000][gc,task     ] GC(736) Using 8 workers of 8 for evacuation
[2025-12-25T03:47:07.182+0000][gc,phases   ] GC(736)   Pre Evacuate Collection Set: 1.6ms
[2025-12-25T03:47:07.182+0000][gc,phases   ] GC(736)   Merge Heap Roots: 0.4ms
[2025-12-25T03:47:07.182+0000][gc,phases   ] GC(736)   Evacuate Collection Set: 29.8ms
[2025-12-25T03:47:07.182+0000][gc,phases   ] GC(736)   Post Evacuate Collection Set: 3.1ms
[2025-12-25T03:47:07.183+0000][gc,phases   ] GC(736)   Other: 0.3ms
[2025-12-25T03:47:07.183+0000][gc,heap     ] GC(736) Eden regions: 605->0(606)
[2025-12-25T03:47:07.183+0000][gc,heap     ] GC(736) Survivor regions: 9->8(77)
[2025-12-25T03:47:07.183+0000][gc,heap     ] GC(736) Old regions: 173->174
[2025-12-25T03:47:07.183+0000][gc,heap     ] GC(736) Humongous regions: 151->151
[2025-12-25T03:47:07.183+0000][gc,metaspace] GC(736) Metaspace: 15694K(16128K)->15694K(16128K) NonClass: 14060K(14208K)->14060K(14208K) Class: 1634K(1920K)->1634K(1920K)
[2025-12-25T03:47:07.183+0000][gc          ] GC(736) Pause Young (Normal) (G1 Evacuation Pause) 937M->331M(1024M) 36.753ms
[2025-12-25T03:47:07.183+0000][gc,cpu      ] GC(736) User=0.24s Sys=0.02s Real=0.03s
[2025-12-25T03:47:37.418+0000][gc,start    ] GC(737) Pause Young (Normal) (G1 Evacuation Pause)
[2025-12-25T03:47:37.419+0000][gc,task     ] GC(737) Using 8 workers of 8 for evacuation
[2025-12-25T03:47:37.445+0000][gc,phases   ] GC(737)   Pre Evacuate Collection Set: 1.0ms
[2025-12-25T03:47:37.445+0000][gc,phases   ] GC(737)   Merge Heap Roots: 0.3ms
[2025-12-25T03:47:37.445+0000][gc,phases   ] GC(737)   Evacuate Collection Set: 23.0ms
[2025-12-25T03:47:37.445+0000][gc,phases   ] GC(737)   Post Evacuate Collection Set: 1.5ms
[2025-12-25T03:47:37.445+0000][gc,phases   ] GC(737)   Other: 0.3ms
[2025-12-25T03:47:37.445+0000][gc,heap     ] GC(737) Eden regions: 606->0(604)
[2025-12-25T03:47:37.445+0000][gc,heap     ] GC(737) Survivor regions: 8->10(77)
[2025-12-25T03:47:37.445+0000][gc,heap     ] GC(737) Old regions: 174->174
[2025-12-25T03:47:37.445+0000][gc,heap     ] GC(737) Humongous regions: 151->151
[2025-12-25T03:47:37.446+0000][gc,metaspace] GC(737) Metaspace: 15694K(16128K)->15694K(16128K) NonClass: 14060K(14208K)->14060K(14208K) Class: 1634K(1920K)->1634K(1920K)
[2025-12-25T03:47:37.446+0000][gc          ] GC(737) Pause Young (Normal) (G1 Evacuation Pause) 937M->333M(1024M) 27.290ms
[2025-12-25T03:47:37.446+0000][gc,cpu      ] GC(737) User=0.17s Sys=0.01s Real=0.03s
[2025-12-25T03:48:07.646+0000][gc,start    ] GC(738) Pause Young (Normal) (G1 Evacuation Pause)
[2025-12-25T03:48:07.647+0000][gc,task     ] GC(738) Using 8 workers of 8 for evacuation
[2025-12-25T03:48:07.667+0000][gc,phases   ] GC(738)   Pre Evacuate Collection Set: 2.6ms
[2025-12-25T03:48:07.667+0000][gc,phases   ] GC(738)   Merge Heap Roots: 0.8ms
[2025-12-25T03:48:07.667+0000][gc,phases   ] GC(738)   Evacuate Collection Set: 15.6ms
[2025-12-25T03:48:07.667+0000][gc,phases   ] GC(738)   Post Evacuate Collection Set: 1.1ms
[2025-12-25T03:48:07.667+0000][gc,phases   ] GC(738)   Other: 0.4ms
[2025-12-25T03:48:07.668+0000][gc,heap     ] GC(738) Eden regions: 604->0(607)
[2025-12-25T03:48:07.668+0000][gc,heap     ] GC(738) Survivor regions: 10->7(77)
[2025-12-25T03:48:07.668+0000][gc,heap     ] GC(738) Old regions: 174->174
[2025-12-25T03:48:07.668+0000][gc,heap     ] GC(738) Humongous regions: 151->151
[2025-12-25T03:48:07.668+0000][gc,metaspace] GC(738) Metaspace: 15694K(16128K)->15694K(16128K) NonClass: 14060K(14208K)->14060K(14208K) Class: 1634K(1920K)->1634K(1920K)
[2025-12-25T03:48:07.668+0000][gc          ] GC(738) Pause Young (Normal) (G1 Evacuation Pause) 937M->331M(1024M) 21.457ms
[2025-12-25T03:48:07.668+0000][gc,cpu      ] GC(738) User=0.15s Sys=0.00s Real=0.02s
[2025-12-25T03:48:47.340+0000][gc,start    ] GC(739) Pause Young (Normal) (G1 Evacuation Pause)
[2025-12-25T03:48:47.340+0000][gc,task     ] GC(739) Using 8 workers of 8 for evacuation
[2025-12-25T03:48:47.359+0000][gc,phases   ] GC(739)   Pre Evacuate Collection Set: 1.4ms
[2025-12-25T03:48:47.359+0000][gc,phases   ] GC(739)   Merge Heap Roots: 0.5ms
[2025-12-25T03:48:47.359+0000][gc,phases   ] GC(739)   Evacuate Collection Set: 12.5ms
[2025-12-25T03:48:47.359+0000][gc,phases   ] GC(739)   Post Evacuate Collection Set: 3.8ms
[2025-12-25T03:48:47.359+0000][gc,phases   ] GC(739)   Other: 0.4ms
[2025-12-25T03:48:47.359+0000][gc,heap     ] GC(739) Eden regions: 607->0(606)
[2025-12-25T03:48:47.359+0000][gc,heap     ] GC(739) Survivor regions: 7->8(77)
[2025-12-25T03:48:47.359+0000][gc,heap     ] GC(739) Old regions: 174->174
[2025-12-25T03:48:47.359+0000][gc,heap     ] GC(739) Humongous regions: 151->151
[2025-12-25T03:48:47.360+0000][gc,metaspace] GC(739) Metaspace: 15695K(16128K)->15695K(16128K) NonClass: 14061K(14208K)->14061K(14208K) Class: 1634K(1920K)->1634K(1920K)
[2025-12-25T03:48:47.360+0000][gc          ] GC(739) Pause Young (Normal) (G1 Evacuation Pause) 938M->331M(1024M) 20.133ms
[2025-12-25T03:48:47.360+0000][gc,cpu      ] GC(739) User=0.12s Sys=0.00s Real=0.02s
[2025-12-25T03:49:17.401+0000][gc,start    ] GC(740) Pause Young (Normal) (G1 Evacuation Pause)
[2025-12-25T03:49:17.403+0000][gc,task     ] GC(740) Using 8 workers of 8 for evacuation
[2025-12-25T03:49:17.432+0000][gc,phases   ] GC(740)   Pre Evacuate Collection Set: 3.3ms
[2025-12-25T03:49:17.433+0000][gc,phases   ] GC(740)   Merge Heap Roots: 1.4ms
[2025-12-25T03:49:17.433+0000][gc,phases   ] GC(740)   Evacuate Collection Set: 21.4ms
[2025-12-25T03:49:17.433+0000][gc,phases   ] GC(740)   Post Evacuate Collection Set: 2.3ms
[2025-12-25T03:49:17.433+0000][gc,phases   ] GC(740)   Other: 1.1ms
[2025-12-25T03:49:17.433+0000][gc,heap     ] GC(740) Eden regions: 606->0(603)
[2025-12-25T03:49:17.433+0000][gc,heap     ] GC(740) Survivor regions: 8->11(77)
[2025-12-25T03:49:17.433+0000][gc,heap     ] GC(740) Old regions: 174->174
[2025-12-25T03:49:17.433+0000][gc,heap     ] GC(740) Humongous regions: 151->151
[2025-12-25T03:49:17.433+0000][gc,metaspace] GC(740) Metaspace: 15791K(16256K)->15791K(16256K) NonClass: 14157K(14336K)->14157K(14336K) Class: 1634K(1920K)->1634K(1920K)
[2025-12-25T03:49:17.433+0000][gc          ] GC(740) Pause Young (Normal) (G1 Evacuation Pause) 937M->335M(1024M) 31.821ms
[2025-12-25T03:49:17.433+0000][gc,cpu      ] GC(740) User=0.18s Sys=0.00s Real=0.03s
[2025-12-25T03:49:47.555+0000][gc,start    ] GC(741) Pause Young (Normal) (G1 Evacuation Pause)
[2025-12-25T03:49:47.555+0000][gc,task     ] GC(741) Using 8 workers of 8 for evacuation
[2025-12-25T03:49:47.578+0000][gc,phases   ] GC(741)   Pre Evacuate Collection Set: 1.4ms
[2025-12-25T03:49:47.578+0000][gc,phases   ] GC(741)   Merge Heap Roots: 0.3ms
[2025-12-25T03:49:47.578+0000][gc,phases   ] GC(741)   Evacuate Collection Set: 19.4ms
[2025-12-25T03:49:47.578+0000][gc,phases   ] GC(741)   Post Evacuate Collection Set: 1.1ms
[2025-12-25T03:49:47.578+0000][gc,phases   ] GC(741)   Other: 0.3ms
[2025-12-25T03:49:47.578+0000][gc,heap     ] GC(741) Eden regions: 603->0(604)
[2025-12-25T03:49:47.578+0000][gc,heap     ] GC(741) Survivor regions: 11->10(77)
[2025-12-25T03:49:47.578+0000][gc,heap     ] GC(741) Old regions: 174->175
[2025-12-25T03:49:47.578+0000][gc,heap     ] GC(741) Humongous regions: 151->151
[2025-12-25T03:49:47.578+0000][gc,metaspace] GC(741) Metaspace: 16058K(16448K)->16058K(16448K) NonClass: 14396K(14528K)->14396K(14528K) Class: 1662K(1920K)->1662K(1920K)
[2025-12-25T03:49:47.578+0000][gc          ] GC(741) Pause Young (Normal) (G1 Evacuation Pause) 938M->334M(1024M) 23.502ms
[2025-12-25T03:49:47.578+0000][gc,cpu      ] GC(741) User=0.09s Sys=0.02s Real=0.02s
[2025-12-25T03:50:17.621+0000][gc,start    ] GC(742) Pause Young (Normal) (G1 Evacuation Pause)
[2025-12-25T03:50:17.622+0000][gc,task     ] GC(742) Using 8 workers of 8 for evacuation
[2025-12-25T03:50:17.660+0000][gc,phases   ] GC(742)   Pre Evacuate Collection Set: 1.9ms
[2025-12-25T03:50:17.660+0000][gc,phases   ] GC(742)   Merge Heap Roots: 0.5ms
[2025-12-25T03:50:17.660+0000][gc,phases   ] GC(742)   Evacuate Collection Set: 34.3ms
[2025-12-25T03:50:17.660+0000][gc,phases   ] GC(742)   Post Evacuate Collection Set: 1.2ms
[2025-12-25T03:50:17.660+0000][gc,phases   ] GC(742)   Other: 0.4ms
[2025-12-25T03:50:17.660+0000][gc,heap     ] GC(742) Eden regions: 604->0(601)
[2025-12-25T03:50:17.660+0000][gc,heap     ] GC(742) Survivor regions: 10->13(77)
[2025-12-25T03:50:17.660+0000][gc,heap     ] GC(742) Old regions: 175->175
[2025-12-25T03:50:17.660+0000][gc,heap     ] GC(742) Humongous regions: 151->151
[2025-12-25T03:50:17.660+0000][gc,metaspace] GC(742) Metaspace: 16067K(16448K)->16067K(16448K) NonClass: 14404K(14528K)->14404K(14528K) Class: 1662K(1920K)->1662K(1920K)
[2025-12-25T03:50:17.661+0000][gc          ] GC(742) Pause Young (Normal) (G1 Evacuation Pause) 938M->338M(1024M) 39.401ms
[2025-12-25T03:50:17.661+0000][gc,cpu      ] GC(742) User=0.26s Sys=0.01s Real=0.04s
[2025-12-25T03:50:47.808+0000][gc,start    ] GC(743) Pause Young (Normal) (G1 Evacuation Pause)
[2025-12-25T03:50:47.808+0000][gc,task     ] GC(743) Using 8 workers of 8 for evacuation
[2025-12-25T03:50:47.834+0000][gc,phases   ] GC(743)   Pre Evacuate Collection Set: 1.3ms
[2025-12-25T03:50:47.834+0000][gc,phases   ] GC(743)   Merge Heap Roots: 0.5ms
[2025-12-25T03:50:47.834+0000][gc,phases   ] GC(743)   Evacuate Collection Set: 21.4ms
[2025-12-25T03:50:47.834+0000][gc,phases   ] GC(743)   Post Evacuate Collection Set: 1.8ms
[2025-12-25T03:50:47.834+0000][gc,phases   ] GC(743)   Other: 0.4ms
[2025-12-25T03:50:47.834+0000][gc,heap     ] GC(743) Eden regions: 601->0(603)
[2025-12-25T03:50:47.834+0000][gc,heap     ] GC(743) Survivor regions: 13->11(77)
[2025-12-25T03:50:47.834+0000][gc,heap     ] GC(743) Old regions: 175->175
[2025-12-25T03:50:47.834+0000][gc,heap     ] GC(743) Humongous regions: 151->151
[2025-12-25T03:50:47.834+0000][gc,metaspace] GC(743) Metaspace: 16080K(16448K)->16080K(16448K) NonClass: 14418K(14528K)->14418K(14528K) Class: 1662K(1920K)->1662K(1920K)
[2025-12-25T03:50:47.835+0000][gc          ] GC(743) Pause Young (Normal) (G1 Evacuation Pause) 939M->336M(1024M) 26.613ms
[2025-12-25T03:50:47.835+0000][gc,cpu      ] GC(743) User=0.19s Sys=0.00s Real=0.02s
[2025-12-25T03:51:27.283+0000][gc,start    ] GC(744) Pause Young (Normal) (G1 Evacuation Pause)
[2025-12-25T03:51:27.283+0000][gc,task     ] GC(744) Using 8 workers of 8 for evacuation
[2025-12-25T03:51:27.301+0000][gc,phases   ] GC(744)   Pre Evacuate Collection Set: 1.0ms
[2025-12-25T03:51:27.301+0000][gc,phases   ] GC(744)   Merge Heap Roots: 0.4ms
[2025-12-25T03:51:27.301+0000][gc,phases   ] GC(744)   Evacuate Collection Set: 14.8ms
[2025-12-25T03:51:27.301+0000][gc,phases   ] GC(744)   Post Evacuate Collection Set: 1.1ms
[2025-12-25T03:51:27.301+0000][gc,phases   ] GC(744)   Other: 0.4ms
[2025-12-25T03:51:27.301+0000][gc,heap     ] GC(744) Eden regions: 603->0(604)
[2025-12-25T03:51:27.301+0000][gc,heap     ] GC(744) Survivor regions: 11->10(77)
[2025-12-25T03:51:27.302+0000][gc,heap     ] GC(744) Old regions: 175->175
[2025-12-25T03:51:27.302+0000][gc,heap     ] GC(744) Humongous regions: 151->151
[2025-12-25T03:51:27.302+0000][gc,metaspace] GC(744) Metaspace: 16082K(16448K)->16082K(16448K) NonClass: 14420K(14528K)->14420K(14528K) Class: 1662K(1920K)->1662K(1920K)
[2025-12-25T03:51:27.302+0000][gc          ] GC(744) Pause Young (Normal) (G1 Evacuation Pause) 939M->335M(1024M) 18.646ms
[2025-12-25T03:51:27.302+0000][gc,cpu      ] GC(744) User=0.09s Sys=0.01s Real=0.02s
[2025-12-25T03:51:57.490+0000][gc,start    ] GC(745) Pause Young (Normal) (G1 Evacuation Pause)
[2025-12-25T03:51:57.490+0000][gc,task     ] GC(745) Using 8 workers of 8 for evacuation
[2025-12-25T03:51:57.511+0000][gc,phases   ] GC(745)   Pre Evacuate Collection Set: 1.0ms
[2025-12-25T03:51:57.511+0000][gc,phases   ] GC(745)   Merge Heap Roots: 0.3ms
[2025-12-25T03:51:57.511+0000][gc,phases   ] GC(745)   Evacuate Collection Set: 18.1ms
[2025-12-25T03:51:57.511+0000][gc,phases   ] GC(745)   Post Evacuate Collection Set: 1.2ms
[2025-12-25T03:51:57.511+0000][gc,phases   ] GC(745)   Other: 0.3ms
[2025-12-25T03:51:57.511+0000][gc,heap     ] GC(745) Eden regions: 604->0(603)
[2025-12-25T03:51:57.511+0000][gc,heap     ] GC(745) Survivor regions: 10->11(77)
[2025-12-25T03:51:57.511+0000][gc,heap     ] GC(745) Old regions: 175->176
[2025-12-25T03:51:57.511+0000][gc,heap     ] GC(745) Humongous regions: 151->151
[2025-12-25T03:51:57.512+0000][gc,metaspace] GC(745) Metaspace: 16082K(16448K)->16082K(16448K) NonClass: 14420K(14528K)->14420K(14528K) Class: 1662K(1920K)->1662K(1920K)
[2025-12-25T03:51:57.512+0000][gc          ] GC(745) Pause Young (Normal) (G1 Evacuation Pause) 939M->337M(1024M) 21.790ms
[2025-12-25T03:51:57.512+0000][gc,cpu      ] GC(745) User=0.15s Sys=0.00s Real=0.02s
[2025-12-25T03:52:37.080+0000][gc,start    ] GC(746) Pause Young (Normal) (G1 Evacuation Pause)
[2025-12-25T03:52:37.080+0000][gc,task     ] GC(746) Using 8 workers of 8 for evacuation
[2025-12-25T03:52:37.111+0000][gc,phases   ] GC(746)   Pre Evacuate Collection Set: 1.5ms
[2025-12-25T03:52:37.111+0000][gc,phases   ] GC(746)   Merge Heap Roots: 0.4ms
[2025-12-25T03:52:37.111+0000][gc,phases   ] GC(746)   Evacuate Collection Set: 24.9ms
[2025-12-25T03:52:37.111+0000][gc,phases   ] GC(746)   Post Evacuate Collection Set: 3.4ms
[2025-12-25T03:52:37.111+0000][gc,phases   ] GC(746)   Other: 0.5ms
[2025-12-25T03:52:37.112+0000][gc,heap     ] GC(746) Eden regions: 603->0(608)
[2025-12-25T03:52:37.112+0000][gc,heap     ] GC(746) Survivor regions: 11->6(77)
[2025-12-25T03:52:37.112+0000][gc,heap     ] GC(746) Old regions: 176->176
[2025-12-25T03:52:37.112+0000][gc,heap     ] GC(746) Humongous regions: 151->151
[2025-12-25T03:52:37.112+0000][gc,metaspace] GC(746) Metaspace: 16082K(16448K)->16082K(16448K) NonClass: 14420K(14528K)->14420K(14528K) Class: 1662K(1920K)->1662K(1920K)
[2025-12-25T03:52:37.112+0000][gc          ] GC(746) Pause Young (Normal) (G1 Evacuation Pause) 940M->331M(1024M) 32.161ms
[2025-12-25T03:52:37.112+0000][gc,cpu      ] GC(746) User=0.20s Sys=0.00s Real=0.03s
[2025-12-25T03:53:07.334+0000][gc,start    ] GC(747) Pause Young (Normal) (G1 Evacuation Pause)
[2025-12-25T03:53:07.335+0000][gc,task     ] GC(747) Using 8 workers of 8 for evacuation
[2025-12-25T03:53:07.347+0000][gc,phases   ] GC(747)   Pre Evacuate Collection Set: 1.0ms
[2025-12-25T03:53:07.347+0000][gc,phases   ] GC(747)   Merge Heap Roots: 0.3ms
[2025-12-25T03:53:07.347+0000][gc,phases   ] GC(747)   Evacuate Collection Set: 9.7ms
[2025-12-25T03:53:07.347+0000][gc,phases   ] GC(747)   Post Evacuate Collection Set: 1.1ms
[2025-12-25T03:53:07.348+0000][gc,phases   ] GC(747)   Other: 0.3ms
[2025-12-25T03:53:07.348+0000][gc,heap     ] GC(747) Eden regions: 608->0(607)
[2025-12-25T03:53:07.348+0000][gc,heap     ] GC(747) Survivor regions: 6->7(77)
[2025-12-25T03:53:07.348+0000][gc,heap     ] GC(747) Old regions: 176->176
[2025-12-25T03:53:07.348+0000][gc,heap     ] GC(747) Humongous regions: 151->151
[2025-12-25T03:53:07.348+0000][gc,metaspace] GC(747) Metaspace: 16082K(16448K)->16082K(16448K) NonClass: 14420K(14528K)->14420K(14528K) Class: 1662K(1920K)->1662K(1920K)
[2025-12-25T03:53:07.348+0000][gc          ] GC(747) Pause Young (Normal) (G1 Evacuation Pause) 939M->332M(1024M) 13.305ms
[2025-12-25T03:53:07.348+0000][gc,cpu      ] GC(747) User=0.08s Sys=0.00s Real=0.01s
[2025-12-25T03:53:37.564+0000][gc,start    ] GC(748) Pause Young (Normal) (G1 Evacuation Pause)
[2025-12-25T03:53:37.564+0000][gc,task     ] GC(748) Using 8 workers of 8 for evacuation
[2025-12-25T03:53:37.574+0000][gc,phases   ] GC(748)   Pre Evacuate Collection Set: 0.9ms
[2025-12-25T03:53:37.574+0000][gc,phases   ] GC(748)   Merge Heap Roots: 0.3ms
[2025-12-25T03:53:37.574+0000][gc,phases   ] GC(748)   Evacuate Collection Set: 7.7ms
[2025-12-25T03:53:37.574+0000][gc,phases   ] GC(748)   Post Evacuate Collection Set: 0.9ms
[2025-12-25T03:53:37.575+0000][gc,phases   ] GC(748)   Other: 0.2ms
[2025-12-25T03:53:37.575+0000][gc,heap     ] GC(748) Eden regions: 607->0(606)
[2025-12-25T03:53:37.575+0000][gc,heap     ] GC(748) Survivor regions: 7->8(77)
[2025-12-25T03:53:37.575+0000][gc,heap     ] GC(748) Old regions: 176->176
[2025-12-25T03:53:37.575+0000][gc,heap     ] GC(748) Humongous regions: 151->151
[2025-12-25T03:53:37.575+0000][gc,metaspace] GC(748) Metaspace: 16082K(16448K)->16082K(16448K) NonClass: 14420K(14528K)->14420K(14528K) Class: 1662K(1920K)->1662K(1920K)
[2025-12-25T03:53:37.575+0000][gc          ] GC(748) Pause Young (Normal) (G1 Evacuation Pause) 939M->334M(1024M) 11.211ms
[2025-12-25T03:53:37.575+0000][gc,cpu      ] GC(748) User=0.06s Sys=0.00s Real=0.01s
[2025-12-25T03:54:17.194+0000][gc,start    ] GC(749) Pause Young (Normal) (G1 Evacuation Pause)
[2025-12-25T03:54:17.194+0000][gc,task     ] GC(749) Using 8 workers of 8 for evacuation
[2025-12-25T03:54:17.215+0000][gc,phases   ] GC(749)   Pre Evacuate Collection Set: 2.0ms
[2025-12-25T03:54:17.215+0000][gc,phases   ] GC(749)   Merge Heap Roots: 1.7ms
[2025-12-25T03:54:17.215+0000][gc,phases   ] GC(749)   Evacuate Collection Set: 13.5ms
[2025-12-25T03:54:17.215+0000][gc,phases   ] GC(749)   Post Evacuate Collection Set: 2.8ms
[2025-12-25T03:54:17.215+0000][gc,phases   ] GC(749)   Other: 0.7ms
[2025-12-25T03:54:17.216+0000][gc,heap     ] GC(749) Eden regions: 606->0(607)
[2025-12-25T03:54:17.216+0000][gc,heap     ] GC(749) Survivor regions: 8->7(77)
[2025-12-25T03:54:17.216+0000][gc,heap     ] GC(749) Old regions: 176->177
[2025-12-25T03:54:17.216+0000][gc,heap     ] GC(749) Humongous regions: 151->151
[2025-12-25T03:54:17.216+0000][gc,metaspace] GC(749) Metaspace: 16082K(16448K)->16082K(16448K) NonClass: 14420K(14528K)->14420K(14528K) Class: 1662K(1920K)->1662K(1920K)
[2025-12-25T03:54:17.216+0000][gc          ] GC(749) Pause Young (Normal) (G1 Evacuation Pause) 940M->333M(1024M) 22.020ms
[2025-12-25T03:54:17.216+0000][gc,cpu      ] GC(749) User=0.12s Sys=0.01s Real=0.02s
[2025-12-25T03:54:47.419+0000][gc,start    ] GC(750) Pause Young (Normal) (G1 Evacuation Pause)
[2025-12-25T03:54:47.419+0000][gc,task     ] GC(750) Using 8 workers of 8 for evacuation
[2025-12-25T03:54:47.437+0000][gc,phases   ] GC(750)   Pre Evacuate Collection Set: 1.1ms
[2025-12-25T03:54:47.437+0000][gc,phases   ] GC(750)   Merge Heap Roots: 0.3ms
[2025-12-25T03:54:47.437+0000][gc,phases   ] GC(750)   Evacuate Collection Set: 14.5ms
[2025-12-25T03:54:47.437+0000][gc,phases   ] GC(750)   Post Evacuate Collection Set: 1.2ms
[2025-12-25T03:54:47.437+0000][gc,phases   ] GC(750)   Other: 0.4ms
[2025-12-25T03:54:47.437+0000][gc,heap     ] GC(750) Eden regions: 607->0(606)
[2025-12-25T03:54:47.437+0000][gc,heap     ] GC(750) Survivor regions: 7->8(77)
[2025-12-25T03:54:47.437+0000][gc,heap     ] GC(750) Old regions: 177->177
[2025-12-25T03:54:47.437+0000][gc,heap     ] GC(750) Humongous regions: 151->151
[2025-12-25T03:54:47.437+0000][gc,metaspace] GC(750) Metaspace: 16082K(16448K)->16082K(16448K) NonClass: 14420K(14528K)->14420K(14528K) Class: 1662K(1920K)->1662K(1920K)
[2025-12-25T03:54:47.437+0000][gc          ] GC(750) Pause Young (Normal) (G1 Evacuation Pause) 940M->334M(1024M) 18.690ms
[2025-12-25T03:54:47.438+0000][gc,cpu      ] GC(750) User=0.11s Sys=0.00s Real=0.02s
[2025-12-25T03:55:18.081+0000][gc,start    ] GC(751) Pause Young (Normal) (G1 Evacuation Pause)
[2025-12-25T03:55:18.082+0000][gc,task     ] GC(751) Using 8 workers of 8 for evacuation
[2025-12-25T03:55:18.101+0000][gc,phases   ] GC(751)   Pre Evacuate Collection Set: 1.5ms
[2025-12-25T03:55:18.101+0000][gc,phases   ] GC(751)   Merge Heap Roots: 0.6ms
[2025-12-25T03:55:18.101+0000][gc,phases   ] GC(751)   Evacuate Collection Set: 15.1ms
[2025-12-25T03:55:18.101+0000][gc,phases   ] GC(751)   Post Evacuate Collection Set: 1.4ms
[2025-12-25T03:55:18.101+0000][gc,phases   ] GC(751)   Other: 0.4ms
[2025-12-25T03:55:18.101+0000][gc,heap     ] GC(751) Eden regions: 606->0(605)
[2025-12-25T03:55:18.101+0000][gc,heap     ] GC(751) Survivor regions: 8->9(77)
[2025-12-25T03:55:18.101+0000][gc,heap     ] GC(751) Old regions: 177->177
[2025-12-25T03:55:18.101+0000][gc,heap     ] GC(751) Humongous regions: 151->151
[2025-12-25T03:55:18.101+0000][gc,metaspace] GC(751) Metaspace: 16082K(16448K)->16082K(16448K) NonClass: 14420K(14528K)->14420K(14528K) Class: 1662K(1920K)->1662K(1920K)
[2025-12-25T03:55:18.101+0000][gc          ] GC(751) Pause Young (Normal) (G1 Evacuation Pause) 940M->336M(1024M) 20.244ms
[2025-12-25T03:55:18.101+0000][gc,cpu      ] GC(751) User=0.13s Sys=0.00s Real=0.02s
[2025-12-25T03:55:57.271+0000][gc,start    ] GC(752) Pause Young (Normal) (G1 Evacuation Pause)
[2025-12-25T03:55:57.272+0000][gc,task     ] GC(752) Using 8 workers of 8 for evacuation
[2025-12-25T03:55:57.297+0000][gc,phases   ] GC(752)   Pre Evacuate Collection Set: 2.0ms
[2025-12-25T03:55:57.297+0000][gc,phases   ] GC(752)   Merge Heap Roots: 1.0ms
[2025-12-25T03:55:57.298+0000][gc,phases   ] GC(752)   Evacuate Collection Set: 20.1ms
[2025-12-25T03:55:57.298+0000][gc,phases   ] GC(752)   Post Evacuate Collection Set: 2.0ms
[2025-12-25T03:55:57.298+0000][gc,phases   ] GC(752)   Other: 0.6ms
[2025-12-25T03:55:57.298+0000][gc,heap     ] GC(752) Eden regions: 605->0(605)
[2025-12-25T03:55:57.298+0000][gc,heap     ] GC(752) Survivor regions: 9->9(77)
[2025-12-25T03:55:57.298+0000][gc,heap     ] GC(752) Old regions: 177->177
[2025-12-25T03:55:57.298+0000][gc,heap     ] GC(752) Humongous regions: 151->151
[2025-12-25T03:55:57.298+0000][gc,metaspace] GC(752) Metaspace: 16082K(16448K)->16082K(16448K) NonClass: 14420K(14528K)->14420K(14528K) Class: 1662K(1920K)->1662K(1920K)
[2025-12-25T03:55:57.298+0000][gc          ] GC(752) Pause Young (Normal) (G1 Evacuation Pause) 941M->335M(1024M) 27.074ms
[2025-12-25T03:55:57.298+0000][gc,cpu      ] GC(752) User=0.15s Sys=0.00s Real=0.03s
[2025-12-25T03:56:27.783+0000][gc,start    ] GC(753) Pause Young (Normal) (G1 Evacuation Pause)
[2025-12-25T03:56:27.785+0000][gc,task     ] GC(753) Using 8 workers of 8 for evacuation
[2025-12-25T03:56:27.802+0000][gc,phases   ] GC(753)   Pre Evacuate Collection Set: 2.6ms
[2025-12-25T03:56:27.803+0000][gc,phases   ] GC(753)   Merge Heap Roots: 0.4ms
[2025-12-25T03:56:27.803+0000][gc,phases   ] GC(753)   Evacuate Collection Set: 11.2ms
[2025-12-25T03:56:27.803+0000][gc,phases   ] GC(753)   Post Evacuate Collection Set: 2.6ms
[2025-12-25T03:56:27.803+0000][gc,phases   ] GC(753)   Other: 1.1ms
[2025-12-25T03:56:27.803+0000][gc,heap     ] GC(753) Eden regions: 605->0(604)
[2025-12-25T03:56:27.803+0000][gc,heap     ] GC(753) Survivor regions: 9->10(77)
[2025-12-25T03:56:27.803+0000][gc,heap     ] GC(753) Old regions: 177->177
[2025-12-25T03:56:27.803+0000][gc,heap     ] GC(753) Humongous regions: 151->151
[2025-12-25T03:56:27.803+0000][gc,metaspace] GC(753) Metaspace: 16086K(16448K)->16086K(16448K) NonClass: 14424K(14528K)->14424K(14528K) Class: 1662K(1920K)->1662K(1920K)
[2025-12-25T03:56:27.803+0000][gc          ] GC(753) Pause Young (Normal) (G1 Evacuation Pause) 940M->337M(1024M) 20.435ms
[2025-12-25T03:56:27.803+0000][gc,cpu      ] GC(753) User=0.10s Sys=0.00s Real=0.02s
[2025-12-25T03:57:07.384+0000][gc,start    ] GC(754) Pause Young (Normal) (G1 Evacuation Pause)
[2025-12-25T03:57:07.384+0000][gc,task     ] GC(754) Using 8 workers of 8 for evacuation
[2025-12-25T03:57:07.398+0000][gc,phases   ] GC(754)   Pre Evacuate Collection Set: 1.1ms
[2025-12-25T03:57:07.398+0000][gc,phases   ] GC(754)   Merge Heap Roots: 0.8ms
[2025-12-25T03:57:07.398+0000][gc,phases   ] GC(754)   Evacuate Collection Set: 10.7ms
[2025-12-25T03:57:07.398+0000][gc,phases   ] GC(754)   Post Evacuate Collection Set: 1.3ms
[2025-12-25T03:57:07.399+0000][gc,phases   ] GC(754)   Other: 0.2ms
[2025-12-25T03:57:07.399+0000][gc,heap     ] GC(754) Eden regions: 604->0(610)
[2025-12-25T03:57:07.399+0000][gc,heap     ] GC(754) Survivor regions: 10->4(77)
[2025-12-25T03:57:07.399+0000][gc,heap     ] GC(754) Old regions: 177->178
[2025-12-25T03:57:07.399+0000][gc,heap     ] GC(754) Humongous regions: 151->151
[2025-12-25T03:57:07.399+0000][gc,metaspace] GC(754) Metaspace: 16086K(16448K)->16086K(16448K) NonClass: 14424K(14528K)->14424K(14528K) Class: 1662K(1920K)->1662K(1920K)
[2025-12-25T03:57:07.399+0000][gc          ] GC(754) Pause Young (Normal) (G1 Evacuation Pause) 941M->332M(1024M) 15.344ms
[2025-12-25T03:57:07.399+0000][gc,cpu      ] GC(754) User=0.09s Sys=0.00s Real=0.02s
[2025-12-25T03:57:37.629+0000][gc,start    ] GC(755) Pause Young (Normal) (G1 Evacuation Pause)
[2025-12-25T03:57:37.629+0000][gc,task     ] GC(755) Using 8 workers of 8 for evacuation
[2025-12-25T03:57:37.648+0000][gc,phases   ] GC(755)   Pre Evacuate Collection Set: 3.0ms
[2025-12-25T03:57:37.648+0000][gc,phases   ] GC(755)   Merge Heap Roots: 1.4ms
[2025-12-25T03:57:37.648+0000][gc,phases   ] GC(755)   Evacuate Collection Set: 12.0ms
[2025-12-25T03:57:37.648+0000][gc,phases   ] GC(755)   Post Evacuate Collection Set: 1.4ms
[2025-12-25T03:57:37.648+0000][gc,phases   ] GC(755)   Other: 0.8ms
[2025-12-25T03:57:37.648+0000][gc,heap     ] GC(755) Eden regions: 610->0(609)
[2025-12-25T03:57:37.648+0000][gc,heap     ] GC(755) Survivor regions: 4->5(77)
[2025-12-25T03:57:37.648+0000][gc,heap     ] GC(755) Old regions: 178->178
[2025-12-25T03:57:37.648+0000][gc,heap     ] GC(755) Humongous regions: 151->151
[2025-12-25T03:57:37.648+0000][gc,metaspace] GC(755) Metaspace: 16086K(16448K)->16086K(16448K) NonClass: 14424K(14528K)->14424K(14528K) Class: 1662K(1920K)->1662K(1920K)
[2025-12-25T03:57:37.648+0000][gc          ] GC(755) Pause Young (Normal) (G1 Evacuation Pause) 942M->333M(1024M) 19.698ms
[2025-12-25T03:57:37.648+0000][gc,cpu      ] GC(755) User=0.12s Sys=0.00s Real=0.02s
[2025-12-25T03:58:07.977+0000][gc,start    ] GC(756) Pause Young (Normal) (G1 Evacuation Pause)
[2025-12-25T03:58:07.978+0000][gc,task     ] GC(756) Using 8 workers of 8 for evacuation
[2025-12-25T03:58:07.986+0000][gc,phases   ] GC(756)   Pre Evacuate Collection Set: 1.0ms
[2025-12-25T03:58:07.986+0000][gc,phases   ] GC(756)   Merge Heap Roots: 0.2ms
[2025-12-25T03:58:07.986+0000][gc,phases   ] GC(756)   Evacuate Collection Set: 5.6ms
[2025-12-25T03:58:07.986+0000][gc,phases   ] GC(756)   Post Evacuate Collection Set: 0.9ms
[2025-12-25T03:58:07.986+0000][gc,phases   ] GC(756)   Other: 0.2ms
[2025-12-25T03:58:07.986+0000][gc,heap     ] GC(756) Eden regions: 609->0(607)
[2025-12-25T03:58:07.986+0000][gc,heap     ] GC(756) Survivor regions: 5->7(77)
[2025-12-25T03:58:07.986+0000][gc,heap     ] GC(756) Old regions: 178->179
[2025-12-25T03:58:07.986+0000][gc,heap     ] GC(756) Humongous regions: 151->151
[2025-12-25T03:58:07.986+0000][gc,metaspace] GC(756) Metaspace: 16088K(16448K)->16088K(16448K) NonClass: 14426K(14528K)->14426K(14528K) Class: 1662K(1920K)->1662K(1920K)
[2025-12-25T03:58:07.986+0000][gc          ] GC(756) Pause Young (Normal) (G1 Evacuation Pause) 942M->335M(1024M) 8.869ms
[2025-12-25T03:58:07.986+0000][gc,cpu      ] GC(756) User=0.04s Sys=0.00s Real=0.00s
[2025-12-25T03:58:47.631+0000][gc,start    ] GC(757) Pause Young (Normal) (G1 Evacuation Pause)
[2025-12-25T03:58:47.631+0000][gc,task     ] GC(757) Using 8 workers of 8 for evacuation
[2025-12-25T03:58:47.649+0000][gc,phases   ] GC(757)   Pre Evacuate Collection Set: 1.1ms
[2025-12-25T03:58:47.649+0000][gc,phases   ] GC(757)   Merge Heap Roots: 0.3ms
[2025-12-25T03:58:47.649+0000][gc,phases   ] GC(757)   Evacuate Collection Set: 11.4ms
[2025-12-25T03:58:47.649+0000][gc,phases   ] GC(757)   Post Evacuate Collection Set: 3.6ms
[2025-12-25T03:58:47.649+0000][gc,phases   ] GC(757)   Other: 0.6ms
[2025-12-25T03:58:47.649+0000][gc,heap     ] GC(757) Eden regions: 607->0(608)
[2025-12-25T03:58:47.649+0000][gc,heap     ] GC(757) Survivor regions: 7->6(77)
[2025-12-25T03:58:47.649+0000][gc,heap     ] GC(757) Old regions: 179->179
[2025-12-25T03:58:47.649+0000][gc,heap     ] GC(757) Humongous regions: 151->151
[2025-12-25T03:58:47.650+0000][gc,metaspace] GC(757) Metaspace: 16088K(16448K)->16088K(16448K) NonClass: 14426K(14528K)->14426K(14528K) Class: 1662K(1920K)->1662K(1920K)
[2025-12-25T03:58:47.650+0000][gc          ] GC(757) Pause Young (Normal) (G1 Evacuation Pause) 942M->334M(1024M) 19.085ms
[2025-12-25T03:58:47.650+0000][gc,cpu      ] GC(757) User=0.10s Sys=0.00s Real=0.02s
[2025-12-25T03:59:17.751+0000][gc,start    ] GC(758) Pause Young (Normal) (G1 Evacuation Pause)
[2025-12-25T03:59:17.751+0000][gc,task     ] GC(758) Using 8 workers of 8 for evacuation
[2025-12-25T03:59:17.763+0000][gc,phases   ] GC(758)   Pre Evacuate Collection Set: 1.0ms
[2025-12-25T03:59:17.763+0000][gc,phases   ] GC(758)   Merge Heap Roots: 0.2ms
[2025-12-25T03:59:17.763+0000][gc,phases   ] GC(758)   Evacuate Collection Set: 9.2ms
[2025-12-25T03:59:17.763+0000][gc,phases   ] GC(758)   Post Evacuate Collection Set: 1.0ms
[2025-12-25T03:59:17.763+0000][gc,phases   ] GC(758)   Other: 0.4ms
[2025-12-25T03:59:17.763+0000][gc,heap     ] GC(758) Eden regions: 608->0(607)
[2025-12-25T03:59:17.763+0000][gc,heap     ] GC(758) Survivor regions: 6->7(77)
[2025-12-25T03:59:17.764+0000][gc,heap     ] GC(758) Old regions: 179->179
[2025-12-25T03:59:17.764+0000][gc,heap     ] GC(758) Humongous regions: 151->151
[2025-12-25T03:59:17.764+0000][gc,metaspace] GC(758) Metaspace: 16088K(16448K)->16088K(16448K) NonClass: 14426K(14528K)->14426K(14528K) Class: 1662K(1920K)->1662K(1920K)
[2025-12-25T03:59:17.764+0000][gc          ] GC(758) Pause Young (Normal) (G1 Evacuation Pause) 942M->336M(1024M) 12.974ms
[2025-12-25T03:59:17.764+0000][gc,cpu      ] GC(758) User=0.08s Sys=0.00s Real=0.01s
[2025-12-25T03:59:47.927+0000][gc,start    ] GC(759) Pause Young (Normal) (G1 Evacuation Pause)
[2025-12-25T03:59:47.927+0000][gc,task     ] GC(759) Using 8 workers of 8 for evacuation
[2025-12-25T03:59:47.944+0000][gc,phases   ] GC(759)   Pre Evacuate Collection Set: 2.6ms
[2025-12-25T03:59:47.944+0000][gc,phases   ] GC(759)   Merge Heap Roots: 0.7ms
[2025-12-25T03:59:47.944+0000][gc,phases   ] GC(759)   Evacuate Collection Set: 12.0ms
[2025-12-25T03:59:47.944+0000][gc,phases   ] GC(759)   Post Evacuate Collection Set: 1.1ms
[2025-12-25T03:59:47.944+0000][gc,phases   ] GC(759)   Other: 0.2ms
[2025-12-25T03:59:47.944+0000][gc,heap     ] GC(759) Eden regions: 607->0(608)
[2025-12-25T03:59:47.944+0000][gc,heap     ] GC(759) Survivor regions: 7->6(77)
[2025-12-25T03:59:47.944+0000][gc,heap     ] GC(759) Old regions: 179->179
[2025-12-25T03:59:47.944+0000][gc,heap     ] GC(759) Humongous regions: 151->151
[2025-12-25T03:59:47.944+0000][gc,metaspace] GC(759) Metaspace: 16088K(16448K)->16088K(16448K) NonClass: 14426K(14528K)->14426K(14528K) Class: 1662K(1920K)->1662K(1920K)
[2025-12-25T03:59:47.944+0000][gc          ] GC(759) Pause Young (Normal) (G1 Evacuation Pause) 943M->335M(1024M) 17.750ms
[2025-12-25T03:59:47.944+0000][gc,cpu      ] GC(759) User=0.10s Sys=0.00s Real=0.01s
[2025-12-25T04:00:27.633+0000][gc,start    ] GC(760) Pause Young (Normal) (G1 Evacuation Pause)
[2025-12-25T04:00:27.634+0000][gc,task     ] GC(760) Using 8 workers of 8 for evacuation
[2025-12-25T04:00:27.651+0000][gc,phases   ] GC(760)   Pre Evacuate Collection Set: 1.4ms
[2025-12-25T04:00:27.651+0000][gc,phases   ] GC(760)   Merge Heap Roots: 0.5ms
[2025-12-25T04:00:27.651+0000][gc,phases   ] GC(760)   Evacuate Collection Set: 11.7ms
[2025-12-25T04:00:27.651+0000][gc,phases   ] GC(760)   Post Evacuate Collection Set: 2.2ms
[2025-12-25T04:00:27.651+0000][gc,phases   ] GC(760)   Other: 0.6ms
[2025-12-25T04:00:27.651+0000][gc,heap     ] GC(760) Eden regions: 608->0(606)
[2025-12-25T04:00:27.651+0000][gc,heap     ] GC(760) Survivor regions: 6->8(77)
[2025-12-25T04:00:27.651+0000][gc,heap     ] GC(760) Old regions: 179->179
[2025-12-25T04:00:27.651+0000][gc,heap     ] GC(760) Humongous regions: 151->151
[2025-12-25T04:00:27.651+0000][gc,metaspace] GC(760) Metaspace: 16088K(16448K)->16088K(16448K) NonClass: 14426K(14528K)->14426K(14528K) Class: 1662K(1920K)->1662K(1920K)
[2025-12-25T04:00:27.652+0000][gc          ] GC(760) Pause Young (Normal) (G1 Evacuation Pause) 943M->337M(1024M) 18.226ms
[2025-12-25T04:00:27.652+0000][gc,cpu      ] GC(760) User=0.11s Sys=0.00s Real=0.02s
[2025-12-25T04:00:57.806+0000][gc,start    ] GC(761) Pause Young (Normal) (G1 Evacuation Pause)
[2025-12-25T04:00:57.807+0000][gc,task     ] GC(761) Using 8 workers of 8 for evacuation
[2025-12-25T04:00:57.825+0000][gc,phases   ] GC(761)   Pre Evacuate Collection Set: 1.2ms
[2025-12-25T04:00:57.825+0000][gc,phases   ] GC(761)   Merge Heap Roots: 0.3ms
[2025-12-25T04:00:57.825+0000][gc,phases   ] GC(761)   Evacuate Collection Set: 14.9ms
[2025-12-25T04:00:57.825+0000][gc,phases   ] GC(761)   Post Evacuate Collection Set: 1.1ms
[2025-12-25T04:00:57.825+0000][gc,phases   ] GC(761)   Other: 0.4ms
[2025-12-25T04:00:57.825+0000][gc,heap     ] GC(761) Eden regions: 606->0(604)
[2025-12-25T04:00:57.825+0000][gc,heap     ] GC(761) Survivor regions: 8->10(77)
[2025-12-25T04:00:57.825+0000][gc,heap     ] GC(761) Old regions: 179->179
[2025-12-25T04:00:57.825+0000][gc,heap     ] GC(761) Humongous regions: 151->151
[2025-12-25T04:00:57.825+0000][gc,metaspace] GC(761) Metaspace: 16088K(16448K)->16088K(16448K) NonClass: 14426K(14528K)->14426K(14528K) Class: 1662K(1920K)->1662K(1920K)
[2025-12-25T04:00:57.825+0000][gc          ] GC(761) Pause Young (Normal) (G1 Evacuation Pause) 943M->339M(1024M) 19.720ms
[2025-12-25T04:00:57.825+0000][gc,cpu      ] GC(761) User=0.12s Sys=0.01s Real=0.02s
[2025-12-25T04:01:37.463+0000][gc,start    ] GC(762) Pause Young (Normal) (G1 Evacuation Pause)
[2025-12-25T04:01:37.464+0000][gc,task     ] GC(762) Using 8 workers of 8 for evacuation
[2025-12-25T04:01:37.482+0000][gc,phases   ] GC(762)   Pre Evacuate Collection Set: 1.3ms
[2025-12-25T04:01:37.482+0000][gc,phases   ] GC(762)   Merge Heap Roots: 0.2ms
[2025-12-25T04:01:37.483+0000][gc,phases   ] GC(762)   Evacuate Collection Set: 13.6ms
[2025-12-25T04:01:37.483+0000][gc,phases   ] GC(762)   Post Evacuate Collection Set: 3.4ms
[2025-12-25T04:01:37.483+0000][gc,phases   ] GC(762)   Other: 0.3ms
[2025-12-25T04:01:37.483+0000][gc,heap     ] GC(762) Eden regions: 604->0(609)
[2025-12-25T04:01:37.483+0000][gc,heap     ] GC(762) Survivor regions: 10->5(77)
[2025-12-25T04:01:37.483+0000][gc,heap     ] GC(762) Old regions: 179->179
[2025-12-25T04:01:37.483+0000][gc,heap     ] GC(762) Humongous regions: 151->151
[2025-12-25T04:01:37.483+0000][gc,metaspace] GC(762) Metaspace: 16088K(16448K)->16088K(16448K) NonClass: 14426K(14528K)->14426K(14528K) Class: 1662K(1920K)->1662K(1920K)
[2025-12-25T04:01:37.483+0000][gc          ] GC(762) Pause Young (Normal) (G1 Evacuation Pause) 943M->334M(1024M) 20.202ms
[2025-12-25T04:01:37.483+0000][gc,cpu      ] GC(762) User=0.12s Sys=0.01s Real=0.02s
[2025-12-25T04:02:07.692+0000][gc,start    ] GC(763) Pause Young (Normal) (G1 Evacuation Pause)
[2025-12-25T04:02:07.693+0000][gc,task     ] GC(763) Using 8 workers of 8 for evacuation
[2025-12-25T04:02:07.706+0000][gc,phases   ] GC(763)   Pre Evacuate Collection Set: 1.5ms
[2025-12-25T04:02:07.706+0000][gc,phases   ] GC(763)   Merge Heap Roots: 0.4ms
[2025-12-25T04:02:07.706+0000][gc,phases   ] GC(763)   Evacuate Collection Set: 9.8ms
[2025-12-25T04:02:07.706+0000][gc,phases   ] GC(763)   Post Evacuate Collection Set: 1.2ms
[2025-12-25T04:02:07.706+0000][gc,phases   ] GC(763)   Other: 0.4ms
[2025-12-25T04:02:07.706+0000][gc,heap     ] GC(763) Eden regions: 609->0(608)
[2025-12-25T04:02:07.706+0000][gc,heap     ] GC(763) Survivor regions: 5->6(77)
[2025-12-25T04:02:07.706+0000][gc,heap     ] GC(763) Old regions: 179->179
[2025-12-25T04:02:07.706+0000][gc,heap     ] GC(763) Humongous regions: 151->151
[2025-12-25T04:02:07.707+0000][gc,metaspace] GC(763) Metaspace: 16089K(16448K)->16089K(16448K) NonClass: 14426K(14528K)->14426K(14528K) Class: 1662K(1920K)->1662K(1920K)
[2025-12-25T04:02:07.707+0000][gc          ] GC(763) Pause Young (Normal) (G1 Evacuation Pause) 943M->335M(1024M) 14.631ms
[2025-12-25T04:02:07.707+0000][gc,cpu      ] GC(763) User=0.08s Sys=0.01s Real=0.02s
[2025-12-25T04:02:38.010+0000][gc,start    ] GC(764) Pause Young (Normal) (G1 Evacuation Pause)
[2025-12-25T04:02:38.011+0000][gc,task     ] GC(764) Using 8 workers of 8 for evacuation
[2025-12-25T04:02:38.030+0000][gc,phases   ] GC(764)   Pre Evacuate Collection Set: 2.7ms
[2025-12-25T04:02:38.030+0000][gc,phases   ] GC(764)   Merge Heap Roots: 1.3ms
[2025-12-25T04:02:38.030+0000][gc,phases   ] GC(764)   Evacuate Collection Set: 13.1ms
[2025-12-25T04:02:38.030+0000][gc,phases   ] GC(764)   Post Evacuate Collection Set: 1.4ms
[2025-12-25T04:02:38.030+0000][gc,phases   ] GC(764)   Other: 1.0ms
[2025-12-25T04:02:38.030+0000][gc,heap     ] GC(764) Eden regions: 608->0(606)
[2025-12-25T04:02:38.030+0000][gc,heap     ] GC(764) Survivor regions: 6->8(77)
[2025-12-25T04:02:38.030+0000][gc,heap     ] GC(764) Old regions: 179->180
[2025-12-25T04:02:38.031+0000][gc,heap     ] GC(764) Humongous regions: 151->151
[2025-12-25T04:02:38.031+0000][gc,metaspace] GC(764) Metaspace: 16089K(16448K)->16089K(16448K) NonClass: 14426K(14528K)->14426K(14528K) Class: 1662K(1920K)->1662K(1920K)
[2025-12-25T04:02:38.031+0000][gc          ] GC(764) Pause Young (Normal) (G1 Evacuation Pause) 943M->337M(1024M) 20.622ms
[2025-12-25T04:02:38.031+0000][gc,cpu      ] GC(764) User=0.10s Sys=0.01s Real=0.02s
[2025-12-25T04:03:17.506+0000][gc,start    ] GC(765) Pause Young (Normal) (G1 Evacuation Pause)
[2025-12-25T04:03:17.507+0000][gc,task     ] GC(765) Using 8 workers of 8 for evacuation
[2025-12-25T04:03:17.533+0000][gc,phases   ] GC(765)   Pre Evacuate Collection Set: 6.6ms
[2025-12-25T04:03:17.533+0000][gc,phases   ] GC(765)   Merge Heap Roots: 0.8ms
[2025-12-25T04:03:17.533+0000][gc,phases   ] GC(765)   Evacuate Collection Set: 14.8ms
[2025-12-25T04:03:17.534+0000][gc,phases   ] GC(765)   Post Evacuate Collection Set: 3.6ms
[2025-12-25T04:03:17.534+0000][gc,phases   ] GC(765)   Other: 0.7ms
[2025-12-25T04:03:17.534+0000][gc,heap     ] GC(765) Eden regions: 606->0(607)
[2025-12-25T04:03:17.534+0000][gc,heap     ] GC(765) Survivor regions: 8->7(77)
[2025-12-25T04:03:17.534+0000][gc,heap     ] GC(765) Old regions: 180->180
[2025-12-25T04:03:17.534+0000][gc,heap     ] GC(765) Humongous regions: 151->151
[2025-12-25T04:03:17.534+0000][gc,metaspace] GC(765) Metaspace: 16089K(16448K)->16089K(16448K) NonClass: 14426K(14528K)->14426K(14528K) Class: 1662K(1920K)->1662K(1920K)
[2025-12-25T04:03:17.534+0000][gc          ] GC(765) Pause Young (Normal) (G1 Evacuation Pause) 943M->336M(1024M) 27.884ms
[2025-12-25T04:03:17.534+0000][gc,cpu      ] GC(765) User=0.15s Sys=0.01s Real=0.03s
[2025-12-25T04:03:47.748+0000][gc,start    ] GC(766) Pause Young (Normal) (G1 Evacuation Pause)
[2025-12-25T04:03:47.749+0000][gc,task     ] GC(766) Using 8 workers of 8 for evacuation
[2025-12-25T04:03:47.770+0000][gc,phases   ] GC(766)   Pre Evacuate Collection Set: 3.2ms
[2025-12-25T04:03:47.770+0000][gc,phases   ] GC(766)   Merge Heap Roots: 1.5ms
[2025-12-25T04:03:47.770+0000][gc,phases   ] GC(766)   Evacuate Collection Set: 13.7ms
[2025-12-25T04:03:47.770+0000][gc,phases   ] GC(766)   Post Evacuate Collection Set: 1.3ms
[2025-12-25T04:03:47.770+0000][gc,phases   ] GC(766)   Other: 0.8ms
[2025-12-25T04:03:47.770+0000][gc,heap     ] GC(766) Eden regions: 607->0(605)
[2025-12-25T04:03:47.770+0000][gc,heap     ] GC(766) Survivor regions: 7->9(77)
[2025-12-25T04:03:47.770+0000][gc,heap     ] GC(766) Old regions: 180->180
[2025-12-25T04:03:47.770+0000][gc,heap     ] GC(766) Humongous regions: 151->151
[2025-12-25T04:03:47.770+0000][gc,metaspace] GC(766) Metaspace: 16089K(16448K)->16089K(16448K) NonClass: 14426K(14528K)->14426K(14528K) Class: 1662K(1920K)->1662K(1920K)
[2025-12-25T04:03:47.770+0000][gc          ] GC(766) Pause Young (Normal) (G1 Evacuation Pause) 943M->338M(1024M) 22.014ms
[2025-12-25T04:03:47.770+0000][gc,cpu      ] GC(766) User=0.13s Sys=0.01s Real=0.02s
[2025-12-25T04:04:27.388+0000][gc,start    ] GC(767) Pause Young (Normal) (G1 Evacuation Pause)
[2025-12-25T04:04:27.389+0000][gc,task     ] GC(767) Using 8 workers of 8 for evacuation
[2025-12-25T04:04:27.408+0000][gc,phases   ] GC(767)   Pre Evacuate Collection Set: 1.2ms
[2025-12-25T04:04:27.408+0000][gc,phases   ] GC(767)   Merge Heap Roots: 0.5ms
[2025-12-25T04:04:27.408+0000][gc,phases   ] GC(767)   Evacuate Collection Set: 15.6ms
[2025-12-25T04:04:27.408+0000][gc,phases   ] GC(767)   Post Evacuate Collection Set: 1.5ms
[2025-12-25T04:04:27.408+0000][gc,phases   ] GC(767)   Other: 0.2ms
[2025-12-25T04:04:27.408+0000][gc,heap     ] GC(767) Eden regions: 605->0(606)
[2025-12-25T04:04:27.408+0000][gc,heap     ] GC(767) Survivor regions: 9->8(77)
[2025-12-25T04:04:27.408+0000][gc,heap     ] GC(767) Old regions: 180->180
[2025-12-25T04:04:27.408+0000][gc,heap     ] GC(767) Humongous regions: 151->151
[2025-12-25T04:04:27.408+0000][gc,metaspace] GC(767) Metaspace: 16089K(16448K)->16089K(16448K) NonClass: 14426K(14528K)->14426K(14528K) Class: 1662K(1920K)->1662K(1920K)
[2025-12-25T04:04:27.408+0000][gc          ] GC(767) Pause Young (Normal) (G1 Evacuation Pause) 943M->337M(1024M) 19.939ms
[2025-12-25T04:04:27.408+0000][gc,cpu      ] GC(767) User=0.13s Sys=0.00s Real=0.02s
[2025-12-25T04:04:57.682+0000][gc,start    ] GC(768) Pause Young (Normal) (G1 Evacuation Pause)
[2025-12-25T04:04:57.683+0000][gc,task     ] GC(768) Using 8 workers of 8 for evacuation
[2025-12-25T04:04:57.705+0000][gc,phases   ] GC(768)   Pre Evacuate Collection Set: 1.6ms
[2025-12-25T04:04:57.705+0000][gc,phases   ] GC(768)   Merge Heap Roots: 0.4ms
[2025-12-25T04:04:57.705+0000][gc,phases   ] GC(768)   Evacuate Collection Set: 14.6ms
[2025-12-25T04:04:57.705+0000][gc,phases   ] GC(768)   Post Evacuate Collection Set: 4.7ms
[2025-12-25T04:04:57.705+0000][gc,phases   ] GC(768)   Other: 0.6ms
[2025-12-25T04:04:57.705+0000][gc,heap     ] GC(768) Eden regions: 606->0(604)
[2025-12-25T04:04:57.705+0000][gc,heap     ] GC(768) Survivor regions: 8->10(77)
[2025-12-25T04:04:57.705+0000][gc,heap     ] GC(768) Old regions: 180->180
[2025-12-25T04:04:57.705+0000][gc,heap     ] GC(768) Humongous regions: 151->151
[2025-12-25T04:04:57.705+0000][gc,metaspace] GC(768) Metaspace: 16089K(16448K)->16089K(16448K) NonClass: 14426K(14528K)->14426K(14528K) Class: 1662K(1920K)->1662K(1920K)
[2025-12-25T04:04:57.705+0000][gc          ] GC(768) Pause Young (Normal) (G1 Evacuation Pause) 943M->339M(1024M) 23.108ms
[2025-12-25T04:04:57.705+0000][gc,cpu      ] GC(768) User=0.13s Sys=0.00s Real=0.03s
[2025-12-25T04:05:28.005+0000][gc,start    ] GC(769) Pause Young (Normal) (G1 Evacuation Pause)
[2025-12-25T04:05:28.006+0000][gc,task     ] GC(769) Using 8 workers of 8 for evacuation
[2025-12-25T04:05:28.028+0000][gc,phases   ] GC(769)   Pre Evacuate Collection Set: 1.5ms
[2025-12-25T04:05:28.028+0000][gc,phases   ] GC(769)   Merge Heap Roots: 0.4ms
[2025-12-25T04:05:28.028+0000][gc,phases   ] GC(769)   Evacuate Collection Set: 18.2ms
[2025-12-25T04:05:28.028+0000][gc,phases   ] GC(769)   Post Evacuate Collection Set: 1.1ms
[2025-12-25T04:05:28.028+0000][gc,phases   ] GC(769)   Other: 0.3ms
[2025-12-25T04:05:28.028+0000][gc,heap     ] GC(769) Eden regions: 604->0(607)
[2025-12-25T04:05:28.028+0000][gc,heap     ] GC(769) Survivor regions: 10->7(77)
[2025-12-25T04:05:28.028+0000][gc,heap     ] GC(769) Old regions: 180->180
[2025-12-25T04:05:28.028+0000][gc,heap     ] GC(769) Humongous regions: 151->151
[2025-12-25T04:05:28.028+0000][gc,metaspace] GC(769) Metaspace: 16091K(16512K)->16091K(16512K) NonClass: 14429K(14592K)->14429K(14592K) Class: 1662K(1920K)->1662K(1920K)
[2025-12-25T04:05:28.028+0000][gc          ] GC(769) Pause Young (Normal) (G1 Evacuation Pause) 943M->336M(1024M) 23.505ms
[2025-12-25T04:05:28.028+0000][gc,cpu      ] GC(769) User=0.12s Sys=0.00s Real=0.02s
[2025-12-25T04:06:07.473+0000][gc,start    ] GC(770) Pause Young (Normal) (G1 Evacuation Pause)
[2025-12-25T04:06:07.474+0000][gc,task     ] GC(770) Using 8 workers of 8 for evacuation
[2025-12-25T04:06:07.495+0000][gc,phases   ] GC(770)   Pre Evacuate Collection Set: 1.2ms
[2025-12-25T04:06:07.496+0000][gc,phases   ] GC(770)   Merge Heap Roots: 0.2ms
[2025-12-25T04:06:07.496+0000][gc,phases   ] GC(770)   Evacuate Collection Set: 18.9ms
[2025-12-25T04:06:07.496+0000][gc,phases   ] GC(770)   Post Evacuate Collection Set: 1.3ms
[2025-12-25T04:06:07.496+0000][gc,phases   ] GC(770)   Other: 0.3ms
[2025-12-25T04:06:07.496+0000][gc,heap     ] GC(770) Eden regions: 607->0(608)
[2025-12-25T04:06:07.496+0000][gc,heap     ] GC(770) Survivor regions: 7->6(77)
[2025-12-25T04:06:07.496+0000][gc,heap     ] GC(770) Old regions: 180->180
[2025-12-25T04:06:07.496+0000][gc,heap     ] GC(770) Humongous regions: 151->151
[2025-12-25T04:06:07.496+0000][gc,metaspace] GC(770) Metaspace: 16091K(16512K)->16091K(16512K) NonClass: 14429K(14592K)->14429K(14592K) Class: 1662K(1920K)->1662K(1920K)
[2025-12-25T04:06:07.496+0000][gc          ] GC(770) Pause Young (Normal) (G1 Evacuation Pause) 943M->336M(1024M) 23.274ms
[2025-12-25T04:06:07.496+0000][gc,cpu      ] GC(770) User=0.14s Sys=0.01s Real=0.02s
[2025-12-25T04:06:37.722+0000][gc,start    ] GC(771) Pause Young (Normal) (G1 Evacuation Pause)
[2025-12-25T04:06:37.723+0000][gc,task     ] GC(771) Using 8 workers of 8 for evacuation
[2025-12-25T04:06:37.742+0000][gc,phases   ] GC(771)   Pre Evacuate Collection Set: 2.8ms
[2025-12-25T04:06:37.742+0000][gc,phases   ] GC(771)   Merge Heap Roots: 0.7ms
[2025-12-25T04:06:37.743+0000][gc,phases   ] GC(771)   Evacuate Collection Set: 14.6ms
[2025-12-25T04:06:37.743+0000][gc,phases   ] GC(771)   Post Evacuate Collection Set: 1.2ms
[2025-12-25T04:06:37.743+0000][gc,phases   ] GC(771)   Other: 0.5ms
[2025-12-25T04:06:37.743+0000][gc,heap     ] GC(771) Eden regions: 608->0(607)
[2025-12-25T04:06:37.743+0000][gc,heap     ] GC(771) Survivor regions: 6->7(77)
[2025-12-25T04:06:37.743+0000][gc,heap     ] GC(771) Old regions: 180->181
[2025-12-25T04:06:37.743+0000][gc,heap     ] GC(771) Humongous regions: 151->151
[2025-12-25T04:06:37.743+0000][gc,metaspace] GC(771) Metaspace: 16091K(16512K)->16091K(16512K) NonClass: 14429K(14592K)->14429K(14592K) Class: 1662K(1920K)->1662K(1920K)
[2025-12-25T04:06:37.743+0000][gc          ] GC(771) Pause Young (Normal) (G1 Evacuation Pause) 944M->337M(1024M) 20.964ms
[2025-12-25T04:06:37.743+0000][gc,cpu      ] GC(771) User=0.14s Sys=0.00s Real=0.03s
[2025-12-25T04:07:07.889+0000][gc,start    ] GC(772) Pause Young (Normal) (G1 Evacuation Pause)
[2025-12-25T04:07:07.890+0000][gc,task     ] GC(772) Using 8 workers of 8 for evacuation
[2025-12-25T04:07:07.905+0000][gc,phases   ] GC(772)   Pre Evacuate Collection Set: 3.2ms
[2025-12-25T04:07:07.906+0000][gc,phases   ] GC(772)   Merge Heap Roots: 0.5ms
[2025-12-25T04:07:07.906+0000][gc,phases   ] GC(772)   Evacuate Collection Set: 10.0ms
[2025-12-25T04:07:07.906+0000][gc,phases   ] GC(772)   Post Evacuate Collection Set: 1.1ms
[2025-12-25T04:07:07.906+0000][gc,phases   ] GC(772)   Other: 0.5ms
[2025-12-25T04:07:07.906+0000][gc,heap     ] GC(772) Eden regions: 607->0(606)
[2025-12-25T04:07:07.906+0000][gc,heap     ] GC(772) Survivor regions: 7->8(77)
[2025-12-25T04:07:07.906+0000][gc,heap     ] GC(772) Old regions: 181->181
[2025-12-25T04:07:07.906+0000][gc,heap     ] GC(772) Humongous regions: 151->151
[2025-12-25T04:07:07.906+0000][gc,metaspace] GC(772) Metaspace: 16092K(16512K)->16092K(16512K) NonClass: 14429K(14592K)->14429K(14592K) Class: 1662K(1920K)->1662K(1920K)
[2025-12-25T04:07:07.906+0000][gc          ] GC(772) Pause Young (Normal) (G1 Evacuation Pause) 944M->339M(1024M) 16.754ms
[2025-12-25T04:07:07.906+0000][gc,cpu      ] GC(772) User=0.10s Sys=0.00s Real=0.02s
[2025-12-25T04:07:47.589+0000][gc,start    ] GC(773) Pause Young (Normal) (G1 Evacuation Pause)
[2025-12-25T04:07:47.590+0000][gc,task     ] GC(773) Using 8 workers of 8 for evacuation
[2025-12-25T04:07:47.610+0000][gc,phases   ] GC(773)   Pre Evacuate Collection Set: 2.8ms
[2025-12-25T04:07:47.610+0000][gc,phases   ] GC(773)   Merge Heap Roots: 1.1ms
[2025-12-25T04:07:47.611+0000][gc,phases   ] GC(773)   Evacuate Collection Set: 14.3ms
[2025-12-25T04:07:47.611+0000][gc,phases   ] GC(773)   Post Evacuate Collection Set: 1.7ms
[2025-12-25T04:07:47.611+0000][gc,phases   ] GC(773)   Other: 0.6ms
[2025-12-25T04:07:47.611+0000][gc,heap     ] GC(773) Eden regions: 606->0(606)
[2025-12-25T04:07:47.611+0000][gc,heap     ] GC(773) Survivor regions: 8->8(77)
[2025-12-25T04:07:47.611+0000][gc,heap     ] GC(773) Old regions: 181->181
[2025-12-25T04:07:47.611+0000][gc,heap     ] GC(773) Humongous regions: 151->151
[2025-12-25T04:07:47.611+0000][gc,metaspace] GC(773) Metaspace: 16092K(16512K)->16092K(16512K) NonClass: 14429K(14592K)->14429K(14592K) Class: 1662K(1920K)->1662K(1920K)
[2025-12-25T04:07:47.611+0000][gc          ] GC(773) Pause Young (Normal) (G1 Evacuation Pause) 945M->338M(1024M) 21.606ms
[2025-12-25T04:07:47.611+0000][gc,cpu      ] GC(773) User=0.14s Sys=0.00s Real=0.02s
[2025-12-25T04:08:17.819+0000][gc,start    ] GC(774) Pause Young (Normal) (G1 Evacuation Pause)
[2025-12-25T04:08:17.820+0000][gc,task     ] GC(774) Using 8 workers of 8 for evacuation
[2025-12-25T04:08:17.842+0000][gc,phases   ] GC(774)   Pre Evacuate Collection Set: 5.1ms
[2025-12-25T04:08:17.842+0000][gc,phases   ] GC(774)   Merge Heap Roots: 0.6ms
[2025-12-25T04:08:17.842+0000][gc,phases   ] GC(774)   Evacuate Collection Set: 13.5ms
[2025-12-25T04:08:17.842+0000][gc,phases   ] GC(774)   Post Evacuate Collection Set: 1.1ms
[2025-12-25T04:08:17.842+0000][gc,phases   ] GC(774)   Other: 2.5ms
[2025-12-25T04:08:17.843+0000][gc,heap     ] GC(774) Eden regions: 606->0(604)
[2025-12-25T04:08:17.843+0000][gc,heap     ] GC(774) Survivor regions: 8->10(77)
[2025-12-25T04:08:17.843+0000][gc,heap     ] GC(774) Old regions: 181->181
[2025-12-25T04:08:17.843+0000][gc,heap     ] GC(774) Humongous regions: 151->151
[2025-12-25T04:08:17.843+0000][gc,metaspace] GC(774) Metaspace: 16092K(16512K)->16092K(16512K) NonClass: 14429K(14592K)->14429K(14592K) Class: 1662K(1920K)->1662K(1920K)
[2025-12-25T04:08:17.843+0000][gc          ] GC(774) Pause Young (Normal) (G1 Evacuation Pause) 944M->340M(1024M) 24.107ms
[2025-12-25T04:08:17.843+0000][gc,cpu      ] GC(774) User=0.10s Sys=0.01s Real=0.03s
[2025-12-25T04:08:57.396+0000][gc,start    ] GC(775) Pause Young (Normal) (G1 Evacuation Pause)
[2025-12-25T04:08:57.396+0000][gc,task     ] GC(775) Using 8 workers of 8 for evacuation
[2025-12-25T04:08:57.417+0000][gc,phases   ] GC(775)   Pre Evacuate Collection Set: 1.7ms
[2025-12-25T04:08:57.417+0000][gc,phases   ] GC(775)   Merge Heap Roots: 0.3ms
[2025-12-25T04:08:57.417+0000][gc,phases   ] GC(775)   Evacuate Collection Set: 14.5ms
[2025-12-25T04:08:57.417+0000][gc,phases   ] GC(775)   Post Evacuate Collection Set: 3.3ms
[2025-12-25T04:08:57.417+0000][gc,phases   ] GC(775)   Other: 0.3ms
[2025-12-25T04:08:57.417+0000][gc,heap     ] GC(775) Eden regions: 604->0(605)
[2025-12-25T04:08:57.417+0000][gc,heap     ] GC(775) Survivor regions: 10->9(77)
[2025-12-25T04:08:57.417+0000][gc,heap     ] GC(775) Old regions: 181->182
[2025-12-25T04:08:57.417+0000][gc,heap     ] GC(775) Humongous regions: 151->151
[2025-12-25T04:08:57.417+0000][gc,metaspace] GC(775) Metaspace: 16092K(16512K)->16092K(16512K) NonClass: 14429K(14592K)->14429K(14592K) Class: 1662K(1920K)->1662K(1920K)
[2025-12-25T04:08:57.417+0000][gc          ] GC(775) Pause Young (Normal) (G1 Evacuation Pause) 944M->340M(1024M) 21.585ms
[2025-12-25T04:08:57.418+0000][gc,cpu      ] GC(775) User=0.13s Sys=0.01s Real=0.02s
[2025-12-25T04:09:27.628+0000][gc,start    ] GC(776) Pause Young (Normal) (G1 Evacuation Pause)
[2025-12-25T04:09:27.630+0000][gc,task     ] GC(776) Using 8 workers of 8 for evacuation
[2025-12-25T04:09:27.643+0000][gc,phases   ] GC(776)   Pre Evacuate Collection Set: 2.4ms
[2025-12-25T04:09:27.643+0000][gc,phases   ] GC(776)   Merge Heap Roots: 0.3ms
[2025-12-25T04:09:27.643+0000][gc,phases   ] GC(776)   Evacuate Collection Set: 8.0ms
[2025-12-25T04:09:27.643+0000][gc,phases   ] GC(776)   Post Evacuate Collection Set: 1.1ms
[2025-12-25T04:09:27.643+0000][gc,phases   ] GC(776)   Other: 1.0ms
[2025-12-25T04:09:27.643+0000][gc,heap     ] GC(776) Eden regions: 605->0(609)
[2025-12-25T04:09:27.643+0000][gc,heap     ] GC(776) Survivor regions: 9->5(77)
[2025-12-25T04:09:27.643+0000][gc,heap     ] GC(776) Old regions: 182->182
[2025-12-25T04:09:27.643+0000][gc,heap     ] GC(776) Humongous regions: 151->151
[2025-12-25T04:09:27.643+0000][gc,metaspace] GC(776) Metaspace: 16092K(16512K)->16092K(16512K) NonClass: 14429K(14592K)->14429K(14592K) Class: 1662K(1920K)->1662K(1920K)
[2025-12-25T04:09:27.643+0000][gc          ] GC(776) Pause Young (Normal) (G1 Evacuation Pause) 945M->337M(1024M) 15.934ms
[2025-12-25T04:09:27.644+0000][gc,cpu      ] GC(776) User=0.08s Sys=0.01s Real=0.02s
[2025-12-25T04:09:57.841+0000][gc,start    ] GC(777) Pause Young (Normal) (G1 Evacuation Pause)
[2025-12-25T04:09:57.842+0000][gc,task     ] GC(777) Using 8 workers of 8 for evacuation
[2025-12-25T04:09:57.860+0000][gc,phases   ] GC(777)   Pre Evacuate Collection Set: 1.1ms
[2025-12-25T04:09:57.860+0000][gc,phases   ] GC(777)   Merge Heap Roots: 0.3ms
[2025-12-25T04:09:57.860+0000][gc,phases   ] GC(777)   Evacuate Collection Set: 15.6ms
[2025-12-25T04:09:57.860+0000][gc,phases   ] GC(777)   Post Evacuate Collection Set: 1.1ms
[2025-12-25T04:09:57.860+0000][gc,phases   ] GC(777)   Other: 0.3ms
[2025-12-25T04:09:57.860+0000][gc,heap     ] GC(777) Eden regions: 609->0(607)
[2025-12-25T04:09:57.860+0000][gc,heap     ] GC(777) Survivor regions: 5->7(77)
[2025-12-25T04:09:57.860+0000][gc,heap     ] GC(777) Old regions: 182->182
[2025-12-25T04:09:57.860+0000][gc,heap     ] GC(777) Humongous regions: 151->151
[2025-12-25T04:09:57.860+0000][gc,metaspace] GC(777) Metaspace: 16092K(16512K)->16092K(16512K) NonClass: 14429K(14592K)->14429K(14592K) Class: 1662K(1920K)->1662K(1920K)
[2025-12-25T04:09:57.860+0000][gc          ] GC(777) Pause Young (Normal) (G1 Evacuation Pause) 946M->339M(1024M) 19.322ms
[2025-12-25T04:09:57.860+0000][gc,cpu      ] GC(777) User=0.13s Sys=0.00s Real=0.02s
[2025-12-25T04:10:37.515+0000][gc,start    ] GC(778) Pause Young (Normal) (G1 Evacuation Pause)
[2025-12-25T04:10:37.516+0000][gc,task     ] GC(778) Using 8 workers of 8 for evacuation
[2025-12-25T04:10:37.536+0000][gc,phases   ] GC(778)   Pre Evacuate Collection Set: 3.6ms
[2025-12-25T04:10:37.536+0000][gc,phases   ] GC(778)   Merge Heap Roots: 0.4ms
[2025-12-25T04:10:37.536+0000][gc,phases   ] GC(778)   Evacuate Collection Set: 12.5ms
[2025-12-25T04:10:37.536+0000][gc,phases   ] GC(778)   Post Evacuate Collection Set: 2.3ms
[2025-12-25T04:10:37.536+0000][gc,phases   ] GC(778)   Other: 1.0ms
[2025-12-25T04:10:37.537+0000][gc,heap     ] GC(778) Eden regions: 607->0(608)
[2025-12-25T04:10:37.537+0000][gc,heap     ] GC(778) Survivor regions: 7->6(77)
[2025-12-25T04:10:37.537+0000][gc,heap     ] GC(778) Old regions: 182->182
[2025-12-25T04:10:37.537+0000][gc,heap     ] GC(778) Humongous regions: 151->151
[2025-12-25T04:10:37.537+0000][gc,metaspace] GC(778) Metaspace: 16092K(16512K)->16092K(16512K) NonClass: 14429K(14592K)->14429K(14592K) Class: 1662K(1920K)->1662K(1920K)
[2025-12-25T04:10:37.537+0000][gc          ] GC(778) Pause Young (Normal) (G1 Evacuation Pause) 946M->338M(1024M) 21.794ms
[2025-12-25T04:10:37.537+0000][gc,cpu      ] GC(778) User=0.11s Sys=0.01s Real=0.02s
[2025-12-25T04:11:07.805+0000][gc,start    ] GC(779) Pause Young (Normal) (G1 Evacuation Pause)
[2025-12-25T04:11:07.805+0000][gc,task     ] GC(779) Using 8 workers of 8 for evacuation
[2025-12-25T04:11:07.823+0000][gc,phases   ] GC(779)   Pre Evacuate Collection Set: 3.0ms
[2025-12-25T04:11:07.823+0000][gc,phases   ] GC(779)   Merge Heap Roots: 0.7ms
[2025-12-25T04:11:07.823+0000][gc,phases   ] GC(779)   Evacuate Collection Set: 11.8ms
[2025-12-25T04:11:07.823+0000][gc,phases   ] GC(779)   Post Evacuate Collection Set: 1.6ms
[2025-12-25T04:11:07.823+0000][gc,phases   ] GC(779)   Other: 0.5ms
[2025-12-25T04:11:07.823+0000][gc,heap     ] GC(779) Eden regions: 608->0(606)
[2025-12-25T04:11:07.823+0000][gc,heap     ] GC(779) Survivor regions: 6->8(77)
[2025-12-25T04:11:07.823+0000][gc,heap     ] GC(779) Old regions: 182->182
[2025-12-25T04:11:07.823+0000][gc,heap     ] GC(779) Humongous regions: 151->151
[2025-12-25T04:11:07.824+0000][gc,metaspace] GC(779) Metaspace: 16092K(16512K)->16092K(16512K) NonClass: 14429K(14592K)->14429K(14592K) Class: 1662K(1920K)->1662K(1920K)
[2025-12-25T04:11:07.824+0000][gc          ] GC(779) Pause Young (Normal) (G1 Evacuation Pause) 946M->340M(1024M) 19.086ms
[2025-12-25T04:11:07.824+0000][gc,cpu      ] GC(779) User=0.10s Sys=0.01s Real=0.02s
[2025-12-25T04:11:38.021+0000][gc,start    ] GC(780) Pause Young (Normal) (G1 Evacuation Pause)
[2025-12-25T04:11:38.021+0000][gc,task     ] GC(780) Using 8 workers of 8 for evacuation
[2025-12-25T04:11:38.043+0000][gc,phases   ] GC(780)   Pre Evacuate Collection Set: 1.3ms
[2025-12-25T04:11:38.043+0000][gc,phases   ] GC(780)   Merge Heap Roots: 0.2ms
[2025-12-25T04:11:38.043+0000][gc,phases   ] GC(780)   Evacuate Collection Set: 18.6ms
[2025-12-25T04:11:38.043+0000][gc,phases   ] GC(780)   Post Evacuate Collection Set: 1.2ms
[2025-12-25T04:11:38.043+0000][gc,phases   ] GC(780)   Other: 0.4ms
[2025-12-25T04:11:38.043+0000][gc,heap     ] GC(780) Eden regions: 606->0(605)
[2025-12-25T04:11:38.043+0000][gc,heap     ] GC(780) Survivor regions: 8->9(77)
[2025-12-25T04:11:38.043+0000][gc,heap     ] GC(780) Old regions: 182->183
[2025-12-25T04:11:38.043+0000][gc,heap     ] GC(780) Humongous regions: 151->151
[2025-12-25T04:11:38.044+0000][gc,metaspace] GC(780) Metaspace: 16092K(16512K)->16092K(16512K) NonClass: 14429K(14592K)->14429K(14592K) Class: 1662K(1920K)->1662K(1920K)
[2025-12-25T04:11:38.044+0000][gc          ] GC(780) Pause Young (Normal) (G1 Evacuation Pause) 946M->341M(1024M) 23.028ms
[2025-12-25T04:11:38.044+0000][gc,cpu      ] GC(780) User=0.14s Sys=0.01s Real=0.02s
[2025-12-25T04:12:17.704+0000][gc,start    ] GC(781) Pause Young (Normal) (G1 Evacuation Pause)
[2025-12-25T04:12:17.705+0000][gc,task     ] GC(781) Using 8 workers of 8 for evacuation
[2025-12-25T04:12:17.729+0000][gc,phases   ] GC(781)   Pre Evacuate Collection Set: 1.3ms
[2025-12-25T04:12:17.729+0000][gc,phases   ] GC(781)   Merge Heap Roots: 1.8ms
[2025-12-25T04:12:17.729+0000][gc,phases   ] GC(781)   Evacuate Collection Set: 16.6ms
[2025-12-25T04:12:17.729+0000][gc,phases   ] GC(781)   Post Evacuate Collection Set: 2.9ms
[2025-12-25T04:12:17.729+0000][gc,phases   ] GC(781)   Other: 1.4ms
[2025-12-25T04:12:17.730+0000][gc,heap     ] GC(781) Eden regions: 605->0(606)
[2025-12-25T04:12:17.730+0000][gc,heap     ] GC(781) Survivor regions: 9->8(76)
[2025-12-25T04:12:17.730+0000][gc,heap     ] GC(781) Old regions: 183->183
[2025-12-25T04:12:17.730+0000][gc,heap     ] GC(781) Humongous regions: 151->151
[2025-12-25T04:12:17.730+0000][gc,metaspace] GC(781) Metaspace: 16092K(16512K)->16092K(16512K) NonClass: 14429K(14592K)->14429K(14592K) Class: 1662K(1920K)->1662K(1920K)
[2025-12-25T04:12:17.730+0000][gc          ] GC(781) Pause Young (Normal) (G1 Evacuation Pause) 946M->341M(1024M) 25.781ms
[2025-12-25T04:12:17.730+0000][gc,cpu      ] GC(781) User=0.15s Sys=0.01s Real=0.03s
[2025-12-25T04:12:47.979+0000][gc,start    ] GC(782) Pause Young (Normal) (G1 Evacuation Pause)
[2025-12-25T04:12:47.979+0000][gc,task     ] GC(782) Using 8 workers of 8 for evacuation
[2025-12-25T04:12:48.000+0000][gc,phases   ] GC(782)   Pre Evacuate Collection Set: 1.2ms
[2025-12-25T04:12:48.000+0000][gc,phases   ] GC(782)   Merge Heap Roots: 2.2ms
[2025-12-25T04:12:48.000+0000][gc,phases   ] GC(782)   Evacuate Collection Set: 15.1ms
[2025-12-25T04:12:48.000+0000][gc,phases   ] GC(782)   Post Evacuate Collection Set: 1.4ms
[2025-12-25T04:12:48.000+0000][gc,phases   ] GC(782)   Other: 0.5ms
[2025-12-25T04:12:48.000+0000][gc,heap     ] GC(782) Eden regions: 606->0(604)
[2025-12-25T04:12:48.000+0000][gc,heap     ] GC(782) Survivor regions: 8->10(76)
[2025-12-25T04:12:48.000+0000][gc,heap     ] GC(782) Old regions: 183->183
[2025-12-25T04:12:48.000+0000][gc,heap     ] GC(782) Humongous regions: 151->151
[2025-12-25T04:12:48.000+0000][gc,metaspace] GC(782) Metaspace: 16092K(16512K)->16092K(16512K) NonClass: 14429K(14592K)->14429K(14592K) Class: 1662K(1920K)->1662K(1920K)
[2025-12-25T04:12:48.001+0000][gc          ] GC(782) Pause Young (Normal) (G1 Evacuation Pause) 947M->343M(1024M) 21.878ms
[2025-12-25T04:12:48.001+0000][gc,cpu      ] GC(782) User=0.14s Sys=0.00s Real=0.02s
[2025-12-25T04:13:27.513+0000][gc,start    ] GC(783) Pause Young (Normal) (G1 Evacuation Pause)
[2025-12-25T04:13:27.513+0000][gc,task     ] GC(783) Using 8 workers of 8 for evacuation
[2025-12-25T04:13:27.533+0000][gc,phases   ] GC(783)   Pre Evacuate Collection Set: 1.2ms
[2025-12-25T04:13:27.534+0000][gc,phases   ] GC(783)   Merge Heap Roots: 0.3ms
[2025-12-25T04:13:27.534+0000][gc,phases   ] GC(783)   Evacuate Collection Set: 16.8ms
[2025-12-25T04:13:27.534+0000][gc,phases   ] GC(783)   Post Evacuate Collection Set: 1.5ms
[2025-12-25T04:13:27.534+0000][gc,phases   ] GC(783)   Other: 0.4ms
[2025-12-25T04:13:27.534+0000][gc,heap     ] GC(783) Eden regions: 604->0(605)
[2025-12-25T04:13:27.534+0000][gc,heap     ] GC(783) Survivor regions: 10->9(76)
[2025-12-25T04:13:27.534+0000][gc,heap     ] GC(783) Old regions: 183->183
[2025-12-25T04:13:27.534+0000][gc,heap     ] GC(783) Humongous regions: 151->151
[2025-12-25T04:13:27.534+0000][gc,metaspace] GC(783) Metaspace: 16092K(16512K)->16092K(16512K) NonClass: 14429K(14592K)->14429K(14592K) Class: 1662K(1920K)->1662K(1920K)
[2025-12-25T04:13:27.534+0000][gc          ] GC(783) Pause Young (Normal) (G1 Evacuation Pause) 947M->342M(1024M) 21.310ms
[2025-12-25T04:13:27.534+0000][gc,cpu      ] GC(783) User=0.13s Sys=0.01s Real=0.02s
[2025-12-25T04:13:57.692+0000][gc,start    ] GC(784) Pause Young (Normal) (G1 Evacuation Pause)
[2025-12-25T04:13:57.692+0000][gc,task     ] GC(784) Using 8 workers of 8 for evacuation
[2025-12-25T04:13:57.701+0000][gc,phases   ] GC(784)   Pre Evacuate Collection Set: 1.0ms
[2025-12-25T04:13:57.701+0000][gc,phases   ] GC(784)   Merge Heap Roots: 0.3ms
[2025-12-25T04:13:57.701+0000][gc,phases   ] GC(784)   Evacuate Collection Set: 6.0ms
[2025-12-25T04:13:57.701+0000][gc,phases   ] GC(784)   Post Evacuate Collection Set: 1.0ms
[2025-12-25T04:13:57.701+0000][gc,phases   ] GC(784)   Other: 0.3ms
[2025-12-25T04:13:57.701+0000][gc,heap     ] GC(784) Eden regions: 605->0(608)
[2025-12-25T04:13:57.701+0000][gc,heap     ] GC(784) Survivor regions: 9->6(76)
[2025-12-25T04:13:57.701+0000][gc,heap     ] GC(784) Old regions: 183->184
[2025-12-25T04:13:57.701+0000][gc,heap     ] GC(784) Humongous regions: 151->151
[2025-12-25T04:13:57.702+0000][gc,metaspace] GC(784) Metaspace: 16092K(16512K)->16092K(16512K) NonClass: 14429K(14592K)->14429K(14592K) Class: 1662K(1920K)->1662K(1920K)
[2025-12-25T04:13:57.702+0000][gc          ] GC(784) Pause Young (Normal) (G1 Evacuation Pause) 947M->339M(1024M) 9.788ms
[2025-12-25T04:13:57.702+0000][gc,cpu      ] GC(784) User=0.05s Sys=0.01s Real=0.01s
[2025-12-25T04:14:27.982+0000][gc,start    ] GC(785) Pause Young (Normal) (G1 Evacuation Pause)
[2025-12-25T04:14:27.982+0000][gc,task     ] GC(785) Using 8 workers of 8 for evacuation
[2025-12-25T04:14:28.001+0000][gc,phases   ] GC(785)   Pre Evacuate Collection Set: 1.1ms
[2025-12-25T04:14:28.001+0000][gc,phases   ] GC(785)   Merge Heap Roots: 0.3ms
[2025-12-25T04:14:28.001+0000][gc,phases   ] GC(785)   Evacuate Collection Set: 15.8ms
[2025-12-25T04:14:28.001+0000][gc,phases   ] GC(785)   Post Evacuate Collection Set: 1.6ms
[2025-12-25T04:14:28.001+0000][gc,phases   ] GC(785)   Other: 0.2ms
[2025-12-25T04:14:28.001+0000][gc,heap     ] GC(785) Eden regions: 608->0(607)
[2025-12-25T04:14:28.002+0000][gc,heap     ] GC(785) Survivor regions: 6->7(75)
[2025-12-25T04:14:28.002+0000][gc,heap     ] GC(785) Old regions: 184->184
[2025-12-25T04:14:28.002+0000][gc,heap     ] GC(785) Humongous regions: 151->151
[2025-12-25T04:14:28.002+0000][gc,metaspace] GC(785) Metaspace: 16092K(16512K)->16092K(16512K) NonClass: 14430K(14592K)->14430K(14592K) Class: 1662K(1920K)->1662K(1920K)
[2025-12-25T04:14:28.002+0000][gc          ] GC(785) Pause Young (Normal) (G1 Evacuation Pause) 947M->341M(1024M) 20.143ms
[2025-12-25T04:14:28.002+0000][gc,cpu      ] GC(785) User=0.12s Sys=0.01s Real=0.02s
[2025-12-25T04:15:07.604+0000][gc,start    ] GC(786) Pause Young (Normal) (G1 Evacuation Pause)
[2025-12-25T04:15:07.605+0000][gc,task     ] GC(786) Using 8 workers of 8 for evacuation
[2025-12-25T04:15:07.625+0000][gc,phases   ] GC(786)   Pre Evacuate Collection Set: 3.9ms
[2025-12-25T04:15:07.625+0000][gc,phases   ] GC(786)   Merge Heap Roots: 0.3ms
[2025-12-25T04:15:07.625+0000][gc,phases   ] GC(786)   Evacuate Collection Set: 13.9ms
[2025-12-25T04:15:07.625+0000][gc,phases   ] GC(786)   Post Evacuate Collection Set: 1.3ms
[2025-12-25T04:15:07.625+0000][gc,phases   ] GC(786)   Other: 1.1ms
[2025-12-25T04:15:07.625+0000][gc,heap     ] GC(786) Eden regions: 607->0(607)
[2025-12-25T04:15:07.625+0000][gc,heap     ] GC(786) Survivor regions: 7->7(75)
[2025-12-25T04:15:07.625+0000][gc,heap     ] GC(786) Old regions: 184->184
[2025-12-25T04:15:07.625+0000][gc,heap     ] GC(786) Humongous regions: 151->151
[2025-12-25T04:15:07.626+0000][gc,metaspace] GC(786) Metaspace: 16092K(16512K)->16092K(16512K) NonClass: 14430K(14592K)->14430K(14592K) Class: 1662K(1920K)->1662K(1920K)
[2025-12-25T04:15:07.626+0000][gc          ] GC(786) Pause Young (Normal) (G1 Evacuation Pause) 948M->340M(1024M) 21.679ms
[2025-12-25T04:15:07.626+0000][gc,cpu      ] GC(786) User=0.14s Sys=0.00s Real=0.02s
[2025-12-25T04:15:37.796+0000][gc,start    ] GC(787) Pause Young (Normal) (G1 Evacuation Pause)
[2025-12-25T04:15:37.797+0000][gc,task     ] GC(787) Using 8 workers of 8 for evacuation
[2025-12-25T04:15:37.816+0000][gc,phases   ] GC(787)   Pre Evacuate Collection Set: 1.1ms
[2025-12-25T04:15:37.816+0000][gc,phases   ] GC(787)   Merge Heap Roots: 0.4ms
[2025-12-25T04:15:37.817+0000][gc,phases   ] GC(787)   Evacuate Collection Set: 14.6ms
[2025-12-25T04:15:37.817+0000][gc,phases   ] GC(787)   Post Evacuate Collection Set: 2.6ms
[2025-12-25T04:15:37.817+0000][gc,phases   ] GC(787)   Other: 0.5ms
[2025-12-25T04:15:37.817+0000][gc,heap     ] GC(787) Eden regions: 607->0(606)
[2025-12-25T04:15:37.817+0000][gc,heap     ] GC(787) Survivor regions: 7->8(75)
[2025-12-25T04:15:37.817+0000][gc,heap     ] GC(787) Old regions: 184->184
[2025-12-25T04:15:37.817+0000][gc,heap     ] GC(787) Humongous regions: 151->151
[2025-12-25T04:15:37.817+0000][gc,metaspace] GC(787) Metaspace: 16092K(16512K)->16092K(16512K) NonClass: 14430K(14592K)->14430K(14592K) Class: 1662K(1920K)->1662K(1920K)
[2025-12-25T04:15:37.817+0000][gc          ] GC(787) Pause Young (Normal) (G1 Evacuation Pause) 947M->342M(1024M) 20.945ms
[2025-12-25T04:15:37.817+0000][gc,cpu      ] GC(787) User=0.11s Sys=0.01s Real=0.03s
[2025-12-25T04:16:08.028+0000][gc,start    ] GC(788) Pause Young (Normal) (G1 Evacuation Pause)
[2025-12-25T04:16:08.029+0000][gc,task     ] GC(788) Using 8 workers of 8 for evacuation
[2025-12-25T04:16:08.040+0000][gc,phases   ] GC(788)   Pre Evacuate Collection Set: 1.2ms
[2025-12-25T04:16:08.040+0000][gc,phases   ] GC(788)   Merge Heap Roots: 0.3ms
[2025-12-25T04:16:08.040+0000][gc,phases   ] GC(788)   Evacuate Collection Set: 7.6ms
[2025-12-25T04:16:08.040+0000][gc,phases   ] GC(788)   Post Evacuate Collection Set: 1.4ms
[2025-12-25T04:16:08.040+0000][gc,phases   ] GC(788)   Other: 0.6ms
[2025-12-25T04:16:08.041+0000][gc,heap     ] GC(788) Eden regions: 606->0(607)
[2025-12-25T04:16:08.041+0000][gc,heap     ] GC(788) Survivor regions: 8->7(75)
[2025-12-25T04:16:08.041+0000][gc,heap     ] GC(788) Old regions: 184->185
[2025-12-25T04:16:08.041+0000][gc,heap     ] GC(788) Humongous regions: 151->151
[2025-12-25T04:16:08.041+0000][gc,metaspace] GC(788) Metaspace: 16092K(16512K)->16092K(16512K) NonClass: 14430K(14592K)->14430K(14592K) Class: 1662K(1920K)->1662K(1920K)
[2025-12-25T04:16:08.042+0000][gc          ] GC(788) Pause Young (Normal) (G1 Evacuation Pause) 948M->341M(1024M) 13.468ms
[2025-12-25T04:16:08.042+0000][gc,cpu      ] GC(788) User=0.06s Sys=0.01s Real=0.01s
[2025-12-25T04:16:47.714+0000][gc,start    ] GC(789) Pause Young (Normal) (G1 Evacuation Pause)
[2025-12-25T04:16:47.715+0000][gc,task     ] GC(789) Using 8 workers of 8 for evacuation
[2025-12-25T04:16:47.738+0000][gc,phases   ] GC(789)   Pre Evacuate Collection Set: 2.0ms
[2025-12-25T04:16:47.738+0000][gc,phases   ] GC(789)   Merge Heap Roots: 0.4ms
[2025-12-25T04:16:47.738+0000][gc,phases   ] GC(789)   Evacuate Collection Set: 17.8ms
[2025-12-25T04:16:47.738+0000][gc,phases   ] GC(789)   Post Evacuate Collection Set: 1.8ms
[2025-12-25T04:16:47.738+0000][gc,phases   ] GC(789)   Other: 0.8ms
[2025-12-25T04:16:47.738+0000][gc,heap     ] GC(789) Eden regions: 607->0(605)
[2025-12-25T04:16:47.738+0000][gc,heap     ] GC(789) Survivor regions: 7->9(74)
[2025-12-25T04:16:47.738+0000][gc,heap     ] GC(789) Old regions: 185->185
[2025-12-25T04:16:47.738+0000][gc,heap     ] GC(789) Humongous regions: 151->151
[2025-12-25T04:16:47.738+0000][gc,metaspace] GC(789) Metaspace: 16092K(16512K)->16092K(16512K) NonClass: 14430K(14592K)->14430K(14592K) Class: 1662K(1920K)->1662K(1920K)
[2025-12-25T04:16:47.738+0000][gc          ] GC(789) Pause Young (Normal) (G1 Evacuation Pause) 948M->343M(1024M) 24.566ms
[2025-12-25T04:16:47.739+0000][gc,cpu      ] GC(789) User=0.15s Sys=0.01s Real=0.03s
[2025-12-25T04:17:17.884+0000][gc,start    ] GC(790) Pause Young (Normal) (G1 Evacuation Pause)
[2025-12-25T04:17:17.885+0000][gc,task     ] GC(790) Using 8 workers of 8 for evacuation
[2025-12-25T04:17:17.897+0000][gc,phases   ] GC(790)   Pre Evacuate Collection Set: 1.1ms
[2025-12-25T04:17:17.897+0000][gc,phases   ] GC(790)   Merge Heap Roots: 0.2ms
[2025-12-25T04:17:17.897+0000][gc,phases   ] GC(790)   Evacuate Collection Set: 8.4ms
[2025-12-25T04:17:17.897+0000][gc,phases   ] GC(790)   Post Evacuate Collection Set: 2.1ms
[2025-12-25T04:17:17.897+0000][gc,phases   ] GC(790)   Other: 0.3ms
[2025-12-25T04:17:17.897+0000][gc,heap     ] GC(790) Eden regions: 605->0(604)
[2025-12-25T04:17:17.897+0000][gc,heap     ] GC(790) Survivor regions: 9->10(74)
[2025-12-25T04:17:17.897+0000][gc,heap     ] GC(790) Old regions: 185->185
[2025-12-25T04:17:17.897+0000][gc,heap     ] GC(790) Humongous regions: 151->151
[2025-12-25T04:17:17.897+0000][gc,metaspace] GC(790) Metaspace: 16092K(16512K)->16092K(16512K) NonClass: 14430K(14592K)->14430K(14592K) Class: 1662K(1920K)->1662K(1920K)
[2025-12-25T04:17:17.897+0000][gc          ] GC(790) Pause Young (Normal) (G1 Evacuation Pause) 948M->344M(1024M) 13.018ms
[2025-12-25T04:17:17.897+0000][gc,cpu      ] GC(790) User=0.08s Sys=0.00s Real=0.02s
[2025-12-25T04:17:57.529+0000][gc,start    ] GC(791) Pause Young (Normal) (G1 Evacuation Pause)
[2025-12-25T04:17:57.529+0000][gc,task     ] GC(791) Using 8 workers of 8 for evacuation
[2025-12-25T04:17:57.544+0000][gc,phases   ] GC(791)   Pre Evacuate Collection Set: 1.0ms
[2025-12-25T04:17:57.544+0000][gc,phases   ] GC(791)   Merge Heap Roots: 0.3ms
[2025-12-25T04:17:57.544+0000][gc,phases   ] GC(791)   Evacuate Collection Set: 10.3ms
[2025-12-25T04:17:57.544+0000][gc,phases   ] GC(791)   Post Evacuate Collection Set: 2.6ms
[2025-12-25T04:17:57.544+0000][gc,phases   ] GC(791)   Other: 0.6ms
[2025-12-25T04:17:57.545+0000][gc,heap     ] GC(791) Eden regions: 604->0(609)
[2025-12-25T04:17:57.545+0000][gc,heap     ] GC(791) Survivor regions: 10->5(74)
[2025-12-25T04:17:57.545+0000][gc,heap     ] GC(791) Old regions: 185->185
[2025-12-25T04:17:57.545+0000][gc,heap     ] GC(791) Humongous regions: 151->151
[2025-12-25T04:17:57.545+0000][gc,metaspace] GC(791) Metaspace: 16092K(16512K)->16092K(16512K) NonClass: 14430K(14592K)->14430K(14592K) Class: 1662K(1920K)->1662K(1920K)
[2025-12-25T04:17:57.545+0000][gc          ] GC(791) Pause Young (Normal) (G1 Evacuation Pause) 948M->340M(1024M) 16.255ms
[2025-12-25T04:17:57.545+0000][gc,cpu      ] GC(791) User=0.09s Sys=0.00s Real=0.01s
[2025-12-25T04:18:27.815+0000][gc,start    ] GC(792) Pause Young (Normal) (G1 Evacuation Pause)
[2025-12-25T04:18:27.816+0000][gc,task     ] GC(792) Using 8 workers of 8 for evacuation
[2025-12-25T04:18:27.847+0000][gc,phases   ] GC(792)   Pre Evacuate Collection Set: 1.2ms
[2025-12-25T04:18:27.847+0000][gc,phases   ] GC(792)   Merge Heap Roots: 0.5ms
[2025-12-25T04:18:27.847+0000][gc,phases   ] GC(792)   Evacuate Collection Set: 19.0ms
[2025-12-25T04:18:27.847+0000][gc,phases   ] GC(792)   Post Evacuate Collection Set: 10.0ms
[2025-12-25T04:18:27.847+0000][gc,phases   ] GC(792)   Other: 0.4ms
[2025-12-25T04:18:27.848+0000][gc,heap     ] GC(792) Eden regions: 609->0(608)
[2025-12-25T04:18:27.850+0000][gc,heap     ] GC(792) Survivor regions: 5->6(74)
[2025-12-25T04:18:27.851+0000][gc,heap     ] GC(792) Old regions: 185->185
[2025-12-25T04:18:27.853+0000][gc,heap     ] GC(792) Humongous regions: 151->151
[2025-12-25T04:18:27.854+0000][gc,metaspace] GC(792) Metaspace: 16092K(16512K)->16092K(16512K) NonClass: 14430K(14592K)->14430K(14592K) Class: 1662K(1920K)->1662K(1920K)
[2025-12-25T04:18:27.854+0000][gc          ] GC(792) Pause Young (Normal) (G1 Evacuation Pause) 949M->341M(1024M) 39.007ms
[2025-12-25T04:18:27.854+0000][gc,cpu      ] GC(792) User=0.15s Sys=0.01s Real=0.03s
[2025-12-25T04:18:58.388+0000][gc,start    ] GC(793) Pause Young (Normal) (G1 Evacuation Pause)
[2025-12-25T04:18:58.388+0000][gc,task     ] GC(793) Using 8 workers of 8 for evacuation
[2025-12-25T04:18:58.408+0000][gc,phases   ] GC(793)   Pre Evacuate Collection Set: 2.5ms
[2025-12-25T04:18:58.409+0000][gc,phases   ] GC(793)   Merge Heap Roots: 0.4ms
[2025-12-25T04:18:58.409+0000][gc,phases   ] GC(793)   Evacuate Collection Set: 14.6ms
[2025-12-25T04:18:58.409+0000][gc,phases   ] GC(793)   Post Evacuate Collection Set: 2.1ms
[2025-12-25T04:18:58.409+0000][gc,phases   ] GC(793)   Other: 0.4ms
[2025-12-25T04:18:58.409+0000][gc,heap     ] GC(793) Eden regions: 608->0(605)
[2025-12-25T04:18:58.409+0000][gc,heap     ] GC(793) Survivor regions: 6->9(74)
[2025-12-25T04:18:58.409+0000][gc,heap     ] GC(793) Old regions: 185->186
[2025-12-25T04:18:58.409+0000][gc,heap     ] GC(793) Humongous regions: 151->151
[2025-12-25T04:18:58.409+0000][gc,metaspace] GC(793) Metaspace: 16107K(16512K)->16107K(16512K) NonClass: 14445K(14592K)->14445K(14592K) Class: 1662K(1920K)->1662K(1920K)
[2025-12-25T04:18:58.409+0000][gc          ] GC(793) Pause Young (Normal) (G1 Evacuation Pause) 949M->345M(1024M) 21.753ms
[2025-12-25T04:18:58.409+0000][gc,cpu      ] GC(793) User=0.10s Sys=0.00s Real=0.02s
[2025-12-25T04:19:28.033+0000][gc,start    ] GC(794) Pause Young (Normal) (G1 Evacuation Pause)
[2025-12-25T04:19:28.034+0000][gc,task     ] GC(794) Using 8 workers of 8 for evacuation
[2025-12-25T04:19:28.047+0000][gc,phases   ] GC(794)   Pre Evacuate Collection Set: 1.2ms
[2025-12-25T04:19:28.047+0000][gc,phases   ] GC(794)   Merge Heap Roots: 0.3ms
[2025-12-25T04:19:28.047+0000][gc,phases   ] GC(794)   Evacuate Collection Set: 9.8ms
[2025-12-25T04:19:28.047+0000][gc,phases   ] GC(794)   Post Evacuate Collection Set: 1.1ms
[2025-12-25T04:19:28.047+0000][gc,phases   ] GC(794)   Other: 0.3ms
[2025-12-25T04:19:28.047+0000][gc,heap     ] GC(794) Eden regions: 605->0(606)
[2025-12-25T04:19:28.047+0000][gc,heap     ] GC(794) Survivor regions: 9->8(73)
[2025-12-25T04:19:28.047+0000][gc,heap     ] GC(794) Old regions: 186->186
[2025-12-25T04:19:28.047+0000][gc,heap     ] GC(794) Humongous regions: 151->151
[2025-12-25T04:19:28.047+0000][gc,metaspace] GC(794) Metaspace: 16107K(16512K)->16107K(16512K) NonClass: 14445K(14592K)->14445K(14592K) Class: 1662K(1920K)->1662K(1920K)
[2025-12-25T04:19:28.047+0000][gc          ] GC(794) Pause Young (Normal) (G1 Evacuation Pause) 950M->344M(1024M) 14.029ms
[2025-12-25T04:19:28.048+0000][gc,cpu      ] GC(794) User=0.09s Sys=0.00s Real=0.01s
[2025-12-25T04:20:07.459+0000][gc,start    ] GC(795) Pause Young (Normal) (G1 Evacuation Pause)
[2025-12-25T04:20:07.460+0000][gc,task     ] GC(795) Using 8 workers of 8 for evacuation
[2025-12-25T04:20:07.498+0000][gc,phases   ] GC(795)   Pre Evacuate Collection Set: 1.1ms
[2025-12-25T04:20:07.498+0000][gc,phases   ] GC(795)   Merge Heap Roots: 0.3ms
[2025-12-25T04:20:07.498+0000][gc,phases   ] GC(795)   Evacuate Collection Set: 32.0ms
[2025-12-25T04:20:07.498+0000][gc,phases   ] GC(795)   Post Evacuate Collection Set: 3.9ms
[2025-12-25T04:20:07.498+0000][gc,phases   ] GC(795)   Other: 0.5ms
[2025-12-25T04:20:07.498+0000][gc,heap     ] GC(795) Eden regions: 606->0(603)
[2025-12-25T04:20:07.498+0000][gc,heap     ] GC(795) Survivor regions: 8->11(73)
[2025-12-25T04:20:07.498+0000][gc,heap     ] GC(795) Old regions: 186->186
[2025-12-25T04:20:07.499+0000][gc,heap     ] GC(795) Humongous regions: 151->151
[2025-12-25T04:20:07.499+0000][gc,metaspace] GC(795) Metaspace: 16109K(16512K)->16109K(16512K) NonClass: 14446K(14592K)->14446K(14592K) Class: 1662K(1920K)->1662K(1920K)
[2025-12-25T04:20:07.500+0000][gc          ] GC(795) Pause Young (Normal) (G1 Evacuation Pause) 950M->347M(1024M) 40.273ms
[2025-12-25T04:20:07.500+0000][gc,cpu      ] GC(795) User=0.25s Sys=0.01s Real=0.04s
[2025-12-25T04:20:37.614+0000][gc,start    ] GC(796) Pause Young (Normal) (G1 Evacuation Pause)
[2025-12-25T04:20:37.615+0000][gc,task     ] GC(796) Using 8 workers of 8 for evacuation
[2025-12-25T04:20:37.637+0000][gc,phases   ] GC(796)   Pre Evacuate Collection Set: 1.3ms
[2025-12-25T04:20:37.637+0000][gc,phases   ] GC(796)   Merge Heap Roots: 0.3ms
[2025-12-25T04:20:37.637+0000][gc,phases   ] GC(796)   Evacuate Collection Set: 19.2ms
[2025-12-25T04:20:37.637+0000][gc,phases   ] GC(796)   Post Evacuate Collection Set: 1.4ms
[2025-12-25T04:20:37.638+0000][gc,phases   ] GC(796)   Other: 0.4ms
[2025-12-25T04:20:37.638+0000][gc,heap     ] GC(796) Eden regions: 603->0(604)
[2025-12-25T04:20:37.638+0000][gc,heap     ] GC(796) Survivor regions: 11->10(73)
[2025-12-25T04:20:37.638+0000][gc,heap     ] GC(796) Old regions: 186->186
[2025-12-25T04:20:37.638+0000][gc,heap     ] GC(796) Humongous regions: 151->151
[2025-12-25T04:20:37.638+0000][gc,metaspace] GC(796) Metaspace: 16109K(16512K)->16109K(16512K) NonClass: 14446K(14592K)->14446K(14592K) Class: 1662K(1920K)->1662K(1920K)
[2025-12-25T04:20:37.638+0000][gc          ] GC(796) Pause Young (Normal) (G1 Evacuation Pause) 950M->346M(1024M) 23.834ms
[2025-12-25T04:20:37.638+0000][gc,cpu      ] GC(796) User=0.16s Sys=0.01s Real=0.03s
[2025-12-25T04:21:08.078+0000][gc,start    ] GC(797) Pause Young (Normal) (G1 Evacuation Pause)
[2025-12-25T04:21:08.078+0000][gc,task     ] GC(797) Using 8 workers of 8 for evacuation
[2025-12-25T04:21:08.109+0000][gc,phases   ] GC(797)   Pre Evacuate Collection Set: 1.1ms
[2025-12-25T04:21:08.109+0000][gc,phases   ] GC(797)   Merge Heap Roots: 0.3ms
[2025-12-25T04:21:08.109+0000][gc,phases   ] GC(797)   Evacuate Collection Set: 26.6ms
[2025-12-25T04:21:08.109+0000][gc,phases   ] GC(797)   Post Evacuate Collection Set: 2.1ms
[2025-12-25T04:21:08.109+0000][gc,phases   ] GC(797)   Other: 0.3ms
[2025-12-25T04:21:08.109+0000][gc,heap     ] GC(797) Eden regions: 604->0(604)
[2025-12-25T04:21:08.109+0000][gc,heap     ] GC(797) Survivor regions: 10->10(73)
[2025-12-25T04:21:08.109+0000][gc,heap     ] GC(797) Old regions: 186->187
[2025-12-25T04:21:08.109+0000][gc,heap     ] GC(797) Humongous regions: 151->151
[2025-12-25T04:21:08.109+0000][gc,metaspace] GC(797) Metaspace: 16109K(16512K)->16109K(16512K) NonClass: 14446K(14592K)->14446K(14592K) Class: 1662K(1920K)->1662K(1920K)
[2025-12-25T04:21:08.109+0000][gc          ] GC(797) Pause Young (Normal) (G1 Evacuation Pause) 950M->347M(1024M) 31.756ms
[2025-12-25T04:21:08.110+0000][gc,cpu      ] GC(797) User=0.21s Sys=0.00s Real=0.03s
[2025-12-25T04:21:47.477+0000][gc,start    ] GC(798) Pause Young (Normal) (G1 Evacuation Pause)
[2025-12-25T04:21:47.478+0000][gc,task     ] GC(798) Using 8 workers of 8 for evacuation
[2025-12-25T04:21:47.511+0000][gc,phases   ] GC(798)   Pre Evacuate Collection Set: 3.1ms
[2025-12-25T04:21:47.511+0000][gc,phases   ] GC(798)   Merge Heap Roots: 0.8ms
[2025-12-25T04:21:47.511+0000][gc,phases   ] GC(798)   Evacuate Collection Set: 26.8ms
[2025-12-25T04:21:47.511+0000][gc,phases   ] GC(798)   Post Evacuate Collection Set: 1.9ms
[2025-12-25T04:21:47.511+0000][gc,phases   ] GC(798)   Other: 0.4ms
[2025-12-25T04:21:47.511+0000][gc,heap     ] GC(798) Eden regions: 604->0(604)
[2025-12-25T04:21:47.511+0000][gc,heap     ] GC(798) Survivor regions: 10->10(72)
[2025-12-25T04:21:47.511+0000][gc,heap     ] GC(798) Old regions: 187->187
[2025-12-25T04:21:47.511+0000][gc,heap     ] GC(798) Humongous regions: 151->151
[2025-12-25T04:21:47.512+0000][gc,metaspace] GC(798) Metaspace: 16109K(16512K)->16109K(16512K) NonClass: 14446K(14592K)->14446K(14592K) Class: 1662K(1920K)->1662K(1920K)
[2025-12-25T04:21:47.512+0000][gc          ] GC(798) Pause Young (Normal) (G1 Evacuation Pause) 951M->346M(1024M) 34.520ms
[2025-12-25T04:21:47.512+0000][gc,cpu      ] GC(798) User=0.22s Sys=0.00s Real=0.03s
[2025-12-25T04:22:17.680+0000][gc,start    ] GC(799) Pause Young (Normal) (G1 Evacuation Pause)
[2025-12-25T04:22:17.681+0000][gc,task     ] GC(799) Using 8 workers of 8 for evacuation
[2025-12-25T04:22:17.702+0000][gc,phases   ] GC(799)   Pre Evacuate Collection Set: 1.2ms
[2025-12-25T04:22:17.702+0000][gc,phases   ] GC(799)   Merge Heap Roots: 0.3ms
[2025-12-25T04:22:17.702+0000][gc,phases   ] GC(799)   Evacuate Collection Set: 18.3ms
[2025-12-25T04:22:17.702+0000][gc,phases   ] GC(799)   Post Evacuate Collection Set: 1.2ms
[2025-12-25T04:22:17.702+0000][gc,phases   ] GC(799)   Other: 0.3ms
[2025-12-25T04:22:17.702+0000][gc,heap     ] GC(799) Eden regions: 604->0(603)
[2025-12-25T04:22:17.702+0000][gc,heap     ] GC(799) Survivor regions: 10->11(72)
[2025-12-25T04:22:17.703+0000][gc,heap     ] GC(799) Old regions: 187->187
[2025-12-25T04:22:17.703+0000][gc,heap     ] GC(799) Humongous regions: 151->151
[2025-12-25T04:22:17.703+0000][gc,metaspace] GC(799) Metaspace: 16109K(16512K)->16109K(16512K) NonClass: 14446K(14592K)->14446K(14592K) Class: 1662K(1920K)->1662K(1920K)
[2025-12-25T04:22:17.703+0000][gc          ] GC(799) Pause Young (Normal) (G1 Evacuation Pause) 950M->348M(1024M) 23.067ms
[2025-12-25T04:22:17.703+0000][gc,cpu      ] GC(799) User=0.15s Sys=0.00s Real=0.02s
[2025-12-25T04:22:48.004+0000][gc,start    ] GC(800) Pause Young (Normal) (G1 Evacuation Pause)
[2025-12-25T04:22:48.005+0000][gc,task     ] GC(800) Using 8 workers of 8 for evacuation
[2025-12-25T04:22:48.029+0000][gc,phases   ] GC(800)   Pre Evacuate Collection Set: 1.9ms
[2025-12-25T04:22:48.030+0000][gc,phases   ] GC(800)   Merge Heap Roots: 0.5ms
[2025-12-25T04:22:48.030+0000][gc,phases   ] GC(800)   Evacuate Collection Set: 20.4ms
[2025-12-25T04:22:48.030+0000][gc,phases   ] GC(800)   Post Evacuate Collection Set: 1.2ms
[2025-12-25T04:22:48.030+0000][gc,phases   ] GC(800)   Other: 0.5ms
[2025-12-25T04:22:48.030+0000][gc,heap     ] GC(800) Eden regions: 603->0(601)
[2025-12-25T04:22:48.030+0000][gc,heap     ] GC(800) Survivor regions: 11->13(72)
[2025-12-25T04:22:48.030+0000][gc,heap     ] GC(800) Old regions: 187->187
[2025-12-25T04:22:48.030+0000][gc,heap     ] GC(800) Humongous regions: 151->151
[2025-12-25T04:22:48.030+0000][gc,metaspace] GC(800) Metaspace: 16109K(16512K)->16109K(16512K) NonClass: 14446K(14592K)->14446K(14592K) Class: 1662K(1920K)->1662K(1920K)
[2025-12-25T04:22:48.030+0000][gc          ] GC(800) Pause Young (Normal) (G1 Evacuation Pause) 951M->350M(1024M) 26.164ms
[2025-12-25T04:22:48.030+0000][gc,cpu      ] GC(800) User=0.18s Sys=0.00s Real=0.03s
[2025-12-25T04:23:27.530+0000][gc,start    ] GC(801) Pause Young (Normal) (G1 Evacuation Pause)
[2025-12-25T04:23:27.531+0000][gc,task     ] GC(801) Using 8 workers of 8 for evacuation
[2025-12-25T04:23:27.552+0000][gc,phases   ] GC(801)   Pre Evacuate Collection Set: 1.1ms
[2025-12-25T04:23:27.552+0000][gc,phases   ] GC(801)   Merge Heap Roots: 0.3ms
[2025-12-25T04:23:27.552+0000][gc,phases   ] GC(801)   Evacuate Collection Set: 17.8ms
[2025-12-25T04:23:27.552+0000][gc,phases   ] GC(801)   Post Evacuate Collection Set: 1.3ms
[2025-12-25T04:23:27.552+0000][gc,phases   ] GC(801)   Other: 0.4ms
[2025-12-25T04:23:27.552+0000][gc,heap     ] GC(801) Eden regions: 601->0(602)
[2025-12-25T04:23:27.552+0000][gc,heap     ] GC(801) Survivor regions: 13->12(72)
[2025-12-25T04:23:27.552+0000][gc,heap     ] GC(801) Old regions: 187->188
[2025-12-25T04:23:27.552+0000][gc,heap     ] GC(801) Humongous regions: 151->151
[2025-12-25T04:23:27.552+0000][gc,metaspace] GC(801) Metaspace: 16109K(16512K)->16109K(16512K) NonClass: 14446K(14592K)->14446K(14592K) Class: 1662K(1920K)->1662K(1920K)
[2025-12-25T04:23:27.552+0000][gc          ] GC(801) Pause Young (Normal) (G1 Evacuation Pause) 951M->349M(1024M) 22.184ms
[2025-12-25T04:23:27.552+0000][gc,cpu      ] GC(801) User=0.14s Sys=0.00s Real=0.02s
[2025-12-25T04:23:57.714+0000][gc,start    ] GC(802) Pause Young (Normal) (G1 Evacuation Pause)
[2025-12-25T04:23:57.715+0000][gc,task     ] GC(802) Using 8 workers of 8 for evacuation
[2025-12-25T04:23:57.740+0000][gc,phases   ] GC(802)   Pre Evacuate Collection Set: 1.1ms
[2025-12-25T04:23:57.740+0000][gc,phases   ] GC(802)   Merge Heap Roots: 0.3ms
[2025-12-25T04:23:57.740+0000][gc,phases   ] GC(802)   Evacuate Collection Set: 21.6ms
[2025-12-25T04:23:57.740+0000][gc,phases   ] GC(802)   Post Evacuate Collection Set: 1.9ms
[2025-12-25T04:23:57.740+0000][gc,phases   ] GC(802)   Other: 0.5ms
[2025-12-25T04:23:57.741+0000][gc,heap     ] GC(802) Eden regions: 602->0(601)
[2025-12-25T04:23:57.741+0000][gc,heap     ] GC(802) Survivor regions: 12->13(71)
[2025-12-25T04:23:57.741+0000][gc,heap     ] GC(802) Old regions: 188->188
[2025-12-25T04:23:57.741+0000][gc,heap     ] GC(802) Humongous regions: 151->151
[2025-12-25T04:23:57.741+0000][gc,metaspace] GC(802) Metaspace: 16109K(16512K)->16109K(16512K) NonClass: 14446K(14592K)->14446K(14592K) Class: 1662K(1920K)->1662K(1920K)
[2025-12-25T04:23:57.741+0000][gc          ] GC(802) Pause Young (Normal) (G1 Evacuation Pause) 951M->350M(1024M) 26.994ms
[2025-12-25T04:23:57.741+0000][gc,cpu      ] GC(802) User=0.18s Sys=0.00s Real=0.03s
[2025-12-25T04:24:27.916+0000][gc,start    ] GC(803) Pause Young (Normal) (G1 Evacuation Pause)
[2025-12-25T04:24:27.917+0000][gc,task     ] GC(803) Using 8 workers of 8 for evacuation
[2025-12-25T04:24:27.935+0000][gc,phases   ] GC(803)   Pre Evacuate Collection Set: 1.1ms
[2025-12-25T04:24:27.935+0000][gc,phases   ] GC(803)   Merge Heap Roots: 0.3ms
[2025-12-25T04:24:27.935+0000][gc,phases   ] GC(803)   Evacuate Collection Set: 13.5ms
[2025-12-25T04:24:27.936+0000][gc,phases   ] GC(803)   Post Evacuate Collection Set: 3.3ms
[2025-12-25T04:24:27.936+0000][gc,phases   ] GC(803)   Other: 0.2ms
[2025-12-25T04:24:27.936+0000][gc,heap     ] GC(803) Eden regions: 601->0(604)
[2025-12-25T04:24:27.936+0000][gc,heap     ] GC(803) Survivor regions: 13->10(71)
[2025-12-25T04:24:27.936+0000][gc,heap     ] GC(803) Old regions: 188->188
[2025-12-25T04:24:27.936+0000][gc,heap     ] GC(803) Humongous regions: 151->151
[2025-12-25T04:24:27.936+0000][gc,metaspace] GC(803) Metaspace: 16110K(16512K)->16110K(16512K) NonClass: 14447K(14592K)->14447K(14592K) Class: 1662K(1920K)->1662K(1920K)
[2025-12-25T04:24:27.936+0000][gc          ] GC(803) Pause Young (Normal) (G1 Evacuation Pause) 951M->348M(1024M) 19.683ms
[2025-12-25T04:24:27.936+0000][gc,cpu      ] GC(803) User=0.10s Sys=0.00s Real=0.02s
[2025-12-25T04:25:07.564+0000][gc,start    ] GC(804) Pause Young (Normal) (G1 Evacuation Pause)
[2025-12-25T04:25:07.564+0000][gc,task     ] GC(804) Using 8 workers of 8 for evacuation
[2025-12-25T04:25:07.590+0000][gc,phases   ] GC(804)   Pre Evacuate Collection Set: 2.6ms
[2025-12-25T04:25:07.591+0000][gc,phases   ] GC(804)   Merge Heap Roots: 0.3ms
[2025-12-25T04:25:07.591+0000][gc,phases   ] GC(804)   Evacuate Collection Set: 20.9ms
[2025-12-25T04:25:07.591+0000][gc,phases   ] GC(804)   Post Evacuate Collection Set: 1.7ms
[2025-12-25T04:25:07.591+0000][gc,phases   ] GC(804)   Other: 0.7ms
[2025-12-25T04:25:07.591+0000][gc,heap     ] GC(804) Eden regions: 604->0(605)
[2025-12-25T04:25:07.591+0000][gc,heap     ] GC(804) Survivor regions: 10->9(71)
[2025-12-25T04:25:07.591+0000][gc,heap     ] GC(804) Old regions: 188->188
[2025-12-25T04:25:07.591+0000][gc,heap     ] GC(804) Humongous regions: 151->151
[2025-12-25T04:25:07.591+0000][gc,metaspace] GC(804) Metaspace: 16110K(16512K)->16110K(16512K) NonClass: 14447K(14592K)->14447K(14592K) Class: 1662K(1920K)->1662K(1920K)
[2025-12-25T04:25:07.591+0000][gc          ] GC(804) Pause Young (Normal) (G1 Evacuation Pause) 952M->347M(1024M) 27.909ms
[2025-12-25T04:25:07.591+0000][gc,cpu      ] GC(804) User=0.17s Sys=0.01s Real=0.03s
[2025-12-25T04:25:37.846+0000][gc,start    ] GC(805) Pause Young (Normal) (G1 Evacuation Pause)
[2025-12-25T04:25:37.846+0000][gc,task     ] GC(805) Using 8 workers of 8 for evacuation
[2025-12-25T04:25:37.867+0000][gc,phases   ] GC(805)   Pre Evacuate Collection Set: 1.6ms
[2025-12-25T04:25:37.867+0000][gc,phases   ] GC(805)   Merge Heap Roots: 0.5ms
[2025-12-25T04:25:37.867+0000][gc,phases   ] GC(805)   Evacuate Collection Set: 16.6ms
[2025-12-25T04:25:37.867+0000][gc,phases   ] GC(805)   Post Evacuate Collection Set: 1.8ms
[2025-12-25T04:25:37.868+0000][gc,phases   ] GC(805)   Other: 0.4ms
[2025-12-25T04:25:37.868+0000][gc,heap     ] GC(805) Eden regions: 605->0(603)
[2025-12-25T04:25:37.868+0000][gc,heap     ] GC(805) Survivor regions: 9->11(71)
[2025-12-25T04:25:37.868+0000][gc,heap     ] GC(805) Old regions: 188->188
[2025-12-25T04:25:37.868+0000][gc,heap     ] GC(805) Humongous regions: 151->151
[2025-12-25T04:25:37.868+0000][gc,metaspace] GC(805) Metaspace: 16110K(16512K)->16110K(16512K) NonClass: 14447K(14592K)->14447K(14592K) Class: 1662K(1920K)->1662K(1920K)
[2025-12-25T04:25:37.868+0000][gc          ] GC(805) Pause Young (Normal) (G1 Evacuation Pause) 952M->349M(1024M) 22.199ms
[2025-12-25T04:25:37.868+0000][gc,cpu      ] GC(805) User=0.13s Sys=0.00s Real=0.02s
[2025-12-25T04:26:08.049+0000][gc,start    ] GC(806) Pause Young (Normal) (G1 Evacuation Pause)
[2025-12-25T04:26:08.050+0000][gc,task     ] GC(806) Using 8 workers of 8 for evacuation
[2025-12-25T04:26:08.077+0000][gc,phases   ] GC(806)   Pre Evacuate Collection Set: 1.0ms
[2025-12-25T04:26:08.078+0000][gc,phases   ] GC(806)   Merge Heap Roots: 1.7ms
[2025-12-25T04:26:08.078+0000][gc,phases   ] GC(806)   Evacuate Collection Set: 22.9ms
[2025-12-25T04:26:08.078+0000][gc,phases   ] GC(806)   Post Evacuate Collection Set: 1.4ms
[2025-12-25T04:26:08.078+0000][gc,phases   ] GC(806)   Other: 0.4ms
[2025-12-25T04:26:08.078+0000][gc,heap     ] GC(806) Eden regions: 603->0(601)
[2025-12-25T04:26:08.078+0000][gc,heap     ] GC(806) Survivor regions: 11->13(71)
[2025-12-25T04:26:08.078+0000][gc,heap     ] GC(806) Old regions: 188->189
[2025-12-25T04:26:08.078+0000][gc,heap     ] GC(806) Humongous regions: 151->151
[2025-12-25T04:26:08.078+0000][gc,metaspace] GC(806) Metaspace: 16110K(16512K)->16110K(16512K) NonClass: 14447K(14592K)->14447K(14592K) Class: 1662K(1920K)->1662K(1920K)
[2025-12-25T04:26:08.078+0000][gc          ] GC(806) Pause Young (Normal) (G1 Evacuation Pause) 952M->351M(1024M) 28.939ms
[2025-12-25T04:26:08.078+0000][gc,cpu      ] GC(806) User=0.17s Sys=0.01s Real=0.02s
[2025-12-25T04:26:47.646+0000][gc,start    ] GC(807) Pause Young (Normal) (G1 Evacuation Pause)
[2025-12-25T04:26:47.647+0000][gc,task     ] GC(807) Using 8 workers of 8 for evacuation
[2025-12-25T04:26:47.668+0000][gc,phases   ] GC(807)   Pre Evacuate Collection Set: 1.5ms
[2025-12-25T04:26:47.668+0000][gc,phases   ] GC(807)   Merge Heap Roots: 0.3ms
[2025-12-25T04:26:47.668+0000][gc,phases   ] GC(807)   Evacuate Collection Set: 15.1ms
[2025-12-25T04:26:47.668+0000][gc,phases   ] GC(807)   Post Evacuate Collection Set: 3.2ms
[2025-12-25T04:26:47.668+0000][gc,phases   ] GC(807)   Other: 0.4ms
[2025-12-25T04:26:47.668+0000][gc,heap     ] GC(807) Eden regions: 601->0(603)
[2025-12-25T04:26:47.668+0000][gc,heap     ] GC(807) Survivor regions: 13->11(70)
[2025-12-25T04:26:47.668+0000][gc,heap     ] GC(807) Old regions: 189->189
[2025-12-25T04:26:47.668+0000][gc,heap     ] GC(807) Humongous regions: 151->151
[2025-12-25T04:26:47.668+0000][gc,metaspace] GC(807) Metaspace: 16110K(16512K)->16110K(16512K) NonClass: 14447K(14592K)->14447K(14592K) Class: 1662K(1920K)->1662K(1920K)
[2025-12-25T04:26:47.668+0000][gc          ] GC(807) Pause Young (Normal) (G1 Evacuation Pause) 952M->350M(1024M) 22.000ms
[2025-12-25T04:26:47.668+0000][gc,cpu      ] GC(807) User=0.11s Sys=0.00s Real=0.03s
[2025-12-25T04:27:18.070+0000][gc,start    ] GC(808) Pause Young (Normal) (G1 Evacuation Pause)
[2025-12-25T04:27:18.074+0000][gc,task     ] GC(808) Using 8 workers of 8 for evacuation
[2025-12-25T04:27:18.101+0000][gc,phases   ] GC(808)   Pre Evacuate Collection Set: 4.1ms
[2025-12-25T04:27:18.102+0000][gc,phases   ] GC(808)   Merge Heap Roots: 0.3ms
[2025-12-25T04:27:18.102+0000][gc,phases   ] GC(808)   Evacuate Collection Set: 20.6ms
[2025-12-25T04:27:18.102+0000][gc,phases   ] GC(808)   Post Evacuate Collection Set: 2.1ms
[2025-12-25T04:27:18.102+0000][gc,phases   ] GC(808)   Other: 0.4ms
[2025-12-25T04:27:18.102+0000][gc,heap     ] GC(808) Eden regions: 603->0(602)
[2025-12-25T04:27:18.102+0000][gc,heap     ] GC(808) Survivor regions: 11->12(70)
[2025-12-25T04:27:18.102+0000][gc,heap     ] GC(808) Old regions: 189->190
[2025-12-25T04:27:18.102+0000][gc,heap     ] GC(808) Humongous regions: 151->151
[2025-12-25T04:27:18.102+0000][gc,metaspace] GC(808) Metaspace: 16110K(16512K)->16110K(16512K) NonClass: 14447K(14592K)->14447K(14592K) Class: 1662K(1920K)->1662K(1920K)
[2025-12-25T04:27:18.102+0000][gc          ] GC(808) Pause Young (Normal) (G1 Evacuation Pause) 953M->351M(1024M) 31.977ms
[2025-12-25T04:27:18.102+0000][gc,cpu      ] GC(808) User=0.18s Sys=0.01s Real=0.03s
[2025-12-25T04:27:48.017+0000][gc,start    ] GC(809) Pause Young (Normal) (G1 Evacuation Pause)
[2025-12-25T04:27:48.017+0000][gc,task     ] GC(809) Using 8 workers of 8 for evacuation
[2025-12-25T04:27:48.044+0000][gc,phases   ] GC(809)   Pre Evacuate Collection Set: 1.3ms
[2025-12-25T04:27:48.044+0000][gc,phases   ] GC(809)   Merge Heap Roots: 1.7ms
[2025-12-25T04:27:48.044+0000][gc,phases   ] GC(809)   Evacuate Collection Set: 21.3ms
[2025-12-25T04:27:48.044+0000][gc,phases   ] GC(809)   Post Evacuate Collection Set: 1.5ms
[2025-12-25T04:27:48.044+0000][gc,phases   ] GC(809)   Other: 1.1ms
[2025-12-25T04:27:48.045+0000][gc,heap     ] GC(809) Eden regions: 602->0(602)
[2025-12-25T04:27:48.045+0000][gc,heap     ] GC(809) Survivor regions: 12->12(69)
[2025-12-25T04:27:48.045+0000][gc,heap     ] GC(809) Old regions: 190->191
[2025-12-25T04:27:48.045+0000][gc,heap     ] GC(809) Humongous regions: 151->151
[2025-12-25T04:27:48.045+0000][gc,metaspace] GC(809) Metaspace: 16110K(16512K)->16110K(16512K) NonClass: 14447K(14592K)->14447K(14592K) Class: 1662K(1920K)->1662K(1920K)
[2025-12-25T04:27:48.045+0000][gc          ] GC(809) Pause Young (Normal) (G1 Evacuation Pause) 953M->352M(1024M) 28.289ms
[2025-12-25T04:27:48.045+0000][gc,cpu      ] GC(809) User=0.18s Sys=0.01s Real=0.03s
[2025-12-25T04:28:27.681+0000][gc,start    ] GC(810) Pause Young (Normal) (G1 Evacuation Pause)
[2025-12-25T04:28:27.682+0000][gc,task     ] GC(810) Using 8 workers of 8 for evacuation
[2025-12-25T04:28:27.703+0000][gc,phases   ] GC(810)   Pre Evacuate Collection Set: 2.4ms
[2025-12-25T04:28:27.703+0000][gc,phases   ] GC(810)   Merge Heap Roots: 0.6ms
[2025-12-25T04:28:27.703+0000][gc,phases   ] GC(810)   Evacuate Collection Set: 14.6ms
[2025-12-25T04:28:27.703+0000][gc,phases   ] GC(810)   Post Evacuate Collection Set: 2.6ms
[2025-12-25T04:28:27.704+0000][gc,phases   ] GC(810)   Other: 0.6ms
[2025-12-25T04:28:27.704+0000][gc,heap     ] GC(810) Eden regions: 602->0(608)
[2025-12-25T04:28:27.704+0000][gc,heap     ] GC(810) Survivor regions: 12->6(68)
[2025-12-25T04:28:27.704+0000][gc,heap     ] GC(810) Old regions: 191->193
[2025-12-25T04:28:27.704+0000][gc,heap     ] GC(810) Humongous regions: 151->151
[2025-12-25T04:28:27.704+0000][gc,metaspace] GC(810) Metaspace: 16110K(16512K)->16110K(16512K) NonClass: 14447K(14592K)->14447K(14592K) Class: 1662K(1920K)->1662K(1920K)
[2025-12-25T04:28:27.704+0000][gc          ] GC(810) Pause Young (Normal) (G1 Evacuation Pause) 954M->348M(1024M) 22.974ms
[2025-12-25T04:28:27.705+0000][gc,cpu      ] GC(810) User=0.11s Sys=0.01s Real=0.02s
[2025-12-25T04:28:57.880+0000][gc,start    ] GC(811) Pause Young (Normal) (G1 Evacuation Pause)
[2025-12-25T04:28:57.880+0000][gc,task     ] GC(811) Using 8 workers of 8 for evacuation
[2025-12-25T04:28:57.891+0000][gc,phases   ] GC(811)   Pre Evacuate Collection Set: 1.3ms
[2025-12-25T04:28:57.891+0000][gc,phases   ] GC(811)   Merge Heap Roots: 0.4ms
[2025-12-25T04:28:57.891+0000][gc,phases   ] GC(811)   Evacuate Collection Set: 7.6ms
[2025-12-25T04:28:57.891+0000][gc,phases   ] GC(811)   Post Evacuate Collection Set: 1.1ms
[2025-12-25T04:28:57.891+0000][gc,phases   ] GC(811)   Other: 0.4ms
[2025-12-25T04:28:57.891+0000][gc,heap     ] GC(811) Eden regions: 608->0(607)
[2025-12-25T04:28:57.891+0000][gc,heap     ] GC(811) Survivor regions: 6->7(66)
[2025-12-25T04:28:57.891+0000][gc,heap     ] GC(811) Old regions: 193->193
[2025-12-25T04:28:57.891+0000][gc,heap     ] GC(811) Humongous regions: 151->151
[2025-12-25T04:28:57.891+0000][gc,metaspace] GC(811) Metaspace: 16110K(16512K)->16110K(16512K) NonClass: 14447K(14592K)->14447K(14592K) Class: 1662K(1920K)->1662K(1920K)
[2025-12-25T04:28:57.892+0000][gc          ] GC(811) Pause Young (Normal) (G1 Evacuation Pause) 956M->350M(1024M) 11.957ms
[2025-12-25T04:28:57.892+0000][gc,cpu      ] GC(811) User=0.06s Sys=0.01s Real=0.01s
[2025-12-25T04:29:37.550+0000][gc,start    ] GC(812) Pause Young (Normal) (G1 Evacuation Pause)
[2025-12-25T04:29:37.552+0000][gc,task     ] GC(812) Using 8 workers of 8 for evacuation
[2025-12-25T04:29:37.569+0000][gc,phases   ] GC(812)   Pre Evacuate Collection Set: 2.8ms
[2025-12-25T04:29:37.570+0000][gc,phases   ] GC(812)   Merge Heap Roots: 0.4ms
[2025-12-25T04:29:37.570+0000][gc,phases   ] GC(812)   Evacuate Collection Set: 12.0ms
[2025-12-25T04:29:37.570+0000][gc,phases   ] GC(812)   Post Evacuate Collection Set: 1.9ms
[2025-12-25T04:29:37.570+0000][gc,phases   ] GC(812)   Other: 0.8ms
[2025-12-25T04:29:37.570+0000][gc,heap     ] GC(812) Eden regions: 607->0(608)
[2025-12-25T04:29:37.570+0000][gc,heap     ] GC(812) Survivor regions: 7->6(66)
[2025-12-25T04:29:37.570+0000][gc,heap     ] GC(812) Old regions: 193->194
[2025-12-25T04:29:37.570+0000][gc,heap     ] GC(812) Humongous regions: 151->151
[2025-12-25T04:29:37.570+0000][gc,metaspace] GC(812) Metaspace: 16110K(16512K)->16110K(16512K) NonClass: 14447K(14592K)->14447K(14592K) Class: 1662K(1920K)->1662K(1920K)
[2025-12-25T04:29:37.570+0000][gc          ] GC(812) Pause Young (Normal) (G1 Evacuation Pause) 957M->349M(1024M) 20.587ms
[2025-12-25T04:29:37.570+0000][gc,cpu      ] GC(812) User=0.10s Sys=0.00s Real=0.02s
[2025-12-25T04:30:07.763+0000][gc,start    ] GC(813) Pause Young (Normal) (G1 Evacuation Pause)
[2025-12-25T04:30:07.764+0000][gc,task     ] GC(813) Using 8 workers of 8 for evacuation
[2025-12-25T04:30:07.782+0000][gc,phases   ] GC(813)   Pre Evacuate Collection Set: 1.1ms
[2025-12-25T04:30:07.782+0000][gc,phases   ] GC(813)   Merge Heap Roots: 0.3ms
[2025-12-25T04:30:07.782+0000][gc,phases   ] GC(813)   Evacuate Collection Set: 15.1ms
[2025-12-25T04:30:07.782+0000][gc,phases   ] GC(813)   Post Evacuate Collection Set: 1.2ms
[2025-12-25T04:30:07.782+0000][gc,phases   ] GC(813)   Other: 0.3ms
[2025-12-25T04:30:07.782+0000][gc,heap     ] GC(813) Eden regions: 608->0(607)
[2025-12-25T04:30:07.782+0000][gc,heap     ] GC(813) Survivor regions: 6->7(65)
[2025-12-25T04:30:07.782+0000][gc,heap     ] GC(813) Old regions: 194->194
[2025-12-25T04:30:07.782+0000][gc,heap     ] GC(813) Humongous regions: 151->151
[2025-12-25T04:30:07.783+0000][gc,metaspace] GC(813) Metaspace: 16110K(16512K)->16110K(16512K) NonClass: 14447K(14592K)->14447K(14592K) Class: 1662K(1920K)->1662K(1920K)
[2025-12-25T04:30:07.783+0000][gc          ] GC(813) Pause Young (Normal) (G1 Evacuation Pause) 957M->351M(1024M) 19.600ms
[2025-12-25T04:30:07.783+0000][gc,cpu      ] GC(813) User=0.12s Sys=0.00s Real=0.02s
[2025-12-25T04:30:37.983+0000][gc,start    ] GC(814) Pause Young (Normal) (G1 Evacuation Pause)
[2025-12-25T04:30:37.984+0000][gc,task     ] GC(814) Using 8 workers of 8 for evacuation
[2025-12-25T04:30:38.002+0000][gc,phases   ] GC(814)   Pre Evacuate Collection Set: 1.2ms
[2025-12-25T04:30:38.002+0000][gc,phases   ] GC(814)   Merge Heap Roots: 0.4ms
[2025-12-25T04:30:38.002+0000][gc,phases   ] GC(814)   Evacuate Collection Set: 14.6ms
[2025-12-25T04:30:38.002+0000][gc,phases   ] GC(814)   Post Evacuate Collection Set: 1.5ms
[2025-12-25T04:30:38.002+0000][gc,phases   ] GC(814)   Other: 0.4ms
[2025-12-25T04:30:38.002+0000][gc,heap     ] GC(814) Eden regions: 607->0(605)
[2025-12-25T04:30:38.002+0000][gc,heap     ] GC(814) Survivor regions: 7->9(65)
[2025-12-25T04:30:38.002+0000][gc,heap     ] GC(814) Old regions: 194->194
[2025-12-25T04:30:38.002+0000][gc,heap     ] GC(814) Humongous regions: 151->151
[2025-12-25T04:30:38.002+0000][gc,metaspace] GC(814) Metaspace: 16110K(16512K)->16110K(16512K) NonClass: 14447K(14592K)->14447K(14592K) Class: 1662K(1920K)->1662K(1920K)
[2025-12-25T04:30:38.003+0000][gc          ] GC(814) Pause Young (Normal) (G1 Evacuation Pause) 958M->353M(1024M) 19.681ms
[2025-12-25T04:30:38.003+0000][gc,cpu      ] GC(814) User=0.11s Sys=0.00s Real=0.02s
[2025-12-25T04:31:17.579+0000][gc,start    ] GC(815) Pause Young (Normal) (G1 Evacuation Pause)
[2025-12-25T04:31:17.580+0000][gc,task     ] GC(815) Using 8 workers of 8 for evacuation
[2025-12-25T04:31:17.595+0000][gc,phases   ] GC(815)   Pre Evacuate Collection Set: 1.1ms
[2025-12-25T04:31:17.595+0000][gc,phases   ] GC(815)   Merge Heap Roots: 0.3ms
[2025-12-25T04:31:17.595+0000][gc,phases   ] GC(815)   Evacuate Collection Set: 11.9ms
[2025-12-25T04:31:17.595+0000][gc,phases   ] GC(815)   Post Evacuate Collection Set: 1.2ms
[2025-12-25T04:31:17.595+0000][gc,phases   ] GC(815)   Other: 0.3ms
[2025-12-25T04:31:17.595+0000][gc,heap     ] GC(815) Eden regions: 605->0(606)
[2025-12-25T04:31:17.595+0000][gc,heap     ] GC(815) Survivor regions: 9->8(65)
[2025-12-25T04:31:17.595+0000][gc,heap     ] GC(815) Old regions: 194->194
[2025-12-25T04:31:17.595+0000][gc,heap     ] GC(815) Humongous regions: 151->151
[2025-12-25T04:31:17.595+0000][gc,metaspace] GC(815) Metaspace: 16110K(16512K)->16110K(16512K) NonClass: 14447K(14592K)->14447K(14592K) Class: 1662K(1920K)->1662K(1920K)
[2025-12-25T04:31:17.596+0000][gc          ] GC(815) Pause Young (Normal) (G1 Evacuation Pause) 958M->352M(1024M) 16.118ms
[2025-12-25T04:31:17.596+0000][gc,cpu      ] GC(815) User=0.10s Sys=0.01s Real=0.02s
[2025-12-25T04:31:47.882+0000][gc,start    ] GC(816) Pause Young (Normal) (G1 Evacuation Pause)
[2025-12-25T04:31:47.883+0000][gc,task     ] GC(816) Using 8 workers of 8 for evacuation
[2025-12-25T04:31:47.916+0000][gc,phases   ] GC(816)   Pre Evacuate Collection Set: 1.3ms
[2025-12-25T04:31:47.916+0000][gc,phases   ] GC(816)   Merge Heap Roots: 0.3ms
[2025-12-25T04:31:47.916+0000][gc,phases   ] GC(816)   Evacuate Collection Set: 30.1ms
[2025-12-25T04:31:47.917+0000][gc,phases   ] GC(816)   Post Evacuate Collection Set: 1.2ms
[2025-12-25T04:31:47.917+0000][gc,phases   ] GC(816)   Other: 0.5ms
[2025-12-25T04:31:47.917+0000][gc,heap     ] GC(816) Eden regions: 606->0(604)
[2025-12-25T04:31:47.917+0000][gc,heap     ] GC(816) Survivor regions: 8->10(65)
[2025-12-25T04:31:47.917+0000][gc,heap     ] GC(816) Old regions: 194->195
[2025-12-25T04:31:47.917+0000][gc,heap     ] GC(816) Humongous regions: 151->151
[2025-12-25T04:31:47.917+0000][gc,metaspace] GC(816) Metaspace: 16110K(16512K)->16110K(16512K) NonClass: 14447K(14592K)->14447K(14592K) Class: 1662K(1920K)->1662K(1920K)
[2025-12-25T04:31:47.917+0000][gc          ] GC(816) Pause Young (Normal) (G1 Evacuation Pause) 958M->354M(1024M) 34.802ms
[2025-12-25T04:31:47.917+0000][gc,cpu      ] GC(816) User=0.23s Sys=0.02s Real=0.03s
[2025-12-25T04:32:18.033+0000][gc,start    ] GC(817) Pause Young (Normal) (G1 Evacuation Pause)
[2025-12-25T04:32:18.034+0000][gc,task     ] GC(817) Using 8 workers of 8 for evacuation
[2025-12-25T04:32:18.050+0000][gc,phases   ] GC(817)   Pre Evacuate Collection Set: 1.3ms
[2025-12-25T04:32:18.050+0000][gc,phases   ] GC(817)   Merge Heap Roots: 0.4ms
[2025-12-25T04:32:18.050+0000][gc,phases   ] GC(817)   Evacuate Collection Set: 12.7ms
[2025-12-25T04:32:18.050+0000][gc,phases   ] GC(817)   Post Evacuate Collection Set: 1.3ms
[2025-12-25T04:32:18.051+0000][gc,phases   ] GC(817)   Other: 0.6ms
[2025-12-25T04:32:18.051+0000][gc,heap     ] GC(817) Eden regions: 604->0(603)
[2025-12-25T04:32:18.051+0000][gc,heap     ] GC(817) Survivor regions: 10->11(64)
[2025-12-25T04:32:18.051+0000][gc,heap     ] GC(817) Old regions: 195->195
[2025-12-25T04:32:18.051+0000][gc,heap     ] GC(817) Humongous regions: 151->151
[2025-12-25T04:32:18.051+0000][gc,metaspace] GC(817) Metaspace: 16110K(16512K)->16110K(16512K) NonClass: 14447K(14592K)->14447K(14592K) Class: 1662K(1920K)->1662K(1920K)
[2025-12-25T04:32:18.051+0000][gc          ] GC(817) Pause Young (Normal) (G1 Evacuation Pause) 958M->355M(1024M) 17.336ms
[2025-12-25T04:32:18.051+0000][gc,cpu      ] GC(817) User=0.10s Sys=0.00s Real=0.02s
[2025-12-25T04:32:57.731+0000][gc,start    ] GC(818) Pause Young (Normal) (G1 Evacuation Pause)
[2025-12-25T04:32:57.732+0000][gc,task     ] GC(818) Using 8 workers of 8 for evacuation
[2025-12-25T04:32:57.746+0000][gc,phases   ] GC(818)   Pre Evacuate Collection Set: 1.7ms
[2025-12-25T04:32:57.746+0000][gc,phases   ] GC(818)   Merge Heap Roots: 0.3ms
[2025-12-25T04:32:57.747+0000][gc,phases   ] GC(818)   Evacuate Collection Set: 10.6ms
[2025-12-25T04:32:57.747+0000][gc,phases   ] GC(818)   Post Evacuate Collection Set: 1.3ms
[2025-12-25T04:32:57.747+0000][gc,phases   ] GC(818)   Other: 0.3ms
[2025-12-25T04:32:57.747+0000][gc,heap     ] GC(818) Eden regions: 603->0(608)
[2025-12-25T04:32:57.747+0000][gc,heap     ] GC(818) Survivor regions: 11->6(64)
[2025-12-25T04:32:57.747+0000][gc,heap     ] GC(818) Old regions: 195->195
[2025-12-25T04:32:57.747+0000][gc,heap     ] GC(818) Humongous regions: 151->151
[2025-12-25T04:32:57.747+0000][gc,metaspace] GC(818) Metaspace: 16110K(16512K)->16110K(16512K) NonClass: 14447K(14592K)->14447K(14592K) Class: 1662K(1920K)->1662K(1920K)
[2025-12-25T04:32:57.747+0000][gc          ] GC(818) Pause Young (Normal) (G1 Evacuation Pause) 958M->350M(1024M) 15.457ms
[2025-12-25T04:32:57.747+0000][gc,cpu      ] GC(818) User=0.08s Sys=0.00s Real=0.01s
[2025-12-25T04:33:28.085+0000][gc,start    ] GC(819) Pause Young (Normal) (G1 Evacuation Pause)
[2025-12-25T04:33:28.086+0000][gc,task     ] GC(819) Using 8 workers of 8 for evacuation
[2025-12-25T04:33:28.111+0000][gc,phases   ] GC(819)   Pre Evacuate Collection Set: 3.1ms
[2025-12-25T04:33:28.111+0000][gc,phases   ] GC(819)   Merge Heap Roots: 0.5ms
[2025-12-25T04:33:28.111+0000][gc,phases   ] GC(819)   Evacuate Collection Set: 18.0ms
[2025-12-25T04:33:28.111+0000][gc,phases   ] GC(819)   Post Evacuate Collection Set: 1.9ms
[2025-12-25T04:33:28.112+0000][gc,phases   ] GC(819)   Other: 1.1ms
[2025-12-25T04:33:28.112+0000][gc,heap     ] GC(819) Eden regions: 608->0(607)
[2025-12-25T04:33:28.112+0000][gc,heap     ] GC(819) Survivor regions: 6->7(64)
[2025-12-25T04:33:28.113+0000][gc,heap     ] GC(819) Old regions: 195->195
[2025-12-25T04:33:28.113+0000][gc,heap     ] GC(819) Humongous regions: 151->151
[2025-12-25T04:33:28.113+0000][gc,metaspace] GC(819) Metaspace: 16110K(16512K)->16110K(16512K) NonClass: 14447K(14592K)->14447K(14592K) Class: 1662K(1920K)->1662K(1920K)
[2025-12-25T04:33:28.113+0000][gc          ] GC(819) Pause Young (Normal) (G1 Evacuation Pause) 958M->352M(1024M) 27.632ms
[2025-12-25T04:33:28.113+0000][gc,cpu      ] GC(819) User=0.14s Sys=0.00s Real=0.03s
[2025-12-25T04:34:07.530+0000][gc,start    ] GC(820) Pause Young (Normal) (G1 Evacuation Pause)
[2025-12-25T04:34:07.531+0000][gc,task     ] GC(820) Using 8 workers of 8 for evacuation
[2025-12-25T04:34:07.549+0000][gc,phases   ] GC(820)   Pre Evacuate Collection Set: 1.3ms
[2025-12-25T04:34:07.549+0000][gc,phases   ] GC(820)   Merge Heap Roots: 0.3ms
[2025-12-25T04:34:07.549+0000][gc,phases   ] GC(820)   Evacuate Collection Set: 14.9ms
[2025-12-25T04:34:07.549+0000][gc,phases   ] GC(820)   Post Evacuate Collection Set: 1.4ms
[2025-12-25T04:34:07.549+0000][gc,phases   ] GC(820)   Other: 0.4ms
[2025-12-25T04:34:07.549+0000][gc,heap     ] GC(820) Eden regions: 607->0(608)
[2025-12-25T04:34:07.549+0000][gc,heap     ] GC(820) Survivor regions: 7->6(64)
[2025-12-25T04:34:07.549+0000][gc,heap     ] GC(820) Old regions: 195->195
[2025-12-25T04:34:07.549+0000][gc,heap     ] GC(820) Humongous regions: 151->151
[2025-12-25T04:34:07.549+0000][gc,metaspace] GC(820) Metaspace: 16110K(16512K)->16110K(16512K) NonClass: 14447K(14592K)->14447K(14592K) Class: 1662K(1920K)->1662K(1920K)
[2025-12-25T04:34:07.550+0000][gc          ] GC(820) Pause Young (Normal) (G1 Evacuation Pause) 959M->351M(1024M) 19.607ms
[2025-12-25T04:34:07.550+0000][gc,cpu      ] GC(820) User=0.12s Sys=0.00s Real=0.02s
[2025-12-25T04:34:38.125+0000][gc,start    ] GC(821) Pause Young (Normal) (G1 Evacuation Pause)
[2025-12-25T04:34:38.126+0000][gc,task     ] GC(821) Using 8 workers of 8 for evacuation
[2025-12-25T04:34:38.157+0000][gc,phases   ] GC(821)   Pre Evacuate Collection Set: 4.2ms
[2025-12-25T04:34:38.157+0000][gc,phases   ] GC(821)   Merge Heap Roots: 1.5ms
[2025-12-25T04:34:38.158+0000][gc,phases   ] GC(821)   Evacuate Collection Set: 20.3ms
[2025-12-25T04:34:38.158+0000][gc,phases   ] GC(821)   Post Evacuate Collection Set: 3.5ms
[2025-12-25T04:34:38.158+0000][gc,phases   ] GC(821)   Other: 1.7ms
[2025-12-25T04:34:38.158+0000][gc,heap     ] GC(821) Eden regions: 608->0(606)
[2025-12-25T04:34:38.158+0000][gc,heap     ] GC(821) Survivor regions: 6->8(64)
[2025-12-25T04:34:38.158+0000][gc,heap     ] GC(821) Old regions: 195->196
[2025-12-25T04:34:38.158+0000][gc,heap     ] GC(821) Humongous regions: 151->151
[2025-12-25T04:34:38.158+0000][gc,metaspace] GC(821) Metaspace: 16110K(16512K)->16110K(16512K) NonClass: 14447K(14592K)->14447K(14592K) Class: 1662K(1920K)->1662K(1920K)
[2025-12-25T04:34:38.158+0000][gc          ] GC(821) Pause Young (Normal) (G1 Evacuation Pause) 959M->353M(1024M) 32.944ms
[2025-12-25T04:34:38.158+0000][gc,cpu      ] GC(821) User=0.18s Sys=0.00s Real=0.03s
[2025-12-25T04:35:09.158+0000][gc,start    ] GC(822) Pause Young (Normal) (G1 Evacuation Pause)
[2025-12-25T04:35:09.160+0000][gc,task     ] GC(822) Using 8 workers of 8 for evacuation
[2025-12-25T04:35:09.200+0000][gc,phases   ] GC(822)   Pre Evacuate Collection Set: 10.8ms
[2025-12-25T04:35:09.201+0000][gc,phases   ] GC(822)   Merge Heap Roots: 0.6ms
[2025-12-25T04:35:09.201+0000][gc,phases   ] GC(822)   Evacuate Collection Set: 23.1ms
[2025-12-25T04:35:09.201+0000][gc,phases   ] GC(822)   Post Evacuate Collection Set: 3.2ms
[2025-12-25T04:35:09.201+0000][gc,phases   ] GC(822)   Other: 2.0ms
[2025-12-25T04:35:09.201+0000][gc,heap     ] GC(822) Eden regions: 606->0(605)
[2025-12-25T04:35:09.201+0000][gc,heap     ] GC(822) Survivor regions: 8->9(63)
[2025-12-25T04:35:09.201+0000][gc,heap     ] GC(822) Old regions: 196->196
[2025-12-25T04:35:09.201+0000][gc,heap     ] GC(822) Humongous regions: 151->151
[2025-12-25T04:35:09.201+0000][gc,metaspace] GC(822) Metaspace: 16110K(16512K)->16110K(16512K) NonClass: 14447K(14592K)->14447K(14592K) Class: 1662K(1920K)->1662K(1920K)
[2025-12-25T04:35:09.202+0000][gc          ] GC(822) Pause Young (Normal) (G1 Evacuation Pause) 959M->355M(1024M) 47.715ms
[2025-12-25T04:35:09.202+0000][gc,cpu      ] GC(822) User=0.21s Sys=0.01s Real=0.05s
[2025-12-25T04:35:47.648+0000][gc,start    ] GC(823) Pause Young (Normal) (G1 Evacuation Pause)
[2025-12-25T04:35:47.648+0000][gc,task     ] GC(823) Using 8 workers of 8 for evacuation
[2025-12-25T04:35:47.670+0000][gc,phases   ] GC(823)   Pre Evacuate Collection Set: 1.3ms
[2025-12-25T04:35:47.670+0000][gc,phases   ] GC(823)   Merge Heap Roots: 0.8ms
[2025-12-25T04:35:47.670+0000][gc,phases   ] GC(823)   Evacuate Collection Set: 17.2ms
[2025-12-25T04:35:47.671+0000][gc,phases   ] GC(823)   Post Evacuate Collection Set: 2.3ms
[2025-12-25T04:35:47.671+0000][gc,phases   ] GC(823)   Other: 0.4ms
[2025-12-25T04:35:47.671+0000][gc,heap     ] GC(823) Eden regions: 605->0(605)
[2025-12-25T04:35:47.671+0000][gc,heap     ] GC(823) Survivor regions: 9->9(63)
[2025-12-25T04:35:47.671+0000][gc,heap     ] GC(823) Old regions: 196->196
[2025-12-25T04:35:47.671+0000][gc,heap     ] GC(823) Humongous regions: 151->151
[2025-12-25T04:35:47.671+0000][gc,metaspace] GC(823) Metaspace: 16110K(16512K)->16110K(16512K) NonClass: 14447K(14592K)->14447K(14592K) Class: 1662K(1920K)->1662K(1920K)
[2025-12-25T04:35:47.671+0000][gc          ] GC(823) Pause Young (Normal) (G1 Evacuation Pause) 960M->355M(1024M) 23.253ms
[2025-12-25T04:35:47.671+0000][gc,cpu      ] GC(823) User=0.13s Sys=0.01s Real=0.02s
[2025-12-25T04:36:17.890+0000][gc,start    ] GC(824) Pause Young (Normal) (G1 Evacuation Pause)
[2025-12-25T04:36:17.890+0000][gc,task     ] GC(824) Using 8 workers of 8 for evacuation
[2025-12-25T04:36:17.917+0000][gc,phases   ] GC(824)   Pre Evacuate Collection Set: 2.9ms
[2025-12-25T04:36:17.917+0000][gc,phases   ] GC(824)   Merge Heap Roots: 0.5ms
[2025-12-25T04:36:17.917+0000][gc,phases   ] GC(824)   Evacuate Collection Set: 19.5ms
[2025-12-25T04:36:17.917+0000][gc,phases   ] GC(824)   Post Evacuate Collection Set: 3.4ms
[2025-12-25T04:36:17.917+0000][gc,phases   ] GC(824)   Other: 0.4ms
[2025-12-25T04:36:17.917+0000][gc,heap     ] GC(824) Eden regions: 605->0(604)
[2025-12-25T04:36:17.917+0000][gc,heap     ] GC(824) Survivor regions: 9->10(63)
[2025-12-25T04:36:17.917+0000][gc,heap     ] GC(824) Old regions: 196->196
[2025-12-25T04:36:17.917+0000][gc,heap     ] GC(824) Humongous regions: 151->151
[2025-12-25T04:36:17.917+0000][gc,metaspace] GC(824) Metaspace: 16110K(16512K)->16110K(16512K) NonClass: 14447K(14592K)->14447K(14592K) Class: 1662K(1920K)->1662K(1920K)
[2025-12-25T04:36:17.918+0000][gc          ] GC(824) Pause Young (Normal) (G1 Evacuation Pause) 960M->356M(1024M) 27.937ms
[2025-12-25T04:36:17.918+0000][gc,cpu      ] GC(824) User=0.15s Sys=0.00s Real=0.03s
[2025-12-25T04:36:48.153+0000][gc,start    ] GC(825) Pause Young (Normal) (G1 Evacuation Pause)
[2025-12-25T04:36:48.153+0000][gc,task     ] GC(825) Using 8 workers of 8 for evacuation
[2025-12-25T04:36:48.173+0000][gc,phases   ] GC(825)   Pre Evacuate Collection Set: 2.5ms
[2025-12-25T04:36:48.173+0000][gc,phases   ] GC(825)   Merge Heap Roots: 2.1ms
[2025-12-25T04:36:48.173+0000][gc,phases   ] GC(825)   Evacuate Collection Set: 13.5ms
[2025-12-25T04:36:48.173+0000][gc,phases   ] GC(825)   Post Evacuate Collection Set: 1.1ms
[2025-12-25T04:36:48.173+0000][gc,phases   ] GC(825)   Other: 0.3ms
[2025-12-25T04:36:48.173+0000][gc,heap     ] GC(825) Eden regions: 604->0(609)
[2025-12-25T04:36:48.173+0000][gc,heap     ] GC(825) Survivor regions: 10->5(63)
[2025-12-25T04:36:48.173+0000][gc,heap     ] GC(825) Old regions: 196->197
[2025-12-25T04:36:48.173+0000][gc,heap     ] GC(825) Humongous regions: 151->151
[2025-12-25T04:36:48.173+0000][gc,metaspace] GC(825) Metaspace: 16110K(16512K)->16110K(16512K) NonClass: 14447K(14592K)->14447K(14592K) Class: 1662K(1920K)->1662K(1920K)
[2025-12-25T04:36:48.173+0000][gc          ] GC(825) Pause Young (Normal) (G1 Evacuation Pause) 960M->351M(1024M) 20.704ms
[2025-12-25T04:36:48.174+0000][gc,cpu      ] GC(825) User=0.11s Sys=0.00s Real=0.02s
[2025-12-25T04:37:27.692+0000][gc,start    ] GC(826) Pause Young (Normal) (G1 Evacuation Pause)
[2025-12-25T04:37:27.693+0000][gc,task     ] GC(826) Using 8 workers of 8 for evacuation
[2025-12-25T04:37:27.744+0000][gc,phases   ] GC(826)   Pre Evacuate Collection Set: 1.2ms
[2025-12-25T04:37:27.745+0000][gc,phases   ] GC(826)   Merge Heap Roots: 0.2ms
[2025-12-25T04:37:27.745+0000][gc,phases   ] GC(826)   Evacuate Collection Set: 14.8ms
[2025-12-25T04:37:27.745+0000][gc,phases   ] GC(826)   Post Evacuate Collection Set: 34.6ms
[2025-12-25T04:37:27.745+0000][gc,phases   ] GC(826)   Other: 0.5ms
[2025-12-25T04:37:27.745+0000][gc,heap     ] GC(826) Eden regions: 609->0(608)
[2025-12-25T04:37:27.745+0000][gc,heap     ] GC(826) Survivor regions: 5->6(62)
[2025-12-25T04:37:27.746+0000][gc,heap     ] GC(826) Old regions: 197->197
[2025-12-25T04:37:27.746+0000][gc,heap     ] GC(826) Humongous regions: 151->151
[2025-12-25T04:37:27.746+0000][gc,metaspace] GC(826) Metaspace: 16110K(16512K)->16110K(16512K) NonClass: 14447K(14592K)->14447K(14592K) Class: 1662K(1920K)->1662K(1920K)
[2025-12-25T04:37:27.746+0000][gc          ] GC(826) Pause Young (Normal) (G1 Evacuation Pause) 960M->352M(1024M) 53.630ms
[2025-12-25T04:37:27.746+0000][gc,cpu      ] GC(826) User=0.19s Sys=0.01s Real=0.05s
[2025-12-25T04:37:57.969+0000][gc,start    ] GC(827) Pause Young (Normal) (G1 Evacuation Pause)
[2025-12-25T04:37:57.969+0000][gc,task     ] GC(827) Using 8 workers of 8 for evacuation
[2025-12-25T04:37:57.982+0000][gc,phases   ] GC(827)   Pre Evacuate Collection Set: 2.4ms
[2025-12-25T04:37:57.982+0000][gc,phases   ] GC(827)   Merge Heap Roots: 0.4ms
[2025-12-25T04:37:57.982+0000][gc,phases   ] GC(827)   Evacuate Collection Set: 7.9ms
[2025-12-25T04:37:57.982+0000][gc,phases   ] GC(827)   Post Evacuate Collection Set: 1.8ms
[2025-12-25T04:37:57.982+0000][gc,phases   ] GC(827)   Other: 0.3ms
[2025-12-25T04:37:57.982+0000][gc,heap     ] GC(827) Eden regions: 608->0(607)
[2025-12-25T04:37:57.982+0000][gc,heap     ] GC(827) Survivor regions: 6->7(62)
[2025-12-25T04:37:57.982+0000][gc,heap     ] GC(827) Old regions: 197->197
[2025-12-25T04:37:57.982+0000][gc,heap     ] GC(827) Humongous regions: 151->151
[2025-12-25T04:37:57.982+0000][gc,metaspace] GC(827) Metaspace: 16110K(16512K)->16110K(16512K) NonClass: 14447K(14592K)->14447K(14592K) Class: 1662K(1920K)->1662K(1920K)
[2025-12-25T04:37:57.983+0000][gc          ] GC(827) Pause Young (Normal) (G1 Evacuation Pause) 960M->354M(1024M) 14.071ms
[2025-12-25T04:37:57.983+0000][gc,cpu      ] GC(827) User=0.08s Sys=0.00s Real=0.02s
[2025-12-25T04:38:37.576+0000][gc,start    ] GC(828) Pause Young (Normal) (G1 Evacuation Pause)
[2025-12-25T04:38:37.576+0000][gc,task     ] GC(828) Using 8 workers of 8 for evacuation
[2025-12-25T04:38:37.594+0000][gc,phases   ] GC(828)   Pre Evacuate Collection Set: 1.1ms
[2025-12-25T04:38:37.594+0000][gc,phases   ] GC(828)   Merge Heap Roots: 0.3ms
[2025-12-25T04:38:37.594+0000][gc,phases   ] GC(828)   Evacuate Collection Set: 14.4ms
[2025-12-25T04:38:37.594+0000][gc,phases   ] GC(828)   Post Evacuate Collection Set: 1.3ms
[2025-12-25T04:38:37.594+0000][gc,phases   ] GC(828)   Other: 0.4ms
[2025-12-25T04:38:37.594+0000][gc,heap     ] GC(828) Eden regions: 607->0(607)
[2025-12-25T04:38:37.594+0000][gc,heap     ] GC(828) Survivor regions: 7->7(62)
[2025-12-25T04:38:37.594+0000][gc,heap     ] GC(828) Old regions: 197->197
[2025-12-25T04:38:37.594+0000][gc,heap     ] GC(828) Humongous regions: 151->151
[2025-12-25T04:38:37.594+0000][gc,metaspace] GC(828) Metaspace: 16110K(16512K)->16110K(16512K) NonClass: 14447K(14592K)->14447K(14592K) Class: 1662K(1920K)->1662K(1920K)
[2025-12-25T04:38:37.595+0000][gc          ] GC(828) Pause Young (Normal) (G1 Evacuation Pause) 961M->353M(1024M) 18.857ms
[2025-12-25T04:38:37.595+0000][gc,cpu      ] GC(828) User=0.10s Sys=0.00s Real=0.02s
[2025-12-25T04:39:07.813+0000][gc,start    ] GC(829) Pause Young (Normal) (G1 Evacuation Pause)
[2025-12-25T04:39:07.813+0000][gc,task     ] GC(829) Using 8 workers of 8 for evacuation
[2025-12-25T04:39:07.836+0000][gc,phases   ] GC(829)   Pre Evacuate Collection Set: 1.3ms
[2025-12-25T04:39:07.837+0000][gc,phases   ] GC(829)   Merge Heap Roots: 0.3ms
[2025-12-25T04:39:07.837+0000][gc,phases   ] GC(829)   Evacuate Collection Set: 19.7ms
[2025-12-25T04:39:07.837+0000][gc,phases   ] GC(829)   Post Evacuate Collection Set: 1.4ms
[2025-12-25T04:39:07.837+0000][gc,phases   ] GC(829)   Other: 0.3ms
[2025-12-25T04:39:07.837+0000][gc,heap     ] GC(829) Eden regions: 607->0(606)
[2025-12-25T04:39:07.837+0000][gc,heap     ] GC(829) Survivor regions: 7->8(62)
[2025-12-25T04:39:07.837+0000][gc,heap     ] GC(829) Old regions: 197->198
[2025-12-25T04:39:07.837+0000][gc,heap     ] GC(829) Humongous regions: 151->151
[2025-12-25T04:39:07.837+0000][gc,metaspace] GC(829) Metaspace: 16110K(16512K)->16110K(16512K) NonClass: 14448K(14592K)->14448K(14592K) Class: 1662K(1920K)->1662K(1920K)
[2025-12-25T04:39:07.837+0000][gc          ] GC(829) Pause Young (Normal) (G1 Evacuation Pause) 960M->355M(1024M) 24.217ms
[2025-12-25T04:39:07.837+0000][gc,cpu      ] GC(829) User=0.15s Sys=0.00s Real=0.02s
[2025-12-25T04:39:37.995+0000][gc,start    ] GC(830) Pause Young (Normal) (G1 Evacuation Pause)
[2025-12-25T04:39:37.996+0000][gc,task     ] GC(830) Using 8 workers of 8 for evacuation
[2025-12-25T04:39:38.015+0000][gc,phases   ] GC(830)   Pre Evacuate Collection Set: 2.6ms
[2025-12-25T04:39:38.015+0000][gc,phases   ] GC(830)   Merge Heap Roots: 1.2ms
[2025-12-25T04:39:38.015+0000][gc,phases   ] GC(830)   Evacuate Collection Set: 13.9ms
[2025-12-25T04:39:38.015+0000][gc,phases   ] GC(830)   Post Evacuate Collection Set: 1.2ms
[2025-12-25T04:39:38.015+0000][gc,phases   ] GC(830)   Other: 0.5ms
[2025-12-25T04:39:38.015+0000][gc,heap     ] GC(830) Eden regions: 606->0(603)
[2025-12-25T04:39:38.015+0000][gc,heap     ] GC(830) Survivor regions: 8->10(61)
[2025-12-25T04:39:38.015+0000][gc,heap     ] GC(830) Old regions: 198->198
[2025-12-25T04:39:38.015+0000][gc,heap     ] GC(830) Humongous regions: 151->151
[2025-12-25T04:39:38.015+0000][gc,metaspace] GC(830) Metaspace: 16110K(16512K)->16110K(16512K) NonClass: 14448K(14592K)->14448K(14592K) Class: 1662K(1920K)->1662K(1920K)
[2025-12-25T04:39:38.015+0000][gc          ] GC(830) Pause Young (Normal) (G1 Evacuation Pause) 961M->357M(1024M) 20.378ms
[2025-12-25T04:39:38.015+0000][gc,cpu      ] GC(830) User=0.13s Sys=0.00s Real=0.02s
[2025-12-25T04:40:17.626+0000][gc,start    ] GC(831) Pause Young (Normal) (G1 Evacuation Pause)
[2025-12-25T04:40:17.627+0000][gc,task     ] GC(831) Using 8 workers of 8 for evacuation
[2025-12-25T04:40:17.653+0000][gc,phases   ] GC(831)   Pre Evacuate Collection Set: 1.1ms
[2025-12-25T04:40:17.653+0000][gc,phases   ] GC(831)   Merge Heap Roots: 0.3ms
[2025-12-25T04:40:17.653+0000][gc,phases   ] GC(831)   Evacuate Collection Set: 23.0ms
[2025-12-25T04:40:17.653+0000][gc,phases   ] GC(831)   Post Evacuate Collection Set: 1.1ms
[2025-12-25T04:40:17.653+0000][gc,phases   ] GC(831)   Other: 0.3ms
[2025-12-25T04:40:17.653+0000][gc,heap     ] GC(831) Eden regions: 603->0(605)
[2025-12-25T04:40:17.653+0000][gc,heap     ] GC(831) Survivor regions: 10->9(62)
[2025-12-25T04:40:17.653+0000][gc,heap     ] GC(831) Old regions: 198->198
[2025-12-25T04:40:17.653+0000][gc,heap     ] GC(831) Humongous regions: 151->151
[2025-12-25T04:40:17.653+0000][gc,metaspace] GC(831) Metaspace: 16111K(16512K)->16111K(16512K) NonClass: 14448K(14592K)->14448K(14592K) Class: 1662K(1920K)->1662K(1920K)
[2025-12-25T04:40:17.653+0000][gc          ] GC(831) Pause Young (Normal) (G1 Evacuation Pause) 960M->357M(1024M) 26.945ms
[2025-12-25T04:40:17.653+0000][gc,cpu      ] GC(831) User=0.15s Sys=0.00s Real=0.03s
[2025-12-25T04:40:47.939+0000][gc,start    ] GC(832) Pause Young (Normal) (G1 Evacuation Pause)
[2025-12-25T04:40:47.940+0000][gc,task     ] GC(832) Using 8 workers of 8 for evacuation
[2025-12-25T04:40:47.958+0000][gc,phases   ] GC(832)   Pre Evacuate Collection Set: 1.2ms
[2025-12-25T04:40:47.958+0000][gc,phases   ] GC(832)   Merge Heap Roots: 0.3ms
[2025-12-25T04:40:47.958+0000][gc,phases   ] GC(832)   Evacuate Collection Set: 14.6ms
[2025-12-25T04:40:47.958+0000][gc,phases   ] GC(832)   Post Evacuate Collection Set: 1.4ms
[2025-12-25T04:40:47.958+0000][gc,phases   ] GC(832)   Other: 0.4ms
[2025-12-25T04:40:47.958+0000][gc,heap     ] GC(832) Eden regions: 605->0(601)
[2025-12-25T04:40:47.958+0000][gc,heap     ] GC(832) Survivor regions: 9->11(61)
[2025-12-25T04:40:47.958+0000][gc,heap     ] GC(832) Old regions: 198->198
[2025-12-25T04:40:47.958+0000][gc,heap     ] GC(832) Humongous regions: 151->151
[2025-12-25T04:40:47.958+0000][gc,metaspace] GC(832) Metaspace: 16111K(16512K)->16111K(16512K) NonClass: 14448K(14592K)->14448K(14592K) Class: 1662K(1920K)->1662K(1920K)
[2025-12-25T04:40:47.959+0000][gc          ] GC(832) Pause Young (Normal) (G1 Evacuation Pause) 962M->359M(1024M) 19.429ms
[2025-12-25T04:40:47.959+0000][gc,cpu      ] GC(832) User=0.12s Sys=0.00s Real=0.02s
[2025-12-25T04:41:21.132+0000][gc,start    ] GC(833) Pause Young (Normal) (G1 Evacuation Pause)
[2025-12-25T04:41:21.132+0000][gc,task     ] GC(833) Using 8 workers of 8 for evacuation
[2025-12-25T04:41:21.148+0000][gc,phases   ] GC(833)   Pre Evacuate Collection Set: 1.2ms
[2025-12-25T04:41:21.148+0000][gc,phases   ] GC(833)   Merge Heap Roots: 0.4ms
[2025-12-25T04:41:21.148+0000][gc,phases   ] GC(833)   Evacuate Collection Set: 13.0ms
[2025-12-25T04:41:21.149+0000][gc,phases   ] GC(833)   Post Evacuate Collection Set: 1.4ms
[2025-12-25T04:41:21.149+0000][gc,phases   ] GC(833)   Other: 0.2ms
[2025-12-25T04:41:21.149+0000][gc,heap     ] GC(833) Eden regions: 601->0(609)
[2025-12-25T04:41:21.149+0000][gc,heap     ] GC(833) Survivor regions: 11->5(63)
[2025-12-25T04:41:21.149+0000][gc,heap     ] GC(833) Old regions: 198->199
[2025-12-25T04:41:21.149+0000][gc,heap     ] GC(833) Humongous regions: 151->151
[2025-12-25T04:41:21.149+0000][gc,metaspace] GC(833) Metaspace: 16111K(16512K)->16111K(16512K) NonClass: 14448K(14592K)->14448K(14592K) Class: 1662K(1920K)->1662K(1920K)
[2025-12-25T04:41:21.149+0000][gc          ] GC(833) Pause Young (Normal) (G1 Evacuation Pause) 960M->353M(1024M) 17.334ms
[2025-12-25T04:41:21.149+0000][gc,cpu      ] GC(833) User=0.09s Sys=0.01s Real=0.02s
[2025-12-25T04:41:57.757+0000][gc,start    ] GC(834) Pause Young (Normal) (G1 Evacuation Pause)
[2025-12-25T04:41:57.758+0000][gc,task     ] GC(834) Using 8 workers of 8 for evacuation
[2025-12-25T04:41:57.772+0000][gc,phases   ] GC(834)   Pre Evacuate Collection Set: 1.2ms
[2025-12-25T04:41:57.772+0000][gc,phases   ] GC(834)   Merge Heap Roots: 0.3ms
[2025-12-25T04:41:57.773+0000][gc,phases   ] GC(834)   Evacuate Collection Set: 11.3ms
[2025-12-25T04:41:57.773+0000][gc,phases   ] GC(834)   Post Evacuate Collection Set: 1.5ms
[2025-12-25T04:41:57.773+0000][gc,phases   ] GC(834)   Other: 0.2ms
[2025-12-25T04:41:57.773+0000][gc,heap     ] GC(834) Eden regions: 609->0(608)
[2025-12-25T04:41:57.773+0000][gc,heap     ] GC(834) Survivor regions: 5->6(60)
[2025-12-25T04:41:57.773+0000][gc,heap     ] GC(834) Old regions: 199->199
[2025-12-25T04:41:57.773+0000][gc,heap     ] GC(834) Humongous regions: 151->151
[2025-12-25T04:41:57.773+0000][gc,metaspace] GC(834) Metaspace: 16111K(16512K)->16111K(16512K) NonClass: 14448K(14592K)->14448K(14592K) Class: 1662K(1920K)->1662K(1920K)
[2025-12-25T04:41:57.773+0000][gc          ] GC(834) Pause Young (Normal) (G1 Evacuation Pause) 962M->355M(1024M) 15.697ms
[2025-12-25T04:41:57.773+0000][gc,cpu      ] GC(834) User=0.10s Sys=0.00s Real=0.02s
[2025-12-25T04:42:28.008+0000][gc,start    ] GC(835) Pause Young (Normal) (G1 Evacuation Pause)
[2025-12-25T04:42:28.009+0000][gc,task     ] GC(835) Using 8 workers of 8 for evacuation
[2025-12-25T04:42:28.027+0000][gc,phases   ] GC(835)   Pre Evacuate Collection Set: 1.4ms
[2025-12-25T04:42:28.027+0000][gc,phases   ] GC(835)   Merge Heap Roots: 0.3ms
[2025-12-25T04:42:28.027+0000][gc,phases   ] GC(835)   Evacuate Collection Set: 14.4ms
[2025-12-25T04:42:28.027+0000][gc,phases   ] GC(835)   Post Evacuate Collection Set: 1.2ms
[2025-12-25T04:42:28.027+0000][gc,phases   ] GC(835)   Other: 0.5ms
[2025-12-25T04:42:28.027+0000][gc,heap     ] GC(835) Eden regions: 608->0(606)
[2025-12-25T04:42:28.027+0000][gc,heap     ] GC(835) Survivor regions: 6->8(60)
[2025-12-25T04:42:28.028+0000][gc,heap     ] GC(835) Old regions: 199->199
[2025-12-25T04:42:28.028+0000][gc,heap     ] GC(835) Humongous regions: 151->151
[2025-12-25T04:42:28.028+0000][gc,metaspace] GC(835) Metaspace: 16111K(16512K)->16111K(16512K) NonClass: 14448K(14592K)->14448K(14592K) Class: 1662K(1920K)->1662K(1920K)
[2025-12-25T04:42:28.028+0000][gc          ] GC(835) Pause Young (Normal) (G1 Evacuation Pause) 963M->357M(1024M) 19.409ms
[2025-12-25T04:42:28.028+0000][gc,cpu      ] GC(835) User=0.12s Sys=0.00s Real=0.02s
[2025-12-25T04:43:07.546+0000][gc,start    ] GC(836) Pause Young (Normal) (G1 Evacuation Pause)
[2025-12-25T04:43:07.547+0000][gc,task     ] GC(836) Using 8 workers of 8 for evacuation
[2025-12-25T04:43:07.562+0000][gc,phases   ] GC(836)   Pre Evacuate Collection Set: 1.1ms
[2025-12-25T04:43:07.563+0000][gc,phases   ] GC(836)   Merge Heap Roots: 0.3ms
[2025-12-25T04:43:07.563+0000][gc,phases   ] GC(836)   Evacuate Collection Set: 12.7ms
[2025-12-25T04:43:07.563+0000][gc,phases   ] GC(836)   Post Evacuate Collection Set: 1.3ms
[2025-12-25T04:43:07.563+0000][gc,phases   ] GC(836)   Other: 0.5ms
[2025-12-25T04:43:07.563+0000][gc,heap     ] GC(836) Eden regions: 606->0(607)
[2025-12-25T04:43:07.563+0000][gc,heap     ] GC(836) Survivor regions: 8->7(60)
[2025-12-25T04:43:07.563+0000][gc,heap     ] GC(836) Old regions: 199->199
[2025-12-25T04:43:07.563+0000][gc,heap     ] GC(836) Humongous regions: 151->151
[2025-12-25T04:43:07.563+0000][gc,metaspace] GC(836) Metaspace: 16111K(16512K)->16111K(16512K) NonClass: 14448K(14592K)->14448K(14592K) Class: 1662K(1920K)->1662K(1920K)
[2025-12-25T04:43:07.563+0000][gc          ] GC(836) Pause Young (Normal) (G1 Evacuation Pause) 963M->356M(1024M) 17.241ms
[2025-12-25T04:43:07.563+0000][gc,cpu      ] GC(836) User=0.11s Sys=0.01s Real=0.02s
[2025-12-25T04:43:37.769+0000][gc,start    ] GC(837) Pause Young (Normal) (G1 Evacuation Pause)
[2025-12-25T04:43:37.770+0000][gc,task     ] GC(837) Using 8 workers of 8 for evacuation
[2025-12-25T04:43:37.785+0000][gc,phases   ] GC(837)   Pre Evacuate Collection Set: 2.7ms
[2025-12-25T04:43:37.786+0000][gc,phases   ] GC(837)   Merge Heap Roots: 0.6ms
[2025-12-25T04:43:37.786+0000][gc,phases   ] GC(837)   Evacuate Collection Set: 10.0ms
[2025-12-25T04:43:37.786+0000][gc,phases   ] GC(837)   Post Evacuate Collection Set: 1.6ms
[2025-12-25T04:43:37.786+0000][gc,phases   ] GC(837)   Other: 0.4ms
[2025-12-25T04:43:37.786+0000][gc,heap     ] GC(837) Eden regions: 607->0(606)
[2025-12-25T04:43:37.786+0000][gc,heap     ] GC(837) Survivor regions: 7->8(60)
[2025-12-25T04:43:37.786+0000][gc,heap     ] GC(837) Old regions: 199->199
[2025-12-25T04:43:37.786+0000][gc,heap     ] GC(837) Humongous regions: 151->151
[2025-12-25T04:43:37.786+0000][gc,metaspace] GC(837) Metaspace: 16111K(16512K)->16111K(16512K) NonClass: 14448K(14592K)->14448K(14592K) Class: 1662K(1920K)->1662K(1920K)
[2025-12-25T04:43:37.786+0000][gc          ] GC(837) Pause Young (Normal) (G1 Evacuation Pause) 963M->357M(1024M) 17.064ms
[2025-12-25T04:43:37.786+0000][gc,cpu      ] GC(837) User=0.10s Sys=0.00s Real=0.02s
[2025-12-25T04:44:07.990+0000][gc,start    ] GC(838) Pause Young (Normal) (G1 Evacuation Pause)
[2025-12-25T04:44:07.991+0000][gc,task     ] GC(838) Using 8 workers of 8 for evacuation
[2025-12-25T04:44:08.008+0000][gc,phases   ] GC(838)   Pre Evacuate Collection Set: 1.0ms
[2025-12-25T04:44:08.008+0000][gc,phases   ] GC(838)   Merge Heap Roots: 0.3ms
[2025-12-25T04:44:08.009+0000][gc,phases   ] GC(838)   Evacuate Collection Set: 15.0ms
[2025-12-25T04:44:08.009+0000][gc,phases   ] GC(838)   Post Evacuate Collection Set: 1.1ms
[2025-12-25T04:44:08.009+0000][gc,phases   ] GC(838)   Other: 0.3ms
[2025-12-25T04:44:08.009+0000][gc,heap     ] GC(838) Eden regions: 606->0(601)
[2025-12-25T04:44:08.009+0000][gc,heap     ] GC(838) Survivor regions: 8->10(60)
[2025-12-25T04:44:08.009+0000][gc,heap     ] GC(838) Old regions: 199->200
[2025-12-25T04:44:08.009+0000][gc,heap     ] GC(838) Humongous regions: 151->151
[2025-12-25T04:44:08.009+0000][gc,metaspace] GC(838) Metaspace: 16111K(16512K)->16111K(16512K) NonClass: 14448K(14592K)->14448K(14592K) Class: 1662K(1920K)->1662K(1920K)
[2025-12-25T04:44:08.009+0000][gc          ] GC(838) Pause Young (Normal) (G1 Evacuation Pause) 963M->360M(1024M) 18.705ms
[2025-12-25T04:44:08.009+0000][gc,cpu      ] GC(838) User=0.13s Sys=0.00s Real=0.02s
[2025-12-25T04:44:47.606+0000][gc,start    ] GC(839) Pause Young (Normal) (G1 Evacuation Pause)
[2025-12-25T04:44:47.606+0000][gc,task     ] GC(839) Using 8 workers of 8 for evacuation
[2025-12-25T04:44:47.621+0000][gc,phases   ] GC(839)   Pre Evacuate Collection Set: 1.2ms
[2025-12-25T04:44:47.621+0000][gc,phases   ] GC(839)   Merge Heap Roots: 0.3ms
[2025-12-25T04:44:47.621+0000][gc,phases   ] GC(839)   Evacuate Collection Set: 11.7ms
[2025-12-25T04:44:47.621+0000][gc,phases   ] GC(839)   Post Evacuate Collection Set: 1.4ms
[2025-12-25T04:44:47.621+0000][gc,phases   ] GC(839)   Other: 0.3ms
[2025-12-25T04:44:47.622+0000][gc,heap     ] GC(839) Eden regions: 601->0(603)
[2025-12-25T04:44:47.622+0000][gc,heap     ] GC(839) Survivor regions: 10->9(62)
[2025-12-25T04:44:47.622+0000][gc,heap     ] GC(839) Old regions: 200->200
[2025-12-25T04:44:47.622+0000][gc,heap     ] GC(839) Humongous regions: 151->151
[2025-12-25T04:44:47.622+0000][gc,metaspace] GC(839) Metaspace: 16111K(16512K)->16111K(16512K) NonClass: 14448K(14592K)->14448K(14592K) Class: 1662K(1920K)->1662K(1920K)
[2025-12-25T04:44:47.622+0000][gc          ] GC(839) Pause Young (Normal) (G1 Evacuation Pause) 961M->359M(1024M) 16.074ms
[2025-12-25T04:44:47.622+0000][gc,cpu      ] GC(839) User=0.08s Sys=0.00s Real=0.02s
[2025-12-25T04:45:17.799+0000][gc,start    ] GC(840) Pause Young (Normal) (G1 Evacuation Pause)
[2025-12-25T04:45:17.800+0000][gc,task     ] GC(840) Using 8 workers of 8 for evacuation
[2025-12-25T04:45:17.808+0000][gc,phases   ] GC(840)   Pre Evacuate Collection Set: 1.0ms
[2025-12-25T04:45:17.808+0000][gc,phases   ] GC(840)   Merge Heap Roots: 0.2ms
[2025-12-25T04:45:17.808+0000][gc,phases   ] GC(840)   Evacuate Collection Set: 5.4ms
[2025-12-25T04:45:17.808+0000][gc,phases   ] GC(840)   Post Evacuate Collection Set: 1.0ms
[2025-12-25T04:45:17.808+0000][gc,phases   ] GC(840)   Other: 0.3ms
[2025-12-25T04:45:17.808+0000][gc,heap     ] GC(840) Eden regions: 603->0(608)
[2025-12-25T04:45:17.808+0000][gc,heap     ] GC(840) Survivor regions: 9->6(61)
[2025-12-25T04:45:17.808+0000][gc,heap     ] GC(840) Old regions: 200->200
[2025-12-25T04:45:17.808+0000][gc,heap     ] GC(840) Humongous regions: 151->151
[2025-12-25T04:45:17.808+0000][gc,metaspace] GC(840) Metaspace: 16111K(16512K)->16111K(16512K) NonClass: 14448K(14592K)->14448K(14592K) Class: 1662K(1920K)->1662K(1920K)
[2025-12-25T04:45:17.808+0000][gc          ] GC(840) Pause Young (Normal) (G1 Evacuation Pause) 962M->356M(1024M) 8.989ms
[2025-12-25T04:45:17.808+0000][gc,cpu      ] GC(840) User=0.05s Sys=0.00s Real=0.01s
[2025-12-25T04:45:57.434+0000][gc,start    ] GC(841) Pause Young (Normal) (G1 Evacuation Pause)
[2025-12-25T04:45:57.435+0000][gc,task     ] GC(841) Using 8 workers of 8 for evacuation
[2025-12-25T04:45:57.451+0000][gc,phases   ] GC(841)   Pre Evacuate Collection Set: 1.3ms
[2025-12-25T04:45:57.451+0000][gc,phases   ] GC(841)   Merge Heap Roots: 0.3ms
[2025-12-25T04:45:57.451+0000][gc,phases   ] GC(841)   Evacuate Collection Set: 13.1ms
[2025-12-25T04:45:57.451+0000][gc,phases   ] GC(841)   Post Evacuate Collection Set: 1.4ms
[2025-12-25T04:45:57.452+0000][gc,phases   ] GC(841)   Other: 0.4ms
[2025-12-25T04:45:57.452+0000][gc,heap     ] GC(841) Eden regions: 608->0(608)
[2025-12-25T04:45:57.452+0000][gc,heap     ] GC(841) Survivor regions: 6->6(59)
[2025-12-25T04:45:57.452+0000][gc,heap     ] GC(841) Old regions: 200->200
[2025-12-25T04:45:57.452+0000][gc,heap     ] GC(841) Humongous regions: 151->151
[2025-12-25T04:45:57.452+0000][gc,metaspace] GC(841) Metaspace: 16111K(16512K)->16111K(16512K) NonClass: 14448K(14592K)->14448K(14592K) Class: 1662K(1920K)->1662K(1920K)
[2025-12-25T04:45:57.452+0000][gc          ] GC(841) Pause Young (Normal) (G1 Evacuation Pause) 964M->355M(1024M) 17.856ms
[2025-12-25T04:45:57.452+0000][gc,cpu      ] GC(841) User=0.11s Sys=0.00s Real=0.02s
[2025-12-25T04:46:27.661+0000][gc,start    ] GC(842) Pause Young (Normal) (G1 Evacuation Pause)
[2025-12-25T04:46:27.662+0000][gc,task     ] GC(842) Using 8 workers of 8 for evacuation
[2025-12-25T04:46:27.676+0000][gc,phases   ] GC(842)   Pre Evacuate Collection Set: 2.1ms
[2025-12-25T04:46:27.676+0000][gc,phases   ] GC(842)   Merge Heap Roots: 0.7ms
[2025-12-25T04:46:27.676+0000][gc,phases   ] GC(842)   Evacuate Collection Set: 10.0ms
[2025-12-25T04:46:27.676+0000][gc,phases   ] GC(842)   Post Evacuate Collection Set: 1.0ms
[2025-12-25T04:46:27.676+0000][gc,phases   ] GC(842)   Other: 0.2ms
[2025-12-25T04:46:27.676+0000][gc,heap     ] GC(842) Eden regions: 608->0(606)
[2025-12-25T04:46:27.676+0000][gc,heap     ] GC(842) Survivor regions: 6->7(59)
[2025-12-25T04:46:27.676+0000][gc,heap     ] GC(842) Old regions: 200->201
[2025-12-25T04:46:27.676+0000][gc,heap     ] GC(842) Humongous regions: 151->151
[2025-12-25T04:46:27.676+0000][gc,metaspace] GC(842) Metaspace: 16111K(16512K)->16111K(16512K) NonClass: 14449K(14592K)->14449K(14592K) Class: 1662K(1920K)->1662K(1920K)
[2025-12-25T04:46:27.676+0000][gc          ] GC(842) Pause Young (Normal) (G1 Evacuation Pause) 963M->357M(1024M) 15.245ms
[2025-12-25T04:46:27.676+0000][gc,cpu      ] GC(842) User=0.09s Sys=0.01s Real=0.02s
[2025-12-25T04:46:57.901+0000][gc,start    ] GC(843) Pause Young (Normal) (G1 Evacuation Pause)
[2025-12-25T04:46:57.901+0000][gc,task     ] GC(843) Using 8 workers of 8 for evacuation
[2025-12-25T04:46:57.922+0000][gc,phases   ] GC(843)   Pre Evacuate Collection Set: 1.1ms
[2025-12-25T04:46:57.922+0000][gc,phases   ] GC(843)   Merge Heap Roots: 0.3ms
[2025-12-25T04:46:57.922+0000][gc,phases   ] GC(843)   Evacuate Collection Set: 17.8ms
[2025-12-25T04:46:57.922+0000][gc,phases   ] GC(843)   Post Evacuate Collection Set: 1.2ms
[2025-12-25T04:46:57.922+0000][gc,phases   ] GC(843)   Other: 0.4ms
[2025-12-25T04:46:57.922+0000][gc,heap     ] GC(843) Eden regions: 606->0(604)
[2025-12-25T04:46:57.922+0000][gc,heap     ] GC(843) Survivor regions: 7->8(59)
[2025-12-25T04:46:57.922+0000][gc,heap     ] GC(843) Old regions: 201->201
[2025-12-25T04:46:57.922+0000][gc,heap     ] GC(843) Humongous regions: 151->151
[2025-12-25T04:46:57.922+0000][gc,metaspace] GC(843) Metaspace: 16111K(16512K)->16111K(16512K) NonClass: 14449K(14592K)->14449K(14592K) Class: 1662K(1920K)->1662K(1920K)
[2025-12-25T04:46:57.923+0000][gc          ] GC(843) Pause Young (Normal) (G1 Evacuation Pause) 963M->359M(1024M) 22.081ms
[2025-12-25T04:46:57.923+0000][gc,cpu      ] GC(843) User=0.15s Sys=0.00s Real=0.03s
[2025-12-25T04:47:37.460+0000][gc,start    ] GC(844) Pause Young (Normal) (G1 Evacuation Pause)
[2025-12-25T04:47:37.461+0000][gc,task     ] GC(844) Using 8 workers of 8 for evacuation
[2025-12-25T04:47:37.539+0000][gc,phases   ] GC(844)   Pre Evacuate Collection Set: 1.6ms
[2025-12-25T04:47:37.539+0000][gc,phases   ] GC(844)   Merge Heap Roots: 4.9ms
[2025-12-25T04:47:37.539+0000][gc,phases   ] GC(844)   Evacuate Collection Set: 63.1ms
[2025-12-25T04:47:37.539+0000][gc,phases   ] GC(844)   Post Evacuate Collection Set: 7.9ms
[2025-12-25T04:47:37.539+0000][gc,phases   ] GC(844)   Other: 0.3ms
[2025-12-25T04:47:37.539+0000][gc,heap     ] GC(844) Eden regions: 604->0(606)
[2025-12-25T04:47:37.539+0000][gc,heap     ] GC(844) Survivor regions: 8->7(60)
[2025-12-25T04:47:37.539+0000][gc,heap     ] GC(844) Old regions: 201->201
[2025-12-25T04:47:37.539+0000][gc,heap     ] GC(844) Humongous regions: 151->151
[2025-12-25T04:47:37.539+0000][gc,metaspace] GC(844) Metaspace: 16111K(16512K)->16111K(16512K) NonClass: 14449K(14592K)->14449K(14592K) Class: 1662K(1920K)->1662K(1920K)
[2025-12-25T04:47:37.539+0000][gc          ] GC(844) Pause Young (Normal) (G1 Evacuation Pause) 963M->358M(1024M) 79.214ms
[2025-12-25T04:47:37.540+0000][gc,cpu      ] GC(844) User=0.49s Sys=0.04s Real=0.08s
[2025-12-25T04:48:07.772+0000][gc,start    ] GC(845) Pause Young (Normal) (G1 Evacuation Pause)
[2025-12-25T04:48:07.772+0000][gc,task     ] GC(845) Using 8 workers of 8 for evacuation
[2025-12-25T04:48:07.793+0000][gc,phases   ] GC(845)   Pre Evacuate Collection Set: 3.5ms
[2025-12-25T04:48:07.793+0000][gc,phases   ] GC(845)   Merge Heap Roots: 0.4ms
[2025-12-25T04:48:07.794+0000][gc,phases   ] GC(845)   Evacuate Collection Set: 13.4ms
[2025-12-25T04:48:07.794+0000][gc,phases   ] GC(845)   Post Evacuate Collection Set: 1.3ms
[2025-12-25T04:48:07.794+0000][gc,phases   ] GC(845)   Other: 2.3ms
[2025-12-25T04:48:07.794+0000][gc,heap     ] GC(845) Eden regions: 606->0(602)
[2025-12-25T04:48:07.794+0000][gc,heap     ] GC(845) Survivor regions: 7->9(59)
[2025-12-25T04:48:07.794+0000][gc,heap     ] GC(845) Old regions: 201->201
[2025-12-25T04:48:07.794+0000][gc,heap     ] GC(845) Humongous regions: 151->151
[2025-12-25T04:48:07.794+0000][gc,metaspace] GC(845) Metaspace: 16111K(16512K)->16111K(16512K) NonClass: 14449K(14592K)->14449K(14592K) Class: 1662K(1920K)->1662K(1920K)
[2025-12-25T04:48:07.794+0000][gc          ] GC(845) Pause Young (Normal) (G1 Evacuation Pause) 964M->360M(1024M) 22.267ms
[2025-12-25T04:48:07.794+0000][gc,cpu      ] GC(845) User=0.12s Sys=0.00s Real=0.02s
[2025-12-25T04:48:38.048+0000][gc,start    ] GC(846) Pause Young (Normal) (G1 Evacuation Pause)
[2025-12-25T04:48:38.048+0000][gc,task     ] GC(846) Using 8 workers of 8 for evacuation
[2025-12-25T04:48:38.074+0000][gc,phases   ] GC(846)   Pre Evacuate Collection Set: 1.5ms
[2025-12-25T04:48:38.074+0000][gc,phases   ] GC(846)   Merge Heap Roots: 0.2ms
[2025-12-25T04:48:38.074+0000][gc,phases   ] GC(846)   Evacuate Collection Set: 22.1ms
[2025-12-25T04:48:38.074+0000][gc,phases   ] GC(846)   Post Evacuate Collection Set: 1.2ms
[2025-12-25T04:48:38.074+0000][gc,phases   ] GC(846)   Other: 0.3ms
[2025-12-25T04:48:38.074+0000][gc,heap     ] GC(846) Eden regions: 602->0(595)
[2025-12-25T04:48:38.074+0000][gc,heap     ] GC(846) Survivor regions: 9->12(61)
[2025-12-25T04:48:38.074+0000][gc,heap     ] GC(846) Old regions: 201->202
[2025-12-25T04:48:38.074+0000][gc,heap     ] GC(846) Humongous regions: 151->151
[2025-12-25T04:48:38.074+0000][gc,metaspace] GC(846) Metaspace: 16112K(16512K)->16112K(16512K) NonClass: 14449K(14592K)->14449K(14592K) Class: 1662K(1920K)->1662K(1920K)
[2025-12-25T04:48:38.074+0000][gc          ] GC(846) Pause Young (Normal) (G1 Evacuation Pause) 962M->363M(1024M) 26.357ms
[2025-12-25T04:48:38.074+0000][gc,cpu      ] GC(846) User=0.17s Sys=0.00s Real=0.03s
[2025-12-25T04:49:17.586+0000][gc,start    ] GC(847) Pause Young (Normal) (G1 Evacuation Pause)
[2025-12-25T04:49:17.586+0000][gc,task     ] GC(847) Using 8 workers of 8 for evacuation
[2025-12-25T04:49:17.612+0000][gc,phases   ] GC(847)   Pre Evacuate Collection Set: 1.1ms
[2025-12-25T04:49:17.612+0000][gc,phases   ] GC(847)   Merge Heap Roots: 0.6ms
[2025-12-25T04:49:17.612+0000][gc,phases   ] GC(847)   Evacuate Collection Set: 22.0ms
[2025-12-25T04:49:17.612+0000][gc,phases   ] GC(847)   Post Evacuate Collection Set: 1.6ms
[2025-12-25T04:49:17.612+0000][gc,phases   ] GC(847)   Other: 0.4ms
[2025-12-25T04:49:17.612+0000][gc,heap     ] GC(847) Eden regions: 595->0(597)
[2025-12-25T04:49:17.612+0000][gc,heap     ] GC(847) Survivor regions: 12->11(64)
[2025-12-25T04:49:17.612+0000][gc,heap     ] GC(847) Old regions: 202->202
[2025-12-25T04:49:17.612+0000][gc,heap     ] GC(847) Humongous regions: 151->151
[2025-12-25T04:49:17.612+0000][gc,metaspace] GC(847) Metaspace: 16114K(16512K)->16114K(16512K) NonClass: 14451K(14592K)->14451K(14592K) Class: 1662K(1920K)->1662K(1920K)
[2025-12-25T04:49:17.612+0000][gc          ] GC(847) Pause Young (Normal) (G1 Evacuation Pause) 958M->363M(1024M) 26.838ms
[2025-12-25T04:49:17.613+0000][gc,cpu      ] GC(847) User=0.18s Sys=0.00s Real=0.03s
[2025-12-25T04:49:47.763+0000][gc,start    ] GC(848) Pause Young (Normal) (G1 Evacuation Pause)
[2025-12-25T04:49:47.764+0000][gc,task     ] GC(848) Using 8 workers of 8 for evacuation
[2025-12-25T04:49:47.778+0000][gc,phases   ] GC(848)   Pre Evacuate Collection Set: 1.1ms
[2025-12-25T04:49:47.778+0000][gc,phases   ] GC(848)   Merge Heap Roots: 0.3ms
[2025-12-25T04:49:47.778+0000][gc,phases   ] GC(848)   Evacuate Collection Set: 10.9ms
[2025-12-25T04:49:47.778+0000][gc,phases   ] GC(848)   Post Evacuate Collection Set: 1.2ms
[2025-12-25T04:49:47.778+0000][gc,phases   ] GC(848)   Other: 0.4ms
[2025-12-25T04:49:47.778+0000][gc,heap     ] GC(848) Eden regions: 597->0(603)
[2025-12-25T04:49:47.778+0000][gc,heap     ] GC(848) Survivor regions: 11->8(63)
[2025-12-25T04:49:47.778+0000][gc,heap     ] GC(848) Old regions: 202->202
[2025-12-25T04:49:47.778+0000][gc,heap     ] GC(848) Humongous regions: 151->151
[2025-12-25T04:49:47.778+0000][gc,metaspace] GC(848) Metaspace: 16114K(16512K)->16114K(16512K) NonClass: 14451K(14592K)->14451K(14592K) Class: 1662K(1920K)->1662K(1920K)
[2025-12-25T04:49:47.779+0000][gc          ] GC(848) Pause Young (Normal) (G1 Evacuation Pause) 960M->359M(1024M) 15.155ms
[2025-12-25T04:49:47.779+0000][gc,cpu      ] GC(848) User=0.09s Sys=0.00s Real=0.01s
[2025-12-25T04:50:18.088+0000][gc,start    ] GC(849) Pause Young (Normal) (G1 Evacuation Pause)
[2025-12-25T04:50:18.088+0000][gc,task     ] GC(849) Using 8 workers of 8 for evacuation
[2025-12-25T04:50:18.112+0000][gc,phases   ] GC(849)   Pre Evacuate Collection Set: 4.7ms
[2025-12-25T04:50:18.113+0000][gc,phases   ] GC(849)   Merge Heap Roots: 0.4ms
[2025-12-25T04:50:18.113+0000][gc,phases   ] GC(849)   Evacuate Collection Set: 16.5ms
[2025-12-25T04:50:18.113+0000][gc,phases   ] GC(849)   Post Evacuate Collection Set: 1.2ms
[2025-12-25T04:50:18.114+0000][gc,phases   ] GC(849)   Other: 1.2ms
[2025-12-25T04:50:18.114+0000][gc,heap     ] GC(849) Eden regions: 603->0(601)
[2025-12-25T04:50:18.114+0000][gc,heap     ] GC(849) Survivor regions: 8->9(60)
[2025-12-25T04:50:18.114+0000][gc,heap     ] GC(849) Old regions: 202->202
[2025-12-25T04:50:18.114+0000][gc,heap     ] GC(849) Humongous regions: 151->151
[2025-12-25T04:50:18.114+0000][gc,metaspace] GC(849) Metaspace: 16114K(16512K)->16114K(16512K) NonClass: 14451K(14592K)->14451K(14592K) Class: 1662K(1920K)->1662K(1920K)
[2025-12-25T04:50:18.114+0000][gc          ] GC(849) Pause Young (Normal) (G1 Evacuation Pause) 962M->360M(1024M) 26.275ms
[2025-12-25T04:50:18.114+0000][gc,cpu      ] GC(849) User=0.16s Sys=0.00s Real=0.03s
[2025-12-25T04:50:57.596+0000][gc,start    ] GC(850) Pause Young (Normal) (G1 Evacuation Pause)
[2025-12-25T04:50:57.596+0000][gc,task     ] GC(850) Using 8 workers of 8 for evacuation
[2025-12-25T04:50:57.616+0000][gc,phases   ] GC(850)   Pre Evacuate Collection Set: 1.1ms
[2025-12-25T04:50:57.616+0000][gc,phases   ] GC(850)   Merge Heap Roots: 0.3ms
[2025-12-25T04:50:57.616+0000][gc,phases   ] GC(850)   Evacuate Collection Set: 17.2ms
[2025-12-25T04:50:57.617+0000][gc,phases   ] GC(850)   Post Evacuate Collection Set: 1.3ms
[2025-12-25T04:50:57.617+0000][gc,phases   ] GC(850)   Other: 0.3ms
[2025-12-25T04:50:57.617+0000][gc,heap     ] GC(850) Eden regions: 601->0(605)
[2025-12-25T04:50:57.617+0000][gc,heap     ] GC(850) Survivor regions: 9->7(61)
[2025-12-25T04:50:57.617+0000][gc,heap     ] GC(850) Old regions: 202->202
[2025-12-25T04:50:57.617+0000][gc,heap     ] GC(850) Humongous regions: 151->151
[2025-12-25T04:50:57.617+0000][gc,metaspace] GC(850) Metaspace: 16114K(16512K)->16114K(16512K) NonClass: 14451K(14592K)->14451K(14592K) Class: 1662K(1920K)->1662K(1920K)
[2025-12-25T04:50:57.617+0000][gc          ] GC(850) Pause Young (Normal) (G1 Evacuation Pause) 961M->359M(1024M) 21.254ms
[2025-12-25T04:50:57.617+0000][gc,cpu      ] GC(850) User=0.13s Sys=0.00s Real=0.02s
[2025-12-25T04:51:27.790+0000][gc,start    ] GC(851) Pause Young (Normal) (G1 Evacuation Pause)
[2025-12-25T04:51:27.791+0000][gc,task     ] GC(851) Using 8 workers of 8 for evacuation
[2025-12-25T04:51:27.803+0000][gc,phases   ] GC(851)   Pre Evacuate Collection Set: 1.1ms
[2025-12-25T04:51:27.803+0000][gc,phases   ] GC(851)   Merge Heap Roots: 0.3ms
[2025-12-25T04:51:27.803+0000][gc,phases   ] GC(851)   Evacuate Collection Set: 9.0ms
[2025-12-25T04:51:27.803+0000][gc,phases   ] GC(851)   Post Evacuate Collection Set: 1.3ms
[2025-12-25T04:51:27.803+0000][gc,phases   ] GC(851)   Other: 0.4ms
[2025-12-25T04:51:27.803+0000][gc,heap     ] GC(851) Eden regions: 605->0(600)
[2025-12-25T04:51:27.803+0000][gc,heap     ] GC(851) Survivor regions: 7->9(59)
[2025-12-25T04:51:27.803+0000][gc,heap     ] GC(851) Old regions: 202->203
[2025-12-25T04:51:27.803+0000][gc,heap     ] GC(851) Humongous regions: 151->151
[2025-12-25T04:51:27.803+0000][gc,metaspace] GC(851) Metaspace: 16117K(16512K)->16117K(16512K) NonClass: 14455K(14592K)->14455K(14592K) Class: 1662K(1920K)->1662K(1920K)
[2025-12-25T04:51:27.803+0000][gc          ] GC(851) Pause Young (Normal) (G1 Evacuation Pause) 964M->361M(1024M) 13.380ms
[2025-12-25T04:51:27.803+0000][gc,cpu      ] GC(851) User=0.06s Sys=0.01s Real=0.02s
[2025-12-25T04:51:57.996+0000][gc,start    ] GC(852) Pause Young (Normal) (G1 Evacuation Pause)
[2025-12-25T04:51:57.996+0000][gc,task     ] GC(852) Using 8 workers of 8 for evacuation
[2025-12-25T04:51:58.010+0000][gc,phases   ] GC(852)   Pre Evacuate Collection Set: 1.0ms
[2025-12-25T04:51:58.011+0000][gc,phases   ] GC(852)   Merge Heap Roots: 0.4ms
[2025-12-25T04:51:58.011+0000][gc,phases   ] GC(852)   Evacuate Collection Set: 9.0ms
[2025-12-25T04:51:58.011+0000][gc,phases   ] GC(852)   Post Evacuate Collection Set: 3.4ms
[2025-12-25T04:51:58.011+0000][gc,phases   ] GC(852)   Other: 0.3ms
[2025-12-25T04:51:58.011+0000][gc,heap     ] GC(852) Eden regions: 600->0(598)
[2025-12-25T04:51:58.011+0000][gc,heap     ] GC(852) Survivor regions: 9->10(61)
[2025-12-25T04:51:58.011+0000][gc,heap     ] GC(852) Old regions: 203->203
[2025-12-25T04:51:58.011+0000][gc,heap     ] GC(852) Humongous regions: 151->151
[2025-12-25T04:51:58.011+0000][gc,metaspace] GC(852) Metaspace: 16117K(16512K)->16117K(16512K) NonClass: 14455K(14592K)->14455K(14592K) Class: 1662K(1920K)->1662K(1920K)
[2025-12-25T04:51:58.011+0000][gc          ] GC(852) Pause Young (Normal) (G1 Evacuation Pause) 961M->362M(1024M) 15.614ms
[2025-12-25T04:51:58.011+0000][gc,cpu      ] GC(852) User=0.09s Sys=0.00s Real=0.01s
[2025-12-25T04:52:37.598+0000][gc,start    ] GC(853) Pause Young (Normal) (G1 Evacuation Pause)
[2025-12-25T04:52:37.599+0000][gc,task     ] GC(853) Using 8 workers of 8 for evacuation
[2025-12-25T04:52:37.621+0000][gc,phases   ] GC(853)   Pre Evacuate Collection Set: 1.3ms
[2025-12-25T04:52:37.621+0000][gc,phases   ] GC(853)   Merge Heap Roots: 0.3ms
[2025-12-25T04:52:37.621+0000][gc,phases   ] GC(853)   Evacuate Collection Set: 18.3ms
[2025-12-25T04:52:37.621+0000][gc,phases   ] GC(853)   Post Evacuate Collection Set: 1.6ms
[2025-12-25T04:52:37.621+0000][gc,phases   ] GC(853)   Other: 0.4ms
[2025-12-25T04:52:37.621+0000][gc,heap     ] GC(853) Eden regions: 598->0(600)
[2025-12-25T04:52:37.621+0000][gc,heap     ] GC(853) Survivor regions: 10->9(62)
[2025-12-25T04:52:37.621+0000][gc,heap     ] GC(853) Old regions: 203->203
[2025-12-25T04:52:37.621+0000][gc,heap     ] GC(853) Humongous regions: 151->151
[2025-12-25T04:52:37.621+0000][gc,metaspace] GC(853) Metaspace: 16117K(16512K)->16117K(16512K) NonClass: 14455K(14592K)->14455K(14592K) Class: 1662K(1920K)->1662K(1920K)
[2025-12-25T04:52:37.621+0000][gc          ] GC(853) Pause Young (Normal) (G1 Evacuation Pause) 960M->362M(1024M) 23.206ms
[2025-12-25T04:52:37.621+0000][gc,cpu      ] GC(853) User=0.15s Sys=0.00s Real=0.03s
[2025-12-25T04:53:07.850+0000][gc,start    ] GC(854) Pause Young (Normal) (G1 Evacuation Pause)
[2025-12-25T04:53:07.850+0000][gc,task     ] GC(854) Using 8 workers of 8 for evacuation
[2025-12-25T04:53:07.874+0000][gc,phases   ] GC(854)   Pre Evacuate Collection Set: 1.7ms
[2025-12-25T04:53:07.874+0000][gc,phases   ] GC(854)   Merge Heap Roots: 0.5ms
[2025-12-25T04:53:07.874+0000][gc,phases   ] GC(854)   Evacuate Collection Set: 18.3ms
[2025-12-25T04:53:07.874+0000][gc,phases   ] GC(854)   Post Evacuate Collection Set: 2.5ms
[2025-12-25T04:53:07.874+0000][gc,phases   ] GC(854)   Other: 0.7ms
[2025-12-25T04:53:07.875+0000][gc,heap     ] GC(854) Eden regions: 600->0(598)
[2025-12-25T04:53:07.875+0000][gc,heap     ] GC(854) Survivor regions: 9->10(61)
[2025-12-25T04:53:07.875+0000][gc,heap     ] GC(854) Old regions: 203->203
[2025-12-25T04:53:07.875+0000][gc,heap     ] GC(854) Humongous regions: 151->151
[2025-12-25T04:53:07.875+0000][gc,metaspace] GC(854) Metaspace: 16117K(16512K)->16117K(16512K) NonClass: 14455K(14592K)->14455K(14592K) Class: 1662K(1920K)->1662K(1920K)
[2025-12-25T04:53:07.875+0000][gc          ] GC(854) Pause Young (Normal) (G1 Evacuation Pause) 962M->363M(1024M) 25.284ms
[2025-12-25T04:53:07.875+0000][gc,cpu      ] GC(854) User=0.15s Sys=0.00s Real=0.03s
[2025-12-25T04:53:37.976+0000][gc,start    ] GC(855) Pause Young (Normal) (G1 Evacuation Pause)
[2025-12-25T04:53:37.976+0000][gc,task     ] GC(855) Using 8 workers of 8 for evacuation
[2025-12-25T04:53:37.990+0000][gc,phases   ] GC(855)   Pre Evacuate Collection Set: 3.2ms
[2025-12-25T04:53:37.990+0000][gc,phases   ] GC(855)   Merge Heap Roots: 0.4ms
[2025-12-25T04:53:37.990+0000][gc,phases   ] GC(855)   Evacuate Collection Set: 7.1ms
[2025-12-25T04:53:37.990+0000][gc,phases   ] GC(855)   Post Evacuate Collection Set: 2.3ms
[2025-12-25T04:53:37.990+0000][gc,phases   ] GC(855)   Other: 0.7ms
[2025-12-25T04:53:37.991+0000][gc,heap     ] GC(855) Eden regions: 598->0(603)
[2025-12-25T04:53:37.991+0000][gc,heap     ] GC(855) Survivor regions: 10->7(62)
[2025-12-25T04:53:37.991+0000][gc,heap     ] GC(855) Old regions: 203->204
[2025-12-25T04:53:37.991+0000][gc,heap     ] GC(855) Humongous regions: 151->151
[2025-12-25T04:53:37.992+0000][gc,metaspace] GC(855) Metaspace: 16117K(16512K)->16117K(16512K) NonClass: 14455K(14592K)->14455K(14592K) Class: 1662K(1920K)->1662K(1920K)
[2025-12-25T04:53:37.992+0000][gc          ] GC(855) Pause Young (Normal) (G1 Evacuation Pause) 961M->360M(1024M) 16.441ms
[2025-12-25T04:53:37.992+0000][gc,cpu      ] GC(855) User=0.09s Sys=0.01s Real=0.02s
[2025-12-25T04:54:20.741+0000][gc,start    ] GC(856) Pause Young (Normal) (G1 Evacuation Pause)
[2025-12-25T04:54:20.742+0000][gc,task     ] GC(856) Using 8 workers of 8 for evacuation
[2025-12-25T04:54:20.763+0000][gc,phases   ] GC(856)   Pre Evacuate Collection Set: 8.3ms
[2025-12-25T04:54:20.763+0000][gc,phases   ] GC(856)   Merge Heap Roots: 0.4ms
[2025-12-25T04:54:20.763+0000][gc,phases   ] GC(856)   Evacuate Collection Set: 10.8ms
[2025-12-25T04:54:20.763+0000][gc,phases   ] GC(856)   Post Evacuate Collection Set: 1.2ms
[2025-12-25T04:54:20.763+0000][gc,phases   ] GC(856)   Other: 0.4ms
[2025-12-25T04:54:20.763+0000][gc,heap     ] GC(856) Eden regions: 603->0(607)
[2025-12-25T04:54:20.763+0000][gc,heap     ] GC(856) Survivor regions: 7->5(59)
[2025-12-25T04:54:20.764+0000][gc,heap     ] GC(856) Old regions: 204->204
[2025-12-25T04:54:20.764+0000][gc,heap     ] GC(856) Humongous regions: 151->151
[2025-12-25T04:54:20.764+0000][gc,metaspace] GC(856) Metaspace: 16120K(16512K)->16120K(16512K) NonClass: 14458K(14592K)->14458K(14592K) Class: 1662K(1920K)->1662K(1920K)
[2025-12-25T04:54:20.764+0000][gc          ] GC(856) Pause Young (Normal) (G1 Evacuation Pause) 963M->359M(1024M) 22.502ms
[2025-12-25T04:54:20.764+0000][gc,cpu      ] GC(856) User=0.12s Sys=0.01s Real=0.02s
[2025-12-25T04:54:50.953+0000][gc,start    ] GC(857) Pause Young (Normal) (G1 Evacuation Pause)
[2025-12-25T04:54:50.954+0000][gc,task     ] GC(857) Using 8 workers of 8 for evacuation
[2025-12-25T04:54:50.975+0000][gc,phases   ] GC(857)   Pre Evacuate Collection Set: 2.1ms
[2025-12-25T04:54:50.975+0000][gc,phases   ] GC(857)   Merge Heap Roots: 0.3ms
[2025-12-25T04:54:50.975+0000][gc,phases   ] GC(857)   Evacuate Collection Set: 12.0ms
[2025-12-25T04:54:50.975+0000][gc,phases   ] GC(857)   Post Evacuate Collection Set: 6.1ms
[2025-12-25T04:54:50.975+0000][gc,phases   ] GC(857)   Other: 0.6ms
[2025-12-25T04:54:50.975+0000][gc,heap     ] GC(857) Eden regions: 607->0(603)
[2025-12-25T04:54:50.975+0000][gc,heap     ] GC(857) Survivor regions: 5->7(57)
[2025-12-25T04:54:50.975+0000][gc,heap     ] GC(857) Old regions: 204->204
[2025-12-25T04:54:50.975+0000][gc,heap     ] GC(857) Humongous regions: 151->151
[2025-12-25T04:54:50.975+0000][gc,metaspace] GC(857) Metaspace: 16120K(16512K)->16120K(16512K) NonClass: 14458K(14592K)->14458K(14592K) Class: 1662K(1920K)->1662K(1920K)
[2025-12-25T04:54:50.975+0000][gc          ] GC(857) Pause Young (Normal) (G1 Evacuation Pause) 966M->360M(1024M) 22.935ms
[2025-12-25T04:54:50.976+0000][gc,cpu      ] GC(857) User=0.12s Sys=0.01s Real=0.02s
[2025-12-25T05:10:28.570+0000][gc,start    ] GC(858) Pause Young (Normal) (G1 Evacuation Pause)
[2025-12-25T05:10:28.570+0000][gc,task     ] GC(858) Using 8 workers of 8 for evacuation
[2025-12-25T05:10:28.590+0000][gc,phases   ] GC(858)   Pre Evacuate Collection Set: 2.0ms
[2025-12-25T05:10:28.590+0000][gc,phases   ] GC(858)   Merge Heap Roots: 0.3ms
[2025-12-25T05:10:28.590+0000][gc,phases   ] GC(858)   Evacuate Collection Set: 13.6ms
[2025-12-25T05:10:28.590+0000][gc,phases   ] GC(858)   Post Evacuate Collection Set: 3.4ms
[2025-12-25T05:10:28.590+0000][gc,phases   ] GC(858)   Other: 0.3ms
[2025-12-25T05:10:28.590+0000][gc,heap     ] GC(858) Eden regions: 603->0(605)
[2025-12-25T05:10:28.590+0000][gc,heap     ] GC(858) Survivor regions: 7->6(59)
[2025-12-25T05:10:28.590+0000][gc,heap     ] GC(858) Old regions: 204->204
[2025-12-25T05:10:28.590+0000][gc,heap     ] GC(858) Humongous regions: 151->151
[2025-12-25T05:10:28.591+0000][gc,metaspace] GC(858) Metaspace: 16122K(16512K)->16122K(16512K) NonClass: 14459K(14592K)->14459K(14592K) Class: 1662K(1920K)->1662K(1920K)
[2025-12-25T05:10:28.591+0000][gc          ] GC(858) Pause Young (Normal) (G1 Evacuation Pause) 963M->359M(1024M) 20.956ms
[2025-12-25T05:10:28.591+0000][gc,cpu      ] GC(858) User=0.12s Sys=0.00s Real=0.02s
[2025-12-25T05:10:59.850+0000][gc,start    ] GC(859) Pause Young (Normal) (G1 Evacuation Pause)
[2025-12-25T05:10:59.852+0000][gc,task     ] GC(859) Using 8 workers of 8 for evacuation
[2025-12-25T05:10:59.920+0000][gc,phases   ] GC(859)   Pre Evacuate Collection Set: 4.3ms
[2025-12-25T05:10:59.920+0000][gc,phases   ] GC(859)   Merge Heap Roots: 1.5ms
[2025-12-25T05:10:59.921+0000][gc,phases   ] GC(859)   Evacuate Collection Set: 57.0ms
[2025-12-25T05:10:59.921+0000][gc,phases   ] GC(859)   Post Evacuate Collection Set: 4.6ms
[2025-12-25T05:10:59.921+0000][gc,phases   ] GC(859)   Other: 1.6ms
[2025-12-25T05:10:59.921+0000][gc,heap     ] GC(859) Eden regions: 605->0(602)
[2025-12-25T05:10:59.922+0000][gc,heap     ] GC(859) Survivor regions: 6->7(58)
[2025-12-25T05:10:59.922+0000][gc,heap     ] GC(859) Old regions: 204->205
[2025-12-25T05:10:59.922+0000][gc,heap     ] GC(859) Humongous regions: 151->151
[2025-12-25T05:10:59.922+0000][gc,metaspace] GC(859) Metaspace: 16122K(16512K)->16122K(16512K) NonClass: 14459K(14592K)->14459K(14592K) Class: 1662K(1920K)->1662K(1920K)
[2025-12-25T05:10:59.923+0000][gc          ] GC(859) Pause Young (Normal) (G1 Evacuation Pause) 964M->361M(1024M) 72.266ms
[2025-12-25T05:10:59.923+0000][gc,cpu      ] GC(859) User=0.35s Sys=0.04s Real=0.07s
[2025-12-25T05:11:30.812+0000][gc,start    ] GC(860) Pause Young (Normal) (G1 Evacuation Pause)
[2025-12-25T05:11:30.813+0000][gc,task     ] GC(860) Using 8 workers of 8 for evacuation
[2025-12-25T05:11:30.858+0000][gc,phases   ] GC(860)   Pre Evacuate Collection Set: 7.2ms
[2025-12-25T05:11:30.859+0000][gc,phases   ] GC(860)   Merge Heap Roots: 1.4ms
[2025-12-25T05:11:30.859+0000][gc,phases   ] GC(860)   Evacuate Collection Set: 31.0ms
[2025-12-25T05:11:30.859+0000][gc,phases   ] GC(860)   Post Evacuate Collection Set: 3.7ms
[2025-12-25T05:11:30.859+0000][gc,phases   ] GC(860)   Other: 2.0ms
[2025-12-25T05:11:30.860+0000][gc,heap     ] GC(860) Eden regions: 602->0(600)
[2025-12-25T05:11:30.860+0000][gc,heap     ] GC(860) Survivor regions: 7->8(59)
[2025-12-25T05:11:30.861+0000][gc,heap     ] GC(860) Old regions: 205->205
[2025-12-25T05:11:30.861+0000][gc,heap     ] GC(860) Humongous regions: 151->151
[2025-12-25T05:11:30.861+0000][gc,metaspace] GC(860) Metaspace: 16122K(16512K)->16122K(16512K) NonClass: 14459K(14592K)->14459K(14592K) Class: 1662K(1920K)->1662K(1920K)
[2025-12-25T05:11:30.862+0000][gc          ] GC(860) Pause Young (Normal) (G1 Evacuation Pause) 963M->363M(1024M) 49.708ms
[2025-12-25T05:11:30.862+0000][gc,cpu      ] GC(860) User=0.25s Sys=0.01s Real=0.05s
[2025-12-25T05:27:06.877+0000][gc,start    ] GC(861) Pause Young (Normal) (G1 Evacuation Pause)
[2025-12-25T05:27:06.878+0000][gc,task     ] GC(861) Using 8 workers of 8 for evacuation
[2025-12-25T05:27:06.896+0000][gc,phases   ] GC(861)   Pre Evacuate Collection Set: 1.2ms
[2025-12-25T05:27:06.896+0000][gc,phases   ] GC(861)   Merge Heap Roots: 0.4ms
[2025-12-25T05:27:06.897+0000][gc,phases   ] GC(861)   Evacuate Collection Set: 15.4ms
[2025-12-25T05:27:06.897+0000][gc,phases   ] GC(861)   Post Evacuate Collection Set: 1.4ms
[2025-12-25T05:27:06.897+0000][gc,phases   ] GC(861)   Other: 0.3ms
[2025-12-25T05:27:06.897+0000][gc,heap     ] GC(861) Eden regions: 600->0(602)
[2025-12-25T05:27:06.897+0000][gc,heap     ] GC(861) Survivor regions: 8->7(60)
[2025-12-25T05:27:06.897+0000][gc,heap     ] GC(861) Old regions: 205->205
[2025-12-25T05:27:06.897+0000][gc,heap     ] GC(861) Humongous regions: 151->151
[2025-12-25T05:27:06.897+0000][gc,metaspace] GC(861) Metaspace: 16126K(16512K)->16126K(16512K) NonClass: 14463K(14592K)->14463K(14592K) Class: 1662K(1920K)->1662K(1920K)
[2025-12-25T05:27:06.897+0000][gc          ] GC(861) Pause Young (Normal) (G1 Evacuation Pause) 963M->362M(1024M) 20.051ms
[2025-12-25T05:27:06.897+0000][gc,cpu      ] GC(861) User=0.12s Sys=0.00s Real=0.02s
[2025-12-25T05:27:37.117+0000][gc,start    ] GC(862) Pause Young (Normal) (G1 Evacuation Pause)
[2025-12-25T05:27:37.118+0000][gc,task     ] GC(862) Using 8 workers of 8 for evacuation
[2025-12-25T05:27:37.137+0000][gc,phases   ] GC(862)   Pre Evacuate Collection Set: 1.0ms
[2025-12-25T05:27:37.137+0000][gc,phases   ] GC(862)   Merge Heap Roots: 0.2ms
[2025-12-25T05:27:37.137+0000][gc,phases   ] GC(862)   Evacuate Collection Set: 16.5ms
[2025-12-25T05:27:37.137+0000][gc,phases   ] GC(862)   Post Evacuate Collection Set: 1.3ms
[2025-12-25T05:27:37.137+0000][gc,phases   ] GC(862)   Other: 0.4ms
[2025-12-25T05:27:37.137+0000][gc,heap     ] GC(862) Eden regions: 602->0(600)
[2025-12-25T05:27:37.137+0000][gc,heap     ] GC(862) Survivor regions: 7->8(59)
[2025-12-25T05:27:37.138+0000][gc,heap     ] GC(862) Old regions: 205->205
[2025-12-25T05:27:37.138+0000][gc,heap     ] GC(862) Humongous regions: 151->151
[2025-12-25T05:27:37.138+0000][gc,metaspace] GC(862) Metaspace: 16126K(16512K)->16126K(16512K) NonClass: 14463K(14592K)->14463K(14592K) Class: 1662K(1920K)->1662K(1920K)
[2025-12-25T05:27:37.138+0000][gc          ] GC(862) Pause Young (Normal) (G1 Evacuation Pause) 964M->363M(1024M) 20.647ms
[2025-12-25T05:27:37.138+0000][gc,cpu      ] GC(862) User=0.13s Sys=0.00s Real=0.02s
[2025-12-25T05:28:07.276+0000][gc,start    ] GC(863) Pause Young (Normal) (G1 Evacuation Pause)
[2025-12-25T05:28:07.277+0000][gc,task     ] GC(863) Using 8 workers of 8 for evacuation
[2025-12-25T05:28:07.290+0000][gc,phases   ] GC(863)   Pre Evacuate Collection Set: 0.9ms
[2025-12-25T05:28:07.290+0000][gc,phases   ] GC(863)   Merge Heap Roots: 0.2ms
[2025-12-25T05:28:07.290+0000][gc,phases   ] GC(863)   Evacuate Collection Set: 9.4ms
[2025-12-25T05:28:07.290+0000][gc,phases   ] GC(863)   Post Evacuate Collection Set: 2.6ms
[2025-12-25T05:28:07.290+0000][gc,phases   ] GC(863)   Other: 0.5ms
[2025-12-25T05:28:07.290+0000][gc,heap     ] GC(863) Eden regions: 600->0(605)
[2025-12-25T05:28:07.291+0000][gc,heap     ] GC(863) Survivor regions: 8->5(60)
[2025-12-25T05:28:07.291+0000][gc,heap     ] GC(863) Old regions: 205->206
[2025-12-25T05:28:07.291+0000][gc,heap     ] GC(863) Humongous regions: 151->151
[2025-12-25T05:28:07.291+0000][gc,metaspace] GC(863) Metaspace: 16126K(16512K)->16126K(16512K) NonClass: 14463K(14592K)->14463K(14592K) Class: 1662K(1920K)->1662K(1920K)
[2025-12-25T05:28:07.291+0000][gc          ] GC(863) Pause Young (Normal) (G1 Evacuation Pause) 963M->360M(1024M) 14.855ms
[2025-12-25T05:28:07.291+0000][gc,cpu      ] GC(863) User=0.08s Sys=0.00s Real=0.02s
[2025-12-25T05:28:46.908+0000][gc,start    ] GC(864) Pause Young (Normal) (G1 Evacuation Pause)
[2025-12-25T05:28:46.908+0000][gc,task     ] GC(864) Using 8 workers of 8 for evacuation
[2025-12-25T05:28:46.926+0000][gc,phases   ] GC(864)   Pre Evacuate Collection Set: 4.4ms
[2025-12-25T05:28:46.926+0000][gc,phases   ] GC(864)   Merge Heap Roots: 0.6ms
[2025-12-25T05:28:46.926+0000][gc,phases   ] GC(864)   Evacuate Collection Set: 10.4ms
[2025-12-25T05:28:46.927+0000][gc,phases   ] GC(864)   Post Evacuate Collection Set: 1.2ms
[2025-12-25T05:28:46.927+0000][gc,phases   ] GC(864)   Other: 1.3ms
[2025-12-25T05:28:46.927+0000][gc,heap     ] GC(864) Eden regions: 605->0(607)
[2025-12-25T05:28:46.927+0000][gc,heap     ] GC(864) Survivor regions: 5->4(57)
[2025-12-25T05:28:46.927+0000][gc,heap     ] GC(864) Old regions: 206->206
[2025-12-25T05:28:46.927+0000][gc,heap     ] GC(864) Humongous regions: 151->151
[2025-12-25T05:28:46.927+0000][gc,metaspace] GC(864) Metaspace: 16126K(16512K)->16126K(16512K) NonClass: 14463K(14592K)->14463K(14592K) Class: 1662K(1920K)->1662K(1920K)
[2025-12-25T05:28:46.927+0000][gc          ] GC(864) Pause Young (Normal) (G1 Evacuation Pause) 965M->359M(1024M) 19.300ms
[2025-12-25T05:28:46.927+0000][gc,cpu      ] GC(864) User=0.10s Sys=0.00s Real=0.02s
[2025-12-25T05:29:17.250+0000][gc,start    ] GC(865) Pause Young (Normal) (G1 Evacuation Pause)
[2025-12-25T05:29:17.251+0000][gc,task     ] GC(865) Using 8 workers of 8 for evacuation
[2025-12-25T05:29:17.260+0000][gc,phases   ] GC(865)   Pre Evacuate Collection Set: 1.0ms
[2025-12-25T05:29:17.260+0000][gc,phases   ] GC(865)   Merge Heap Roots: 0.2ms
[2025-12-25T05:29:17.260+0000][gc,phases   ] GC(865)   Evacuate Collection Set: 5.7ms
[2025-12-25T05:29:17.260+0000][gc,phases   ] GC(865)   Post Evacuate Collection Set: 1.2ms
[2025-12-25T05:29:17.260+0000][gc,phases   ] GC(865)   Other: 0.3ms
[2025-12-25T05:29:17.260+0000][gc,heap     ] GC(865) Eden regions: 607->0(603)
[2025-12-25T05:29:17.260+0000][gc,heap     ] GC(865) Survivor regions: 4->6(56)
[2025-12-25T05:29:17.260+0000][gc,heap     ] GC(865) Old regions: 206->206
[2025-12-25T05:29:17.260+0000][gc,heap     ] GC(865) Humongous regions: 151->151
[2025-12-25T05:29:17.261+0000][gc,metaspace] GC(865) Metaspace: 16126K(16512K)->16126K(16512K) NonClass: 14463K(14592K)->14463K(14592K) Class: 1662K(1920K)->1662K(1920K)
[2025-12-25T05:29:17.261+0000][gc          ] GC(865) Pause Young (Normal) (G1 Evacuation Pause) 966M->361M(1024M) 10.351ms
[2025-12-25T05:29:17.261+0000][gc,cpu      ] GC(865) User=0.05s Sys=0.01s Real=0.01s
[2025-12-25T05:29:47.437+0000][gc,start    ] GC(866) Pause Young (Normal) (G1 Evacuation Pause)
[2025-12-25T05:29:47.437+0000][gc,task     ] GC(866) Using 8 workers of 8 for evacuation
[2025-12-25T05:29:47.452+0000][gc,phases   ] GC(866)   Pre Evacuate Collection Set: 1.2ms
[2025-12-25T05:29:47.453+0000][gc,phases   ] GC(866)   Merge Heap Roots: 0.2ms
[2025-12-25T05:29:47.453+0000][gc,phases   ] GC(866)   Evacuate Collection Set: 12.2ms
[2025-12-25T05:29:47.453+0000][gc,phases   ] GC(866)   Post Evacuate Collection Set: 1.2ms
[2025-12-25T05:29:47.453+0000][gc,phases   ] GC(866)   Other: 0.3ms
[2025-12-25T05:29:47.453+0000][gc,heap     ] GC(866) Eden regions: 603->0(599)
[2025-12-25T05:29:47.453+0000][gc,heap     ] GC(866) Survivor regions: 6->8(58)
[2025-12-25T05:29:47.453+0000][gc,heap     ] GC(866) Old regions: 206->206
[2025-12-25T05:29:47.453+0000][gc,heap     ] GC(866) Humongous regions: 151->151
[2025-12-25T05:29:47.453+0000][gc,metaspace] GC(866) Metaspace: 16126K(16512K)->16126K(16512K) NonClass: 14463K(14592K)->14463K(14592K) Class: 1662K(1920K)->1662K(1920K)
[2025-12-25T05:29:47.453+0000][gc          ] GC(866) Pause Young (Normal) (G1 Evacuation Pause) 964M->363M(1024M) 16.152ms
[2025-12-25T05:29:47.453+0000][gc,cpu      ] GC(866) User=0.10s Sys=0.00s Real=0.02s
[2025-12-25T05:30:26.954+0000][gc,start    ] GC(867) Pause Young (Normal) (G1 Evacuation Pause)
[2025-12-25T05:30:26.955+0000][gc,task     ] GC(867) Using 8 workers of 8 for evacuation
[2025-12-25T05:30:26.963+0000][gc,phases   ] GC(867)   Pre Evacuate Collection Set: 1.1ms
[2025-12-25T05:30:26.964+0000][gc,phases   ] GC(867)   Merge Heap Roots: 0.2ms
[2025-12-25T05:30:26.964+0000][gc,phases   ] GC(867)   Evacuate Collection Set: 5.7ms
[2025-12-25T05:30:26.964+0000][gc,phases   ] GC(867)   Post Evacuate Collection Set: 1.3ms
[2025-12-25T05:30:26.964+0000][gc,phases   ] GC(867)   Other: 0.2ms
[2025-12-25T05:30:26.964+0000][gc,heap     ] GC(867) Eden regions: 599->0(601)
[2025-12-25T05:30:26.964+0000][gc,heap     ] GC(867) Survivor regions: 8->7(60)
[2025-12-25T05:30:26.964+0000][gc,heap     ] GC(867) Old regions: 206->206
[2025-12-25T05:30:26.964+0000][gc,heap     ] GC(867) Humongous regions: 151->151
[2025-12-25T05:30:26.964+0000][gc,metaspace] GC(867) Metaspace: 16126K(16512K)->16126K(16512K) NonClass: 14463K(14592K)->14463K(14592K) Class: 1662K(1920K)->1662K(1920K)
[2025-12-25T05:30:26.964+0000][gc          ] GC(867) Pause Young (Normal) (G1 Evacuation Pause) 962M->362M(1024M) 9.698ms
[2025-12-25T05:30:26.964+0000][gc,cpu      ] GC(867) User=0.05s Sys=0.00s Real=0.01s
[2025-12-25T05:30:57.231+0000][gc,start    ] GC(868) Pause Young (Normal) (G1 Evacuation Pause)
[2025-12-25T05:30:57.231+0000][gc,task     ] GC(868) Using 8 workers of 8 for evacuation
[2025-12-25T05:30:57.241+0000][gc,phases   ] GC(868)   Pre Evacuate Collection Set: 1.2ms
[2025-12-25T05:30:57.241+0000][gc,phases   ] GC(868)   Merge Heap Roots: 0.2ms
[2025-12-25T05:30:57.241+0000][gc,phases   ] GC(868)   Evacuate Collection Set: 6.3ms
[2025-12-25T05:30:57.241+0000][gc,phases   ] GC(868)   Post Evacuate Collection Set: 1.2ms
[2025-12-25T05:30:57.241+0000][gc,phases   ] GC(868)   Other: 0.3ms
[2025-12-25T05:30:57.241+0000][gc,heap     ] GC(868) Eden regions: 601->0(599)
[2025-12-25T05:30:57.241+0000][gc,heap     ] GC(868) Survivor regions: 7->8(59)
[2025-12-25T05:30:57.241+0000][gc,heap     ] GC(868) Old regions: 206->206
[2025-12-25T05:30:57.241+0000][gc,heap     ] GC(868) Humongous regions: 151->151
[2025-12-25T05:30:57.241+0000][gc,metaspace] GC(868) Metaspace: 16126K(16512K)->16126K(16512K) NonClass: 14463K(14592K)->14463K(14592K) Class: 1662K(1920K)->1662K(1920K)
[2025-12-25T05:30:57.241+0000][gc          ] GC(868) Pause Young (Normal) (G1 Evacuation Pause) 963M->364M(1024M) 10.401ms
[2025-12-25T05:30:57.241+0000][gc,cpu      ] GC(868) User=0.06s Sys=0.00s Real=0.01s
[2025-12-25T05:31:27.364+0000][gc,start    ] GC(869) Pause Young (Normal) (G1 Evacuation Pause)
[2025-12-25T05:31:27.364+0000][gc,task     ] GC(869) Using 8 workers of 8 for evacuation
[2025-12-25T05:31:27.382+0000][gc,phases   ] GC(869)   Pre Evacuate Collection Set: 1.0ms
[2025-12-25T05:31:27.382+0000][gc,phases   ] GC(869)   Merge Heap Roots: 0.2ms
[2025-12-25T05:31:27.382+0000][gc,phases   ] GC(869)   Evacuate Collection Set: 15.3ms
[2025-12-25T05:31:27.382+0000][gc,phases   ] GC(869)   Post Evacuate Collection Set: 1.2ms
[2025-12-25T05:31:27.382+0000][gc,phases   ] GC(869)   Other: 0.2ms
[2025-12-25T05:31:27.383+0000][gc,heap     ] GC(869) Eden regions: 599->0(597)
[2025-12-25T05:31:27.383+0000][gc,heap     ] GC(869) Survivor regions: 8->9(60)
[2025-12-25T05:31:27.383+0000][gc,heap     ] GC(869) Old regions: 206->206
[2025-12-25T05:31:27.383+0000][gc,heap     ] GC(869) Humongous regions: 151->151
[2025-12-25T05:31:27.383+0000][gc,metaspace] GC(869) Metaspace: 16126K(16512K)->16126K(16512K) NonClass: 14463K(14592K)->14463K(14592K) Class: 1662K(1920K)->1662K(1920K)
[2025-12-25T05:31:27.383+0000][gc          ] GC(869) Pause Young (Normal) (G1 Evacuation Pause) 963M->365M(1024M) 19.099ms
[2025-12-25T05:31:27.383+0000][gc,cpu      ] GC(869) User=0.12s Sys=0.00s Real=0.02s
[2025-12-25T05:32:06.991+0000][gc,start    ] GC(870) Pause Young (Normal) (G1 Evacuation Pause)
[2025-12-25T05:32:06.992+0000][gc,task     ] GC(870) Using 8 workers of 8 for evacuation
[2025-12-25T05:32:06.999+0000][gc,phases   ] GC(870)   Pre Evacuate Collection Set: 1.1ms
[2025-12-25T05:32:06.999+0000][gc,phases   ] GC(870)   Merge Heap Roots: 0.2ms
[2025-12-25T05:32:06.999+0000][gc,phases   ] GC(870)   Evacuate Collection Set: 4.0ms
[2025-12-25T05:32:06.999+0000][gc,phases   ] GC(870)   Post Evacuate Collection Set: 1.2ms
[2025-12-25T05:32:06.999+0000][gc,phases   ] GC(870)   Other: 0.3ms
[2025-12-25T05:32:06.999+0000][gc,heap     ] GC(870) Eden regions: 597->0(605)
[2025-12-25T05:32:06.999+0000][gc,heap     ] GC(870) Survivor regions: 9->5(61)
[2025-12-25T05:32:06.999+0000][gc,heap     ] GC(870) Old regions: 206->206
[2025-12-25T05:32:06.999+0000][gc,heap     ] GC(870) Humongous regions: 151->151
[2025-12-25T05:32:06.999+0000][gc,metaspace] GC(870) Metaspace: 16126K(16512K)->16126K(16512K) NonClass: 14464K(14592K)->14464K(14592K) Class: 1662K(1920K)->1662K(1920K)
[2025-12-25T05:32:07.000+0000][gc          ] GC(870) Pause Young (Normal) (G1 Evacuation Pause) 962M->360M(1024M) 8.781ms
[2025-12-25T05:32:07.000+0000][gc,cpu      ] GC(870) User=0.04s Sys=0.01s Real=0.01s
[2025-12-25T05:32:37.173+0000][gc,start    ] GC(871) Pause Young (Normal) (G1 Evacuation Pause)
[2025-12-25T05:32:37.174+0000][gc,task     ] GC(871) Using 8 workers of 8 for evacuation
[2025-12-25T05:32:37.182+0000][gc,phases   ] GC(871)   Pre Evacuate Collection Set: 1.2ms
[2025-12-25T05:32:37.183+0000][gc,phases   ] GC(871)   Merge Heap Roots: 0.2ms
[2025-12-25T05:32:37.183+0000][gc,phases   ] GC(871)   Evacuate Collection Set: 5.6ms
[2025-12-25T05:32:37.183+0000][gc,phases   ] GC(871)   Post Evacuate Collection Set: 1.3ms
[2025-12-25T05:32:37.183+0000][gc,phases   ] GC(871)   Other: 0.5ms
[2025-12-25T05:32:37.183+0000][gc,heap     ] GC(871) Eden regions: 605->0(603)
[2025-12-25T05:32:37.183+0000][gc,heap     ] GC(871) Survivor regions: 5->6(57)
[2025-12-25T05:32:37.183+0000][gc,heap     ] GC(871) Old regions: 206->206
[2025-12-25T05:32:37.183+0000][gc,heap     ] GC(871) Humongous regions: 151->151
[2025-12-25T05:32:37.183+0000][gc,metaspace] GC(871) Metaspace: 16126K(16512K)->16126K(16512K) NonClass: 14464K(14592K)->14464K(14592K) Class: 1662K(1920K)->1662K(1920K)
[2025-12-25T05:32:37.183+0000][gc          ] GC(871) Pause Young (Normal) (G1 Evacuation Pause) 965M->362M(1024M) 10.410ms
[2025-12-25T05:32:37.183+0000][gc,cpu      ] GC(871) User=0.05s Sys=0.00s Real=0.01s
[2025-12-25T05:33:07.435+0000][gc,start    ] GC(872) Pause Young (Normal) (G1 Evacuation Pause)
[2025-12-25T05:33:07.435+0000][gc,task     ] GC(872) Using 8 workers of 8 for evacuation
[2025-12-25T05:33:07.444+0000][gc,phases   ] GC(872)   Pre Evacuate Collection Set: 1.1ms
[2025-12-25T05:33:07.444+0000][gc,phases   ] GC(872)   Merge Heap Roots: 0.3ms
[2025-12-25T05:33:07.444+0000][gc,phases   ] GC(872)   Evacuate Collection Set: 5.7ms
[2025-12-25T05:33:07.444+0000][gc,phases   ] GC(872)   Post Evacuate Collection Set: 1.2ms
[2025-12-25T05:33:07.444+0000][gc,phases   ] GC(872)   Other: 0.4ms
[2025-12-25T05:33:07.444+0000][gc,heap     ] GC(872) Eden regions: 603->0(601)
[2025-12-25T05:33:07.444+0000][gc,heap     ] GC(872) Survivor regions: 6->7(58)
[2025-12-25T05:33:07.444+0000][gc,heap     ] GC(872) Old regions: 206->206
[2025-12-25T05:33:07.445+0000][gc,heap     ] GC(872) Humongous regions: 151->151
[2025-12-25T05:33:07.445+0000][gc,metaspace] GC(872) Metaspace: 16126K(16512K)->16126K(16512K) NonClass: 14464K(14592K)->14464K(14592K) Class: 1662K(1920K)->1662K(1920K)
[2025-12-25T05:33:07.445+0000][gc          ] GC(872) Pause Young (Normal) (G1 Evacuation Pause) 965M->363M(1024M) 10.040ms
[2025-12-25T05:33:07.445+0000][gc,cpu      ] GC(872) User=0.05s Sys=0.00s Real=0.01s
[2025-12-25T05:33:46.991+0000][gc,start    ] GC(873) Pause Young (Normal) (G1 Evacuation Pause)
[2025-12-25T05:33:46.991+0000][gc,task     ] GC(873) Using 8 workers of 8 for evacuation
[2025-12-25T05:33:47.003+0000][gc,phases   ] GC(873)   Pre Evacuate Collection Set: 1.2ms
[2025-12-25T05:33:47.003+0000][gc,phases   ] GC(873)   Merge Heap Roots: 0.3ms
[2025-12-25T05:33:47.003+0000][gc,phases   ] GC(873)   Evacuate Collection Set: 8.7ms
[2025-12-25T05:33:47.003+0000][gc,phases   ] GC(873)   Post Evacuate Collection Set: 1.3ms
[2025-12-25T05:33:47.003+0000][gc,phases   ] GC(873)   Other: 0.2ms
[2025-12-25T05:33:47.003+0000][gc,heap     ] GC(873) Eden regions: 601->0(601)
[2025-12-25T05:33:47.003+0000][gc,heap     ] GC(873) Survivor regions: 7->7(59)
[2025-12-25T05:33:47.003+0000][gc,heap     ] GC(873) Old regions: 206->206
[2025-12-25T05:33:47.003+0000][gc,heap     ] GC(873) Humongous regions: 151->151
[2025-12-25T05:33:47.003+0000][gc,metaspace] GC(873) Metaspace: 16126K(16512K)->16126K(16512K) NonClass: 14464K(14592K)->14464K(14592K) Class: 1662K(1920K)->1662K(1920K)
[2025-12-25T05:33:47.004+0000][gc          ] GC(873) Pause Young (Normal) (G1 Evacuation Pause) 964M->362M(1024M) 12.951ms
[2025-12-25T05:33:47.004+0000][gc,cpu      ] GC(873) User=0.08s Sys=0.00s Real=0.01s
[2025-12-25T05:34:17.251+0000][gc,start    ] GC(874) Pause Young (Normal) (G1 Evacuation Pause)
[2025-12-25T05:34:17.252+0000][gc,task     ] GC(874) Using 8 workers of 8 for evacuation
[2025-12-25T05:34:17.265+0000][gc,phases   ] GC(874)   Pre Evacuate Collection Set: 1.1ms
[2025-12-25T05:34:17.265+0000][gc,phases   ] GC(874)   Merge Heap Roots: 0.2ms
[2025-12-25T05:34:17.265+0000][gc,phases   ] GC(874)   Evacuate Collection Set: 10.3ms
[2025-12-25T05:34:17.265+0000][gc,phases   ] GC(874)   Post Evacuate Collection Set: 1.2ms
[2025-12-25T05:34:17.265+0000][gc,phases   ] GC(874)   Other: 0.3ms
[2025-12-25T05:34:17.265+0000][gc,heap     ] GC(874) Eden regions: 601->0(599)
[2025-12-25T05:34:17.265+0000][gc,heap     ] GC(874) Survivor regions: 7->8(59)
[2025-12-25T05:34:17.265+0000][gc,heap     ] GC(874) Old regions: 206->206
[2025-12-25T05:34:17.265+0000][gc,heap     ] GC(874) Humongous regions: 151->151
[2025-12-25T05:34:17.265+0000][gc,metaspace] GC(874) Metaspace: 16126K(16512K)->16126K(16512K) NonClass: 14464K(14592K)->14464K(14592K) Class: 1662K(1920K)->1662K(1920K)
[2025-12-25T05:34:17.265+0000][gc          ] GC(874) Pause Young (Normal) (G1 Evacuation Pause) 963M->364M(1024M) 14.450ms
[2025-12-25T05:34:17.265+0000][gc,cpu      ] GC(874) User=0.09s Sys=0.00s Real=0.01s
[2025-12-25T05:34:56.788+0000][gc,start    ] GC(875) Pause Young (Normal) (G1 Evacuation Pause)
[2025-12-25T05:34:56.789+0000][gc,task     ] GC(875) Using 8 workers of 8 for evacuation
[2025-12-25T05:34:56.819+0000][gc,phases   ] GC(875)   Pre Evacuate Collection Set: 2.2ms
[2025-12-25T05:34:56.819+0000][gc,phases   ] GC(875)   Merge Heap Roots: 0.5ms
[2025-12-25T05:34:56.819+0000][gc,phases   ] GC(875)   Evacuate Collection Set: 25.0ms
[2025-12-25T05:34:56.820+0000][gc,phases   ] GC(875)   Post Evacuate Collection Set: 2.0ms
[2025-12-25T05:34:56.820+0000][gc,phases   ] GC(875)   Other: 0.7ms
[2025-12-25T05:34:56.820+0000][gc,heap     ] GC(875) Eden regions: 599->0(601)
[2025-12-25T05:34:56.820+0000][gc,heap     ] GC(875) Survivor regions: 8->7(60)
[2025-12-25T05:34:56.820+0000][gc,heap     ] GC(875) Old regions: 206->206
[2025-12-25T05:34:56.820+0000][gc,heap     ] GC(875) Humongous regions: 151->151
[2025-12-25T05:34:56.820+0000][gc,metaspace] GC(875) Metaspace: 16126K(16512K)->16126K(16512K) NonClass: 14464K(14592K)->14464K(14592K) Class: 1662K(1920K)->1662K(1920K)
[2025-12-25T05:34:56.820+0000][gc          ] GC(875) Pause Young (Normal) (G1 Evacuation Pause) 963M->363M(1024M) 32.732ms
[2025-12-25T05:34:56.821+0000][gc,cpu      ] GC(875) User=0.20s Sys=0.00s Real=0.03s
[2025-12-25T05:35:26.990+0000][gc,start    ] GC(876) Pause Young (Normal) (G1 Evacuation Pause)
[2025-12-25T05:35:26.990+0000][gc,task     ] GC(876) Using 8 workers of 8 for evacuation
[2025-12-25T05:35:27.013+0000][gc,phases   ] GC(876)   Pre Evacuate Collection Set: 1.6ms
[2025-12-25T05:35:27.013+0000][gc,phases   ] GC(876)   Merge Heap Roots: 0.3ms
[2025-12-25T05:35:27.013+0000][gc,phases   ] GC(876)   Evacuate Collection Set: 18.9ms
[2025-12-25T05:35:27.014+0000][gc,phases   ] GC(876)   Post Evacuate Collection Set: 2.0ms
[2025-12-25T05:35:27.014+0000][gc,phases   ] GC(876)   Other: 0.2ms
[2025-12-25T05:35:27.014+0000][gc,heap     ] GC(876) Eden regions: 601->0(596)
[2025-12-25T05:35:27.014+0000][gc,heap     ] GC(876) Survivor regions: 7->9(59)
[2025-12-25T05:35:27.014+0000][gc,heap     ] GC(876) Old regions: 206->207
[2025-12-25T05:35:27.014+0000][gc,heap     ] GC(876) Humongous regions: 151->151
[2025-12-25T05:35:27.014+0000][gc,metaspace] GC(876) Metaspace: 16126K(16512K)->16126K(16512K) NonClass: 14464K(14592K)->14464K(14592K) Class: 1662K(1920K)->1662K(1920K)
[2025-12-25T05:35:27.015+0000][gc          ] GC(876) Pause Young (Normal) (G1 Evacuation Pause) 964M->366M(1024M) 24.887ms
[2025-12-25T05:35:27.015+0000][gc,cpu      ] GC(876) User=0.16s Sys=0.00s Real=0.02s
[2025-12-25T05:35:57.260+0000][gc,start    ] GC(877) Pause Young (Normal) (G1 Evacuation Pause)
[2025-12-25T05:35:57.260+0000][gc,task     ] GC(877) Using 8 workers of 8 for evacuation
[2025-12-25T05:35:57.275+0000][gc,phases   ] GC(877)   Pre Evacuate Collection Set: 1.3ms
[2025-12-25T05:35:57.275+0000][gc,phases   ] GC(877)   Merge Heap Roots: 0.4ms
[2025-12-25T05:35:57.275+0000][gc,phases   ] GC(877)   Evacuate Collection Set: 11.5ms
[2025-12-25T05:35:57.275+0000][gc,phases   ] GC(877)   Post Evacuate Collection Set: 1.1ms
[2025-12-25T05:35:57.275+0000][gc,phases   ] GC(877)   Other: 0.3ms
[2025-12-25T05:35:57.275+0000][gc,heap     ] GC(877) Eden regions: 596->0(594)
[2025-12-25T05:35:57.275+0000][gc,heap     ] GC(877) Survivor regions: 9->10(61)
[2025-12-25T05:35:57.275+0000][gc,heap     ] GC(877) Old regions: 207->207
[2025-12-25T05:35:57.275+0000][gc,heap     ] GC(877) Humongous regions: 151->151
[2025-12-25T05:35:57.275+0000][gc,metaspace] GC(877) Metaspace: 16126K(16512K)->16126K(16512K) NonClass: 14464K(14592K)->14464K(14592K) Class: 1662K(1920K)->1662K(1920K)
[2025-12-25T05:35:57.276+0000][gc          ] GC(877) Pause Young (Normal) (G1 Evacuation Pause) 962M->367M(1024M) 15.716ms
[2025-12-25T05:35:57.276+0000][gc,cpu      ] GC(877) User=0.07s Sys=0.00s Real=0.02s
[2025-12-25T05:36:33.586+0000][gc,start    ] GC(878) Pause Young (Normal) (G1 Evacuation Pause)
[2025-12-25T05:36:33.587+0000][gc,task     ] GC(878) Using 8 workers of 8 for evacuation
[2025-12-25T05:36:33.599+0000][gc,phases   ] GC(878)   Pre Evacuate Collection Set: 1.1ms
[2025-12-25T05:36:33.599+0000][gc,phases   ] GC(878)   Merge Heap Roots: 0.3ms
[2025-12-25T05:36:33.599+0000][gc,phases   ] GC(878)   Evacuate Collection Set: 8.8ms
[2025-12-25T05:36:33.599+0000][gc,phases   ] GC(878)   Post Evacuate Collection Set: 1.4ms
[2025-12-25T05:36:33.599+0000][gc,phases   ] GC(878)   Other: 0.3ms
[2025-12-25T05:36:33.599+0000][gc,heap     ] GC(878) Eden regions: 594->0(604)
[2025-12-25T05:36:33.599+0000][gc,heap     ] GC(878) Survivor regions: 10->5(62)
[2025-12-25T05:36:33.599+0000][gc,heap     ] GC(878) Old regions: 207->207
[2025-12-25T05:36:33.599+0000][gc,heap     ] GC(878) Humongous regions: 151->151
[2025-12-25T05:36:33.599+0000][gc,metaspace] GC(878) Metaspace: 16126K(16512K)->16126K(16512K) NonClass: 14464K(14592K)->14464K(14592K) Class: 1662K(1920K)->1662K(1920K)
[2025-12-25T05:36:33.599+0000][gc          ] GC(878) Pause Young (Normal) (G1 Evacuation Pause) 961M->361M(1024M) 13.104ms
[2025-12-25T05:36:33.600+0000][gc,cpu      ] GC(878) User=0.07s Sys=0.00s Real=0.01s
[2025-12-25T05:37:07.000+0000][gc,start    ] GC(879) Pause Young (Normal) (G1 Evacuation Pause)
[2025-12-25T05:37:07.001+0000][gc,task     ] GC(879) Using 8 workers of 8 for evacuation
[2025-12-25T05:37:07.015+0000][gc,phases   ] GC(879)   Pre Evacuate Collection Set: 1.1ms
[2025-12-25T05:37:07.015+0000][gc,phases   ] GC(879)   Merge Heap Roots: 0.2ms
[2025-12-25T05:37:07.015+0000][gc,phases   ] GC(879)   Evacuate Collection Set: 11.3ms
[2025-12-25T05:37:07.015+0000][gc,phases   ] GC(879)   Post Evacuate Collection Set: 1.2ms
[2025-12-25T05:37:07.015+0000][gc,phases   ] GC(879)   Other: 0.3ms
[2025-12-25T05:37:07.015+0000][gc,heap     ] GC(879) Eden regions: 604->0(602)
[2025-12-25T05:37:07.015+0000][gc,heap     ] GC(879) Survivor regions: 5->6(57)
[2025-12-25T05:37:07.015+0000][gc,heap     ] GC(879) Old regions: 207->207
[2025-12-25T05:37:07.015+0000][gc,heap     ] GC(879) Humongous regions: 151->151
[2025-12-25T05:37:07.015+0000][gc,metaspace] GC(879) Metaspace: 16128K(16512K)->16128K(16512K) NonClass: 14465K(14592K)->14465K(14592K) Class: 1662K(1920K)->1662K(1920K)
[2025-12-25T05:37:07.015+0000][gc          ] GC(879) Pause Young (Normal) (G1 Evacuation Pause) 965M->363M(1024M) 15.377ms
[2025-12-25T05:37:07.015+0000][gc,cpu      ] GC(879) User=0.07s Sys=0.00s Real=0.02s
[2025-12-25T05:37:37.223+0000][gc,start    ] GC(880) Pause Young (Normal) (G1 Evacuation Pause)
[2025-12-25T05:37:37.224+0000][gc,task     ] GC(880) Using 8 workers of 8 for evacuation
[2025-12-25T05:37:37.242+0000][gc,phases   ] GC(880)   Pre Evacuate Collection Set: 2.4ms
[2025-12-25T05:37:37.245+0000][gc,phases   ] GC(880)   Merge Heap Roots: 0.4ms
[2025-12-25T05:37:37.246+0000][gc,phases   ] GC(880)   Evacuate Collection Set: 11.3ms
[2025-12-25T05:37:37.248+0000][gc,phases   ] GC(880)   Post Evacuate Collection Set: 3.7ms
[2025-12-25T05:37:37.248+0000][gc,phases   ] GC(880)   Other: 0.8ms
[2025-12-25T05:37:37.249+0000][gc,heap     ] GC(880) Eden regions: 602->0(599)
[2025-12-25T05:37:37.249+0000][gc,heap     ] GC(880) Survivor regions: 6->7(58)
[2025-12-25T05:37:37.250+0000][gc,heap     ] GC(880) Old regions: 207->208
[2025-12-25T05:37:37.252+0000][gc,heap     ] GC(880) Humongous regions: 151->151
[2025-12-25T05:37:37.254+0000][gc,metaspace] GC(880) Metaspace: 16128K(16512K)->16128K(16512K) NonClass: 14465K(14592K)->14465K(14592K) Class: 1662K(1920K)->1662K(1920K)
[2025-12-25T05:37:37.262+0000][gc          ] GC(880) Pause Young (Normal) (G1 Evacuation Pause) 965M->364M(1024M) 35.480ms
[2025-12-25T05:37:37.263+0000][gc,cpu      ] GC(880) User=0.05s Sys=0.00s Real=0.04s
[2025-12-25T05:38:16.831+0000][gc,start    ] GC(881) Pause Young (Normal) (G1 Evacuation Pause)
[2025-12-25T05:38:16.832+0000][gc,task     ] GC(881) Using 8 workers of 8 for evacuation
[2025-12-25T05:38:16.856+0000][gc,phases   ] GC(881)   Pre Evacuate Collection Set: 3.3ms
[2025-12-25T05:38:16.856+0000][gc,phases   ] GC(881)   Merge Heap Roots: 1.2ms
[2025-12-25T05:38:16.856+0000][gc,phases   ] GC(881)   Evacuate Collection Set: 17.1ms
[2025-12-25T05:38:16.856+0000][gc,phases   ] GC(881)   Post Evacuate Collection Set: 1.9ms
[2025-12-25T05:38:16.856+0000][gc,phases   ] GC(881)   Other: 0.5ms
[2025-12-25T05:38:16.856+0000][gc,heap     ] GC(881) Eden regions: 599->0(599)
[2025-12-25T05:38:16.856+0000][gc,heap     ] GC(881) Survivor regions: 7->7(59)
[2025-12-25T05:38:16.856+0000][gc,heap     ] GC(881) Old regions: 208->208
[2025-12-25T05:38:16.856+0000][gc,heap     ] GC(881) Humongous regions: 151->151
[2025-12-25T05:38:16.856+0000][gc,metaspace] GC(881) Metaspace: 16131K(16512K)->16131K(16512K) NonClass: 14469K(14592K)->14469K(14592K) Class: 1662K(1920K)->1662K(1920K)
[2025-12-25T05:38:16.856+0000][gc          ] GC(881) Pause Young (Normal) (G1 Evacuation Pause) 963M->364M(1024M) 25.024ms
[2025-12-25T05:38:16.856+0000][gc,cpu      ] GC(881) User=0.16s Sys=0.01s Real=0.02s
[2025-12-25T05:38:47.021+0000][gc,start    ] GC(882) Pause Young (Normal) (G1 Evacuation Pause)
[2025-12-25T05:38:47.022+0000][gc,task     ] GC(882) Using 8 workers of 8 for evacuation
[2025-12-25T05:38:47.042+0000][gc,phases   ] GC(882)   Pre Evacuate Collection Set: 1.1ms
[2025-12-25T05:38:47.042+0000][gc,phases   ] GC(882)   Merge Heap Roots: 0.2ms
[2025-12-25T05:38:47.043+0000][gc,phases   ] GC(882)   Evacuate Collection Set: 17.9ms
[2025-12-25T05:38:47.043+0000][gc,phases   ] GC(882)   Post Evacuate Collection Set: 1.3ms
[2025-12-25T05:38:47.043+0000][gc,phases   ] GC(882)   Other: 0.3ms
[2025-12-25T05:38:47.043+0000][gc,heap     ] GC(882) Eden regions: 599->0(597)
[2025-12-25T05:38:47.043+0000][gc,heap     ] GC(882) Survivor regions: 7->8(59)
[2025-12-25T05:38:47.043+0000][gc,heap     ] GC(882) Old regions: 208->208
[2025-12-25T05:38:47.043+0000][gc,heap     ] GC(882) Humongous regions: 151->151
[2025-12-25T05:38:47.043+0000][gc,metaspace] GC(882) Metaspace: 16131K(16512K)->16131K(16512K) NonClass: 14469K(14592K)->14469K(14592K) Class: 1662K(1920K)->1662K(1920K)
[2025-12-25T05:38:47.043+0000][gc          ] GC(882) Pause Young (Normal) (G1 Evacuation Pause) 963M->366M(1024M) 22.030ms
[2025-12-25T05:38:47.043+0000][gc,cpu      ] GC(882) User=0.15s Sys=0.00s Real=0.02s
[2025-12-25T05:39:17.253+0000][gc,start    ] GC(883) Pause Young (Normal) (G1 Evacuation Pause)
[2025-12-25T05:39:17.254+0000][gc,task     ] GC(883) Using 8 workers of 8 for evacuation
[2025-12-25T05:39:17.273+0000][gc,phases   ] GC(883)   Pre Evacuate Collection Set: 1.1ms
[2025-12-25T05:39:17.273+0000][gc,phases   ] GC(883)   Merge Heap Roots: 0.3ms
[2025-12-25T05:39:17.273+0000][gc,phases   ] GC(883)   Evacuate Collection Set: 12.7ms
[2025-12-25T05:39:17.273+0000][gc,phases   ] GC(883)   Post Evacuate Collection Set: 4.8ms
[2025-12-25T05:39:17.273+0000][gc,phases   ] GC(883)   Other: 0.3ms
[2025-12-25T05:39:17.273+0000][gc,heap     ] GC(883) Eden regions: 597->0(593)
[2025-12-25T05:39:17.273+0000][gc,heap     ] GC(883) Survivor regions: 8->10(60)
[2025-12-25T05:39:17.274+0000][gc,heap     ] GC(883) Old regions: 208->208
[2025-12-25T05:39:17.274+0000][gc,heap     ] GC(883) Humongous regions: 151->151
[2025-12-25T05:39:17.274+0000][gc,metaspace] GC(883) Metaspace: 16131K(16512K)->16131K(16512K) NonClass: 14469K(14592K)->14469K(14592K) Class: 1662K(1920K)->1662K(1920K)
[2025-12-25T05:39:17.274+0000][gc          ] GC(883) Pause Young (Normal) (G1 Evacuation Pause) 963M->367M(1024M) 20.956ms
[2025-12-25T05:39:17.274+0000][gc,cpu      ] GC(883) User=0.11s Sys=0.00s Real=0.02s
[2025-12-25T05:39:56.784+0000][gc,start    ] GC(884) Pause Young (Normal) (G1 Evacuation Pause)
[2025-12-25T05:39:56.785+0000][gc,task     ] GC(884) Using 8 workers of 8 for evacuation
[2025-12-25T05:39:56.812+0000][gc,phases   ] GC(884)   Pre Evacuate Collection Set: 2.8ms
[2025-12-25T05:39:56.813+0000][gc,phases   ] GC(884)   Merge Heap Roots: 0.9ms
[2025-12-25T05:39:56.813+0000][gc,phases   ] GC(884)   Evacuate Collection Set: 22.4ms
[2025-12-25T05:39:56.813+0000][gc,phases   ] GC(884)   Post Evacuate Collection Set: 1.5ms
[2025-12-25T05:39:56.813+0000][gc,phases   ] GC(884)   Other: 0.4ms
[2025-12-25T05:39:56.813+0000][gc,heap     ] GC(884) Eden regions: 593->0(597)
[2025-12-25T05:39:56.813+0000][gc,heap     ] GC(884) Survivor regions: 10->8(62)
[2025-12-25T05:39:56.813+0000][gc,heap     ] GC(884) Old regions: 208->208
[2025-12-25T05:39:56.813+0000][gc,heap     ] GC(884) Humongous regions: 151->151
[2025-12-25T05:39:56.813+0000][gc,metaspace] GC(884) Metaspace: 16131K(16512K)->16131K(16512K) NonClass: 14469K(14592K)->14469K(14592K) Class: 1662K(1920K)->1662K(1920K)
[2025-12-25T05:39:56.814+0000][gc          ] GC(884) Pause Young (Normal) (G1 Evacuation Pause) 960M->366M(1024M) 29.475ms
[2025-12-25T05:39:56.814+0000][gc,cpu      ] GC(884) User=0.19s Sys=0.01s Real=0.03s
[2025-12-25T05:40:26.974+0000][gc,start    ] GC(885) Pause Young (Normal) (G1 Evacuation Pause)
[2025-12-25T05:40:26.974+0000][gc,task     ] GC(885) Using 8 workers of 8 for evacuation
[2025-12-25T05:40:26.982+0000][gc,phases   ] GC(885)   Pre Evacuate Collection Set: 0.9ms
[2025-12-25T05:40:26.982+0000][gc,phases   ] GC(885)   Merge Heap Roots: 0.3ms
[2025-12-25T05:40:26.983+0000][gc,phases   ] GC(885)   Evacuate Collection Set: 5.5ms
[2025-12-25T05:40:26.983+0000][gc,phases   ] GC(885)   Post Evacuate Collection Set: 1.1ms
[2025-12-25T05:40:26.983+0000][gc,phases   ] GC(885)   Other: 0.2ms
[2025-12-25T05:40:26.983+0000][gc,heap     ] GC(885) Eden regions: 597->0(602)
[2025-12-25T05:40:26.983+0000][gc,heap     ] GC(885) Survivor regions: 8->5(60)
[2025-12-25T05:40:26.983+0000][gc,heap     ] GC(885) Old regions: 208->209
[2025-12-25T05:40:26.983+0000][gc,heap     ] GC(885) Humongous regions: 151->151
[2025-12-25T05:40:26.983+0000][gc,metaspace] GC(885) Metaspace: 16131K(16512K)->16131K(16512K) NonClass: 14469K(14592K)->14469K(14592K) Class: 1662K(1920K)->1662K(1920K)
[2025-12-25T05:40:26.983+0000][gc          ] GC(885) Pause Young (Normal) (G1 Evacuation Pause) 963M->364M(1024M) 8.953ms
[2025-12-25T05:40:26.983+0000][gc,cpu      ] GC(885) User=0.04s Sys=0.01s Real=0.01s
[2025-12-25T05:40:57.219+0000][gc,start    ] GC(886) Pause Young (Normal) (G1 Evacuation Pause)
[2025-12-25T05:40:57.220+0000][gc,task     ] GC(886) Using 8 workers of 8 for evacuation
[2025-12-25T05:40:57.229+0000][gc,phases   ] GC(886)   Pre Evacuate Collection Set: 1.1ms
[2025-12-25T05:40:57.229+0000][gc,phases   ] GC(886)   Merge Heap Roots: 0.3ms
[2025-12-25T05:40:57.229+0000][gc,phases   ] GC(886)   Evacuate Collection Set: 5.9ms
[2025-12-25T05:40:57.229+0000][gc,phases   ] GC(886)   Post Evacuate Collection Set: 1.8ms
[2025-12-25T05:40:57.229+0000][gc,phases   ] GC(886)   Other: 0.3ms
[2025-12-25T05:40:57.229+0000][gc,heap     ] GC(886) Eden regions: 602->0(600)
[2025-12-25T05:40:57.229+0000][gc,heap     ] GC(886) Survivor regions: 5->6(57)
[2025-12-25T05:40:57.230+0000][gc,heap     ] GC(886) Old regions: 209->209
[2025-12-25T05:40:57.230+0000][gc,heap     ] GC(886) Humongous regions: 151->151
[2025-12-25T05:40:57.230+0000][gc,metaspace] GC(886) Metaspace: 16131K(16512K)->16131K(16512K) NonClass: 14469K(14592K)->14469K(14592K) Class: 1662K(1920K)->1662K(1920K)
[2025-12-25T05:40:57.230+0000][gc          ] GC(886) Pause Young (Normal) (G1 Evacuation Pause) 966M->365M(1024M) 10.969ms
[2025-12-25T05:40:57.230+0000][gc,cpu      ] GC(886) User=0.05s Sys=0.00s Real=0.01s
[2025-12-25T05:41:36.826+0000][gc,start    ] GC(887) Pause Young (Normal) (G1 Evacuation Pause)
[2025-12-25T05:41:36.827+0000][gc,task     ] GC(887) Using 8 workers of 8 for evacuation
[2025-12-25T05:41:36.851+0000][gc,phases   ] GC(887)   Pre Evacuate Collection Set: 1.5ms
[2025-12-25T05:41:36.851+0000][gc,phases   ] GC(887)   Merge Heap Roots: 0.4ms
[2025-12-25T05:41:36.851+0000][gc,phases   ] GC(887)   Evacuate Collection Set: 15.1ms
[2025-12-25T05:41:36.851+0000][gc,phases   ] GC(887)   Post Evacuate Collection Set: 6.5ms
[2025-12-25T05:41:36.851+0000][gc,phases   ] GC(887)   Other: 0.4ms
[2025-12-25T05:41:36.852+0000][gc,heap     ] GC(887) Eden regions: 600->0(602)
[2025-12-25T05:41:36.852+0000][gc,heap     ] GC(887) Survivor regions: 6->5(58)
[2025-12-25T05:41:36.852+0000][gc,heap     ] GC(887) Old regions: 209->209
[2025-12-25T05:41:36.852+0000][gc,heap     ] GC(887) Humongous regions: 151->151
[2025-12-25T05:41:36.852+0000][gc,metaspace] GC(887) Metaspace: 16131K(16512K)->16131K(16512K) NonClass: 14469K(14592K)->14469K(14592K) Class: 1662K(1920K)->1662K(1920K)
[2025-12-25T05:41:36.852+0000][gc          ] GC(887) Pause Young (Normal) (G1 Evacuation Pause) 965M->364M(1024M) 25.657ms
[2025-12-25T05:41:36.852+0000][gc,cpu      ] GC(887) User=0.15s Sys=0.00s Real=0.02s
[2025-12-25T05:42:06.945+0000][gc,start    ] GC(888) Pause Young (Normal) (G1 Evacuation Pause)
[2025-12-25T05:42:06.945+0000][gc,task     ] GC(888) Using 8 workers of 8 for evacuation
[2025-12-25T05:42:06.954+0000][gc,phases   ] GC(888)   Pre Evacuate Collection Set: 1.2ms
[2025-12-25T05:42:06.954+0000][gc,phases   ] GC(888)   Merge Heap Roots: 0.2ms
[2025-12-25T05:42:06.954+0000][gc,phases   ] GC(888)   Evacuate Collection Set: 6.1ms
[2025-12-25T05:42:06.954+0000][gc,phases   ] GC(888)   Post Evacuate Collection Set: 1.0ms
[2025-12-25T05:42:06.954+0000][gc,phases   ] GC(888)   Other: 0.2ms
[2025-12-25T05:42:06.954+0000][gc,heap     ] GC(888) Eden regions: 602->0(598)
[2025-12-25T05:42:06.954+0000][gc,heap     ] GC(888) Survivor regions: 5->7(57)
[2025-12-25T05:42:06.954+0000][gc,heap     ] GC(888) Old regions: 209->209
[2025-12-25T05:42:06.954+0000][gc,heap     ] GC(888) Humongous regions: 151->151
[2025-12-25T05:42:06.954+0000][gc,metaspace] GC(888) Metaspace: 16131K(16512K)->16131K(16512K) NonClass: 14469K(14592K)->14469K(14592K) Class: 1662K(1920K)->1662K(1920K)
[2025-12-25T05:42:06.954+0000][gc          ] GC(888) Pause Young (Normal) (G1 Evacuation Pause) 966M->366M(1024M) 9.794ms
[2025-12-25T05:42:06.954+0000][gc,cpu      ] GC(888) User=0.06s Sys=0.00s Real=0.01s
[2025-12-25T05:42:37.148+0000][gc,start    ] GC(889) Pause Young (Normal) (G1 Evacuation Pause)
[2025-12-25T05:42:37.149+0000][gc,task     ] GC(889) Using 8 workers of 8 for evacuation
[2025-12-25T05:42:37.172+0000][gc,phases   ] GC(889)   Pre Evacuate Collection Set: 2.3ms
[2025-12-25T05:42:37.172+0000][gc,phases   ] GC(889)   Merge Heap Roots: 0.9ms
[2025-12-25T05:42:37.172+0000][gc,phases   ] GC(889)   Evacuate Collection Set: 17.8ms
[2025-12-25T05:42:37.172+0000][gc,phases   ] GC(889)   Post Evacuate Collection Set: 1.5ms
[2025-12-25T05:42:37.172+0000][gc,phases   ] GC(889)   Other: 0.5ms
[2025-12-25T05:42:37.172+0000][gc,heap     ] GC(889) Eden regions: 598->0(594)
[2025-12-25T05:42:37.172+0000][gc,heap     ] GC(889) Survivor regions: 7->9(59)
[2025-12-25T05:42:37.172+0000][gc,heap     ] GC(889) Old regions: 209->209
[2025-12-25T05:42:37.172+0000][gc,heap     ] GC(889) Humongous regions: 151->151
[2025-12-25T05:42:37.172+0000][gc,metaspace] GC(889) Metaspace: 16131K(16512K)->16131K(16512K) NonClass: 14469K(14592K)->14469K(14592K) Class: 1662K(1920K)->1662K(1920K)
[2025-12-25T05:42:37.172+0000][gc          ] GC(889) Pause Young (Normal) (G1 Evacuation Pause) 964M->368M(1024M) 24.023ms
[2025-12-25T05:42:37.172+0000][gc,cpu      ] GC(889) User=0.14s Sys=0.00s Real=0.03s
[2025-12-25T05:43:16.731+0000][gc,start    ] GC(890) Pause Young (Normal) (G1 Evacuation Pause)
[2025-12-25T05:43:16.732+0000][gc,task     ] GC(890) Using 8 workers of 8 for evacuation
[2025-12-25T05:43:16.753+0000][gc,phases   ] GC(890)   Pre Evacuate Collection Set: 1.8ms
[2025-12-25T05:43:16.753+0000][gc,phases   ] GC(890)   Merge Heap Roots: 0.5ms
[2025-12-25T05:43:16.753+0000][gc,phases   ] GC(890)   Evacuate Collection Set: 16.4ms
[2025-12-25T05:43:16.753+0000][gc,phases   ] GC(890)   Post Evacuate Collection Set: 1.5ms
[2025-12-25T05:43:16.753+0000][gc,phases   ] GC(890)   Other: 0.6ms
[2025-12-25T05:43:16.753+0000][gc,heap     ] GC(890) Eden regions: 594->0(597)
[2025-12-25T05:43:16.753+0000][gc,heap     ] GC(890) Survivor regions: 9->7(61)
[2025-12-25T05:43:16.753+0000][gc,heap     ] GC(890) Old regions: 209->210
[2025-12-25T05:43:16.753+0000][gc,heap     ] GC(890) Humongous regions: 151->151
[2025-12-25T05:43:16.753+0000][gc,metaspace] GC(890) Metaspace: 16131K(16512K)->16131K(16512K) NonClass: 14469K(14592K)->14469K(14592K) Class: 1662K(1920K)->1662K(1920K)
[2025-12-25T05:43:16.753+0000][gc          ] GC(890) Pause Young (Normal) (G1 Evacuation Pause) 962M->367M(1024M) 22.306ms
[2025-12-25T05:43:16.754+0000][gc,cpu      ] GC(890) User=0.14s Sys=0.00s Real=0.02s
[2025-12-25T05:43:46.917+0000][gc,start    ] GC(891) Pause Young (Normal) (G1 Evacuation Pause)
[2025-12-25T05:43:46.917+0000][gc,task     ] GC(891) Using 8 workers of 8 for evacuation
[2025-12-25T05:43:46.935+0000][gc,phases   ] GC(891)   Pre Evacuate Collection Set: 2.4ms
[2025-12-25T05:43:46.935+0000][gc,phases   ] GC(891)   Merge Heap Roots: 0.7ms
[2025-12-25T05:43:46.935+0000][gc,phases   ] GC(891)   Evacuate Collection Set: 12.1ms
[2025-12-25T05:43:46.935+0000][gc,phases   ] GC(891)   Post Evacuate Collection Set: 1.8ms
[2025-12-25T05:43:46.935+0000][gc,phases   ] GC(891)   Other: 0.8ms
[2025-12-25T05:43:46.936+0000][gc,heap     ] GC(891) Eden regions: 597->0(593)
[2025-12-25T05:43:46.936+0000][gc,heap     ] GC(891) Survivor regions: 7->9(59)
[2025-12-25T05:43:46.936+0000][gc,heap     ] GC(891) Old regions: 210->210
[2025-12-25T05:43:46.936+0000][gc,heap     ] GC(891) Humongous regions: 151->151
[2025-12-25T05:43:46.936+0000][gc,metaspace] GC(891) Metaspace: 16131K(16512K)->16131K(16512K) NonClass: 14469K(14592K)->14469K(14592K) Class: 1662K(1920K)->1662K(1920K)
[2025-12-25T05:43:46.936+0000][gc          ] GC(891) Pause Young (Normal) (G1 Evacuation Pause) 964M->368M(1024M) 19.385ms
[2025-12-25T05:43:46.936+0000][gc,cpu      ] GC(891) User=0.10s Sys=0.01s Real=0.02s
[2025-12-25T05:44:17.091+0000][gc,start    ] GC(892) Pause Young (Normal) (G1 Evacuation Pause)
[2025-12-25T05:44:17.091+0000][gc,task     ] GC(892) Using 8 workers of 8 for evacuation
[2025-12-25T05:44:17.104+0000][gc,phases   ] GC(892)   Pre Evacuate Collection Set: 1.1ms
[2025-12-25T05:44:17.104+0000][gc,phases   ] GC(892)   Merge Heap Roots: 0.2ms
[2025-12-25T05:44:17.104+0000][gc,phases   ] GC(892)   Evacuate Collection Set: 9.8ms
[2025-12-25T05:44:17.104+0000][gc,phases   ] GC(892)   Post Evacuate Collection Set: 1.5ms
[2025-12-25T05:44:17.104+0000][gc,phases   ] GC(892)   Other: 0.3ms
[2025-12-25T05:44:17.104+0000][gc,heap     ] GC(892) Eden regions: 593->0(591)
[2025-12-25T05:44:17.105+0000][gc,heap     ] GC(892) Survivor regions: 9->10(61)
[2025-12-25T05:44:17.105+0000][gc,heap     ] GC(892) Old regions: 210->210
[2025-12-25T05:44:17.105+0000][gc,heap     ] GC(892) Humongous regions: 151->151
[2025-12-25T05:44:17.105+0000][gc,metaspace] GC(892) Metaspace: 16131K(16512K)->16131K(16512K) NonClass: 14469K(14592K)->14469K(14592K) Class: 1662K(1920K)->1662K(1920K)
[2025-12-25T05:44:17.105+0000][gc          ] GC(892) Pause Young (Normal) (G1 Evacuation Pause) 961M->370M(1024M) 14.158ms
[2025-12-25T05:44:17.105+0000][gc,cpu      ] GC(892) User=0.09s Sys=0.00s Real=0.01s
[2025-12-25T05:44:47.242+0000][gc,start    ] GC(893) Pause Young (Normal) (G1 Evacuation Pause)
[2025-12-25T05:44:47.242+0000][gc,task     ] GC(893) Using 8 workers of 8 for evacuation
[2025-12-25T05:44:47.251+0000][gc,phases   ] GC(893)   Pre Evacuate Collection Set: 1.0ms
[2025-12-25T05:44:47.251+0000][gc,phases   ] GC(893)   Merge Heap Roots: 0.2ms
[2025-12-25T05:44:47.251+0000][gc,phases   ] GC(893)   Evacuate Collection Set: 5.9ms
[2025-12-25T05:44:47.251+0000][gc,phases   ] GC(893)   Post Evacuate Collection Set: 1.0ms
[2025-12-25T05:44:47.251+0000][gc,phases   ] GC(893)   Other: 0.2ms
[2025-12-25T05:44:47.251+0000][gc,heap     ] GC(893) Eden regions: 591->0(597)
[2025-12-25T05:44:47.251+0000][gc,heap     ] GC(893) Survivor regions: 10->7(62)
[2025-12-25T05:44:47.251+0000][gc,heap     ] GC(893) Old regions: 210->210
[2025-12-25T05:44:47.251+0000][gc,heap     ] GC(893) Humongous regions: 151->151
[2025-12-25T05:44:47.252+0000][gc,metaspace] GC(893) Metaspace: 16131K(16512K)->16131K(16512K) NonClass: 14469K(14592K)->14469K(14592K) Class: 1662K(1920K)->1662K(1920K)
[2025-12-25T05:44:47.252+0000][gc          ] GC(893) Pause Young (Normal) (G1 Evacuation Pause) 961M->367M(1024M) 9.610ms
[2025-12-25T05:44:47.252+0000][gc,cpu      ] GC(893) User=0.05s Sys=0.00s Real=0.01s
[2025-12-25T05:45:26.870+0000][gc,start    ] GC(894) Pause Young (Normal) (G1 Evacuation Pause)
[2025-12-25T05:45:26.871+0000][gc,task     ] GC(894) Using 8 workers of 8 for evacuation
[2025-12-25T05:45:26.886+0000][gc,phases   ] GC(894)   Pre Evacuate Collection Set: 1.5ms
[2025-12-25T05:45:26.886+0000][gc,phases   ] GC(894)   Merge Heap Roots: 0.5ms
[2025-12-25T05:45:26.886+0000][gc,phases   ] GC(894)   Evacuate Collection Set: 11.1ms
[2025-12-25T05:45:26.886+0000][gc,phases   ] GC(894)   Post Evacuate Collection Set: 1.1ms
[2025-12-25T05:45:26.886+0000][gc,phases   ] GC(894)   Other: 0.2ms
[2025-12-25T05:45:26.886+0000][gc,heap     ] GC(894) Eden regions: 597->0(598)
[2025-12-25T05:45:26.886+0000][gc,heap     ] GC(894) Survivor regions: 7->6(59)
[2025-12-25T05:45:26.886+0000][gc,heap     ] GC(894) Old regions: 210->211
[2025-12-25T05:45:26.886+0000][gc,heap     ] GC(894) Humongous regions: 151->151
[2025-12-25T05:45:26.886+0000][gc,metaspace] GC(894) Metaspace: 16131K(16512K)->16131K(16512K) NonClass: 14469K(14592K)->14469K(14592K) Class: 1662K(1920K)->1662K(1920K)
[2025-12-25T05:45:26.886+0000][gc          ] GC(894) Pause Young (Normal) (G1 Evacuation Pause) 964M->366M(1024M) 16.011ms
[2025-12-25T05:45:26.886+0000][gc,cpu      ] GC(894) User=0.10s Sys=0.00s Real=0.02s
[2025-12-25T05:45:57.077+0000][gc,start    ] GC(895) Pause Young (Normal) (G1 Evacuation Pause)
[2025-12-25T05:45:57.078+0000][gc,task     ] GC(895) Using 8 workers of 8 for evacuation
[2025-12-25T05:45:57.086+0000][gc,phases   ] GC(895)   Pre Evacuate Collection Set: 1.0ms
[2025-12-25T05:45:57.087+0000][gc,phases   ] GC(895)   Merge Heap Roots: 0.2ms
[2025-12-25T05:45:57.087+0000][gc,phases   ] GC(895)   Evacuate Collection Set: 5.9ms
[2025-12-25T05:45:57.087+0000][gc,phases   ] GC(895)   Post Evacuate Collection Set: 1.0ms
[2025-12-25T05:45:57.087+0000][gc,phases   ] GC(895)   Other: 0.3ms
[2025-12-25T05:45:57.087+0000][gc,heap     ] GC(895) Eden regions: 598->0(594)
[2025-12-25T05:45:57.087+0000][gc,heap     ] GC(895) Survivor regions: 6->8(58)
[2025-12-25T05:45:57.087+0000][gc,heap     ] GC(895) Old regions: 211->211
[2025-12-25T05:45:57.087+0000][gc,heap     ] GC(895) Humongous regions: 151->151
[2025-12-25T05:45:57.087+0000][gc,metaspace] GC(895) Metaspace: 16131K(16512K)->16131K(16512K) NonClass: 14469K(14592K)->14469K(14592K) Class: 1662K(1920K)->1662K(1920K)
[2025-12-25T05:45:57.087+0000][gc          ] GC(895) Pause Young (Normal) (G1 Evacuation Pause) 964M->368M(1024M) 9.608ms
[2025-12-25T05:45:57.087+0000][gc,cpu      ] GC(895) User=0.05s Sys=0.00s Real=0.01s
[2025-12-25T05:46:27.190+0000][gc,start    ] GC(896) Pause Young (Normal) (G1 Evacuation Pause)
[2025-12-25T05:46:27.191+0000][gc,task     ] GC(896) Using 8 workers of 8 for evacuation
[2025-12-25T05:46:27.199+0000][gc,phases   ] GC(896)   Pre Evacuate Collection Set: 1.1ms
[2025-12-25T05:46:27.199+0000][gc,phases   ] GC(896)   Merge Heap Roots: 0.2ms
[2025-12-25T05:46:27.199+0000][gc,phases   ] GC(896)   Evacuate Collection Set: 6.2ms
[2025-12-25T05:46:27.199+0000][gc,phases   ] GC(896)   Post Evacuate Collection Set: 1.0ms
[2025-12-25T05:46:27.200+0000][gc,phases   ] GC(896)   Other: 0.2ms
[2025-12-25T05:46:27.200+0000][gc,heap     ] GC(896) Eden regions: 594->0(594)
[2025-12-25T05:46:27.200+0000][gc,heap     ] GC(896) Survivor regions: 8->8(60)
[2025-12-25T05:46:27.200+0000][gc,heap     ] GC(896) Old regions: 211->211
[2025-12-25T05:46:27.200+0000][gc,heap     ] GC(896) Humongous regions: 151->151
[2025-12-25T05:46:27.200+0000][gc,metaspace] GC(896) Metaspace: 16131K(16512K)->16131K(16512K) NonClass: 14469K(14592K)->14469K(14592K) Class: 1662K(1920K)->1662K(1920K)
[2025-12-25T05:46:27.200+0000][gc          ] GC(896) Pause Young (Normal) (G1 Evacuation Pause) 962M->369M(1024M) 9.900ms
[2025-12-25T05:46:27.200+0000][gc,cpu      ] GC(896) User=0.06s Sys=0.00s Real=0.01s
[2025-12-25T05:47:06.842+0000][gc,start    ] GC(897) Pause Young (Normal) (G1 Evacuation Pause)
[2025-12-25T05:47:06.842+0000][gc,task     ] GC(897) Using 8 workers of 8 for evacuation
[2025-12-25T05:47:06.852+0000][gc,phases   ] GC(897)   Pre Evacuate Collection Set: 1.1ms
[2025-12-25T05:47:06.853+0000][gc,phases   ] GC(897)   Merge Heap Roots: 0.2ms
[2025-12-25T05:47:06.853+0000][gc,phases   ] GC(897)   Evacuate Collection Set: 7.4ms
[2025-12-25T05:47:06.853+0000][gc,phases   ] GC(897)   Post Evacuate Collection Set: 1.1ms
[2025-12-25T05:47:06.853+0000][gc,phases   ] GC(897)   Other: 0.2ms
[2025-12-25T05:47:06.853+0000][gc,heap     ] GC(897) Eden regions: 594->0(596)
[2025-12-25T05:47:06.853+0000][gc,heap     ] GC(897) Survivor regions: 8->7(60)
[2025-12-25T05:47:06.853+0000][gc,heap     ] GC(897) Old regions: 211->211
[2025-12-25T05:47:06.853+0000][gc,heap     ] GC(897) Humongous regions: 151->151
[2025-12-25T05:47:06.853+0000][gc,metaspace] GC(897) Metaspace: 16131K(16512K)->16131K(16512K) NonClass: 14469K(14592K)->14469K(14592K) Class: 1662K(1920K)->1662K(1920K)
[2025-12-25T05:47:06.853+0000][gc          ] GC(897) Pause Young (Normal) (G1 Evacuation Pause) 963M->368M(1024M) 11.315ms
[2025-12-25T05:47:06.853+0000][gc,cpu      ] GC(897) User=0.06s Sys=0.00s Real=0.01s
[2025-12-25T05:47:37.114+0000][gc,start    ] GC(898) Pause Young (Normal) (G1 Evacuation Pause)
[2025-12-25T05:47:37.115+0000][gc,task     ] GC(898) Using 8 workers of 8 for evacuation
[2025-12-25T05:47:37.194+0000][gc,phases   ] GC(898)   Pre Evacuate Collection Set: 2.4ms
[2025-12-25T05:47:37.197+0000][gc,phases   ] GC(898)   Merge Heap Roots: 0.6ms
[2025-12-25T05:47:37.204+0000][gc,phases   ] GC(898)   Evacuate Collection Set: 70.5ms
[2025-12-25T05:47:37.209+0000][gc,phases   ] GC(898)   Post Evacuate Collection Set: 5.4ms
[2025-12-25T05:47:37.211+0000][gc,phases   ] GC(898)   Other: 0.7ms
[2025-12-25T05:47:37.213+0000][gc,heap     ] GC(898) Eden regions: 596->0(592)
[2025-12-25T05:47:37.213+0000][gc,heap     ] GC(898) Survivor regions: 7->9(59)
[2025-12-25T05:47:37.214+0000][gc,heap     ] GC(898) Old regions: 211->211
[2025-12-25T05:47:37.215+0000][gc,heap     ] GC(898) Humongous regions: 151->151
[2025-12-25T05:47:37.218+0000][gc,metaspace] GC(898) Metaspace: 16131K(16512K)->16131K(16512K) NonClass: 14469K(14592K)->14469K(14592K) Class: 1662K(1920K)->1662K(1920K)
[2025-12-25T05:47:37.221+0000][gc          ] GC(898) Pause Young (Normal) (G1 Evacuation Pause) 964M->370M(1024M) 107.542ms
[2025-12-25T05:47:37.223+0000][gc,cpu      ] GC(898) User=0.56s Sys=0.04s Real=0.11s
[2025-12-25T05:48:07.149+0000][gc,start    ] GC(899) Pause Young (Normal) (G1 Evacuation Pause)
[2025-12-25T05:48:07.150+0000][gc,task     ] GC(899) Using 8 workers of 8 for evacuation
[2025-12-25T05:48:07.160+0000][gc,phases   ] GC(899)   Pre Evacuate Collection Set: 1.0ms
[2025-12-25T05:48:07.160+0000][gc,phases   ] GC(899)   Merge Heap Roots: 0.3ms
[2025-12-25T05:48:07.160+0000][gc,phases   ] GC(899)   Evacuate Collection Set: 7.3ms
[2025-12-25T05:48:07.160+0000][gc,phases   ] GC(899)   Post Evacuate Collection Set: 0.9ms
[2025-12-25T05:48:07.160+0000][gc,phases   ] GC(899)   Other: 0.2ms
[2025-12-25T05:48:07.160+0000][gc,heap     ] GC(899) Eden regions: 592->0(589)
[2025-12-25T05:48:07.160+0000][gc,heap     ] GC(899) Survivor regions: 9->10(61)
[2025-12-25T05:48:07.160+0000][gc,heap     ] GC(899) Old regions: 211->212
[2025-12-25T05:48:07.160+0000][gc,heap     ] GC(899) Humongous regions: 151->151
[2025-12-25T05:48:07.160+0000][gc,metaspace] GC(899) Metaspace: 16131K(16512K)->16131K(16512K) NonClass: 14469K(14592K)->14469K(14592K) Class: 1662K(1920K)->1662K(1920K)
[2025-12-25T05:48:07.160+0000][gc          ] GC(899) Pause Young (Normal) (G1 Evacuation Pause) 962M->372M(1024M) 11.503ms
[2025-12-25T05:48:07.160+0000][gc,cpu      ] GC(899) User=0.06s Sys=0.01s Real=0.01s
[2025-12-25T05:48:46.786+0000][gc,start    ] GC(900) Pause Young (Normal) (G1 Evacuation Pause)
[2025-12-25T05:48:46.786+0000][gc,task     ] GC(900) Using 8 workers of 8 for evacuation
[2025-12-25T05:48:46.795+0000][gc,phases   ] GC(900)   Pre Evacuate Collection Set: 1.2ms
[2025-12-25T05:48:46.795+0000][gc,phases   ] GC(900)   Merge Heap Roots: 0.3ms
[2025-12-25T05:48:46.795+0000][gc,phases   ] GC(900)   Evacuate Collection Set: 5.9ms
[2025-12-25T05:48:46.795+0000][gc,phases   ] GC(900)   Post Evacuate Collection Set: 1.1ms
[2025-12-25T05:48:46.795+0000][gc,phases   ] GC(900)   Other: 0.2ms
[2025-12-25T05:48:46.795+0000][gc,heap     ] GC(900) Eden regions: 589->0(601)
[2025-12-25T05:48:46.795+0000][gc,heap     ] GC(900) Survivor regions: 10->4(62)
[2025-12-25T05:48:46.795+0000][gc,heap     ] GC(900) Old regions: 212->212
[2025-12-25T05:48:46.795+0000][gc,heap     ] GC(900) Humongous regions: 151->151
[2025-12-25T05:48:46.795+0000][gc,metaspace] GC(900) Metaspace: 16131K(16512K)->16131K(16512K) NonClass: 14469K(14592K)->14469K(14592K) Class: 1662K(1920K)->1662K(1920K)
[2025-12-25T05:48:46.795+0000][gc          ] GC(900) Pause Young (Normal) (G1 Evacuation Pause) 961M->366M(1024M) 9.783ms
[2025-12-25T05:48:46.795+0000][gc,cpu      ] GC(900) User=0.05s Sys=0.00s Real=0.01s
[2025-12-25T05:49:17.035+0000][gc,start    ] GC(901) Pause Young (Normal) (G1 Evacuation Pause)
[2025-12-25T05:49:17.035+0000][gc,task     ] GC(901) Using 8 workers of 8 for evacuation
[2025-12-25T05:49:17.068+0000][gc,phases   ] GC(901)   Pre Evacuate Collection Set: 6.3ms
[2025-12-25T05:49:17.068+0000][gc,phases   ] GC(901)   Merge Heap Roots: 3.2ms
[2025-12-25T05:49:17.068+0000][gc,phases   ] GC(901)   Evacuate Collection Set: 16.1ms
[2025-12-25T05:49:17.068+0000][gc,phases   ] GC(901)   Post Evacuate Collection Set: 5.9ms
[2025-12-25T05:49:17.068+0000][gc,phases   ] GC(901)   Other: 1.3ms
[2025-12-25T05:49:17.068+0000][gc,heap     ] GC(901) Eden regions: 601->0(597)
[2025-12-25T05:49:17.068+0000][gc,heap     ] GC(901) Survivor regions: 4->6(56)
[2025-12-25T05:49:17.068+0000][gc,heap     ] GC(901) Old regions: 212->212
[2025-12-25T05:49:17.068+0000][gc,heap     ] GC(901) Humongous regions: 151->151
[2025-12-25T05:49:17.068+0000][gc,metaspace] GC(901) Metaspace: 16131K(16512K)->16131K(16512K) NonClass: 14469K(14592K)->14469K(14592K) Class: 1662K(1920K)->1662K(1920K)
[2025-12-25T05:49:17.068+0000][gc          ] GC(901) Pause Young (Normal) (G1 Evacuation Pause) 967M->368M(1024M) 33.972ms
[2025-12-25T05:49:17.069+0000][gc,cpu      ] GC(901) User=0.17s Sys=0.01s Real=0.03s
[2025-12-25T05:49:47.155+0000][gc,start    ] GC(902) Pause Young (Normal) (G1 Evacuation Pause)
[2025-12-25T05:49:47.156+0000][gc,task     ] GC(902) Using 8 workers of 8 for evacuation
[2025-12-25T05:49:47.173+0000][gc,phases   ] GC(902)   Pre Evacuate Collection Set: 2.0ms
[2025-12-25T05:49:47.173+0000][gc,phases   ] GC(902)   Merge Heap Roots: 1.1ms
[2025-12-25T05:49:47.173+0000][gc,phases   ] GC(902)   Evacuate Collection Set: 12.5ms
[2025-12-25T05:49:47.173+0000][gc,phases   ] GC(902)   Post Evacuate Collection Set: 1.2ms
[2025-12-25T05:49:47.173+0000][gc,phases   ] GC(902)   Other: 0.4ms
[2025-12-25T05:49:47.173+0000][gc,heap     ] GC(902) Eden regions: 597->0(595)
[2025-12-25T05:49:47.173+0000][gc,heap     ] GC(902) Survivor regions: 6->7(58)
[2025-12-25T05:49:47.173+0000][gc,heap     ] GC(902) Old regions: 212->212
[2025-12-25T05:49:47.173+0000][gc,heap     ] GC(902) Humongous regions: 151->151
[2025-12-25T05:49:47.173+0000][gc,metaspace] GC(902) Metaspace: 16131K(16512K)->16131K(16512K) NonClass: 14469K(14592K)->14469K(14592K) Class: 1662K(1920K)->1662K(1920K)
[2025-12-25T05:49:47.173+0000][gc          ] GC(902) Pause Young (Normal) (G1 Evacuation Pause) 965M->369M(1024M) 18.477ms
[2025-12-25T05:49:47.173+0000][gc,cpu      ] GC(902) User=0.11s Sys=0.00s Real=0.02s
[2025-12-25T05:50:26.778+0000][gc,start    ] GC(903) Pause Young (Normal) (G1 Evacuation Pause)
[2025-12-25T05:50:26.779+0000][gc,task     ] GC(903) Using 8 workers of 8 for evacuation
[2025-12-25T05:50:26.794+0000][gc,phases   ] GC(903)   Pre Evacuate Collection Set: 4.7ms
[2025-12-25T05:50:26.794+0000][gc,phases   ] GC(903)   Merge Heap Roots: 0.4ms
[2025-12-25T05:50:26.794+0000][gc,phases   ] GC(903)   Evacuate Collection Set: 8.0ms
[2025-12-25T05:50:26.794+0000][gc,phases   ] GC(903)   Post Evacuate Collection Set: 1.2ms
[2025-12-25T05:50:26.794+0000][gc,phases   ] GC(903)   Other: 0.4ms
[2025-12-25T05:50:26.794+0000][gc,heap     ] GC(903) Eden regions: 595->0(596)
[2025-12-25T05:50:26.794+0000][gc,heap     ] GC(903) Survivor regions: 7->6(59)
[2025-12-25T05:50:26.794+0000][gc,heap     ] GC(903) Old regions: 212->213
[2025-12-25T05:50:26.794+0000][gc,heap     ] GC(903) Humongous regions: 151->151
[2025-12-25T05:50:26.794+0000][gc,metaspace] GC(903) Metaspace: 16141K(16512K)->16141K(16512K) NonClass: 14479K(14592K)->14479K(14592K) Class: 1662K(1920K)->1662K(1920K)
[2025-12-25T05:50:26.794+0000][gc          ] GC(903) Pause Young (Normal) (G1 Evacuation Pause) 964M->368M(1024M) 16.796ms
[2025-12-25T05:50:26.794+0000][gc,cpu      ] GC(903) User=0.08s Sys=0.01s Real=0.02s
[2025-12-25T05:50:56.962+0000][gc,start    ] GC(904) Pause Young (Normal) (G1 Evacuation Pause)
[2025-12-25T05:50:56.963+0000][gc,task     ] GC(904) Using 8 workers of 8 for evacuation
[2025-12-25T05:50:56.979+0000][gc,phases   ] GC(904)   Pre Evacuate Collection Set: 2.2ms
[2025-12-25T05:50:56.979+0000][gc,phases   ] GC(904)   Merge Heap Roots: 0.8ms
[2025-12-25T05:50:56.979+0000][gc,phases   ] GC(904)   Evacuate Collection Set: 8.9ms
[2025-12-25T05:50:56.979+0000][gc,phases   ] GC(904)   Post Evacuate Collection Set: 4.0ms
[2025-12-25T05:50:56.979+0000][gc,phases   ] GC(904)   Other: 0.2ms
[2025-12-25T05:50:56.979+0000][gc,heap     ] GC(904) Eden regions: 596->0(592)
[2025-12-25T05:50:56.979+0000][gc,heap     ] GC(904) Survivor regions: 6->8(58)
[2025-12-25T05:50:56.979+0000][gc,heap     ] GC(904) Old regions: 213->213
[2025-12-25T05:50:56.979+0000][gc,heap     ] GC(904) Humongous regions: 151->151
[2025-12-25T05:50:56.979+0000][gc,metaspace] GC(904) Metaspace: 16141K(16512K)->16141K(16512K) NonClass: 14479K(14592K)->14479K(14592K) Class: 1662K(1920K)->1662K(1920K)
[2025-12-25T05:50:56.979+0000][gc          ] GC(904) Pause Young (Normal) (G1 Evacuation Pause) 964M->370M(1024M) 17.346ms
[2025-12-25T05:50:56.979+0000][gc,cpu      ] GC(904) User=0.10s Sys=0.00s Real=0.01s
[2025-12-25T05:51:27.115+0000][gc,start    ] GC(905) Pause Young (Normal) (G1 Evacuation Pause)
[2025-12-25T05:51:27.116+0000][gc,task     ] GC(905) Using 8 workers of 8 for evacuation
[2025-12-25T05:51:27.136+0000][gc,phases   ] GC(905)   Pre Evacuate Collection Set: 1.0ms
[2025-12-25T05:51:27.136+0000][gc,phases   ] GC(905)   Merge Heap Roots: 0.2ms
[2025-12-25T05:51:27.136+0000][gc,phases   ] GC(905)   Evacuate Collection Set: 17.3ms
[2025-12-25T05:51:27.136+0000][gc,phases   ] GC(905)   Post Evacuate Collection Set: 1.1ms
[2025-12-25T05:51:27.136+0000][gc,phases   ] GC(905)   Other: 0.2ms
[2025-12-25T05:51:27.136+0000][gc,heap     ] GC(905) Eden regions: 592->0(590)
[2025-12-25T05:51:27.136+0000][gc,heap     ] GC(905) Survivor regions: 8->9(60)
[2025-12-25T05:51:27.136+0000][gc,heap     ] GC(905) Old regions: 213->213
[2025-12-25T05:51:27.136+0000][gc,heap     ] GC(905) Humongous regions: 151->151
[2025-12-25T05:51:27.136+0000][gc,metaspace] GC(905) Metaspace: 16141K(16512K)->16141K(16512K) NonClass: 14479K(14592K)->14479K(14592K) Class: 1662K(1920K)->1662K(1920K)
[2025-12-25T05:51:27.136+0000][gc          ] GC(905) Pause Young (Normal) (G1 Evacuation Pause) 962M->371M(1024M) 20.945ms
[2025-12-25T05:51:27.137+0000][gc,cpu      ] GC(905) User=0.14s Sys=0.00s Real=0.02s
[2025-12-25T05:52:06.709+0000][gc,start    ] GC(906) Pause Young (Normal) (G1 Evacuation Pause)
[2025-12-25T05:52:06.710+0000][gc,task     ] GC(906) Using 8 workers of 8 for evacuation
[2025-12-25T05:52:06.732+0000][gc,phases   ] GC(906)   Pre Evacuate Collection Set: 1.9ms
[2025-12-25T05:52:06.732+0000][gc,phases   ] GC(906)   Merge Heap Roots: 0.5ms
[2025-12-25T05:52:06.732+0000][gc,phases   ] GC(906)   Evacuate Collection Set: 17.4ms
[2025-12-25T05:52:06.732+0000][gc,phases   ] GC(906)   Post Evacuate Collection Set: 1.7ms
[2025-12-25T05:52:06.732+0000][gc,phases   ] GC(906)   Other: 0.6ms
[2025-12-25T05:52:06.732+0000][gc,heap     ] GC(906) Eden regions: 590->0(592)
[2025-12-25T05:52:06.732+0000][gc,heap     ] GC(906) Survivor regions: 9->8(61)
[2025-12-25T05:52:06.732+0000][gc,heap     ] GC(906) Old regions: 213->213
[2025-12-25T05:52:06.733+0000][gc,heap     ] GC(906) Humongous regions: 151->151
[2025-12-25T05:52:06.733+0000][gc,metaspace] GC(906) Metaspace: 16141K(16512K)->16141K(16512K) NonClass: 14479K(14592K)->14479K(14592K) Class: 1662K(1920K)->1662K(1920K)
[2025-12-25T05:52:06.733+0000][gc          ] GC(906) Pause Young (Normal) (G1 Evacuation Pause) 961M->371M(1024M) 23.832ms
[2025-12-25T05:52:06.733+0000][gc,cpu      ] GC(906) User=0.15s Sys=0.00s Real=0.02s
[2025-12-25T05:52:36.899+0000][gc,start    ] GC(907) Pause Young (Normal) (G1 Evacuation Pause)
[2025-12-25T05:52:36.900+0000][gc,task     ] GC(907) Using 8 workers of 8 for evacuation
[2025-12-25T05:52:36.913+0000][gc,phases   ] GC(907)   Pre Evacuate Collection Set: 1.3ms
[2025-12-25T05:52:36.913+0000][gc,phases   ] GC(907)   Merge Heap Roots: 0.3ms
[2025-12-25T05:52:36.913+0000][gc,phases   ] GC(907)   Evacuate Collection Set: 9.9ms
[2025-12-25T05:52:36.913+0000][gc,phases   ] GC(907)   Post Evacuate Collection Set: 1.2ms
[2025-12-25T05:52:36.913+0000][gc,phases   ] GC(907)   Other: 0.3ms
[2025-12-25T05:52:36.913+0000][gc,heap     ] GC(907) Eden regions: 592->0(590)
[2025-12-25T05:52:36.913+0000][gc,heap     ] GC(907) Survivor regions: 8->9(60)
[2025-12-25T05:52:36.913+0000][gc,heap     ] GC(907) Old regions: 213->213
[2025-12-25T05:52:36.913+0000][gc,heap     ] GC(907) Humongous regions: 151->151
[2025-12-25T05:52:36.913+0000][gc,metaspace] GC(907) Metaspace: 16141K(16512K)->16141K(16512K) NonClass: 14479K(14592K)->14479K(14592K) Class: 1662K(1920K)->1662K(1920K)
[2025-12-25T05:52:36.913+0000][gc          ] GC(907) Pause Young (Normal) (G1 Evacuation Pause) 963M->372M(1024M) 14.261ms
[2025-12-25T05:52:36.914+0000][gc,cpu      ] GC(907) User=0.09s Sys=0.00s Real=0.01s
[2025-12-25T05:53:07.023+0000][gc,start    ] GC(908) Pause Young (Normal) (G1 Evacuation Pause)
[2025-12-25T05:53:07.024+0000][gc,task     ] GC(908) Using 8 workers of 8 for evacuation
[2025-12-25T05:53:07.037+0000][gc,phases   ] GC(908)   Pre Evacuate Collection Set: 1.5ms
[2025-12-25T05:53:07.037+0000][gc,phases   ] GC(908)   Merge Heap Roots: 0.5ms
[2025-12-25T05:53:07.037+0000][gc,phases   ] GC(908)   Evacuate Collection Set: 10.3ms
[2025-12-25T05:53:07.038+0000][gc,phases   ] GC(908)   Post Evacuate Collection Set: 1.2ms
[2025-12-25T05:53:07.038+0000][gc,phases   ] GC(908)   Other: 0.2ms
[2025-12-25T05:53:07.038+0000][gc,heap     ] GC(908) Eden regions: 590->0(595)
[2025-12-25T05:53:07.038+0000][gc,heap     ] GC(908) Survivor regions: 9->6(61)
[2025-12-25T05:53:07.038+0000][gc,heap     ] GC(908) Old regions: 213->214
[2025-12-25T05:53:07.038+0000][gc,heap     ] GC(908) Humongous regions: 151->151
[2025-12-25T05:53:07.038+0000][gc,metaspace] GC(908) Metaspace: 16141K(16512K)->16141K(16512K) NonClass: 14479K(14592K)->14479K(14592K) Class: 1662K(1920K)->1662K(1920K)
[2025-12-25T05:53:07.038+0000][gc          ] GC(908) Pause Young (Normal) (G1 Evacuation Pause) 962M->370M(1024M) 14.877ms
[2025-12-25T05:53:07.038+0000][gc,cpu      ] GC(908) User=0.09s Sys=0.00s Real=0.02s
[2025-12-25T05:53:37.257+0000][gc,start    ] GC(909) Pause Young (Normal) (G1 Evacuation Pause)
[2025-12-25T05:53:37.257+0000][gc,task     ] GC(909) Using 8 workers of 8 for evacuation
[2025-12-25T05:53:37.266+0000][gc,phases   ] GC(909)   Pre Evacuate Collection Set: 1.2ms
[2025-12-25T05:53:37.266+0000][gc,phases   ] GC(909)   Merge Heap Roots: 0.3ms
[2025-12-25T05:53:37.266+0000][gc,phases   ] GC(909)   Evacuate Collection Set: 6.0ms
[2025-12-25T05:53:37.267+0000][gc,phases   ] GC(909)   Post Evacuate Collection Set: 1.1ms
[2025-12-25T05:53:37.267+0000][gc,phases   ] GC(909)   Other: 0.5ms
[2025-12-25T05:53:37.267+0000][gc,heap     ] GC(909) Eden regions: 595->0(593)
[2025-12-25T05:53:37.267+0000][gc,heap     ] GC(909) Survivor regions: 6->7(58)
[2025-12-25T05:53:37.267+0000][gc,heap     ] GC(909) Old regions: 214->214
[2025-12-25T05:53:37.267+0000][gc,heap     ] GC(909) Humongous regions: 151->151
[2025-12-25T05:53:37.267+0000][gc,metaspace] GC(909) Metaspace: 16141K(16512K)->16141K(16512K) NonClass: 14479K(14592K)->14479K(14592K) Class: 1662K(1920K)->1662K(1920K)
[2025-12-25T05:53:37.267+0000][gc          ] GC(909) Pause Young (Normal) (G1 Evacuation Pause) 965M->370M(1024M) 10.523ms
[2025-12-25T05:53:37.267+0000][gc,cpu      ] GC(909) User=0.05s Sys=0.01s Real=0.01s
[2025-12-25T05:54:16.844+0000][gc,start    ] GC(910) Pause Young (Normal) (G1 Evacuation Pause)
[2025-12-25T05:54:16.845+0000][gc,task     ] GC(910) Using 8 workers of 8 for evacuation
[2025-12-25T05:54:16.858+0000][gc,phases   ] GC(910)   Pre Evacuate Collection Set: 2.1ms
[2025-12-25T05:54:16.859+0000][gc,phases   ] GC(910)   Merge Heap Roots: 0.3ms
[2025-12-25T05:54:16.859+0000][gc,phases   ] GC(910)   Evacuate Collection Set: 10.1ms
[2025-12-25T05:54:16.859+0000][gc,phases   ] GC(910)   Post Evacuate Collection Set: 1.0ms
[2025-12-25T05:54:16.859+0000][gc,phases   ] GC(910)   Other: 0.3ms
[2025-12-25T05:54:16.859+0000][gc,heap     ] GC(910) Eden regions: 593->0(595)
[2025-12-25T05:54:16.859+0000][gc,heap     ] GC(910) Survivor regions: 7->6(59)
[2025-12-25T05:54:16.859+0000][gc,heap     ] GC(910) Old regions: 214->214
[2025-12-25T05:54:16.859+0000][gc,heap     ] GC(910) Humongous regions: 151->151
[2025-12-25T05:54:16.859+0000][gc,metaspace] GC(910) Metaspace: 16141K(16512K)->16141K(16512K) NonClass: 14479K(14592K)->14479K(14592K) Class: 1662K(1920K)->1662K(1920K)
[2025-12-25T05:54:16.859+0000][gc          ] GC(910) Pause Young (Normal) (G1 Evacuation Pause) 963M->370M(1024M) 14.928ms
[2025-12-25T05:54:16.859+0000][gc,cpu      ] GC(910) User=0.09s Sys=0.00s Real=0.01s
[2025-12-25T05:54:47.019+0000][gc,start    ] GC(911) Pause Young (Normal) (G1 Evacuation Pause)
[2025-12-25T05:54:47.020+0000][gc,task     ] GC(911) Using 8 workers of 8 for evacuation
[2025-12-25T05:54:47.040+0000][gc,phases   ] GC(911)   Pre Evacuate Collection Set: 1.1ms
[2025-12-25T05:54:47.041+0000][gc,phases   ] GC(911)   Merge Heap Roots: 0.2ms
[2025-12-25T05:54:47.041+0000][gc,phases   ] GC(911)   Evacuate Collection Set: 18.3ms
[2025-12-25T05:54:47.041+0000][gc,phases   ] GC(911)   Post Evacuate Collection Set: 1.2ms
[2025-12-25T05:54:47.041+0000][gc,phases   ] GC(911)   Other: 0.2ms
[2025-12-25T05:54:47.041+0000][gc,heap     ] GC(911) Eden regions: 595->0(591)
[2025-12-25T05:54:47.041+0000][gc,heap     ] GC(911) Survivor regions: 6->8(58)
[2025-12-25T05:54:47.041+0000][gc,heap     ] GC(911) Old regions: 214->214
[2025-12-25T05:54:47.041+0000][gc,heap     ] GC(911) Humongous regions: 151->151
[2025-12-25T05:54:47.041+0000][gc,metaspace] GC(911) Metaspace: 16141K(16512K)->16141K(16512K) NonClass: 14479K(14592K)->14479K(14592K) Class: 1662K(1920K)->1662K(1920K)
[2025-12-25T05:54:47.041+0000][gc          ] GC(911) Pause Young (Normal) (G1 Evacuation Pause) 965M->371M(1024M) 22.553ms
[2025-12-25T05:54:47.041+0000][gc,cpu      ] GC(911) User=0.14s Sys=0.00s Real=0.03s
[2025-12-25T05:55:17.190+0000][gc,start    ] GC(912) Pause Young (Normal) (G1 Evacuation Pause)
[2025-12-25T05:55:17.190+0000][gc,task     ] GC(912) Using 8 workers of 8 for evacuation
[2025-12-25T05:55:17.211+0000][gc,phases   ] GC(912)   Pre Evacuate Collection Set: 1.3ms
[2025-12-25T05:55:17.211+0000][gc,phases   ] GC(912)   Merge Heap Roots: 0.4ms
[2025-12-25T05:55:17.211+0000][gc,phases   ] GC(912)   Evacuate Collection Set: 14.0ms
[2025-12-25T05:55:17.211+0000][gc,phases   ] GC(912)   Post Evacuate Collection Set: 4.3ms
[2025-12-25T05:55:17.212+0000][gc,phases   ] GC(912)   Other: 0.7ms
[2025-12-25T05:55:17.212+0000][gc,heap     ] GC(912) Eden regions: 591->0(588)
[2025-12-25T05:55:17.212+0000][gc,heap     ] GC(912) Survivor regions: 8->9(60)
[2025-12-25T05:55:17.212+0000][gc,heap     ] GC(912) Old regions: 214->215
[2025-12-25T05:55:17.212+0000][gc,heap     ] GC(912) Humongous regions: 151->151
[2025-12-25T05:55:17.212+0000][gc,metaspace] GC(912) Metaspace: 16141K(16512K)->16141K(16512K) NonClass: 14479K(14592K)->14479K(14592K) Class: 1662K(1920K)->1662K(1920K)
[2025-12-25T05:55:17.212+0000][gc          ] GC(912) Pause Young (Normal) (G1 Evacuation Pause) 962M->373M(1024M) 22.453ms
[2025-12-25T05:55:17.212+0000][gc,cpu      ] GC(912) User=0.13s Sys=0.00s Real=0.02s
[2025-12-25T05:55:56.777+0000][gc,start    ] GC(913) Pause Young (Normal) (G1 Evacuation Pause)
[2025-12-25T05:55:56.780+0000][gc,task     ] GC(913) Using 8 workers of 8 for evacuation
[2025-12-25T05:55:56.806+0000][gc,phases   ] GC(913)   Pre Evacuate Collection Set: 4.4ms
[2025-12-25T05:55:56.807+0000][gc,phases   ] GC(913)   Merge Heap Roots: 0.7ms
[2025-12-25T05:55:56.807+0000][gc,phases   ] GC(913)   Evacuate Collection Set: 17.5ms
[2025-12-25T05:55:56.807+0000][gc,phases   ] GC(913)   Post Evacuate Collection Set: 2.2ms
[2025-12-25T05:55:56.807+0000][gc,phases   ] GC(913)   Other: 2.2ms
[2025-12-25T05:55:56.807+0000][gc,heap     ] GC(913) Eden regions: 588->0(590)
[2025-12-25T05:55:56.807+0000][gc,heap     ] GC(913) Survivor regions: 9->8(61)
[2025-12-25T05:55:56.807+0000][gc,heap     ] GC(913) Old regions: 215->215
[2025-12-25T05:55:56.807+0000][gc,heap     ] GC(913) Humongous regions: 151->151
[2025-12-25T05:55:56.807+0000][gc,metaspace] GC(913) Metaspace: 16141K(16512K)->16141K(16512K) NonClass: 14479K(14592K)->14479K(14592K) Class: 1662K(1920K)->1662K(1920K)
[2025-12-25T05:55:56.807+0000][gc          ] GC(913) Pause Young (Normal) (G1 Evacuation Pause) 961M->372M(1024M) 30.325ms
[2025-12-25T05:55:56.807+0000][gc,cpu      ] GC(913) User=0.16s Sys=0.01s Real=0.04s
[2025-12-25T05:56:27.000+0000][gc,start    ] GC(914) Pause Young (Normal) (G1 Evacuation Pause)
[2025-12-25T05:56:27.001+0000][gc,task     ] GC(914) Using 8 workers of 8 for evacuation
[2025-12-25T05:56:27.022+0000][gc,phases   ] GC(914)   Pre Evacuate Collection Set: 1.2ms
[2025-12-25T05:56:27.023+0000][gc,phases   ] GC(914)   Merge Heap Roots: 1.1ms
[2025-12-25T05:56:27.023+0000][gc,phases   ] GC(914)   Evacuate Collection Set: 17.1ms
[2025-12-25T05:56:27.023+0000][gc,phases   ] GC(914)   Post Evacuate Collection Set: 1.4ms
[2025-12-25T05:56:27.023+0000][gc,phases   ] GC(914)   Other: 0.4ms
[2025-12-25T05:56:27.023+0000][gc,heap     ] GC(914) Eden regions: 590->0(588)
[2025-12-25T05:56:27.023+0000][gc,heap     ] GC(914) Survivor regions: 8->9(60)
[2025-12-25T05:56:27.023+0000][gc,heap     ] GC(914) Old regions: 215->215
[2025-12-25T05:56:27.023+0000][gc,heap     ] GC(914) Humongous regions: 151->151
[2025-12-25T05:56:27.023+0000][gc,metaspace] GC(914) Metaspace: 16141K(16512K)->16141K(16512K) NonClass: 14479K(14592K)->14479K(14592K) Class: 1662K(1920K)->1662K(1920K)
[2025-12-25T05:56:27.024+0000][gc          ] GC(914) Pause Young (Normal) (G1 Evacuation Pause) 962M->374M(1024M) 23.420ms
[2025-12-25T05:56:27.024+0000][gc,cpu      ] GC(914) User=0.15s Sys=0.00s Real=0.02s
[2025-12-25T05:56:57.312+0000][gc,start    ] GC(915) Pause Young (Normal) (G1 Evacuation Pause)
[2025-12-25T05:56:57.312+0000][gc,task     ] GC(915) Using 8 workers of 8 for evacuation
[2025-12-25T05:56:57.330+0000][gc,phases   ] GC(915)   Pre Evacuate Collection Set: 1.4ms
[2025-12-25T05:56:57.330+0000][gc,phases   ] GC(915)   Merge Heap Roots: 0.4ms
[2025-12-25T05:56:57.330+0000][gc,phases   ] GC(915)   Evacuate Collection Set: 12.3ms
[2025-12-25T05:56:57.331+0000][gc,phases   ] GC(915)   Post Evacuate Collection Set: 3.0ms
[2025-12-25T05:56:57.331+0000][gc,phases   ] GC(915)   Other: 0.4ms
[2025-12-25T05:56:57.332+0000][gc,heap     ] GC(915) Eden regions: 588->0(586)
[2025-12-25T05:56:57.332+0000][gc,heap     ] GC(915) Survivor regions: 9->10(61)
[2025-12-25T05:56:57.332+0000][gc,heap     ] GC(915) Old regions: 215->215
[2025-12-25T05:56:57.332+0000][gc,heap     ] GC(915) Humongous regions: 151->151
[2025-12-25T05:56:57.332+0000][gc,metaspace] GC(915) Metaspace: 16141K(16512K)->16141K(16512K) NonClass: 14479K(14592K)->14479K(14592K) Class: 1662K(1920K)->1662K(1920K)
[2025-12-25T05:56:57.332+0000][gc          ] GC(915) Pause Young (Normal) (G1 Evacuation Pause) 962M->375M(1024M) 20.639ms
[2025-12-25T05:56:57.333+0000][gc,cpu      ] GC(915) User=0.11s Sys=0.00s Real=0.02s
[2025-12-25T05:57:28.411+0000][gc,start    ] GC(916) Pause Young (Normal) (G1 Evacuation Pause)
[2025-12-25T05:57:28.421+0000][gc,task     ] GC(916) Using 8 workers of 8 for evacuation
[2025-12-25T05:57:28.462+0000][gc,phases   ] GC(916)   Pre Evacuate Collection Set: 12.6ms
[2025-12-25T05:57:28.464+0000][gc,phases   ] GC(916)   Merge Heap Roots: 2.4ms
[2025-12-25T05:57:28.464+0000][gc,phases   ] GC(916)   Evacuate Collection Set: 21.5ms
[2025-12-25T05:57:28.464+0000][gc,phases   ] GC(916)   Post Evacuate Collection Set: 2.7ms
[2025-12-25T05:57:28.464+0000][gc,phases   ] GC(916)   Other: 10.1ms
[2025-12-25T05:57:28.465+0000][gc,heap     ] GC(916) Eden regions: 586->0(592)
[2025-12-25T05:57:28.465+0000][gc,heap     ] GC(916) Survivor regions: 10->7(62)
[2025-12-25T05:57:28.465+0000][gc,heap     ] GC(916) Old regions: 215->215
[2025-12-25T05:57:28.465+0000][gc,heap     ] GC(916) Humongous regions: 151->151
[2025-12-25T05:57:28.465+0000][gc,metaspace] GC(916) Metaspace: 16141K(16512K)->16141K(16512K) NonClass: 14479K(14592K)->14479K(14592K) Class: 1662K(1920K)->1662K(1920K)
[2025-12-25T05:57:28.466+0000][gc          ] GC(916) Pause Young (Normal) (G1 Evacuation Pause) 961M->372M(1024M) 54.875ms
[2025-12-25T05:57:28.466+0000][gc,cpu      ] GC(916) User=0.14s Sys=0.01s Real=0.06s
[2025-12-25T05:58:07.130+0000][gc,start    ] GC(917) Pause Young (Normal) (G1 Evacuation Pause)
[2025-12-25T05:58:07.131+0000][gc,task     ] GC(917) Using 8 workers of 8 for evacuation
[2025-12-25T05:58:07.157+0000][gc,phases   ] GC(917)   Pre Evacuate Collection Set: 2.8ms
[2025-12-25T05:58:07.157+0000][gc,phases   ] GC(917)   Merge Heap Roots: 0.6ms
[2025-12-25T05:58:07.157+0000][gc,phases   ] GC(917)   Evacuate Collection Set: 19.1ms
[2025-12-25T05:58:07.157+0000][gc,phases   ] GC(917)   Post Evacuate Collection Set: 2.4ms
[2025-12-25T05:58:07.158+0000][gc,phases   ] GC(917)   Other: 0.5ms
[2025-12-25T05:58:07.158+0000][gc,heap     ] GC(917) Eden regions: 592->0(593)
[2025-12-25T05:58:07.158+0000][gc,heap     ] GC(917) Survivor regions: 7->6(59)
[2025-12-25T05:58:07.158+0000][gc,heap     ] GC(917) Old regions: 215->216
[2025-12-25T05:58:07.158+0000][gc,heap     ] GC(917) Humongous regions: 151->151
[2025-12-25T05:58:07.158+0000][gc,metaspace] GC(917) Metaspace: 16141K(16512K)->16141K(16512K) NonClass: 14479K(14592K)->14479K(14592K) Class: 1662K(1920K)->1662K(1920K)
[2025-12-25T05:58:07.159+0000][gc          ] GC(917) Pause Young (Normal) (G1 Evacuation Pause) 964M->371M(1024M) 28.065ms
[2025-12-25T05:58:07.159+0000][gc,cpu      ] GC(917) User=0.17s Sys=0.01s Real=0.03s
[2025-12-25T05:58:37.845+0000][gc,start    ] GC(918) Pause Young (Normal) (G1 Evacuation Pause)
[2025-12-25T05:58:37.847+0000][gc,task     ] GC(918) Using 8 workers of 8 for evacuation
[2025-12-25T05:58:37.870+0000][gc,phases   ] GC(918)   Pre Evacuate Collection Set: 1.9ms
[2025-12-25T05:58:37.871+0000][gc,phases   ] GC(918)   Merge Heap Roots: 0.5ms
[2025-12-25T05:58:37.871+0000][gc,phases   ] GC(918)   Evacuate Collection Set: 17.6ms
[2025-12-25T05:58:37.871+0000][gc,phases   ] GC(918)   Post Evacuate Collection Set: 2.6ms
[2025-12-25T05:58:37.871+0000][gc,phases   ] GC(918)   Other: 0.7ms
[2025-12-25T05:58:37.871+0000][gc,heap     ] GC(918) Eden regions: 593->0(591)
[2025-12-25T05:58:37.871+0000][gc,heap     ] GC(918) Survivor regions: 6->7(58)
[2025-12-25T05:58:37.871+0000][gc,heap     ] GC(918) Old regions: 216->216
[2025-12-25T05:58:37.871+0000][gc,heap     ] GC(918) Humongous regions: 151->151
[2025-12-25T05:58:37.872+0000][gc,metaspace] GC(918) Metaspace: 16141K(16512K)->16141K(16512K) NonClass: 14479K(14592K)->14479K(14592K) Class: 1662K(1920K)->1662K(1920K)
[2025-12-25T05:58:37.872+0000][gc          ] GC(918) Pause Young (Normal) (G1 Evacuation Pause) 964M->373M(1024M) 26.465ms
[2025-12-25T05:58:37.872+0000][gc,cpu      ] GC(918) User=0.13s Sys=0.01s Real=0.02s
[2025-12-25T05:59:07.647+0000][gc,start    ] GC(919) Pause Young (Normal) (G1 Evacuation Pause)
[2025-12-25T05:59:07.648+0000][gc,task     ] GC(919) Using 8 workers of 8 for evacuation
[2025-12-25T05:59:07.683+0000][gc,phases   ] GC(919)   Pre Evacuate Collection Set: 2.8ms
[2025-12-25T05:59:07.684+0000][gc,phases   ] GC(919)   Merge Heap Roots: 0.6ms
[2025-12-25T05:59:07.685+0000][gc,phases   ] GC(919)   Evacuate Collection Set: 23.1ms
[2025-12-25T05:59:07.685+0000][gc,phases   ] GC(919)   Post Evacuate Collection Set: 7.9ms
[2025-12-25T05:59:07.686+0000][gc,phases   ] GC(919)   Other: 0.8ms
[2025-12-25T05:59:07.686+0000][gc,heap     ] GC(919) Eden regions: 591->0(589)
[2025-12-25T05:59:07.686+0000][gc,heap     ] GC(919) Survivor regions: 7->8(59)
[2025-12-25T05:59:07.686+0000][gc,heap     ] GC(919) Old regions: 216->216
[2025-12-25T05:59:07.687+0000][gc,heap     ] GC(919) Humongous regions: 151->151
[2025-12-25T05:59:07.687+0000][gc,metaspace] GC(919) Metaspace: 16142K(16512K)->16142K(16512K) NonClass: 14479K(14592K)->14479K(14592K) Class: 1662K(1920K)->1662K(1920K)
[2025-12-25T05:59:07.687+0000][gc          ] GC(919) Pause Young (Normal) (G1 Evacuation Pause) 964M->374M(1024M) 40.469ms
[2025-12-25T05:59:07.688+0000][gc,cpu      ] GC(919) User=0.19s Sys=0.01s Real=0.04s
[2025-12-25T05:59:46.855+0000][gc,start    ] GC(920) Pause Young (Normal) (G1 Evacuation Pause)
[2025-12-25T05:59:46.855+0000][gc,task     ] GC(920) Using 8 workers of 8 for evacuation
[2025-12-25T05:59:46.877+0000][gc,phases   ] GC(920)   Pre Evacuate Collection Set: 5.0ms
[2025-12-25T05:59:46.877+0000][gc,phases   ] GC(920)   Merge Heap Roots: 1.0ms
[2025-12-25T05:59:46.877+0000][gc,phases   ] GC(920)   Evacuate Collection Set: 14.0ms
[2025-12-25T05:59:46.877+0000][gc,phases   ] GC(920)   Post Evacuate Collection Set: 1.5ms
[2025-12-25T05:59:46.877+0000][gc,phases   ] GC(920)   Other: 0.4ms
[2025-12-25T05:59:46.877+0000][gc,heap     ] GC(920) Eden regions: 589->0(589)
[2025-12-25T05:59:46.878+0000][gc,heap     ] GC(920) Survivor regions: 8->8(60)
[2025-12-25T05:59:46.878+0000][gc,heap     ] GC(920) Old regions: 216->216
[2025-12-25T05:59:46.878+0000][gc,heap     ] GC(920) Humongous regions: 151->151
[2025-12-25T05:59:46.878+0000][gc,metaspace] GC(920) Metaspace: 16142K(16512K)->16142K(16512K) NonClass: 14479K(14592K)->14479K(14592K) Class: 1662K(1920K)->1662K(1920K)
[2025-12-25T05:59:46.878+0000][gc          ] GC(920) Pause Young (Normal) (G1 Evacuation Pause) 963M->374M(1024M) 23.048ms
[2025-12-25T05:59:46.878+0000][gc,cpu      ] GC(920) User=0.11s Sys=0.01s Real=0.02s
[2025-12-25T06:00:17.095+0000][gc,start    ] GC(921) Pause Young (Normal) (G1 Evacuation Pause)
[2025-12-25T06:00:17.096+0000][gc,task     ] GC(921) Using 8 workers of 8 for evacuation
[2025-12-25T06:00:17.124+0000][gc,phases   ] GC(921)   Pre Evacuate Collection Set: 1.5ms
[2025-12-25T06:00:17.124+0000][gc,phases   ] GC(921)   Merge Heap Roots: 0.5ms
[2025-12-25T06:00:17.124+0000][gc,phases   ] GC(921)   Evacuate Collection Set: 24.2ms
[2025-12-25T06:00:17.124+0000][gc,phases   ] GC(921)   Post Evacuate Collection Set: 1.6ms
[2025-12-25T06:00:17.124+0000][gc,phases   ] GC(921)   Other: 0.4ms
[2025-12-25T06:00:17.124+0000][gc,heap     ] GC(921) Eden regions: 589->0(586)
[2025-12-25T06:00:17.124+0000][gc,heap     ] GC(921) Survivor regions: 8->9(60)
[2025-12-25T06:00:17.125+0000][gc,heap     ] GC(921) Old regions: 216->217
[2025-12-25T06:00:17.125+0000][gc,heap     ] GC(921) Humongous regions: 151->151
[2025-12-25T06:00:17.125+0000][gc,metaspace] GC(921) Metaspace: 16142K(16512K)->16142K(16512K) NonClass: 14479K(14592K)->14479K(14592K) Class: 1662K(1920K)->1662K(1920K)
[2025-12-25T06:00:17.125+0000][gc          ] GC(921) Pause Young (Normal) (G1 Evacuation Pause) 963M->375M(1024M) 30.115ms
[2025-12-25T06:00:17.125+0000][gc,cpu      ] GC(921) User=0.19s Sys=0.01s Real=0.03s
[2025-12-25T06:00:47.188+0000][gc,start    ] GC(922) Pause Young (Normal) (G1 Evacuation Pause)
[2025-12-25T06:00:47.189+0000][gc,task     ] GC(922) Using 8 workers of 8 for evacuation
[2025-12-25T06:00:47.206+0000][gc,phases   ] GC(922)   Pre Evacuate Collection Set: 1.1ms
[2025-12-25T06:00:47.206+0000][gc,phases   ] GC(922)   Merge Heap Roots: 0.3ms
[2025-12-25T06:00:47.206+0000][gc,phases   ] GC(922)   Evacuate Collection Set: 13.8ms
[2025-12-25T06:00:47.207+0000][gc,phases   ] GC(922)   Post Evacuate Collection Set: 1.5ms
[2025-12-25T06:00:47.207+0000][gc,phases   ] GC(922)   Other: 0.3ms
[2025-12-25T06:00:47.207+0000][gc,heap     ] GC(922) Eden regions: 586->0(584)
[2025-12-25T06:00:47.207+0000][gc,heap     ] GC(922) Survivor regions: 9->10(61)
[2025-12-25T06:00:47.207+0000][gc,heap     ] GC(922) Old regions: 217->217
[2025-12-25T06:00:47.207+0000][gc,heap     ] GC(922) Humongous regions: 151->151
[2025-12-25T06:00:47.207+0000][gc,metaspace] GC(922) Metaspace: 16142K(16512K)->16142K(16512K) NonClass: 14479K(14592K)->14479K(14592K) Class: 1662K(1920K)->1662K(1920K)
[2025-12-25T06:00:47.207+0000][gc          ] GC(922) Pause Young (Normal) (G1 Evacuation Pause) 961M->377M(1024M) 19.106ms
[2025-12-25T06:00:47.207+0000][gc,cpu      ] GC(922) User=0.11s Sys=0.01s Real=0.01s
[2025-12-25T06:01:17.529+0000][gc,start    ] GC(923) Pause Young (Normal) (G1 Evacuation Pause)
[2025-12-25T06:01:17.529+0000][gc,task     ] GC(923) Using 8 workers of 8 for evacuation
[2025-12-25T06:01:17.556+0000][gc,phases   ] GC(923)   Pre Evacuate Collection Set: 1.4ms
[2025-12-25T06:01:17.556+0000][gc,phases   ] GC(923)   Merge Heap Roots: 0.4ms
[2025-12-25T06:01:17.556+0000][gc,phases   ] GC(923)   Evacuate Collection Set: 22.8ms
[2025-12-25T06:01:17.556+0000][gc,phases   ] GC(923)   Post Evacuate Collection Set: 1.6ms
[2025-12-25T06:01:17.557+0000][gc,phases   ] GC(923)   Other: 0.5ms
[2025-12-25T06:01:17.557+0000][gc,heap     ] GC(923) Eden regions: 584->0(582)
[2025-12-25T06:01:17.557+0000][gc,heap     ] GC(923) Survivor regions: 10->11(62)
[2025-12-25T06:01:17.557+0000][gc,heap     ] GC(923) Old regions: 217->217
[2025-12-25T06:01:17.557+0000][gc,heap     ] GC(923) Humongous regions: 151->151
[2025-12-25T06:01:17.557+0000][gc,metaspace] GC(923) Metaspace: 16142K(16512K)->16142K(16512K) NonClass: 14479K(14592K)->14479K(14592K) Class: 1662K(1920K)->1662K(1920K)
[2025-12-25T06:01:17.557+0000][gc          ] GC(923) Pause Young (Normal) (G1 Evacuation Pause) 961M->377M(1024M) 28.638ms
[2025-12-25T06:01:17.557+0000][gc,cpu      ] GC(923) User=0.19s Sys=0.00s Real=0.02s
[2025-12-25T06:01:56.856+0000][gc,start    ] GC(924) Pause Young (Normal) (G1 Evacuation Pause)
[2025-12-25T06:01:56.857+0000][gc,task     ] GC(924) Using 8 workers of 8 for evacuation
[2025-12-25T06:01:56.872+0000][gc,phases   ] GC(924)   Pre Evacuate Collection Set: 1.1ms
[2025-12-25T06:01:56.873+0000][gc,phases   ] GC(924)   Merge Heap Roots: 0.2ms
[2025-12-25T06:01:56.873+0000][gc,phases   ] GC(924)   Evacuate Collection Set: 11.0ms
[2025-12-25T06:01:56.873+0000][gc,phases   ] GC(924)   Post Evacuate Collection Set: 3.4ms
[2025-12-25T06:01:56.873+0000][gc,phases   ] GC(924)   Other: 0.2ms
[2025-12-25T06:01:56.873+0000][gc,heap     ] GC(924) Eden regions: 582->0(594)
[2025-12-25T06:01:56.873+0000][gc,heap     ] GC(924) Survivor regions: 11->5(63)
[2025-12-25T06:01:56.873+0000][gc,heap     ] GC(924) Old regions: 217->217
[2025-12-25T06:01:56.873+0000][gc,heap     ] GC(924) Humongous regions: 151->151
[2025-12-25T06:01:56.873+0000][gc,metaspace] GC(924) Metaspace: 16142K(16512K)->16142K(16512K) NonClass: 14479K(14592K)->14479K(14592K) Class: 1662K(1920K)->1662K(1920K)
[2025-12-25T06:01:56.874+0000][gc          ] GC(924) Pause Young (Normal) (G1 Evacuation Pause) 959M->372M(1024M) 17.503ms
[2025-12-25T06:01:56.874+0000][gc,cpu      ] GC(924) User=0.10s Sys=0.01s Real=0.02s
[2025-12-25T06:02:27.079+0000][gc,start    ] GC(925) Pause Young (Normal) (G1 Evacuation Pause)
[2025-12-25T06:02:27.080+0000][gc,task     ] GC(925) Using 8 workers of 8 for evacuation
[2025-12-25T06:02:27.093+0000][gc,phases   ] GC(925)   Pre Evacuate Collection Set: 1.2ms
[2025-12-25T06:02:27.093+0000][gc,phases   ] GC(925)   Merge Heap Roots: 0.3ms
[2025-12-25T06:02:27.093+0000][gc,phases   ] GC(925)   Evacuate Collection Set: 7.6ms
[2025-12-25T06:02:27.093+0000][gc,phases   ] GC(925)   Post Evacuate Collection Set: 3.9ms
[2025-12-25T06:02:27.093+0000][gc,phases   ] GC(925)   Other: 0.3ms
[2025-12-25T06:02:27.093+0000][gc,heap     ] GC(925) Eden regions: 594->0(592)
[2025-12-25T06:02:27.093+0000][gc,heap     ] GC(925) Survivor regions: 5->6(57)
[2025-12-25T06:02:27.093+0000][gc,heap     ] GC(925) Old regions: 217->217
[2025-12-25T06:02:27.094+0000][gc,heap     ] GC(925) Humongous regions: 151->151
[2025-12-25T06:02:27.094+0000][gc,metaspace] GC(925) Metaspace: 16142K(16512K)->16142K(16512K) NonClass: 14479K(14592K)->14479K(14592K) Class: 1662K(1920K)->1662K(1920K)
[2025-12-25T06:02:27.094+0000][gc          ] GC(925) Pause Young (Normal) (G1 Evacuation Pause) 966M->373M(1024M) 14.649ms
[2025-12-25T06:02:27.094+0000][gc,cpu      ] GC(925) User=0.08s Sys=0.00s Real=0.01s
[2025-12-25T06:02:57.214+0000][gc,start    ] GC(926) Pause Young (Normal) (G1 Evacuation Pause)
[2025-12-25T06:02:57.214+0000][gc,task     ] GC(926) Using 8 workers of 8 for evacuation
[2025-12-25T06:02:57.228+0000][gc,phases   ] GC(926)   Pre Evacuate Collection Set: 1.0ms
[2025-12-25T06:02:57.228+0000][gc,phases   ] GC(926)   Merge Heap Roots: 0.3ms
[2025-12-25T06:02:57.228+0000][gc,phases   ] GC(926)   Evacuate Collection Set: 11.1ms
[2025-12-25T06:02:57.228+0000][gc,phases   ] GC(926)   Post Evacuate Collection Set: 1.1ms
[2025-12-25T06:02:57.229+0000][gc,phases   ] GC(926)   Other: 0.4ms
[2025-12-25T06:02:57.229+0000][gc,heap     ] GC(926) Eden regions: 592->0(587)
[2025-12-25T06:02:57.229+0000][gc,heap     ] GC(926) Survivor regions: 6->8(58)
[2025-12-25T06:02:57.229+0000][gc,heap     ] GC(926) Old regions: 217->218
[2025-12-25T06:02:57.229+0000][gc,heap     ] GC(926) Humongous regions: 151->151
[2025-12-25T06:02:57.229+0000][gc,metaspace] GC(926) Metaspace: 16142K(16512K)->16142K(16512K) NonClass: 14479K(14592K)->14479K(14592K) Class: 1662K(1920K)->1662K(1920K)
[2025-12-25T06:02:57.229+0000][gc          ] GC(926) Pause Young (Normal) (G1 Evacuation Pause) 965M->375M(1024M) 15.263ms
[2025-12-25T06:02:57.229+0000][gc,cpu      ] GC(926) User=0.09s Sys=0.00s Real=0.02s
[2025-12-25T06:03:36.781+0000][gc,start    ] GC(927) Pause Young (Normal) (G1 Evacuation Pause)
[2025-12-25T06:03:36.782+0000][gc,task     ] GC(927) Using 8 workers of 8 for evacuation
[2025-12-25T06:03:36.796+0000][gc,phases   ] GC(927)   Pre Evacuate Collection Set: 1.3ms
[2025-12-25T06:03:36.796+0000][gc,phases   ] GC(927)   Merge Heap Roots: 0.3ms
[2025-12-25T06:03:36.796+0000][gc,phases   ] GC(927)   Evacuate Collection Set: 10.7ms
[2025-12-25T06:03:36.796+0000][gc,phases   ] GC(927)   Post Evacuate Collection Set: 1.3ms
[2025-12-25T06:03:36.796+0000][gc,phases   ] GC(927)   Other: 0.4ms
[2025-12-25T06:03:36.796+0000][gc,heap     ] GC(927) Eden regions: 587->0(589)
[2025-12-25T06:03:36.796+0000][gc,heap     ] GC(927) Survivor regions: 8->7(60)
[2025-12-25T06:03:36.796+0000][gc,heap     ] GC(927) Old regions: 218->218
[2025-12-25T06:03:36.796+0000][gc,heap     ] GC(927) Humongous regions: 151->151
[2025-12-25T06:03:36.797+0000][gc,metaspace] GC(927) Metaspace: 16142K(16512K)->16142K(16512K) NonClass: 14479K(14592K)->14479K(14592K) Class: 1662K(1920K)->1662K(1920K)
[2025-12-25T06:03:36.797+0000][gc          ] GC(927) Pause Young (Normal) (G1 Evacuation Pause) 962M->374M(1024M) 15.376ms
[2025-12-25T06:03:36.797+0000][gc,cpu      ] GC(927) User=0.09s Sys=0.01s Real=0.02s
[2025-12-25T06:04:06.938+0000][gc,start    ] GC(928) Pause Young (Normal) (G1 Evacuation Pause)
[2025-12-25T06:04:06.939+0000][gc,task     ] GC(928) Using 8 workers of 8 for evacuation
[2025-12-25T06:04:06.952+0000][gc,phases   ] GC(928)   Pre Evacuate Collection Set: 1.0ms
[2025-12-25T06:04:06.952+0000][gc,phases   ] GC(928)   Merge Heap Roots: 0.2ms
[2025-12-25T06:04:06.952+0000][gc,phases   ] GC(928)   Evacuate Collection Set: 10.8ms
[2025-12-25T06:04:06.952+0000][gc,phases   ] GC(928)   Post Evacuate Collection Set: 1.1ms
[2025-12-25T06:04:06.953+0000][gc,phases   ] GC(928)   Other: 0.3ms
[2025-12-25T06:04:06.953+0000][gc,heap     ] GC(928) Eden regions: 589->0(587)
[2025-12-25T06:04:06.953+0000][gc,heap     ] GC(928) Survivor regions: 7->8(59)
[2025-12-25T06:04:06.953+0000][gc,heap     ] GC(928) Old regions: 218->218
[2025-12-25T06:04:06.953+0000][gc,heap     ] GC(928) Humongous regions: 151->151
[2025-12-25T06:04:06.953+0000][gc,metaspace] GC(928) Metaspace: 16142K(16512K)->16142K(16512K) NonClass: 14479K(14592K)->14479K(14592K) Class: 1662K(1920K)->1662K(1920K)
[2025-12-25T06:04:06.953+0000][gc          ] GC(928) Pause Young (Normal) (G1 Evacuation Pause) 963M->375M(1024M) 14.630ms
[2025-12-25T06:04:06.953+0000][gc,cpu      ] GC(928) User=0.09s Sys=0.00s Real=0.02s
[2025-12-25T06:04:37.093+0000][gc,start    ] GC(929) Pause Young (Normal) (G1 Evacuation Pause)
[2025-12-25T06:04:37.093+0000][gc,task     ] GC(929) Using 8 workers of 8 for evacuation
[2025-12-25T06:04:37.115+0000][gc,phases   ] GC(929)   Pre Evacuate Collection Set: 2.4ms
[2025-12-25T06:04:37.116+0000][gc,phases   ] GC(929)   Merge Heap Roots: 1.6ms
[2025-12-25T06:04:37.116+0000][gc,phases   ] GC(929)   Evacuate Collection Set: 16.0ms
[2025-12-25T06:04:37.116+0000][gc,phases   ] GC(929)   Post Evacuate Collection Set: 1.2ms
[2025-12-25T06:04:37.116+0000][gc,phases   ] GC(929)   Other: 1.0ms
[2025-12-25T06:04:37.116+0000][gc,heap     ] GC(929) Eden regions: 587->0(585)
[2025-12-25T06:04:37.116+0000][gc,heap     ] GC(929) Survivor regions: 8->9(60)
[2025-12-25T06:04:37.116+0000][gc,heap     ] GC(929) Old regions: 218->218
[2025-12-25T06:04:37.116+0000][gc,heap     ] GC(929) Humongous regions: 151->151
[2025-12-25T06:04:37.116+0000][gc,metaspace] GC(929) Metaspace: 16142K(16512K)->16142K(16512K) NonClass: 14479K(14592K)->14479K(14592K) Class: 1662K(1920K)->1662K(1920K)
[2025-12-25T06:04:37.116+0000][gc          ] GC(929) Pause Young (Normal) (G1 Evacuation Pause) 962M->377M(1024M) 23.502ms
[2025-12-25T06:04:37.116+0000][gc,cpu      ] GC(929) User=0.15s Sys=0.00s Real=0.02s
[2025-12-25T06:05:07.245+0000][gc,start    ] GC(930) Pause Young (Normal) (G1 Evacuation Pause)
[2025-12-25T06:05:07.245+0000][gc,task     ] GC(930) Using 8 workers of 8 for evacuation
[2025-12-25T06:05:07.263+0000][gc,phases   ] GC(930)   Pre Evacuate Collection Set: 1.0ms
[2025-12-25T06:05:07.264+0000][gc,phases   ] GC(930)   Merge Heap Roots: 0.3ms
[2025-12-25T06:05:07.264+0000][gc,phases   ] GC(930)   Evacuate Collection Set: 15.6ms
[2025-12-25T06:05:07.264+0000][gc,phases   ] GC(930)   Post Evacuate Collection Set: 1.0ms
[2025-12-25T06:05:07.264+0000][gc,phases   ] GC(930)   Other: 0.3ms
[2025-12-25T06:05:07.264+0000][gc,heap     ] GC(930) Eden regions: 585->0(582)
[2025-12-25T06:05:07.264+0000][gc,heap     ] GC(930) Survivor regions: 9->10(61)
[2025-12-25T06:05:07.264+0000][gc,heap     ] GC(930) Old regions: 218->219
[2025-12-25T06:05:07.264+0000][gc,heap     ] GC(930) Humongous regions: 151->151
[2025-12-25T06:05:07.264+0000][gc,metaspace] GC(930) Metaspace: 16142K(16512K)->16142K(16512K) NonClass: 14479K(14592K)->14479K(14592K) Class: 1662K(1920K)->1662K(1920K)
[2025-12-25T06:05:07.264+0000][gc          ] GC(930) Pause Young (Normal) (G1 Evacuation Pause) 962M->378M(1024M) 19.240ms
[2025-12-25T06:05:07.264+0000][gc,cpu      ] GC(930) User=0.12s Sys=0.00s Real=0.02s
[2025-12-25T06:05:46.824+0000][gc,start    ] GC(931) Pause Young (Normal) (G1 Evacuation Pause)
[2025-12-25T06:05:46.824+0000][gc,task     ] GC(931) Using 8 workers of 8 for evacuation
[2025-12-25T06:05:46.840+0000][gc,phases   ] GC(931)   Pre Evacuate Collection Set: 1.2ms
[2025-12-25T06:05:46.840+0000][gc,phases   ] GC(931)   Merge Heap Roots: 0.3ms
[2025-12-25T06:05:46.840+0000][gc,phases   ] GC(931)   Evacuate Collection Set: 11.7ms
[2025-12-25T06:05:46.840+0000][gc,phases   ] GC(931)   Post Evacuate Collection Set: 1.9ms
[2025-12-25T06:05:46.840+0000][gc,phases   ] GC(931)   Other: 0.4ms
[2025-12-25T06:05:46.840+0000][gc,heap     ] GC(931) Eden regions: 582->0(592)
[2025-12-25T06:05:46.840+0000][gc,heap     ] GC(931) Survivor regions: 10->5(62)
[2025-12-25T06:05:46.840+0000][gc,heap     ] GC(931) Old regions: 219->219
[2025-12-25T06:05:46.840+0000][gc,heap     ] GC(931) Humongous regions: 151->151
[2025-12-25T06:05:46.840+0000][gc,metaspace] GC(931) Metaspace: 16142K(16512K)->16142K(16512K) NonClass: 14479K(14592K)->14479K(14592K) Class: 1662K(1920K)->1662K(1920K)
[2025-12-25T06:05:46.841+0000][gc          ] GC(931) Pause Young (Normal) (G1 Evacuation Pause) 960M->374M(1024M) 16.838ms
[2025-12-25T06:05:46.841+0000][gc,cpu      ] GC(931) User=0.10s Sys=0.00s Real=0.02s
[2025-12-25T06:06:17.082+0000][gc,start    ] GC(932) Pause Young (Normal) (G1 Evacuation Pause)
[2025-12-25T06:06:17.083+0000][gc,task     ] GC(932) Using 8 workers of 8 for evacuation
[2025-12-25T06:06:17.097+0000][gc,phases   ] GC(932)   Pre Evacuate Collection Set: 1.4ms
[2025-12-25T06:06:17.098+0000][gc,phases   ] GC(932)   Merge Heap Roots: 0.4ms
[2025-12-25T06:06:17.098+0000][gc,phases   ] GC(932)   Evacuate Collection Set: 10.3ms
[2025-12-25T06:06:17.098+0000][gc,phases   ] GC(932)   Post Evacuate Collection Set: 1.5ms
[2025-12-25T06:06:17.098+0000][gc,phases   ] GC(932)   Other: 0.6ms
[2025-12-25T06:06:17.098+0000][gc,heap     ] GC(932) Eden regions: 592->0(590)
[2025-12-25T06:06:17.098+0000][gc,heap     ] GC(932) Survivor regions: 5->6(57)
[2025-12-25T06:06:17.098+0000][gc,heap     ] GC(932) Old regions: 219->219
[2025-12-25T06:06:17.098+0000][gc,heap     ] GC(932) Humongous regions: 151->151
[2025-12-25T06:06:17.098+0000][gc,metaspace] GC(932) Metaspace: 16142K(16512K)->16142K(16512K) NonClass: 14479K(14592K)->14479K(14592K) Class: 1662K(1920K)->1662K(1920K)
[2025-12-25T06:06:17.099+0000][gc          ] GC(932) Pause Young (Normal) (G1 Evacuation Pause) 966M->374M(1024M) 16.418ms
[2025-12-25T06:06:17.099+0000][gc,cpu      ] GC(932) User=0.08s Sys=0.01s Real=0.02s
[2025-12-25T06:06:47.227+0000][gc,start    ] GC(933) Pause Young (Normal) (G1 Evacuation Pause)
[2025-12-25T06:06:47.228+0000][gc,task     ] GC(933) Using 8 workers of 8 for evacuation
[2025-12-25T06:06:47.252+0000][gc,phases   ] GC(933)   Pre Evacuate Collection Set: 1.2ms
[2025-12-25T06:06:47.252+0000][gc,phases   ] GC(933)   Merge Heap Roots: 0.5ms
[2025-12-25T06:06:47.252+0000][gc,phases   ] GC(933)   Evacuate Collection Set: 20.6ms
[2025-12-25T06:06:47.252+0000][gc,phases   ] GC(933)   Post Evacuate Collection Set: 1.3ms
[2025-12-25T06:06:47.252+0000][gc,phases   ] GC(933)   Other: 0.4ms
[2025-12-25T06:06:47.252+0000][gc,heap     ] GC(933) Eden regions: 590->0(588)
[2025-12-25T06:06:47.252+0000][gc,heap     ] GC(933) Survivor regions: 6->7(58)
[2025-12-25T06:06:47.252+0000][gc,heap     ] GC(933) Old regions: 219->219
[2025-12-25T06:06:47.252+0000][gc,heap     ] GC(933) Humongous regions: 151->151
[2025-12-25T06:06:47.252+0000][gc,metaspace] GC(933) Metaspace: 16143K(16512K)->16143K(16512K) NonClass: 14480K(14592K)->14480K(14592K) Class: 1662K(1920K)->1662K(1920K)
[2025-12-25T06:06:47.253+0000][gc          ] GC(933) Pause Young (Normal) (G1 Evacuation Pause) 964M->376M(1024M) 25.317ms
[2025-12-25T06:06:47.253+0000][gc,cpu      ] GC(933) User=0.06s Sys=0.10s Real=0.02s
[2025-12-25T06:07:17.547+0000][gc,start    ] GC(934) Pause Young (Normal) (G1 Evacuation Pause)
[2025-12-25T06:07:17.550+0000][gc,task     ] GC(934) Using 8 workers of 8 for evacuation
[2025-12-25T06:07:17.572+0000][gc,phases   ] GC(934)   Pre Evacuate Collection Set: 7.3ms
[2025-12-25T06:07:17.573+0000][gc,phases   ] GC(934)   Merge Heap Roots: 0.4ms
[2025-12-25T06:07:17.573+0000][gc,phases   ] GC(934)   Evacuate Collection Set: 12.0ms
[2025-12-25T06:07:17.573+0000][gc,phases   ] GC(934)   Post Evacuate Collection Set: 1.6ms
[2025-12-25T06:07:17.573+0000][gc,phases   ] GC(934)   Other: 3.1ms
[2025-12-25T06:07:17.573+0000][gc,heap     ] GC(934) Eden regions: 588->0(590)
[2025-12-25T06:07:17.573+0000][gc,heap     ] GC(934) Survivor regions: 7->6(59)
[2025-12-25T06:07:17.573+0000][gc,heap     ] GC(934) Old regions: 219->219
[2025-12-25T06:07:17.573+0000][gc,heap     ] GC(934) Humongous regions: 151->151
[2025-12-25T06:07:17.574+0000][gc,metaspace] GC(934) Metaspace: 16143K(16512K)->16143K(16512K) NonClass: 14480K(14592K)->14480K(14592K) Class: 1662K(1920K)->1662K(1920K)
[2025-12-25T06:07:17.574+0000][gc          ] GC(934) Pause Young (Normal) (G1 Evacuation Pause) 964M->375M(1024M) 27.237ms
[2025-12-25T06:07:17.574+0000][gc,cpu      ] GC(934) User=0.11s Sys=0.01s Real=0.02s
[2025-12-25T06:07:56.943+0000][gc,start    ] GC(935) Pause Young (Normal) (G1 Evacuation Pause)
[2025-12-25T06:07:56.944+0000][gc,task     ] GC(935) Using 8 workers of 8 for evacuation
[2025-12-25T06:07:56.957+0000][gc,phases   ] GC(935)   Pre Evacuate Collection Set: 1.2ms
[2025-12-25T06:07:56.958+0000][gc,phases   ] GC(935)   Merge Heap Roots: 0.3ms
[2025-12-25T06:07:56.958+0000][gc,phases   ] GC(935)   Evacuate Collection Set: 10.2ms
[2025-12-25T06:07:56.958+0000][gc,phases   ] GC(935)   Post Evacuate Collection Set: 1.2ms
[2025-12-25T06:07:56.958+0000][gc,phases   ] GC(935)   Other: 0.4ms
[2025-12-25T06:07:56.958+0000][gc,heap     ] GC(935) Eden regions: 590->0(585)
[2025-12-25T06:07:56.958+0000][gc,heap     ] GC(935) Survivor regions: 6->8(58)
[2025-12-25T06:07:56.958+0000][gc,heap     ] GC(935) Old regions: 219->220
[2025-12-25T06:07:56.958+0000][gc,heap     ] GC(935) Humongous regions: 151->151
[2025-12-25T06:07:56.958+0000][gc,metaspace] GC(935) Metaspace: 16143K(16512K)->16143K(16512K) NonClass: 14480K(14592K)->14480K(14592K) Class: 1662K(1920K)->1662K(1920K)
[2025-12-25T06:07:56.958+0000][gc          ] GC(935) Pause Young (Normal) (G1 Evacuation Pause) 965M->377M(1024M) 14.665ms
[2025-12-25T06:07:56.958+0000][gc,cpu      ] GC(935) User=0.07s Sys=0.00s Real=0.02s
[2025-12-25T06:08:27.046+0000][gc,start    ] GC(936) Pause Young (Normal) (G1 Evacuation Pause)
[2025-12-25T06:08:27.046+0000][gc,task     ] GC(936) Using 8 workers of 8 for evacuation
[2025-12-25T06:08:27.062+0000][gc,phases   ] GC(936)   Pre Evacuate Collection Set: 1.1ms
[2025-12-25T06:08:27.062+0000][gc,phases   ] GC(936)   Merge Heap Roots: 0.3ms
[2025-12-25T06:08:27.062+0000][gc,phases   ] GC(936)   Evacuate Collection Set: 13.6ms
[2025-12-25T06:08:27.063+0000][gc,phases   ] GC(936)   Post Evacuate Collection Set: 1.1ms
[2025-12-25T06:08:27.063+0000][gc,phases   ] GC(936)   Other: 0.3ms
[2025-12-25T06:08:27.063+0000][gc,heap     ] GC(936) Eden regions: 585->0(583)
[2025-12-25T06:08:27.063+0000][gc,heap     ] GC(936) Survivor regions: 8->9(60)
[2025-12-25T06:08:27.063+0000][gc,heap     ] GC(936) Old regions: 220->220
[2025-12-25T06:08:27.063+0000][gc,heap     ] GC(936) Humongous regions: 151->151
[2025-12-25T06:08:27.063+0000][gc,metaspace] GC(936) Metaspace: 16143K(16512K)->16143K(16512K) NonClass: 14480K(14592K)->14480K(14592K) Class: 1662K(1920K)->1662K(1920K)
[2025-12-25T06:08:27.063+0000][gc          ] GC(936) Pause Young (Normal) (G1 Evacuation Pause) 962M->378M(1024M) 17.374ms
[2025-12-25T06:08:27.063+0000][gc,cpu      ] GC(936) User=0.12s Sys=0.01s Real=0.01s
[2025-12-25T06:08:57.137+0000][gc,start    ] GC(937) Pause Young (Normal) (G1 Evacuation Pause)
[2025-12-25T06:08:57.138+0000][gc,task     ] GC(937) Using 8 workers of 8 for evacuation
[2025-12-25T06:08:57.152+0000][gc,phases   ] GC(937)   Pre Evacuate Collection Set: 1.0ms
[2025-12-25T06:08:57.152+0000][gc,phases   ] GC(937)   Merge Heap Roots: 0.2ms
[2025-12-25T06:08:57.152+0000][gc,phases   ] GC(937)   Evacuate Collection Set: 11.6ms
[2025-12-25T06:08:57.152+0000][gc,phases   ] GC(937)   Post Evacuate Collection Set: 1.3ms
[2025-12-25T06:08:57.152+0000][gc,phases   ] GC(937)   Other: 0.2ms
[2025-12-25T06:08:57.153+0000][gc,heap     ] GC(937) Eden regions: 583->0(581)
[2025-12-25T06:08:57.153+0000][gc,heap     ] GC(937) Survivor regions: 9->10(61)
[2025-12-25T06:08:57.153+0000][gc,heap     ] GC(937) Old regions: 220->220
[2025-12-25T06:08:57.153+0000][gc,heap     ] GC(937) Humongous regions: 151->151
[2025-12-25T06:08:57.153+0000][gc,metaspace] GC(937) Metaspace: 16143K(16512K)->16143K(16512K) NonClass: 14480K(14592K)->14480K(14592K) Class: 1662K(1920K)->1662K(1920K)
[2025-12-25T06:08:57.153+0000][gc          ] GC(937) Pause Young (Normal) (G1 Evacuation Pause) 961M->380M(1024M) 15.767ms
[2025-12-25T06:08:57.153+0000][gc,cpu      ] GC(937) User=0.10s Sys=0.00s Real=0.01s
[2025-12-25T06:09:36.724+0000][gc,start    ] GC(938) Pause Young (Normal) (G1 Evacuation Pause)
[2025-12-25T06:09:36.725+0000][gc,task     ] GC(938) Using 8 workers of 8 for evacuation
[2025-12-25T06:09:36.753+0000][gc,phases   ] GC(938)   Pre Evacuate Collection Set: 2.0ms
[2025-12-25T06:09:36.753+0000][gc,phases   ] GC(938)   Merge Heap Roots: 0.6ms
[2025-12-25T06:09:36.753+0000][gc,phases   ] GC(938)   Evacuate Collection Set: 23.1ms
[2025-12-25T06:09:36.753+0000][gc,phases   ] GC(938)   Post Evacuate Collection Set: 1.6ms
[2025-12-25T06:09:36.753+0000][gc,phases   ] GC(938)   Other: 0.5ms
[2025-12-25T06:09:36.753+0000][gc,heap     ] GC(938) Eden regions: 581->0(583)
[2025-12-25T06:09:36.754+0000][gc,heap     ] GC(938) Survivor regions: 10->9(62)
[2025-12-25T06:09:36.754+0000][gc,heap     ] GC(938) Old regions: 220->220
[2025-12-25T06:09:36.754+0000][gc,heap     ] GC(938) Humongous regions: 151->151
[2025-12-25T06:09:36.754+0000][gc,metaspace] GC(938) Metaspace: 16143K(16512K)->16143K(16512K) NonClass: 14480K(14592K)->14480K(14592K) Class: 1662K(1920K)->1662K(1920K)
[2025-12-25T06:09:36.754+0000][gc          ] GC(938) Pause Young (Normal) (G1 Evacuation Pause) 961M->379M(1024M) 29.756ms
[2025-12-25T06:09:36.754+0000][gc,cpu      ] GC(938) User=0.16s Sys=0.01s Real=0.03s
[2025-12-25T06:10:06.886+0000][gc,start    ] GC(939) Pause Young (Normal) (G1 Evacuation Pause)
[2025-12-25T06:10:06.887+0000][gc,task     ] GC(939) Using 8 workers of 8 for evacuation
[2025-12-25T06:10:06.899+0000][gc,phases   ] GC(939)   Pre Evacuate Collection Set: 1.2ms
[2025-12-25T06:10:06.899+0000][gc,phases   ] GC(939)   Merge Heap Roots: 0.2ms
[2025-12-25T06:10:06.899+0000][gc,phases   ] GC(939)   Evacuate Collection Set: 9.3ms
[2025-12-25T06:10:06.899+0000][gc,phases   ] GC(939)   Post Evacuate Collection Set: 1.5ms
[2025-12-25T06:10:06.899+0000][gc,phases   ] GC(939)   Other: 0.3ms
[2025-12-25T06:10:06.899+0000][gc,heap     ] GC(939) Eden regions: 583->0(588)
[2025-12-25T06:10:06.899+0000][gc,heap     ] GC(939) Survivor regions: 9->6(61)
[2025-12-25T06:10:06.899+0000][gc,heap     ] GC(939) Old regions: 220->221
[2025-12-25T06:10:06.900+0000][gc,heap     ] GC(939) Humongous regions: 151->151
[2025-12-25T06:10:06.900+0000][gc,metaspace] GC(939) Metaspace: 16143K(16512K)->16143K(16512K) NonClass: 14480K(14592K)->14480K(14592K) Class: 1662K(1920K)->1662K(1920K)
[2025-12-25T06:10:06.900+0000][gc          ] GC(939) Pause Young (Normal) (G1 Evacuation Pause) 962M->376M(1024M) 13.710ms
[2025-12-25T06:10:06.900+0000][gc,cpu      ] GC(939) User=0.07s Sys=0.00s Real=0.01s
[2025-12-25T06:10:37.058+0000][gc,start    ] GC(940) Pause Young (Normal) (G1 Evacuation Pause)
[2025-12-25T06:10:37.060+0000][gc,task     ] GC(940) Using 8 workers of 8 for evacuation
[2025-12-25T06:10:37.114+0000][gc,phases   ] GC(940)   Pre Evacuate Collection Set: 5.9ms
[2025-12-25T06:10:37.114+0000][gc,phases   ] GC(940)   Merge Heap Roots: 0.4ms
[2025-12-25T06:10:37.114+0000][gc,phases   ] GC(940)   Evacuate Collection Set: 44.5ms
[2025-12-25T06:10:37.114+0000][gc,phases   ] GC(940)   Post Evacuate Collection Set: 1.7ms
[2025-12-25T06:10:37.114+0000][gc,phases   ] GC(940)   Other: 1.6ms
[2025-12-25T06:10:37.114+0000][gc,heap     ] GC(940) Eden regions: 588->0(588)
[2025-12-25T06:10:37.114+0000][gc,heap     ] GC(940) Survivor regions: 6->6(58)
[2025-12-25T06:10:37.114+0000][gc,heap     ] GC(940) Old regions: 221->221
[2025-12-25T06:10:37.114+0000][gc,heap     ] GC(940) Humongous regions: 151->151
[2025-12-25T06:10:37.114+0000][gc,metaspace] GC(940) Metaspace: 16143K(16512K)->16143K(16512K) NonClass: 14480K(14592K)->14480K(14592K) Class: 1662K(1920K)->1662K(1920K)
[2025-12-25T06:10:37.115+0000][gc          ] GC(940) Pause Young (Normal) (G1 Evacuation Pause) 964M->377M(1024M) 56.419ms
[2025-12-25T06:10:37.115+0000][gc,cpu      ] GC(940) User=0.22s Sys=0.03s Real=0.06s
[2025-12-25T06:11:07.194+0000][gc,start    ] GC(941) Pause Young (Normal) (G1 Evacuation Pause)
[2025-12-25T06:11:07.194+0000][gc,task     ] GC(941) Using 8 workers of 8 for evacuation
[2025-12-25T06:11:07.207+0000][gc,phases   ] GC(941)   Pre Evacuate Collection Set: 1.0ms
[2025-12-25T06:11:07.207+0000][gc,phases   ] GC(941)   Merge Heap Roots: 0.3ms
[2025-12-25T06:11:07.207+0000][gc,phases   ] GC(941)   Evacuate Collection Set: 9.6ms
[2025-12-25T06:11:07.207+0000][gc,phases   ] GC(941)   Post Evacuate Collection Set: 1.6ms
[2025-12-25T06:11:07.208+0000][gc,phases   ] GC(941)   Other: 0.3ms
[2025-12-25T06:11:07.208+0000][gc,heap     ] GC(941) Eden regions: 588->0(584)
[2025-12-25T06:11:07.208+0000][gc,heap     ] GC(941) Survivor regions: 6->8(58)
[2025-12-25T06:11:07.208+0000][gc,heap     ] GC(941) Old regions: 221->221
[2025-12-25T06:11:07.208+0000][gc,heap     ] GC(941) Humongous regions: 151->151
[2025-12-25T06:11:07.208+0000][gc,metaspace] GC(941) Metaspace: 16143K(16512K)->16143K(16512K) NonClass: 14480K(14592K)->14480K(14592K) Class: 1662K(1920K)->1662K(1920K)
[2025-12-25T06:11:07.208+0000][gc          ] GC(941) Pause Young (Normal) (G1 Evacuation Pause) 965M->378M(1024M) 14.790ms
[2025-12-25T06:11:07.209+0000][gc,cpu      ] GC(941) User=0.08s Sys=0.00s Real=0.01s
[2025-12-25T06:11:46.776+0000][gc,start    ] GC(942) Pause Young (Normal) (G1 Evacuation Pause)
[2025-12-25T06:11:46.778+0000][gc,task     ] GC(942) Using 8 workers of 8 for evacuation
[2025-12-25T06:11:46.807+0000][gc,phases   ] GC(942)   Pre Evacuate Collection Set: 1.7ms
[2025-12-25T06:11:46.807+0000][gc,phases   ] GC(942)   Merge Heap Roots: 1.9ms
[2025-12-25T06:11:46.807+0000][gc,phases   ] GC(942)   Evacuate Collection Set: 21.8ms
[2025-12-25T06:11:46.807+0000][gc,phases   ] GC(942)   Post Evacuate Collection Set: 1.6ms
[2025-12-25T06:11:46.807+0000][gc,phases   ] GC(942)   Other: 1.5ms
[2025-12-25T06:11:46.807+0000][gc,heap     ] GC(942) Eden regions: 584->0(588)
[2025-12-25T06:11:46.807+0000][gc,heap     ] GC(942) Survivor regions: 8->6(60)
[2025-12-25T06:11:46.807+0000][gc,heap     ] GC(942) Old regions: 221->221
[2025-12-25T06:11:46.807+0000][gc,heap     ] GC(942) Humongous regions: 151->151
[2025-12-25T06:11:46.807+0000][gc,metaspace] GC(942) Metaspace: 16143K(16512K)->16143K(16512K) NonClass: 14480K(14592K)->14480K(14592K) Class: 1662K(1920K)->1662K(1920K)
[2025-12-25T06:11:46.808+0000][gc          ] GC(942) Pause Young (Normal) (G1 Evacuation Pause) 962M->377M(1024M) 31.212ms
[2025-12-25T06:11:46.808+0000][gc,cpu      ] GC(942) User=0.17s Sys=0.00s Real=0.04s
[2025-12-25T06:12:17.100+0000][gc,start    ] GC(943) Pause Young (Normal) (G1 Evacuation Pause)
[2025-12-25T06:12:17.102+0000][gc,task     ] GC(943) Using 8 workers of 8 for evacuation
[2025-12-25T06:12:17.131+0000][gc,phases   ] GC(943)   Pre Evacuate Collection Set: 1.7ms
[2025-12-25T06:12:17.131+0000][gc,phases   ] GC(943)   Merge Heap Roots: 0.4ms
[2025-12-25T06:12:17.131+0000][gc,phases   ] GC(943)   Evacuate Collection Set: 24.1ms
[2025-12-25T06:12:17.131+0000][gc,phases   ] GC(943)   Post Evacuate Collection Set: 2.0ms
[2025-12-25T06:12:17.131+0000][gc,phases   ] GC(943)   Other: 0.9ms
[2025-12-25T06:12:17.131+0000][gc,heap     ] GC(943) Eden regions: 588->0(584)
[2025-12-25T06:12:17.131+0000][gc,heap     ] GC(943) Survivor regions: 6->8(58)
[2025-12-25T06:12:17.132+0000][gc,heap     ] GC(943) Old regions: 221->221
[2025-12-25T06:12:17.132+0000][gc,heap     ] GC(943) Humongous regions: 151->151
[2025-12-25T06:12:17.132+0000][gc,metaspace] GC(943) Metaspace: 16143K(16512K)->16143K(16512K) NonClass: 14480K(14592K)->14480K(14592K) Class: 1662K(1920K)->1662K(1920K)
[2025-12-25T06:12:17.132+0000][gc          ] GC(943) Pause Young (Normal) (G1 Evacuation Pause) 965M->379M(1024M) 31.856ms
[2025-12-25T06:12:17.132+0000][gc,cpu      ] GC(943) User=0.20s Sys=0.00s Real=0.03s
[2025-12-25T06:12:47.134+0000][gc,start    ] GC(944) Pause Young (Normal) (G1 Evacuation Pause)
[2025-12-25T06:12:47.135+0000][gc,task     ] GC(944) Using 8 workers of 8 for evacuation
[2025-12-25T06:12:47.153+0000][gc,phases   ] GC(944)   Pre Evacuate Collection Set: 1.0ms
[2025-12-25T06:12:47.153+0000][gc,phases   ] GC(944)   Merge Heap Roots: 0.3ms
[2025-12-25T06:12:47.153+0000][gc,phases   ] GC(944)   Evacuate Collection Set: 15.2ms
[2025-12-25T06:12:47.153+0000][gc,phases   ] GC(944)   Post Evacuate Collection Set: 1.0ms
[2025-12-25T06:12:47.153+0000][gc,phases   ] GC(944)   Other: 0.3ms
[2025-12-25T06:12:47.153+0000][gc,heap     ] GC(944) Eden regions: 584->0(581)
[2025-12-25T06:12:47.153+0000][gc,heap     ] GC(944) Survivor regions: 8->9(60)
[2025-12-25T06:12:47.153+0000][gc,heap     ] GC(944) Old regions: 221->222
[2025-12-25T06:12:47.153+0000][gc,heap     ] GC(944) Humongous regions: 151->151
[2025-12-25T06:12:47.153+0000][gc,metaspace] GC(944) Metaspace: 16143K(16512K)->16143K(16512K) NonClass: 14480K(14592K)->14480K(14592K) Class: 1662K(1920K)->1662K(1920K)
[2025-12-25T06:12:47.153+0000][gc          ] GC(944) Pause Young (Normal) (G1 Evacuation Pause) 963M->380M(1024M) 18.877ms
[2025-12-25T06:12:47.153+0000][gc,cpu      ] GC(944) User=0.13s Sys=0.00s Real=0.01s
[2025-12-25T06:13:17.278+0000][gc,start    ] GC(945) Pause Young (Normal) (G1 Evacuation Pause)
[2025-12-25T06:13:17.279+0000][gc,task     ] GC(945) Using 8 workers of 8 for evacuation
[2025-12-25T06:13:17.296+0000][gc,phases   ] GC(945)   Pre Evacuate Collection Set: 1.1ms
[2025-12-25T06:13:17.296+0000][gc,phases   ] GC(945)   Merge Heap Roots: 0.3ms
[2025-12-25T06:13:17.297+0000][gc,phases   ] GC(945)   Evacuate Collection Set: 14.3ms
[2025-12-25T06:13:17.297+0000][gc,phases   ] GC(945)   Post Evacuate Collection Set: 1.2ms
[2025-12-25T06:13:17.297+0000][gc,phases   ] GC(945)   Other: 0.4ms
[2025-12-25T06:13:17.297+0000][gc,heap     ] GC(945) Eden regions: 581->0(579)
[2025-12-25T06:13:17.297+0000][gc,heap     ] GC(945) Survivor regions: 9->10(61)
[2025-12-25T06:13:17.297+0000][gc,heap     ] GC(945) Old regions: 222->222
[2025-12-25T06:13:17.297+0000][gc,heap     ] GC(945) Humongous regions: 151->151
[2025-12-25T06:13:17.297+0000][gc,metaspace] GC(945) Metaspace: 16143K(16512K)->16143K(16512K) NonClass: 14480K(14592K)->14480K(14592K) Class: 1662K(1920K)->1662K(1920K)
[2025-12-25T06:13:17.297+0000][gc          ] GC(945) Pause Young (Normal) (G1 Evacuation Pause) 961M->382M(1024M) 19.132ms
[2025-12-25T06:13:17.297+0000][gc,cpu      ] GC(945) User=0.11s Sys=0.00s Real=0.02s
[2025-12-25T06:13:56.826+0000][gc,start    ] GC(946) Pause Young (Normal) (G1 Evacuation Pause)
[2025-12-25T06:13:56.826+0000][gc,task     ] GC(946) Using 8 workers of 8 for evacuation
[2025-12-25T06:13:56.840+0000][gc,phases   ] GC(946)   Pre Evacuate Collection Set: 1.3ms
[2025-12-25T06:13:56.840+0000][gc,phases   ] GC(946)   Merge Heap Roots: 0.3ms
[2025-12-25T06:13:56.840+0000][gc,phases   ] GC(946)   Evacuate Collection Set: 10.6ms
[2025-12-25T06:13:56.840+0000][gc,phases   ] GC(946)   Post Evacuate Collection Set: 1.2ms
[2025-12-25T06:13:56.840+0000][gc,phases   ] GC(946)   Other: 0.3ms
[2025-12-25T06:13:56.840+0000][gc,heap     ] GC(946) Eden regions: 579->0(581)
[2025-12-25T06:13:56.840+0000][gc,heap     ] GC(946) Survivor regions: 10->9(62)
[2025-12-25T06:13:56.840+0000][gc,heap     ] GC(946) Old regions: 222->222
[2025-12-25T06:13:56.841+0000][gc,heap     ] GC(946) Humongous regions: 151->151
[2025-12-25T06:13:56.841+0000][gc,metaspace] GC(946) Metaspace: 16143K(16512K)->16143K(16512K) NonClass: 14480K(14592K)->14480K(14592K) Class: 1662K(1920K)->1662K(1920K)
[2025-12-25T06:13:56.841+0000][gc          ] GC(946) Pause Young (Normal) (G1 Evacuation Pause) 961M->381M(1024M) 14.729ms
[2025-12-25T06:13:56.841+0000][gc,cpu      ] GC(946) User=0.08s Sys=0.00s Real=0.01s
[2025-12-25T06:14:26.955+0000][gc,start    ] GC(947) Pause Young (Normal) (G1 Evacuation Pause)
[2025-12-25T06:14:26.956+0000][gc,task     ] GC(947) Using 8 workers of 8 for evacuation
[2025-12-25T06:14:26.968+0000][gc,phases   ] GC(947)   Pre Evacuate Collection Set: 0.9ms
[2025-12-25T06:14:26.969+0000][gc,phases   ] GC(947)   Merge Heap Roots: 0.3ms
[2025-12-25T06:14:26.969+0000][gc,phases   ] GC(947)   Evacuate Collection Set: 9.6ms
[2025-12-25T06:14:26.969+0000][gc,phases   ] GC(947)   Post Evacuate Collection Set: 1.3ms
[2025-12-25T06:14:26.969+0000][gc,phases   ] GC(947)   Other: 0.4ms
[2025-12-25T06:14:26.969+0000][gc,heap     ] GC(947) Eden regions: 581->0(587)
[2025-12-25T06:14:26.969+0000][gc,heap     ] GC(947) Survivor regions: 9->6(61)
[2025-12-25T06:14:26.969+0000][gc,heap     ] GC(947) Old regions: 222->222
[2025-12-25T06:14:26.969+0000][gc,heap     ] GC(947) Humongous regions: 151->151
[2025-12-25T06:14:26.969+0000][gc,metaspace] GC(947) Metaspace: 16143K(16512K)->16143K(16512K) NonClass: 14480K(14592K)->14480K(14592K) Class: 1662K(1920K)->1662K(1920K)
[2025-12-25T06:14:26.969+0000][gc          ] GC(947) Pause Young (Normal) (G1 Evacuation Pause) 962M->378M(1024M) 13.772ms
[2025-12-25T06:14:26.969+0000][gc,cpu      ] GC(947) User=0.07s Sys=0.01s Real=0.01s
[2025-12-25T06:14:57.142+0000][gc,start    ] GC(948) Pause Young (Normal) (G1 Evacuation Pause)
[2025-12-25T06:14:57.142+0000][gc,task     ] GC(948) Using 8 workers of 8 for evacuation
[2025-12-25T06:14:57.154+0000][gc,phases   ] GC(948)   Pre Evacuate Collection Set: 0.9ms
[2025-12-25T06:14:57.154+0000][gc,phases   ] GC(948)   Merge Heap Roots: 0.3ms
[2025-12-25T06:14:57.154+0000][gc,phases   ] GC(948)   Evacuate Collection Set: 9.3ms
[2025-12-25T06:14:57.154+0000][gc,phases   ] GC(948)   Post Evacuate Collection Set: 1.2ms
[2025-12-25T06:14:57.154+0000][gc,phases   ] GC(948)   Other: 0.3ms
[2025-12-25T06:14:57.154+0000][gc,heap     ] GC(948) Eden regions: 587->0(584)
[2025-12-25T06:14:57.155+0000][gc,heap     ] GC(948) Survivor regions: 6->7(58)
[2025-12-25T06:14:57.155+0000][gc,heap     ] GC(948) Old regions: 222->223
[2025-12-25T06:14:57.155+0000][gc,heap     ] GC(948) Humongous regions: 151->151
[2025-12-25T06:14:57.155+0000][gc,metaspace] GC(948) Metaspace: 16143K(16512K)->16143K(16512K) NonClass: 14480K(14592K)->14480K(14592K) Class: 1662K(1920K)->1662K(1920K)
[2025-12-25T06:14:57.155+0000][gc          ] GC(948) Pause Young (Normal) (G1 Evacuation Pause) 965M->379M(1024M) 13.299ms
[2025-12-25T06:14:57.155+0000][gc,cpu      ] GC(948) User=0.07s Sys=0.00s Real=0.02s
[2025-12-25T06:15:27.258+0000][gc,start    ] GC(949) Pause Young (Normal) (G1 Evacuation Pause)
[2025-12-25T06:15:27.258+0000][gc,task     ] GC(949) Using 8 workers of 8 for evacuation
[2025-12-25T06:15:27.273+0000][gc,phases   ] GC(949)   Pre Evacuate Collection Set: 2.8ms
[2025-12-25T06:15:27.273+0000][gc,phases   ] GC(949)   Merge Heap Roots: 0.5ms
[2025-12-25T06:15:27.273+0000][gc,phases   ] GC(949)   Evacuate Collection Set: 9.2ms
[2025-12-25T06:15:27.273+0000][gc,phases   ] GC(949)   Post Evacuate Collection Set: 1.3ms
[2025-12-25T06:15:27.273+0000][gc,phases   ] GC(949)   Other: 0.5ms
[2025-12-25T06:15:27.273+0000][gc,heap     ] GC(949) Eden regions: 584->0(582)
[2025-12-25T06:15:27.273+0000][gc,heap     ] GC(949) Survivor regions: 7->8(59)
[2025-12-25T06:15:27.273+0000][gc,heap     ] GC(949) Old regions: 223->223
[2025-12-25T06:15:27.273+0000][gc,heap     ] GC(949) Humongous regions: 151->151
[2025-12-25T06:15:27.273+0000][gc,metaspace] GC(949) Metaspace: 16143K(16512K)->16143K(16512K) NonClass: 14480K(14592K)->14480K(14592K) Class: 1662K(1920K)->1662K(1920K)
[2025-12-25T06:15:27.273+0000][gc          ] GC(949) Pause Young (Normal) (G1 Evacuation Pause) 963M->380M(1024M) 15.562ms
[2025-12-25T06:15:27.273+0000][gc,cpu      ] GC(949) User=0.09s Sys=0.00s Real=0.02s
[2025-12-25T06:16:06.826+0000][gc,start    ] GC(950) Pause Young (Normal) (G1 Evacuation Pause)
[2025-12-25T06:16:06.827+0000][gc,task     ] GC(950) Using 8 workers of 8 for evacuation
[2025-12-25T06:16:06.841+0000][gc,phases   ] GC(950)   Pre Evacuate Collection Set: 1.2ms
[2025-12-25T06:16:06.841+0000][gc,phases   ] GC(950)   Merge Heap Roots: 0.3ms
[2025-12-25T06:16:06.841+0000][gc,phases   ] GC(950)   Evacuate Collection Set: 10.5ms
[2025-12-25T06:16:06.841+0000][gc,phases   ] GC(950)   Post Evacuate Collection Set: 1.3ms
[2025-12-25T06:16:06.841+0000][gc,phases   ] GC(950)   Other: 0.3ms
[2025-12-25T06:16:06.841+0000][gc,heap     ] GC(950) Eden regions: 582->0(586)
[2025-12-25T06:16:06.841+0000][gc,heap     ] GC(950) Survivor regions: 8->6(60)
[2025-12-25T06:16:06.841+0000][gc,heap     ] GC(950) Old regions: 223->223
[2025-12-25T06:16:06.841+0000][gc,heap     ] GC(950) Humongous regions: 151->151
[2025-12-25T06:16:06.841+0000][gc,metaspace] GC(950) Metaspace: 16143K(16512K)->16143K(16512K) NonClass: 14480K(14592K)->14480K(14592K) Class: 1662K(1920K)->1662K(1920K)
[2025-12-25T06:16:06.841+0000][gc          ] GC(950) Pause Young (Normal) (G1 Evacuation Pause) 962M->379M(1024M) 14.908ms
[2025-12-25T06:16:06.841+0000][gc,cpu      ] GC(950) User=0.09s Sys=0.00s Real=0.02s
[2025-12-25T06:16:36.983+0000][gc,start    ] GC(951) Pause Young (Normal) (G1 Evacuation Pause)
[2025-12-25T06:16:36.984+0000][gc,task     ] GC(951) Using 8 workers of 8 for evacuation
[2025-12-25T06:16:36.995+0000][gc,phases   ] GC(951)   Pre Evacuate Collection Set: 1.1ms
[2025-12-25T06:16:36.995+0000][gc,phases   ] GC(951)   Merge Heap Roots: 0.3ms
[2025-12-25T06:16:36.995+0000][gc,phases   ] GC(951)   Evacuate Collection Set: 8.4ms
[2025-12-25T06:16:36.995+0000][gc,phases   ] GC(951)   Post Evacuate Collection Set: 1.2ms
[2025-12-25T06:16:36.995+0000][gc,phases   ] GC(951)   Other: 0.3ms
[2025-12-25T06:16:36.995+0000][gc,heap     ] GC(951) Eden regions: 586->0(582)
[2025-12-25T06:16:36.995+0000][gc,heap     ] GC(951) Survivor regions: 6->8(58)
[2025-12-25T06:16:36.995+0000][gc,heap     ] GC(951) Old regions: 223->223
[2025-12-25T06:16:36.995+0000][gc,heap     ] GC(951) Humongous regions: 151->151
[2025-12-25T06:16:36.995+0000][gc,metaspace] GC(951) Metaspace: 16143K(16512K)->16143K(16512K) NonClass: 14480K(14592K)->14480K(14592K) Class: 1662K(1920K)->1662K(1920K)
[2025-12-25T06:16:36.996+0000][gc          ] GC(951) Pause Young (Normal) (G1 Evacuation Pause) 965M->381M(1024M) 12.499ms
[2025-12-25T06:16:36.996+0000][gc,cpu      ] GC(951) User=0.07s Sys=0.00s Real=0.01s
[2025-12-25T06:17:07.091+0000][gc,start    ] GC(952) Pause Young (Normal) (G1 Evacuation Pause)
[2025-12-25T06:17:07.092+0000][gc,task     ] GC(952) Using 8 workers of 8 for evacuation
[2025-12-25T06:17:07.103+0000][gc,phases   ] GC(952)   Pre Evacuate Collection Set: 1.1ms
[2025-12-25T06:17:07.103+0000][gc,phases   ] GC(952)   Merge Heap Roots: 0.3ms
[2025-12-25T06:17:07.103+0000][gc,phases   ] GC(952)   Evacuate Collection Set: 9.1ms
[2025-12-25T06:17:07.104+0000][gc,phases   ] GC(952)   Post Evacuate Collection Set: 1.0ms
[2025-12-25T06:17:07.104+0000][gc,phases   ] GC(952)   Other: 0.2ms
[2025-12-25T06:17:07.104+0000][gc,heap     ] GC(952) Eden regions: 582->0(579)
[2025-12-25T06:17:07.104+0000][gc,heap     ] GC(952) Survivor regions: 8->9(60)
[2025-12-25T06:17:07.104+0000][gc,heap     ] GC(952) Old regions: 223->224
[2025-12-25T06:17:07.104+0000][gc,heap     ] GC(952) Humongous regions: 151->151
[2025-12-25T06:17:07.104+0000][gc,metaspace] GC(952) Metaspace: 16143K(16512K)->16143K(16512K) NonClass: 14480K(14592K)->14480K(14592K) Class: 1662K(1920K)->1662K(1920K)
[2025-12-25T06:17:07.104+0000][gc          ] GC(952) Pause Young (Normal) (G1 Evacuation Pause) 963M->382M(1024M) 12.865ms
[2025-12-25T06:17:07.104+0000][gc,cpu      ] GC(952) User=0.07s Sys=0.00s Real=0.01s
[2025-12-25T06:17:37.241+0000][gc,start    ] GC(953) Pause Young (Normal) (G1 Evacuation Pause)
[2025-12-25T06:17:37.242+0000][gc,task     ] GC(953) Using 8 workers of 8 for evacuation
[2025-12-25T06:17:37.257+0000][gc,phases   ] GC(953)   Pre Evacuate Collection Set: 3.2ms
[2025-12-25T06:17:37.257+0000][gc,phases   ] GC(953)   Merge Heap Roots: 0.3ms
[2025-12-25T06:17:37.257+0000][gc,phases   ] GC(953)   Evacuate Collection Set: 9.0ms
[2025-12-25T06:17:37.257+0000][gc,phases   ] GC(953)   Post Evacuate Collection Set: 1.8ms
[2025-12-25T06:17:37.257+0000][gc,phases   ] GC(953)   Other: 0.3ms
[2025-12-25T06:17:37.257+0000][gc,heap     ] GC(953) Eden regions: 579->0(577)
[2025-12-25T06:17:37.257+0000][gc,heap     ] GC(953) Survivor regions: 9->10(61)
[2025-12-25T06:17:37.257+0000][gc,heap     ] GC(953) Old regions: 224->224
[2025-12-25T06:17:37.257+0000][gc,heap     ] GC(953) Humongous regions: 151->151
[2025-12-25T06:17:37.257+0000][gc,metaspace] GC(953) Metaspace: 16143K(16512K)->16143K(16512K) NonClass: 14480K(14592K)->14480K(14592K) Class: 1662K(1920K)->1662K(1920K)
[2025-12-25T06:17:37.257+0000][gc          ] GC(953) Pause Young (Normal) (G1 Evacuation Pause) 961M->383M(1024M) 16.632ms
[2025-12-25T06:17:37.257+0000][gc,cpu      ] GC(953) User=0.09s Sys=0.00s Real=0.01s
[2025-12-25T06:18:16.787+0000][gc,start    ] GC(954) Pause Young (Normal) (G1 Evacuation Pause)
[2025-12-25T06:18:16.788+0000][gc,task     ] GC(954) Using 8 workers of 8 for evacuation
[2025-12-25T06:18:16.812+0000][gc,phases   ] GC(954)   Pre Evacuate Collection Set: 3.2ms
[2025-12-25T06:18:16.812+0000][gc,phases   ] GC(954)   Merge Heap Roots: 2.9ms
[2025-12-25T06:18:16.812+0000][gc,phases   ] GC(954)   Evacuate Collection Set: 15.3ms
[2025-12-25T06:18:16.812+0000][gc,phases   ] GC(954)   Post Evacuate Collection Set: 1.4ms
[2025-12-25T06:18:16.812+0000][gc,phases   ] GC(954)   Other: 0.9ms
[2025-12-25T06:18:16.812+0000][gc,heap     ] GC(954) Eden regions: 577->0(587)
[2025-12-25T06:18:16.812+0000][gc,heap     ] GC(954) Survivor regions: 10->5(62)
[2025-12-25T06:18:16.812+0000][gc,heap     ] GC(954) Old regions: 224->224
[2025-12-25T06:18:16.812+0000][gc,heap     ] GC(954) Humongous regions: 151->151
[2025-12-25T06:18:16.812+0000][gc,metaspace] GC(954) Metaspace: 16143K(16512K)->16143K(16512K) NonClass: 14481K(14592K)->14481K(14592K) Class: 1662K(1920K)->1662K(1920K)
[2025-12-25T06:18:16.812+0000][gc          ] GC(954) Pause Young (Normal) (G1 Evacuation Pause) 960M->378M(1024M) 25.109ms
[2025-12-25T06:18:16.812+0000][gc,cpu      ] GC(954) User=0.15s Sys=0.01s Real=0.03s
[2025-12-25T06:18:46.951+0000][gc,start    ] GC(955) Pause Young (Normal) (G1 Evacuation Pause)
[2025-12-25T06:18:46.951+0000][gc,task     ] GC(955) Using 8 workers of 8 for evacuation
[2025-12-25T06:18:46.964+0000][gc,phases   ] GC(955)   Pre Evacuate Collection Set: 1.2ms
[2025-12-25T06:18:46.964+0000][gc,phases   ] GC(955)   Merge Heap Roots: 0.6ms
[2025-12-25T06:18:46.964+0000][gc,phases   ] GC(955)   Evacuate Collection Set: 8.8ms
[2025-12-25T06:18:46.964+0000][gc,phases   ] GC(955)   Post Evacuate Collection Set: 1.4ms
[2025-12-25T06:18:46.964+0000][gc,phases   ] GC(955)   Other: 0.4ms
[2025-12-25T06:18:46.964+0000][gc,heap     ] GC(955) Eden regions: 587->0(583)
[2025-12-25T06:18:46.964+0000][gc,heap     ] GC(955) Survivor regions: 5->7(57)
[2025-12-25T06:18:46.964+0000][gc,heap     ] GC(955) Old regions: 224->224
[2025-12-25T06:18:46.964+0000][gc,heap     ] GC(955) Humongous regions: 151->151
[2025-12-25T06:18:46.964+0000][gc,metaspace] GC(955) Metaspace: 16144K(16512K)->16144K(16512K) NonClass: 14482K(14592K)->14482K(14592K) Class: 1662K(1920K)->1662K(1920K)
[2025-12-25T06:18:46.964+0000][gc          ] GC(955) Pause Young (Normal) (G1 Evacuation Pause) 965M->381M(1024M) 13.704ms
[2025-12-25T06:18:46.964+0000][gc,cpu      ] GC(955) User=0.08s Sys=0.01s Real=0.01s
[2025-12-25T06:19:17.088+0000][gc,start    ] GC(956) Pause Young (Normal) (G1 Evacuation Pause)
[2025-12-25T06:19:17.089+0000][gc,task     ] GC(956) Using 8 workers of 8 for evacuation
[2025-12-25T06:19:17.103+0000][gc,phases   ] GC(956)   Pre Evacuate Collection Set: 1.0ms
[2025-12-25T06:19:17.103+0000][gc,phases   ] GC(956)   Merge Heap Roots: 0.3ms
[2025-12-25T06:19:17.103+0000][gc,phases   ] GC(956)   Evacuate Collection Set: 11.3ms
[2025-12-25T06:19:17.103+0000][gc,phases   ] GC(956)   Post Evacuate Collection Set: 1.4ms
[2025-12-25T06:19:17.103+0000][gc,phases   ] GC(956)   Other: 0.2ms
[2025-12-25T06:19:17.103+0000][gc,heap     ] GC(956) Eden regions: 583->0(581)
[2025-12-25T06:19:17.103+0000][gc,heap     ] GC(956) Survivor regions: 7->8(59)
[2025-12-25T06:19:17.103+0000][gc,heap     ] GC(956) Old regions: 224->224
[2025-12-25T06:19:17.103+0000][gc,heap     ] GC(956) Humongous regions: 151->151
[2025-12-25T06:19:17.103+0000][gc,metaspace] GC(956) Metaspace: 16151K(16512K)->16151K(16512K) NonClass: 14489K(14592K)->14489K(14592K) Class: 1662K(1920K)->1662K(1920K)
[2025-12-25T06:19:17.103+0000][gc          ] GC(956) Pause Young (Normal) (G1 Evacuation Pause) 964M->382M(1024M) 15.169ms
[2025-12-25T06:19:17.103+0000][gc,cpu      ] GC(956) User=0.08s Sys=0.01s Real=0.01s
[2025-12-25T06:19:47.233+0000][gc,start    ] GC(957) Pause Young (Normal) (G1 Evacuation Pause)
[2025-12-25T06:19:47.233+0000][gc,task     ] GC(957) Using 8 workers of 8 for evacuation
[2025-12-25T06:19:47.246+0000][gc,phases   ] GC(957)   Pre Evacuate Collection Set: 1.0ms
[2025-12-25T06:19:47.246+0000][gc,phases   ] GC(957)   Merge Heap Roots: 0.3ms
[2025-12-25T06:19:47.246+0000][gc,phases   ] GC(957)   Evacuate Collection Set: 9.6ms
[2025-12-25T06:19:47.246+0000][gc,phases   ] GC(957)   Post Evacuate Collection Set: 1.1ms
[2025-12-25T06:19:47.246+0000][gc,phases   ] GC(957)   Other: 0.3ms
[2025-12-25T06:19:47.246+0000][gc,heap     ] GC(957) Eden regions: 581->0(578)
[2025-12-25T06:19:47.246+0000][gc,heap     ] GC(957) Survivor regions: 8->9(60)
[2025-12-25T06:19:47.246+0000][gc,heap     ] GC(957) Old regions: 224->225
[2025-12-25T06:19:47.246+0000][gc,heap     ] GC(957) Humongous regions: 151->151
[2025-12-25T06:19:47.246+0000][gc,metaspace] GC(957) Metaspace: 16151K(16512K)->16151K(16512K) NonClass: 14489K(14592K)->14489K(14592K) Class: 1662K(1920K)->1662K(1920K)
[2025-12-25T06:19:47.246+0000][gc          ] GC(957) Pause Young (Normal) (G1 Evacuation Pause) 963M->384M(1024M) 13.334ms
[2025-12-25T06:19:47.247+0000][gc,cpu      ] GC(957) User=0.08s Sys=0.01s Real=0.02s
[2025-12-25T06:20:21.734+0000][gc,start    ] GC(958) Pause Young (Normal) (G1 Evacuation Pause)
[2025-12-25T06:20:21.734+0000][gc,task     ] GC(958) Using 8 workers of 8 for evacuation
[2025-12-25T06:20:21.755+0000][gc,phases   ] GC(958)   Pre Evacuate Collection Set: 1.2ms
[2025-12-25T06:20:21.755+0000][gc,phases   ] GC(958)   Merge Heap Roots: 1.8ms
[2025-12-25T06:20:21.755+0000][gc,phases   ] GC(958)   Evacuate Collection Set: 16.6ms
[2025-12-25T06:20:21.755+0000][gc,phases   ] GC(958)   Post Evacuate Collection Set: 1.2ms
[2025-12-25T06:20:21.755+0000][gc,phases   ] GC(958)   Other: 0.3ms
[2025-12-25T06:20:21.755+0000][gc,heap     ] GC(958) Eden regions: 578->0(582)
[2025-12-25T06:20:21.756+0000][gc,heap     ] GC(958) Survivor regions: 9->7(61)
[2025-12-25T06:20:21.756+0000][gc,heap     ] GC(958) Old regions: 225->225
[2025-12-25T06:20:21.756+0000][gc,heap     ] GC(958) Humongous regions: 151->151
[2025-12-25T06:20:21.756+0000][gc,metaspace] GC(958) Metaspace: 16151K(16512K)->16151K(16512K) NonClass: 14489K(14592K)->14489K(14592K) Class: 1662K(1920K)->1662K(1920K)
[2025-12-25T06:20:21.756+0000][gc          ] GC(958) Pause Young (Normal) (G1 Evacuation Pause) 962M->382M(1024M) 22.140ms
[2025-12-25T06:20:21.756+0000][gc,cpu      ] GC(958) User=0.14s Sys=0.00s Real=0.03s
[2025-12-25T06:20:56.919+0000][gc,start    ] GC(959) Pause Young (Normal) (G1 Evacuation Pause)
[2025-12-25T06:20:56.920+0000][gc,task     ] GC(959) Using 8 workers of 8 for evacuation
[2025-12-25T06:20:56.935+0000][gc,phases   ] GC(959)   Pre Evacuate Collection Set: 1.1ms
[2025-12-25T06:20:56.935+0000][gc,phases   ] GC(959)   Merge Heap Roots: 0.2ms
[2025-12-25T06:20:56.935+0000][gc,phases   ] GC(959)   Evacuate Collection Set: 12.0ms
[2025-12-25T06:20:56.935+0000][gc,phases   ] GC(959)   Post Evacuate Collection Set: 1.2ms
[2025-12-25T06:20:56.935+0000][gc,phases   ] GC(959)   Other: 0.3ms
[2025-12-25T06:20:56.935+0000][gc,heap     ] GC(959) Eden regions: 582->0(578)
[2025-12-25T06:20:56.935+0000][gc,heap     ] GC(959) Survivor regions: 7->9(59)
[2025-12-25T06:20:56.935+0000][gc,heap     ] GC(959) Old regions: 225->225
[2025-12-25T06:20:56.935+0000][gc,heap     ] GC(959) Humongous regions: 151->151
[2025-12-25T06:20:56.935+0000][gc,metaspace] GC(959) Metaspace: 16151K(16512K)->16151K(16512K) NonClass: 14489K(14592K)->14489K(14592K) Class: 1662K(1920K)->1662K(1920K)
[2025-12-25T06:20:56.936+0000][gc          ] GC(959) Pause Young (Normal) (G1 Evacuation Pause) 964M->383M(1024M) 16.125ms
[2025-12-25T06:20:56.936+0000][gc,cpu      ] GC(959) User=0.09s Sys=0.00s Real=0.02s
[2025-12-25T06:21:27.040+0000][gc,start    ] GC(960) Pause Young (Normal) (G1 Evacuation Pause)
[2025-12-25T06:21:27.040+0000][gc,task     ] GC(960) Using 8 workers of 8 for evacuation
[2025-12-25T06:21:27.058+0000][gc,phases   ] GC(960)   Pre Evacuate Collection Set: 3.5ms
[2025-12-25T06:21:27.058+0000][gc,phases   ] GC(960)   Merge Heap Roots: 2.4ms
[2025-12-25T06:21:27.058+0000][gc,phases   ] GC(960)   Evacuate Collection Set: 11.0ms
[2025-12-25T06:21:27.058+0000][gc,phases   ] GC(960)   Post Evacuate Collection Set: 1.0ms
[2025-12-25T06:21:27.059+0000][gc,phases   ] GC(960)   Other: 0.3ms
[2025-12-25T06:21:27.059+0000][gc,heap     ] GC(960) Eden regions: 578->0(578)
[2025-12-25T06:21:27.059+0000][gc,heap     ] GC(960) Survivor regions: 9->9(61)
[2025-12-25T06:21:27.059+0000][gc,heap     ] GC(960) Old regions: 225->225
[2025-12-25T06:21:27.059+0000][gc,heap     ] GC(960) Humongous regions: 151->151
[2025-12-25T06:21:27.059+0000][gc,metaspace] GC(960) Metaspace: 16151K(16512K)->16151K(16512K) NonClass: 14489K(14592K)->14489K(14592K) Class: 1662K(1920K)->1662K(1920K)
[2025-12-25T06:21:27.059+0000][gc          ] GC(960) Pause Young (Normal) (G1 Evacuation Pause) 961M->384M(1024M) 19.280ms
[2025-12-25T06:21:27.059+0000][gc,cpu      ] GC(960) User=0.10s Sys=0.01s Real=0.02s
[2025-12-25T06:21:57.170+0000][gc,start    ] GC(961) Pause Young (Normal) (G1 Evacuation Pause)
[2025-12-25T06:21:57.170+0000][gc,task     ] GC(961) Using 8 workers of 8 for evacuation
[2025-12-25T06:21:57.185+0000][gc,phases   ] GC(961)   Pre Evacuate Collection Set: 0.9ms
[2025-12-25T06:21:57.185+0000][gc,phases   ] GC(961)   Merge Heap Roots: 0.3ms
[2025-12-25T06:21:57.185+0000][gc,phases   ] GC(961)   Evacuate Collection Set: 12.2ms
[2025-12-25T06:21:57.185+0000][gc,phases   ] GC(961)   Post Evacuate Collection Set: 1.1ms
[2025-12-25T06:21:57.185+0000][gc,phases   ] GC(961)   Other: 0.3ms
[2025-12-25T06:21:57.185+0000][gc,heap     ] GC(961) Eden regions: 578->0(573)
[2025-12-25T06:21:57.185+0000][gc,heap     ] GC(961) Survivor regions: 9->11(61)
[2025-12-25T06:21:57.185+0000][gc,heap     ] GC(961) Old regions: 225->226
[2025-12-25T06:21:57.185+0000][gc,heap     ] GC(961) Humongous regions: 151->151
[2025-12-25T06:21:57.185+0000][gc,metaspace] GC(961) Metaspace: 16151K(16512K)->16151K(16512K) NonClass: 14489K(14592K)->14489K(14592K) Class: 1662K(1920K)->1662K(1920K)
[2025-12-25T06:21:57.185+0000][gc          ] GC(961) Pause Young (Normal) (G1 Evacuation Pause) 962M->386M(1024M) 15.777ms
[2025-12-25T06:21:57.185+0000][gc,cpu      ] GC(961) User=0.10s Sys=0.00s Real=0.02s
[2025-12-25T06:22:27.365+0000][gc,start    ] GC(962) Pause Young (Normal) (G1 Evacuation Pause)
[2025-12-25T06:22:27.365+0000][gc,task     ] GC(962) Using 8 workers of 8 for evacuation
[2025-12-25T06:22:27.385+0000][gc,phases   ] GC(962)   Pre Evacuate Collection Set: 2.0ms
[2025-12-25T06:22:27.386+0000][gc,phases   ] GC(962)   Merge Heap Roots: 1.8ms
[2025-12-25T06:22:27.386+0000][gc,phases   ] GC(962)   Evacuate Collection Set: 14.5ms
[2025-12-25T06:22:27.386+0000][gc,phases   ] GC(962)   Post Evacuate Collection Set: 1.8ms
[2025-12-25T06:22:27.386+0000][gc,phases   ] GC(962)   Other: 0.5ms
[2025-12-25T06:22:27.386+0000][gc,heap     ] GC(962) Eden regions: 573->0(581)
[2025-12-25T06:22:27.386+0000][gc,heap     ] GC(962) Survivor regions: 11->7(63)
[2025-12-25T06:22:27.386+0000][gc,heap     ] GC(962) Old regions: 226->226
[2025-12-25T06:22:27.386+0000][gc,heap     ] GC(962) Humongous regions: 151->151
[2025-12-25T06:22:27.386+0000][gc,metaspace] GC(962) Metaspace: 16151K(16512K)->16151K(16512K) NonClass: 14489K(14592K)->14489K(14592K) Class: 1662K(1920K)->1662K(1920K)
[2025-12-25T06:22:27.386+0000][gc          ] GC(962) Pause Young (Normal) (G1 Evacuation Pause) 959M->382M(1024M) 21.562ms
[2025-12-25T06:22:27.386+0000][gc,cpu      ] GC(962) User=0.14s Sys=0.00s Real=0.02s
[2025-12-25T06:23:06.834+0000][gc,start    ] GC(963) Pause Young (Normal) (G1 Evacuation Pause)
[2025-12-25T06:23:06.835+0000][gc,task     ] GC(963) Using 8 workers of 8 for evacuation
[2025-12-25T06:23:06.854+0000][gc,phases   ] GC(963)   Pre Evacuate Collection Set: 1.1ms
[2025-12-25T06:23:06.854+0000][gc,phases   ] GC(963)   Merge Heap Roots: 0.2ms
[2025-12-25T06:23:06.854+0000][gc,phases   ] GC(963)   Evacuate Collection Set: 15.9ms
[2025-12-25T06:23:06.854+0000][gc,phases   ] GC(963)   Post Evacuate Collection Set: 1.1ms
[2025-12-25T06:23:06.854+0000][gc,phases   ] GC(963)   Other: 0.2ms
[2025-12-25T06:23:06.854+0000][gc,heap     ] GC(963) Eden regions: 581->0(585)
[2025-12-25T06:23:06.854+0000][gc,heap     ] GC(963) Survivor regions: 7->5(59)
[2025-12-25T06:23:06.854+0000][gc,heap     ] GC(963) Old regions: 226->226
[2025-12-25T06:23:06.854+0000][gc,heap     ] GC(963) Humongous regions: 151->151
[2025-12-25T06:23:06.854+0000][gc,metaspace] GC(963) Metaspace: 16151K(16512K)->16151K(16512K) NonClass: 14489K(14592K)->14489K(14592K) Class: 1662K(1920K)->1662K(1920K)
[2025-12-25T06:23:06.854+0000][gc          ] GC(963) Pause Young (Normal) (G1 Evacuation Pause) 963M->381M(1024M) 20.106ms
[2025-12-25T06:23:06.854+0000][gc,cpu      ] GC(963) User=0.13s Sys=0.01s Real=0.02s
[2025-12-25T06:23:36.966+0000][gc,start    ] GC(964) Pause Young (Normal) (G1 Evacuation Pause)
[2025-12-25T06:23:36.966+0000][gc,task     ] GC(964) Using 8 workers of 8 for evacuation
[2025-12-25T06:23:36.990+0000][gc,phases   ] GC(964)   Pre Evacuate Collection Set: 3.1ms
[2025-12-25T06:23:36.991+0000][gc,phases   ] GC(964)   Merge Heap Roots: 0.9ms
[2025-12-25T06:23:36.991+0000][gc,phases   ] GC(964)   Evacuate Collection Set: 17.9ms
[2025-12-25T06:23:36.991+0000][gc,phases   ] GC(964)   Post Evacuate Collection Set: 1.4ms
[2025-12-25T06:23:36.991+0000][gc,phases   ] GC(964)   Other: 0.7ms
[2025-12-25T06:23:36.991+0000][gc,heap     ] GC(964) Eden regions: 585->0(583)
[2025-12-25T06:23:36.991+0000][gc,heap     ] GC(964) Survivor regions: 5->6(57)
[2025-12-25T06:23:36.991+0000][gc,heap     ] GC(964) Old regions: 226->226
[2025-12-25T06:23:36.991+0000][gc,heap     ] GC(964) Humongous regions: 151->151
[2025-12-25T06:23:36.991+0000][gc,metaspace] GC(964) Metaspace: 16151K(16512K)->16151K(16512K) NonClass: 14489K(14592K)->14489K(14592K) Class: 1662K(1920K)->1662K(1920K)
[2025-12-25T06:23:36.991+0000][gc          ] GC(964) Pause Young (Normal) (G1 Evacuation Pause) 966M->382M(1024M) 25.301ms
[2025-12-25T06:23:36.991+0000][gc,cpu      ] GC(964) User=0.16s Sys=0.00s Real=0.03s
[2025-12-25T06:24:07.128+0000][gc,start    ] GC(965) Pause Young (Normal) (G1 Evacuation Pause)
[2025-12-25T06:24:07.129+0000][gc,task     ] GC(965) Using 8 workers of 8 for evacuation
[2025-12-25T06:24:07.141+0000][gc,phases   ] GC(965)   Pre Evacuate Collection Set: 1.0ms
[2025-12-25T06:24:07.141+0000][gc,phases   ] GC(965)   Merge Heap Roots: 0.3ms
[2025-12-25T06:24:07.141+0000][gc,phases   ] GC(965)   Evacuate Collection Set: 6.6ms
[2025-12-25T06:24:07.141+0000][gc,phases   ] GC(965)   Post Evacuate Collection Set: 3.5ms
[2025-12-25T06:24:07.141+0000][gc,phases   ] GC(965)   Other: 0.5ms
[2025-12-25T06:24:07.142+0000][gc,heap     ] GC(965) Eden regions: 583->0(581)
[2025-12-25T06:24:07.142+0000][gc,heap     ] GC(965) Survivor regions: 6->7(58)
[2025-12-25T06:24:07.142+0000][gc,heap     ] GC(965) Old regions: 226->226
[2025-12-25T06:24:07.142+0000][gc,heap     ] GC(965) Humongous regions: 151->151
[2025-12-25T06:24:07.142+0000][gc,metaspace] GC(965) Metaspace: 16154K(16512K)->16154K(16512K) NonClass: 14491K(14592K)->14491K(14592K) Class: 1662K(1920K)->1662K(1920K)
[2025-12-25T06:24:07.142+0000][gc          ] GC(965) Pause Young (Normal) (G1 Evacuation Pause) 965M->383M(1024M) 14.432ms
[2025-12-25T06:24:07.142+0000][gc,cpu      ] GC(965) User=0.06s Sys=0.00s Real=0.02s
[2025-12-25T06:24:37.281+0000][gc,start    ] GC(966) Pause Young (Normal) (G1 Evacuation Pause)
[2025-12-25T06:24:37.284+0000][gc,task     ] GC(966) Using 8 workers of 8 for evacuation
[2025-12-25T06:24:37.302+0000][gc,phases   ] GC(966)   Pre Evacuate Collection Set: 1.0ms
[2025-12-25T06:24:37.302+0000][gc,phases   ] GC(966)   Merge Heap Roots: 0.3ms
[2025-12-25T06:24:37.302+0000][gc,phases   ] GC(966)   Evacuate Collection Set: 15.9ms
[2025-12-25T06:24:37.302+0000][gc,phases   ] GC(966)   Post Evacuate Collection Set: 1.0ms
[2025-12-25T06:24:37.302+0000][gc,phases   ] GC(966)   Other: 0.3ms
[2025-12-25T06:24:37.303+0000][gc,heap     ] GC(966) Eden regions: 581->0(578)
[2025-12-25T06:24:37.303+0000][gc,heap     ] GC(966) Survivor regions: 7->8(59)
[2025-12-25T06:24:37.303+0000][gc,heap     ] GC(966) Old regions: 226->227
[2025-12-25T06:24:37.303+0000][gc,heap     ] GC(966) Humongous regions: 151->151
[2025-12-25T06:24:37.303+0000][gc,metaspace] GC(966) Metaspace: 16154K(16512K)->16154K(16512K) NonClass: 14491K(14592K)->14491K(14592K) Class: 1662K(1920K)->1662K(1920K)
[2025-12-25T06:24:37.303+0000][gc          ] GC(966) Pause Young (Normal) (G1 Evacuation Pause) 964M->385M(1024M) 21.899ms
[2025-12-25T06:24:37.303+0000][gc,cpu      ] GC(966) User=0.12s Sys=0.01s Real=0.02s
[2025-12-25T06:25:16.813+0000][gc,start    ] GC(967) Pause Young (Normal) (G1 Evacuation Pause)
[2025-12-25T06:25:16.815+0000][gc,task     ] GC(967) Using 8 workers of 8 for evacuation
[2025-12-25T06:25:16.833+0000][gc,phases   ] GC(967)   Pre Evacuate Collection Set: 3.7ms
[2025-12-25T06:25:16.833+0000][gc,phases   ] GC(967)   Merge Heap Roots: 0.4ms
[2025-12-25T06:25:16.833+0000][gc,phases   ] GC(967)   Evacuate Collection Set: 11.9ms
[2025-12-25T06:25:16.833+0000][gc,phases   ] GC(967)   Post Evacuate Collection Set: 1.8ms
[2025-12-25T06:25:16.833+0000][gc,phases   ] GC(967)   Other: 0.9ms
[2025-12-25T06:25:16.833+0000][gc,heap     ] GC(967) Eden regions: 578->0(580)
[2025-12-25T06:25:16.833+0000][gc,heap     ] GC(967) Survivor regions: 8->7(60)
[2025-12-25T06:25:16.834+0000][gc,heap     ] GC(967) Old regions: 227->227
[2025-12-25T06:25:16.834+0000][gc,heap     ] GC(967) Humongous regions: 151->151
[2025-12-25T06:25:16.834+0000][gc,metaspace] GC(967) Metaspace: 16155K(16512K)->16155K(16512K) NonClass: 14493K(14592K)->14493K(14592K) Class: 1662K(1920K)->1662K(1920K)
[2025-12-25T06:25:16.834+0000][gc          ] GC(967) Pause Young (Normal) (G1 Evacuation Pause) 963M->383M(1024M) 20.843ms
[2025-12-25T06:25:16.834+0000][gc,cpu      ] GC(967) User=0.11s Sys=0.00s Real=0.02s
[2025-12-25T06:25:46.967+0000][gc,start    ] GC(968) Pause Young (Normal) (G1 Evacuation Pause)
[2025-12-25T06:25:46.967+0000][gc,task     ] GC(968) Using 8 workers of 8 for evacuation
[2025-12-25T06:25:46.984+0000][gc,phases   ] GC(968)   Pre Evacuate Collection Set: 1.3ms
[2025-12-25T06:25:46.984+0000][gc,phases   ] GC(968)   Merge Heap Roots: 0.2ms
[2025-12-25T06:25:46.984+0000][gc,phases   ] GC(968)   Evacuate Collection Set: 8.9ms
[2025-12-25T06:25:46.984+0000][gc,phases   ] GC(968)   Post Evacuate Collection Set: 5.7ms
[2025-12-25T06:25:46.984+0000][gc,phases   ] GC(968)   Other: 0.4ms
[2025-12-25T06:25:46.984+0000][gc,heap     ] GC(968) Eden regions: 580->0(578)
[2025-12-25T06:25:46.984+0000][gc,heap     ] GC(968) Survivor regions: 7->8(59)
[2025-12-25T06:25:46.984+0000][gc,heap     ] GC(968) Old regions: 227->227
[2025-12-25T06:25:46.984+0000][gc,heap     ] GC(968) Humongous regions: 151->151
[2025-12-25T06:25:46.984+0000][gc,metaspace] GC(968) Metaspace: 16155K(16512K)->16155K(16512K) NonClass: 14493K(14592K)->14493K(14592K) Class: 1662K(1920K)->1662K(1920K)
[2025-12-25T06:25:46.985+0000][gc          ] GC(968) Pause Young (Normal) (G1 Evacuation Pause) 963M->384M(1024M) 17.995ms
[2025-12-25T06:25:46.985+0000][gc,cpu      ] GC(968) User=0.08s Sys=0.00s Real=0.02s
[2025-12-25T06:26:17.114+0000][gc,start    ] GC(969) Pause Young (Normal) (G1 Evacuation Pause)
[2025-12-25T06:26:17.116+0000][gc,task     ] GC(969) Using 8 workers of 8 for evacuation
[2025-12-25T06:26:17.131+0000][gc,phases   ] GC(969)   Pre Evacuate Collection Set: 1.4ms
[2025-12-25T06:26:17.131+0000][gc,phases   ] GC(969)   Merge Heap Roots: 0.3ms
[2025-12-25T06:26:17.131+0000][gc,phases   ] GC(969)   Evacuate Collection Set: 11.8ms
[2025-12-25T06:26:17.131+0000][gc,phases   ] GC(969)   Post Evacuate Collection Set: 1.3ms
[2025-12-25T06:26:17.131+0000][gc,phases   ] GC(969)   Other: 1.2ms
[2025-12-25T06:26:17.131+0000][gc,heap     ] GC(969) Eden regions: 578->0(578)
[2025-12-25T06:26:17.131+0000][gc,heap     ] GC(969) Survivor regions: 8->8(60)
[2025-12-25T06:26:17.131+0000][gc,heap     ] GC(969) Old regions: 227->227
[2025-12-25T06:26:17.132+0000][gc,heap     ] GC(969) Humongous regions: 151->151
[2025-12-25T06:26:17.132+0000][gc,metaspace] GC(969) Metaspace: 16155K(16512K)->16155K(16512K) NonClass: 14493K(14592K)->14493K(14592K) Class: 1662K(1920K)->1662K(1920K)
[2025-12-25T06:26:17.132+0000][gc          ] GC(969) Pause Young (Normal) (G1 Evacuation Pause) 962M->385M(1024M) 17.909ms
[2025-12-25T06:26:17.132+0000][gc,cpu      ] GC(969) User=0.10s Sys=0.00s Real=0.02s
[2025-12-25T06:26:47.191+0000][gc,start    ] GC(970) Pause Young (Normal) (G1 Evacuation Pause)
[2025-12-25T06:26:47.193+0000][gc,task     ] GC(970) Using 8 workers of 8 for evacuation
[2025-12-25T06:26:47.203+0000][gc,phases   ] GC(970)   Pre Evacuate Collection Set: 3.3ms
[2025-12-25T06:26:47.203+0000][gc,phases   ] GC(970)   Merge Heap Roots: 0.3ms
[2025-12-25T06:26:47.203+0000][gc,phases   ] GC(970)   Evacuate Collection Set: 5.4ms
[2025-12-25T06:26:47.204+0000][gc,phases   ] GC(970)   Post Evacuate Collection Set: 1.2ms
[2025-12-25T06:26:47.204+0000][gc,phases   ] GC(970)   Other: 0.7ms
[2025-12-25T06:26:47.204+0000][gc,heap     ] GC(970) Eden regions: 578->0(585)
[2025-12-25T06:26:47.204+0000][gc,heap     ] GC(970) Survivor regions: 8->4(60)
[2025-12-25T06:26:47.204+0000][gc,heap     ] GC(970) Old regions: 227->228
[2025-12-25T06:26:47.204+0000][gc,heap     ] GC(970) Humongous regions: 151->151
[2025-12-25T06:26:47.204+0000][gc,metaspace] GC(970) Metaspace: 16155K(16512K)->16155K(16512K) NonClass: 14493K(14592K)->14493K(14592K) Class: 1662K(1920K)->1662K(1920K)
[2025-12-25T06:26:47.204+0000][gc          ] GC(970) Pause Young (Normal) (G1 Evacuation Pause) 963M->382M(1024M) 13.090ms
[2025-12-25T06:26:47.204+0000][gc,cpu      ] GC(970) User=0.05s Sys=0.00s Real=0.01s
[2025-12-25T06:27:26.756+0000][gc,start    ] GC(971) Pause Young (Normal) (G1 Evacuation Pause)
[2025-12-25T06:27:26.757+0000][gc,task     ] GC(971) Using 8 workers of 8 for evacuation
[2025-12-25T06:27:26.771+0000][gc,phases   ] GC(971)   Pre Evacuate Collection Set: 2.3ms
[2025-12-25T06:27:26.771+0000][gc,phases   ] GC(971)   Merge Heap Roots: 0.4ms
[2025-12-25T06:27:26.771+0000][gc,phases   ] GC(971)   Evacuate Collection Set: 8.8ms
[2025-12-25T06:27:26.771+0000][gc,phases   ] GC(971)   Post Evacuate Collection Set: 1.9ms
[2025-12-25T06:27:26.771+0000][gc,phases   ] GC(971)   Other: 0.6ms
[2025-12-25T06:27:26.771+0000][gc,heap     ] GC(971) Eden regions: 585->0(585)
[2025-12-25T06:27:26.771+0000][gc,heap     ] GC(971) Survivor regions: 4->4(56)
[2025-12-25T06:27:26.771+0000][gc,heap     ] GC(971) Old regions: 228->228
[2025-12-25T06:27:26.771+0000][gc,heap     ] GC(971) Humongous regions: 151->151
[2025-12-25T06:27:26.772+0000][gc,metaspace] GC(971) Metaspace: 16155K(16512K)->16155K(16512K) NonClass: 14493K(14592K)->14493K(14592K) Class: 1662K(1920K)->1662K(1920K)
[2025-12-25T06:27:26.772+0000][gc          ] GC(971) Pause Young (Normal) (G1 Evacuation Pause) 967M->381M(1024M) 15.969ms
[2025-12-25T06:27:26.772+0000][gc,cpu      ] GC(971) User=0.07s Sys=0.01s Real=0.02s
[2025-12-25T06:27:56.912+0000][gc,start    ] GC(972) Pause Young (Normal) (G1 Evacuation Pause)
[2025-12-25T06:27:56.913+0000][gc,task     ] GC(972) Using 8 workers of 8 for evacuation
[2025-12-25T06:27:56.920+0000][gc,phases   ] GC(972)   Pre Evacuate Collection Set: 1.1ms
[2025-12-25T06:27:56.921+0000][gc,phases   ] GC(972)   Merge Heap Roots: 0.2ms
[2025-12-25T06:27:56.921+0000][gc,phases   ] GC(972)   Evacuate Collection Set: 4.6ms
[2025-12-25T06:27:56.921+0000][gc,phases   ] GC(972)   Post Evacuate Collection Set: 1.1ms
[2025-12-25T06:27:56.921+0000][gc,phases   ] GC(972)   Other: 0.2ms
[2025-12-25T06:27:56.921+0000][gc,heap     ] GC(972) Eden regions: 585->0(585)
[2025-12-25T06:27:56.921+0000][gc,heap     ] GC(972) Survivor regions: 4->4(56)
[2025-12-25T06:27:56.921+0000][gc,heap     ] GC(972) Old regions: 228->228
[2025-12-25T06:27:56.921+0000][gc,heap     ] GC(972) Humongous regions: 151->151
[2025-12-25T06:27:56.921+0000][gc,metaspace] GC(972) Metaspace: 16155K(16512K)->16155K(16512K) NonClass: 14493K(14592K)->14493K(14592K) Class: 1662K(1920K)->1662K(1920K)
[2025-12-25T06:27:56.921+0000][gc          ] GC(972) Pause Young (Normal) (G1 Evacuation Pause) 966M->382M(1024M) 8.937ms
[2025-12-25T06:27:56.921+0000][gc,cpu      ] GC(972) User=0.05s Sys=0.01s Real=0.01s
[2025-12-25T06:28:27.090+0000][gc,start    ] GC(973) Pause Young (Normal) (G1 Evacuation Pause)
[2025-12-25T06:28:27.090+0000][gc,task     ] GC(973) Using 8 workers of 8 for evacuation
[2025-12-25T06:28:27.102+0000][gc,phases   ] GC(973)   Pre Evacuate Collection Set: 1.1ms
[2025-12-25T06:28:27.102+0000][gc,phases   ] GC(973)   Merge Heap Roots: 0.2ms
[2025-12-25T06:28:27.102+0000][gc,phases   ] GC(973)   Evacuate Collection Set: 8.7ms
[2025-12-25T06:28:27.102+0000][gc,phases   ] GC(973)   Post Evacuate Collection Set: 1.2ms
[2025-12-25T06:28:27.102+0000][gc,phases   ] GC(973)   Other: 0.3ms
[2025-12-25T06:28:27.102+0000][gc,heap     ] GC(973) Eden regions: 585->0(581)
[2025-12-25T06:28:27.102+0000][gc,heap     ] GC(973) Survivor regions: 4->6(56)
[2025-12-25T06:28:27.102+0000][gc,heap     ] GC(973) Old regions: 228->228
[2025-12-25T06:28:27.102+0000][gc,heap     ] GC(973) Humongous regions: 151->151
[2025-12-25T06:28:27.102+0000][gc,metaspace] GC(973) Metaspace: 16156K(16512K)->16156K(16512K) NonClass: 14494K(14592K)->14494K(14592K) Class: 1662K(1920K)->1662K(1920K)
[2025-12-25T06:28:27.103+0000][gc          ] GC(973) Pause Young (Normal) (G1 Evacuation Pause) 967M->384M(1024M) 12.847ms
[2025-12-25T06:28:27.103+0000][gc,cpu      ] GC(973) User=0.07s Sys=0.01s Real=0.01s
[2025-12-25T06:28:57.226+0000][gc,start    ] GC(974) Pause Young (Normal) (G1 Evacuation Pause)
[2025-12-25T06:28:57.226+0000][gc,task     ] GC(974) Using 8 workers of 8 for evacuation
[2025-12-25T06:28:57.238+0000][gc,phases   ] GC(974)   Pre Evacuate Collection Set: 2.1ms
[2025-12-25T06:28:57.238+0000][gc,phases   ] GC(974)   Merge Heap Roots: 0.9ms
[2025-12-25T06:28:57.238+0000][gc,phases   ] GC(974)   Evacuate Collection Set: 6.4ms
[2025-12-25T06:28:57.238+0000][gc,phases   ] GC(974)   Post Evacuate Collection Set: 1.3ms
[2025-12-25T06:28:57.238+0000][gc,phases   ] GC(974)   Other: 1.1ms
[2025-12-25T06:28:57.239+0000][gc,heap     ] GC(974) Eden regions: 581->0(579)
[2025-12-25T06:28:57.239+0000][gc,heap     ] GC(974) Survivor regions: 6->7(58)
[2025-12-25T06:28:57.239+0000][gc,heap     ] GC(974) Old regions: 228->228
[2025-12-25T06:28:57.239+0000][gc,heap     ] GC(974) Humongous regions: 151->151
[2025-12-25T06:28:57.239+0000][gc,metaspace] GC(974) Metaspace: 16156K(16512K)->16156K(16512K) NonClass: 14494K(14592K)->14494K(14592K) Class: 1662K(1920K)->1662K(1920K)
[2025-12-25T06:28:57.239+0000][gc          ] GC(974) Pause Young (Normal) (G1 Evacuation Pause) 965M->385M(1024M) 13.156ms
[2025-12-25T06:28:57.239+0000][gc,cpu      ] GC(974) User=0.06s Sys=0.00s Real=0.01s
[2025-12-25T06:29:34.970+0000][gc,start    ] GC(975) Pause Young (Normal) (G1 Evacuation Pause)
[2025-12-25T06:29:34.975+0000][gc,task     ] GC(975) Using 8 workers of 8 for evacuation
[2025-12-25T06:29:34.998+0000][gc,phases   ] GC(975)   Pre Evacuate Collection Set: 2.8ms
[2025-12-25T06:29:34.998+0000][gc,phases   ] GC(975)   Merge Heap Roots: 0.5ms
[2025-12-25T06:29:34.998+0000][gc,phases   ] GC(975)   Evacuate Collection Set: 15.1ms
[2025-12-25T06:29:34.998+0000][gc,phases   ] GC(975)   Post Evacuate Collection Set: 3.9ms
[2025-12-25T06:29:34.998+0000][gc,phases   ] GC(975)   Other: 0.9ms
[2025-12-25T06:29:34.999+0000][gc,heap     ] GC(975) Eden regions: 579->0(581)
[2025-12-25T06:29:34.999+0000][gc,heap     ] GC(975) Survivor regions: 7->6(59)
[2025-12-25T06:29:34.999+0000][gc,heap     ] GC(975) Old regions: 228->228
[2025-12-25T06:29:34.999+0000][gc,heap     ] GC(975) Humongous regions: 151->151
[2025-12-25T06:29:34.999+0000][gc,metaspace] GC(975) Metaspace: 16156K(16512K)->16156K(16512K) NonClass: 14494K(14592K)->14494K(14592K) Class: 1662K(1920K)->1662K(1920K)
[2025-12-25T06:29:35.000+0000][gc          ] GC(975) Pause Young (Normal) (G1 Evacuation Pause) 964M->384M(1024M) 29.094ms
[2025-12-25T06:29:35.000+0000][gc,cpu      ] GC(975) User=0.14s Sys=0.00s Real=0.03s
[2025-12-25T06:30:06.954+0000][gc,start    ] GC(976) Pause Young (Normal) (G1 Evacuation Pause)
[2025-12-25T06:30:06.955+0000][gc,task     ] GC(976) Using 8 workers of 8 for evacuation
[2025-12-25T06:30:06.965+0000][gc,phases   ] GC(976)   Pre Evacuate Collection Set: 1.1ms
[2025-12-25T06:30:06.965+0000][gc,phases   ] GC(976)   Merge Heap Roots: 0.2ms
[2025-12-25T06:30:06.965+0000][gc,phases   ] GC(976)   Evacuate Collection Set: 7.8ms
[2025-12-25T06:30:06.965+0000][gc,phases   ] GC(976)   Post Evacuate Collection Set: 1.0ms
[2025-12-25T06:30:06.965+0000][gc,phases   ] GC(976)   Other: 0.2ms
[2025-12-25T06:30:06.966+0000][gc,heap     ] GC(976) Eden regions: 581->0(577)
[2025-12-25T06:30:06.966+0000][gc,heap     ] GC(976) Survivor regions: 6->8(58)
[2025-12-25T06:30:06.966+0000][gc,heap     ] GC(976) Old regions: 228->228
[2025-12-25T06:30:06.966+0000][gc,heap     ] GC(976) Humongous regions: 151->151
[2025-12-25T06:30:06.966+0000][gc,metaspace] GC(976) Metaspace: 16156K(16512K)->16156K(16512K) NonClass: 14494K(14592K)->14494K(14592K) Class: 1662K(1920K)->1662K(1920K)
[2025-12-25T06:30:06.966+0000][gc          ] GC(976) Pause Young (Normal) (G1 Evacuation Pause) 965M->385M(1024M) 11.424ms
[2025-12-25T06:30:06.966+0000][gc,cpu      ] GC(976) User=0.05s Sys=0.00s Real=0.01s
[2025-12-25T06:30:37.205+0000][gc,start    ] GC(977) Pause Young (Normal) (G1 Evacuation Pause)
[2025-12-25T06:30:37.206+0000][gc,task     ] GC(977) Using 8 workers of 8 for evacuation
[2025-12-25T06:30:37.229+0000][gc,phases   ] GC(977)   Pre Evacuate Collection Set: 2.8ms
[2025-12-25T06:30:37.230+0000][gc,phases   ] GC(977)   Merge Heap Roots: 2.4ms
[2025-12-25T06:30:37.230+0000][gc,phases   ] GC(977)   Evacuate Collection Set: 15.7ms
[2025-12-25T06:30:37.230+0000][gc,phases   ] GC(977)   Post Evacuate Collection Set: 1.7ms
[2025-12-25T06:30:37.230+0000][gc,phases   ] GC(977)   Other: 1.1ms
[2025-12-25T06:30:37.230+0000][gc,heap     ] GC(977) Eden regions: 577->0(575)
[2025-12-25T06:30:37.230+0000][gc,heap     ] GC(977) Survivor regions: 8->9(60)
[2025-12-25T06:30:37.230+0000][gc,heap     ] GC(977) Old regions: 228->228
[2025-12-25T06:30:37.230+0000][gc,heap     ] GC(977) Humongous regions: 151->151
[2025-12-25T06:30:37.230+0000][gc,metaspace] GC(977) Metaspace: 16156K(16512K)->16156K(16512K) NonClass: 14494K(14592K)->14494K(14592K) Class: 1662K(1920K)->1662K(1920K)
[2025-12-25T06:30:37.231+0000][gc          ] GC(977) Pause Young (Normal) (G1 Evacuation Pause) 962M->386M(1024M) 25.870ms
[2025-12-25T06:30:37.231+0000][gc,cpu      ] GC(977) User=0.15s Sys=0.00s Real=0.02s
[2025-12-25T06:31:07.171+0000][gc,start    ] GC(978) Pause Young (Normal) (G1 Evacuation Pause)
[2025-12-25T06:31:07.172+0000][gc,task     ] GC(978) Using 8 workers of 8 for evacuation
[2025-12-25T06:31:07.188+0000][gc,phases   ] GC(978)   Pre Evacuate Collection Set: 1.0ms
[2025-12-25T06:31:07.188+0000][gc,phases   ] GC(978)   Merge Heap Roots: 0.2ms
[2025-12-25T06:31:07.188+0000][gc,phases   ] GC(978)   Evacuate Collection Set: 14.1ms
[2025-12-25T06:31:07.188+0000][gc,phases   ] GC(978)   Post Evacuate Collection Set: 1.0ms
[2025-12-25T06:31:07.188+0000][gc,phases   ] GC(978)   Other: 0.2ms
[2025-12-25T06:31:07.189+0000][gc,heap     ] GC(978) Eden regions: 575->0(581)
[2025-12-25T06:31:07.189+0000][gc,heap     ] GC(978) Survivor regions: 9->6(61)
[2025-12-25T06:31:07.189+0000][gc,heap     ] GC(978) Old regions: 228->228
[2025-12-25T06:31:07.189+0000][gc,heap     ] GC(978) Humongous regions: 151->151
[2025-12-25T06:31:07.189+0000][gc,metaspace] GC(978) Metaspace: 16156K(16512K)->16156K(16512K) NonClass: 14494K(14592K)->14494K(14592K) Class: 1662K(1920K)->1662K(1920K)
[2025-12-25T06:31:07.189+0000][gc          ] GC(978) Pause Young (Normal) (G1 Evacuation Pause) 961M->383M(1024M) 17.638ms
[2025-12-25T06:31:07.189+0000][gc,cpu      ] GC(978) User=0.12s Sys=0.00s Real=0.02s
[2025-12-25T06:31:37.372+0000][gc,start    ] GC(979) Pause Young (Normal) (G1 Evacuation Pause)
[2025-12-25T06:31:37.374+0000][gc,task     ] GC(979) Using 8 workers of 8 for evacuation
[2025-12-25T06:31:37.391+0000][gc,phases   ] GC(979)   Pre Evacuate Collection Set: 3.4ms
[2025-12-25T06:31:37.391+0000][gc,phases   ] GC(979)   Merge Heap Roots: 0.6ms
[2025-12-25T06:31:37.391+0000][gc,phases   ] GC(979)   Evacuate Collection Set: 9.5ms
[2025-12-25T06:31:37.391+0000][gc,phases   ] GC(979)   Post Evacuate Collection Set: 1.4ms
[2025-12-25T06:31:37.391+0000][gc,phases   ] GC(979)   Other: 2.5ms
[2025-12-25T06:31:37.391+0000][gc,heap     ] GC(979) Eden regions: 581->0(579)
[2025-12-25T06:31:37.391+0000][gc,heap     ] GC(979) Survivor regions: 6->7(58)
[2025-12-25T06:31:37.392+0000][gc,heap     ] GC(979) Old regions: 228->228
[2025-12-25T06:31:37.392+0000][gc,heap     ] GC(979) Humongous regions: 151->151
[2025-12-25T06:31:37.392+0000][gc,metaspace] GC(979) Metaspace: 16156K(16512K)->16156K(16512K) NonClass: 14494K(14592K)->14494K(14592K) Class: 1662K(1920K)->1662K(1920K)
[2025-12-25T06:31:37.392+0000][gc          ] GC(979) Pause Young (Normal) (G1 Evacuation Pause) 964M->385M(1024M) 19.708ms
[2025-12-25T06:31:37.392+0000][gc,cpu      ] GC(979) User=0.09s Sys=0.01s Real=0.02s
[2025-12-25T06:32:16.908+0000][gc,start    ] GC(980) Pause Young (Normal) (G1 Evacuation Pause)
[2025-12-25T06:32:16.909+0000][gc,task     ] GC(980) Using 8 workers of 8 for evacuation
[2025-12-25T06:32:16.937+0000][gc,phases   ] GC(980)   Pre Evacuate Collection Set: 5.9ms
[2025-12-25T06:32:16.937+0000][gc,phases   ] GC(980)   Merge Heap Roots: 0.7ms
[2025-12-25T06:32:16.937+0000][gc,phases   ] GC(980)   Evacuate Collection Set: 15.6ms
[2025-12-25T06:32:16.937+0000][gc,phases   ] GC(980)   Post Evacuate Collection Set: 5.3ms
[2025-12-25T06:32:16.937+0000][gc,phases   ] GC(980)   Other: 0.4ms
[2025-12-25T06:32:16.937+0000][gc,heap     ] GC(980) Eden regions: 579->0(581)
[2025-12-25T06:32:16.937+0000][gc,heap     ] GC(980) Survivor regions: 7->6(59)
[2025-12-25T06:32:16.937+0000][gc,heap     ] GC(980) Old regions: 228->228
[2025-12-25T06:32:16.937+0000][gc,heap     ] GC(980) Humongous regions: 151->151
[2025-12-25T06:32:16.938+0000][gc,metaspace] GC(980) Metaspace: 16156K(16512K)->16156K(16512K) NonClass: 14494K(14592K)->14494K(14592K) Class: 1662K(1920K)->1662K(1920K)
[2025-12-25T06:32:16.938+0000][gc          ] GC(980) Pause Young (Normal) (G1 Evacuation Pause) 964M->384M(1024M) 29.298ms
[2025-12-25T06:32:16.938+0000][gc,cpu      ] GC(980) User=0.14s Sys=0.01s Real=0.03s
[2025-12-25T06:32:47.014+0000][gc,start    ] GC(981) Pause Young (Normal) (G1 Evacuation Pause)
[2025-12-25T06:32:47.014+0000][gc,task     ] GC(981) Using 8 workers of 8 for evacuation
[2025-12-25T06:32:47.033+0000][gc,phases   ] GC(981)   Pre Evacuate Collection Set: 1.1ms
[2025-12-25T06:32:47.033+0000][gc,phases   ] GC(981)   Merge Heap Roots: 0.2ms
[2025-12-25T06:32:47.033+0000][gc,phases   ] GC(981)   Evacuate Collection Set: 15.7ms
[2025-12-25T06:32:47.033+0000][gc,phases   ] GC(981)   Post Evacuate Collection Set: 1.2ms
[2025-12-25T06:32:47.033+0000][gc,phases   ] GC(981)   Other: 0.2ms
[2025-12-25T06:32:47.033+0000][gc,heap     ] GC(981) Eden regions: 581->0(578)
[2025-12-25T06:32:47.033+0000][gc,heap     ] GC(981) Survivor regions: 6->7(58)
[2025-12-25T06:32:47.033+0000][gc,heap     ] GC(981) Old regions: 228->229
[2025-12-25T06:32:47.033+0000][gc,heap     ] GC(981) Humongous regions: 151->151
[2025-12-25T06:32:47.033+0000][gc,metaspace] GC(981) Metaspace: 16156K(16512K)->16156K(16512K) NonClass: 14494K(14592K)->14494K(14592K) Class: 1662K(1920K)->1662K(1920K)
[2025-12-25T06:32:47.033+0000][gc          ] GC(981) Pause Young (Normal) (G1 Evacuation Pause) 965M->385M(1024M) 19.639ms
[2025-12-25T06:32:47.033+0000][gc,cpu      ] GC(981) User=0.13s Sys=0.00s Real=0.02s
[2025-12-25T06:33:17.202+0000][gc,start    ] GC(982) Pause Young (Normal) (G1 Evacuation Pause)
[2025-12-25T06:33:17.202+0000][gc,task     ] GC(982) Using 8 workers of 8 for evacuation
[2025-12-25T06:33:17.215+0000][gc,phases   ] GC(982)   Pre Evacuate Collection Set: 1.3ms
[2025-12-25T06:33:17.215+0000][gc,phases   ] GC(982)   Merge Heap Roots: 0.3ms
[2025-12-25T06:33:17.215+0000][gc,phases   ] GC(982)   Evacuate Collection Set: 9.7ms
[2025-12-25T06:33:17.215+0000][gc,phases   ] GC(982)   Post Evacuate Collection Set: 1.2ms
[2025-12-25T06:33:17.215+0000][gc,phases   ] GC(982)   Other: 0.5ms
[2025-12-25T06:33:17.216+0000][gc,heap     ] GC(982) Eden regions: 578->0(576)
[2025-12-25T06:33:17.216+0000][gc,heap     ] GC(982) Survivor regions: 7->8(59)
[2025-12-25T06:33:17.216+0000][gc,heap     ] GC(982) Old regions: 229->229
[2025-12-25T06:33:17.216+0000][gc,heap     ] GC(982) Humongous regions: 151->151
[2025-12-25T06:33:17.216+0000][gc,metaspace] GC(982) Metaspace: 16157K(16512K)->16157K(16512K) NonClass: 14494K(14592K)->14494K(14592K) Class: 1662K(1920K)->1662K(1920K)
[2025-12-25T06:33:17.216+0000][gc          ] GC(982) Pause Young (Normal) (G1 Evacuation Pause) 963M->386M(1024M) 14.405ms
[2025-12-25T06:33:17.216+0000][gc,cpu      ] GC(982) User=0.08s Sys=0.00s Real=0.02s
[2025-12-25T06:33:47.296+0000][gc,start    ] GC(983) Pause Young (Normal) (G1 Evacuation Pause)
[2025-12-25T06:33:47.297+0000][gc,task     ] GC(983) Using 8 workers of 8 for evacuation
[2025-12-25T06:33:47.311+0000][gc,phases   ] GC(983)   Pre Evacuate Collection Set: 1.1ms
[2025-12-25T06:33:47.311+0000][gc,phases   ] GC(983)   Merge Heap Roots: 0.3ms
[2025-12-25T06:33:47.311+0000][gc,phases   ] GC(983)   Evacuate Collection Set: 11.2ms
[2025-12-25T06:33:47.311+0000][gc,phases   ] GC(983)   Post Evacuate Collection Set: 1.3ms
[2025-12-25T06:33:47.311+0000][gc,phases   ] GC(983)   Other: 0.3ms
[2025-12-25T06:33:47.311+0000][gc,heap     ] GC(983) Eden regions: 576->0(574)
[2025-12-25T06:33:47.311+0000][gc,heap     ] GC(983) Survivor regions: 8->9(60)
[2025-12-25T06:33:47.312+0000][gc,heap     ] GC(983) Old regions: 229->229
[2025-12-25T06:33:47.312+0000][gc,heap     ] GC(983) Humongous regions: 151->151
[2025-12-25T06:33:47.312+0000][gc,metaspace] GC(983) Metaspace: 16157K(16512K)->16157K(16512K) NonClass: 14494K(14592K)->14494K(14592K) Class: 1662K(1920K)->1662K(1920K)
[2025-12-25T06:33:47.312+0000][gc          ] GC(983) Pause Young (Normal) (G1 Evacuation Pause) 962M->388M(1024M) 15.306ms
[2025-12-25T06:33:47.312+0000][gc,cpu      ] GC(983) User=0.09s Sys=0.00s Real=0.01s
[2025-12-25T06:34:17.345+0000][gc,start    ] GC(984) Pause Young (Normal) (G1 Evacuation Pause)
[2025-12-25T06:34:17.345+0000][gc,task     ] GC(984) Using 8 workers of 8 for evacuation
[2025-12-25T06:34:17.362+0000][gc,phases   ] GC(984)   Pre Evacuate Collection Set: 2.0ms
[2025-12-25T06:34:17.362+0000][gc,phases   ] GC(984)   Merge Heap Roots: 0.4ms
[2025-12-25T06:34:17.362+0000][gc,phases   ] GC(984)   Evacuate Collection Set: 11.8ms
[2025-12-25T06:34:17.363+0000][gc,phases   ] GC(984)   Post Evacuate Collection Set: 2.1ms
[2025-12-25T06:34:17.363+0000][gc,phases   ] GC(984)   Other: 0.6ms
[2025-12-25T06:34:17.363+0000][gc,heap     ] GC(984) Eden regions: 574->0(576)
[2025-12-25T06:34:17.363+0000][gc,heap     ] GC(984) Survivor regions: 9->8(61)
[2025-12-25T06:34:17.363+0000][gc,heap     ] GC(984) Old regions: 229->229
[2025-12-25T06:34:17.363+0000][gc,heap     ] GC(984) Humongous regions: 151->151
[2025-12-25T06:34:17.363+0000][gc,metaspace] GC(984) Metaspace: 16157K(16512K)->16157K(16512K) NonClass: 14494K(14592K)->14494K(14592K) Class: 1662K(1920K)->1662K(1920K)
[2025-12-25T06:34:17.364+0000][gc          ] GC(984) Pause Young (Normal) (G1 Evacuation Pause) 962M->386M(1024M) 18.881ms
[2025-12-25T06:34:17.364+0000][gc,cpu      ] GC(984) User=0.09s Sys=0.00s Real=0.02s
[2025-12-25T06:34:56.926+0000][gc,start    ] GC(985) Pause Young (Normal) (G1 Evacuation Pause)
[2025-12-25T06:34:56.926+0000][gc,task     ] GC(985) Using 8 workers of 8 for evacuation
[2025-12-25T06:34:56.942+0000][gc,phases   ] GC(985)   Pre Evacuate Collection Set: 1.0ms
[2025-12-25T06:34:56.942+0000][gc,phases   ] GC(985)   Merge Heap Roots: 0.2ms
[2025-12-25T06:34:56.942+0000][gc,phases   ] GC(985)   Evacuate Collection Set: 13.1ms
[2025-12-25T06:34:56.942+0000][gc,phases   ] GC(985)   Post Evacuate Collection Set: 1.2ms
[2025-12-25T06:34:56.942+0000][gc,phases   ] GC(985)   Other: 0.3ms
[2025-12-25T06:34:56.942+0000][gc,heap     ] GC(985) Eden regions: 576->0(574)
[2025-12-25T06:34:56.942+0000][gc,heap     ] GC(985) Survivor regions: 8->9(60)
[2025-12-25T06:34:56.942+0000][gc,heap     ] GC(985) Old regions: 229->229
[2025-12-25T06:34:56.942+0000][gc,heap     ] GC(985) Humongous regions: 151->151
[2025-12-25T06:34:56.942+0000][gc,metaspace] GC(985) Metaspace: 16157K(16512K)->16157K(16512K) NonClass: 14494K(14592K)->14494K(14592K) Class: 1662K(1920K)->1662K(1920K)
[2025-12-25T06:34:56.943+0000][gc          ] GC(985) Pause Young (Normal) (G1 Evacuation Pause) 962M->388M(1024M) 16.824ms
[2025-12-25T06:34:56.943+0000][gc,cpu      ] GC(985) User=0.12s Sys=0.00s Real=0.02s
[2025-12-25T06:35:27.039+0000][gc,start    ] GC(986) Pause Young (Normal) (G1 Evacuation Pause)
[2025-12-25T06:35:27.040+0000][gc,task     ] GC(986) Using 8 workers of 8 for evacuation
[2025-12-25T06:35:27.055+0000][gc,phases   ] GC(986)   Pre Evacuate Collection Set: 0.9ms
[2025-12-25T06:35:27.055+0000][gc,phases   ] GC(986)   Merge Heap Roots: 0.2ms
[2025-12-25T06:35:27.056+0000][gc,phases   ] GC(986)   Evacuate Collection Set: 12.0ms
[2025-12-25T06:35:27.056+0000][gc,phases   ] GC(986)   Post Evacuate Collection Set: 2.1ms
[2025-12-25T06:35:27.056+0000][gc,phases   ] GC(986)   Other: 0.2ms
[2025-12-25T06:35:27.056+0000][gc,heap     ] GC(986) Eden regions: 574->0(580)
[2025-12-25T06:35:27.056+0000][gc,heap     ] GC(986) Survivor regions: 9->6(61)
[2025-12-25T06:35:27.056+0000][gc,heap     ] GC(986) Old regions: 229->229
[2025-12-25T06:35:27.056+0000][gc,heap     ] GC(986) Humongous regions: 151->151
[2025-12-25T06:35:27.056+0000][gc,metaspace] GC(986) Metaspace: 16157K(16512K)->16157K(16512K) NonClass: 14494K(14592K)->14494K(14592K) Class: 1662K(1920K)->1662K(1920K)
[2025-12-25T06:35:27.056+0000][gc          ] GC(986) Pause Young (Normal) (G1 Evacuation Pause) 962M->385M(1024M) 16.518ms
[2025-12-25T06:35:27.056+0000][gc,cpu      ] GC(986) User=0.11s Sys=0.00s Real=0.02s
[2025-12-25T06:35:57.170+0000][gc,start    ] GC(987) Pause Young (Normal) (G1 Evacuation Pause)
[2025-12-25T06:35:57.171+0000][gc,task     ] GC(987) Using 8 workers of 8 for evacuation
[2025-12-25T06:35:57.181+0000][gc,phases   ] GC(987)   Pre Evacuate Collection Set: 2.3ms
[2025-12-25T06:35:57.182+0000][gc,phases   ] GC(987)   Merge Heap Roots: 0.5ms
[2025-12-25T06:35:57.182+0000][gc,phases   ] GC(987)   Evacuate Collection Set: 5.0ms
[2025-12-25T06:35:57.182+0000][gc,phases   ] GC(987)   Post Evacuate Collection Set: 2.6ms
[2025-12-25T06:35:57.182+0000][gc,phases   ] GC(987)   Other: 0.3ms
[2025-12-25T06:35:57.182+0000][gc,heap     ] GC(987) Eden regions: 580->0(577)
[2025-12-25T06:35:57.182+0000][gc,heap     ] GC(987) Survivor regions: 6->7(58)
[2025-12-25T06:35:57.182+0000][gc,heap     ] GC(987) Old regions: 229->230
[2025-12-25T06:35:57.182+0000][gc,heap     ] GC(987) Humongous regions: 151->151
[2025-12-25T06:35:57.182+0000][gc,metaspace] GC(987) Metaspace: 16157K(16512K)->16157K(16512K) NonClass: 14494K(14592K)->14494K(14592K) Class: 1662K(1920K)->1662K(1920K)
[2025-12-25T06:35:57.182+0000][gc          ] GC(987) Pause Young (Normal) (G1 Evacuation Pause) 965M->386M(1024M) 11.821ms
[2025-12-25T06:35:57.182+0000][gc,cpu      ] GC(987) User=0.05s Sys=0.00s Real=0.02s
[2025-12-25T06:36:27.261+0000][gc,start    ] GC(988) Pause Young (Normal) (G1 Evacuation Pause)
[2025-12-25T06:36:27.262+0000][gc,task     ] GC(988) Using 8 workers of 8 for evacuation
[2025-12-25T06:36:27.280+0000][gc,phases   ] GC(988)   Pre Evacuate Collection Set: 0.9ms
[2025-12-25T06:36:27.280+0000][gc,phases   ] GC(988)   Merge Heap Roots: 0.3ms
[2025-12-25T06:36:27.280+0000][gc,phases   ] GC(988)   Evacuate Collection Set: 15.8ms
[2025-12-25T06:36:27.281+0000][gc,phases   ] GC(988)   Post Evacuate Collection Set: 1.0ms
[2025-12-25T06:36:27.281+0000][gc,phases   ] GC(988)   Other: 0.2ms
[2025-12-25T06:36:27.281+0000][gc,heap     ] GC(988) Eden regions: 577->0(575)
[2025-12-25T06:36:27.281+0000][gc,heap     ] GC(988) Survivor regions: 7->8(59)
[2025-12-25T06:36:27.281+0000][gc,heap     ] GC(988) Old regions: 230->230
[2025-12-25T06:36:27.281+0000][gc,heap     ] GC(988) Humongous regions: 151->151
[2025-12-25T06:36:27.281+0000][gc,metaspace] GC(988) Metaspace: 16157K(16512K)->16157K(16512K) NonClass: 14494K(14592K)->14494K(14592K) Class: 1662K(1920K)->1662K(1920K)
[2025-12-25T06:36:27.281+0000][gc          ] GC(988) Pause Young (Normal) (G1 Evacuation Pause) 963M->387M(1024M) 19.964ms
[2025-12-25T06:36:27.281+0000][gc,cpu      ] GC(988) User=0.12s Sys=0.00s Real=0.02s
[2025-12-25T06:37:06.831+0000][gc,start    ] GC(989) Pause Young (Normal) (G1 Evacuation Pause)
[2025-12-25T06:37:06.832+0000][gc,task     ] GC(989) Using 8 workers of 8 for evacuation
[2025-12-25T06:37:06.846+0000][gc,phases   ] GC(989)   Pre Evacuate Collection Set: 1.8ms
[2025-12-25T06:37:06.846+0000][gc,phases   ] GC(989)   Merge Heap Roots: 0.4ms
[2025-12-25T06:37:06.846+0000][gc,phases   ] GC(989)   Evacuate Collection Set: 9.7ms
[2025-12-25T06:37:06.846+0000][gc,phases   ] GC(989)   Post Evacuate Collection Set: 1.5ms
[2025-12-25T06:37:06.846+0000][gc,phases   ] GC(989)   Other: 0.5ms
[2025-12-25T06:37:06.846+0000][gc,heap     ] GC(989) Eden regions: 575->0(577)
[2025-12-25T06:37:06.846+0000][gc,heap     ] GC(989) Survivor regions: 8->7(60)
[2025-12-25T06:37:06.846+0000][gc,heap     ] GC(989) Old regions: 230->230
[2025-12-25T06:37:06.846+0000][gc,heap     ] GC(989) Humongous regions: 151->151
[2025-12-25T06:37:06.846+0000][gc,metaspace] GC(989) Metaspace: 16157K(16512K)->16157K(16512K) NonClass: 14494K(14592K)->14494K(14592K) Class: 1662K(1920K)->1662K(1920K)
[2025-12-25T06:37:06.847+0000][gc          ] GC(989) Pause Young (Normal) (G1 Evacuation Pause) 962M->386M(1024M) 15.135ms
[2025-12-25T06:37:06.847+0000][gc,cpu      ] GC(989) User=0.09s Sys=0.00s Real=0.01s
[2025-12-25T06:37:36.970+0000][gc,start    ] GC(990) Pause Young (Normal) (G1 Evacuation Pause)
[2025-12-25T06:37:36.970+0000][gc,task     ] GC(990) Using 8 workers of 8 for evacuation
[2025-12-25T06:37:36.988+0000][gc,phases   ] GC(990)   Pre Evacuate Collection Set: 1.2ms
[2025-12-25T06:37:36.988+0000][gc,phases   ] GC(990)   Merge Heap Roots: 0.4ms
[2025-12-25T06:37:36.988+0000][gc,phases   ] GC(990)   Evacuate Collection Set: 13.8ms
[2025-12-25T06:37:36.988+0000][gc,phases   ] GC(990)   Post Evacuate Collection Set: 1.5ms
[2025-12-25T06:37:36.988+0000][gc,phases   ] GC(990)   Other: 0.4ms
[2025-12-25T06:37:36.988+0000][gc,heap     ] GC(990) Eden regions: 577->0(577)
[2025-12-25T06:37:36.988+0000][gc,heap     ] GC(990) Survivor regions: 7->7(59)
[2025-12-25T06:37:36.988+0000][gc,heap     ] GC(990) Old regions: 230->230
[2025-12-25T06:37:36.988+0000][gc,heap     ] GC(990) Humongous regions: 151->151
[2025-12-25T06:37:36.988+0000][gc,metaspace] GC(990) Metaspace: 16157K(16512K)->16157K(16512K) NonClass: 14494K(14592K)->14494K(14592K) Class: 1662K(1920K)->1662K(1920K)
[2025-12-25T06:37:36.988+0000][gc          ] GC(990) Pause Young (Normal) (G1 Evacuation Pause) 963M->387M(1024M) 18.688ms
[2025-12-25T06:37:36.988+0000][gc,cpu      ] GC(990) User=0.11s Sys=0.00s Real=0.02s
[2025-12-25T06:38:07.069+0000][gc,start    ] GC(991) Pause Young (Normal) (G1 Evacuation Pause)
[2025-12-25T06:38:07.070+0000][gc,task     ] GC(991) Using 8 workers of 8 for evacuation
[2025-12-25T06:38:07.079+0000][gc,phases   ] GC(991)   Pre Evacuate Collection Set: 1.0ms
[2025-12-25T06:38:07.080+0000][gc,phases   ] GC(991)   Merge Heap Roots: 0.3ms
[2025-12-25T06:38:07.080+0000][gc,phases   ] GC(991)   Evacuate Collection Set: 6.8ms
[2025-12-25T06:38:07.080+0000][gc,phases   ] GC(991)   Post Evacuate Collection Set: 1.1ms
[2025-12-25T06:38:07.080+0000][gc,phases   ] GC(991)   Other: 0.3ms
[2025-12-25T06:38:07.080+0000][gc,heap     ] GC(991) Eden regions: 577->0(573)
[2025-12-25T06:38:07.080+0000][gc,heap     ] GC(991) Survivor regions: 7->9(59)
[2025-12-25T06:38:07.080+0000][gc,heap     ] GC(991) Old regions: 230->230
[2025-12-25T06:38:07.080+0000][gc,heap     ] GC(991) Humongous regions: 151->151
[2025-12-25T06:38:07.080+0000][gc,metaspace] GC(991) Metaspace: 16157K(16512K)->16157K(16512K) NonClass: 14494K(14592K)->14494K(14592K) Class: 1662K(1920K)->1662K(1920K)
[2025-12-25T06:38:07.080+0000][gc          ] GC(991) Pause Young (Normal) (G1 Evacuation Pause) 964M->389M(1024M) 10.971ms
[2025-12-25T06:38:07.080+0000][gc,cpu      ] GC(991) User=0.06s Sys=0.00s Real=0.02s
[2025-12-25T06:38:37.195+0000][gc,start    ] GC(992) Pause Young (Normal) (G1 Evacuation Pause)
[2025-12-25T06:38:37.196+0000][gc,task     ] GC(992) Using 8 workers of 8 for evacuation
[2025-12-25T06:38:37.217+0000][gc,phases   ] GC(992)   Pre Evacuate Collection Set: 1.1ms
[2025-12-25T06:38:37.217+0000][gc,phases   ] GC(992)   Merge Heap Roots: 0.3ms
[2025-12-25T06:38:37.217+0000][gc,phases   ] GC(992)   Evacuate Collection Set: 18.8ms
[2025-12-25T06:38:37.218+0000][gc,phases   ] GC(992)   Post Evacuate Collection Set: 1.1ms
[2025-12-25T06:38:37.218+0000][gc,phases   ] GC(992)   Other: 0.3ms
[2025-12-25T06:38:37.218+0000][gc,heap     ] GC(992) Eden regions: 573->0(570)
[2025-12-25T06:38:37.218+0000][gc,heap     ] GC(992) Survivor regions: 9->10(61)
[2025-12-25T06:38:37.218+0000][gc,heap     ] GC(992) Old regions: 230->231
[2025-12-25T06:38:37.218+0000][gc,heap     ] GC(992) Humongous regions: 151->151
[2025-12-25T06:38:37.218+0000][gc,metaspace] GC(992) Metaspace: 16157K(16512K)->16157K(16512K) NonClass: 14494K(14592K)->14494K(14592K) Class: 1662K(1920K)->1662K(1920K)
[2025-12-25T06:38:37.218+0000][gc          ] GC(992) Pause Young (Normal) (G1 Evacuation Pause) 962M->390M(1024M) 23.459ms
[2025-12-25T06:38:37.218+0000][gc,cpu      ] GC(992) User=0.11s Sys=0.04s Real=0.02s
[2025-12-25T06:39:07.290+0000][gc,start    ] GC(993) Pause Young (Normal) (G1 Evacuation Pause)
[2025-12-25T06:39:07.292+0000][gc,task     ] GC(993) Using 8 workers of 8 for evacuation
[2025-12-25T06:39:07.304+0000][gc,phases   ] GC(993)   Pre Evacuate Collection Set: 2.6ms
[2025-12-25T06:39:07.304+0000][gc,phases   ] GC(993)   Merge Heap Roots: 0.3ms
[2025-12-25T06:39:07.304+0000][gc,phases   ] GC(993)   Evacuate Collection Set: 7.8ms
[2025-12-25T06:39:07.304+0000][gc,phases   ] GC(993)   Post Evacuate Collection Set: 1.1ms
[2025-12-25T06:39:07.304+0000][gc,phases   ] GC(993)   Other: 0.4ms
[2025-12-25T06:39:07.304+0000][gc,heap     ] GC(993) Eden regions: 570->0(568)
[2025-12-25T06:39:07.304+0000][gc,heap     ] GC(993) Survivor regions: 10->11(62)
[2025-12-25T06:39:07.304+0000][gc,heap     ] GC(993) Old regions: 231->231
[2025-12-25T06:39:07.304+0000][gc,heap     ] GC(993) Humongous regions: 151->151
[2025-12-25T06:39:07.304+0000][gc,metaspace] GC(993) Metaspace: 16157K(16512K)->16157K(16512K) NonClass: 14494K(14592K)->14494K(14592K) Class: 1662K(1920K)->1662K(1920K)
[2025-12-25T06:39:07.304+0000][gc          ] GC(993) Pause Young (Normal) (G1 Evacuation Pause) 960M->391M(1024M) 14.246ms
[2025-12-25T06:39:07.304+0000][gc,cpu      ] GC(993) User=0.07s Sys=0.00s Real=0.01s
[2025-12-25T06:39:46.775+0000][gc,start    ] GC(994) Pause Young (Normal) (G1 Evacuation Pause)
[2025-12-25T06:39:46.775+0000][gc,task     ] GC(994) Using 8 workers of 8 for evacuation
[2025-12-25T06:39:46.789+0000][gc,phases   ] GC(994)   Pre Evacuate Collection Set: 1.7ms
[2025-12-25T06:39:46.790+0000][gc,phases   ] GC(994)   Merge Heap Roots: 0.5ms
[2025-12-25T06:39:46.790+0000][gc,phases   ] GC(994)   Evacuate Collection Set: 8.7ms
[2025-12-25T06:39:46.790+0000][gc,phases   ] GC(994)   Post Evacuate Collection Set: 1.2ms
[2025-12-25T06:39:46.790+0000][gc,phases   ] GC(994)   Other: 2.1ms
[2025-12-25T06:39:46.790+0000][gc,heap     ] GC(994) Eden regions: 568->0(580)
[2025-12-25T06:39:46.790+0000][gc,heap     ] GC(994) Survivor regions: 11->5(63)
[2025-12-25T06:39:46.790+0000][gc,heap     ] GC(994) Old regions: 231->231
[2025-12-25T06:39:46.790+0000][gc,heap     ] GC(994) Humongous regions: 151->151
[2025-12-25T06:39:46.790+0000][gc,metaspace] GC(994) Metaspace: 16157K(16512K)->16157K(16512K) NonClass: 14494K(14592K)->14494K(14592K) Class: 1662K(1920K)->1662K(1920K)
[2025-12-25T06:39:46.790+0000][gc          ] GC(994) Pause Young (Normal) (G1 Evacuation Pause) 959M->386M(1024M) 15.406ms
[2025-12-25T06:39:46.790+0000][gc,cpu      ] GC(994) User=0.08s Sys=0.00s Real=0.02s
[2025-12-25T06:40:16.928+0000][gc,start    ] GC(995) Pause Young (Normal) (G1 Evacuation Pause)
[2025-12-25T06:40:16.928+0000][gc,task     ] GC(995) Using 8 workers of 8 for evacuation
[2025-12-25T06:40:16.940+0000][gc,phases   ] GC(995)   Pre Evacuate Collection Set: 2.0ms
[2025-12-25T06:40:16.940+0000][gc,phases   ] GC(995)   Merge Heap Roots: 0.4ms
[2025-12-25T06:40:16.940+0000][gc,phases   ] GC(995)   Evacuate Collection Set: 7.0ms
[2025-12-25T06:40:16.940+0000][gc,phases   ] GC(995)   Post Evacuate Collection Set: 2.1ms
[2025-12-25T06:40:16.940+0000][gc,phases   ] GC(995)   Other: 0.4ms
[2025-12-25T06:40:16.940+0000][gc,heap     ] GC(995) Eden regions: 580->0(578)
[2025-12-25T06:40:16.940+0000][gc,heap     ] GC(995) Survivor regions: 5->6(57)
[2025-12-25T06:40:16.941+0000][gc,heap     ] GC(995) Old regions: 231->231
[2025-12-25T06:40:16.941+0000][gc,heap     ] GC(995) Humongous regions: 151->151
[2025-12-25T06:40:16.941+0000][gc,metaspace] GC(995) Metaspace: 16157K(16512K)->16157K(16512K) NonClass: 14494K(14592K)->14494K(14592K) Class: 1662K(1920K)->1662K(1920K)
[2025-12-25T06:40:16.941+0000][gc          ] GC(995) Pause Young (Normal) (G1 Evacuation Pause) 966M->387M(1024M) 13.515ms
[2025-12-25T06:40:16.941+0000][gc,cpu      ] GC(995) User=0.07s Sys=0.01s Real=0.02s
[2025-12-25T06:40:47.053+0000][gc,start    ] GC(996) Pause Young (Normal) (G1 Evacuation Pause)
[2025-12-25T06:40:47.053+0000][gc,task     ] GC(996) Using 8 workers of 8 for evacuation
[2025-12-25T06:40:47.071+0000][gc,phases   ] GC(996)   Pre Evacuate Collection Set: 2.7ms
[2025-12-25T06:40:47.071+0000][gc,phases   ] GC(996)   Merge Heap Roots: 1.2ms
[2025-12-25T06:40:47.071+0000][gc,phases   ] GC(996)   Evacuate Collection Set: 11.7ms
[2025-12-25T06:40:47.071+0000][gc,phases   ] GC(996)   Post Evacuate Collection Set: 1.2ms
[2025-12-25T06:40:47.071+0000][gc,phases   ] GC(996)   Other: 0.6ms
[2025-12-25T06:40:47.071+0000][gc,heap     ] GC(996) Eden regions: 578->0(575)
[2025-12-25T06:40:47.071+0000][gc,heap     ] GC(996) Survivor regions: 6->7(58)
[2025-12-25T06:40:47.071+0000][gc,heap     ] GC(996) Old regions: 231->232
[2025-12-25T06:40:47.071+0000][gc,heap     ] GC(996) Humongous regions: 151->151
[2025-12-25T06:40:47.071+0000][gc,metaspace] GC(996) Metaspace: 16157K(16512K)->16157K(16512K) NonClass: 14494K(14592K)->14494K(14592K) Class: 1662K(1920K)->1662K(1920K)
[2025-12-25T06:40:47.072+0000][gc          ] GC(996) Pause Young (Normal) (G1 Evacuation Pause) 965M->388M(1024M) 18.936ms
[2025-12-25T06:40:47.072+0000][gc,cpu      ] GC(996) User=0.10s Sys=0.00s Real=0.02s
[2025-12-25T06:41:17.183+0000][gc,start    ] GC(997) Pause Young (Normal) (G1 Evacuation Pause)
[2025-12-25T06:41:17.186+0000][gc,task     ] GC(997) Using 8 workers of 8 for evacuation
[2025-12-25T06:41:17.206+0000][gc,phases   ] GC(997)   Pre Evacuate Collection Set: 4.5ms
[2025-12-25T06:41:17.206+0000][gc,phases   ] GC(997)   Merge Heap Roots: 0.9ms
[2025-12-25T06:41:17.206+0000][gc,phases   ] GC(997)   Evacuate Collection Set: 9.7ms
[2025-12-25T06:41:17.206+0000][gc,phases   ] GC(997)   Post Evacuate Collection Set: 3.6ms
[2025-12-25T06:41:17.206+0000][gc,phases   ] GC(997)   Other: 2.3ms
[2025-12-25T06:41:17.206+0000][gc,heap     ] GC(997) Eden regions: 575->0(573)
[2025-12-25T06:41:17.206+0000][gc,heap     ] GC(997) Survivor regions: 7->8(59)
[2025-12-25T06:41:17.206+0000][gc,heap     ] GC(997) Old regions: 232->232
[2025-12-25T06:41:17.207+0000][gc,heap     ] GC(997) Humongous regions: 151->151
[2025-12-25T06:41:17.207+0000][gc,metaspace] GC(997) Metaspace: 16157K(16512K)->16157K(16512K) NonClass: 14494K(14592K)->14494K(14592K) Class: 1662K(1920K)->1662K(1920K)
[2025-12-25T06:41:17.207+0000][gc          ] GC(997) Pause Young (Normal) (G1 Evacuation Pause) 963M->390M(1024M) 23.888ms
[2025-12-25T06:41:17.207+0000][gc,cpu      ] GC(997) User=0.10s Sys=0.00s Real=0.02s
[2025-12-25T06:41:47.292+0000][gc,start    ] GC(998) Pause Young (Normal) (G1 Evacuation Pause)
[2025-12-25T06:41:47.293+0000][gc,task     ] GC(998) Using 8 workers of 8 for evacuation
[2025-12-25T06:41:47.309+0000][gc,phases   ] GC(998)   Pre Evacuate Collection Set: 0.9ms
[2025-12-25T06:41:47.310+0000][gc,phases   ] GC(998)   Merge Heap Roots: 0.3ms
[2025-12-25T06:41:47.310+0000][gc,phases   ] GC(998)   Evacuate Collection Set: 14.5ms
[2025-12-25T06:41:47.310+0000][gc,phases   ] GC(998)   Post Evacuate Collection Set: 1.0ms
[2025-12-25T06:41:47.310+0000][gc,phases   ] GC(998)   Other: 0.3ms
[2025-12-25T06:41:47.310+0000][gc,heap     ] GC(998) Eden regions: 573->0(571)
[2025-12-25T06:41:47.310+0000][gc,heap     ] GC(998) Survivor regions: 8->9(60)
[2025-12-25T06:41:47.310+0000][gc,heap     ] GC(998) Old regions: 232->232
[2025-12-25T06:41:47.310+0000][gc,heap     ] GC(998) Humongous regions: 151->151
[2025-12-25T06:41:47.310+0000][gc,metaspace] GC(998) Metaspace: 16157K(16512K)->16157K(16512K) NonClass: 14495K(14592K)->14495K(14592K) Class: 1662K(1920K)->1662K(1920K)
[2025-12-25T06:41:47.310+0000][gc          ] GC(998) Pause Young (Normal) (G1 Evacuation Pause) 963M->391M(1024M) 18.245ms
[2025-12-25T06:41:47.310+0000][gc,cpu      ] GC(998) User=0.12s Sys=0.00s Real=0.02s
[2025-12-25T06:42:26.808+0000][gc,start    ] GC(999) Pause Young (Normal) (G1 Evacuation Pause)
[2025-12-25T06:42:26.808+0000][gc,task     ] GC(999) Using 8 workers of 8 for evacuation
[2025-12-25T06:42:26.833+0000][gc,phases   ] GC(999)   Pre Evacuate Collection Set: 1.5ms
[2025-12-25T06:42:26.833+0000][gc,phases   ] GC(999)   Merge Heap Roots: 0.3ms
[2025-12-25T06:42:26.833+0000][gc,phases   ] GC(999)   Evacuate Collection Set: 21.7ms
[2025-12-25T06:42:26.833+0000][gc,phases   ] GC(999)   Post Evacuate Collection Set: 1.0ms
[2025-12-25T06:42:26.834+0000][gc,phases   ] GC(999)   Other: 0.5ms
[2025-12-25T06:42:26.834+0000][gc,heap     ] GC(999) Eden regions: 571->0(575)
[2025-12-25T06:42:26.834+0000][gc,heap     ] GC(999) Survivor regions: 9->7(61)
[2025-12-25T06:42:26.834+0000][gc,heap     ] GC(999) Old regions: 232->232
[2025-12-25T06:42:26.834+0000][gc,heap     ] GC(999) Humongous regions: 151->151
[2025-12-25T06:42:26.834+0000][gc,metaspace] GC(999) Metaspace: 16157K(16512K)->16157K(16512K) NonClass: 14495K(14592K)->14495K(14592K) Class: 1662K(1920K)->1662K(1920K)
[2025-12-25T06:42:26.834+0000][gc          ] GC(999) Pause Young (Normal) (G1 Evacuation Pause) 962M->389M(1024M) 26.290ms
[2025-12-25T06:42:26.834+0000][gc,cpu      ] GC(999) User=0.16s Sys=0.00s Real=0.02s
[2025-12-25T06:42:56.945+0000][gc,start    ] GC(1000) Pause Young (Normal) (G1 Evacuation Pause)
[2025-12-25T06:42:56.945+0000][gc,task     ] GC(1000) Using 8 workers of 8 for evacuation
[2025-12-25T06:42:56.960+0000][gc,phases   ] GC(1000)   Pre Evacuate Collection Set: 1.0ms
[2025-12-25T06:42:56.961+0000][gc,phases   ] GC(1000)   Merge Heap Roots: 0.2ms
[2025-12-25T06:42:56.961+0000][gc,phases   ] GC(1000)   Evacuate Collection Set: 8.4ms
[2025-12-25T06:42:56.961+0000][gc,phases   ] GC(1000)   Post Evacuate Collection Set: 5.3ms
[2025-12-25T06:42:56.961+0000][gc,phases   ] GC(1000)   Other: 0.2ms
[2025-12-25T06:42:56.961+0000][gc,heap     ] GC(1000) Eden regions: 575->0(571)
[2025-12-25T06:42:56.961+0000][gc,heap     ] GC(1000) Survivor regions: 7->9(59)
[2025-12-25T06:42:56.961+0000][gc,heap     ] GC(1000) Old regions: 232->232
[2025-12-25T06:42:56.961+0000][gc,heap     ] GC(1000) Humongous regions: 151->151
[2025-12-25T06:42:56.961+0000][gc,metaspace] GC(1000) Metaspace: 16157K(16512K)->16157K(16512K) NonClass: 14495K(14592K)->14495K(14592K) Class: 1662K(1920K)->1662K(1920K)
[2025-12-25T06:42:56.961+0000][gc          ] GC(1000) Pause Young (Normal) (G1 Evacuation Pause) 964M->391M(1024M) 16.313ms
[2025-12-25T06:42:56.961+0000][gc,cpu      ] GC(1000) User=0.09s Sys=0.01s Real=0.02s
[2025-12-25T06:43:27.028+0000][gc,start    ] GC(1001) Pause Young (Normal) (G1 Evacuation Pause)
[2025-12-25T06:43:27.028+0000][gc,task     ] GC(1001) Using 8 workers of 8 for evacuation
[2025-12-25T06:43:27.040+0000][gc,phases   ] GC(1001)   Pre Evacuate Collection Set: 1.0ms
[2025-12-25T06:43:27.041+0000][gc,phases   ] GC(1001)   Merge Heap Roots: 0.3ms
[2025-12-25T06:43:27.041+0000][gc,phases   ] GC(1001)   Evacuate Collection Set: 9.3ms
[2025-12-25T06:43:27.041+0000][gc,phases   ] GC(1001)   Post Evacuate Collection Set: 1.1ms
[2025-12-25T06:43:27.041+0000][gc,phases   ] GC(1001)   Other: 0.3ms
[2025-12-25T06:43:27.041+0000][gc,heap     ] GC(1001) Eden regions: 571->0(578)
[2025-12-25T06:43:27.041+0000][gc,heap     ] GC(1001) Survivor regions: 9->5(61)
[2025-12-25T06:43:27.041+0000][gc,heap     ] GC(1001) Old regions: 232->233
[2025-12-25T06:43:27.041+0000][gc,heap     ] GC(1001) Humongous regions: 151->151
[2025-12-25T06:43:27.041+0000][gc,metaspace] GC(1001) Metaspace: 16157K(16512K)->16157K(16512K) NonClass: 14495K(14592K)->14495K(14592K) Class: 1662K(1920K)->1662K(1920K)
[2025-12-25T06:43:27.041+0000][gc          ] GC(1001) Pause Young (Normal) (G1 Evacuation Pause) 962M->388M(1024M) 13.415ms
[2025-12-25T06:43:27.041+0000][gc,cpu      ] GC(1001) User=0.08s Sys=0.00s Real=0.01s
[2025-12-25T06:43:57.265+0000][gc,start    ] GC(1002) Pause Young (Normal) (G1 Evacuation Pause)
[2025-12-25T06:43:57.266+0000][gc,task     ] GC(1002) Using 8 workers of 8 for evacuation
[2025-12-25T06:43:57.280+0000][gc,phases   ] GC(1002)   Pre Evacuate Collection Set: 1.3ms
[2025-12-25T06:43:57.280+0000][gc,phases   ] GC(1002)   Merge Heap Roots: 0.4ms
[2025-12-25T06:43:57.280+0000][gc,phases   ] GC(1002)   Evacuate Collection Set: 10.1ms
[2025-12-25T06:43:57.280+0000][gc,phases   ] GC(1002)   Post Evacuate Collection Set: 1.6ms
[2025-12-25T06:43:57.280+0000][gc,phases   ] GC(1002)   Other: 0.4ms
[2025-12-25T06:43:57.280+0000][gc,heap     ] GC(1002) Eden regions: 578->0(576)
[2025-12-25T06:43:57.280+0000][gc,heap     ] GC(1002) Survivor regions: 5->6(57)
[2025-12-25T06:43:57.280+0000][gc,heap     ] GC(1002) Old regions: 233->233
[2025-12-25T06:43:57.280+0000][gc,heap     ] GC(1002) Humongous regions: 151->151
[2025-12-25T06:43:57.280+0000][gc,metaspace] GC(1002) Metaspace: 16157K(16512K)->16157K(16512K) NonClass: 14495K(14592K)->14495K(14592K) Class: 1662K(1920K)->1662K(1920K)
[2025-12-25T06:43:57.281+0000][gc          ] GC(1002) Pause Young (Normal) (G1 Evacuation Pause) 966M->388M(1024M) 15.313ms
[2025-12-25T06:43:57.281+0000][gc,cpu      ] GC(1002) User=0.09s Sys=0.01s Real=0.01s
[2025-12-25T06:44:27.614+0000][gc,start    ] GC(1003) Pause Young (Normal) (G1 Evacuation Pause)
[2025-12-25T06:44:27.615+0000][gc,task     ] GC(1003) Using 8 workers of 8 for evacuation
[2025-12-25T06:44:27.638+0000][gc,phases   ] GC(1003)   Pre Evacuate Collection Set: 2.2ms
[2025-12-25T06:44:27.638+0000][gc,phases   ] GC(1003)   Merge Heap Roots: 0.6ms
[2025-12-25T06:44:27.638+0000][gc,phases   ] GC(1003)   Evacuate Collection Set: 17.7ms
[2025-12-25T06:44:27.638+0000][gc,phases   ] GC(1003)   Post Evacuate Collection Set: 2.1ms
[2025-12-25T06:44:27.639+0000][gc,phases   ] GC(1003)   Other: 0.5ms
[2025-12-25T06:44:27.639+0000][gc,heap     ] GC(1003) Eden regions: 576->0(574)
[2025-12-25T06:44:27.639+0000][gc,heap     ] GC(1003) Survivor regions: 6->7(58)
[2025-12-25T06:44:27.639+0000][gc,heap     ] GC(1003) Old regions: 233->233
[2025-12-25T06:44:27.639+0000][gc,heap     ] GC(1003) Humongous regions: 151->151
[2025-12-25T06:44:27.639+0000][gc,metaspace] GC(1003) Metaspace: 16157K(16512K)->16157K(16512K) NonClass: 14495K(14592K)->14495K(14592K) Class: 1662K(1920K)->1662K(1920K)
[2025-12-25T06:44:27.639+0000][gc          ] GC(1003) Pause Young (Normal) (G1 Evacuation Pause) 964M->390M(1024M) 25.448ms
[2025-12-25T06:44:27.640+0000][gc,cpu      ] GC(1003) User=0.14s Sys=0.00s Real=0.02s
[2025-12-25T06:45:06.788+0000][gc,start    ] GC(1004) Pause Young (Normal) (G1 Evacuation Pause)
[2025-12-25T06:45:06.790+0000][gc,task     ] GC(1004) Using 8 workers of 8 for evacuation
[2025-12-25T06:45:06.812+0000][gc,phases   ] GC(1004)   Pre Evacuate Collection Set: 2.9ms
[2025-12-25T06:45:06.812+0000][gc,phases   ] GC(1004)   Merge Heap Roots: 0.4ms
[2025-12-25T06:45:06.812+0000][gc,phases   ] GC(1004)   Evacuate Collection Set: 15.4ms
[2025-12-25T06:45:06.812+0000][gc,phases   ] GC(1004)   Post Evacuate Collection Set: 2.1ms
[2025-12-25T06:45:06.813+0000][gc,phases   ] GC(1004)   Other: 1.2ms
[2025-12-25T06:45:06.815+0000][gc,heap     ] GC(1004) Eden regions: 574->0(576)
[2025-12-25T06:45:06.815+0000][gc,heap     ] GC(1004) Survivor regions: 7->6(59)
[2025-12-25T06:45:06.815+0000][gc,heap     ] GC(1004) Old regions: 233->233
[2025-12-25T06:45:06.815+0000][gc,heap     ] GC(1004) Humongous regions: 151->151
[2025-12-25T06:45:06.816+0000][gc,metaspace] GC(1004) Metaspace: 16157K(16512K)->16157K(16512K) NonClass: 14495K(14592K)->14495K(14592K) Class: 1662K(1920K)->1662K(1920K)
[2025-12-25T06:45:06.816+0000][gc          ] GC(1004) Pause Young (Normal) (G1 Evacuation Pause) 964M->389M(1024M) 28.211ms
[2025-12-25T06:45:06.816+0000][gc,cpu      ] GC(1004) User=0.13s Sys=0.00s Real=0.03s
[2025-12-25T06:45:36.949+0000][gc,start    ] GC(1005) Pause Young (Normal) (G1 Evacuation Pause)
[2025-12-25T06:45:36.949+0000][gc,task     ] GC(1005) Using 8 workers of 8 for evacuation
[2025-12-25T06:45:36.978+0000][gc,phases   ] GC(1005)   Pre Evacuate Collection Set: 9.0ms
[2025-12-25T06:45:36.978+0000][gc,phases   ] GC(1005)   Merge Heap Roots: 3.4ms
[2025-12-25T06:45:36.978+0000][gc,phases   ] GC(1005)   Evacuate Collection Set: 14.8ms
[2025-12-25T06:45:36.978+0000][gc,phases   ] GC(1005)   Post Evacuate Collection Set: 1.3ms
[2025-12-25T06:45:36.978+0000][gc,phases   ] GC(1005)   Other: 0.3ms
[2025-12-25T06:45:36.978+0000][gc,heap     ] GC(1005) Eden regions: 576->0(574)
[2025-12-25T06:45:36.978+0000][gc,heap     ] GC(1005) Survivor regions: 6->7(58)
[2025-12-25T06:45:36.978+0000][gc,heap     ] GC(1005) Old regions: 233->233
[2025-12-25T06:45:36.979+0000][gc,heap     ] GC(1005) Humongous regions: 151->151
[2025-12-25T06:45:36.979+0000][gc,metaspace] GC(1005) Metaspace: 16157K(16512K)->16157K(16512K) NonClass: 14495K(14592K)->14495K(14592K) Class: 1662K(1920K)->1662K(1920K)
[2025-12-25T06:45:36.979+0000][gc          ] GC(1005) Pause Young (Normal) (G1 Evacuation Pause) 965M->390M(1024M) 29.940ms
[2025-12-25T06:45:36.979+0000][gc,cpu      ] GC(1005) User=0.15s Sys=0.01s Real=0.03s
[2025-12-25T06:46:07.069+0000][gc,start    ] GC(1006) Pause Young (Normal) (G1 Evacuation Pause)
[2025-12-25T06:46:07.070+0000][gc,task     ] GC(1006) Using 8 workers of 8 for evacuation
[2025-12-25T06:46:07.085+0000][gc,phases   ] GC(1006)   Pre Evacuate Collection Set: 1.1ms
[2025-12-25T06:46:07.086+0000][gc,phases   ] GC(1006)   Merge Heap Roots: 0.3ms
[2025-12-25T06:46:07.086+0000][gc,phases   ] GC(1006)   Evacuate Collection Set: 8.5ms
[2025-12-25T06:46:07.086+0000][gc,phases   ] GC(1006)   Post Evacuate Collection Set: 5.0ms
[2025-12-25T06:46:07.086+0000][gc,phases   ] GC(1006)   Other: 1.1ms
[2025-12-25T06:46:07.086+0000][gc,heap     ] GC(1006) Eden regions: 574->0(571)
[2025-12-25T06:46:07.086+0000][gc,heap     ] GC(1006) Survivor regions: 7->8(59)
[2025-12-25T06:46:07.086+0000][gc,heap     ] GC(1006) Old regions: 233->234
[2025-12-25T06:46:07.086+0000][gc,heap     ] GC(1006) Humongous regions: 151->151
[2025-12-25T06:46:07.086+0000][gc,metaspace] GC(1006) Metaspace: 16157K(16512K)->16157K(16512K) NonClass: 14495K(14592K)->14495K(14592K) Class: 1662K(1920K)->1662K(1920K)
[2025-12-25T06:46:07.086+0000][gc          ] GC(1006) Pause Young (Normal) (G1 Evacuation Pause) 964M->392M(1024M) 17.675ms
[2025-12-25T06:46:07.086+0000][gc,cpu      ] GC(1006) User=0.07s Sys=0.01s Real=0.01s
[2025-12-25T06:46:37.140+0000][gc,start    ] GC(1007) Pause Young (Normal) (G1 Evacuation Pause)
[2025-12-25T06:46:37.141+0000][gc,task     ] GC(1007) Using 8 workers of 8 for evacuation
[2025-12-25T06:46:37.152+0000][gc,phases   ] GC(1007)   Pre Evacuate Collection Set: 1.0ms
[2025-12-25T06:46:37.152+0000][gc,phases   ] GC(1007)   Merge Heap Roots: 0.3ms
[2025-12-25T06:46:37.152+0000][gc,phases   ] GC(1007)   Evacuate Collection Set: 7.9ms
[2025-12-25T06:46:37.152+0000][gc,phases   ] GC(1007)   Post Evacuate Collection Set: 1.2ms
[2025-12-25T06:46:37.152+0000][gc,phases   ] GC(1007)   Other: 0.2ms
[2025-12-25T06:46:37.152+0000][gc,heap     ] GC(1007) Eden regions: 571->0(569)
[2025-12-25T06:46:37.152+0000][gc,heap     ] GC(1007) Survivor regions: 8->9(60)
[2025-12-25T06:46:37.153+0000][gc,heap     ] GC(1007) Old regions: 234->234
[2025-12-25T06:46:37.153+0000][gc,heap     ] GC(1007) Humongous regions: 151->151
[2025-12-25T06:46:37.153+0000][gc,metaspace] GC(1007) Metaspace: 16157K(16512K)->16157K(16512K) NonClass: 14495K(14592K)->14495K(14592K) Class: 1662K(1920K)->1662K(1920K)
[2025-12-25T06:46:37.153+0000][gc          ] GC(1007) Pause Young (Normal) (G1 Evacuation Pause) 963M->393M(1024M) 12.304ms
[2025-12-25T06:46:37.153+0000][gc,cpu      ] GC(1007) User=0.06s Sys=0.00s Real=0.01s
[2025-12-25T06:47:07.243+0000][gc,start    ] GC(1008) Pause Young (Normal) (G1 Evacuation Pause)
[2025-12-25T06:47:07.248+0000][gc,task     ] GC(1008) Using 8 workers of 8 for evacuation
[2025-12-25T06:47:07.264+0000][gc,phases   ] GC(1008)   Pre Evacuate Collection Set: 1.0ms
[2025-12-25T06:47:07.264+0000][gc,phases   ] GC(1008)   Merge Heap Roots: 0.2ms
[2025-12-25T06:47:07.264+0000][gc,phases   ] GC(1008)   Evacuate Collection Set: 12.1ms
[2025-12-25T06:47:07.264+0000][gc,phases   ] GC(1008)   Post Evacuate Collection Set: 1.3ms
[2025-12-25T06:47:07.264+0000][gc,phases   ] GC(1008)   Other: 1.5ms
[2025-12-25T06:47:07.264+0000][gc,heap     ] GC(1008) Eden regions: 569->0(567)
[2025-12-25T06:47:07.264+0000][gc,heap     ] GC(1008) Survivor regions: 9->10(61)
[2025-12-25T06:47:07.264+0000][gc,heap     ] GC(1008) Old regions: 234->234
[2025-12-25T06:47:07.264+0000][gc,heap     ] GC(1008) Humongous regions: 151->151
[2025-12-25T06:47:07.265+0000][gc,metaspace] GC(1008) Metaspace: 16157K(16512K)->16157K(16512K) NonClass: 14495K(14592K)->14495K(14592K) Class: 1662K(1920K)->1662K(1920K)
[2025-12-25T06:47:07.265+0000][gc          ] GC(1008) Pause Young (Normal) (G1 Evacuation Pause) 962M->394M(1024M) 21.973ms
[2025-12-25T06:47:07.265+0000][gc,cpu      ] GC(1008) User=0.09s Sys=0.00s Real=0.02s
[2025-12-25T06:47:37.312+0000][gc,start    ] GC(1009) Pause Young (Normal) (G1 Evacuation Pause)
[2025-12-25T06:47:37.312+0000][gc,task     ] GC(1009) Using 8 workers of 8 for evacuation
[2025-12-25T06:47:37.326+0000][gc,phases   ] GC(1009)   Pre Evacuate Collection Set: 1.1ms
[2025-12-25T06:47:37.326+0000][gc,phases   ] GC(1009)   Merge Heap Roots: 0.3ms
[2025-12-25T06:47:37.326+0000][gc,phases   ] GC(1009)   Evacuate Collection Set: 10.8ms
[2025-12-25T06:47:37.326+0000][gc,phases   ] GC(1009)   Post Evacuate Collection Set: 1.3ms
[2025-12-25T06:47:37.326+0000][gc,phases   ] GC(1009)   Other: 0.3ms
[2025-12-25T06:47:37.326+0000][gc,heap     ] GC(1009) Eden regions: 567->0(575)
[2025-12-25T06:47:37.327+0000][gc,heap     ] GC(1009) Survivor regions: 10->6(62)
[2025-12-25T06:47:37.327+0000][gc,heap     ] GC(1009) Old regions: 234->234
[2025-12-25T06:47:37.327+0000][gc,heap     ] GC(1009) Humongous regions: 151->151
[2025-12-25T06:47:37.327+0000][gc,metaspace] GC(1009) Metaspace: 16157K(16512K)->16157K(16512K) NonClass: 14495K(14592K)->14495K(14592K) Class: 1662K(1920K)->1662K(1920K)
[2025-12-25T06:47:37.327+0000][gc          ] GC(1009) Pause Young (Normal) (G1 Evacuation Pause) 961M->390M(1024M) 15.025ms
[2025-12-25T06:47:37.327+0000][gc,cpu      ] GC(1009) User=0.06s Sys=0.00s Real=0.02s
[2025-12-25T06:48:16.881+0000][gc,start    ] GC(1010) Pause Young (Normal) (G1 Evacuation Pause)
[2025-12-25T06:48:16.881+0000][gc,task     ] GC(1010) Using 8 workers of 8 for evacuation
[2025-12-25T06:48:16.894+0000][gc,phases   ] GC(1010)   Pre Evacuate Collection Set: 1.1ms
[2025-12-25T06:48:16.894+0000][gc,phases   ] GC(1010)   Merge Heap Roots: 0.3ms
[2025-12-25T06:48:16.894+0000][gc,phases   ] GC(1010)   Evacuate Collection Set: 9.2ms
[2025-12-25T06:48:16.894+0000][gc,phases   ] GC(1010)   Post Evacuate Collection Set: 1.9ms
[2025-12-25T06:48:16.895+0000][gc,phases   ] GC(1010)   Other: 0.4ms
[2025-12-25T06:48:16.895+0000][gc,heap     ] GC(1010) Eden regions: 575->0(576)
[2025-12-25T06:48:16.895+0000][gc,heap     ] GC(1010) Survivor regions: 6->5(58)
[2025-12-25T06:48:16.895+0000][gc,heap     ] GC(1010) Old regions: 234->235
[2025-12-25T06:48:16.895+0000][gc,heap     ] GC(1010) Humongous regions: 151->151
[2025-12-25T06:48:16.895+0000][gc,metaspace] GC(1010) Metaspace: 16157K(16512K)->16157K(16512K) NonClass: 14495K(14592K)->14495K(14592K) Class: 1662K(1920K)->1662K(1920K)
[2025-12-25T06:48:16.895+0000][gc          ] GC(1010) Pause Young (Normal) (G1 Evacuation Pause) 965M->389M(1024M) 14.600ms
[2025-12-25T06:48:16.895+0000][gc,cpu      ] GC(1010) User=0.09s Sys=0.00s Real=0.02s
[2025-12-25T06:48:46.993+0000][gc,start    ] GC(1011) Pause Young (Normal) (G1 Evacuation Pause)
[2025-12-25T06:48:46.994+0000][gc,task     ] GC(1011) Using 8 workers of 8 for evacuation
[2025-12-25T06:48:47.007+0000][gc,phases   ] GC(1011)   Pre Evacuate Collection Set: 1.1ms
[2025-12-25T06:48:47.007+0000][gc,phases   ] GC(1011)   Merge Heap Roots: 0.4ms
[2025-12-25T06:48:47.007+0000][gc,phases   ] GC(1011)   Evacuate Collection Set: 10.1ms
[2025-12-25T06:48:47.007+0000][gc,phases   ] GC(1011)   Post Evacuate Collection Set: 1.3ms
[2025-12-25T06:48:47.008+0000][gc,phases   ] GC(1011)   Other: 0.3ms
[2025-12-25T06:48:47.008+0000][gc,heap     ] GC(1011) Eden regions: 576->0(574)
[2025-12-25T06:48:47.008+0000][gc,heap     ] GC(1011) Survivor regions: 5->6(57)
[2025-12-25T06:48:47.008+0000][gc,heap     ] GC(1011) Old regions: 235->235
[2025-12-25T06:48:47.008+0000][gc,heap     ] GC(1011) Humongous regions: 151->151
[2025-12-25T06:48:47.008+0000][gc,metaspace] GC(1011) Metaspace: 16157K(16512K)->16157K(16512K) NonClass: 14495K(14592K)->14495K(14592K) Class: 1662K(1920K)->1662K(1920K)
[2025-12-25T06:48:47.008+0000][gc          ] GC(1011) Pause Young (Normal) (G1 Evacuation Pause) 965M->391M(1024M) 14.563ms
[2025-12-25T06:48:47.008+0000][gc,cpu      ] GC(1011) User=0.09s Sys=0.00s Real=0.02s
[2025-12-25T06:49:17.102+0000][gc,start    ] GC(1012) Pause Young (Normal) (G1 Evacuation Pause)
[2025-12-25T06:49:17.103+0000][gc,task     ] GC(1012) Using 8 workers of 8 for evacuation
[2025-12-25T06:49:17.113+0000][gc,phases   ] GC(1012)   Pre Evacuate Collection Set: 1.3ms
[2025-12-25T06:49:17.113+0000][gc,phases   ] GC(1012)   Merge Heap Roots: 0.2ms
[2025-12-25T06:49:17.113+0000][gc,phases   ] GC(1012)   Evacuate Collection Set: 7.3ms
[2025-12-25T06:49:17.113+0000][gc,phases   ] GC(1012)   Post Evacuate Collection Set: 1.1ms
[2025-12-25T06:49:17.113+0000][gc,phases   ] GC(1012)   Other: 0.2ms
[2025-12-25T06:49:17.113+0000][gc,heap     ] GC(1012) Eden regions: 574->0(572)
[2025-12-25T06:49:17.113+0000][gc,heap     ] GC(1012) Survivor regions: 6->7(58)
[2025-12-25T06:49:17.113+0000][gc,heap     ] GC(1012) Old regions: 235->235
[2025-12-25T06:49:17.113+0000][gc,heap     ] GC(1012) Humongous regions: 151->151
[2025-12-25T06:49:17.113+0000][gc,metaspace] GC(1012) Metaspace: 16157K(16512K)->16157K(16512K) NonClass: 14495K(14592K)->14495K(14592K) Class: 1662K(1920K)->1662K(1920K)
[2025-12-25T06:49:17.114+0000][gc          ] GC(1012) Pause Young (Normal) (G1 Evacuation Pause) 965M->392M(1024M) 11.334ms
[2025-12-25T06:49:17.114+0000][gc,cpu      ] GC(1012) User=0.06s Sys=0.00s Real=0.01s
[2025-12-25T06:49:47.198+0000][gc,start    ] GC(1013) Pause Young (Normal) (G1 Evacuation Pause)
[2025-12-25T06:49:47.199+0000][gc,task     ] GC(1013) Using 8 workers of 8 for evacuation
[2025-12-25T06:49:47.210+0000][gc,phases   ] GC(1013)   Pre Evacuate Collection Set: 1.0ms
[2025-12-25T06:49:47.211+0000][gc,phases   ] GC(1013)   Merge Heap Roots: 0.4ms
[2025-12-25T06:49:47.211+0000][gc,phases   ] GC(1013)   Evacuate Collection Set: 9.1ms
[2025-12-25T06:49:47.211+0000][gc,phases   ] GC(1013)   Post Evacuate Collection Set: 1.1ms
[2025-12-25T06:49:47.211+0000][gc,phases   ] GC(1013)   Other: 0.3ms
[2025-12-25T06:49:47.211+0000][gc,heap     ] GC(1013) Eden regions: 572->0(568)
[2025-12-25T06:49:47.211+0000][gc,heap     ] GC(1013) Survivor regions: 7->9(59)
[2025-12-25T06:49:47.211+0000][gc,heap     ] GC(1013) Old regions: 235->235
[2025-12-25T06:49:47.211+0000][gc,heap     ] GC(1013) Humongous regions: 151->151
[2025-12-25T06:49:47.211+0000][gc,metaspace] GC(1013) Metaspace: 16157K(16512K)->16157K(16512K) NonClass: 14495K(14592K)->14495K(14592K) Class: 1662K(1920K)->1662K(1920K)
[2025-12-25T06:49:47.211+0000][gc          ] GC(1013) Pause Young (Normal) (G1 Evacuation Pause) 964M->393M(1024M) 12.972ms
[2025-12-25T06:49:47.211+0000][gc,cpu      ] GC(1013) User=0.07s Sys=0.00s Real=0.01s
[2025-12-25T06:50:17.219+0000][gc,start    ] GC(1014) Pause Young (Normal) (G1 Evacuation Pause)
[2025-12-25T06:50:17.219+0000][gc,task     ] GC(1014) Using 8 workers of 8 for evacuation
[2025-12-25T06:50:17.229+0000][gc,phases   ] GC(1014)   Pre Evacuate Collection Set: 1.0ms
[2025-12-25T06:50:17.229+0000][gc,phases   ] GC(1014)   Merge Heap Roots: 0.3ms
[2025-12-25T06:50:17.229+0000][gc,phases   ] GC(1014)   Evacuate Collection Set: 6.8ms
[2025-12-25T06:50:17.229+0000][gc,phases   ] GC(1014)   Post Evacuate Collection Set: 0.9ms
[2025-12-25T06:50:17.229+0000][gc,phases   ] GC(1014)   Other: 0.2ms
[2025-12-25T06:50:17.229+0000][gc,heap     ] GC(1014) Eden regions: 568->0(568)
[2025-12-25T06:50:17.229+0000][gc,heap     ] GC(1014) Survivor regions: 9->9(61)
[2025-12-25T06:50:17.229+0000][gc,heap     ] GC(1014) Old regions: 235->235
[2025-12-25T06:50:17.229+0000][gc,heap     ] GC(1014) Humongous regions: 151->151
[2025-12-25T06:50:17.229+0000][gc,metaspace] GC(1014) Metaspace: 16157K(16512K)->16157K(16512K) NonClass: 14495K(14592K)->14495K(14592K) Class: 1662K(1920K)->1662K(1920K)
[2025-12-25T06:50:17.229+0000][gc          ] GC(1014) Pause Young (Normal) (G1 Evacuation Pause) 961M->394M(1024M) 10.114ms
[2025-12-25T06:50:17.229+0000][gc,cpu      ] GC(1014) User=0.06s Sys=0.00s Real=0.01s
[2025-12-25T06:50:56.809+0000][gc,start    ] GC(1015) Pause Young (Normal) (G1 Evacuation Pause)
[2025-12-25T06:50:56.810+0000][gc,task     ] GC(1015) Using 8 workers of 8 for evacuation
[2025-12-25T06:50:56.832+0000][gc,phases   ] GC(1015)   Pre Evacuate Collection Set: 1.1ms
[2025-12-25T06:50:56.832+0000][gc,phases   ] GC(1015)   Merge Heap Roots: 1.7ms
[2025-12-25T06:50:56.832+0000][gc,phases   ] GC(1015)   Evacuate Collection Set: 17.7ms
[2025-12-25T06:50:56.832+0000][gc,phases   ] GC(1015)   Post Evacuate Collection Set: 1.1ms
[2025-12-25T06:50:56.832+0000][gc,phases   ] GC(1015)   Other: 0.3ms
[2025-12-25T06:50:56.832+0000][gc,heap     ] GC(1015) Eden regions: 568->0(569)
[2025-12-25T06:50:56.832+0000][gc,heap     ] GC(1015) Survivor regions: 9->8(61)
[2025-12-25T06:50:56.832+0000][gc,heap     ] GC(1015) Old regions: 235->236
[2025-12-25T06:50:56.832+0000][gc,heap     ] GC(1015) Humongous regions: 151->151
[2025-12-25T06:50:56.832+0000][gc,metaspace] GC(1015) Metaspace: 16157K(16512K)->16157K(16512K) NonClass: 14495K(14592K)->14495K(14592K) Class: 1662K(1920K)->1662K(1920K)
[2025-12-25T06:50:56.832+0000][gc          ] GC(1015) Pause Young (Normal) (G1 Evacuation Pause) 962M->394M(1024M) 23.266ms
[2025-12-25T06:50:56.832+0000][gc,cpu      ] GC(1015) User=0.15s Sys=0.00s Real=0.02s
[2025-12-25T06:51:26.925+0000][gc,start    ] GC(1016) Pause Young (Normal) (G1 Evacuation Pause)
[2025-12-25T06:51:26.925+0000][gc,task     ] GC(1016) Using 8 workers of 8 for evacuation
[2025-12-25T06:51:26.936+0000][gc,phases   ] GC(1016)   Pre Evacuate Collection Set: 1.1ms
[2025-12-25T06:51:26.937+0000][gc,phases   ] GC(1016)   Merge Heap Roots: 0.3ms
[2025-12-25T06:51:26.937+0000][gc,phases   ] GC(1016)   Evacuate Collection Set: 8.6ms
[2025-12-25T06:51:26.937+0000][gc,phases   ] GC(1016)   Post Evacuate Collection Set: 1.1ms
[2025-12-25T06:51:26.937+0000][gc,phases   ] GC(1016)   Other: 0.3ms
[2025-12-25T06:51:26.937+0000][gc,heap     ] GC(1016) Eden regions: 569->0(567)
[2025-12-25T06:51:26.937+0000][gc,heap     ] GC(1016) Survivor regions: 8->9(60)
[2025-12-25T06:51:26.937+0000][gc,heap     ] GC(1016) Old regions: 236->236
[2025-12-25T06:51:26.937+0000][gc,heap     ] GC(1016) Humongous regions: 151->151
[2025-12-25T06:51:26.937+0000][gc,metaspace] GC(1016) Metaspace: 16157K(16512K)->16157K(16512K) NonClass: 14495K(14592K)->14495K(14592K) Class: 1662K(1920K)->1662K(1920K)
[2025-12-25T06:51:26.937+0000][gc          ] GC(1016) Pause Young (Normal) (G1 Evacuation Pause) 963M->394M(1024M) 12.342ms
[2025-12-25T06:51:26.937+0000][gc,cpu      ] GC(1016) User=0.08s Sys=0.01s Real=0.01s
[2025-12-25T06:51:56.988+0000][gc,start    ] GC(1017) Pause Young (Normal) (G1 Evacuation Pause)
[2025-12-25T06:51:56.988+0000][gc,task     ] GC(1017) Using 8 workers of 8 for evacuation
[2025-12-25T06:51:57.001+0000][gc,phases   ] GC(1017)   Pre Evacuate Collection Set: 1.2ms
[2025-12-25T06:51:57.001+0000][gc,phases   ] GC(1017)   Merge Heap Roots: 0.5ms
[2025-12-25T06:51:57.001+0000][gc,phases   ] GC(1017)   Evacuate Collection Set: 10.1ms
[2025-12-25T06:51:57.001+0000][gc,phases   ] GC(1017)   Post Evacuate Collection Set: 1.0ms
[2025-12-25T06:51:57.001+0000][gc,phases   ] GC(1017)   Other: 0.2ms
[2025-12-25T06:51:57.002+0000][gc,heap     ] GC(1017) Eden regions: 567->0(573)
[2025-12-25T06:51:57.002+0000][gc,heap     ] GC(1017) Survivor regions: 9->6(61)
[2025-12-25T06:51:57.002+0000][gc,heap     ] GC(1017) Old regions: 236->236
[2025-12-25T06:51:57.002+0000][gc,heap     ] GC(1017) Humongous regions: 151->151
[2025-12-25T06:51:57.002+0000][gc,metaspace] GC(1017) Metaspace: 16157K(16512K)->16157K(16512K) NonClass: 14495K(14592K)->14495K(14592K) Class: 1662K(1920K)->1662K(1920K)
[2025-12-25T06:51:57.002+0000][gc          ] GC(1017) Pause Young (Normal) (G1 Evacuation Pause) 961M->391M(1024M) 14.381ms
[2025-12-25T06:51:57.002+0000][gc,cpu      ] GC(1017) User=0.08s Sys=0.00s Real=0.02s
[2025-12-25T06:52:27.097+0000][gc,start    ] GC(1018) Pause Young (Normal) (G1 Evacuation Pause)
[2025-12-25T06:52:27.097+0000][gc,task     ] GC(1018) Using 8 workers of 8 for evacuation
[2025-12-25T06:52:27.110+0000][gc,phases   ] GC(1018)   Pre Evacuate Collection Set: 1.2ms
[2025-12-25T06:52:27.110+0000][gc,phases   ] GC(1018)   Merge Heap Roots: 0.3ms
[2025-12-25T06:52:27.110+0000][gc,phases   ] GC(1018)   Evacuate Collection Set: 9.6ms
[2025-12-25T06:52:27.110+0000][gc,phases   ] GC(1018)   Post Evacuate Collection Set: 1.0ms
[2025-12-25T06:52:27.110+0000][gc,phases   ] GC(1018)   Other: 0.2ms
[2025-12-25T06:52:27.110+0000][gc,heap     ] GC(1018) Eden regions: 573->0(573)
[2025-12-25T06:52:27.110+0000][gc,heap     ] GC(1018) Survivor regions: 6->6(58)
[2025-12-25T06:52:27.110+0000][gc,heap     ] GC(1018) Old regions: 236->236
[2025-12-25T06:52:27.110+0000][gc,heap     ] GC(1018) Humongous regions: 151->151
[2025-12-25T06:52:27.110+0000][gc,metaspace] GC(1018) Metaspace: 16157K(16512K)->16157K(16512K) NonClass: 14495K(14592K)->14495K(14592K) Class: 1662K(1920K)->1662K(1920K)
[2025-12-25T06:52:27.110+0000][gc          ] GC(1018) Pause Young (Normal) (G1 Evacuation Pause) 964M->392M(1024M) 13.484ms
[2025-12-25T06:52:27.110+0000][gc,cpu      ] GC(1018) User=0.07s Sys=0.00s Real=0.01s
[2025-12-25T06:52:57.201+0000][gc,start    ] GC(1019) Pause Young (Normal) (G1 Evacuation Pause)
[2025-12-25T06:52:57.202+0000][gc,task     ] GC(1019) Using 8 workers of 8 for evacuation
[2025-12-25T06:52:57.213+0000][gc,phases   ] GC(1019)   Pre Evacuate Collection Set: 0.9ms
[2025-12-25T06:52:57.213+0000][gc,phases   ] GC(1019)   Merge Heap Roots: 0.3ms
[2025-12-25T06:52:57.213+0000][gc,phases   ] GC(1019)   Evacuate Collection Set: 8.4ms
[2025-12-25T06:52:57.213+0000][gc,phases   ] GC(1019)   Post Evacuate Collection Set: 0.9ms
[2025-12-25T06:52:57.213+0000][gc,phases   ] GC(1019)   Other: 0.2ms
[2025-12-25T06:52:57.213+0000][gc,heap     ] GC(1019) Eden regions: 573->0(571)
[2025-12-25T06:52:57.213+0000][gc,heap     ] GC(1019) Survivor regions: 6->7(58)
[2025-12-25T06:52:57.213+0000][gc,heap     ] GC(1019) Old regions: 236->236
[2025-12-25T06:52:57.213+0000][gc,heap     ] GC(1019) Humongous regions: 151->151
[2025-12-25T06:52:57.213+0000][gc,metaspace] GC(1019) Metaspace: 16157K(16512K)->16157K(16512K) NonClass: 14495K(14592K)->14495K(14592K) Class: 1662K(1920K)->1662K(1920K)
[2025-12-25T06:52:57.214+0000][gc          ] GC(1019) Pause Young (Normal) (G1 Evacuation Pause) 965M->393M(1024M) 12.567ms
[2025-12-25T06:52:57.214+0000][gc,cpu      ] GC(1019) User=0.07s Sys=0.00s Real=0.01s
[2025-12-25T06:53:29.045+0000][gc,start    ] GC(1020) Pause Young (Normal) (G1 Evacuation Pause)
[2025-12-25T06:53:29.046+0000][gc,task     ] GC(1020) Using 8 workers of 8 for evacuation
[2025-12-25T06:53:29.069+0000][gc,phases   ] GC(1020)   Pre Evacuate Collection Set: 1.5ms
[2025-12-25T06:53:29.069+0000][gc,phases   ] GC(1020)   Merge Heap Roots: 0.3ms
[2025-12-25T06:53:29.069+0000][gc,phases   ] GC(1020)   Evacuate Collection Set: 19.4ms
[2025-12-25T06:53:29.069+0000][gc,phases   ] GC(1020)   Post Evacuate Collection Set: 1.1ms
[2025-12-25T06:53:29.069+0000][gc,phases   ] GC(1020)   Other: 0.4ms
[2025-12-25T06:53:29.069+0000][gc,heap     ] GC(1020) Eden regions: 571->0(572)
[2025-12-25T06:53:29.070+0000][gc,heap     ] GC(1020) Survivor regions: 7->6(59)
[2025-12-25T06:53:29.070+0000][gc,heap     ] GC(1020) Old regions: 236->237
[2025-12-25T06:53:29.070+0000][gc,heap     ] GC(1020) Humongous regions: 151->151
[2025-12-25T06:53:29.070+0000][gc,metaspace] GC(1020) Metaspace: 16157K(16512K)->16157K(16512K) NonClass: 14495K(14592K)->14495K(14592K) Class: 1662K(1920K)->1662K(1920K)
[2025-12-25T06:53:29.070+0000][gc          ] GC(1020) Pause Young (Normal) (G1 Evacuation Pause) 964M->392M(1024M) 24.603ms
[2025-12-25T06:53:29.070+0000][gc,cpu      ] GC(1020) User=0.16s Sys=0.00s Real=0.02s
[2025-12-25T06:54:06.866+0000][gc,start    ] GC(1021) Pause Young (Normal) (G1 Evacuation Pause)
[2025-12-25T06:54:06.867+0000][gc,task     ] GC(1021) Using 8 workers of 8 for evacuation
[2025-12-25T06:54:06.889+0000][gc,phases   ] GC(1021)   Pre Evacuate Collection Set: 4.3ms
[2025-12-25T06:54:06.889+0000][gc,phases   ] GC(1021)   Merge Heap Roots: 1.1ms
[2025-12-25T06:54:06.889+0000][gc,phases   ] GC(1021)   Evacuate Collection Set: 14.8ms
[2025-12-25T06:54:06.889+0000][gc,phases   ] GC(1021)   Post Evacuate Collection Set: 1.3ms
[2025-12-25T06:54:06.889+0000][gc,phases   ] GC(1021)   Other: 0.6ms
[2025-12-25T06:54:06.890+0000][gc,heap     ] GC(1021) Eden regions: 572->0(570)
[2025-12-25T06:54:06.890+0000][gc,heap     ] GC(1021) Survivor regions: 6->7(58)
[2025-12-25T06:54:06.890+0000][gc,heap     ] GC(1021) Old regions: 237->237
[2025-12-25T06:54:06.890+0000][gc,heap     ] GC(1021) Humongous regions: 151->151
[2025-12-25T06:54:06.890+0000][gc,metaspace] GC(1021) Metaspace: 16157K(16512K)->16157K(16512K) NonClass: 14495K(14592K)->14495K(14592K) Class: 1662K(1920K)->1662K(1920K)
[2025-12-25T06:54:06.890+0000][gc          ] GC(1021) Pause Young (Normal) (G1 Evacuation Pause) 964M->393M(1024M) 23.499ms
[2025-12-25T06:54:06.890+0000][gc,cpu      ] GC(1021) User=0.12s Sys=0.00s Real=0.03s
[2025-12-25T06:54:36.989+0000][gc,start    ] GC(1022) Pause Young (Normal) (G1 Evacuation Pause)
[2025-12-25T06:54:36.990+0000][gc,task     ] GC(1022) Using 8 workers of 8 for evacuation
[2025-12-25T06:54:37.006+0000][gc,phases   ] GC(1022)   Pre Evacuate Collection Set: 1.0ms
[2025-12-25T06:54:37.007+0000][gc,phases   ] GC(1022)   Merge Heap Roots: 0.3ms
[2025-12-25T06:54:37.007+0000][gc,phases   ] GC(1022)   Evacuate Collection Set: 13.8ms
[2025-12-25T06:54:37.007+0000][gc,phases   ] GC(1022)   Post Evacuate Collection Set: 1.2ms
[2025-12-25T06:54:37.007+0000][gc,phases   ] GC(1022)   Other: 0.3ms
[2025-12-25T06:54:37.007+0000][gc,heap     ] GC(1022) Eden regions: 570->0(568)
[2025-12-25T06:54:37.007+0000][gc,heap     ] GC(1022) Survivor regions: 7->8(59)
[2025-12-25T06:54:37.007+0000][gc,heap     ] GC(1022) Old regions: 237->237
[2025-12-25T06:54:37.007+0000][gc,heap     ] GC(1022) Humongous regions: 151->151
[2025-12-25T06:54:37.007+0000][gc,metaspace] GC(1022) Metaspace: 16157K(16512K)->16157K(16512K) NonClass: 14495K(14592K)->14495K(14592K) Class: 1662K(1920K)->1662K(1920K)
[2025-12-25T06:54:37.007+0000][gc          ] GC(1022) Pause Young (Normal) (G1 Evacuation Pause) 963M->394M(1024M) 18.135ms
[2025-12-25T06:54:37.007+0000][gc,cpu      ] GC(1022) User=0.11s Sys=0.01s Real=0.01s
[2025-12-25T06:55:07.045+0000][gc,start    ] GC(1023) Pause Young (Normal) (G1 Evacuation Pause)
[2025-12-25T06:55:07.045+0000][gc,task     ] GC(1023) Using 8 workers of 8 for evacuation
[2025-12-25T06:55:07.064+0000][gc,phases   ] GC(1023)   Pre Evacuate Collection Set: 1.0ms
[2025-12-25T06:55:07.065+0000][gc,phases   ] GC(1023)   Merge Heap Roots: 0.4ms
[2025-12-25T06:55:07.065+0000][gc,phases   ] GC(1023)   Evacuate Collection Set: 16.2ms
[2025-12-25T06:55:07.065+0000][gc,phases   ] GC(1023)   Post Evacuate Collection Set: 1.2ms
[2025-12-25T06:55:07.065+0000][gc,phases   ] GC(1023)   Other: 0.2ms
[2025-12-25T06:55:07.065+0000][gc,heap     ] GC(1023) Eden regions: 568->0(566)
[2025-12-25T06:55:07.065+0000][gc,heap     ] GC(1023) Survivor regions: 8->9(60)
[2025-12-25T06:55:07.065+0000][gc,heap     ] GC(1023) Old regions: 237->237
[2025-12-25T06:55:07.065+0000][gc,heap     ] GC(1023) Humongous regions: 151->151
[2025-12-25T06:55:07.065+0000][gc,metaspace] GC(1023) Metaspace: 16157K(16512K)->16157K(16512K) NonClass: 14495K(14592K)->14495K(14592K) Class: 1662K(1920K)->1662K(1920K)
[2025-12-25T06:55:07.065+0000][gc          ] GC(1023) Pause Young (Normal) (G1 Evacuation Pause) 962M->396M(1024M) 20.330ms
[2025-12-25T06:55:07.065+0000][gc,cpu      ] GC(1023) User=0.14s Sys=0.00s Real=0.02s
[2025-12-25T06:55:37.154+0000][gc,start    ] GC(1024) Pause Young (Normal) (G1 Evacuation Pause)
[2025-12-25T06:55:37.155+0000][gc,task     ] GC(1024) Using 8 workers of 8 for evacuation
[2025-12-25T06:55:37.174+0000][gc,phases   ] GC(1024)   Pre Evacuate Collection Set: 4.0ms
[2025-12-25T06:55:37.174+0000][gc,phases   ] GC(1024)   Merge Heap Roots: 1.1ms
[2025-12-25T06:55:37.174+0000][gc,phases   ] GC(1024)   Evacuate Collection Set: 11.9ms
[2025-12-25T06:55:37.174+0000][gc,phases   ] GC(1024)   Post Evacuate Collection Set: 2.2ms
[2025-12-25T06:55:37.174+0000][gc,phases   ] GC(1024)   Other: 0.3ms
[2025-12-25T06:55:37.175+0000][gc,heap     ] GC(1024) Eden regions: 566->0(563)
[2025-12-25T06:55:37.175+0000][gc,heap     ] GC(1024) Survivor regions: 9->10(61)
[2025-12-25T06:55:37.175+0000][gc,heap     ] GC(1024) Old regions: 237->238
[2025-12-25T06:55:37.175+0000][gc,heap     ] GC(1024) Humongous regions: 151->151
[2025-12-25T06:55:37.175+0000][gc,metaspace] GC(1024) Metaspace: 16157K(16512K)->16157K(16512K) NonClass: 14495K(14592K)->14495K(14592K) Class: 1662K(1920K)->1662K(1920K)
[2025-12-25T06:55:37.175+0000][gc          ] GC(1024) Pause Young (Normal) (G1 Evacuation Pause) 962M->397M(1024M) 20.737ms
[2025-12-25T06:55:37.175+0000][gc,cpu      ] GC(1024) User=0.11s Sys=0.01s Real=0.02s
[2025-12-25T06:56:07.212+0000][gc,start    ] GC(1025) Pause Young (Normal) (G1 Evacuation Pause)
[2025-12-25T06:56:07.213+0000][gc,task     ] GC(1025) Using 8 workers of 8 for evacuation
[2025-12-25T06:56:07.227+0000][gc,phases   ] GC(1025)   Pre Evacuate Collection Set: 1.0ms
[2025-12-25T06:56:07.227+0000][gc,phases   ] GC(1025)   Merge Heap Roots: 0.2ms
[2025-12-25T06:56:07.227+0000][gc,phases   ] GC(1025)   Evacuate Collection Set: 11.6ms
[2025-12-25T06:56:07.227+0000][gc,phases   ] GC(1025)   Post Evacuate Collection Set: 1.1ms
[2025-12-25T06:56:07.227+0000][gc,phases   ] GC(1025)   Other: 0.2ms
[2025-12-25T06:56:07.227+0000][gc,heap     ] GC(1025) Eden regions: 563->0(569)
[2025-12-25T06:56:07.227+0000][gc,heap     ] GC(1025) Survivor regions: 10->7(62)
[2025-12-25T06:56:07.228+0000][gc,heap     ] GC(1025) Old regions: 238->238
[2025-12-25T06:56:07.228+0000][gc,heap     ] GC(1025) Humongous regions: 151->151
[2025-12-25T06:56:07.228+0000][gc,metaspace] GC(1025) Metaspace: 16157K(16512K)->16157K(16512K) NonClass: 14495K(14592K)->14495K(14592K) Class: 1662K(1920K)->1662K(1920K)
[2025-12-25T06:56:07.228+0000][gc          ] GC(1025) Pause Young (Normal) (G1 Evacuation Pause) 960M->394M(1024M) 15.340ms
[2025-12-25T06:56:07.228+0000][gc,cpu      ] GC(1025) User=0.09s Sys=0.00s Real=0.02s
[2025-12-25T06:56:37.286+0000][gc,start    ] GC(1026) Pause Young (Normal) (G1 Evacuation Pause)
[2025-12-25T06:56:37.287+0000][gc,task     ] GC(1026) Using 8 workers of 8 for evacuation
[2025-12-25T06:56:37.305+0000][gc,phases   ] GC(1026)   Pre Evacuate Collection Set: 1.0ms
[2025-12-25T06:56:37.305+0000][gc,phases   ] GC(1026)   Merge Heap Roots: 0.3ms
[2025-12-25T06:56:37.305+0000][gc,phases   ] GC(1026)   Evacuate Collection Set: 15.6ms
[2025-12-25T06:56:37.305+0000][gc,phases   ] GC(1026)   Post Evacuate Collection Set: 1.1ms
[2025-12-25T06:56:37.305+0000][gc,phases   ] GC(1026)   Other: 0.2ms
[2025-12-25T06:56:37.305+0000][gc,heap     ] GC(1026) Eden regions: 569->0(569)
[2025-12-25T06:56:37.305+0000][gc,heap     ] GC(1026) Survivor regions: 7->7(59)
[2025-12-25T06:56:37.305+0000][gc,heap     ] GC(1026) Old regions: 238->238
[2025-12-25T06:56:37.306+0000][gc,heap     ] GC(1026) Humongous regions: 151->151
[2025-12-25T06:56:37.306+0000][gc,metaspace] GC(1026) Metaspace: 16157K(16512K)->16157K(16512K) NonClass: 14495K(14592K)->14495K(14592K) Class: 1662K(1920K)->1662K(1920K)
[2025-12-25T06:56:37.306+0000][gc          ] GC(1026) Pause Young (Normal) (G1 Evacuation Pause) 963M->395M(1024M) 20.149ms
[2025-12-25T06:56:37.306+0000][gc,cpu      ] GC(1026) User=0.12s Sys=0.00s Real=0.02s
[2025-12-25T06:57:16.859+0000][gc,start    ] GC(1027) Pause Young (Normal) (G1 Evacuation Pause)
[2025-12-25T06:57:16.860+0000][gc,task     ] GC(1027) Using 8 workers of 8 for evacuation
[2025-12-25T06:57:16.881+0000][gc,phases   ] GC(1027)   Pre Evacuate Collection Set: 1.0ms
[2025-12-25T06:57:16.881+0000][gc,phases   ] GC(1027)   Merge Heap Roots: 0.2ms
[2025-12-25T06:57:16.881+0000][gc,phases   ] GC(1027)   Evacuate Collection Set: 18.5ms
[2025-12-25T06:57:16.881+0000][gc,phases   ] GC(1027)   Post Evacuate Collection Set: 1.3ms
[2025-12-25T06:57:16.882+0000][gc,phases   ] GC(1027)   Other: 0.2ms
[2025-12-25T06:57:16.882+0000][gc,heap     ] GC(1027) Eden regions: 569->0(571)
[2025-12-25T06:57:16.882+0000][gc,heap     ] GC(1027) Survivor regions: 7->6(59)
[2025-12-25T06:57:16.882+0000][gc,heap     ] GC(1027) Old regions: 238->238
[2025-12-25T06:57:16.882+0000][gc,heap     ] GC(1027) Humongous regions: 151->151
[2025-12-25T06:57:16.882+0000][gc,metaspace] GC(1027) Metaspace: 16157K(16512K)->16157K(16512K) NonClass: 14495K(14592K)->14495K(14592K) Class: 1662K(1920K)->1662K(1920K)
[2025-12-25T06:57:16.882+0000][gc          ] GC(1027) Pause Young (Normal) (G1 Evacuation Pause) 964M->393M(1024M) 22.578ms
[2025-12-25T06:57:16.882+0000][gc,cpu      ] GC(1027) User=0.14s Sys=0.02s Real=0.02s
[2025-12-25T06:57:46.901+0000][gc,start    ] GC(1028) Pause Young (Normal) (G1 Evacuation Pause)
[2025-12-25T06:57:46.902+0000][gc,task     ] GC(1028) Using 8 workers of 8 for evacuation
[2025-12-25T06:57:46.919+0000][gc,phases   ] GC(1028)   Pre Evacuate Collection Set: 1.0ms
[2025-12-25T06:57:46.919+0000][gc,phases   ] GC(1028)   Merge Heap Roots: 0.5ms
[2025-12-25T06:57:46.919+0000][gc,phases   ] GC(1028)   Evacuate Collection Set: 12.3ms
[2025-12-25T06:57:46.919+0000][gc,phases   ] GC(1028)   Post Evacuate Collection Set: 3.2ms
[2025-12-25T06:57:46.919+0000][gc,phases   ] GC(1028)   Other: 0.4ms
[2025-12-25T06:57:46.919+0000][gc,heap     ] GC(1028) Eden regions: 571->0(569)
[2025-12-25T06:57:46.919+0000][gc,heap     ] GC(1028) Survivor regions: 6->7(58)
[2025-12-25T06:57:46.919+0000][gc,heap     ] GC(1028) Old regions: 238->238
[2025-12-25T06:57:46.919+0000][gc,heap     ] GC(1028) Humongous regions: 151->151
[2025-12-25T06:57:46.919+0000][gc,metaspace] GC(1028) Metaspace: 16157K(16512K)->16157K(16512K) NonClass: 14495K(14592K)->14495K(14592K) Class: 1662K(1920K)->1662K(1920K)
[2025-12-25T06:57:46.920+0000][gc          ] GC(1028) Pause Young (Normal) (G1 Evacuation Pause) 964M->395M(1024M) 18.462ms
[2025-12-25T06:57:46.920+0000][gc,cpu      ] GC(1028) User=0.10s Sys=0.00s Real=0.01s
[2025-12-25T06:58:17.061+0000][gc,start    ] GC(1029) Pause Young (Normal) (G1 Evacuation Pause)
[2025-12-25T06:58:17.062+0000][gc,task     ] GC(1029) Using 8 workers of 8 for evacuation
[2025-12-25T06:58:17.083+0000][gc,phases   ] GC(1029)   Pre Evacuate Collection Set: 1.3ms
[2025-12-25T06:58:17.083+0000][gc,phases   ] GC(1029)   Merge Heap Roots: 0.3ms
[2025-12-25T06:58:17.083+0000][gc,phases   ] GC(1029)   Evacuate Collection Set: 17.9ms
[2025-12-25T06:58:17.083+0000][gc,phases   ] GC(1029)   Post Evacuate Collection Set: 1.2ms
[2025-12-25T06:58:17.083+0000][gc,phases   ] GC(1029)   Other: 0.4ms
[2025-12-25T06:58:17.083+0000][gc,heap     ] GC(1029) Eden regions: 569->0(566)
[2025-12-25T06:58:17.083+0000][gc,heap     ] GC(1029) Survivor regions: 7->8(59)
[2025-12-25T06:58:17.083+0000][gc,heap     ] GC(1029) Old regions: 238->239
[2025-12-25T06:58:17.083+0000][gc,heap     ] GC(1029) Humongous regions: 151->151
[2025-12-25T06:58:17.084+0000][gc,metaspace] GC(1029) Metaspace: 16157K(16512K)->16157K(16512K) NonClass: 14495K(14592K)->14495K(14592K) Class: 1662K(1920K)->1662K(1920K)
[2025-12-25T06:58:17.084+0000][gc          ] GC(1029) Pause Young (Normal) (G1 Evacuation Pause) 964M->396M(1024M) 22.507ms
[2025-12-25T06:58:17.084+0000][gc,cpu      ] GC(1029) User=0.13s Sys=0.01s Real=0.03s
[2025-12-25T06:58:47.136+0000][gc,start    ] GC(1030) Pause Young (Normal) (G1 Evacuation Pause)
[2025-12-25T06:58:47.137+0000][gc,task     ] GC(1030) Using 8 workers of 8 for evacuation
[2025-12-25T06:58:47.157+0000][gc,phases   ] GC(1030)   Pre Evacuate Collection Set: 1.1ms
[2025-12-25T06:58:47.158+0000][gc,phases   ] GC(1030)   Merge Heap Roots: 0.2ms
[2025-12-25T06:58:47.158+0000][gc,phases   ] GC(1030)   Evacuate Collection Set: 16.8ms
[2025-12-25T06:58:47.158+0000][gc,phases   ] GC(1030)   Post Evacuate Collection Set: 1.7ms
[2025-12-25T06:58:47.158+0000][gc,phases   ] GC(1030)   Other: 0.2ms
[2025-12-25T06:58:47.158+0000][gc,heap     ] GC(1030) Eden regions: 566->0(564)
[2025-12-25T06:58:47.158+0000][gc,heap     ] GC(1030) Survivor regions: 8->9(60)
[2025-12-25T06:58:47.158+0000][gc,heap     ] GC(1030) Old regions: 239->239
[2025-12-25T06:58:47.158+0000][gc,heap     ] GC(1030) Humongous regions: 151->151
[2025-12-25T06:58:47.158+0000][gc,metaspace] GC(1030) Metaspace: 16157K(16512K)->16157K(16512K) NonClass: 14495K(14592K)->14495K(14592K) Class: 1662K(1920K)->1662K(1920K)
[2025-12-25T06:58:47.158+0000][gc          ] GC(1030) Pause Young (Normal) (G1 Evacuation Pause) 962M->397M(1024M) 21.767ms
[2025-12-25T06:58:47.158+0000][gc,cpu      ] GC(1030) User=0.14s Sys=0.00s Real=0.02s
[2025-12-25T06:59:17.229+0000][gc,start    ] GC(1031) Pause Young (Normal) (G1 Evacuation Pause)
[2025-12-25T06:59:17.229+0000][gc,task     ] GC(1031) Using 8 workers of 8 for evacuation
[2025-12-25T06:59:17.245+0000][gc,phases   ] GC(1031)   Pre Evacuate Collection Set: 1.1ms
[2025-12-25T06:59:17.246+0000][gc,phases   ] GC(1031)   Merge Heap Roots: 0.3ms
[2025-12-25T06:59:17.246+0000][gc,phases   ] GC(1031)   Evacuate Collection Set: 13.8ms
[2025-12-25T06:59:17.246+0000][gc,phases   ] GC(1031)   Post Evacuate Collection Set: 1.2ms
[2025-12-25T06:59:17.246+0000][gc,phases   ] GC(1031)   Other: 0.2ms
[2025-12-25T06:59:17.246+0000][gc,heap     ] GC(1031) Eden regions: 564->0(562)
[2025-12-25T06:59:17.246+0000][gc,heap     ] GC(1031) Survivor regions: 9->10(61)
[2025-12-25T06:59:17.246+0000][gc,heap     ] GC(1031) Old regions: 239->239
[2025-12-25T06:59:17.246+0000][gc,heap     ] GC(1031) Humongous regions: 151->151
[2025-12-25T06:59:17.246+0000][gc,metaspace] GC(1031) Metaspace: 16157K(16512K)->16157K(16512K) NonClass: 14495K(14592K)->14495K(14592K) Class: 1662K(1920K)->1662K(1920K)
[2025-12-25T06:59:17.246+0000][gc          ] GC(1031) Pause Young (Normal) (G1 Evacuation Pause) 961M->399M(1024M) 17.688ms
[2025-12-25T06:59:17.246+0000][gc,cpu      ] GC(1031) User=0.10s Sys=0.00s Real=0.02s
[2025-12-25T06:59:47.267+0000][gc,start    ] GC(1032) Pause Young (Normal) (G1 Evacuation Pause)
[2025-12-25T06:59:47.267+0000][gc,task     ] GC(1032) Using 8 workers of 8 for evacuation
[2025-12-25T06:59:47.280+0000][gc,phases   ] GC(1032)   Pre Evacuate Collection Set: 1.0ms
[2025-12-25T06:59:47.280+0000][gc,phases   ] GC(1032)   Merge Heap Roots: 0.3ms
[2025-12-25T06:59:47.280+0000][gc,phases   ] GC(1032)   Evacuate Collection Set: 10.5ms
[2025-12-25T06:59:47.281+0000][gc,phases   ] GC(1032)   Post Evacuate Collection Set: 1.0ms
[2025-12-25T06:59:47.281+0000][gc,phases   ] GC(1032)   Other: 0.2ms
[2025-12-25T06:59:47.281+0000][gc,heap     ] GC(1032) Eden regions: 562->0(562)
[2025-12-25T06:59:47.281+0000][gc,heap     ] GC(1032) Survivor regions: 10->10(62)
[2025-12-25T06:59:47.281+0000][gc,heap     ] GC(1032) Old regions: 239->239
[2025-12-25T06:59:47.281+0000][gc,heap     ] GC(1032) Humongous regions: 151->151
[2025-12-25T06:59:47.281+0000][gc,metaspace] GC(1032) Metaspace: 16157K(16512K)->16157K(16512K) NonClass: 14495K(14592K)->14495K(14592K) Class: 1662K(1920K)->1662K(1920K)
[2025-12-25T06:59:47.281+0000][gc          ] GC(1032) Pause Young (Normal) (G1 Evacuation Pause) 961M->399M(1024M) 13.976ms
[2025-12-25T06:59:47.281+0000][gc,cpu      ] GC(1032) User=0.09s Sys=0.00s Real=0.01s
[2025-12-25T07:00:26.774+0000][gc,start    ] GC(1033) Pause Young (Normal) (G1 Evacuation Pause)
[2025-12-25T07:00:26.774+0000][gc,task     ] GC(1033) Using 8 workers of 8 for evacuation
[2025-12-25T07:00:26.787+0000][gc,phases   ] GC(1033)   Pre Evacuate Collection Set: 1.2ms
[2025-12-25T07:00:26.787+0000][gc,phases   ] GC(1033)   Merge Heap Roots: 0.3ms
[2025-12-25T07:00:26.787+0000][gc,phases   ] GC(1033)   Evacuate Collection Set: 9.4ms
[2025-12-25T07:00:26.787+0000][gc,phases   ] GC(1033)   Post Evacuate Collection Set: 1.3ms
[2025-12-25T07:00:26.787+0000][gc,phases   ] GC(1033)   Other: 0.4ms
[2025-12-25T07:00:26.787+0000][gc,heap     ] GC(1033) Eden regions: 562->0(571)
[2025-12-25T07:00:26.787+0000][gc,heap     ] GC(1033) Survivor regions: 10->5(62)
[2025-12-25T07:00:26.787+0000][gc,heap     ] GC(1033) Old regions: 239->240
[2025-12-25T07:00:26.787+0000][gc,heap     ] GC(1033) Humongous regions: 151->151
[2025-12-25T07:00:26.787+0000][gc,metaspace] GC(1033) Metaspace: 16157K(16512K)->16157K(16512K) NonClass: 14495K(14592K)->14495K(14592K) Class: 1662K(1920K)->1662K(1920K)
[2025-12-25T07:00:26.787+0000][gc          ] GC(1033) Pause Young (Normal) (G1 Evacuation Pause) 961M->394M(1024M) 13.999ms
[2025-12-25T07:00:26.788+0000][gc,cpu      ] GC(1033) User=0.08s Sys=0.01s Real=0.01s
[2025-12-25T07:00:56.919+0000][gc,start    ] GC(1034) Pause Young (Normal) (G1 Evacuation Pause)
[2025-12-25T07:00:56.920+0000][gc,task     ] GC(1034) Using 8 workers of 8 for evacuation
[2025-12-25T07:00:56.946+0000][gc,phases   ] GC(1034)   Pre Evacuate Collection Set: 4.7ms
[2025-12-25T07:00:56.946+0000][gc,phases   ] GC(1034)   Merge Heap Roots: 1.1ms
[2025-12-25T07:00:56.946+0000][gc,phases   ] GC(1034)   Evacuate Collection Set: 18.4ms
[2025-12-25T07:00:56.947+0000][gc,phases   ] GC(1034)   Post Evacuate Collection Set: 1.8ms
[2025-12-25T07:00:56.947+0000][gc,phases   ] GC(1034)   Other: 0.8ms
[2025-12-25T07:00:56.947+0000][gc,heap     ] GC(1034) Eden regions: 571->0(571)
[2025-12-25T07:00:56.947+0000][gc,heap     ] GC(1034) Survivor regions: 5->5(57)
[2025-12-25T07:00:56.947+0000][gc,heap     ] GC(1034) Old regions: 240->240
[2025-12-25T07:00:56.947+0000][gc,heap     ] GC(1034) Humongous regions: 151->151
[2025-12-25T07:00:56.947+0000][gc,metaspace] GC(1034) Metaspace: 16157K(16512K)->16157K(16512K) NonClass: 14495K(14592K)->14495K(14592K) Class: 1662K(1920K)->1662K(1920K)
[2025-12-25T07:00:56.947+0000][gc          ] GC(1034) Pause Young (Normal) (G1 Evacuation Pause) 965M->395M(1024M) 28.538ms
[2025-12-25T07:00:56.947+0000][gc,cpu      ] GC(1034) User=0.13s Sys=0.01s Real=0.03s
[2025-12-25T07:01:26.932+0000][gc,start    ] GC(1035) Pause Young (Normal) (G1 Evacuation Pause)
[2025-12-25T07:01:26.932+0000][gc,task     ] GC(1035) Using 8 workers of 8 for evacuation
[2025-12-25T07:01:26.941+0000][gc,phases   ] GC(1035)   Pre Evacuate Collection Set: 1.0ms
[2025-12-25T07:01:26.941+0000][gc,phases   ] GC(1035)   Merge Heap Roots: 0.3ms
[2025-12-25T07:01:26.941+0000][gc,phases   ] GC(1035)   Evacuate Collection Set: 6.1ms
[2025-12-25T07:01:26.941+0000][gc,phases   ] GC(1035)   Post Evacuate Collection Set: 0.9ms
[2025-12-25T07:01:26.941+0000][gc,phases   ] GC(1035)   Other: 0.2ms
[2025-12-25T07:01:26.941+0000][gc,heap     ] GC(1035) Eden regions: 571->0(569)
[2025-12-25T07:01:26.941+0000][gc,heap     ] GC(1035) Survivor regions: 5->6(57)
[2025-12-25T07:01:26.941+0000][gc,heap     ] GC(1035) Old regions: 240->240
[2025-12-25T07:01:26.941+0000][gc,heap     ] GC(1035) Humongous regions: 151->151
[2025-12-25T07:01:26.941+0000][gc,metaspace] GC(1035) Metaspace: 16157K(16512K)->16157K(16512K) NonClass: 14495K(14592K)->14495K(14592K) Class: 1662K(1920K)->1662K(1920K)
[2025-12-25T07:01:26.941+0000][gc          ] GC(1035) Pause Young (Normal) (G1 Evacuation Pause) 966M->396M(1024M) 9.394ms
[2025-12-25T07:01:26.941+0000][gc,cpu      ] GC(1035) User=0.05s Sys=0.01s Real=0.01s
[2025-12-25T07:01:57.057+0000][gc,start    ] GC(1036) Pause Young (Normal) (G1 Evacuation Pause)
[2025-12-25T07:01:57.058+0000][gc,task     ] GC(1036) Using 8 workers of 8 for evacuation
[2025-12-25T07:01:57.076+0000][gc,phases   ] GC(1036)   Pre Evacuate Collection Set: 1.1ms
[2025-12-25T07:01:57.076+0000][gc,phases   ] GC(1036)   Merge Heap Roots: 0.3ms
[2025-12-25T07:01:57.076+0000][gc,phases   ] GC(1036)   Evacuate Collection Set: 15.2ms
[2025-12-25T07:01:57.076+0000][gc,phases   ] GC(1036)   Post Evacuate Collection Set: 1.2ms
[2025-12-25T07:01:57.076+0000][gc,phases   ] GC(1036)   Other: 0.3ms
[2025-12-25T07:01:57.076+0000][gc,heap     ] GC(1036) Eden regions: 569->0(567)
[2025-12-25T07:01:57.076+0000][gc,heap     ] GC(1036) Survivor regions: 6->7(58)
[2025-12-25T07:01:57.076+0000][gc,heap     ] GC(1036) Old regions: 240->240
[2025-12-25T07:01:57.076+0000][gc,heap     ] GC(1036) Humongous regions: 151->151
[2025-12-25T07:01:57.076+0000][gc,metaspace] GC(1036) Metaspace: 16157K(16512K)->16157K(16512K) NonClass: 14495K(14592K)->14495K(14592K) Class: 1662K(1920K)->1662K(1920K)
[2025-12-25T07:01:57.077+0000][gc          ] GC(1036) Pause Young (Normal) (G1 Evacuation Pause) 965M->397M(1024M) 19.583ms
[2025-12-25T07:01:57.077+0000][gc,cpu      ] GC(1036) User=0.13s Sys=0.01s Real=0.02s
[2025-12-25T07:02:27.200+0000][gc,start    ] GC(1037) Pause Young (Normal) (G1 Evacuation Pause)
[2025-12-25T07:02:27.201+0000][gc,task     ] GC(1037) Using 8 workers of 8 for evacuation
[2025-12-25T07:02:27.216+0000][gc,phases   ] GC(1037)   Pre Evacuate Collection Set: 1.1ms
[2025-12-25T07:02:27.216+0000][gc,phases   ] GC(1037)   Merge Heap Roots: 0.3ms
[2025-12-25T07:02:27.216+0000][gc,phases   ] GC(1037)   Evacuate Collection Set: 12.3ms
[2025-12-25T07:02:27.216+0000][gc,phases   ] GC(1037)   Post Evacuate Collection Set: 1.2ms
[2025-12-25T07:02:27.216+0000][gc,phases   ] GC(1037)   Other: 0.2ms
[2025-12-25T07:02:27.216+0000][gc,heap     ] GC(1037) Eden regions: 567->0(565)
[2025-12-25T07:02:27.216+0000][gc,heap     ] GC(1037) Survivor regions: 7->8(59)
[2025-12-25T07:02:27.216+0000][gc,heap     ] GC(1037) Old regions: 240->240
[2025-12-25T07:02:27.216+0000][gc,heap     ] GC(1037) Humongous regions: 151->151
[2025-12-25T07:02:27.216+0000][gc,metaspace] GC(1037) Metaspace: 16157K(16512K)->16157K(16512K) NonClass: 14495K(14592K)->14495K(14592K) Class: 1662K(1920K)->1662K(1920K)
[2025-12-25T07:02:27.216+0000][gc          ] GC(1037) Pause Young (Normal) (G1 Evacuation Pause) 964M->398M(1024M) 16.448ms
[2025-12-25T07:02:27.216+0000][gc,cpu      ] GC(1037) User=0.10s Sys=0.00s Real=0.02s
[2025-12-25T07:02:57.311+0000][gc,start    ] GC(1038) Pause Young (Normal) (G1 Evacuation Pause)
[2025-12-25T07:02:57.312+0000][gc,task     ] GC(1038) Using 8 workers of 8 for evacuation
[2025-12-25T07:02:57.328+0000][gc,phases   ] GC(1038)   Pre Evacuate Collection Set: 1.0ms
[2025-12-25T07:02:57.329+0000][gc,phases   ] GC(1038)   Merge Heap Roots: 0.2ms
[2025-12-25T07:02:57.329+0000][gc,phases   ] GC(1038)   Evacuate Collection Set: 14.2ms
[2025-12-25T07:02:57.329+0000][gc,phases   ] GC(1038)   Post Evacuate Collection Set: 1.1ms
[2025-12-25T07:02:57.329+0000][gc,phases   ] GC(1038)   Other: 0.2ms
[2025-12-25T07:02:57.329+0000][gc,heap     ] GC(1038) Eden regions: 565->0(562)
[2025-12-25T07:02:57.329+0000][gc,heap     ] GC(1038) Survivor regions: 8->9(60)
[2025-12-25T07:02:57.329+0000][gc,heap     ] GC(1038) Old regions: 240->241
[2025-12-25T07:02:57.329+0000][gc,heap     ] GC(1038) Humongous regions: 151->151
[2025-12-25T07:02:57.329+0000][gc,metaspace] GC(1038) Metaspace: 16157K(16512K)->16157K(16512K) NonClass: 14495K(14592K)->14495K(14592K) Class: 1662K(1920K)->1662K(1920K)
[2025-12-25T07:02:57.329+0000][gc          ] GC(1038) Pause Young (Normal) (G1 Evacuation Pause) 963M->399M(1024M) 18.610ms
[2025-12-25T07:02:57.329+0000][gc,cpu      ] GC(1038) User=0.10s Sys=0.00s Real=0.02s
[2025-12-25T07:03:36.734+0000][gc,start    ] GC(1039) Pause Young (Normal) (G1 Evacuation Pause)
[2025-12-25T07:03:36.735+0000][gc,task     ] GC(1039) Using 8 workers of 8 for evacuation
[2025-12-25T07:03:36.754+0000][gc,phases   ] GC(1039)   Pre Evacuate Collection Set: 1.9ms
[2025-12-25T07:03:36.755+0000][gc,phases   ] GC(1039)   Merge Heap Roots: 0.5ms
[2025-12-25T07:03:36.755+0000][gc,phases   ] GC(1039)   Evacuate Collection Set: 15.2ms
[2025-12-25T07:03:36.755+0000][gc,phases   ] GC(1039)   Post Evacuate Collection Set: 1.5ms
[2025-12-25T07:03:36.755+0000][gc,phases   ] GC(1039)   Other: 0.5ms
[2025-12-25T07:03:36.755+0000][gc,heap     ] GC(1039) Eden regions: 562->0(564)
[2025-12-25T07:03:36.755+0000][gc,heap     ] GC(1039) Survivor regions: 9->8(61)
[2025-12-25T07:03:36.755+0000][gc,heap     ] GC(1039) Old regions: 241->241
[2025-12-25T07:03:36.755+0000][gc,heap     ] GC(1039) Humongous regions: 151->151
[2025-12-25T07:03:36.755+0000][gc,metaspace] GC(1039) Metaspace: 16157K(16512K)->16157K(16512K) NonClass: 14495K(14592K)->14495K(14592K) Class: 1662K(1920K)->1662K(1920K)
[2025-12-25T07:03:36.755+0000][gc          ] GC(1039) Pause Young (Normal) (G1 Evacuation Pause) 961M->398M(1024M) 21.125ms
[2025-12-25T07:03:36.756+0000][gc,cpu      ] GC(1039) User=0.13s Sys=0.01s Real=0.02s
[2025-12-25T07:04:06.847+0000][gc,start    ] GC(1040) Pause Young (Normal) (G1 Evacuation Pause)
[2025-12-25T07:04:06.848+0000][gc,task     ] GC(1040) Using 8 workers of 8 for evacuation
[2025-12-25T07:04:06.863+0000][gc,phases   ] GC(1040)   Pre Evacuate Collection Set: 1.1ms
[2025-12-25T07:04:06.863+0000][gc,phases   ] GC(1040)   Merge Heap Roots: 0.2ms
[2025-12-25T07:04:06.863+0000][gc,phases   ] GC(1040)   Evacuate Collection Set: 11.9ms
[2025-12-25T07:04:06.863+0000][gc,phases   ] GC(1040)   Post Evacuate Collection Set: 1.2ms
[2025-12-25T07:04:06.863+0000][gc,phases   ] GC(1040)   Other: 0.3ms
[2025-12-25T07:04:06.863+0000][gc,heap     ] GC(1040) Eden regions: 564->0(562)
[2025-12-25T07:04:06.863+0000][gc,heap     ] GC(1040) Survivor regions: 8->9(60)
[2025-12-25T07:04:06.863+0000][gc,heap     ] GC(1040) Old regions: 241->241
[2025-12-25T07:04:06.863+0000][gc,heap     ] GC(1040) Humongous regions: 151->151
[2025-12-25T07:04:06.863+0000][gc,metaspace] GC(1040) Metaspace: 16157K(16512K)->16157K(16512K) NonClass: 14495K(14592K)->14495K(14592K) Class: 1662K(1920K)->1662K(1920K)
[2025-12-25T07:04:06.863+0000][gc          ] GC(1040) Pause Young (Normal) (G1 Evacuation Pause) 962M->399M(1024M) 15.844ms
[2025-12-25T07:04:06.863+0000][gc,cpu      ] GC(1040) User=0.11s Sys=0.00s Real=0.02s
[2025-12-25T07:04:36.909+0000][gc,start    ] GC(1041) Pause Young (Normal) (G1 Evacuation Pause)
[2025-12-25T07:04:36.909+0000][gc,task     ] GC(1041) Using 8 workers of 8 for evacuation
[2025-12-25T07:04:36.924+0000][gc,phases   ] GC(1041)   Pre Evacuate Collection Set: 1.1ms
[2025-12-25T07:04:36.924+0000][gc,phases   ] GC(1041)   Merge Heap Roots: 0.3ms
[2025-12-25T07:04:36.924+0000][gc,phases   ] GC(1041)   Evacuate Collection Set: 10.2ms
[2025-12-25T07:04:36.924+0000][gc,phases   ] GC(1041)   Post Evacuate Collection Set: 2.5ms
[2025-12-25T07:04:36.925+0000][gc,phases   ] GC(1041)   Other: 0.4ms
[2025-12-25T07:04:36.925+0000][gc,heap     ] GC(1041) Eden regions: 562->0(570)
[2025-12-25T07:04:36.925+0000][gc,heap     ] GC(1041) Survivor regions: 9->5(61)
[2025-12-25T07:04:36.925+0000][gc,heap     ] GC(1041) Old regions: 241->241
[2025-12-25T07:04:36.925+0000][gc,heap     ] GC(1041) Humongous regions: 151->151
[2025-12-25T07:04:36.925+0000][gc,metaspace] GC(1041) Metaspace: 16157K(16512K)->16157K(16512K) NonClass: 14495K(14592K)->14495K(14592K) Class: 1662K(1920K)->1662K(1920K)
[2025-12-25T07:04:36.925+0000][gc          ] GC(1041) Pause Young (Normal) (G1 Evacuation Pause) 961M->396M(1024M) 16.215ms
[2025-12-25T07:04:36.925+0000][gc,cpu      ] GC(1041) User=0.09s Sys=0.00s Real=0.02s
[2025-12-25T07:05:07.005+0000][gc,start    ] GC(1042) Pause Young (Normal) (G1 Evacuation Pause)
[2025-12-25T07:05:07.007+0000][gc,task     ] GC(1042) Using 8 workers of 8 for evacuation
[2025-12-25T07:05:07.023+0000][gc,phases   ] GC(1042)   Pre Evacuate Collection Set: 1.0ms
[2025-12-25T07:05:07.023+0000][gc,phases   ] GC(1042)   Merge Heap Roots: 0.2ms
[2025-12-25T07:05:07.023+0000][gc,phases   ] GC(1042)   Evacuate Collection Set: 14.2ms
[2025-12-25T07:05:07.023+0000][gc,phases   ] GC(1042)   Post Evacuate Collection Set: 1.0ms
[2025-12-25T07:05:07.023+0000][gc,phases   ] GC(1042)   Other: 0.2ms
[2025-12-25T07:05:07.024+0000][gc,heap     ] GC(1042) Eden regions: 570->0(568)
[2025-12-25T07:05:07.024+0000][gc,heap     ] GC(1042) Survivor regions: 5->6(57)
[2025-12-25T07:05:07.024+0000][gc,heap     ] GC(1042) Old regions: 241->241
[2025-12-25T07:05:07.024+0000][gc,heap     ] GC(1042) Humongous regions: 151->151
[2025-12-25T07:05:07.024+0000][gc,metaspace] GC(1042) Metaspace: 16157K(16512K)->16157K(16512K) NonClass: 14495K(14592K)->14495K(14592K) Class: 1662K(1920K)->1662K(1920K)
[2025-12-25T07:05:07.024+0000][gc          ] GC(1042) Pause Young (Normal) (G1 Evacuation Pause) 966M->397M(1024M) 18.388ms
[2025-12-25T07:05:07.024+0000][gc,cpu      ] GC(1042) User=0.10s Sys=0.00s Real=0.02s
[2025-12-25T07:05:37.109+0000][gc,start    ] GC(1043) Pause Young (Normal) (G1 Evacuation Pause)
[2025-12-25T07:05:37.109+0000][gc,task     ] GC(1043) Using 8 workers of 8 for evacuation
[2025-12-25T07:05:37.124+0000][gc,phases   ] GC(1043)   Pre Evacuate Collection Set: 1.1ms
[2025-12-25T07:05:37.124+0000][gc,phases   ] GC(1043)   Merge Heap Roots: 0.3ms
[2025-12-25T07:05:37.124+0000][gc,phases   ] GC(1043)   Evacuate Collection Set: 11.5ms
[2025-12-25T07:05:37.124+0000][gc,phases   ] GC(1043)   Post Evacuate Collection Set: 1.2ms
[2025-12-25T07:05:37.124+0000][gc,phases   ] GC(1043)   Other: 0.3ms
[2025-12-25T07:05:37.124+0000][gc,heap     ] GC(1043) Eden regions: 568->0(565)
[2025-12-25T07:05:37.124+0000][gc,heap     ] GC(1043) Survivor regions: 6->7(58)
[2025-12-25T07:05:37.124+0000][gc,heap     ] GC(1043) Old regions: 241->242
[2025-12-25T07:05:37.124+0000][gc,heap     ] GC(1043) Humongous regions: 151->151
[2025-12-25T07:05:37.124+0000][gc,metaspace] GC(1043) Metaspace: 16157K(16512K)->16157K(16512K) NonClass: 14495K(14592K)->14495K(14592K) Class: 1662K(1920K)->1662K(1920K)
[2025-12-25T07:05:37.124+0000][gc          ] GC(1043) Pause Young (Normal) (G1 Evacuation Pause) 965M->399M(1024M) 15.686ms
[2025-12-25T07:05:37.124+0000][gc,cpu      ] GC(1043) User=0.09s Sys=0.00s Real=0.01s
[2025-12-25T07:06:07.161+0000][gc,start    ] GC(1044) Pause Young (Normal) (G1 Evacuation Pause)
[2025-12-25T07:06:07.161+0000][gc,task     ] GC(1044) Using 8 workers of 8 for evacuation
[2025-12-25T07:06:07.180+0000][gc,phases   ] GC(1044)   Pre Evacuate Collection Set: 5.7ms
[2025-12-25T07:06:07.181+0000][gc,phases   ] GC(1044)   Merge Heap Roots: 1.2ms
[2025-12-25T07:06:07.181+0000][gc,phases   ] GC(1044)   Evacuate Collection Set: 10.2ms
[2025-12-25T07:06:07.181+0000][gc,phases   ] GC(1044)   Post Evacuate Collection Set: 1.3ms
[2025-12-25T07:06:07.181+0000][gc,phases   ] GC(1044)   Other: 0.9ms
[2025-12-25T07:06:07.181+0000][gc,heap     ] GC(1044) Eden regions: 565->0(563)
[2025-12-25T07:06:07.181+0000][gc,heap     ] GC(1044) Survivor regions: 7->8(59)
[2025-12-25T07:06:07.181+0000][gc,heap     ] GC(1044) Old regions: 242->242
[2025-12-25T07:06:07.181+0000][gc,heap     ] GC(1044) Humongous regions: 151->151
[2025-12-25T07:06:07.181+0000][gc,metaspace] GC(1044) Metaspace: 16157K(16512K)->16157K(16512K) NonClass: 14495K(14592K)->14495K(14592K) Class: 1662K(1920K)->1662K(1920K)
[2025-12-25T07:06:07.181+0000][gc          ] GC(1044) Pause Young (Normal) (G1 Evacuation Pause) 964M->399M(1024M) 20.652ms
[2025-12-25T07:06:07.181+0000][gc,cpu      ] GC(1044) User=0.11s Sys=0.00s Real=0.02s
[2025-12-25T07:06:37.355+0000][gc,start    ] GC(1045) Pause Young (Normal) (G1 Evacuation Pause)
[2025-12-25T07:06:37.356+0000][gc,task     ] GC(1045) Using 8 workers of 8 for evacuation
[2025-12-25T07:06:37.370+0000][gc,phases   ] GC(1045)   Pre Evacuate Collection Set: 1.1ms
[2025-12-25T07:06:37.370+0000][gc,phases   ] GC(1045)   Merge Heap Roots: 0.4ms
[2025-12-25T07:06:37.370+0000][gc,phases   ] GC(1045)   Evacuate Collection Set: 10.8ms
[2025-12-25T07:06:37.370+0000][gc,phases   ] GC(1045)   Post Evacuate Collection Set: 1.1ms
[2025-12-25T07:06:37.370+0000][gc,phases   ] GC(1045)   Other: 0.3ms
[2025-12-25T07:06:37.370+0000][gc,heap     ] GC(1045) Eden regions: 563->0(563)
[2025-12-25T07:06:37.370+0000][gc,heap     ] GC(1045) Survivor regions: 8->8(60)
[2025-12-25T07:06:37.370+0000][gc,heap     ] GC(1045) Old regions: 242->242
[2025-12-25T07:06:37.370+0000][gc,heap     ] GC(1045) Humongous regions: 151->151
[2025-12-25T07:06:37.370+0000][gc,metaspace] GC(1045) Metaspace: 16157K(16512K)->16157K(16512K) NonClass: 14495K(14592K)->14495K(14592K) Class: 1662K(1920K)->1662K(1920K)
[2025-12-25T07:06:37.370+0000][gc          ] GC(1045) Pause Young (Normal) (G1 Evacuation Pause) 962M->400M(1024M) 14.951ms
[2025-12-25T07:06:37.370+0000][gc,cpu      ] GC(1045) User=0.09s Sys=0.01s Real=0.02s
[2025-12-25T07:07:16.743+0000][gc,start    ] GC(1046) Pause Young (Normal) (G1 Evacuation Pause)
[2025-12-25T07:07:16.743+0000][gc,task     ] GC(1046) Using 8 workers of 8 for evacuation
[2025-12-25T07:07:16.762+0000][gc,phases   ] GC(1046)   Pre Evacuate Collection Set: 1.9ms
[2025-12-25T07:07:16.762+0000][gc,phases   ] GC(1046)   Merge Heap Roots: 0.7ms
[2025-12-25T07:07:16.762+0000][gc,phases   ] GC(1046)   Evacuate Collection Set: 15.1ms
[2025-12-25T07:07:16.762+0000][gc,phases   ] GC(1046)   Post Evacuate Collection Set: 1.2ms
[2025-12-25T07:07:16.763+0000][gc,phases   ] GC(1046)   Other: 0.4ms
[2025-12-25T07:07:16.763+0000][gc,heap     ] GC(1046) Eden regions: 563->0(565)
[2025-12-25T07:07:16.763+0000][gc,heap     ] GC(1046) Survivor regions: 8->7(60)
[2025-12-25T07:07:16.763+0000][gc,heap     ] GC(1046) Old regions: 242->242
[2025-12-25T07:07:16.763+0000][gc,heap     ] GC(1046) Humongous regions: 151->151
[2025-12-25T07:07:16.763+0000][gc,metaspace] GC(1046) Metaspace: 16157K(16512K)->16157K(16512K) NonClass: 14495K(14592K)->14495K(14592K) Class: 1662K(1920K)->1662K(1920K)
[2025-12-25T07:07:16.763+0000][gc          ] GC(1046) Pause Young (Normal) (G1 Evacuation Pause) 963M->399M(1024M) 20.402ms
[2025-12-25T07:07:16.763+0000][gc,cpu      ] GC(1046) User=0.12s Sys=0.01s Real=0.02s
[2025-12-25T07:07:46.846+0000][gc,start    ] GC(1047) Pause Young (Normal) (G1 Evacuation Pause)
[2025-12-25T07:07:46.846+0000][gc,task     ] GC(1047) Using 8 workers of 8 for evacuation
[2025-12-25T07:07:46.857+0000][gc,phases   ] GC(1047)   Pre Evacuate Collection Set: 1.1ms
[2025-12-25T07:07:46.857+0000][gc,phases   ] GC(1047)   Merge Heap Roots: 0.3ms
[2025-12-25T07:07:46.857+0000][gc,phases   ] GC(1047)   Evacuate Collection Set: 8.5ms
[2025-12-25T07:07:46.857+0000][gc,phases   ] GC(1047)   Post Evacuate Collection Set: 1.0ms
[2025-12-25T07:07:46.857+0000][gc,phases   ] GC(1047)   Other: 0.2ms
[2025-12-25T07:07:46.857+0000][gc,heap     ] GC(1047) Eden regions: 565->0(563)
[2025-12-25T07:07:46.858+0000][gc,heap     ] GC(1047) Survivor regions: 7->8(59)
[2025-12-25T07:07:46.858+0000][gc,heap     ] GC(1047) Old regions: 242->242
[2025-12-25T07:07:46.858+0000][gc,heap     ] GC(1047) Humongous regions: 151->151
[2025-12-25T07:07:46.858+0000][gc,metaspace] GC(1047) Metaspace: 16157K(16512K)->16157K(16512K) NonClass: 14495K(14592K)->14495K(14592K) Class: 1662K(1920K)->1662K(1920K)
[2025-12-25T07:07:46.858+0000][gc          ] GC(1047) Pause Young (Normal) (G1 Evacuation Pause) 964M->400M(1024M) 12.101ms
[2025-12-25T07:07:46.858+0000][gc,cpu      ] GC(1047) User=0.07s Sys=0.01s Real=0.01s
[2025-12-25T07:08:16.938+0000][gc,start    ] GC(1048) Pause Young (Normal) (G1 Evacuation Pause)
[2025-12-25T07:08:16.939+0000][gc,task     ] GC(1048) Using 8 workers of 8 for evacuation
[2025-12-25T07:08:16.968+0000][gc,phases   ] GC(1048)   Pre Evacuate Collection Set: 1.7ms
[2025-12-25T07:08:16.968+0000][gc,phases   ] GC(1048)   Merge Heap Roots: 1.7ms
[2025-12-25T07:08:16.968+0000][gc,phases   ] GC(1048)   Evacuate Collection Set: 18.1ms
[2025-12-25T07:08:16.968+0000][gc,phases   ] GC(1048)   Post Evacuate Collection Set: 7.1ms
[2025-12-25T07:08:16.968+0000][gc,phases   ] GC(1048)   Other: 0.5ms
[2025-12-25T07:08:16.968+0000][gc,heap     ] GC(1048) Eden regions: 563->0(558)
[2025-12-25T07:08:16.968+0000][gc,heap     ] GC(1048) Survivor regions: 8->10(60)
[2025-12-25T07:08:16.968+0000][gc,heap     ] GC(1048) Old regions: 242->243
[2025-12-25T07:08:16.968+0000][gc,heap     ] GC(1048) Humongous regions: 151->151
[2025-12-25T07:08:16.969+0000][gc,metaspace] GC(1048) Metaspace: 16157K(16512K)->16157K(16512K) NonClass: 14495K(14592K)->14495K(14592K) Class: 1662K(1920K)->1662K(1920K)
[2025-12-25T07:08:16.969+0000][gc          ] GC(1048) Pause Young (Normal) (G1 Evacuation Pause) 963M->402M(1024M) 30.478ms
[2025-12-25T07:08:16.969+0000][gc,cpu      ] GC(1048) User=0.17s Sys=0.02s Real=0.03s
[2025-12-25T07:08:46.966+0000][gc,start    ] GC(1049) Pause Young (Normal) (G1 Evacuation Pause)
[2025-12-25T07:08:46.967+0000][gc,task     ] GC(1049) Using 8 workers of 8 for evacuation
[2025-12-25T07:08:46.976+0000][gc,phases   ] GC(1049)   Pre Evacuate Collection Set: 2.2ms
[2025-12-25T07:08:46.976+0000][gc,phases   ] GC(1049)   Merge Heap Roots: 0.4ms
[2025-12-25T07:08:46.976+0000][gc,phases   ] GC(1049)   Evacuate Collection Set: 5.4ms
[2025-12-25T07:08:46.976+0000][gc,phases   ] GC(1049)   Post Evacuate Collection Set: 0.9ms
[2025-12-25T07:08:46.976+0000][gc,phases   ] GC(1049)   Other: 0.2ms
[2025-12-25T07:08:46.976+0000][gc,heap     ] GC(1049) Eden regions: 558->0(566)
[2025-12-25T07:08:46.976+0000][gc,heap     ] GC(1049) Survivor regions: 10->6(62)
[2025-12-25T07:08:46.976+0000][gc,heap     ] GC(1049) Old regions: 243->243
[2025-12-25T07:08:46.976+0000][gc,heap     ] GC(1049) Humongous regions: 151->151
[2025-12-25T07:08:46.976+0000][gc,metaspace] GC(1049) Metaspace: 16157K(16512K)->16157K(16512K) NonClass: 14495K(14592K)->14495K(14592K) Class: 1662K(1920K)->1662K(1920K)
[2025-12-25T07:08:46.976+0000][gc          ] GC(1049) Pause Young (Normal) (G1 Evacuation Pause) 960M->398M(1024M) 10.203ms
[2025-12-25T07:08:46.977+0000][gc,cpu      ] GC(1049) User=0.06s Sys=0.00s Real=0.01s
[2025-12-25T07:09:17.101+0000][gc,start    ] GC(1050) Pause Young (Normal) (G1 Evacuation Pause)
[2025-12-25T07:09:17.102+0000][gc,task     ] GC(1050) Using 8 workers of 8 for evacuation
[2025-12-25T07:09:17.130+0000][gc,phases   ] GC(1050)   Pre Evacuate Collection Set: 1.0ms
[2025-12-25T07:09:17.131+0000][gc,phases   ] GC(1050)   Merge Heap Roots: 0.2ms
[2025-12-25T07:09:17.131+0000][gc,phases   ] GC(1050)   Evacuate Collection Set: 15.1ms
[2025-12-25T07:09:17.131+0000][gc,phases   ] GC(1050)   Post Evacuate Collection Set: 12.3ms
[2025-12-25T07:09:17.131+0000][gc,phases   ] GC(1050)   Other: 0.3ms
[2025-12-25T07:09:17.131+0000][gc,heap     ] GC(1050) Eden regions: 566->0(564)
[2025-12-25T07:09:17.131+0000][gc,heap     ] GC(1050) Survivor regions: 6->7(58)
[2025-12-25T07:09:17.131+0000][gc,heap     ] GC(1050) Old regions: 243->243
[2025-12-25T07:09:17.131+0000][gc,heap     ] GC(1050) Humongous regions: 151->151
[2025-12-25T07:09:17.131+0000][gc,metaspace] GC(1050) Metaspace: 16157K(16512K)->16157K(16512K) NonClass: 14495K(14592K)->14495K(14592K) Class: 1662K(1920K)->1662K(1920K)
[2025-12-25T07:09:17.131+0000][gc          ] GC(1050) Pause Young (Normal) (G1 Evacuation Pause) 964M->399M(1024M) 29.964ms
[2025-12-25T07:09:17.131+0000][gc,cpu      ] GC(1050) User=0.21s Sys=0.01s Real=0.03s
[2025-12-25T07:09:47.131+0000][gc,start    ] GC(1051) Pause Young (Normal) (G1 Evacuation Pause)
[2025-12-25T07:09:47.131+0000][gc,task     ] GC(1051) Using 8 workers of 8 for evacuation
[2025-12-25T07:09:47.148+0000][gc,phases   ] GC(1051)   Pre Evacuate Collection Set: 1.4ms
[2025-12-25T07:09:47.148+0000][gc,phases   ] GC(1051)   Merge Heap Roots: 0.9ms
[2025-12-25T07:09:47.148+0000][gc,phases   ] GC(1051)   Evacuate Collection Set: 12.9ms
[2025-12-25T07:09:47.148+0000][gc,phases   ] GC(1051)   Post Evacuate Collection Set: 1.1ms
[2025-12-25T07:09:47.148+0000][gc,phases   ] GC(1051)   Other: 0.3ms
[2025-12-25T07:09:47.148+0000][gc,heap     ] GC(1051) Eden regions: 564->0(564)
[2025-12-25T07:09:47.148+0000][gc,heap     ] GC(1051) Survivor regions: 7->7(59)
[2025-12-25T07:09:47.148+0000][gc,heap     ] GC(1051) Old regions: 243->243
[2025-12-25T07:09:47.148+0000][gc,heap     ] GC(1051) Humongous regions: 151->151
[2025-12-25T07:09:47.148+0000][gc,metaspace] GC(1051) Metaspace: 16157K(16512K)->16157K(16512K) NonClass: 14495K(14592K)->14495K(14592K) Class: 1662K(1920K)->1662K(1920K)
[2025-12-25T07:09:47.148+0000][gc          ] GC(1051) Pause Young (Normal) (G1 Evacuation Pause) 963M->400M(1024M) 17.822ms
[2025-12-25T07:09:47.148+0000][gc,cpu      ] GC(1051) User=0.11s Sys=0.00s Real=0.02s
[2025-12-25T07:10:17.231+0000][gc,start    ] GC(1052) Pause Young (Normal) (G1 Evacuation Pause)
[2025-12-25T07:10:17.232+0000][gc,task     ] GC(1052) Using 8 workers of 8 for evacuation
[2025-12-25T07:10:17.245+0000][gc,phases   ] GC(1052)   Pre Evacuate Collection Set: 1.1ms
[2025-12-25T07:10:17.245+0000][gc,phases   ] GC(1052)   Merge Heap Roots: 0.3ms
[2025-12-25T07:10:17.245+0000][gc,phases   ] GC(1052)   Evacuate Collection Set: 9.9ms
[2025-12-25T07:10:17.245+0000][gc,phases   ] GC(1052)   Post Evacuate Collection Set: 1.0ms
[2025-12-25T07:10:17.245+0000][gc,phases   ] GC(1052)   Other: 0.2ms
[2025-12-25T07:10:17.245+0000][gc,heap     ] GC(1052) Eden regions: 564->0(559)
[2025-12-25T07:10:17.245+0000][gc,heap     ] GC(1052) Survivor regions: 7->9(59)
[2025-12-25T07:10:17.245+0000][gc,heap     ] GC(1052) Old regions: 243->244
[2025-12-25T07:10:17.245+0000][gc,heap     ] GC(1052) Humongous regions: 151->151
[2025-12-25T07:10:17.245+0000][gc,metaspace] GC(1052) Metaspace: 16157K(16512K)->16157K(16512K) NonClass: 14495K(14592K)->14495K(14592K) Class: 1662K(1920K)->1662K(1920K)
[2025-12-25T07:10:17.245+0000][gc          ] GC(1052) Pause Young (Normal) (G1 Evacuation Pause) 964M->402M(1024M) 14.171ms
[2025-12-25T07:10:17.245+0000][gc,cpu      ] GC(1052) User=0.07s Sys=0.00s Real=0.02s
[2025-12-25T07:10:56.699+0000][gc,start    ] GC(1053) Pause Young (Normal) (G1 Evacuation Pause)
[2025-12-25T07:10:56.700+0000][gc,task     ] GC(1053) Using 8 workers of 8 for evacuation
[2025-12-25T07:10:56.722+0000][gc,phases   ] GC(1053)   Pre Evacuate Collection Set: 3.8ms
[2025-12-25T07:10:56.722+0000][gc,phases   ] GC(1053)   Merge Heap Roots: 1.1ms
[2025-12-25T07:10:56.722+0000][gc,phases   ] GC(1053)   Evacuate Collection Set: 15.2ms
[2025-12-25T07:10:56.722+0000][gc,phases   ] GC(1053)   Post Evacuate Collection Set: 1.5ms
[2025-12-25T07:10:56.722+0000][gc,phases   ] GC(1053)   Other: 1.1ms
[2025-12-25T07:10:56.723+0000][gc,heap     ] GC(1053) Eden regions: 559->0(563)
[2025-12-25T07:10:56.723+0000][gc,heap     ] GC(1053) Survivor regions: 9->7(61)
[2025-12-25T07:10:56.723+0000][gc,heap     ] GC(1053) Old regions: 244->244
[2025-12-25T07:10:56.723+0000][gc,heap     ] GC(1053) Humongous regions: 151->151
[2025-12-25T07:10:56.723+0000][gc,metaspace] GC(1053) Metaspace: 16157K(16512K)->16157K(16512K) NonClass: 14495K(14592K)->14495K(14592K) Class: 1662K(1920K)->1662K(1920K)
[2025-12-25T07:10:56.723+0000][gc          ] GC(1053) Pause Young (Normal) (G1 Evacuation Pause) 961M->400M(1024M) 24.268ms
[2025-12-25T07:10:56.723+0000][gc,cpu      ] GC(1053) User=0.13s Sys=0.01s Real=0.03s
[2025-12-25T07:11:26.813+0000][gc,start    ] GC(1054) Pause Young (Normal) (G1 Evacuation Pause)
[2025-12-25T07:11:26.813+0000][gc,task     ] GC(1054) Using 8 workers of 8 for evacuation
[2025-12-25T07:11:26.825+0000][gc,phases   ] GC(1054)   Pre Evacuate Collection Set: 1.0ms
[2025-12-25T07:11:26.826+0000][gc,phases   ] GC(1054)   Merge Heap Roots: 0.3ms
[2025-12-25T07:11:26.826+0000][gc,phases   ] GC(1054)   Evacuate Collection Set: 10.1ms
[2025-12-25T07:11:26.826+0000][gc,phases   ] GC(1054)   Post Evacuate Collection Set: 1.0ms
[2025-12-25T07:11:26.826+0000][gc,phases   ] GC(1054)   Other: 0.2ms
[2025-12-25T07:11:26.826+0000][gc,heap     ] GC(1054) Eden regions: 563->0(561)
[2025-12-25T07:11:26.826+0000][gc,heap     ] GC(1054) Survivor regions: 7->8(59)
[2025-12-25T07:11:26.826+0000][gc,heap     ] GC(1054) Old regions: 244->244
[2025-12-25T07:11:26.826+0000][gc,heap     ] GC(1054) Humongous regions: 151->151
[2025-12-25T07:11:26.826+0000][gc,metaspace] GC(1054) Metaspace: 16157K(16512K)->16157K(16512K) NonClass: 14495K(14592K)->14495K(14592K) Class: 1662K(1920K)->1662K(1920K)
[2025-12-25T07:11:26.826+0000][gc          ] GC(1054) Pause Young (Normal) (G1 Evacuation Pause) 963M->401M(1024M) 13.690ms
[2025-12-25T07:11:26.826+0000][gc,cpu      ] GC(1054) User=0.09s Sys=0.00s Real=0.01s
[2025-12-25T07:11:56.864+0000][gc,start    ] GC(1055) Pause Young (Normal) (G1 Evacuation Pause)
[2025-12-25T07:11:56.865+0000][gc,task     ] GC(1055) Using 8 workers of 8 for evacuation
[2025-12-25T07:11:56.874+0000][gc,phases   ] GC(1055)   Pre Evacuate Collection Set: 1.0ms
[2025-12-25T07:11:56.875+0000][gc,phases   ] GC(1055)   Merge Heap Roots: 0.3ms
[2025-12-25T07:11:56.875+0000][gc,phases   ] GC(1055)   Evacuate Collection Set: 7.0ms
[2025-12-25T07:11:56.875+0000][gc,phases   ] GC(1055)   Post Evacuate Collection Set: 1.0ms
[2025-12-25T07:11:56.875+0000][gc,phases   ] GC(1055)   Other: 0.3ms
[2025-12-25T07:11:56.875+0000][gc,heap     ] GC(1055) Eden regions: 561->0(559)
[2025-12-25T07:11:56.875+0000][gc,heap     ] GC(1055) Survivor regions: 8->9(60)
[2025-12-25T07:11:56.875+0000][gc,heap     ] GC(1055) Old regions: 244->244
[2025-12-25T07:11:56.875+0000][gc,heap     ] GC(1055) Humongous regions: 151->151
[2025-12-25T07:11:56.875+0000][gc,metaspace] GC(1055) Metaspace: 16157K(16512K)->16157K(16512K) NonClass: 14495K(14592K)->14495K(14592K) Class: 1662K(1920K)->1662K(1920K)
[2025-12-25T07:11:56.875+0000][gc          ] GC(1055) Pause Young (Normal) (G1 Evacuation Pause) 962M->402M(1024M) 10.788ms
[2025-12-25T07:11:56.875+0000][gc,cpu      ] GC(1055) User=0.06s Sys=0.00s Real=0.01s
[2025-12-25T07:12:26.943+0000][gc,start    ] GC(1056) Pause Young (Normal) (G1 Evacuation Pause)
[2025-12-25T07:12:26.943+0000][gc,task     ] GC(1056) Using 8 workers of 8 for evacuation
[2025-12-25T07:12:26.962+0000][gc,phases   ] GC(1056)   Pre Evacuate Collection Set: 1.0ms
[2025-12-25T07:12:26.962+0000][gc,phases   ] GC(1056)   Merge Heap Roots: 0.3ms
[2025-12-25T07:12:26.962+0000][gc,phases   ] GC(1056)   Evacuate Collection Set: 16.0ms
[2025-12-25T07:12:26.962+0000][gc,phases   ] GC(1056)   Post Evacuate Collection Set: 1.1ms
[2025-12-25T07:12:26.962+0000][gc,phases   ] GC(1056)   Other: 0.3ms
[2025-12-25T07:12:26.962+0000][gc,heap     ] GC(1056) Eden regions: 559->0(559)
[2025-12-25T07:12:26.962+0000][gc,heap     ] GC(1056) Survivor regions: 9->9(61)
[2025-12-25T07:12:26.963+0000][gc,heap     ] GC(1056) Old regions: 244->244
[2025-12-25T07:12:26.963+0000][gc,heap     ] GC(1056) Humongous regions: 151->151
[2025-12-25T07:12:26.963+0000][gc,metaspace] GC(1056) Metaspace: 16157K(16512K)->16157K(16512K) NonClass: 14495K(14592K)->14495K(14592K) Class: 1662K(1920K)->1662K(1920K)
[2025-12-25T07:12:26.963+0000][gc          ] GC(1056) Pause Young (Normal) (G1 Evacuation Pause) 961M->403M(1024M) 20.082ms
[2025-12-25T07:12:26.963+0000][gc,cpu      ] GC(1056) User=0.13s Sys=0.00s Real=0.02s
[2025-12-25T07:12:57.000+0000][gc,start    ] GC(1057) Pause Young (Normal) (G1 Evacuation Pause)
[2025-12-25T07:12:57.001+0000][gc,task     ] GC(1057) Using 8 workers of 8 for evacuation
[2025-12-25T07:12:57.014+0000][gc,phases   ] GC(1057)   Pre Evacuate Collection Set: 1.0ms
[2025-12-25T07:12:57.014+0000][gc,phases   ] GC(1057)   Merge Heap Roots: 0.3ms
[2025-12-25T07:12:57.014+0000][gc,phases   ] GC(1057)   Evacuate Collection Set: 10.4ms
[2025-12-25T07:12:57.014+0000][gc,phases   ] GC(1057)   Post Evacuate Collection Set: 0.9ms
[2025-12-25T07:12:57.014+0000][gc,phases   ] GC(1057)   Other: 0.2ms
[2025-12-25T07:12:57.015+0000][gc,heap     ] GC(1057) Eden regions: 559->0(564)
[2025-12-25T07:12:57.015+0000][gc,heap     ] GC(1057) Survivor regions: 9->6(61)
[2025-12-25T07:12:57.015+0000][gc,heap     ] GC(1057) Old regions: 244->245
[2025-12-25T07:12:57.015+0000][gc,heap     ] GC(1057) Humongous regions: 151->151
[2025-12-25T07:12:57.015+0000][gc,metaspace] GC(1057) Metaspace: 16157K(16512K)->16157K(16512K) NonClass: 14495K(14592K)->14495K(14592K) Class: 1662K(1920K)->1662K(1920K)
[2025-12-25T07:12:57.015+0000][gc          ] GC(1057) Pause Young (Normal) (G1 Evacuation Pause) 962M->400M(1024M) 14.507ms
[2025-12-25T07:12:57.015+0000][gc,cpu      ] GC(1057) User=0.08s Sys=0.00s Real=0.02s
[2025-12-25T07:13:27.121+0000][gc,start    ] GC(1058) Pause Young (Normal) (G1 Evacuation Pause)
[2025-12-25T07:13:27.122+0000][gc,task     ] GC(1058) Using 8 workers of 8 for evacuation
[2025-12-25T07:13:27.133+0000][gc,phases   ] GC(1058)   Pre Evacuate Collection Set: 1.1ms
[2025-12-25T07:13:27.133+0000][gc,phases   ] GC(1058)   Merge Heap Roots: 0.4ms
[2025-12-25T07:13:27.133+0000][gc,phases   ] GC(1058)   Evacuate Collection Set: 7.6ms
[2025-12-25T07:13:27.134+0000][gc,phases   ] GC(1058)   Post Evacuate Collection Set: 1.5ms
[2025-12-25T07:13:27.134+0000][gc,phases   ] GC(1058)   Other: 0.3ms
[2025-12-25T07:13:27.134+0000][gc,heap     ] GC(1058) Eden regions: 564->0(564)
[2025-12-25T07:13:27.134+0000][gc,heap     ] GC(1058) Survivor regions: 6->6(58)
[2025-12-25T07:13:27.134+0000][gc,heap     ] GC(1058) Old regions: 245->245
[2025-12-25T07:13:27.134+0000][gc,heap     ] GC(1058) Humongous regions: 151->151
[2025-12-25T07:13:27.134+0000][gc,metaspace] GC(1058) Metaspace: 16157K(16512K)->16157K(16512K) NonClass: 14495K(14592K)->14495K(14592K) Class: 1662K(1920K)->1662K(1920K)
[2025-12-25T07:13:27.134+0000][gc          ] GC(1058) Pause Young (Normal) (G1 Evacuation Pause) 964M->401M(1024M) 12.733ms
[2025-12-25T07:13:27.134+0000][gc,cpu      ] GC(1058) User=0.07s Sys=0.00s Real=0.01s
[2025-12-25T07:13:57.175+0000][gc,start    ] GC(1059) Pause Young (Normal) (G1 Evacuation Pause)
[2025-12-25T07:13:57.175+0000][gc,task     ] GC(1059) Using 8 workers of 8 for evacuation
[2025-12-25T07:13:57.189+0000][gc,phases   ] GC(1059)   Pre Evacuate Collection Set: 1.0ms
[2025-12-25T07:13:57.189+0000][gc,phases   ] GC(1059)   Merge Heap Roots: 0.2ms
[2025-12-25T07:13:57.189+0000][gc,phases   ] GC(1059)   Evacuate Collection Set: 11.1ms
[2025-12-25T07:13:57.189+0000][gc,phases   ] GC(1059)   Post Evacuate Collection Set: 1.0ms
[2025-12-25T07:13:57.189+0000][gc,phases   ] GC(1059)   Other: 0.2ms
[2025-12-25T07:13:57.189+0000][gc,heap     ] GC(1059) Eden regions: 564->0(562)
[2025-12-25T07:13:57.189+0000][gc,heap     ] GC(1059) Survivor regions: 6->7(58)
[2025-12-25T07:13:57.189+0000][gc,heap     ] GC(1059) Old regions: 245->245
[2025-12-25T07:13:57.189+0000][gc,heap     ] GC(1059) Humongous regions: 151->151
[2025-12-25T07:13:57.189+0000][gc,metaspace] GC(1059) Metaspace: 16157K(16512K)->16157K(16512K) NonClass: 14495K(14592K)->14495K(14592K) Class: 1662K(1920K)->1662K(1920K)
[2025-12-25T07:13:57.189+0000][gc          ] GC(1059) Pause Young (Normal) (G1 Evacuation Pause) 965M->402M(1024M) 14.442ms
[2025-12-25T07:13:57.189+0000][gc,cpu      ] GC(1059) User=0.08s Sys=0.00s Real=0.02s
[2025-12-25T07:14:27.269+0000][gc,start    ] GC(1060) Pause Young (Normal) (G1 Evacuation Pause)
[2025-12-25T07:14:27.270+0000][gc,task     ] GC(1060) Using 8 workers of 8 for evacuation
[2025-12-25T07:14:27.292+0000][gc,phases   ] GC(1060)   Pre Evacuate Collection Set: 2.1ms
[2025-12-25T07:14:27.292+0000][gc,phases   ] GC(1060)   Merge Heap Roots: 0.5ms
[2025-12-25T07:14:27.292+0000][gc,phases   ] GC(1060)   Evacuate Collection Set: 17.7ms
[2025-12-25T07:14:27.292+0000][gc,phases   ] GC(1060)   Post Evacuate Collection Set: 1.2ms
[2025-12-25T07:14:27.293+0000][gc,phases   ] GC(1060)   Other: 0.5ms
[2025-12-25T07:14:27.293+0000][gc,heap     ] GC(1060) Eden regions: 562->0(560)
[2025-12-25T07:14:27.293+0000][gc,heap     ] GC(1060) Survivor regions: 7->8(59)
[2025-12-25T07:14:27.293+0000][gc,heap     ] GC(1060) Old regions: 245->245
[2025-12-25T07:14:27.293+0000][gc,heap     ] GC(1060) Humongous regions: 151->151
[2025-12-25T07:14:27.293+0000][gc,metaspace] GC(1060) Metaspace: 16157K(16512K)->16157K(16512K) NonClass: 14495K(14592K)->14495K(14592K) Class: 1662K(1920K)->1662K(1920K)
[2025-12-25T07:14:27.293+0000][gc          ] GC(1060) Pause Young (Normal) (G1 Evacuation Pause) 964M->403M(1024M) 23.370ms
[2025-12-25T07:14:27.293+0000][gc,cpu      ] GC(1060) User=0.15s Sys=0.00s Real=0.02s
[2025-12-25T07:15:06.749+0000][gc,start    ] GC(1061) Pause Young (Normal) (G1 Evacuation Pause)
[2025-12-25T07:15:06.750+0000][gc,task     ] GC(1061) Using 8 workers of 8 for evacuation
[2025-12-25T07:15:06.776+0000][gc,phases   ] GC(1061)   Pre Evacuate Collection Set: 1.8ms
[2025-12-25T07:15:06.776+0000][gc,phases   ] GC(1061)   Merge Heap Roots: 0.5ms
[2025-12-25T07:15:06.776+0000][gc,phases   ] GC(1061)   Evacuate Collection Set: 19.5ms
[2025-12-25T07:15:06.776+0000][gc,phases   ] GC(1061)   Post Evacuate Collection Set: 3.6ms
[2025-12-25T07:15:06.776+0000][gc,phases   ] GC(1061)   Other: 0.4ms
[2025-12-25T07:15:06.776+0000][gc,heap     ] GC(1061) Eden regions: 560->0(561)
[2025-12-25T07:15:06.776+0000][gc,heap     ] GC(1061) Survivor regions: 8->7(60)
[2025-12-25T07:15:06.777+0000][gc,heap     ] GC(1061) Old regions: 245->246
[2025-12-25T07:15:06.777+0000][gc,heap     ] GC(1061) Humongous regions: 151->151
[2025-12-25T07:15:06.777+0000][gc,metaspace] GC(1061) Metaspace: 16157K(16512K)->16157K(16512K) NonClass: 14495K(14592K)->14495K(14592K) Class: 1662K(1920K)->1662K(1920K)
[2025-12-25T07:15:06.777+0000][gc          ] GC(1061) Pause Young (Normal) (G1 Evacuation Pause) 963M->402M(1024M) 27.618ms
[2025-12-25T07:15:06.777+0000][gc,cpu      ] GC(1061) User=0.12s Sys=0.00s Real=0.02s
[2025-12-25T07:15:36.867+0000][gc,start    ] GC(1062) Pause Young (Normal) (G1 Evacuation Pause)
[2025-12-25T07:15:36.868+0000][gc,task     ] GC(1062) Using 8 workers of 8 for evacuation
[2025-12-25T07:15:36.881+0000][gc,phases   ] GC(1062)   Pre Evacuate Collection Set: 1.1ms
[2025-12-25T07:15:36.882+0000][gc,phases   ] GC(1062)   Merge Heap Roots: 0.3ms
[2025-12-25T07:15:36.882+0000][gc,phases   ] GC(1062)   Evacuate Collection Set: 10.2ms
[2025-12-25T07:15:36.882+0000][gc,phases   ] GC(1062)   Post Evacuate Collection Set: 1.2ms
[2025-12-25T07:15:36.882+0000][gc,phases   ] GC(1062)   Other: 0.3ms
[2025-12-25T07:15:36.882+0000][gc,heap     ] GC(1062) Eden regions: 561->0(559)
[2025-12-25T07:15:36.882+0000][gc,heap     ] GC(1062) Survivor regions: 7->8(59)
[2025-12-25T07:15:36.882+0000][gc,heap     ] GC(1062) Old regions: 246->246
[2025-12-25T07:15:36.882+0000][gc,heap     ] GC(1062) Humongous regions: 151->151
[2025-12-25T07:15:36.882+0000][gc,metaspace] GC(1062) Metaspace: 16157K(16512K)->16157K(16512K) NonClass: 14495K(14592K)->14495K(14592K) Class: 1662K(1920K)->1662K(1920K)
[2025-12-25T07:15:36.882+0000][gc          ] GC(1062) Pause Young (Normal) (G1 Evacuation Pause) 963M->403M(1024M) 14.901ms
[2025-12-25T07:15:36.882+0000][gc,cpu      ] GC(1062) User=0.08s Sys=0.01s Real=0.01s
[2025-12-25T07:16:06.913+0000][gc,start    ] GC(1063) Pause Young (Normal) (G1 Evacuation Pause)
[2025-12-25T07:16:06.914+0000][gc,task     ] GC(1063) Using 8 workers of 8 for evacuation
[2025-12-25T07:16:06.932+0000][gc,phases   ] GC(1063)   Pre Evacuate Collection Set: 3.1ms
[2025-12-25T07:16:06.932+0000][gc,phases   ] GC(1063)   Merge Heap Roots: 0.3ms
[2025-12-25T07:16:06.932+0000][gc,phases   ] GC(1063)   Evacuate Collection Set: 13.2ms
[2025-12-25T07:16:06.932+0000][gc,phases   ] GC(1063)   Post Evacuate Collection Set: 1.2ms
[2025-12-25T07:16:06.932+0000][gc,phases   ] GC(1063)   Other: 0.3ms
[2025-12-25T07:16:06.932+0000][gc,heap     ] GC(1063) Eden regions: 559->0(559)
[2025-12-25T07:16:06.932+0000][gc,heap     ] GC(1063) Survivor regions: 8->8(60)
[2025-12-25T07:16:06.933+0000][gc,heap     ] GC(1063) Old regions: 246->246
[2025-12-25T07:16:06.933+0000][gc,heap     ] GC(1063) Humongous regions: 151->151
[2025-12-25T07:16:06.933+0000][gc,metaspace] GC(1063) Metaspace: 16157K(16512K)->16157K(16512K) NonClass: 14495K(14592K)->14495K(14592K) Class: 1662K(1920K)->1662K(1920K)
[2025-12-25T07:16:06.933+0000][gc          ] GC(1063) Pause Young (Normal) (G1 Evacuation Pause) 962M->404M(1024M) 19.537ms
[2025-12-25T07:16:06.933+0000][gc,cpu      ] GC(1063) User=0.13s Sys=0.00s Real=0.02s
[2025-12-25T07:16:36.983+0000][gc,start    ] GC(1064) Pause Young (Normal) (G1 Evacuation Pause)
[2025-12-25T07:16:36.983+0000][gc,task     ] GC(1064) Using 8 workers of 8 for evacuation
[2025-12-25T07:16:36.999+0000][gc,phases   ] GC(1064)   Pre Evacuate Collection Set: 1.0ms
[2025-12-25T07:16:36.999+0000][gc,phases   ] GC(1064)   Merge Heap Roots: 0.2ms
[2025-12-25T07:16:36.999+0000][gc,phases   ] GC(1064)   Evacuate Collection Set: 13.1ms
[2025-12-25T07:16:36.999+0000][gc,phases   ] GC(1064)   Post Evacuate Collection Set: 1.0ms
[2025-12-25T07:16:36.999+0000][gc,phases   ] GC(1064)   Other: 0.2ms
[2025-12-25T07:16:36.999+0000][gc,heap     ] GC(1064) Eden regions: 559->0(555)
[2025-12-25T07:16:36.999+0000][gc,heap     ] GC(1064) Survivor regions: 8->10(60)
[2025-12-25T07:16:36.999+0000][gc,heap     ] GC(1064) Old regions: 246->246
[2025-12-25T07:16:36.999+0000][gc,heap     ] GC(1064) Humongous regions: 151->151
[2025-12-25T07:16:36.999+0000][gc,metaspace] GC(1064) Metaspace: 16157K(16512K)->16157K(16512K) NonClass: 14495K(14592K)->14495K(14592K) Class: 1662K(1920K)->1662K(1920K)
[2025-12-25T07:16:36.999+0000][gc          ] GC(1064) Pause Young (Normal) (G1 Evacuation Pause) 963M->405M(1024M) 16.325ms
[2025-12-25T07:16:36.999+0000][gc,cpu      ] GC(1064) User=0.11s Sys=0.01s Real=0.02s
[2025-12-25T07:17:07.015+0000][gc,start    ] GC(1065) Pause Young (Normal) (G1 Evacuation Pause)
[2025-12-25T07:17:07.016+0000][gc,task     ] GC(1065) Using 8 workers of 8 for evacuation
[2025-12-25T07:17:07.032+0000][gc,phases   ] GC(1065)   Pre Evacuate Collection Set: 3.6ms
[2025-12-25T07:17:07.033+0000][gc,phases   ] GC(1065)   Merge Heap Roots: 1.3ms
[2025-12-25T07:17:07.033+0000][gc,phases   ] GC(1065)   Evacuate Collection Set: 10.5ms
[2025-12-25T07:17:07.033+0000][gc,phases   ] GC(1065)   Post Evacuate Collection Set: 1.0ms
[2025-12-25T07:17:07.033+0000][gc,phases   ] GC(1065)   Other: 0.4ms
[2025-12-25T07:17:07.033+0000][gc,heap     ] GC(1065) Eden regions: 555->0(563)
[2025-12-25T07:17:07.033+0000][gc,heap     ] GC(1065) Survivor regions: 10->6(62)
[2025-12-25T07:17:07.033+0000][gc,heap     ] GC(1065) Old regions: 246->246
[2025-12-25T07:17:07.033+0000][gc,heap     ] GC(1065) Humongous regions: 151->151
[2025-12-25T07:17:07.033+0000][gc,metaspace] GC(1065) Metaspace: 16157K(16512K)->16157K(16512K) NonClass: 14495K(14592K)->14495K(14592K) Class: 1662K(1920K)->1662K(1920K)
[2025-12-25T07:17:07.033+0000][gc          ] GC(1065) Pause Young (Normal) (G1 Evacuation Pause) 960M->402M(1024M) 18.323ms
[2025-12-25T07:17:07.034+0000][gc,cpu      ] GC(1065) User=0.10s Sys=0.00s Real=0.02s
[2025-12-25T07:17:37.118+0000][gc,start    ] GC(1066) Pause Young (Normal) (G1 Evacuation Pause)
[2025-12-25T07:17:37.120+0000][gc,task     ] GC(1066) Using 8 workers of 8 for evacuation
[2025-12-25T07:17:37.134+0000][gc,phases   ] GC(1066)   Pre Evacuate Collection Set: 3.0ms
[2025-12-25T07:17:37.134+0000][gc,phases   ] GC(1066)   Merge Heap Roots: 0.8ms
[2025-12-25T07:17:37.134+0000][gc,phases   ] GC(1066)   Evacuate Collection Set: 9.5ms
[2025-12-25T07:17:37.134+0000][gc,phases   ] GC(1066)   Post Evacuate Collection Set: 1.0ms
[2025-12-25T07:17:37.134+0000][gc,phases   ] GC(1066)   Other: 0.2ms
[2025-12-25T07:17:37.134+0000][gc,heap     ] GC(1066) Eden regions: 563->0(562)
[2025-12-25T07:17:37.134+0000][gc,heap     ] GC(1066) Survivor regions: 6->6(58)
[2025-12-25T07:17:37.134+0000][gc,heap     ] GC(1066) Old regions: 246->247
[2025-12-25T07:17:37.135+0000][gc,heap     ] GC(1066) Humongous regions: 151->151
[2025-12-25T07:17:37.135+0000][gc,metaspace] GC(1066) Metaspace: 16157K(16512K)->16157K(16512K) NonClass: 14495K(14592K)->14495K(14592K) Class: 1662K(1920K)->1662K(1920K)
[2025-12-25T07:17:37.135+0000][gc          ] GC(1066) Pause Young (Normal) (G1 Evacuation Pause) 965M->403M(1024M) 16.551ms
[2025-12-25T07:17:37.135+0000][gc,cpu      ] GC(1066) User=0.09s Sys=0.00s Real=0.02s
[2025-12-25T07:18:07.246+0000][gc,start    ] GC(1067) Pause Young (Normal) (G1 Evacuation Pause)
[2025-12-25T07:18:07.247+0000][gc,task     ] GC(1067) Using 8 workers of 8 for evacuation
[2025-12-25T07:18:07.263+0000][gc,phases   ] GC(1067)   Pre Evacuate Collection Set: 1.1ms
[2025-12-25T07:18:07.263+0000][gc,phases   ] GC(1067)   Merge Heap Roots: 0.3ms
[2025-12-25T07:18:07.263+0000][gc,phases   ] GC(1067)   Evacuate Collection Set: 14.0ms
[2025-12-25T07:18:07.264+0000][gc,phases   ] GC(1067)   Post Evacuate Collection Set: 1.1ms
[2025-12-25T07:18:07.264+0000][gc,phases   ] GC(1067)   Other: 0.3ms
[2025-12-25T07:18:07.264+0000][gc,heap     ] GC(1067) Eden regions: 562->0(560)
[2025-12-25T07:18:07.264+0000][gc,heap     ] GC(1067) Survivor regions: 6->7(58)
[2025-12-25T07:18:07.264+0000][gc,heap     ] GC(1067) Old regions: 247->247
[2025-12-25T07:18:07.264+0000][gc,heap     ] GC(1067) Humongous regions: 151->151
[2025-12-25T07:18:07.264+0000][gc,metaspace] GC(1067) Metaspace: 16157K(16512K)->16157K(16512K) NonClass: 14495K(14592K)->14495K(14592K) Class: 1662K(1920K)->1662K(1920K)
[2025-12-25T07:18:07.264+0000][gc          ] GC(1067) Pause Young (Normal) (G1 Evacuation Pause) 965M->403M(1024M) 17.952ms
[2025-12-25T07:18:07.264+0000][gc,cpu      ] GC(1067) User=0.11s Sys=0.00s Real=0.02s
[2025-12-25T07:18:37.252+0000][gc,start    ] GC(1068) Pause Young (Normal) (G1 Evacuation Pause)
[2025-12-25T07:18:37.253+0000][gc,task     ] GC(1068) Using 8 workers of 8 for evacuation
[2025-12-25T07:18:37.267+0000][gc,phases   ] GC(1068)   Pre Evacuate Collection Set: 1.1ms
[2025-12-25T07:18:37.267+0000][gc,phases   ] GC(1068)   Merge Heap Roots: 0.3ms
[2025-12-25T07:18:37.267+0000][gc,phases   ] GC(1068)   Evacuate Collection Set: 11.7ms
[2025-12-25T07:18:37.267+0000][gc,phases   ] GC(1068)   Post Evacuate Collection Set: 1.0ms
[2025-12-25T07:18:37.267+0000][gc,phases   ] GC(1068)   Other: 0.3ms
[2025-12-25T07:18:37.267+0000][gc,heap     ] GC(1068) Eden regions: 560->0(554)
[2025-12-25T07:18:37.267+0000][gc,heap     ] GC(1068) Survivor regions: 7->10(59)
[2025-12-25T07:18:37.267+0000][gc,heap     ] GC(1068) Old regions: 247->247
[2025-12-25T07:18:37.267+0000][gc,heap     ] GC(1068) Humongous regions: 151->151
[2025-12-25T07:18:37.267+0000][gc,metaspace] GC(1068) Metaspace: 16157K(16512K)->16157K(16512K) NonClass: 14495K(14592K)->14495K(14592K) Class: 1662K(1920K)->1662K(1920K)
[2025-12-25T07:18:37.268+0000][gc          ] GC(1068) Pause Young (Normal) (G1 Evacuation Pause) 963M->407M(1024M) 15.828ms
[2025-12-25T07:18:37.268+0000][gc,cpu      ] GC(1068) User=0.09s Sys=0.00s Real=0.02s
[2025-12-25T07:19:07.288+0000][gc,start    ] GC(1069) Pause Young (Normal) (G1 Evacuation Pause)
[2025-12-25T07:19:07.288+0000][gc,task     ] GC(1069) Using 8 workers of 8 for evacuation
[2025-12-25T07:19:07.304+0000][gc,phases   ] GC(1069)   Pre Evacuate Collection Set: 1.0ms
[2025-12-25T07:19:07.304+0000][gc,phases   ] GC(1069)   Merge Heap Roots: 0.3ms
[2025-12-25T07:19:07.304+0000][gc,phases   ] GC(1069)   Evacuate Collection Set: 12.6ms
[2025-12-25T07:19:07.304+0000][gc,phases   ] GC(1069)   Post Evacuate Collection Set: 1.2ms
[2025-12-25T07:19:07.304+0000][gc,phases   ] GC(1069)   Other: 0.3ms
[2025-12-25T07:19:07.304+0000][gc,heap     ] GC(1069) Eden regions: 554->0(554)
[2025-12-25T07:19:07.304+0000][gc,heap     ] GC(1069) Survivor regions: 10->10(62)
[2025-12-25T07:19:07.304+0000][gc,heap     ] GC(1069) Old regions: 247->247
[2025-12-25T07:19:07.304+0000][gc,heap     ] GC(1069) Humongous regions: 151->151
[2025-12-25T07:19:07.304+0000][gc,metaspace] GC(1069) Metaspace: 16158K(16512K)->16158K(16512K) NonClass: 14495K(14592K)->14495K(14592K) Class: 1662K(1920K)->1662K(1920K)
[2025-12-25T07:19:07.304+0000][gc          ] GC(1069) Pause Young (Normal) (G1 Evacuation Pause) 961M->407M(1024M) 16.253ms
[2025-12-25T07:19:07.304+0000][gc,cpu      ] GC(1069) User=0.11s Sys=0.01s Real=0.02s
[2025-12-25T07:19:46.767+0000][gc,start    ] GC(1070) Pause Young (Normal) (G1 Evacuation Pause)
[2025-12-25T07:19:46.767+0000][gc,task     ] GC(1070) Using 8 workers of 8 for evacuation
[2025-12-25T07:19:46.783+0000][gc,phases   ] GC(1070)   Pre Evacuate Collection Set: 1.4ms
[2025-12-25T07:19:46.783+0000][gc,phases   ] GC(1070)   Merge Heap Roots: 0.4ms
[2025-12-25T07:19:46.783+0000][gc,phases   ] GC(1070)   Evacuate Collection Set: 11.7ms
[2025-12-25T07:19:46.783+0000][gc,phases   ] GC(1070)   Post Evacuate Collection Set: 1.5ms
[2025-12-25T07:19:46.783+0000][gc,phases   ] GC(1070)   Other: 0.5ms
[2025-12-25T07:19:46.783+0000][gc,heap     ] GC(1070) Eden regions: 554->0(555)
[2025-12-25T07:19:46.783+0000][gc,heap     ] GC(1070) Survivor regions: 10->9(62)
[2025-12-25T07:19:46.783+0000][gc,heap     ] GC(1070) Old regions: 247->248
[2025-12-25T07:19:46.783+0000][gc,heap     ] GC(1070) Humongous regions: 151->151
[2025-12-25T07:19:46.784+0000][gc,metaspace] GC(1070) Metaspace: 16158K(16512K)->16158K(16512K) NonClass: 14495K(14592K)->14495K(14592K) Class: 1662K(1920K)->1662K(1920K)
[2025-12-25T07:19:46.784+0000][gc          ] GC(1070) Pause Young (Normal) (G1 Evacuation Pause) 961M->406M(1024M) 16.810ms
[2025-12-25T07:19:46.784+0000][gc,cpu      ] GC(1070) User=0.10s Sys=0.00s Real=0.02s
[2025-12-25T07:20:16.826+0000][gc,start    ] GC(1071) Pause Young (Normal) (G1 Evacuation Pause)
[2025-12-25T07:20:16.826+0000][gc,task     ] GC(1071) Using 8 workers of 8 for evacuation
[2025-12-25T07:20:16.844+0000][gc,phases   ] GC(1071)   Pre Evacuate Collection Set: 1.1ms
[2025-12-25T07:20:16.844+0000][gc,phases   ] GC(1071)   Merge Heap Roots: 0.3ms
[2025-12-25T07:20:16.844+0000][gc,phases   ] GC(1071)   Evacuate Collection Set: 14.8ms
[2025-12-25T07:20:16.844+0000][gc,phases   ] GC(1071)   Post Evacuate Collection Set: 1.6ms
[2025-12-25T07:20:16.844+0000][gc,phases   ] GC(1071)   Other: 0.2ms
[2025-12-25T07:20:16.844+0000][gc,heap     ] GC(1071) Eden regions: 555->0(555)
[2025-12-25T07:20:16.844+0000][gc,heap     ] GC(1071) Survivor regions: 9->9(61)
[2025-12-25T07:20:16.844+0000][gc,heap     ] GC(1071) Old regions: 248->248
[2025-12-25T07:20:16.844+0000][gc,heap     ] GC(1071) Humongous regions: 151->151
[2025-12-25T07:20:16.844+0000][gc,metaspace] GC(1071) Metaspace: 16158K(16512K)->16158K(16512K) NonClass: 14495K(14592K)->14495K(14592K) Class: 1662K(1920K)->1662K(1920K)
[2025-12-25T07:20:16.845+0000][gc          ] GC(1071) Pause Young (Normal) (G1 Evacuation Pause) 961M->406M(1024M) 18.836ms
[2025-12-25T07:20:16.845+0000][gc,cpu      ] GC(1071) User=0.12s Sys=0.01s Real=0.02s
[2025-12-25T07:20:46.918+0000][gc,start    ] GC(1072) Pause Young (Normal) (G1 Evacuation Pause)
[2025-12-25T07:20:46.919+0000][gc,task     ] GC(1072) Using 8 workers of 8 for evacuation
[2025-12-25T07:20:46.940+0000][gc,phases   ] GC(1072)   Pre Evacuate Collection Set: 2.8ms
[2025-12-25T07:20:46.940+0000][gc,phases   ] GC(1072)   Merge Heap Roots: 0.4ms
[2025-12-25T07:20:46.940+0000][gc,phases   ] GC(1072)   Evacuate Collection Set: 15.8ms
[2025-12-25T07:20:46.940+0000][gc,phases   ] GC(1072)   Post Evacuate Collection Set: 1.2ms
[2025-12-25T07:20:46.940+0000][gc,phases   ] GC(1072)   Other: 0.7ms
[2025-12-25T07:20:46.940+0000][gc,heap     ] GC(1072) Eden regions: 555->0(553)
[2025-12-25T07:20:46.940+0000][gc,heap     ] GC(1072) Survivor regions: 9->10(61)
[2025-12-25T07:20:46.941+0000][gc,heap     ] GC(1072) Old regions: 248->248
[2025-12-25T07:20:46.941+0000][gc,heap     ] GC(1072) Humongous regions: 151->151
[2025-12-25T07:20:46.941+0000][gc,metaspace] GC(1072) Metaspace: 16158K(16512K)->16158K(16512K) NonClass: 14495K(14592K)->14495K(14592K) Class: 1662K(1920K)->1662K(1920K)
[2025-12-25T07:20:46.941+0000][gc          ] GC(1072) Pause Young (Normal) (G1 Evacuation Pause) 961M->407M(1024M) 22.933ms
[2025-12-25T07:20:46.941+0000][gc,cpu      ] GC(1072) User=0.13s Sys=0.01s Real=0.02s
[2025-12-25T07:21:16.917+0000][gc,start    ] GC(1073) Pause Young (Normal) (G1 Evacuation Pause)
[2025-12-25T07:21:16.917+0000][gc,task     ] GC(1073) Using 8 workers of 8 for evacuation
[2025-12-25T07:21:16.931+0000][gc,phases   ] GC(1073)   Pre Evacuate Collection Set: 1.0ms
[2025-12-25T07:21:16.932+0000][gc,phases   ] GC(1073)   Merge Heap Roots: 0.3ms
[2025-12-25T07:21:16.932+0000][gc,phases   ] GC(1073)   Evacuate Collection Set: 10.6ms
[2025-12-25T07:21:16.932+0000][gc,phases   ] GC(1073)   Post Evacuate Collection Set: 2.4ms
[2025-12-25T07:21:16.932+0000][gc,phases   ] GC(1073)   Other: 0.2ms
[2025-12-25T07:21:16.932+0000][gc,heap     ] GC(1073) Eden regions: 553->0(561)
[2025-12-25T07:21:16.932+0000][gc,heap     ] GC(1073) Survivor regions: 10->6(62)
[2025-12-25T07:21:16.932+0000][gc,heap     ] GC(1073) Old regions: 248->248
[2025-12-25T07:21:16.932+0000][gc,heap     ] GC(1073) Humongous regions: 151->151
[2025-12-25T07:21:16.932+0000][gc,metaspace] GC(1073) Metaspace: 16158K(16512K)->16158K(16512K) NonClass: 14495K(14592K)->14495K(14592K) Class: 1662K(1920K)->1662K(1920K)
[2025-12-25T07:21:16.932+0000][gc          ] GC(1073) Pause Young (Normal) (G1 Evacuation Pause) 960M->404M(1024M) 15.403ms
[2025-12-25T07:21:16.932+0000][gc,cpu      ] GC(1073) User=0.09s Sys=0.00s Real=0.02s
[2025-12-25T07:21:46.980+0000][gc,start    ] GC(1074) Pause Young (Normal) (G1 Evacuation Pause)
[2025-12-25T07:21:46.980+0000][gc,task     ] GC(1074) Using 8 workers of 8 for evacuation
[2025-12-25T07:21:46.994+0000][gc,phases   ] GC(1074)   Pre Evacuate Collection Set: 1.7ms
[2025-12-25T07:21:46.995+0000][gc,phases   ] GC(1074)   Merge Heap Roots: 0.5ms
[2025-12-25T07:21:46.995+0000][gc,phases   ] GC(1074)   Evacuate Collection Set: 10.4ms
[2025-12-25T07:21:46.995+0000][gc,phases   ] GC(1074)   Post Evacuate Collection Set: 1.8ms
[2025-12-25T07:21:46.995+0000][gc,phases   ] GC(1074)   Other: 0.4ms
[2025-12-25T07:21:46.995+0000][gc,heap     ] GC(1074) Eden regions: 561->0(561)
[2025-12-25T07:21:46.995+0000][gc,heap     ] GC(1074) Survivor regions: 6->6(58)
[2025-12-25T07:21:46.995+0000][gc,heap     ] GC(1074) Old regions: 248->248
[2025-12-25T07:21:46.995+0000][gc,heap     ] GC(1074) Humongous regions: 151->151
[2025-12-25T07:21:46.995+0000][gc,metaspace] GC(1074) Metaspace: 16158K(16512K)->16158K(16512K) NonClass: 14495K(14592K)->14495K(14592K) Class: 1662K(1920K)->1662K(1920K)
[2025-12-25T07:21:46.995+0000][gc          ] GC(1074) Pause Young (Normal) (G1 Evacuation Pause) 965M->404M(1024M) 15.834ms
[2025-12-25T07:21:46.995+0000][gc,cpu      ] GC(1074) User=0.09s Sys=0.00s Real=0.02s
[2025-12-25T07:22:17.039+0000][gc,start    ] GC(1075) Pause Young (Normal) (G1 Evacuation Pause)
[2025-12-25T07:22:17.039+0000][gc,task     ] GC(1075) Using 8 workers of 8 for evacuation
[2025-12-25T07:22:17.056+0000][gc,phases   ] GC(1075)   Pre Evacuate Collection Set: 1.1ms
[2025-12-25T07:22:17.057+0000][gc,phases   ] GC(1075)   Merge Heap Roots: 0.4ms
[2025-12-25T07:22:17.057+0000][gc,phases   ] GC(1075)   Evacuate Collection Set: 14.7ms
[2025-12-25T07:22:17.057+0000][gc,phases   ] GC(1075)   Post Evacuate Collection Set: 1.1ms
[2025-12-25T07:22:17.057+0000][gc,phases   ] GC(1075)   Other: 0.2ms
[2025-12-25T07:22:17.057+0000][gc,heap     ] GC(1075) Eden regions: 561->0(558)
[2025-12-25T07:22:17.057+0000][gc,heap     ] GC(1075) Survivor regions: 6->7(58)
[2025-12-25T07:22:17.057+0000][gc,heap     ] GC(1075) Old regions: 248->249
[2025-12-25T07:22:17.057+0000][gc,heap     ] GC(1075) Humongous regions: 151->151
[2025-12-25T07:22:17.057+0000][gc,metaspace] GC(1075) Metaspace: 16158K(16512K)->16158K(16512K) NonClass: 14495K(14592K)->14495K(14592K) Class: 1662K(1920K)->1662K(1920K)
[2025-12-25T07:22:17.057+0000][gc          ] GC(1075) Pause Young (Normal) (G1 Evacuation Pause) 965M->405M(1024M) 18.473ms
[2025-12-25T07:22:17.057+0000][gc,cpu      ] GC(1075) User=0.09s Sys=0.00s Real=0.02s
[2025-12-25T07:22:47.211+0000][gc,start    ] GC(1076) Pause Young (Normal) (G1 Evacuation Pause)
[2025-12-25T07:22:47.211+0000][gc,task     ] GC(1076) Using 8 workers of 8 for evacuation
[2025-12-25T07:22:47.228+0000][gc,phases   ] GC(1076)   Pre Evacuate Collection Set: 1.1ms
[2025-12-25T07:22:47.228+0000][gc,phases   ] GC(1076)   Merge Heap Roots: 0.3ms
[2025-12-25T07:22:47.228+0000][gc,phases   ] GC(1076)   Evacuate Collection Set: 13.1ms
[2025-12-25T07:22:47.228+0000][gc,phases   ] GC(1076)   Post Evacuate Collection Set: 1.6ms
[2025-12-25T07:22:47.228+0000][gc,phases   ] GC(1076)   Other: 0.3ms
[2025-12-25T07:22:47.228+0000][gc,heap     ] GC(1076) Eden regions: 558->0(556)
[2025-12-25T07:22:47.228+0000][gc,heap     ] GC(1076) Survivor regions: 7->8(59)
[2025-12-25T07:22:47.228+0000][gc,heap     ] GC(1076) Old regions: 249->249
[2025-12-25T07:22:47.228+0000][gc,heap     ] GC(1076) Humongous regions: 151->151
[2025-12-25T07:22:47.228+0000][gc,metaspace] GC(1076) Metaspace: 16158K(16512K)->16158K(16512K) NonClass: 14495K(14592K)->14495K(14592K) Class: 1662K(1920K)->1662K(1920K)
[2025-12-25T07:22:47.228+0000][gc          ] GC(1076) Pause Young (Normal) (G1 Evacuation Pause) 963M->406M(1024M) 17.386ms
[2025-12-25T07:22:47.229+0000][gc,cpu      ] GC(1076) User=0.11s Sys=0.00s Real=0.01s
[2025-12-25T07:23:17.247+0000][gc,start    ] GC(1077) Pause Young (Normal) (G1 Evacuation Pause)
[2025-12-25T07:23:17.248+0000][gc,task     ] GC(1077) Using 8 workers of 8 for evacuation
[2025-12-25T07:23:17.271+0000][gc,phases   ] GC(1077)   Pre Evacuate Collection Set: 1.9ms
[2025-12-25T07:23:17.271+0000][gc,phases   ] GC(1077)   Merge Heap Roots: 0.8ms
[2025-12-25T07:23:17.271+0000][gc,phases   ] GC(1077)   Evacuate Collection Set: 18.8ms
[2025-12-25T07:23:17.271+0000][gc,phases   ] GC(1077)   Post Evacuate Collection Set: 1.4ms
[2025-12-25T07:23:17.272+0000][gc,phases   ] GC(1077)   Other: 0.7ms
[2025-12-25T07:23:17.272+0000][gc,heap     ] GC(1077) Eden regions: 556->0(556)
[2025-12-25T07:23:17.272+0000][gc,heap     ] GC(1077) Survivor regions: 8->8(60)
[2025-12-25T07:23:17.272+0000][gc,heap     ] GC(1077) Old regions: 249->249
[2025-12-25T07:23:17.272+0000][gc,heap     ] GC(1077) Humongous regions: 151->151
[2025-12-25T07:23:17.272+0000][gc,metaspace] GC(1077) Metaspace: 16158K(16512K)->16158K(16512K) NonClass: 14495K(14592K)->14495K(14592K) Class: 1662K(1920K)->1662K(1920K)
[2025-12-25T07:23:17.272+0000][gc          ] GC(1077) Pause Young (Normal) (G1 Evacuation Pause) 962M->407M(1024M) 25.202ms
[2025-12-25T07:23:17.272+0000][gc,cpu      ] GC(1077) User=0.07s Sys=0.00s Real=0.03s
[2025-12-25T07:23:47.252+0000][gc,start    ] GC(1078) Pause Young (Normal) (G1 Evacuation Pause)
[2025-12-25T07:23:47.252+0000][gc,task     ] GC(1078) Using 8 workers of 8 for evacuation
[2025-12-25T07:23:47.262+0000][gc,phases   ] GC(1078)   Pre Evacuate Collection Set: 1.1ms
[2025-12-25T07:23:47.262+0000][gc,phases   ] GC(1078)   Merge Heap Roots: 0.3ms
[2025-12-25T07:23:47.262+0000][gc,phases   ] GC(1078)   Evacuate Collection Set: 7.2ms
[2025-12-25T07:23:47.262+0000][gc,phases   ] GC(1078)   Post Evacuate Collection Set: 1.0ms
[2025-12-25T07:23:47.262+0000][gc,phases   ] GC(1078)   Other: 0.2ms
[2025-12-25T07:23:47.262+0000][gc,heap     ] GC(1078) Eden regions: 556->0(556)
[2025-12-25T07:23:47.262+0000][gc,heap     ] GC(1078) Survivor regions: 8->8(60)
[2025-12-25T07:23:47.262+0000][gc,heap     ] GC(1078) Old regions: 249->249
[2025-12-25T07:23:47.262+0000][gc,heap     ] GC(1078) Humongous regions: 151->151
[2025-12-25T07:23:47.262+0000][gc,metaspace] GC(1078) Metaspace: 16158K(16512K)->16158K(16512K) NonClass: 14495K(14592K)->14495K(14592K) Class: 1662K(1920K)->1662K(1920K)
[2025-12-25T07:23:47.262+0000][gc          ] GC(1078) Pause Young (Normal) (G1 Evacuation Pause) 963M->407M(1024M) 10.836ms
[2025-12-25T07:23:47.263+0000][gc,cpu      ] GC(1078) User=0.06s Sys=0.01s Real=0.01s
[2025-12-25T07:24:17.319+0000][gc,start    ] GC(1079) Pause Young (Normal) (G1 Evacuation Pause)
[2025-12-25T07:24:17.320+0000][gc,task     ] GC(1079) Using 8 workers of 8 for evacuation
[2025-12-25T07:24:17.340+0000][gc,phases   ] GC(1079)   Pre Evacuate Collection Set: 1.1ms
[2025-12-25T07:24:17.341+0000][gc,phases   ] GC(1079)   Merge Heap Roots: 0.3ms
[2025-12-25T07:24:17.341+0000][gc,phases   ] GC(1079)   Evacuate Collection Set: 17.9ms
[2025-12-25T07:24:17.341+0000][gc,phases   ] GC(1079)   Post Evacuate Collection Set: 1.0ms
[2025-12-25T07:24:17.341+0000][gc,phases   ] GC(1079)   Other: 0.2ms
[2025-12-25T07:24:17.341+0000][gc,heap     ] GC(1079) Eden regions: 556->0(554)
[2025-12-25T07:24:17.341+0000][gc,heap     ] GC(1079) Survivor regions: 8->9(60)
[2025-12-25T07:24:17.341+0000][gc,heap     ] GC(1079) Old regions: 249->249
[2025-12-25T07:24:17.341+0000][gc,heap     ] GC(1079) Humongous regions: 151->151
[2025-12-25T07:24:17.341+0000][gc,metaspace] GC(1079) Metaspace: 16158K(16512K)->16158K(16512K) NonClass: 14495K(14592K)->14495K(14592K) Class: 1662K(1920K)->1662K(1920K)
[2025-12-25T07:24:17.341+0000][gc          ] GC(1079) Pause Young (Normal) (G1 Evacuation Pause) 963M->408M(1024M) 22.315ms
[2025-12-25T07:24:17.341+0000][gc,cpu      ] GC(1079) User=0.15s Sys=0.00s Real=0.02s
[2025-12-25T07:24:56.751+0000][gc,start    ] GC(1080) Pause Young (Normal) (G1 Evacuation Pause)
[2025-12-25T07:24:56.752+0000][gc,task     ] GC(1080) Using 8 workers of 8 for evacuation
[2025-12-25T07:24:56.772+0000][gc,phases   ] GC(1080)   Pre Evacuate Collection Set: 1.5ms
[2025-12-25T07:24:56.772+0000][gc,phases   ] GC(1080)   Merge Heap Roots: 0.5ms
[2025-12-25T07:24:56.772+0000][gc,phases   ] GC(1080)   Evacuate Collection Set: 15.5ms
[2025-12-25T07:24:56.772+0000][gc,phases   ] GC(1080)   Post Evacuate Collection Set: 1.9ms
[2025-12-25T07:24:56.772+0000][gc,phases   ] GC(1080)   Other: 0.7ms
[2025-12-25T07:24:56.772+0000][gc,heap     ] GC(1080) Eden regions: 554->0(555)
[2025-12-25T07:24:56.772+0000][gc,heap     ] GC(1080) Survivor regions: 9->8(61)
[2025-12-25T07:24:56.772+0000][gc,heap     ] GC(1080) Old regions: 249->250
[2025-12-25T07:24:56.772+0000][gc,heap     ] GC(1080) Humongous regions: 151->151
[2025-12-25T07:24:56.772+0000][gc,metaspace] GC(1080) Metaspace: 16158K(16512K)->16158K(16512K) NonClass: 14495K(14592K)->14495K(14592K) Class: 1662K(1920K)->1662K(1920K)
[2025-12-25T07:24:56.773+0000][gc          ] GC(1080) Pause Young (Normal) (G1 Evacuation Pause) 962M->407M(1024M) 21.563ms
[2025-12-25T07:24:56.773+0000][gc,cpu      ] GC(1080) User=0.13s Sys=0.00s Real=0.02s
[2025-12-25T07:25:26.848+0000][gc,start    ] GC(1081) Pause Young (Normal) (G1 Evacuation Pause)
[2025-12-25T07:25:26.850+0000][gc,task     ] GC(1081) Using 8 workers of 8 for evacuation
[2025-12-25T07:25:26.862+0000][gc,phases   ] GC(1081)   Pre Evacuate Collection Set: 1.2ms
[2025-12-25T07:25:26.862+0000][gc,phases   ] GC(1081)   Merge Heap Roots: 0.3ms
[2025-12-25T07:25:26.862+0000][gc,phases   ] GC(1081)   Evacuate Collection Set: 9.2ms
[2025-12-25T07:25:26.862+0000][gc,phases   ] GC(1081)   Post Evacuate Collection Set: 1.2ms
[2025-12-25T07:25:26.862+0000][gc,phases   ] GC(1081)   Other: 0.4ms
[2025-12-25T07:25:26.862+0000][gc,heap     ] GC(1081) Eden regions: 555->0(563)
[2025-12-25T07:25:26.862+0000][gc,heap     ] GC(1081) Survivor regions: 8->4(60)
[2025-12-25T07:25:26.862+0000][gc,heap     ] GC(1081) Old regions: 250->250
[2025-12-25T07:25:26.862+0000][gc,heap     ] GC(1081) Humongous regions: 151->151
[2025-12-25T07:25:26.862+0000][gc,metaspace] GC(1081) Metaspace: 16158K(16512K)->16158K(16512K) NonClass: 14495K(14592K)->14495K(14592K) Class: 1662K(1920K)->1662K(1920K)
[2025-12-25T07:25:26.862+0000][gc          ] GC(1081) Pause Young (Normal) (G1 Evacuation Pause) 962M->403M(1024M) 14.034ms
[2025-12-25T07:25:26.862+0000][gc,cpu      ] GC(1081) User=0.07s Sys=0.00s Real=0.01s
[2025-12-25T07:25:56.912+0000][gc,start    ] GC(1082) Pause Young (Normal) (G1 Evacuation Pause)
[2025-12-25T07:25:56.912+0000][gc,task     ] GC(1082) Using 8 workers of 8 for evacuation
[2025-12-25T07:25:56.926+0000][gc,phases   ] GC(1082)   Pre Evacuate Collection Set: 1.2ms
[2025-12-25T07:25:56.926+0000][gc,phases   ] GC(1082)   Merge Heap Roots: 0.4ms
[2025-12-25T07:25:56.926+0000][gc,phases   ] GC(1082)   Evacuate Collection Set: 10.4ms
[2025-12-25T07:25:56.926+0000][gc,phases   ] GC(1082)   Post Evacuate Collection Set: 1.2ms
[2025-12-25T07:25:56.926+0000][gc,phases   ] GC(1082)   Other: 0.3ms
[2025-12-25T07:25:56.926+0000][gc,heap     ] GC(1082) Eden regions: 563->0(563)
[2025-12-25T07:25:56.926+0000][gc,heap     ] GC(1082) Survivor regions: 4->4(56)
[2025-12-25T07:25:56.926+0000][gc,heap     ] GC(1082) Old regions: 250->250
[2025-12-25T07:25:56.926+0000][gc,heap     ] GC(1082) Humongous regions: 151->151
[2025-12-25T07:25:56.926+0000][gc,metaspace] GC(1082) Metaspace: 16158K(16512K)->16158K(16512K) NonClass: 14495K(14592K)->14495K(14592K) Class: 1662K(1920K)->1662K(1920K)
[2025-12-25T07:25:56.926+0000][gc          ] GC(1082) Pause Young (Normal) (G1 Evacuation Pause) 966M->404M(1024M) 14.878ms
[2025-12-25T07:25:56.926+0000][gc,cpu      ] GC(1082) User=0.09s Sys=0.00s Real=0.01s
[2025-12-25T07:26:26.990+0000][gc,start    ] GC(1083) Pause Young (Normal) (G1 Evacuation Pause)
[2025-12-25T07:26:26.991+0000][gc,task     ] GC(1083) Using 8 workers of 8 for evacuation
[2025-12-25T07:26:27.008+0000][gc,phases   ] GC(1083)   Pre Evacuate Collection Set: 1.2ms
[2025-12-25T07:26:27.008+0000][gc,phases   ] GC(1083)   Merge Heap Roots: 0.3ms
[2025-12-25T07:26:27.008+0000][gc,phases   ] GC(1083)   Evacuate Collection Set: 10.3ms
[2025-12-25T07:26:27.008+0000][gc,phases   ] GC(1083)   Post Evacuate Collection Set: 3.2ms
[2025-12-25T07:26:27.008+0000][gc,phases   ] GC(1083)   Other: 1.0ms
[2025-12-25T07:26:27.008+0000][gc,heap     ] GC(1083) Eden regions: 563->0(560)
[2025-12-25T07:26:27.008+0000][gc,heap     ] GC(1083) Survivor regions: 4->5(56)
[2025-12-25T07:26:27.008+0000][gc,heap     ] GC(1083) Old regions: 250->251
[2025-12-25T07:26:27.008+0000][gc,heap     ] GC(1083) Humongous regions: 151->151
[2025-12-25T07:26:27.008+0000][gc,metaspace] GC(1083) Metaspace: 16158K(16512K)->16158K(16512K) NonClass: 14495K(14592K)->14495K(14592K) Class: 1662K(1920K)->1662K(1920K)
[2025-12-25T07:26:27.008+0000][gc          ] GC(1083) Pause Young (Normal) (G1 Evacuation Pause) 967M->405M(1024M) 18.033ms
[2025-12-25T07:26:27.008+0000][gc,cpu      ] GC(1083) User=0.10s Sys=0.00s Real=0.02s
[2025-12-25T07:26:57.019+0000][gc,start    ] GC(1084) Pause Young (Normal) (G1 Evacuation Pause)
[2025-12-25T07:26:57.019+0000][gc,task     ] GC(1084) Using 8 workers of 8 for evacuation
[2025-12-25T07:26:57.026+0000][gc,phases   ] GC(1084)   Pre Evacuate Collection Set: 1.1ms
[2025-12-25T07:26:57.026+0000][gc,phases   ] GC(1084)   Merge Heap Roots: 0.3ms
[2025-12-25T07:26:57.026+0000][gc,phases   ] GC(1084)   Evacuate Collection Set: 4.4ms
[2025-12-25T07:26:57.027+0000][gc,phases   ] GC(1084)   Post Evacuate Collection Set: 0.9ms
[2025-12-25T07:26:57.027+0000][gc,phases   ] GC(1084)   Other: 0.3ms
[2025-12-25T07:26:57.027+0000][gc,heap     ] GC(1084) Eden regions: 560->0(560)
[2025-12-25T07:26:57.027+0000][gc,heap     ] GC(1084) Survivor regions: 5->5(57)
[2025-12-25T07:26:57.027+0000][gc,heap     ] GC(1084) Old regions: 251->251
[2025-12-25T07:26:57.027+0000][gc,heap     ] GC(1084) Humongous regions: 151->151
[2025-12-25T07:26:57.027+0000][gc,metaspace] GC(1084) Metaspace: 16158K(16512K)->16158K(16512K) NonClass: 14495K(14592K)->14495K(14592K) Class: 1662K(1920K)->1662K(1920K)
[2025-12-25T07:26:57.027+0000][gc          ] GC(1084) Pause Young (Normal) (G1 Evacuation Pause) 965M->406M(1024M) 8.300ms
[2025-12-25T07:26:57.027+0000][gc,cpu      ] GC(1084) User=0.04s Sys=0.00s Real=0.01s
[2025-12-25T07:27:27.092+0000][gc,start    ] GC(1085) Pause Young (Normal) (G1 Evacuation Pause)
[2025-12-25T07:27:27.093+0000][gc,task     ] GC(1085) Using 8 workers of 8 for evacuation
[2025-12-25T07:27:27.100+0000][gc,phases   ] GC(1085)   Pre Evacuate Collection Set: 1.1ms
[2025-12-25T07:27:27.100+0000][gc,phases   ] GC(1085)   Merge Heap Roots: 0.2ms
[2025-12-25T07:27:27.100+0000][gc,phases   ] GC(1085)   Evacuate Collection Set: 4.8ms
[2025-12-25T07:27:27.100+0000][gc,phases   ] GC(1085)   Post Evacuate Collection Set: 0.9ms
[2025-12-25T07:27:27.100+0000][gc,phases   ] GC(1085)   Other: 0.2ms
[2025-12-25T07:27:27.100+0000][gc,heap     ] GC(1085) Eden regions: 560->0(558)
[2025-12-25T07:27:27.100+0000][gc,heap     ] GC(1085) Survivor regions: 5->6(57)
[2025-12-25T07:27:27.100+0000][gc,heap     ] GC(1085) Old regions: 251->251
[2025-12-25T07:27:27.100+0000][gc,heap     ] GC(1085) Humongous regions: 151->151
[2025-12-25T07:27:27.100+0000][gc,metaspace] GC(1085) Metaspace: 16158K(16512K)->16158K(16512K) NonClass: 14495K(14592K)->14495K(14592K) Class: 1662K(1920K)->1662K(1920K)
[2025-12-25T07:27:27.101+0000][gc          ] GC(1085) Pause Young (Normal) (G1 Evacuation Pause) 966M->407M(1024M) 8.411ms
[2025-12-25T07:27:27.101+0000][gc,cpu      ] GC(1085) User=0.04s Sys=0.01s Real=0.01s
[2025-12-25T07:27:57.157+0000][gc,start    ] GC(1086) Pause Young (Normal) (G1 Evacuation Pause)
[2025-12-25T07:27:57.158+0000][gc,task     ] GC(1086) Using 8 workers of 8 for evacuation
[2025-12-25T07:27:57.171+0000][gc,phases   ] GC(1086)   Pre Evacuate Collection Set: 5.2ms
[2025-12-25T07:27:57.171+0000][gc,phases   ] GC(1086)   Merge Heap Roots: 0.4ms
[2025-12-25T07:27:57.171+0000][gc,phases   ] GC(1086)   Evacuate Collection Set: 6.1ms
[2025-12-25T07:27:57.171+0000][gc,phases   ] GC(1086)   Post Evacuate Collection Set: 0.9ms
[2025-12-25T07:27:57.171+0000][gc,phases   ] GC(1086)   Other: 0.5ms
[2025-12-25T07:27:57.171+0000][gc,heap     ] GC(1086) Eden regions: 558->0(554)
[2025-12-25T07:27:57.171+0000][gc,heap     ] GC(1086) Survivor regions: 6->8(58)
[2025-12-25T07:27:57.171+0000][gc,heap     ] GC(1086) Old regions: 251->251
[2025-12-25T07:27:57.171+0000][gc,heap     ] GC(1086) Humongous regions: 151->151
[2025-12-25T07:27:57.171+0000][gc,metaspace] GC(1086) Metaspace: 16158K(16512K)->16158K(16512K) NonClass: 14495K(14592K)->14495K(14592K) Class: 1662K(1920K)->1662K(1920K)
[2025-12-25T07:27:57.172+0000][gc          ] GC(1086) Pause Young (Normal) (G1 Evacuation Pause) 965M->408M(1024M) 14.383ms
[2025-12-25T07:27:57.172+0000][gc,cpu      ] GC(1086) User=0.07s Sys=0.00s Real=0.01s
[2025-12-25T07:28:27.213+0000][gc,start    ] GC(1087) Pause Young (Normal) (G1 Evacuation Pause)
[2025-12-25T07:28:27.214+0000][gc,task     ] GC(1087) Using 8 workers of 8 for evacuation
[2025-12-25T07:28:27.232+0000][gc,phases   ] GC(1087)   Pre Evacuate Collection Set: 1.1ms
[2025-12-25T07:28:27.232+0000][gc,phases   ] GC(1087)   Merge Heap Roots: 0.2ms
[2025-12-25T07:28:27.232+0000][gc,phases   ] GC(1087)   Evacuate Collection Set: 15.6ms
[2025-12-25T07:28:27.232+0000][gc,phases   ] GC(1087)   Post Evacuate Collection Set: 1.1ms
[2025-12-25T07:28:27.232+0000][gc,phases   ] GC(1087)   Other: 0.2ms
[2025-12-25T07:28:27.232+0000][gc,heap     ] GC(1087) Eden regions: 554->0(554)
[2025-12-25T07:28:27.233+0000][gc,heap     ] GC(1087) Survivor regions: 8->8(60)
[2025-12-25T07:28:27.233+0000][gc,heap     ] GC(1087) Old regions: 251->251
[2025-12-25T07:28:27.233+0000][gc,heap     ] GC(1087) Humongous regions: 151->151
[2025-12-25T07:28:27.233+0000][gc,metaspace] GC(1087) Metaspace: 16158K(16512K)->16158K(16512K) NonClass: 14495K(14592K)->14495K(14592K) Class: 1662K(1920K)->1662K(1920K)
[2025-12-25T07:28:27.233+0000][gc          ] GC(1087) Pause Young (Normal) (G1 Evacuation Pause) 962M->409M(1024M) 19.324ms
[2025-12-25T07:28:27.233+0000][gc,cpu      ] GC(1087) User=0.11s Sys=0.00s Real=0.02s
[2025-12-25T07:28:57.269+0000][gc,start    ] GC(1088) Pause Young (Normal) (G1 Evacuation Pause)
[2025-12-25T07:28:57.270+0000][gc,task     ] GC(1088) Using 8 workers of 8 for evacuation
[2025-12-25T07:28:57.279+0000][gc,phases   ] GC(1088)   Pre Evacuate Collection Set: 1.0ms
[2025-12-25T07:28:57.279+0000][gc,phases   ] GC(1088)   Merge Heap Roots: 0.2ms
[2025-12-25T07:28:57.279+0000][gc,phases   ] GC(1088)   Evacuate Collection Set: 6.4ms
[2025-12-25T07:28:57.279+0000][gc,phases   ] GC(1088)   Post Evacuate Collection Set: 1.0ms
[2025-12-25T07:28:57.279+0000][gc,phases   ] GC(1088)   Other: 0.3ms
[2025-12-25T07:28:57.279+0000][gc,heap     ] GC(1088) Eden regions: 554->0(552)
[2025-12-25T07:28:57.279+0000][gc,heap     ] GC(1088) Survivor regions: 8->9(60)
[2025-12-25T07:28:57.279+0000][gc,heap     ] GC(1088) Old regions: 251->251
[2025-12-25T07:28:57.279+0000][gc,heap     ] GC(1088) Humongous regions: 151->151
[2025-12-25T07:28:57.279+0000][gc,metaspace] GC(1088) Metaspace: 16158K(16512K)->16158K(16512K) NonClass: 14495K(14592K)->14495K(14592K) Class: 1662K(1920K)->1662K(1920K)
[2025-12-25T07:28:57.279+0000][gc          ] GC(1088) Pause Young (Normal) (G1 Evacuation Pause) 963M->409M(1024M) 10.153ms
[2025-12-25T07:28:57.279+0000][gc,cpu      ] GC(1088) User=0.06s Sys=0.01s Real=0.01s
[2025-12-25T07:29:36.729+0000][gc,start    ] GC(1089) Pause Young (Normal) (G1 Evacuation Pause)
[2025-12-25T07:29:36.730+0000][gc,task     ] GC(1089) Using 8 workers of 8 for evacuation
[2025-12-25T07:29:36.742+0000][gc,phases   ] GC(1089)   Pre Evacuate Collection Set: 2.4ms
[2025-12-25T07:29:36.742+0000][gc,phases   ] GC(1089)   Merge Heap Roots: 0.5ms
[2025-12-25T07:29:36.742+0000][gc,phases   ] GC(1089)   Evacuate Collection Set: 6.9ms
[2025-12-25T07:29:36.742+0000][gc,phases   ] GC(1089)   Post Evacuate Collection Set: 1.8ms
[2025-12-25T07:29:36.742+0000][gc,phases   ] GC(1089)   Other: 0.6ms
[2025-12-25T07:29:36.743+0000][gc,heap     ] GC(1089) Eden regions: 552->0(562)
[2025-12-25T07:29:36.743+0000][gc,heap     ] GC(1089) Survivor regions: 9->4(61)
[2025-12-25T07:29:36.743+0000][gc,heap     ] GC(1089) Old regions: 251->251
[2025-12-25T07:29:36.743+0000][gc,heap     ] GC(1089) Humongous regions: 151->151
[2025-12-25T07:29:36.743+0000][gc,metaspace] GC(1089) Metaspace: 16158K(16512K)->16158K(16512K) NonClass: 14495K(14592K)->14495K(14592K) Class: 1662K(1920K)->1662K(1920K)
[2025-12-25T07:29:36.743+0000][gc          ] GC(1089) Pause Young (Normal) (G1 Evacuation Pause) 961M->404M(1024M) 14.366ms
[2025-12-25T07:29:36.743+0000][gc,cpu      ] GC(1089) User=0.06s Sys=0.01s Real=0.01s
[2025-12-25T07:30:06.839+0000][gc,start    ] GC(1090) Pause Young (Normal) (G1 Evacuation Pause)
[2025-12-25T07:30:06.840+0000][gc,task     ] GC(1090) Using 8 workers of 8 for evacuation
[2025-12-25T07:30:06.848+0000][gc,phases   ] GC(1090)   Pre Evacuate Collection Set: 1.1ms
[2025-12-25T07:30:06.848+0000][gc,phases   ] GC(1090)   Merge Heap Roots: 0.2ms
[2025-12-25T07:30:06.848+0000][gc,phases   ] GC(1090)   Evacuate Collection Set: 5.1ms
[2025-12-25T07:30:06.848+0000][gc,phases   ] GC(1090)   Post Evacuate Collection Set: 1.6ms
[2025-12-25T07:30:06.848+0000][gc,phases   ] GC(1090)   Other: 0.3ms
[2025-12-25T07:30:06.848+0000][gc,heap     ] GC(1090) Eden regions: 562->0(562)
[2025-12-25T07:30:06.848+0000][gc,heap     ] GC(1090) Survivor regions: 4->4(56)
[2025-12-25T07:30:06.848+0000][gc,heap     ] GC(1090) Old regions: 251->251
[2025-12-25T07:30:06.848+0000][gc,heap     ] GC(1090) Humongous regions: 151->151
[2025-12-25T07:30:06.849+0000][gc,metaspace] GC(1090) Metaspace: 16158K(16512K)->16158K(16512K) NonClass: 14495K(14592K)->14495K(14592K) Class: 1662K(1920K)->1662K(1920K)
[2025-12-25T07:30:06.849+0000][gc          ] GC(1090) Pause Young (Normal) (G1 Evacuation Pause) 966M->405M(1024M) 9.528ms
[2025-12-25T07:30:06.849+0000][gc,cpu      ] GC(1090) User=0.03s Sys=0.01s Real=0.01s
[2025-12-25T07:30:36.752+0000][gc,start    ] GC(1091) Pause Young (Normal) (G1 Evacuation Pause)
[2025-12-25T07:30:36.752+0000][gc,task     ] GC(1091) Using 8 workers of 8 for evacuation
[2025-12-25T07:30:36.764+0000][gc,phases   ] GC(1091)   Pre Evacuate Collection Set: 1.2ms
[2025-12-25T07:30:36.764+0000][gc,phases   ] GC(1091)   Merge Heap Roots: 0.2ms
[2025-12-25T07:30:36.764+0000][gc,phases   ] GC(1091)   Evacuate Collection Set: 8.2ms
[2025-12-25T07:30:36.764+0000][gc,phases   ] GC(1091)   Post Evacuate Collection Set: 1.3ms
[2025-12-25T07:30:36.764+0000][gc,phases   ] GC(1091)   Other: 0.4ms
[2025-12-25T07:30:36.764+0000][gc,heap     ] GC(1091) Eden regions: 562->0(560)
[2025-12-25T07:30:36.764+0000][gc,heap     ] GC(1091) Survivor regions: 4->5(56)
[2025-12-25T07:30:36.764+0000][gc,heap     ] GC(1091) Old regions: 251->251
[2025-12-25T07:30:36.764+0000][gc,heap     ] GC(1091) Humongous regions: 151->151
[2025-12-25T07:30:36.764+0000][gc,metaspace] GC(1091) Metaspace: 16158K(16512K)->16158K(16512K) NonClass: 14495K(14592K)->14495K(14592K) Class: 1662K(1920K)->1662K(1920K)
[2025-12-25T07:30:36.764+0000][gc          ] GC(1091) Pause Young (Normal) (G1 Evacuation Pause) 967M->406M(1024M) 12.633ms
[2025-12-25T07:30:36.764+0000][gc,cpu      ] GC(1091) User=0.07s Sys=0.00s Real=0.02s
[2025-12-25T07:31:06.819+0000][gc,start    ] GC(1092) Pause Young (Normal) (G1 Evacuation Pause)
[2025-12-25T07:31:06.821+0000][gc,task     ] GC(1092) Using 8 workers of 8 for evacuation
[2025-12-25T07:31:06.833+0000][gc,phases   ] GC(1092)   Pre Evacuate Collection Set: 3.7ms
[2025-12-25T07:31:06.833+0000][gc,phases   ] GC(1092)   Merge Heap Roots: 0.2ms
[2025-12-25T07:31:06.833+0000][gc,phases   ] GC(1092)   Evacuate Collection Set: 6.6ms
[2025-12-25T07:31:06.833+0000][gc,phases   ] GC(1092)   Post Evacuate Collection Set: 1.2ms
[2025-12-25T07:31:06.834+0000][gc,phases   ] GC(1092)   Other: 1.0ms
[2025-12-25T07:31:06.834+0000][gc,heap     ] GC(1092) Eden regions: 560->0(558)
[2025-12-25T07:31:06.834+0000][gc,heap     ] GC(1092) Survivor regions: 5->6(57)
[2025-12-25T07:31:06.834+0000][gc,heap     ] GC(1092) Old regions: 251->251
[2025-12-25T07:31:06.834+0000][gc,heap     ] GC(1092) Humongous regions: 151->151
[2025-12-25T07:31:06.834+0000][gc,metaspace] GC(1092) Metaspace: 16158K(16512K)->16158K(16512K) NonClass: 14495K(14592K)->14495K(14592K) Class: 1662K(1920K)->1662K(1920K)
[2025-12-25T07:31:06.834+0000][gc          ] GC(1092) Pause Young (Normal) (G1 Evacuation Pause) 966M->407M(1024M) 14.612ms
[2025-12-25T07:31:06.834+0000][gc,cpu      ] GC(1092) User=0.06s Sys=0.01s Real=0.02s
[2025-12-25T07:31:36.885+0000][gc,start    ] GC(1093) Pause Young (Normal) (G1 Evacuation Pause)
[2025-12-25T07:31:36.886+0000][gc,task     ] GC(1093) Using 8 workers of 8 for evacuation
[2025-12-25T07:31:36.903+0000][gc,phases   ] GC(1093)   Pre Evacuate Collection Set: 1.1ms
[2025-12-25T07:31:36.903+0000][gc,phases   ] GC(1093)   Merge Heap Roots: 0.2ms
[2025-12-25T07:31:36.903+0000][gc,phases   ] GC(1093)   Evacuate Collection Set: 12.5ms
[2025-12-25T07:31:36.903+0000][gc,phases   ] GC(1093)   Post Evacuate Collection Set: 2.8ms
[2025-12-25T07:31:36.903+0000][gc,phases   ] GC(1093)   Other: 0.5ms
[2025-12-25T07:31:36.903+0000][gc,heap     ] GC(1093) Eden regions: 558->0(556)
[2025-12-25T07:31:36.903+0000][gc,heap     ] GC(1093) Survivor regions: 6->7(58)
[2025-12-25T07:31:36.903+0000][gc,heap     ] GC(1093) Old regions: 251->251
[2025-12-25T07:31:36.904+0000][gc,heap     ] GC(1093) Humongous regions: 151->151
[2025-12-25T07:31:36.904+0000][gc,metaspace] GC(1093) Metaspace: 16158K(16512K)->16158K(16512K) NonClass: 14495K(14592K)->14495K(14592K) Class: 1662K(1920K)->1662K(1920K)
[2025-12-25T07:31:36.904+0000][gc          ] GC(1093) Pause Young (Normal) (G1 Evacuation Pause) 965M->408M(1024M) 18.456ms
[2025-12-25T07:31:36.904+0000][gc,cpu      ] GC(1093) User=0.10s Sys=0.00s Real=0.02s
[2025-12-25T07:32:06.891+0000][gc,start    ] GC(1094) Pause Young (Normal) (G1 Evacuation Pause)
[2025-12-25T07:32:06.892+0000][gc,task     ] GC(1094) Using 8 workers of 8 for evacuation
[2025-12-25T07:32:06.900+0000][gc,phases   ] GC(1094)   Pre Evacuate Collection Set: 1.1ms
[2025-12-25T07:32:06.900+0000][gc,phases   ] GC(1094)   Merge Heap Roots: 0.2ms
[2025-12-25T07:32:06.900+0000][gc,phases   ] GC(1094)   Evacuate Collection Set: 6.0ms
[2025-12-25T07:32:06.900+0000][gc,phases   ] GC(1094)   Post Evacuate Collection Set: 0.9ms
[2025-12-25T07:32:06.900+0000][gc,phases   ] GC(1094)   Other: 0.3ms
[2025-12-25T07:32:06.900+0000][gc,heap     ] GC(1094) Eden regions: 556->0(554)
[2025-12-25T07:32:06.900+0000][gc,heap     ] GC(1094) Survivor regions: 7->8(59)
[2025-12-25T07:32:06.900+0000][gc,heap     ] GC(1094) Old regions: 251->251
[2025-12-25T07:32:06.901+0000][gc,heap     ] GC(1094) Humongous regions: 151->151
[2025-12-25T07:32:06.901+0000][gc,metaspace] GC(1094) Metaspace: 16158K(16512K)->16158K(16512K) NonClass: 14495K(14592K)->14495K(14592K) Class: 1662K(1920K)->1662K(1920K)
[2025-12-25T07:32:06.901+0000][gc          ] GC(1094) Pause Young (Normal) (G1 Evacuation Pause) 964M->409M(1024M) 9.685ms
[2025-12-25T07:32:06.901+0000][gc,cpu      ] GC(1094) User=0.06s Sys=0.00s Real=0.01s
[2025-12-25T07:32:36.943+0000][gc,start    ] GC(1095) Pause Young (Normal) (G1 Evacuation Pause)
[2025-12-25T07:32:36.943+0000][gc,task     ] GC(1095) Using 8 workers of 8 for evacuation
[2025-12-25T07:32:36.952+0000][gc,phases   ] GC(1095)   Pre Evacuate Collection Set: 1.1ms
[2025-12-25T07:32:36.952+0000][gc,phases   ] GC(1095)   Merge Heap Roots: 0.2ms
[2025-12-25T07:32:36.952+0000][gc,phases   ] GC(1095)   Evacuate Collection Set: 6.2ms
[2025-12-25T07:32:36.952+0000][gc,phases   ] GC(1095)   Post Evacuate Collection Set: 1.0ms
[2025-12-25T07:32:36.952+0000][gc,phases   ] GC(1095)   Other: 0.2ms
[2025-12-25T07:32:36.952+0000][gc,heap     ] GC(1095) Eden regions: 554->0(551)
[2025-12-25T07:32:36.952+0000][gc,heap     ] GC(1095) Survivor regions: 8->9(60)
[2025-12-25T07:32:36.952+0000][gc,heap     ] GC(1095) Old regions: 251->252
[2025-12-25T07:32:36.952+0000][gc,heap     ] GC(1095) Humongous regions: 151->151
[2025-12-25T07:32:36.953+0000][gc,metaspace] GC(1095) Metaspace: 16158K(16512K)->16158K(16512K) NonClass: 14495K(14592K)->14495K(14592K) Class: 1662K(1920K)->1662K(1920K)
[2025-12-25T07:32:36.953+0000][gc          ] GC(1095) Pause Young (Normal) (G1 Evacuation Pause) 963M->410M(1024M) 9.799ms
[2025-12-25T07:32:36.953+0000][gc,cpu      ] GC(1095) User=0.06s Sys=0.00s Real=0.01s
[2025-12-25T07:33:06.999+0000][gc,start    ] GC(1096) Pause Young (Normal) (G1 Evacuation Pause)
[2025-12-25T07:33:07.000+0000][gc,task     ] GC(1096) Using 8 workers of 8 for evacuation
[2025-12-25T07:33:07.014+0000][gc,phases   ] GC(1096)   Pre Evacuate Collection Set: 1.0ms
[2025-12-25T07:33:07.014+0000][gc,phases   ] GC(1096)   Merge Heap Roots: 0.2ms
[2025-12-25T07:33:07.014+0000][gc,phases   ] GC(1096)   Evacuate Collection Set: 11.4ms
[2025-12-25T07:33:07.014+0000][gc,phases   ] GC(1096)   Post Evacuate Collection Set: 0.9ms
[2025-12-25T07:33:07.014+0000][gc,phases   ] GC(1096)   Other: 0.2ms
[2025-12-25T07:33:07.014+0000][gc,heap     ] GC(1096) Eden regions: 551->0(549)
[2025-12-25T07:33:07.014+0000][gc,heap     ] GC(1096) Survivor regions: 9->10(61)
[2025-12-25T07:33:07.014+0000][gc,heap     ] GC(1096) Old regions: 252->252
[2025-12-25T07:33:07.014+0000][gc,heap     ] GC(1096) Humongous regions: 151->151
[2025-12-25T07:33:07.014+0000][gc,metaspace] GC(1096) Metaspace: 16158K(16512K)->16158K(16512K) NonClass: 14495K(14592K)->14495K(14592K) Class: 1662K(1920K)->1662K(1920K)
[2025-12-25T07:33:07.014+0000][gc          ] GC(1096) Pause Young (Normal) (G1 Evacuation Pause) 961M->411M(1024M) 15.423ms
[2025-12-25T07:33:07.014+0000][gc,cpu      ] GC(1096) User=0.09s Sys=0.00s Real=0.01s
[2025-12-25T07:33:37.035+0000][gc,start    ] GC(1097) Pause Young (Normal) (G1 Evacuation Pause)
[2025-12-25T07:33:37.037+0000][gc,task     ] GC(1097) Using 8 workers of 8 for evacuation
[2025-12-25T07:33:37.052+0000][gc,phases   ] GC(1097)   Pre Evacuate Collection Set: 1.0ms
[2025-12-25T07:33:37.052+0000][gc,phases   ] GC(1097)   Merge Heap Roots: 0.3ms
[2025-12-25T07:33:37.052+0000][gc,phases   ] GC(1097)   Evacuate Collection Set: 11.7ms
[2025-12-25T07:33:37.052+0000][gc,phases   ] GC(1097)   Post Evacuate Collection Set: 1.4ms
[2025-12-25T07:33:37.052+0000][gc,phases   ] GC(1097)   Other: 0.4ms
[2025-12-25T07:33:37.052+0000][gc,heap     ] GC(1097) Eden regions: 549->0(547)
[2025-12-25T07:33:37.052+0000][gc,heap     ] GC(1097) Survivor regions: 10->11(62)
[2025-12-25T07:33:37.052+0000][gc,heap     ] GC(1097) Old regions: 252->252
[2025-12-25T07:33:37.052+0000][gc,heap     ] GC(1097) Humongous regions: 151->151
[2025-12-25T07:33:37.052+0000][gc,metaspace] GC(1097) Metaspace: 16158K(16512K)->16158K(16512K) NonClass: 14495K(14592K)->14495K(14592K) Class: 1662K(1920K)->1662K(1920K)
[2025-12-25T07:33:37.052+0000][gc          ] GC(1097) Pause Young (Normal) (G1 Evacuation Pause) 960M->412M(1024M) 17.320ms
[2025-12-25T07:33:37.053+0000][gc,cpu      ] GC(1097) User=0.09s Sys=0.01s Real=0.02s
[2025-12-25T07:34:07.069+0000][gc,start    ] GC(1098) Pause Young (Normal) (G1 Evacuation Pause)
[2025-12-25T07:34:07.070+0000][gc,task     ] GC(1098) Using 8 workers of 8 for evacuation
[2025-12-25T07:34:07.079+0000][gc,phases   ] GC(1098)   Pre Evacuate Collection Set: 1.1ms
[2025-12-25T07:34:07.079+0000][gc,phases   ] GC(1098)   Merge Heap Roots: 0.2ms
[2025-12-25T07:34:07.080+0000][gc,phases   ] GC(1098)   Evacuate Collection Set: 6.9ms
[2025-12-25T07:34:07.080+0000][gc,phases   ] GC(1098)   Post Evacuate Collection Set: 1.3ms
[2025-12-25T07:34:07.080+0000][gc,phases   ] GC(1098)   Other: 0.4ms
[2025-12-25T07:34:07.080+0000][gc,heap     ] GC(1098) Eden regions: 547->0(555)
[2025-12-25T07:34:07.080+0000][gc,heap     ] GC(1098) Survivor regions: 11->7(63)
[2025-12-25T07:34:07.080+0000][gc,heap     ] GC(1098) Old regions: 252->252
[2025-12-25T07:34:07.080+0000][gc,heap     ] GC(1098) Humongous regions: 151->151
[2025-12-25T07:34:07.080+0000][gc,metaspace] GC(1098) Metaspace: 16158K(16512K)->16158K(16512K) NonClass: 14495K(14592K)->14495K(14592K) Class: 1662K(1920K)->1662K(1920K)
[2025-12-25T07:34:07.080+0000][gc          ] GC(1098) Pause Young (Normal) (G1 Evacuation Pause) 959M->408M(1024M) 11.078ms
[2025-12-25T07:34:07.080+0000][gc,cpu      ] GC(1098) User=0.06s Sys=0.00s Real=0.01s
[2025-12-25T07:34:37.114+0000][gc,start    ] GC(1099) Pause Young (Normal) (G1 Evacuation Pause)
[2025-12-25T07:34:37.115+0000][gc,task     ] GC(1099) Using 8 workers of 8 for evacuation
[2025-12-25T07:34:37.128+0000][gc,phases   ] GC(1099)   Pre Evacuate Collection Set: 3.5ms
[2025-12-25T07:34:37.128+0000][gc,phases   ] GC(1099)   Merge Heap Roots: 0.3ms
[2025-12-25T07:34:37.128+0000][gc,phases   ] GC(1099)   Evacuate Collection Set: 8.4ms
[2025-12-25T07:34:37.128+0000][gc,phases   ] GC(1099)   Post Evacuate Collection Set: 1.1ms
[2025-12-25T07:34:37.129+0000][gc,phases   ] GC(1099)   Other: 0.5ms
[2025-12-25T07:34:37.129+0000][gc,heap     ] GC(1099) Eden regions: 555->0(555)
[2025-12-25T07:34:37.129+0000][gc,heap     ] GC(1099) Survivor regions: 7->7(59)
[2025-12-25T07:34:37.129+0000][gc,heap     ] GC(1099) Old regions: 252->252
[2025-12-25T07:34:37.129+0000][gc,heap     ] GC(1099) Humongous regions: 151->151
[2025-12-25T07:34:37.129+0000][gc,metaspace] GC(1099) Metaspace: 16158K(16512K)->16158K(16512K) NonClass: 14495K(14592K)->14495K(14592K) Class: 1662K(1920K)->1662K(1920K)
[2025-12-25T07:34:37.129+0000][gc          ] GC(1099) Pause Young (Normal) (G1 Evacuation Pause) 963M->409M(1024M) 14.949ms
[2025-12-25T07:34:37.129+0000][gc,cpu      ] GC(1099) User=0.07s Sys=0.01s Real=0.01s
[2025-12-25T07:35:16.586+0000][gc,start    ] GC(1100) Pause Young (Normal) (G1 Evacuation Pause)
[2025-12-25T07:35:16.586+0000][gc,task     ] GC(1100) Using 8 workers of 8 for evacuation
[2025-12-25T07:35:16.603+0000][gc,phases   ] GC(1100)   Pre Evacuate Collection Set: 1.4ms
[2025-12-25T07:35:16.604+0000][gc,phases   ] GC(1100)   Merge Heap Roots: 0.5ms
[2025-12-25T07:35:16.604+0000][gc,phases   ] GC(1100)   Evacuate Collection Set: 13.5ms
[2025-12-25T07:35:16.604+0000][gc,phases   ] GC(1100)   Post Evacuate Collection Set: 1.3ms
[2025-12-25T07:35:16.604+0000][gc,phases   ] GC(1100)   Other: 0.5ms
[2025-12-25T07:35:16.604+0000][gc,heap     ] GC(1100) Eden regions: 555->0(557)
[2025-12-25T07:35:16.604+0000][gc,heap     ] GC(1100) Survivor regions: 7->6(59)
[2025-12-25T07:35:16.604+0000][gc,heap     ] GC(1100) Old regions: 252->252
[2025-12-25T07:35:16.604+0000][gc,heap     ] GC(1100) Humongous regions: 151->151
[2025-12-25T07:35:16.604+0000][gc,metaspace] GC(1100) Metaspace: 16158K(16512K)->16158K(16512K) NonClass: 14495K(14592K)->14495K(14592K) Class: 1662K(1920K)->1662K(1920K)
[2025-12-25T07:35:16.604+0000][gc          ] GC(1100) Pause Young (Normal) (G1 Evacuation Pause) 964M->408M(1024M) 18.718ms
[2025-12-25T07:35:16.604+0000][gc,cpu      ] GC(1100) User=0.11s Sys=0.00s Real=0.02s
[2025-12-25T07:35:46.663+0000][gc,start    ] GC(1101) Pause Young (Normal) (G1 Evacuation Pause)
[2025-12-25T07:35:46.664+0000][gc,task     ] GC(1101) Using 8 workers of 8 for evacuation
[2025-12-25T07:35:46.674+0000][gc,phases   ] GC(1101)   Pre Evacuate Collection Set: 2.4ms
[2025-12-25T07:35:46.674+0000][gc,phases   ] GC(1101)   Merge Heap Roots: 0.3ms
[2025-12-25T07:35:46.674+0000][gc,phases   ] GC(1101)   Evacuate Collection Set: 6.2ms
[2025-12-25T07:35:46.674+0000][gc,phases   ] GC(1101)   Post Evacuate Collection Set: 1.1ms
[2025-12-25T07:35:46.674+0000][gc,phases   ] GC(1101)   Other: 0.5ms
[2025-12-25T07:35:46.675+0000][gc,heap     ] GC(1101) Eden regions: 557->0(556)
[2025-12-25T07:35:46.675+0000][gc,heap     ] GC(1101) Survivor regions: 6->6(58)
[2025-12-25T07:35:46.675+0000][gc,heap     ] GC(1101) Old regions: 252->253
[2025-12-25T07:35:46.675+0000][gc,heap     ] GC(1101) Humongous regions: 151->151
[2025-12-25T07:35:46.675+0000][gc,metaspace] GC(1101) Metaspace: 16158K(16512K)->16158K(16512K) NonClass: 14495K(14592K)->14495K(14592K) Class: 1662K(1920K)->1662K(1920K)
[2025-12-25T07:35:46.675+0000][gc          ] GC(1101) Pause Young (Normal) (G1 Evacuation Pause) 965M->409M(1024M) 11.958ms
[2025-12-25T07:35:46.675+0000][gc,cpu      ] GC(1101) User=0.06s Sys=0.00s Real=0.01s
[2025-12-25T07:36:16.737+0000][gc,start    ] GC(1102) Pause Young (Normal) (G1 Evacuation Pause)
[2025-12-25T07:36:16.738+0000][gc,task     ] GC(1102) Using 8 workers of 8 for evacuation
[2025-12-25T07:36:16.754+0000][gc,phases   ] GC(1102)   Pre Evacuate Collection Set: 3.7ms
[2025-12-25T07:36:16.754+0000][gc,phases   ] GC(1102)   Merge Heap Roots: 0.5ms
[2025-12-25T07:36:16.754+0000][gc,phases   ] GC(1102)   Evacuate Collection Set: 11.0ms
[2025-12-25T07:36:16.754+0000][gc,phases   ] GC(1102)   Post Evacuate Collection Set: 1.0ms
[2025-12-25T07:36:16.755+0000][gc,phases   ] GC(1102)   Other: 0.4ms
[2025-12-25T07:36:16.755+0000][gc,heap     ] GC(1102) Eden regions: 556->0(554)
[2025-12-25T07:36:16.755+0000][gc,heap     ] GC(1102) Survivor regions: 6->7(58)
[2025-12-25T07:36:16.755+0000][gc,heap     ] GC(1102) Old regions: 253->253
[2025-12-25T07:36:16.755+0000][gc,heap     ] GC(1102) Humongous regions: 151->151
[2025-12-25T07:36:16.755+0000][gc,metaspace] GC(1102) Metaspace: 16158K(16512K)->16158K(16512K) NonClass: 14495K(14592K)->14495K(14592K) Class: 1662K(1920K)->1662K(1920K)
[2025-12-25T07:36:16.755+0000][gc          ] GC(1102) Pause Young (Normal) (G1 Evacuation Pause) 965M->410M(1024M) 17.800ms
[2025-12-25T07:36:16.755+0000][gc,cpu      ] GC(1102) User=0.10s Sys=0.00s Real=0.02s
[2025-12-25T07:36:46.752+0000][gc,start    ] GC(1103) Pause Young (Normal) (G1 Evacuation Pause)
[2025-12-25T07:36:46.753+0000][gc,task     ] GC(1103) Using 8 workers of 8 for evacuation
[2025-12-25T07:36:46.771+0000][gc,phases   ] GC(1103)   Pre Evacuate Collection Set: 1.1ms
[2025-12-25T07:36:46.771+0000][gc,phases   ] GC(1103)   Merge Heap Roots: 0.3ms
[2025-12-25T07:36:46.771+0000][gc,phases   ] GC(1103)   Evacuate Collection Set: 14.7ms
[2025-12-25T07:36:46.771+0000][gc,phases   ] GC(1103)   Post Evacuate Collection Set: 1.2ms
[2025-12-25T07:36:46.771+0000][gc,phases   ] GC(1103)   Other: 0.4ms
[2025-12-25T07:36:46.771+0000][gc,heap     ] GC(1103) Eden regions: 554->0(552)
[2025-12-25T07:36:46.771+0000][gc,heap     ] GC(1103) Survivor regions: 7->8(59)
[2025-12-25T07:36:46.771+0000][gc,heap     ] GC(1103) Old regions: 253->253
[2025-12-25T07:36:46.771+0000][gc,heap     ] GC(1103) Humongous regions: 151->151
[2025-12-25T07:36:46.771+0000][gc,metaspace] GC(1103) Metaspace: 16158K(16512K)->16158K(16512K) NonClass: 14495K(14592K)->14495K(14592K) Class: 1662K(1920K)->1662K(1920K)
[2025-12-25T07:36:46.771+0000][gc          ] GC(1103) Pause Young (Normal) (G1 Evacuation Pause) 964M->411M(1024M) 18.988ms
[2025-12-25T07:36:46.771+0000][gc,cpu      ] GC(1103) User=0.10s Sys=0.01s Real=0.02s
[2025-12-25T07:37:16.803+0000][gc,start    ] GC(1104) Pause Young (Normal) (G1 Evacuation Pause)
[2025-12-25T07:37:16.803+0000][gc,task     ] GC(1104) Using 8 workers of 8 for evacuation
[2025-12-25T07:37:16.815+0000][gc,phases   ] GC(1104)   Pre Evacuate Collection Set: 0.9ms
[2025-12-25T07:37:16.815+0000][gc,phases   ] GC(1104)   Merge Heap Roots: 0.3ms
[2025-12-25T07:37:16.815+0000][gc,phases   ] GC(1104)   Evacuate Collection Set: 9.5ms
[2025-12-25T07:37:16.815+0000][gc,phases   ] GC(1104)   Post Evacuate Collection Set: 1.0ms
[2025-12-25T07:37:16.815+0000][gc,phases   ] GC(1104)   Other: 0.2ms
[2025-12-25T07:37:16.815+0000][gc,heap     ] GC(1104) Eden regions: 552->0(550)
[2025-12-25T07:37:16.815+0000][gc,heap     ] GC(1104) Survivor regions: 8->9(60)
[2025-12-25T07:37:16.815+0000][gc,heap     ] GC(1104) Old regions: 253->253
[2025-12-25T07:37:16.815+0000][gc,heap     ] GC(1104) Humongous regions: 151->151
[2025-12-25T07:37:16.815+0000][gc,metaspace] GC(1104) Metaspace: 16158K(16512K)->16158K(16512K) NonClass: 14495K(14592K)->14495K(14592K) Class: 1662K(1920K)->1662K(1920K)
[2025-12-25T07:37:16.815+0000][gc          ] GC(1104) Pause Young (Normal) (G1 Evacuation Pause) 963M->412M(1024M) 12.847ms
[2025-12-25T07:37:16.816+0000][gc,cpu      ] GC(1104) User=0.08s Sys=0.00s Real=0.01s
[2025-12-25T07:37:46.793+0000][gc,start    ] GC(1105) Pause Young (Normal) (G1 Evacuation Pause)
[2025-12-25T07:37:46.793+0000][gc,task     ] GC(1105) Using 8 workers of 8 for evacuation
[2025-12-25T07:37:46.815+0000][gc,phases   ] GC(1105)   Pre Evacuate Collection Set: 1.0ms
[2025-12-25T07:37:46.815+0000][gc,phases   ] GC(1105)   Merge Heap Roots: 0.3ms
[2025-12-25T07:37:46.815+0000][gc,phases   ] GC(1105)   Evacuate Collection Set: 18.6ms
[2025-12-25T07:37:46.815+0000][gc,phases   ] GC(1105)   Post Evacuate Collection Set: 1.2ms
[2025-12-25T07:37:46.815+0000][gc,phases   ] GC(1105)   Other: 0.3ms
[2025-12-25T07:37:46.815+0000][gc,heap     ] GC(1105) Eden regions: 550->0(548)
[2025-12-25T07:37:46.815+0000][gc,heap     ] GC(1105) Survivor regions: 9->10(61)
[2025-12-25T07:37:46.815+0000][gc,heap     ] GC(1105) Old regions: 253->253
[2025-12-25T07:37:46.815+0000][gc,heap     ] GC(1105) Humongous regions: 151->151
[2025-12-25T07:37:46.815+0000][gc,metaspace] GC(1105) Metaspace: 16158K(16512K)->16158K(16512K) NonClass: 14495K(14592K)->14495K(14592K) Class: 1662K(1920K)->1662K(1920K)
[2025-12-25T07:37:46.815+0000][gc          ] GC(1105) Pause Young (Normal) (G1 Evacuation Pause) 962M->413M(1024M) 22.652ms
[2025-12-25T07:37:46.816+0000][gc,cpu      ] GC(1105) User=0.15s Sys=0.00s Real=0.03s
[2025-12-25T07:38:17.042+0000][gc,start    ] GC(1106) Pause Young (Normal) (G1 Evacuation Pause)
[2025-12-25T07:38:17.043+0000][gc,task     ] GC(1106) Using 8 workers of 8 for evacuation
[2025-12-25T07:38:17.060+0000][gc,phases   ] GC(1106)   Pre Evacuate Collection Set: 1.6ms
[2025-12-25T07:38:17.060+0000][gc,phases   ] GC(1106)   Merge Heap Roots: 0.5ms
[2025-12-25T07:38:17.060+0000][gc,phases   ] GC(1106)   Evacuate Collection Set: 8.8ms
[2025-12-25T07:38:17.060+0000][gc,phases   ] GC(1106)   Post Evacuate Collection Set: 4.5ms
[2025-12-25T07:38:17.060+0000][gc,phases   ] GC(1106)   Other: 1.3ms
[2025-12-25T07:38:17.060+0000][gc,heap     ] GC(1106) Eden regions: 548->0(555)
[2025-12-25T07:38:17.060+0000][gc,heap     ] GC(1106) Survivor regions: 10->6(62)
[2025-12-25T07:38:17.060+0000][gc,heap     ] GC(1106) Old regions: 253->254
[2025-12-25T07:38:17.061+0000][gc,heap     ] GC(1106) Humongous regions: 151->151
[2025-12-25T07:38:17.061+0000][gc,metaspace] GC(1106) Metaspace: 16158K(16512K)->16158K(16512K) NonClass: 14495K(14592K)->14495K(14592K) Class: 1662K(1920K)->1662K(1920K)
[2025-12-25T07:38:17.061+0000][gc          ] GC(1106) Pause Young (Normal) (G1 Evacuation Pause) 961M->409M(1024M) 18.967ms
[2025-12-25T07:38:17.061+0000][gc,cpu      ] GC(1106) User=0.08s Sys=0.00s Real=0.02s
[2025-12-25T07:38:46.840+0000][gc,start    ] GC(1107) Pause Young (Normal) (G1 Evacuation Pause)
[2025-12-25T07:38:46.841+0000][gc,task     ] GC(1107) Using 8 workers of 8 for evacuation
[2025-12-25T07:38:46.854+0000][gc,phases   ] GC(1107)   Pre Evacuate Collection Set: 1.2ms
[2025-12-25T07:38:46.854+0000][gc,phases   ] GC(1107)   Merge Heap Roots: 0.3ms
[2025-12-25T07:38:46.855+0000][gc,phases   ] GC(1107)   Evacuate Collection Set: 10.6ms
[2025-12-25T07:38:46.855+0000][gc,phases   ] GC(1107)   Post Evacuate Collection Set: 1.3ms
[2025-12-25T07:38:46.855+0000][gc,phases   ] GC(1107)   Other: 0.2ms
[2025-12-25T07:38:46.855+0000][gc,heap     ] GC(1107) Eden regions: 555->0(555)
[2025-12-25T07:38:46.855+0000][gc,heap     ] GC(1107) Survivor regions: 6->6(58)
[2025-12-25T07:38:46.855+0000][gc,heap     ] GC(1107) Old regions: 254->254
[2025-12-25T07:38:46.855+0000][gc,heap     ] GC(1107) Humongous regions: 151->151
[2025-12-25T07:38:46.855+0000][gc,metaspace] GC(1107) Metaspace: 16158K(16512K)->16158K(16512K) NonClass: 14495K(14592K)->14495K(14592K) Class: 1662K(1920K)->1662K(1920K)
[2025-12-25T07:38:46.855+0000][gc          ] GC(1107) Pause Young (Normal) (G1 Evacuation Pause) 964M->410M(1024M) 14.864ms
[2025-12-25T07:38:46.855+0000][gc,cpu      ] GC(1107) User=0.09s Sys=0.00s Real=0.02s
[2025-12-25T07:39:16.867+0000][gc,start    ] GC(1108) Pause Young (Normal) (G1 Evacuation Pause)
[2025-12-25T07:39:16.867+0000][gc,task     ] GC(1108) Using 8 workers of 8 for evacuation
[2025-12-25T07:39:16.879+0000][gc,phases   ] GC(1108)   Pre Evacuate Collection Set: 1.7ms
[2025-12-25T07:39:16.879+0000][gc,phases   ] GC(1108)   Merge Heap Roots: 2.0ms
[2025-12-25T07:39:16.879+0000][gc,phases   ] GC(1108)   Evacuate Collection Set: 7.0ms
[2025-12-25T07:39:16.880+0000][gc,phases   ] GC(1108)   Post Evacuate Collection Set: 1.1ms
[2025-12-25T07:39:16.880+0000][gc,phases   ] GC(1108)   Other: 0.3ms
[2025-12-25T07:39:16.880+0000][gc,heap     ] GC(1108) Eden regions: 555->0(553)
[2025-12-25T07:39:16.880+0000][gc,heap     ] GC(1108) Survivor regions: 6->7(58)
[2025-12-25T07:39:16.880+0000][gc,heap     ] GC(1108) Old regions: 254->254
[2025-12-25T07:39:16.880+0000][gc,heap     ] GC(1108) Humongous regions: 151->151
[2025-12-25T07:39:16.880+0000][gc,metaspace] GC(1108) Metaspace: 16158K(16512K)->16158K(16512K) NonClass: 14495K(14592K)->14495K(14592K) Class: 1662K(1920K)->1662K(1920K)
[2025-12-25T07:39:16.880+0000][gc          ] GC(1108) Pause Young (Normal) (G1 Evacuation Pause) 965M->411M(1024M) 13.224ms
[2025-12-25T07:39:16.880+0000][gc,cpu      ] GC(1108) User=0.07s Sys=0.00s Real=0.02s
[2025-12-25T07:39:46.938+0000][gc,start    ] GC(1109) Pause Young (Normal) (G1 Evacuation Pause)
[2025-12-25T07:39:46.939+0000][gc,task     ] GC(1109) Using 8 workers of 8 for evacuation
[2025-12-25T07:39:46.948+0000][gc,phases   ] GC(1109)   Pre Evacuate Collection Set: 1.0ms
[2025-12-25T07:39:46.949+0000][gc,phases   ] GC(1109)   Merge Heap Roots: 0.3ms
[2025-12-25T07:39:46.949+0000][gc,phases   ] GC(1109)   Evacuate Collection Set: 6.5ms
[2025-12-25T07:39:46.949+0000][gc,phases   ] GC(1109)   Post Evacuate Collection Set: 1.0ms
[2025-12-25T07:39:46.949+0000][gc,phases   ] GC(1109)   Other: 0.2ms
[2025-12-25T07:39:46.949+0000][gc,heap     ] GC(1109) Eden regions: 553->0(551)
[2025-12-25T07:39:46.949+0000][gc,heap     ] GC(1109) Survivor regions: 7->8(59)
[2025-12-25T07:39:46.949+0000][gc,heap     ] GC(1109) Old regions: 254->254
[2025-12-25T07:39:46.949+0000][gc,heap     ] GC(1109) Humongous regions: 151->151
[2025-12-25T07:39:46.949+0000][gc,metaspace] GC(1109) Metaspace: 16158K(16512K)->16158K(16512K) NonClass: 14495K(14592K)->14495K(14592K) Class: 1662K(1920K)->1662K(1920K)
[2025-12-25T07:39:46.949+0000][gc          ] GC(1109) Pause Young (Normal) (G1 Evacuation Pause) 964M->412M(1024M) 10.576ms
[2025-12-25T07:39:46.949+0000][gc,cpu      ] GC(1109) User=0.06s Sys=0.00s Real=0.01s
[2025-12-25T07:40:16.968+0000][gc,start    ] GC(1110) Pause Young (Normal) (G1 Evacuation Pause)
[2025-12-25T07:40:16.968+0000][gc,task     ] GC(1110) Using 8 workers of 8 for evacuation
[2025-12-25T07:40:16.984+0000][gc,phases   ] GC(1110)   Pre Evacuate Collection Set: 1.0ms
[2025-12-25T07:40:16.984+0000][gc,phases   ] GC(1110)   Merge Heap Roots: 0.3ms
[2025-12-25T07:40:16.984+0000][gc,phases   ] GC(1110)   Evacuate Collection Set: 11.8ms
[2025-12-25T07:40:16.984+0000][gc,phases   ] GC(1110)   Post Evacuate Collection Set: 2.2ms
[2025-12-25T07:40:16.984+0000][gc,phases   ] GC(1110)   Other: 0.3ms
[2025-12-25T07:40:16.984+0000][gc,heap     ] GC(1110) Eden regions: 551->0(550)
[2025-12-25T07:40:16.984+0000][gc,heap     ] GC(1110) Survivor regions: 8->8(60)
[2025-12-25T07:40:16.984+0000][gc,heap     ] GC(1110) Old regions: 254->255
[2025-12-25T07:40:16.985+0000][gc,heap     ] GC(1110) Humongous regions: 151->151
[2025-12-25T07:40:16.985+0000][gc,metaspace] GC(1110) Metaspace: 16158K(16512K)->16158K(16512K) NonClass: 14495K(14592K)->14495K(14592K) Class: 1662K(1920K)->1662K(1920K)
[2025-12-25T07:40:16.985+0000][gc          ] GC(1110) Pause Young (Normal) (G1 Evacuation Pause) 963M->412M(1024M) 16.866ms
[2025-12-25T07:40:16.985+0000][gc,cpu      ] GC(1110) User=0.09s Sys=0.00s Real=0.01s
[2025-12-25T07:40:47.001+0000][gc,start    ] GC(1111) Pause Young (Normal) (G1 Evacuation Pause)
[2025-12-25T07:40:47.002+0000][gc,task     ] GC(1111) Using 8 workers of 8 for evacuation
[2025-12-25T07:40:47.021+0000][gc,phases   ] GC(1111)   Pre Evacuate Collection Set: 1.3ms
[2025-12-25T07:40:47.021+0000][gc,phases   ] GC(1111)   Merge Heap Roots: 0.3ms
[2025-12-25T07:40:47.021+0000][gc,phases   ] GC(1111)   Evacuate Collection Set: 13.6ms
[2025-12-25T07:40:47.021+0000][gc,phases   ] GC(1111)   Post Evacuate Collection Set: 3.3ms
[2025-12-25T07:40:47.021+0000][gc,phases   ] GC(1111)   Other: 0.6ms
[2025-12-25T07:40:47.021+0000][gc,heap     ] GC(1111) Eden regions: 550->0(548)
[2025-12-25T07:40:47.021+0000][gc,heap     ] GC(1111) Survivor regions: 8->9(60)
[2025-12-25T07:40:47.021+0000][gc,heap     ] GC(1111) Old regions: 255->255
[2025-12-25T07:40:47.021+0000][gc,heap     ] GC(1111) Humongous regions: 151->151
[2025-12-25T07:40:47.022+0000][gc,metaspace] GC(1111) Metaspace: 16158K(16512K)->16158K(16512K) NonClass: 14495K(14592K)->14495K(14592K) Class: 1662K(1920K)->1662K(1920K)
[2025-12-25T07:40:47.022+0000][gc          ] GC(1111) Pause Young (Normal) (G1 Evacuation Pause) 962M->413M(1024M) 20.937ms
[2025-12-25T07:40:47.022+0000][gc,cpu      ] GC(1111) User=0.12s Sys=0.00s Real=0.02s
[2025-12-25T07:41:16.986+0000][gc,start    ] GC(1112) Pause Young (Normal) (G1 Evacuation Pause)
[2025-12-25T07:41:16.986+0000][gc,task     ] GC(1112) Using 8 workers of 8 for evacuation
[2025-12-25T07:41:17.001+0000][gc,phases   ] GC(1112)   Pre Evacuate Collection Set: 1.9ms
[2025-12-25T07:41:17.001+0000][gc,phases   ] GC(1112)   Merge Heap Roots: 0.6ms
[2025-12-25T07:41:17.001+0000][gc,phases   ] GC(1112)   Evacuate Collection Set: 11.2ms
[2025-12-25T07:41:17.001+0000][gc,phases   ] GC(1112)   Post Evacuate Collection Set: 1.0ms
[2025-12-25T07:41:17.002+0000][gc,phases   ] GC(1112)   Other: 0.2ms
[2025-12-25T07:41:17.002+0000][gc,heap     ] GC(1112) Eden regions: 548->0(546)
[2025-12-25T07:41:17.002+0000][gc,heap     ] GC(1112) Survivor regions: 9->10(61)
[2025-12-25T07:41:17.002+0000][gc,heap     ] GC(1112) Old regions: 255->255
[2025-12-25T07:41:17.002+0000][gc,heap     ] GC(1112) Humongous regions: 151->151
[2025-12-25T07:41:17.002+0000][gc,metaspace] GC(1112) Metaspace: 16158K(16512K)->16158K(16512K) NonClass: 14495K(14592K)->14495K(14592K) Class: 1662K(1920K)->1662K(1920K)
[2025-12-25T07:41:17.002+0000][gc          ] GC(1112) Pause Young (Normal) (G1 Evacuation Pause) 961M->414M(1024M) 16.027ms
[2025-12-25T07:41:17.002+0000][gc,cpu      ] GC(1112) User=0.10s Sys=0.00s Real=0.01s
[2025-12-25T07:41:56.444+0000][gc,start    ] GC(1113) Pause Young (Normal) (G1 Evacuation Pause)
[2025-12-25T07:41:56.445+0000][gc,task     ] GC(1113) Using 8 workers of 8 for evacuation
[2025-12-25T07:41:56.468+0000][gc,phases   ] GC(1113)   Pre Evacuate Collection Set: 1.9ms
[2025-12-25T07:41:56.468+0000][gc,phases   ] GC(1113)   Merge Heap Roots: 0.5ms
[2025-12-25T07:41:56.468+0000][gc,phases   ] GC(1113)   Evacuate Collection Set: 18.0ms
[2025-12-25T07:41:56.468+0000][gc,phases   ] GC(1113)   Post Evacuate Collection Set: 1.7ms
[2025-12-25T07:41:56.468+0000][gc,phases   ] GC(1113)   Other: 0.7ms
[2025-12-25T07:41:56.468+0000][gc,heap     ] GC(1113) Eden regions: 546->0(550)
[2025-12-25T07:41:56.468+0000][gc,heap     ] GC(1113) Survivor regions: 10->8(62)
[2025-12-25T07:41:56.468+0000][gc,heap     ] GC(1113) Old regions: 255->255
[2025-12-25T07:41:56.468+0000][gc,heap     ] GC(1113) Humongous regions: 151->151
[2025-12-25T07:41:56.468+0000][gc,metaspace] GC(1113) Metaspace: 16158K(16512K)->16158K(16512K) NonClass: 14495K(14592K)->14495K(14592K) Class: 1662K(1920K)->1662K(1920K)
[2025-12-25T07:41:56.469+0000][gc          ] GC(1113) Pause Young (Normal) (G1 Evacuation Pause) 960M->413M(1024M) 24.765ms
[2025-12-25T07:41:56.469+0000][gc,cpu      ] GC(1113) User=0.15s Sys=0.00s Real=0.02s
[2025-12-25T07:42:26.490+0000][gc,start    ] GC(1114) Pause Young (Normal) (G1 Evacuation Pause)
[2025-12-25T07:42:26.490+0000][gc,task     ] GC(1114) Using 8 workers of 8 for evacuation
[2025-12-25T07:42:26.502+0000][gc,phases   ] GC(1114)   Pre Evacuate Collection Set: 1.1ms
[2025-12-25T07:42:26.502+0000][gc,phases   ] GC(1114)   Merge Heap Roots: 0.5ms
[2025-12-25T07:42:26.502+0000][gc,phases   ] GC(1114)   Evacuate Collection Set: 8.5ms
[2025-12-25T07:42:26.502+0000][gc,phases   ] GC(1114)   Post Evacuate Collection Set: 1.1ms
[2025-12-25T07:42:26.502+0000][gc,phases   ] GC(1114)   Other: 0.4ms
[2025-12-25T07:42:26.502+0000][gc,heap     ] GC(1114) Eden regions: 550->0(556)
[2025-12-25T07:42:26.502+0000][gc,heap     ] GC(1114) Survivor regions: 8->5(60)
[2025-12-25T07:42:26.502+0000][gc,heap     ] GC(1114) Old regions: 255->255
[2025-12-25T07:42:26.502+0000][gc,heap     ] GC(1114) Humongous regions: 151->151
[2025-12-25T07:42:26.502+0000][gc,metaspace] GC(1114) Metaspace: 16158K(16512K)->16158K(16512K) NonClass: 14495K(14592K)->14495K(14592K) Class: 1662K(1920K)->1662K(1920K)
[2025-12-25T07:42:26.503+0000][gc          ] GC(1114) Pause Young (Normal) (G1 Evacuation Pause) 963M->409M(1024M) 12.862ms
[2025-12-25T07:42:26.503+0000][gc,cpu      ] GC(1114) User=0.08s Sys=0.00s Real=0.02s
[2025-12-25T07:42:56.554+0000][gc,start    ] GC(1115) Pause Young (Normal) (G1 Evacuation Pause)
[2025-12-25T07:42:56.554+0000][gc,task     ] GC(1115) Using 8 workers of 8 for evacuation
[2025-12-25T07:42:56.562+0000][gc,phases   ] GC(1115)   Pre Evacuate Collection Set: 1.0ms
[2025-12-25T07:42:56.562+0000][gc,phases   ] GC(1115)   Merge Heap Roots: 0.3ms
[2025-12-25T07:42:56.562+0000][gc,phases   ] GC(1115)   Evacuate Collection Set: 5.1ms
[2025-12-25T07:42:56.562+0000][gc,phases   ] GC(1115)   Post Evacuate Collection Set: 0.9ms
[2025-12-25T07:42:56.562+0000][gc,phases   ] GC(1115)   Other: 0.2ms
[2025-12-25T07:42:56.562+0000][gc,heap     ] GC(1115) Eden regions: 556->0(555)
[2025-12-25T07:42:56.562+0000][gc,heap     ] GC(1115) Survivor regions: 5->5(57)
[2025-12-25T07:42:56.562+0000][gc,heap     ] GC(1115) Old regions: 255->256
[2025-12-25T07:42:56.562+0000][gc,heap     ] GC(1115) Humongous regions: 151->151
[2025-12-25T07:42:56.562+0000][gc,metaspace] GC(1115) Metaspace: 16158K(16512K)->16158K(16512K) NonClass: 14495K(14592K)->14495K(14592K) Class: 1662K(1920K)->1662K(1920K)
[2025-12-25T07:42:56.562+0000][gc          ] GC(1115) Pause Young (Normal) (G1 Evacuation Pause) 965M->410M(1024M) 8.397ms
[2025-12-25T07:42:56.562+0000][gc,cpu      ] GC(1115) User=0.04s Sys=0.01s Real=0.01s
[2025-12-25T07:43:26.624+0000][gc,start    ] GC(1116) Pause Young (Normal) (G1 Evacuation Pause)
[2025-12-25T07:43:26.625+0000][gc,task     ] GC(1116) Using 8 workers of 8 for evacuation
[2025-12-25T07:43:26.640+0000][gc,phases   ] GC(1116)   Pre Evacuate Collection Set: 1.1ms
[2025-12-25T07:43:26.640+0000][gc,phases   ] GC(1116)   Merge Heap Roots: 0.3ms
[2025-12-25T07:43:26.640+0000][gc,phases   ] GC(1116)   Evacuate Collection Set: 12.3ms
[2025-12-25T07:43:26.640+0000][gc,phases   ] GC(1116)   Post Evacuate Collection Set: 1.2ms
[2025-12-25T07:43:26.640+0000][gc,phases   ] GC(1116)   Other: 0.3ms
[2025-12-25T07:43:26.640+0000][gc,heap     ] GC(1116) Eden regions: 555->0(553)
[2025-12-25T07:43:26.640+0000][gc,heap     ] GC(1116) Survivor regions: 5->6(57)
[2025-12-25T07:43:26.640+0000][gc,heap     ] GC(1116) Old regions: 256->256
[2025-12-25T07:43:26.641+0000][gc,heap     ] GC(1116) Humongous regions: 151->151
[2025-12-25T07:43:26.641+0000][gc,metaspace] GC(1116) Metaspace: 16158K(16512K)->16158K(16512K) NonClass: 14495K(14592K)->14495K(14592K) Class: 1662K(1920K)->1662K(1920K)
[2025-12-25T07:43:26.641+0000][gc          ] GC(1116) Pause Young (Normal) (G1 Evacuation Pause) 965M->412M(1024M) 17.157ms
[2025-12-25T07:43:26.641+0000][gc,cpu      ] GC(1116) User=0.10s Sys=0.00s Real=0.02s
[2025-12-25T07:43:56.661+0000][gc,start    ] GC(1117) Pause Young (Normal) (G1 Evacuation Pause)
[2025-12-25T07:43:56.662+0000][gc,task     ] GC(1117) Using 8 workers of 8 for evacuation
[2025-12-25T07:43:56.672+0000][gc,phases   ] GC(1117)   Pre Evacuate Collection Set: 1.3ms
[2025-12-25T07:43:56.672+0000][gc,phases   ] GC(1117)   Merge Heap Roots: 0.3ms
[2025-12-25T07:43:56.672+0000][gc,phases   ] GC(1117)   Evacuate Collection Set: 7.0ms
[2025-12-25T07:43:56.672+0000][gc,phases   ] GC(1117)   Post Evacuate Collection Set: 1.1ms
[2025-12-25T07:43:56.672+0000][gc,phases   ] GC(1117)   Other: 0.2ms
[2025-12-25T07:43:56.672+0000][gc,heap     ] GC(1117) Eden regions: 553->0(551)
[2025-12-25T07:43:56.672+0000][gc,heap     ] GC(1117) Survivor regions: 6->7(58)
[2025-12-25T07:43:56.672+0000][gc,heap     ] GC(1117) Old regions: 256->256
[2025-12-25T07:43:56.672+0000][gc,heap     ] GC(1117) Humongous regions: 151->151
[2025-12-25T07:43:56.673+0000][gc,metaspace] GC(1117) Metaspace: 16158K(16512K)->16158K(16512K) NonClass: 14495K(14592K)->14495K(14592K) Class: 1662K(1920K)->1662K(1920K)
[2025-12-25T07:43:56.673+0000][gc          ] GC(1117) Pause Young (Normal) (G1 Evacuation Pause) 965M->412M(1024M) 11.724ms
[2025-12-25T07:43:56.673+0000][gc,cpu      ] GC(1117) User=0.05s Sys=0.01s Real=0.01s
[2025-12-25T07:44:26.699+0000][gc,start    ] GC(1118) Pause Young (Normal) (G1 Evacuation Pause)
[2025-12-25T07:44:26.701+0000][gc,task     ] GC(1118) Using 8 workers of 8 for evacuation
[2025-12-25T07:44:26.716+0000][gc,phases   ] GC(1118)   Pre Evacuate Collection Set: 0.9ms
[2025-12-25T07:44:26.716+0000][gc,phases   ] GC(1118)   Merge Heap Roots: 0.3ms
[2025-12-25T07:44:26.716+0000][gc,phases   ] GC(1118)   Evacuate Collection Set: 13.1ms
[2025-12-25T07:44:26.716+0000][gc,phases   ] GC(1118)   Post Evacuate Collection Set: 1.0ms
[2025-12-25T07:44:26.716+0000][gc,phases   ] GC(1118)   Other: 0.3ms
[2025-12-25T07:44:26.716+0000][gc,heap     ] GC(1118) Eden regions: 551->0(551)
[2025-12-25T07:44:26.716+0000][gc,heap     ] GC(1118) Survivor regions: 7->7(59)
[2025-12-25T07:44:26.716+0000][gc,heap     ] GC(1118) Old regions: 256->256
[2025-12-25T07:44:26.717+0000][gc,heap     ] GC(1118) Humongous regions: 151->151
[2025-12-25T07:44:26.717+0000][gc,metaspace] GC(1118) Metaspace: 16158K(16512K)->16158K(16512K) NonClass: 14495K(14592K)->14495K(14592K) Class: 1662K(1920K)->1662K(1920K)
[2025-12-25T07:44:26.717+0000][gc          ] GC(1118) Pause Young (Normal) (G1 Evacuation Pause) 963M->413M(1024M) 17.281ms
[2025-12-25T07:44:26.717+0000][gc,cpu      ] GC(1118) User=0.10s Sys=0.01s Real=0.02s
[2025-12-25T07:44:56.735+0000][gc,start    ] GC(1119) Pause Young (Normal) (G1 Evacuation Pause)
[2025-12-25T07:44:56.736+0000][gc,task     ] GC(1119) Using 8 workers of 8 for evacuation
[2025-12-25T07:44:56.756+0000][gc,phases   ] GC(1119)   Pre Evacuate Collection Set: 3.1ms
[2025-12-25T07:44:56.757+0000][gc,phases   ] GC(1119)   Merge Heap Roots: 0.7ms
[2025-12-25T07:44:56.757+0000][gc,phases   ] GC(1119)   Evacuate Collection Set: 14.7ms
[2025-12-25T07:44:56.757+0000][gc,phases   ] GC(1119)   Post Evacuate Collection Set: 1.1ms
[2025-12-25T07:44:56.757+0000][gc,phases   ] GC(1119)   Other: 0.8ms
[2025-12-25T07:44:56.757+0000][gc,heap     ] GC(1119) Eden regions: 551->0(549)
[2025-12-25T07:44:56.757+0000][gc,heap     ] GC(1119) Survivor regions: 7->8(59)
[2025-12-25T07:44:56.757+0000][gc,heap     ] GC(1119) Old regions: 256->256
[2025-12-25T07:44:56.757+0000][gc,heap     ] GC(1119) Humongous regions: 151->151
[2025-12-25T07:44:56.757+0000][gc,metaspace] GC(1119) Metaspace: 16158K(16512K)->16158K(16512K) NonClass: 14495K(14592K)->14495K(14592K) Class: 1662K(1920K)->1662K(1920K)
[2025-12-25T07:44:56.757+0000][gc          ] GC(1119) Pause Young (Normal) (G1 Evacuation Pause) 964M->414M(1024M) 22.824ms
[2025-12-25T07:44:56.757+0000][gc,cpu      ] GC(1119) User=0.13s Sys=0.00s Real=0.02s
[2025-12-25T07:45:26.779+0000][gc,start    ] GC(1120) Pause Young (Normal) (G1 Evacuation Pause)
[2025-12-25T07:45:26.779+0000][gc,task     ] GC(1120) Using 8 workers of 8 for evacuation
[2025-12-25T07:45:26.790+0000][gc,phases   ] GC(1120)   Pre Evacuate Collection Set: 1.1ms
[2025-12-25T07:45:26.791+0000][gc,phases   ] GC(1120)   Merge Heap Roots: 0.3ms
[2025-12-25T07:45:26.791+0000][gc,phases   ] GC(1120)   Evacuate Collection Set: 8.5ms
[2025-12-25T07:45:26.791+0000][gc,phases   ] GC(1120)   Post Evacuate Collection Set: 1.1ms
[2025-12-25T07:45:26.791+0000][gc,phases   ] GC(1120)   Other: 0.4ms
[2025-12-25T07:45:26.791+0000][gc,heap     ] GC(1120) Eden regions: 549->0(546)
[2025-12-25T07:45:26.791+0000][gc,heap     ] GC(1120) Survivor regions: 8->9(60)
[2025-12-25T07:45:26.791+0000][gc,heap     ] GC(1120) Old regions: 256->257
[2025-12-25T07:45:26.791+0000][gc,heap     ] GC(1120) Humongous regions: 151->151
[2025-12-25T07:45:26.791+0000][gc,metaspace] GC(1120) Metaspace: 16158K(16512K)->16158K(16512K) NonClass: 14495K(14592K)->14495K(14592K) Class: 1662K(1920K)->1662K(1920K)
[2025-12-25T07:45:26.791+0000][gc          ] GC(1120) Pause Young (Normal) (G1 Evacuation Pause) 963M->415M(1024M) 12.505ms
[2025-12-25T07:45:26.791+0000][gc,cpu      ] GC(1120) User=0.07s Sys=0.00s Real=0.02s
[2025-12-25T07:45:56.770+0000][gc,start    ] GC(1121) Pause Young (Normal) (G1 Evacuation Pause)
[2025-12-25T07:45:56.772+0000][gc,task     ] GC(1121) Using 8 workers of 8 for evacuation
[2025-12-25T07:45:56.785+0000][gc,phases   ] GC(1121)   Pre Evacuate Collection Set: 1.2ms
[2025-12-25T07:45:56.785+0000][gc,phases   ] GC(1121)   Merge Heap Roots: 0.2ms
[2025-12-25T07:45:56.785+0000][gc,phases   ] GC(1121)   Evacuate Collection Set: 10.3ms
[2025-12-25T07:45:56.785+0000][gc,phases   ] GC(1121)   Post Evacuate Collection Set: 1.1ms
[2025-12-25T07:45:56.785+0000][gc,phases   ] GC(1121)   Other: 0.4ms
[2025-12-25T07:45:56.785+0000][gc,heap     ] GC(1121) Eden regions: 546->0(546)
[2025-12-25T07:45:56.785+0000][gc,heap     ] GC(1121) Survivor regions: 9->9(61)
[2025-12-25T07:45:56.785+0000][gc,heap     ] GC(1121) Old regions: 257->257
[2025-12-25T07:45:56.785+0000][gc,heap     ] GC(1121) Humongous regions: 151->151
[2025-12-25T07:45:56.785+0000][gc,metaspace] GC(1121) Metaspace: 16158K(16512K)->16158K(16512K) NonClass: 14495K(14592K)->14495K(14592K) Class: 1662K(1920K)->1662K(1920K)
[2025-12-25T07:45:56.785+0000][gc          ] GC(1121) Pause Young (Normal) (G1 Evacuation Pause) 961M->416M(1024M) 15.072ms
[2025-12-25T07:45:56.785+0000][gc,cpu      ] GC(1121) User=0.09s Sys=0.00s Real=0.01s
[2025-12-25T07:46:26.822+0000][gc,start    ] GC(1122) Pause Young (Normal) (G1 Evacuation Pause)
[2025-12-25T07:46:26.823+0000][gc,task     ] GC(1122) Using 8 workers of 8 for evacuation
[2025-12-25T07:46:26.844+0000][gc,phases   ] GC(1122)   Pre Evacuate Collection Set: 2.0ms
[2025-12-25T07:46:26.844+0000][gc,phases   ] GC(1122)   Merge Heap Roots: 0.5ms
[2025-12-25T07:46:26.844+0000][gc,phases   ] GC(1122)   Evacuate Collection Set: 17.2ms
[2025-12-25T07:46:26.844+0000][gc,phases   ] GC(1122)   Post Evacuate Collection Set: 1.1ms
[2025-12-25T07:46:26.844+0000][gc,phases   ] GC(1122)   Other: 0.5ms
[2025-12-25T07:46:26.845+0000][gc,heap     ] GC(1122) Eden regions: 546->0(552)
[2025-12-25T07:46:26.845+0000][gc,heap     ] GC(1122) Survivor regions: 9->6(61)
[2025-12-25T07:46:26.845+0000][gc,heap     ] GC(1122) Old regions: 257->257
[2025-12-25T07:46:26.845+0000][gc,heap     ] GC(1122) Humongous regions: 151->151
[2025-12-25T07:46:26.845+0000][gc,metaspace] GC(1122) Metaspace: 16168K(16576K)->16168K(16576K) NonClass: 14506K(14656K)->14506K(14656K) Class: 1662K(1920K)->1662K(1920K)
[2025-12-25T07:46:26.845+0000][gc          ] GC(1122) Pause Young (Normal) (G1 Evacuation Pause) 962M->413M(1024M) 22.695ms
[2025-12-25T07:46:26.845+0000][gc,cpu      ] GC(1122) User=0.14s Sys=0.00s Real=0.02s
[2025-12-25T07:46:56.863+0000][gc,start    ] GC(1123) Pause Young (Normal) (G1 Evacuation Pause)
[2025-12-25T07:46:56.864+0000][gc,task     ] GC(1123) Using 8 workers of 8 for evacuation
[2025-12-25T07:46:56.876+0000][gc,phases   ] GC(1123)   Pre Evacuate Collection Set: 1.2ms
[2025-12-25T07:46:56.876+0000][gc,phases   ] GC(1123)   Merge Heap Roots: 0.3ms
[2025-12-25T07:46:56.877+0000][gc,phases   ] GC(1123)   Evacuate Collection Set: 8.9ms
[2025-12-25T07:46:56.877+0000][gc,phases   ] GC(1123)   Post Evacuate Collection Set: 1.1ms
[2025-12-25T07:46:56.877+0000][gc,phases   ] GC(1123)   Other: 0.4ms
[2025-12-25T07:46:56.877+0000][gc,heap     ] GC(1123) Eden regions: 552->0(550)
[2025-12-25T07:46:56.877+0000][gc,heap     ] GC(1123) Survivor regions: 6->7(58)
[2025-12-25T07:46:56.877+0000][gc,heap     ] GC(1123) Old regions: 257->257
[2025-12-25T07:46:56.877+0000][gc,heap     ] GC(1123) Humongous regions: 151->151
[2025-12-25T07:46:56.877+0000][gc,metaspace] GC(1123) Metaspace: 16168K(16576K)->16168K(16576K) NonClass: 14506K(14656K)->14506K(14656K) Class: 1662K(1920K)->1662K(1920K)
[2025-12-25T07:46:56.877+0000][gc          ] GC(1123) Pause Young (Normal) (G1 Evacuation Pause) 965M->413M(1024M) 14.214ms
[2025-12-25T07:46:56.877+0000][gc,cpu      ] GC(1123) User=0.08s Sys=0.00s Real=0.02s
[2025-12-25T07:47:26.889+0000][gc,start    ] GC(1124) Pause Young (Normal) (G1 Evacuation Pause)
[2025-12-25T07:47:26.889+0000][gc,task     ] GC(1124) Using 8 workers of 8 for evacuation
[2025-12-25T07:47:26.903+0000][gc,phases   ] GC(1124)   Pre Evacuate Collection Set: 1.7ms
[2025-12-25T07:47:26.903+0000][gc,phases   ] GC(1124)   Merge Heap Roots: 1.4ms
[2025-12-25T07:47:26.903+0000][gc,phases   ] GC(1124)   Evacuate Collection Set: 9.6ms
[2025-12-25T07:47:26.903+0000][gc,phases   ] GC(1124)   Post Evacuate Collection Set: 0.8ms
[2025-12-25T07:47:26.903+0000][gc,phases   ] GC(1124)   Other: 0.2ms
[2025-12-25T07:47:26.903+0000][gc,heap     ] GC(1124) Eden regions: 550->0(550)
[2025-12-25T07:47:26.904+0000][gc,heap     ] GC(1124) Survivor regions: 7->7(59)
[2025-12-25T07:47:26.904+0000][gc,heap     ] GC(1124) Old regions: 257->257
[2025-12-25T07:47:26.904+0000][gc,heap     ] GC(1124) Humongous regions: 151->151
[2025-12-25T07:47:26.904+0000][gc,metaspace] GC(1124) Metaspace: 16168K(16576K)->16168K(16576K) NonClass: 14506K(14656K)->14506K(14656K) Class: 1662K(1920K)->1662K(1920K)
[2025-12-25T07:47:26.904+0000][gc          ] GC(1124) Pause Young (Normal) (G1 Evacuation Pause) 963M->414M(1024M) 14.866ms
[2025-12-25T07:47:26.904+0000][gc,cpu      ] GC(1124) User=0.09s Sys=0.00s Real=0.02s
[2025-12-25T07:47:56.871+0000][gc,start    ] GC(1125) Pause Young (Normal) (G1 Evacuation Pause)
[2025-12-25T07:47:56.871+0000][gc,task     ] GC(1125) Using 8 workers of 8 for evacuation
[2025-12-25T07:47:56.895+0000][gc,phases   ] GC(1125)   Pre Evacuate Collection Set: 2.1ms
[2025-12-25T07:47:56.895+0000][gc,phases   ] GC(1125)   Merge Heap Roots: 1.6ms
[2025-12-25T07:47:56.895+0000][gc,phases   ] GC(1125)   Evacuate Collection Set: 17.7ms
[2025-12-25T07:47:56.895+0000][gc,phases   ] GC(1125)   Post Evacuate Collection Set: 1.9ms
[2025-12-25T07:47:56.895+0000][gc,phases   ] GC(1125)   Other: 0.3ms
[2025-12-25T07:47:56.895+0000][gc,heap     ] GC(1125) Eden regions: 550->0(547)
[2025-12-25T07:47:56.895+0000][gc,heap     ] GC(1125) Survivor regions: 7->8(59)
[2025-12-25T07:47:56.895+0000][gc,heap     ] GC(1125) Old regions: 257->258
[2025-12-25T07:47:56.895+0000][gc,heap     ] GC(1125) Humongous regions: 151->151
[2025-12-25T07:47:56.895+0000][gc,metaspace] GC(1125) Metaspace: 16168K(16576K)->16168K(16576K) NonClass: 14506K(14656K)->14506K(14656K) Class: 1662K(1920K)->1662K(1920K)
[2025-12-25T07:47:56.896+0000][gc          ] GC(1125) Pause Young (Normal) (G1 Evacuation Pause) 964M->415M(1024M) 24.916ms
[2025-12-25T07:47:56.896+0000][gc,cpu      ] GC(1125) User=0.14s Sys=0.00s Real=0.03s
[2025-12-25T07:48:26.954+0000][gc,start    ] GC(1126) Pause Young (Normal) (G1 Evacuation Pause)
[2025-12-25T07:48:26.954+0000][gc,task     ] GC(1126) Using 8 workers of 8 for evacuation
[2025-12-25T07:48:26.973+0000][gc,phases   ] GC(1126)   Pre Evacuate Collection Set: 1.1ms
[2025-12-25T07:48:26.973+0000][gc,phases   ] GC(1126)   Merge Heap Roots: 0.5ms
[2025-12-25T07:48:26.973+0000][gc,phases   ] GC(1126)   Evacuate Collection Set: 15.9ms
[2025-12-25T07:48:26.973+0000][gc,phases   ] GC(1126)   Post Evacuate Collection Set: 1.1ms
[2025-12-25T07:48:26.974+0000][gc,phases   ] GC(1126)   Other: 0.2ms
[2025-12-25T07:48:26.974+0000][gc,heap     ] GC(1126) Eden regions: 547->0(545)
[2025-12-25T07:48:26.974+0000][gc,heap     ] GC(1126) Survivor regions: 8->9(60)
[2025-12-25T07:48:26.974+0000][gc,heap     ] GC(1126) Old regions: 258->258
[2025-12-25T07:48:26.974+0000][gc,heap     ] GC(1126) Humongous regions: 151->151
[2025-12-25T07:48:26.974+0000][gc,metaspace] GC(1126) Metaspace: 16168K(16576K)->16168K(16576K) NonClass: 14506K(14656K)->14506K(14656K) Class: 1662K(1920K)->1662K(1920K)
[2025-12-25T07:48:26.974+0000][gc          ] GC(1126) Pause Young (Normal) (G1 Evacuation Pause) 962M->416M(1024M) 20.140ms
[2025-12-25T07:48:26.974+0000][gc,cpu      ] GC(1126) User=0.13s Sys=0.00s Real=0.02s
[2025-12-25T07:48:56.941+0000][gc,start    ] GC(1127) Pause Young (Normal) (G1 Evacuation Pause)
[2025-12-25T07:48:56.942+0000][gc,task     ] GC(1127) Using 8 workers of 8 for evacuation
[2025-12-25T07:48:56.958+0000][gc,phases   ] GC(1127)   Pre Evacuate Collection Set: 1.4ms
[2025-12-25T07:48:56.958+0000][gc,phases   ] GC(1127)   Merge Heap Roots: 0.4ms
[2025-12-25T07:48:56.958+0000][gc,phases   ] GC(1127)   Evacuate Collection Set: 12.8ms
[2025-12-25T07:48:56.958+0000][gc,phases   ] GC(1127)   Post Evacuate Collection Set: 0.9ms
[2025-12-25T07:48:56.958+0000][gc,phases   ] GC(1127)   Other: 0.3ms
[2025-12-25T07:48:56.958+0000][gc,heap     ] GC(1127) Eden regions: 545->0(545)
[2025-12-25T07:48:56.958+0000][gc,heap     ] GC(1127) Survivor regions: 9->9(61)
[2025-12-25T07:48:56.958+0000][gc,heap     ] GC(1127) Old regions: 258->258
[2025-12-25T07:48:56.958+0000][gc,heap     ] GC(1127) Humongous regions: 151->151
[2025-12-25T07:48:56.958+0000][gc,metaspace] GC(1127) Metaspace: 16168K(16576K)->16168K(16576K) NonClass: 14506K(14656K)->14506K(14656K) Class: 1662K(1920K)->1662K(1920K)
[2025-12-25T07:48:56.958+0000][gc          ] GC(1127) Pause Young (Normal) (G1 Evacuation Pause) 961M->417M(1024M) 17.594ms
[2025-12-25T07:48:56.958+0000][gc,cpu      ] GC(1127) User=0.12s Sys=0.00s Real=0.02s
[2025-12-25T07:49:27.052+0000][gc,start    ] GC(1128) Pause Young (Normal) (G1 Evacuation Pause)
[2025-12-25T07:49:27.052+0000][gc,task     ] GC(1128) Using 8 workers of 8 for evacuation
[2025-12-25T07:49:27.083+0000][gc,phases   ] GC(1128)   Pre Evacuate Collection Set: 2.5ms
[2025-12-25T07:49:27.083+0000][gc,phases   ] GC(1128)   Merge Heap Roots: 2.6ms
[2025-12-25T07:49:27.083+0000][gc,phases   ] GC(1128)   Evacuate Collection Set: 23.7ms
[2025-12-25T07:49:27.083+0000][gc,phases   ] GC(1128)   Post Evacuate Collection Set: 1.3ms
[2025-12-25T07:49:27.083+0000][gc,phases   ] GC(1128)   Other: 0.3ms
[2025-12-25T07:49:27.083+0000][gc,heap     ] GC(1128) Eden regions: 545->0(545)
[2025-12-25T07:49:27.083+0000][gc,heap     ] GC(1128) Survivor regions: 9->9(61)
[2025-12-25T07:49:27.083+0000][gc,heap     ] GC(1128) Old regions: 258->258
[2025-12-25T07:49:27.083+0000][gc,heap     ] GC(1128) Humongous regions: 151->151
[2025-12-25T07:49:27.083+0000][gc,metaspace] GC(1128) Metaspace: 16168K(16576K)->16168K(16576K) NonClass: 14506K(14656K)->14506K(14656K) Class: 1662K(1920K)->1662K(1920K)
[2025-12-25T07:49:27.083+0000][gc          ] GC(1128) Pause Young (Normal) (G1 Evacuation Pause) 962M->417M(1024M) 31.311ms
[2025-12-25T07:49:27.083+0000][gc,cpu      ] GC(1128) User=0.21s Sys=0.01s Real=0.03s
[2025-12-25T07:58:57.276+0000][gc,start    ] GC(1129) Pause Young (Normal) (G1 Evacuation Pause)
[2025-12-25T07:58:57.277+0000][gc,task     ] GC(1129) Using 8 workers of 8 for evacuation
[2025-12-25T07:58:57.297+0000][gc,phases   ] GC(1129)   Pre Evacuate Collection Set: 1.3ms
[2025-12-25T07:58:57.297+0000][gc,phases   ] GC(1129)   Merge Heap Roots: 0.6ms
[2025-12-25T07:58:57.297+0000][gc,phases   ] GC(1129)   Evacuate Collection Set: 14.2ms
[2025-12-25T07:58:57.297+0000][gc,phases   ] GC(1129)   Post Evacuate Collection Set: 3.2ms
[2025-12-25T07:58:57.297+0000][gc,phases   ] GC(1129)   Other: 0.8ms
[2025-12-25T07:58:57.297+0000][gc,heap     ] GC(1129) Eden regions: 545->0(542)
[2025-12-25T07:58:57.298+0000][gc,heap     ] GC(1129) Survivor regions: 9->10(61)
[2025-12-25T07:58:57.298+0000][gc,heap     ] GC(1129) Old regions: 258->259
[2025-12-25T07:58:57.298+0000][gc,heap     ] GC(1129) Humongous regions: 151->151
[2025-12-25T07:58:57.298+0000][gc,metaspace] GC(1129) Metaspace: 16170K(16576K)->16170K(16576K) NonClass: 14508K(14656K)->14508K(14656K) Class: 1662K(1920K)->1662K(1920K)
[2025-12-25T07:58:57.298+0000][gc          ] GC(1129) Pause Young (Normal) (G1 Evacuation Pause) 962M->418M(1024M) 21.961ms
[2025-12-25T07:58:57.298+0000][gc,cpu      ] GC(1129) User=0.13s Sys=0.00s Real=0.02s
