[2025-12-25T12:01:47.339+0000][gc,init] CardTable entry size: 512
[2025-12-25T12:01:47.340+0000][gc     ] Using G1
[2025-12-25T12:01:47.354+0000][gc,init] Version: 21.0.4+7-LTS (release)
[2025-12-25T12:01:47.354+0000][gc,init] CPUs: 8 total, 8 available
[2025-12-25T12:01:47.355+0000][gc,init] Memory: 13709M
[2025-12-25T12:01:47.356+0000][gc,init] Large Page Support: Disabled
[2025-12-25T12:01:47.356+0000][gc,init] NUMA Support: Disabled
[2025-12-25T12:01:47.356+0000][gc,init] Compressed Oops: Enabled (32-bit)
[2025-12-25T12:01:47.357+0000][gc,init] Heap Region Size: 1M
[2025-12-25T12:01:47.357+0000][gc,init] Heap Min Capacity: 1G
[2025-12-25T12:01:47.357+0000][gc,init] Heap Initial Capacity: 1G
[2025-12-25T12:01:47.365+0000][gc,init] Heap Max Capacity: 1G
[2025-12-25T12:01:47.388+0000][gc,init] Pre-touch: Disabled
[2025-12-25T12:01:47.397+0000][gc,init] Parallel Workers: 8
[2025-12-25T12:01:47.398+0000][gc,init] Concurrent Workers: 2
[2025-12-25T12:01:47.398+0000][gc,init] Concurrent Refinement Workers: 8
[2025-12-25T12:01:47.398+0000][gc,init] Periodic GC: Disabled
[2025-12-25T12:01:47.587+0000][gc,metaspace] CDS archive(s) mapped at: [0x0000009800000000-0x0000009800bd0000-0x00000098036b0000), size 57344000, SharedBaseAddress: 0x0000009800000000, ArchiveRelocationMode: 1.
[2025-12-25T12:01:47.588+0000][gc,metaspace] Compressed class space mapped at: 0x0000009804000000-0x0000009844000000, reserved size: 1073741824
[2025-12-25T12:01:47.588+0000][gc,metaspace] Narrow klass base: 0x0000009800000000, Narrow klass shift: 0, Narrow klass range: 0x100000000
[2025-12-25T12:01:56.405+0000][gc,start    ] GC(0) Pause Young (Normal) (G1 Evacuation Pause)
[2025-12-25T12:01:56.434+0000][gc,task     ] GC(0) Using 8 workers of 8 for evacuation
[2025-12-25T12:01:56.685+0000][gc,mmu      ] GC(0) MMU target violated: 201.0ms (200.0ms/201.0ms)
[2025-12-25T12:01:56.688+0000][gc,phases   ] GC(0)   Pre Evacuate Collection Set: 2.1ms
[2025-12-25T12:01:56.689+0000][gc,phases   ] GC(0)   Merge Heap Roots: 0.1ms
[2025-12-25T12:01:56.689+0000][gc,phases   ] GC(0)   Evacuate Collection Set: 245.7ms
[2025-12-25T12:01:56.689+0000][gc,phases   ] GC(0)   Post Evacuate Collection Set: 1.5ms
[2025-12-25T12:01:56.689+0000][gc,phases   ] GC(0)   Other: 33.7ms
[2025-12-25T12:01:56.689+0000][gc,heap     ] GC(0) Eden regions: 51->0(44)
[2025-12-25T12:01:56.689+0000][gc,heap     ] GC(0) Survivor regions: 0->7(7)
[2025-12-25T12:01:56.690+0000][gc,heap     ] GC(0) Old regions: 1->5
[2025-12-25T12:01:56.690+0000][gc,heap     ] GC(0) Humongous regions: 0->0
[2025-12-25T12:01:56.690+0000][gc,metaspace] GC(0) Metaspace: 4926K(5120K)->4926K(5120K) NonClass: 4373K(4480K)->4373K(4480K) Class: 552K(640K)->552K(640K)
[2025-12-25T12:01:56.692+0000][gc          ] GC(0) Pause Young (Normal) (G1 Evacuation Pause) 51M->11M(1024M) 286.948ms
[2025-12-25T12:01:56.693+0000][gc,cpu      ] GC(0) User=0.17s Sys=0.04s Real=0.29s
[2025-12-25T12:02:02.578+0000][gc,start    ] GC(1) Pause Young (Normal) (G1 Evacuation Pause)
[2025-12-25T12:02:02.579+0000][gc,task     ] GC(1) Using 8 workers of 8 for evacuation
[2025-12-25T12:02:02.742+0000][gc,phases   ] GC(1)   Pre Evacuate Collection Set: 21.2ms
[2025-12-25T12:02:02.759+0000][gc,phases   ] GC(1)   Merge Heap Roots: 5.0ms
[2025-12-25T12:02:02.759+0000][gc,phases   ] GC(1)   Evacuate Collection Set: 129.6ms
[2025-12-25T12:02:02.759+0000][gc,phases   ] GC(1)   Post Evacuate Collection Set: 5.9ms
[2025-12-25T12:02:02.759+0000][gc,phases   ] GC(1)   Other: 0.8ms
[2025-12-25T12:02:02.759+0000][gc,heap     ] GC(1) Eden regions: 44->0(47)
[2025-12-25T12:02:02.759+0000][gc,heap     ] GC(1) Survivor regions: 7->4(7)
[2025-12-25T12:02:02.760+0000][gc,heap     ] GC(1) Old regions: 5->13
[2025-12-25T12:02:02.760+0000][gc,heap     ] GC(1) Humongous regions: 2->2
[2025-12-25T12:02:02.775+0000][gc,metaspace] GC(1) Metaspace: 6042K(6336K)->6042K(6336K) NonClass: 5357K(5504K)->5357K(5504K) Class: 685K(832K)->685K(832K)
[2025-12-25T12:02:02.777+0000][gc          ] GC(1) Pause Young (Normal) (G1 Evacuation Pause) 57M->17M(1024M) 199.068ms
[2025-12-25T12:02:02.778+0000][gc,cpu      ] GC(1) User=0.05s Sys=0.01s Real=0.20s
[2025-12-25T12:02:04.347+0000][gc,start    ] GC(2) Pause Young (Normal) (G1 Evacuation Pause)
[2025-12-25T12:02:04.348+0000][gc,task     ] GC(2) Using 8 workers of 8 for evacuation
[2025-12-25T12:02:04.366+0000][gc,phases   ] GC(2)   Pre Evacuate Collection Set: 3.9ms
[2025-12-25T12:02:04.369+0000][gc,phases   ] GC(2)   Merge Heap Roots: 0.1ms
[2025-12-25T12:02:04.370+0000][gc,phases   ] GC(2)   Evacuate Collection Set: 12.8ms
[2025-12-25T12:02:04.370+0000][gc,phases   ] GC(2)   Post Evacuate Collection Set: 0.3ms
[2025-12-25T12:02:04.370+0000][gc,phases   ] GC(2)   Other: 0.7ms
[2025-12-25T12:02:04.370+0000][gc,heap     ] GC(2) Eden regions: 47->0(84)
[2025-12-25T12:02:04.370+0000][gc,heap     ] GC(2) Survivor regions: 4->5(7)
[2025-12-25T12:02:04.370+0000][gc,heap     ] GC(2) Old regions: 13->13
[2025-12-25T12:02:04.372+0000][gc,heap     ] GC(2) Humongous regions: 2->2
[2025-12-25T12:02:04.373+0000][gc,metaspace] GC(2) Metaspace: 6475K(6720K)->6475K(6720K) NonClass: 5740K(5888K)->5740K(5888K) Class: 735K(832K)->735K(832K)
[2025-12-25T12:02:04.373+0000][gc          ] GC(2) Pause Young (Normal) (G1 Evacuation Pause) 64M->18M(1024M) 26.132ms
[2025-12-25T12:02:04.373+0000][gc,cpu      ] GC(2) User=0.01s Sys=0.01s Real=0.03s
[2025-12-25T12:02:07.180+0000][gc,start    ] GC(3) Pause Young (Normal) (G1 Evacuation Pause)
[2025-12-25T12:02:07.181+0000][gc,task     ] GC(3) Using 8 workers of 8 for evacuation
[2025-12-25T12:02:07.250+0000][gc,phases   ] GC(3)   Pre Evacuate Collection Set: 21.3ms
[2025-12-25T12:02:07.251+0000][gc,phases   ] GC(3)   Merge Heap Roots: 2.1ms
[2025-12-25T12:02:07.251+0000][gc,phases   ] GC(3)   Evacuate Collection Set: 43.2ms
[2025-12-25T12:02:07.252+0000][gc,phases   ] GC(3)   Post Evacuate Collection Set: 2.5ms
[2025-12-25T12:02:07.252+0000][gc,phases   ] GC(3)   Other: 0.5ms
[2025-12-25T12:02:07.252+0000][gc,heap     ] GC(3) Eden regions: 86->0(170)
[2025-12-25T12:02:07.253+0000][gc,heap     ] GC(3) Survivor regions: 5->9(12)
[2025-12-25T12:02:07.253+0000][gc,heap     ] GC(3) Old regions: 13->13
[2025-12-25T12:02:07.253+0000][gc,heap     ] GC(3) Humongous regions: 131->131
[2025-12-25T12:02:07.253+0000][gc,metaspace] GC(3) Metaspace: 8330K(8640K)->8330K(8640K) NonClass: 7278K(7424K)->7278K(7424K) Class: 1051K(1216K)->1051K(1216K)
[2025-12-25T12:02:07.253+0000][gc          ] GC(3) Pause Young (Normal) (G1 Evacuation Pause) 233M->151M(1024M) 73.739ms
[2025-12-25T12:02:07.254+0000][gc,cpu      ] GC(3) User=0.08s Sys=0.02s Real=0.08s
[2025-12-25T12:02:14.957+0000][gc,start    ] GC(4) Pause Young (Normal) (G1 Evacuation Pause)
[2025-12-25T12:02:14.960+0000][gc,task     ] GC(4) Using 8 workers of 8 for evacuation
[2025-12-25T12:02:15.010+0000][gc,phases   ] GC(4)   Pre Evacuate Collection Set: 4.1ms
[2025-12-25T12:02:15.011+0000][gc,phases   ] GC(4)   Merge Heap Roots: 0.3ms
[2025-12-25T12:02:15.011+0000][gc,phases   ] GC(4)   Evacuate Collection Set: 43.2ms
[2025-12-25T12:02:15.011+0000][gc,phases   ] GC(4)   Post Evacuate Collection Set: 1.3ms
[2025-12-25T12:02:15.013+0000][gc,phases   ] GC(4)   Other: 1.8ms
[2025-12-25T12:02:15.013+0000][gc,heap     ] GC(4) Eden regions: 171->0(607)
[2025-12-25T12:02:15.013+0000][gc,heap     ] GC(4) Survivor regions: 9->7(23)
[2025-12-25T12:02:15.013+0000][gc,heap     ] GC(4) Old regions: 13->13
[2025-12-25T12:02:15.014+0000][gc,heap     ] GC(4) Humongous regions: 131->131
[2025-12-25T12:02:15.014+0000][gc,metaspace] GC(4) Metaspace: 9071K(9408K)->9071K(9408K) NonClass: 7942K(8128K)->7942K(8128K) Class: 1128K(1280K)->1128K(1280K)
[2025-12-25T12:02:15.016+0000][gc          ] GC(4) Pause Young (Normal) (G1 Evacuation Pause) 322M->150M(1024M) 59.419ms
[2025-12-25T12:02:15.016+0000][gc,cpu      ] GC(4) User=0.12s Sys=0.03s Real=0.06s
[2025-12-25T12:02:49.804+0000][gc,start    ] GC(5) Pause Young (Normal) (G1 Evacuation Pause)
[2025-12-25T12:02:49.806+0000][gc,task     ] GC(5) Using 8 workers of 8 for evacuation
[2025-12-25T12:02:49.876+0000][gc,phases   ] GC(5)   Pre Evacuate Collection Set: 10.9ms
[2025-12-25T12:02:49.877+0000][gc,phases   ] GC(5)   Merge Heap Roots: 0.7ms
[2025-12-25T12:02:49.878+0000][gc,phases   ] GC(5)   Evacuate Collection Set: 51.4ms
[2025-12-25T12:02:49.878+0000][gc,phases   ] GC(5)   Post Evacuate Collection Set: 6.1ms
[2025-12-25T12:02:49.879+0000][gc,phases   ] GC(5)   Other: 1.2ms
[2025-12-25T12:02:49.880+0000][gc,heap     ] GC(5) Eden regions: 607->0(602)
[2025-12-25T12:02:49.881+0000][gc,heap     ] GC(5) Survivor regions: 7->12(77)
[2025-12-25T12:02:49.881+0000][gc,heap     ] GC(5) Old regions: 13->13
[2025-12-25T12:02:49.881+0000][gc,heap     ] GC(5) Humongous regions: 131->131
[2025-12-25T12:02:49.882+0000][gc,metaspace] GC(5) Metaspace: 11759K(12096K)->11759K(12096K) NonClass: 10258K(10432K)->10258K(10432K) Class: 1501K(1664K)->1501K(1664K)
[2025-12-25T12:02:49.882+0000][gc          ] GC(5) Pause Young (Normal) (G1 Evacuation Pause) 757M->154M(1024M) 78.164ms
[2025-12-25T12:02:49.883+0000][gc,cpu      ] GC(5) User=0.16s Sys=0.05s Real=0.08s
[2025-12-25T12:03:19.297+0000][gc,start    ] GC(6) Pause Young (Normal) (G1 Evacuation Pause)
[2025-12-25T12:03:19.299+0000][gc,task     ] GC(6) Using 8 workers of 8 for evacuation
[2025-12-25T12:03:19.351+0000][gc,phases   ] GC(6)   Pre Evacuate Collection Set: 5.2ms
[2025-12-25T12:03:19.352+0000][gc,phases   ] GC(6)   Merge Heap Roots: 0.6ms
[2025-12-25T12:03:19.352+0000][gc,phases   ] GC(6)   Evacuate Collection Set: 42.9ms
[2025-12-25T12:03:19.353+0000][gc,phases   ] GC(6)   Post Evacuate Collection Set: 3.7ms
[2025-12-25T12:03:19.353+0000][gc,phases   ] GC(6)   Other: 0.6ms
[2025-12-25T12:03:19.353+0000][gc,heap     ] GC(6) Eden regions: 602->0(600)
[2025-12-25T12:03:19.353+0000][gc,heap     ] GC(6) Survivor regions: 12->14(77)
[2025-12-25T12:03:19.353+0000][gc,heap     ] GC(6) Old regions: 13->13
[2025-12-25T12:03:19.354+0000][gc,heap     ] GC(6) Humongous regions: 131->131
[2025-12-25T12:03:19.354+0000][gc,metaspace] GC(6) Metaspace: 12172K(12480K)->12172K(12480K) NonClass: 10666K(10816K)->10666K(10816K) Class: 1506K(1664K)->1506K(1664K)
[2025-12-25T12:03:19.354+0000][gc          ] GC(6) Pause Young (Normal) (G1 Evacuation Pause) 756M->156M(1024M) 57.337ms
[2025-12-25T12:03:19.354+0000][gc,cpu      ] GC(6) User=0.14s Sys=0.01s Real=0.06s
[2025-12-25T12:03:58.724+0000][gc,start    ] GC(7) Pause Young (Normal) (G1 Evacuation Pause)
[2025-12-25T12:03:58.725+0000][gc,task     ] GC(7) Using 8 workers of 8 for evacuation
[2025-12-25T12:03:58.754+0000][gc,phases   ] GC(7)   Pre Evacuate Collection Set: 4.3ms
[2025-12-25T12:03:58.754+0000][gc,phases   ] GC(7)   Merge Heap Roots: 0.4ms
[2025-12-25T12:03:58.754+0000][gc,phases   ] GC(7)   Evacuate Collection Set: 20.8ms
[2025-12-25T12:03:58.754+0000][gc,phases   ] GC(7)   Post Evacuate Collection Set: 3.1ms
[2025-12-25T12:03:58.754+0000][gc,phases   ] GC(7)   Other: 0.3ms
[2025-12-25T12:03:58.754+0000][gc,heap     ] GC(7) Eden regions: 600->0(601)
[2025-12-25T12:03:58.754+0000][gc,heap     ] GC(7) Survivor regions: 14->13(77)
[2025-12-25T12:03:58.754+0000][gc,heap     ] GC(7) Old regions: 13->13
[2025-12-25T12:03:58.754+0000][gc,heap     ] GC(7) Humongous regions: 131->131
[2025-12-25T12:03:58.754+0000][gc,metaspace] GC(7) Metaspace: 12634K(12928K)->12634K(12928K) NonClass: 11125K(11264K)->11125K(11264K) Class: 1509K(1664K)->1509K(1664K)
[2025-12-25T12:03:58.754+0000][gc          ] GC(7) Pause Young (Normal) (G1 Evacuation Pause) 756M->156M(1024M) 30.732ms
[2025-12-25T12:03:58.755+0000][gc,cpu      ] GC(7) User=0.19s Sys=0.00s Real=0.03s
[2025-12-25T12:04:29.056+0000][gc,start    ] GC(8) Pause Young (Normal) (G1 Evacuation Pause)
[2025-12-25T12:04:29.057+0000][gc,task     ] GC(8) Using 8 workers of 8 for evacuation
[2025-12-25T12:04:29.094+0000][gc,phases   ] GC(8)   Pre Evacuate Collection Set: 3.3ms
[2025-12-25T12:04:29.094+0000][gc,phases   ] GC(8)   Merge Heap Roots: 0.6ms
[2025-12-25T12:04:29.095+0000][gc,phases   ] GC(8)   Evacuate Collection Set: 30.2ms
[2025-12-25T12:04:29.095+0000][gc,phases   ] GC(8)   Post Evacuate Collection Set: 2.6ms
[2025-12-25T12:04:29.095+0000][gc,phases   ] GC(8)   Other: 0.5ms
[2025-12-25T12:04:29.095+0000][gc,heap     ] GC(8) Eden regions: 601->0(598)
[2025-12-25T12:04:29.095+0000][gc,heap     ] GC(8) Survivor regions: 13->16(77)
[2025-12-25T12:04:29.095+0000][gc,heap     ] GC(8) Old regions: 13->13
[2025-12-25T12:04:29.095+0000][gc,heap     ] GC(8) Humongous regions: 131->131
[2025-12-25T12:04:29.095+0000][gc,metaspace] GC(8) Metaspace: 12908K(13248K)->12908K(13248K) NonClass: 11399K(11584K)->11399K(11584K) Class: 1509K(1664K)->1509K(1664K)
[2025-12-25T12:04:29.095+0000][gc          ] GC(8) Pause Young (Normal) (G1 Evacuation Pause) 757M->158M(1024M) 38.662ms
[2025-12-25T12:04:29.095+0000][gc,cpu      ] GC(8) User=0.19s Sys=0.02s Real=0.04s
[2025-12-25T12:05:08.605+0000][gc,start    ] GC(9) Pause Young (Normal) (G1 Evacuation Pause)
[2025-12-25T12:05:08.606+0000][gc,task     ] GC(9) Using 8 workers of 8 for evacuation
[2025-12-25T12:05:08.642+0000][gc,phases   ] GC(9)   Pre Evacuate Collection Set: 1.7ms
[2025-12-25T12:05:08.642+0000][gc,phases   ] GC(9)   Merge Heap Roots: 0.2ms
[2025-12-25T12:05:08.642+0000][gc,phases   ] GC(9)   Evacuate Collection Set: 30.7ms
[2025-12-25T12:05:08.642+0000][gc,phases   ] GC(9)   Post Evacuate Collection Set: 3.1ms
[2025-12-25T12:05:08.642+0000][gc,phases   ] GC(9)   Other: 0.3ms
[2025-12-25T12:05:08.642+0000][gc,heap     ] GC(9) Eden regions: 598->0(599)
[2025-12-25T12:05:08.642+0000][gc,heap     ] GC(9) Survivor regions: 16->15(77)
[2025-12-25T12:05:08.642+0000][gc,heap     ] GC(9) Old regions: 13->13
[2025-12-25T12:05:08.643+0000][gc,heap     ] GC(9) Humongous regions: 131->131
[2025-12-25T12:05:08.643+0000][gc,metaspace] GC(9) Metaspace: 13101K(13440K)->13101K(13440K) NonClass: 11584K(11776K)->11584K(11776K) Class: 1517K(1664K)->1517K(1664K)
[2025-12-25T12:05:08.643+0000][gc          ] GC(9) Pause Young (Normal) (G1 Evacuation Pause) 756M->158M(1024M) 37.559ms
[2025-12-25T12:05:08.643+0000][gc,cpu      ] GC(9) User=0.25s Sys=0.00s Real=0.03s
[2025-12-25T12:05:38.850+0000][gc,start    ] GC(10) Pause Young (Normal) (G1 Evacuation Pause)
[2025-12-25T12:05:38.851+0000][gc,task     ] GC(10) Using 8 workers of 8 for evacuation
[2025-12-25T12:05:38.877+0000][gc,phases   ] GC(10)   Pre Evacuate Collection Set: 1.4ms
[2025-12-25T12:05:38.877+0000][gc,phases   ] GC(10)   Merge Heap Roots: 0.1ms
[2025-12-25T12:05:38.877+0000][gc,phases   ] GC(10)   Evacuate Collection Set: 23.1ms
[2025-12-25T12:05:38.877+0000][gc,phases   ] GC(10)   Post Evacuate Collection Set: 1.5ms
[2025-12-25T12:05:38.877+0000][gc,phases   ] GC(10)   Other: 0.2ms
[2025-12-25T12:05:38.877+0000][gc,heap     ] GC(10) Eden regions: 599->0(600)
[2025-12-25T12:05:38.877+0000][gc,heap     ] GC(10) Survivor regions: 15->14(77)
[2025-12-25T12:05:38.878+0000][gc,heap     ] GC(10) Old regions: 13->13
[2025-12-25T12:05:38.878+0000][gc,heap     ] GC(10) Humongous regions: 131->131
[2025-12-25T12:05:38.878+0000][gc,metaspace] GC(10) Metaspace: 13217K(13504K)->13217K(13504K) NonClass: 11696K(11840K)->11696K(11840K) Class: 1520K(1664K)->1520K(1664K)
[2025-12-25T12:05:38.878+0000][gc          ] GC(10) Pause Young (Normal) (G1 Evacuation Pause) 757M->156M(1024M) 27.310ms
[2025-12-25T12:05:38.878+0000][gc,cpu      ] GC(10) User=0.19s Sys=0.01s Real=0.03s
[2025-12-25T12:06:18.500+0000][gc,start    ] GC(11) Pause Young (Normal) (G1 Evacuation Pause)
[2025-12-25T12:06:18.501+0000][gc,task     ] GC(11) Using 8 workers of 8 for evacuation
[2025-12-25T12:06:18.540+0000][gc,phases   ] GC(11)   Pre Evacuate Collection Set: 2.9ms
[2025-12-25T12:06:18.541+0000][gc,phases   ] GC(11)   Merge Heap Roots: 0.4ms
[2025-12-25T12:06:18.541+0000][gc,phases   ] GC(11)   Evacuate Collection Set: 33.7ms
[2025-12-25T12:06:18.541+0000][gc,phases   ] GC(11)   Post Evacuate Collection Set: 2.5ms
[2025-12-25T12:06:18.541+0000][gc,phases   ] GC(11)   Other: 0.4ms
[2025-12-25T12:06:18.541+0000][gc,heap     ] GC(11) Eden regions: 600->0(601)
[2025-12-25T12:06:18.542+0000][gc,heap     ] GC(11) Survivor regions: 14->13(77)
[2025-12-25T12:06:18.542+0000][gc,heap     ] GC(11) Old regions: 13->13
[2025-12-25T12:06:18.542+0000][gc,heap     ] GC(11) Humongous regions: 131->131
[2025-12-25T12:06:18.542+0000][gc,metaspace] GC(11) Metaspace: 13275K(13632K)->13275K(13632K) NonClass: 11753K(11968K)->11753K(11968K) Class: 1522K(1664K)->1522K(1664K)
[2025-12-25T12:06:18.543+0000][gc          ] GC(11) Pause Young (Normal) (G1 Evacuation Pause) 756M->155M(1024M) 42.832ms
[2025-12-25T12:06:18.543+0000][gc,cpu      ] GC(11) User=0.19s Sys=0.00s Real=0.04s
[2025-12-25T12:06:48.812+0000][gc,start    ] GC(12) Pause Young (Normal) (G1 Evacuation Pause)
[2025-12-25T12:06:48.813+0000][gc,task     ] GC(12) Using 8 workers of 8 for evacuation
[2025-12-25T12:06:48.847+0000][gc,phases   ] GC(12)   Pre Evacuate Collection Set: 5.4ms
[2025-12-25T12:06:48.847+0000][gc,phases   ] GC(12)   Merge Heap Roots: 0.5ms
[2025-12-25T12:06:48.847+0000][gc,phases   ] GC(12)   Evacuate Collection Set: 26.5ms
[2025-12-25T12:06:48.847+0000][gc,phases   ] GC(12)   Post Evacuate Collection Set: 1.8ms
[2025-12-25T12:06:48.848+0000][gc,phases   ] GC(12)   Other: 0.5ms
[2025-12-25T12:06:48.848+0000][gc,heap     ] GC(12) Eden regions: 601->0(599)
[2025-12-25T12:06:48.848+0000][gc,heap     ] GC(12) Survivor regions: 13->15(77)
[2025-12-25T12:06:48.848+0000][gc,heap     ] GC(12) Old regions: 13->13
[2025-12-25T12:06:48.848+0000][gc,heap     ] GC(12) Humongous regions: 131->131
[2025-12-25T12:06:48.848+0000][gc,metaspace] GC(12) Metaspace: 13305K(13632K)->13305K(13632K) NonClass: 11782K(11968K)->11782K(11968K) Class: 1522K(1664K)->1522K(1664K)
[2025-12-25T12:06:48.848+0000][gc          ] GC(12) Pause Young (Normal) (G1 Evacuation Pause) 756M->157M(1024M) 35.792ms
[2025-12-25T12:06:48.848+0000][gc,cpu      ] GC(12) User=0.23s Sys=0.00s Real=0.04s
[2025-12-25T12:07:19.075+0000][gc,start    ] GC(13) Pause Young (Normal) (G1 Evacuation Pause)
[2025-12-25T12:07:19.076+0000][gc,task     ] GC(13) Using 8 workers of 8 for evacuation
[2025-12-25T12:07:19.108+0000][gc,phases   ] GC(13)   Pre Evacuate Collection Set: 1.7ms
[2025-12-25T12:07:19.108+0000][gc,phases   ] GC(13)   Merge Heap Roots: 0.2ms
[2025-12-25T12:07:19.108+0000][gc,phases   ] GC(13)   Evacuate Collection Set: 28.3ms
[2025-12-25T12:07:19.108+0000][gc,phases   ] GC(13)   Post Evacuate Collection Set: 1.8ms
[2025-12-25T12:07:19.108+0000][gc,phases   ] GC(13)   Other: 0.2ms
[2025-12-25T12:07:19.108+0000][gc,heap     ] GC(13) Eden regions: 599->0(597)
[2025-12-25T12:07:19.108+0000][gc,heap     ] GC(13) Survivor regions: 15->17(77)
[2025-12-25T12:07:19.108+0000][gc,heap     ] GC(13) Old regions: 13->13
[2025-12-25T12:07:19.108+0000][gc,heap     ] GC(13) Humongous regions: 131->131
[2025-12-25T12:07:19.108+0000][gc,metaspace] GC(13) Metaspace: 13348K(13632K)->13348K(13632K) NonClass: 11823K(11968K)->11823K(11968K) Class: 1524K(1664K)->1524K(1664K)
[2025-12-25T12:07:19.109+0000][gc          ] GC(13) Pause Young (Normal) (G1 Evacuation Pause) 756M->159M(1024M) 33.452ms
[2025-12-25T12:07:19.109+0000][gc,cpu      ] GC(13) User=0.21s Sys=0.00s Real=0.04s
[2025-12-25T12:07:58.664+0000][gc,start    ] GC(14) Pause Young (Normal) (G1 Evacuation Pause)
[2025-12-25T12:07:58.664+0000][gc,task     ] GC(14) Using 8 workers of 8 for evacuation
[2025-12-25T12:07:58.698+0000][gc,phases   ] GC(14)   Pre Evacuate Collection Set: 1.5ms
[2025-12-25T12:07:58.698+0000][gc,phases   ] GC(14)   Merge Heap Roots: 0.2ms
[2025-12-25T12:07:58.698+0000][gc,phases   ] GC(14)   Evacuate Collection Set: 30.0ms
[2025-12-25T12:07:58.698+0000][gc,phases   ] GC(14)   Post Evacuate Collection Set: 1.7ms
[2025-12-25T12:07:58.698+0000][gc,phases   ] GC(14)   Other: 0.4ms
[2025-12-25T12:07:58.698+0000][gc,heap     ] GC(14) Eden regions: 597->0(598)
[2025-12-25T12:07:58.698+0000][gc,heap     ] GC(14) Survivor regions: 17->16(77)
[2025-12-25T12:07:58.698+0000][gc,heap     ] GC(14) Old regions: 13->13
[2025-12-25T12:07:58.698+0000][gc,heap     ] GC(14) Humongous regions: 131->131
[2025-12-25T12:07:58.698+0000][gc,metaspace] GC(14) Metaspace: 13368K(13632K)->13368K(13632K) NonClass: 11844K(11968K)->11844K(11968K) Class: 1524K(1664K)->1524K(1664K)
[2025-12-25T12:07:58.699+0000][gc          ] GC(14) Pause Young (Normal) (G1 Evacuation Pause) 756M->158M(1024M) 34.892ms
[2025-12-25T12:07:58.699+0000][gc,cpu      ] GC(14) User=0.19s Sys=0.01s Real=0.04s
[2025-12-25T12:08:28.891+0000][gc,start    ] GC(15) Pause Young (Normal) (G1 Evacuation Pause)
[2025-12-25T12:08:28.891+0000][gc,task     ] GC(15) Using 8 workers of 8 for evacuation
[2025-12-25T12:08:28.923+0000][gc,phases   ] GC(15)   Pre Evacuate Collection Set: 6.1ms
[2025-12-25T12:08:28.923+0000][gc,phases   ] GC(15)   Merge Heap Roots: 0.4ms
[2025-12-25T12:08:28.923+0000][gc,phases   ] GC(15)   Evacuate Collection Set: 21.6ms
[2025-12-25T12:08:28.924+0000][gc,phases   ] GC(15)   Post Evacuate Collection Set: 2.7ms
[2025-12-25T12:08:28.924+0000][gc,phases   ] GC(15)   Other: 0.5ms
[2025-12-25T12:08:28.925+0000][gc,heap     ] GC(15) Eden regions: 598->0(600)
[2025-12-25T12:08:28.926+0000][gc,heap     ] GC(15) Survivor regions: 16->14(77)
[2025-12-25T12:08:28.926+0000][gc,heap     ] GC(15) Old regions: 13->13
[2025-12-25T12:08:28.926+0000][gc,heap     ] GC(15) Humongous regions: 131->131
[2025-12-25T12:08:28.927+0000][gc,metaspace] GC(15) Metaspace: 13388K(13696K)->13388K(13696K) NonClass: 11864K(12032K)->11864K(12032K) Class: 1524K(1664K)->1524K(1664K)
[2025-12-25T12:08:28.927+0000][gc          ] GC(15) Pause Young (Normal) (G1 Evacuation Pause) 756M->156M(1024M) 35.969ms
[2025-12-25T12:08:28.927+0000][gc,cpu      ] GC(15) User=0.19s Sys=0.01s Real=0.04s
[2025-12-25T12:09:08.584+0000][gc,start    ] GC(16) Pause Young (Normal) (G1 Evacuation Pause)
[2025-12-25T12:09:08.584+0000][gc,task     ] GC(16) Using 8 workers of 8 for evacuation
[2025-12-25T12:09:08.620+0000][gc,phases   ] GC(16)   Pre Evacuate Collection Set: 1.9ms
[2025-12-25T12:09:08.621+0000][gc,phases   ] GC(16)   Merge Heap Roots: 0.2ms
[2025-12-25T12:09:08.621+0000][gc,phases   ] GC(16)   Evacuate Collection Set: 28.6ms
[2025-12-25T12:09:08.621+0000][gc,phases   ] GC(16)   Post Evacuate Collection Set: 5.2ms
[2025-12-25T12:09:08.621+0000][gc,phases   ] GC(16)   Other: 0.2ms
[2025-12-25T12:09:08.621+0000][gc,heap     ] GC(16) Eden regions: 600->0(602)
[2025-12-25T12:09:08.621+0000][gc,heap     ] GC(16) Survivor regions: 14->12(77)
[2025-12-25T12:09:08.621+0000][gc,heap     ] GC(16) Old regions: 13->15
[2025-12-25T12:09:08.621+0000][gc,heap     ] GC(16) Humongous regions: 131->131
[2025-12-25T12:09:08.621+0000][gc,metaspace] GC(16) Metaspace: 13425K(13760K)->13425K(13760K) NonClass: 11899K(12096K)->11899K(12096K) Class: 1526K(1664K)->1526K(1664K)
[2025-12-25T12:09:08.621+0000][gc          ] GC(16) Pause Young (Normal) (G1 Evacuation Pause) 756M->157M(1024M) 37.730ms
[2025-12-25T12:09:08.621+0000][gc,cpu      ] GC(16) User=0.21s Sys=0.01s Real=0.04s
[2025-12-25T12:09:38.811+0000][gc,start    ] GC(17) Pause Young (Normal) (G1 Evacuation Pause)
[2025-12-25T12:09:38.812+0000][gc,task     ] GC(17) Using 8 workers of 8 for evacuation
[2025-12-25T12:09:38.841+0000][gc,phases   ] GC(17)   Pre Evacuate Collection Set: 6.2ms
[2025-12-25T12:09:38.841+0000][gc,phases   ] GC(17)   Merge Heap Roots: 0.4ms
[2025-12-25T12:09:38.841+0000][gc,phases   ] GC(17)   Evacuate Collection Set: 20.7ms
[2025-12-25T12:09:38.841+0000][gc,phases   ] GC(17)   Post Evacuate Collection Set: 1.7ms
[2025-12-25T12:09:38.841+0000][gc,phases   ] GC(17)   Other: 0.5ms
[2025-12-25T12:09:38.841+0000][gc,heap     ] GC(17) Eden regions: 602->0(602)
[2025-12-25T12:09:38.842+0000][gc,heap     ] GC(17) Survivor regions: 12->12(77)
[2025-12-25T12:09:38.842+0000][gc,heap     ] GC(17) Old regions: 15->16
[2025-12-25T12:09:38.842+0000][gc,heap     ] GC(17) Humongous regions: 131->131
[2025-12-25T12:09:38.842+0000][gc,metaspace] GC(17) Metaspace: 13440K(13760K)->13440K(13760K) NonClass: 11914K(12096K)->11914K(12096K) Class: 1526K(1664K)->1526K(1664K)
[2025-12-25T12:09:38.842+0000][gc          ] GC(17) Pause Young (Normal) (G1 Evacuation Pause) 759M->158M(1024M) 31.069ms
[2025-12-25T12:09:38.842+0000][gc,cpu      ] GC(17) User=0.19s Sys=0.00s Real=0.03s
[2025-12-25T12:10:18.477+0000][gc,start    ] GC(18) Pause Young (Normal) (G1 Evacuation Pause)
[2025-12-25T12:10:18.478+0000][gc,task     ] GC(18) Using 8 workers of 8 for evacuation
[2025-12-25T12:10:18.525+0000][gc,phases   ] GC(18)   Pre Evacuate Collection Set: 2.4ms
[2025-12-25T12:10:18.525+0000][gc,phases   ] GC(18)   Merge Heap Roots: 0.2ms
[2025-12-25T12:10:18.525+0000][gc,phases   ] GC(18)   Evacuate Collection Set: 39.6ms
[2025-12-25T12:10:18.525+0000][gc,phases   ] GC(18)   Post Evacuate Collection Set: 4.0ms
[2025-12-25T12:10:18.526+0000][gc,phases   ] GC(18)   Other: 0.7ms
[2025-12-25T12:10:18.526+0000][gc,heap     ] GC(18) Eden regions: 602->0(605)
[2025-12-25T12:10:18.526+0000][gc,heap     ] GC(18) Survivor regions: 12->9(77)
[2025-12-25T12:10:18.526+0000][gc,heap     ] GC(18) Old regions: 16->19
[2025-12-25T12:10:18.527+0000][gc,heap     ] GC(18) Humongous regions: 131->131
[2025-12-25T12:10:18.527+0000][gc,metaspace] GC(18) Metaspace: 13466K(13760K)->13466K(13760K) NonClass: 11940K(12096K)->11940K(12096K) Class: 1526K(1664K)->1526K(1664K)
[2025-12-25T12:10:18.527+0000][gc          ] GC(18) Pause Young (Normal) (G1 Evacuation Pause) 760M->158M(1024M) 50.223ms
[2025-12-25T12:10:18.527+0000][gc,cpu      ] GC(18) User=0.26s Sys=0.02s Real=0.05s
[2025-12-25T12:10:48.724+0000][gc,start    ] GC(19) Pause Young (Normal) (G1 Evacuation Pause)
[2025-12-25T12:10:48.724+0000][gc,task     ] GC(19) Using 8 workers of 8 for evacuation
[2025-12-25T12:10:48.748+0000][gc,phases   ] GC(19)   Pre Evacuate Collection Set: 6.2ms
[2025-12-25T12:10:48.748+0000][gc,phases   ] GC(19)   Merge Heap Roots: 1.5ms
[2025-12-25T12:10:48.748+0000][gc,phases   ] GC(19)   Evacuate Collection Set: 14.0ms
[2025-12-25T12:10:48.748+0000][gc,phases   ] GC(19)   Post Evacuate Collection Set: 1.5ms
[2025-12-25T12:10:48.748+0000][gc,phases   ] GC(19)   Other: 0.4ms
[2025-12-25T12:10:48.748+0000][gc,heap     ] GC(19) Eden regions: 605->0(607)
[2025-12-25T12:10:48.748+0000][gc,heap     ] GC(19) Survivor regions: 9->7(77)
[2025-12-25T12:10:48.748+0000][gc,heap     ] GC(19) Old regions: 19->20
[2025-12-25T12:10:48.748+0000][gc,heap     ] GC(19) Humongous regions: 131->131
[2025-12-25T12:10:48.748+0000][gc,metaspace] GC(19) Metaspace: 13530K(13888K)->13530K(13888K) NonClass: 12003K(12224K)->12003K(12224K) Class: 1526K(1664K)->1526K(1664K)
[2025-12-25T12:10:48.748+0000][gc          ] GC(19) Pause Young (Normal) (G1 Evacuation Pause) 763M->156M(1024M) 24.530ms
[2025-12-25T12:10:48.749+0000][gc,cpu      ] GC(19) User=0.13s Sys=0.01s Real=0.02s
[2025-12-25T12:11:19.072+0000][gc,start    ] GC(20) Pause Young (Normal) (G1 Evacuation Pause)
[2025-12-25T12:11:19.072+0000][gc,task     ] GC(20) Using 8 workers of 8 for evacuation
[2025-12-25T12:11:19.096+0000][gc,phases   ] GC(20)   Pre Evacuate Collection Set: 1.6ms
[2025-12-25T12:11:19.096+0000][gc,phases   ] GC(20)   Merge Heap Roots: 0.2ms
[2025-12-25T12:11:19.096+0000][gc,phases   ] GC(20)   Evacuate Collection Set: 20.0ms
[2025-12-25T12:11:19.096+0000][gc,phases   ] GC(20)   Post Evacuate Collection Set: 1.8ms
[2025-12-25T12:11:19.096+0000][gc,phases   ] GC(20)   Other: 0.2ms
[2025-12-25T12:11:19.096+0000][gc,heap     ] GC(20) Eden regions: 607->0(609)
[2025-12-25T12:11:19.096+0000][gc,heap     ] GC(20) Survivor regions: 7->5(77)
[2025-12-25T12:11:19.096+0000][gc,heap     ] GC(20) Old regions: 20->22
[2025-12-25T12:11:19.096+0000][gc,heap     ] GC(20) Humongous regions: 131->131
[2025-12-25T12:11:19.097+0000][gc,metaspace] GC(20) Metaspace: 13536K(13888K)->13536K(13888K) NonClass: 12010K(12224K)->12010K(12224K) Class: 1526K(1664K)->1526K(1664K)
[2025-12-25T12:11:19.097+0000][gc          ] GC(20) Pause Young (Normal) (G1 Evacuation Pause) 763M->157M(1024M) 24.983ms
[2025-12-25T12:11:19.097+0000][gc,cpu      ] GC(20) User=0.11s Sys=0.01s Real=0.03s
[2025-12-25T12:11:58.671+0000][gc,start    ] GC(21) Pause Young (Normal) (G1 Evacuation Pause)
[2025-12-25T12:11:58.671+0000][gc,task     ] GC(21) Using 8 workers of 8 for evacuation
[2025-12-25T12:11:58.681+0000][gc,phases   ] GC(21)   Pre Evacuate Collection Set: 1.4ms
[2025-12-25T12:11:58.682+0000][gc,phases   ] GC(21)   Merge Heap Roots: 0.2ms
[2025-12-25T12:11:58.682+0000][gc,phases   ] GC(21)   Evacuate Collection Set: 6.6ms
[2025-12-25T12:11:58.682+0000][gc,phases   ] GC(21)   Post Evacuate Collection Set: 1.5ms
[2025-12-25T12:11:58.682+0000][gc,phases   ] GC(21)   Other: 0.3ms
[2025-12-25T12:11:58.682+0000][gc,heap     ] GC(21) Eden regions: 609->0(609)
[2025-12-25T12:11:58.682+0000][gc,heap     ] GC(21) Survivor regions: 5->5(77)
[2025-12-25T12:11:58.682+0000][gc,heap     ] GC(21) Old regions: 22->22
[2025-12-25T12:11:58.682+0000][gc,heap     ] GC(21) Humongous regions: 131->131
[2025-12-25T12:11:58.682+0000][gc,metaspace] GC(21) Metaspace: 13546K(13888K)->13546K(13888K) NonClass: 12020K(12224K)->12020K(12224K) Class: 1526K(1664K)->1526K(1664K)
[2025-12-25T12:11:58.682+0000][gc          ] GC(21) Pause Young (Normal) (G1 Evacuation Pause) 766M->157M(1024M) 11.233ms
[2025-12-25T12:11:58.682+0000][gc,cpu      ] GC(21) User=0.05s Sys=0.00s Real=0.02s
[2025-12-25T12:12:28.956+0000][gc,start    ] GC(22) Pause Young (Normal) (G1 Evacuation Pause)
[2025-12-25T12:12:28.957+0000][gc,task     ] GC(22) Using 8 workers of 8 for evacuation
[2025-12-25T12:12:28.975+0000][gc,phases   ] GC(22)   Pre Evacuate Collection Set: 5.8ms
[2025-12-25T12:12:28.975+0000][gc,phases   ] GC(22)   Merge Heap Roots: 0.3ms
[2025-12-25T12:12:28.976+0000][gc,phases   ] GC(22)   Evacuate Collection Set: 11.1ms
[2025-12-25T12:12:28.976+0000][gc,phases   ] GC(22)   Post Evacuate Collection Set: 1.4ms
[2025-12-25T12:12:28.976+0000][gc,phases   ] GC(22)   Other: 0.3ms
[2025-12-25T12:12:28.976+0000][gc,heap     ] GC(22) Eden regions: 609->0(607)
[2025-12-25T12:12:28.976+0000][gc,heap     ] GC(22) Survivor regions: 5->7(77)
[2025-12-25T12:12:28.976+0000][gc,heap     ] GC(22) Old regions: 22->22
[2025-12-25T12:12:28.976+0000][gc,heap     ] GC(22) Humongous regions: 131->131
[2025-12-25T12:12:28.976+0000][gc,metaspace] GC(22) Metaspace: 13602K(13952K)->13602K(13952K) NonClass: 12070K(12224K)->12070K(12224K) Class: 1532K(1728K)->1532K(1728K)
[2025-12-25T12:12:28.976+0000][gc          ] GC(22) Pause Young (Normal) (G1 Evacuation Pause) 766M->159M(1024M) 19.968ms
[2025-12-25T12:12:28.976+0000][gc,cpu      ] GC(22) User=0.12s Sys=0.01s Real=0.02s
[2025-12-25T12:13:08.634+0000][gc,start    ] GC(23) Pause Young (Normal) (G1 Evacuation Pause)
[2025-12-25T12:13:08.635+0000][gc,task     ] GC(23) Using 8 workers of 8 for evacuation
[2025-12-25T12:13:08.657+0000][gc,phases   ] GC(23)   Pre Evacuate Collection Set: 1.7ms
[2025-12-25T12:13:08.657+0000][gc,phases   ] GC(23)   Merge Heap Roots: 0.2ms
[2025-12-25T12:13:08.657+0000][gc,phases   ] GC(23)   Evacuate Collection Set: 18.3ms
[2025-12-25T12:13:08.657+0000][gc,phases   ] GC(23)   Post Evacuate Collection Set: 1.4ms
[2025-12-25T12:13:08.657+0000][gc,phases   ] GC(23)   Other: 0.3ms
[2025-12-25T12:13:08.657+0000][gc,heap     ] GC(23) Eden regions: 607->0(607)
[2025-12-25T12:13:08.657+0000][gc,heap     ] GC(23) Survivor regions: 7->7(77)
[2025-12-25T12:13:08.657+0000][gc,heap     ] GC(23) Old regions: 22->23
[2025-12-25T12:13:08.657+0000][gc,heap     ] GC(23) Humongous regions: 131->131
[2025-12-25T12:13:08.657+0000][gc,metaspace] GC(23) Metaspace: 13622K(13952K)->13622K(13952K) NonClass: 12090K(12224K)->12090K(12224K) Class: 1532K(1728K)->1532K(1728K)
[2025-12-25T12:13:08.658+0000][gc          ] GC(23) Pause Young (Normal) (G1 Evacuation Pause) 766M->159M(1024M) 23.700ms
[2025-12-25T12:13:08.658+0000][gc,cpu      ] GC(23) User=0.15s Sys=0.00s Real=0.03s
[2025-12-25T12:13:39.009+0000][gc,start    ] GC(24) Pause Young (Normal) (G1 Evacuation Pause)
[2025-12-25T12:13:39.009+0000][gc,task     ] GC(24) Using 8 workers of 8 for evacuation
[2025-12-25T12:13:39.029+0000][gc,phases   ] GC(24)   Pre Evacuate Collection Set: 5.2ms
[2025-12-25T12:13:39.029+0000][gc,phases   ] GC(24)   Merge Heap Roots: 0.4ms
[2025-12-25T12:13:39.029+0000][gc,phases   ] GC(24)   Evacuate Collection Set: 12.2ms
[2025-12-25T12:13:39.029+0000][gc,phases   ] GC(24)   Post Evacuate Collection Set: 1.6ms
[2025-12-25T12:13:39.029+0000][gc,phases   ] GC(24)   Other: 0.3ms
[2025-12-25T12:13:39.029+0000][gc,heap     ] GC(24) Eden regions: 607->0(609)
[2025-12-25T12:13:39.030+0000][gc,heap     ] GC(24) Survivor regions: 7->5(77)
[2025-12-25T12:13:39.030+0000][gc,heap     ] GC(24) Old regions: 23->23
[2025-12-25T12:13:39.030+0000][gc,heap     ] GC(24) Humongous regions: 131->131
[2025-12-25T12:13:39.030+0000][gc,metaspace] GC(24) Metaspace: 13628K(13952K)->13628K(13952K) NonClass: 12096K(12224K)->12096K(12224K) Class: 1532K(1728K)->1532K(1728K)
[2025-12-25T12:13:39.030+0000][gc          ] GC(24) Pause Young (Normal) (G1 Evacuation Pause) 766M->157M(1024M) 20.702ms
[2025-12-25T12:13:39.030+0000][gc,cpu      ] GC(24) User=0.12s Sys=0.01s Real=0.02s
[2025-12-25T12:14:18.711+0000][gc,start    ] GC(25) Pause Young (Normal) (G1 Evacuation Pause)
[2025-12-25T12:14:18.711+0000][gc,task     ] GC(25) Using 8 workers of 8 for evacuation
[2025-12-25T12:14:18.723+0000][gc,phases   ] GC(25)   Pre Evacuate Collection Set: 1.6ms
[2025-12-25T12:14:18.723+0000][gc,phases   ] GC(25)   Merge Heap Roots: 0.2ms
[2025-12-25T12:14:18.723+0000][gc,phases   ] GC(25)   Evacuate Collection Set: 8.6ms
[2025-12-25T12:14:18.723+0000][gc,phases   ] GC(25)   Post Evacuate Collection Set: 1.4ms
[2025-12-25T12:14:18.723+0000][gc,phases   ] GC(25)   Other: 0.2ms
[2025-12-25T12:14:18.723+0000][gc,heap     ] GC(25) Eden regions: 609->0(609)
[2025-12-25T12:14:18.724+0000][gc,heap     ] GC(25) Survivor regions: 5->5(77)
[2025-12-25T12:14:18.724+0000][gc,heap     ] GC(25) Old regions: 23->23
[2025-12-25T12:14:18.724+0000][gc,heap     ] GC(25) Humongous regions: 131->131
[2025-12-25T12:14:18.724+0000][gc,metaspace] GC(25) Metaspace: 13639K(13952K)->13639K(13952K) NonClass: 12107K(12224K)->12107K(12224K) Class: 1532K(1728K)->1532K(1728K)
[2025-12-25T12:14:18.724+0000][gc          ] GC(25) Pause Young (Normal) (G1 Evacuation Pause) 766M->157M(1024M) 13.453ms
[2025-12-25T12:14:18.724+0000][gc,cpu      ] GC(25) User=0.07s Sys=0.01s Real=0.01s
[2025-12-25T12:14:49.722+0000][gc,start    ] GC(26) Pause Young (Normal) (G1 Evacuation Pause)
[2025-12-25T12:14:49.723+0000][gc,task     ] GC(26) Using 8 workers of 8 for evacuation
[2025-12-25T12:14:49.781+0000][gc,phases   ] GC(26)   Pre Evacuate Collection Set: 16.1ms
[2025-12-25T12:14:49.783+0000][gc,phases   ] GC(26)   Merge Heap Roots: 0.9ms
[2025-12-25T12:14:49.785+0000][gc,phases   ] GC(26)   Evacuate Collection Set: 28.1ms
[2025-12-25T12:14:49.786+0000][gc,phases   ] GC(26)   Post Evacuate Collection Set: 11.7ms
[2025-12-25T12:14:49.788+0000][gc,phases   ] GC(26)   Other: 1.5ms
[2025-12-25T12:14:49.789+0000][gc,heap     ] GC(26) Eden regions: 609->0(607)
[2025-12-25T12:14:49.793+0000][gc,heap     ] GC(26) Survivor regions: 5->7(77)
[2025-12-25T12:14:49.795+0000][gc,heap     ] GC(26) Old regions: 23->23
[2025-12-25T12:14:49.796+0000][gc,heap     ] GC(26) Humongous regions: 131->131
[2025-12-25T12:14:49.796+0000][gc,metaspace] GC(26) Metaspace: 13667K(14080K)->13667K(14080K) NonClass: 12135K(12352K)->12135K(12352K) Class: 1532K(1728K)->1532K(1728K)
[2025-12-25T12:14:49.797+0000][gc          ] GC(26) Pause Young (Normal) (G1 Evacuation Pause) 766M->159M(1024M) 74.547ms
[2025-12-25T12:14:49.797+0000][gc,cpu      ] GC(26) User=0.23s Sys=0.02s Real=0.07s
[2025-12-25T12:15:28.656+0000][gc,start    ] GC(27) Pause Young (Normal) (G1 Evacuation Pause)
[2025-12-25T12:15:28.657+0000][gc,task     ] GC(27) Using 8 workers of 8 for evacuation
[2025-12-25T12:15:28.680+0000][gc,phases   ] GC(27)   Pre Evacuate Collection Set: 2.4ms
[2025-12-25T12:15:28.680+0000][gc,phases   ] GC(27)   Merge Heap Roots: 0.6ms
[2025-12-25T12:15:28.680+0000][gc,phases   ] GC(27)   Evacuate Collection Set: 15.5ms
[2025-12-25T12:15:28.680+0000][gc,phases   ] GC(27)   Post Evacuate Collection Set: 3.8ms
[2025-12-25T12:15:28.680+0000][gc,phases   ] GC(27)   Other: 0.3ms
[2025-12-25T12:15:28.680+0000][gc,heap     ] GC(27) Eden regions: 607->0(607)
[2025-12-25T12:15:28.680+0000][gc,heap     ] GC(27) Survivor regions: 7->7(77)
[2025-12-25T12:15:28.680+0000][gc,heap     ] GC(27) Old regions: 23->23
[2025-12-25T12:15:28.680+0000][gc,heap     ] GC(27) Humongous regions: 131->131
[2025-12-25T12:15:28.680+0000][gc,metaspace] GC(27) Metaspace: 13695K(14080K)->13695K(14080K) NonClass: 12163K(12352K)->12163K(12352K) Class: 1532K(1728K)->1532K(1728K)
[2025-12-25T12:15:28.681+0000][gc          ] GC(27) Pause Young (Normal) (G1 Evacuation Pause) 766M->159M(1024M) 24.077ms
[2025-12-25T12:15:28.681+0000][gc,cpu      ] GC(27) User=0.11s Sys=0.01s Real=0.03s
[2025-12-25T12:15:58.940+0000][gc,start    ] GC(28) Pause Young (Normal) (G1 Evacuation Pause)
[2025-12-25T12:15:58.940+0000][gc,task     ] GC(28) Using 8 workers of 8 for evacuation
[2025-12-25T12:15:58.952+0000][gc,phases   ] GC(28)   Pre Evacuate Collection Set: 1.7ms
[2025-12-25T12:15:58.953+0000][gc,phases   ] GC(28)   Merge Heap Roots: 0.2ms
[2025-12-25T12:15:58.953+0000][gc,phases   ] GC(28)   Evacuate Collection Set: 8.7ms
[2025-12-25T12:15:58.953+0000][gc,phases   ] GC(28)   Post Evacuate Collection Set: 1.3ms
[2025-12-25T12:15:58.953+0000][gc,phases   ] GC(28)   Other: 0.2ms
[2025-12-25T12:15:58.953+0000][gc,heap     ] GC(28) Eden regions: 607->0(605)
[2025-12-25T12:15:58.953+0000][gc,heap     ] GC(28) Survivor regions: 7->9(77)
[2025-12-25T12:15:58.953+0000][gc,heap     ] GC(28) Old regions: 23->23
[2025-12-25T12:15:58.953+0000][gc,heap     ] GC(28) Humongous regions: 131->131
[2025-12-25T12:15:58.953+0000][gc,metaspace] GC(28) Metaspace: 13708K(14080K)->13708K(14080K) NonClass: 12176K(12352K)->12176K(12352K) Class: 1532K(1728K)->1532K(1728K)
[2025-12-25T12:15:58.953+0000][gc          ] GC(28) Pause Young (Normal) (G1 Evacuation Pause) 766M->161M(1024M) 13.423ms
[2025-12-25T12:15:58.953+0000][gc,cpu      ] GC(28) User=0.08s Sys=0.00s Real=0.01s
[2025-12-25T12:16:38.877+0000][gc,start    ] GC(29) Pause Young (Normal) (G1 Evacuation Pause)
[2025-12-25T12:16:38.878+0000][gc,task     ] GC(29) Using 8 workers of 8 for evacuation
[2025-12-25T12:16:38.898+0000][gc,phases   ] GC(29)   Pre Evacuate Collection Set: 5.7ms
[2025-12-25T12:16:38.898+0000][gc,phases   ] GC(29)   Merge Heap Roots: 0.3ms
[2025-12-25T12:16:38.898+0000][gc,phases   ] GC(29)   Evacuate Collection Set: 11.2ms
[2025-12-25T12:16:38.898+0000][gc,phases   ] GC(29)   Post Evacuate Collection Set: 2.7ms
[2025-12-25T12:16:38.898+0000][gc,phases   ] GC(29)   Other: 0.3ms
[2025-12-25T12:16:38.899+0000][gc,heap     ] GC(29) Eden regions: 605->0(609)
[2025-12-25T12:16:38.899+0000][gc,heap     ] GC(29) Survivor regions: 9->5(77)
[2025-12-25T12:16:38.899+0000][gc,heap     ] GC(29) Old regions: 23->23
[2025-12-25T12:16:38.899+0000][gc,heap     ] GC(29) Humongous regions: 131->131
[2025-12-25T12:16:38.899+0000][gc,metaspace] GC(29) Metaspace: 13747K(14080K)->13747K(14080K) NonClass: 12215K(12352K)->12215K(12352K) Class: 1532K(1728K)->1532K(1728K)
[2025-12-25T12:16:38.899+0000][gc          ] GC(29) Pause Young (Normal) (G1 Evacuation Pause) 766M->158M(1024M) 21.808ms
[2025-12-25T12:16:38.899+0000][gc,cpu      ] GC(29) User=0.09s Sys=0.00s Real=0.02s
[2025-12-25T12:17:09.003+0000][gc,start    ] GC(30) Pause Young (Normal) (G1 Evacuation Pause)
[2025-12-25T12:17:09.003+0000][gc,task     ] GC(30) Using 8 workers of 8 for evacuation
[2025-12-25T12:17:09.023+0000][gc,phases   ] GC(30)   Pre Evacuate Collection Set: 3.2ms
[2025-12-25T12:17:09.024+0000][gc,phases   ] GC(30)   Merge Heap Roots: 0.4ms
[2025-12-25T12:17:09.024+0000][gc,phases   ] GC(30)   Evacuate Collection Set: 14.5ms
[2025-12-25T12:17:09.024+0000][gc,phases   ] GC(30)   Post Evacuate Collection Set: 1.6ms
[2025-12-25T12:17:09.024+0000][gc,phases   ] GC(30)   Other: 0.2ms
[2025-12-25T12:17:09.024+0000][gc,heap     ] GC(30) Eden regions: 609->0(607)
[2025-12-25T12:17:09.024+0000][gc,heap     ] GC(30) Survivor regions: 5->7(77)
[2025-12-25T12:17:09.024+0000][gc,heap     ] GC(30) Old regions: 23->23
[2025-12-25T12:17:09.024+0000][gc,heap     ] GC(30) Humongous regions: 131->131
[2025-12-25T12:17:09.024+0000][gc,metaspace] GC(30) Metaspace: 13858K(14208K)->13858K(14208K) NonClass: 12304K(12480K)->12304K(12480K) Class: 1553K(1728K)->1553K(1728K)
[2025-12-25T12:17:09.024+0000][gc          ] GC(30) Pause Young (Normal) (G1 Evacuation Pause) 767M->160M(1024M) 21.070ms
[2025-12-25T12:17:09.024+0000][gc,cpu      ] GC(30) User=0.13s Sys=0.00s Real=0.02s
[2025-12-25T12:17:42.580+0000][gc,start    ] GC(31) Pause Young (Normal) (G1 Evacuation Pause)
[2025-12-25T12:17:42.581+0000][gc,task     ] GC(31) Using 8 workers of 8 for evacuation
[2025-12-25T12:17:42.618+0000][gc,phases   ] GC(31)   Pre Evacuate Collection Set: 6.7ms
[2025-12-25T12:17:42.619+0000][gc,phases   ] GC(31)   Merge Heap Roots: 1.2ms
[2025-12-25T12:17:42.619+0000][gc,phases   ] GC(31)   Evacuate Collection Set: 20.7ms
[2025-12-25T12:17:42.619+0000][gc,phases   ] GC(31)   Post Evacuate Collection Set: 6.8ms
[2025-12-25T12:17:42.619+0000][gc,phases   ] GC(31)   Other: 1.5ms
[2025-12-25T12:17:42.620+0000][gc,heap     ] GC(31) Eden regions: 607->0(608)
[2025-12-25T12:17:42.620+0000][gc,heap     ] GC(31) Survivor regions: 7->6(77)
[2025-12-25T12:17:42.620+0000][gc,heap     ] GC(31) Old regions: 23->23
[2025-12-25T12:17:42.620+0000][gc,heap     ] GC(31) Humongous regions: 131->131
[2025-12-25T12:17:42.621+0000][gc,metaspace] GC(31) Metaspace: 13874K(14208K)->13874K(14208K) NonClass: 12321K(12480K)->12321K(12480K) Class: 1553K(1728K)->1553K(1728K)
[2025-12-25T12:17:42.621+0000][gc          ] GC(31) Pause Young (Normal) (G1 Evacuation Pause) 767M->159M(1024M) 41.007ms
[2025-12-25T12:17:42.621+0000][gc,cpu      ] GC(31) User=0.21s Sys=0.01s Real=0.04s
[2025-12-25T12:18:19.084+0000][gc,start    ] GC(32) Pause Young (Normal) (G1 Evacuation Pause)
[2025-12-25T12:18:19.085+0000][gc,task     ] GC(32) Using 8 workers of 8 for evacuation
[2025-12-25T12:18:19.130+0000][gc,phases   ] GC(32)   Pre Evacuate Collection Set: 4.3ms
[2025-12-25T12:18:19.130+0000][gc,phases   ] GC(32)   Merge Heap Roots: 0.3ms
[2025-12-25T12:18:19.130+0000][gc,phases   ] GC(32)   Evacuate Collection Set: 36.5ms
[2025-12-25T12:18:19.131+0000][gc,phases   ] GC(32)   Post Evacuate Collection Set: 3.7ms
[2025-12-25T12:18:19.131+0000][gc,phases   ] GC(32)   Other: 0.7ms
[2025-12-25T12:18:19.131+0000][gc,heap     ] GC(32) Eden regions: 608->0(606)
[2025-12-25T12:18:19.131+0000][gc,heap     ] GC(32) Survivor regions: 6->8(77)
[2025-12-25T12:18:19.131+0000][gc,heap     ] GC(32) Old regions: 23->23
[2025-12-25T12:18:19.131+0000][gc,heap     ] GC(32) Humongous regions: 131->131
[2025-12-25T12:18:19.132+0000][gc,metaspace] GC(32) Metaspace: 13891K(14208K)->13891K(14208K) NonClass: 12338K(12480K)->12338K(12480K) Class: 1553K(1728K)->1553K(1728K)
[2025-12-25T12:18:19.132+0000][gc          ] GC(32) Pause Young (Normal) (G1 Evacuation Pause) 767M->161M(1024M) 47.791ms
[2025-12-25T12:18:19.132+0000][gc,cpu      ] GC(32) User=0.19s Sys=0.00s Real=0.04s
[2025-12-25T12:18:49.327+0000][gc,start    ] GC(33) Pause Young (Normal) (G1 Evacuation Pause)
[2025-12-25T12:18:49.328+0000][gc,task     ] GC(33) Using 8 workers of 8 for evacuation
[2025-12-25T12:18:49.354+0000][gc,phases   ] GC(33)   Pre Evacuate Collection Set: 2.2ms
[2025-12-25T12:18:49.354+0000][gc,phases   ] GC(33)   Merge Heap Roots: 0.2ms
[2025-12-25T12:18:49.354+0000][gc,phases   ] GC(33)   Evacuate Collection Set: 20.0ms
[2025-12-25T12:18:49.355+0000][gc,phases   ] GC(33)   Post Evacuate Collection Set: 3.5ms
[2025-12-25T12:18:49.356+0000][gc,phases   ] GC(33)   Other: 0.5ms
[2025-12-25T12:18:49.356+0000][gc,heap     ] GC(33) Eden regions: 606->0(604)
[2025-12-25T12:18:49.356+0000][gc,heap     ] GC(33) Survivor regions: 8->10(77)
[2025-12-25T12:18:49.356+0000][gc,heap     ] GC(33) Old regions: 23->23
[2025-12-25T12:18:49.356+0000][gc,heap     ] GC(33) Humongous regions: 131->131
[2025-12-25T12:18:49.357+0000][gc,metaspace] GC(33) Metaspace: 13904K(14208K)->13904K(14208K) NonClass: 12350K(12480K)->12350K(12480K) Class: 1553K(1728K)->1553K(1728K)
[2025-12-25T12:18:49.358+0000][gc          ] GC(33) Pause Young (Normal) (G1 Evacuation Pause) 767M->163M(1024M) 31.020ms
[2025-12-25T12:18:49.359+0000][gc,cpu      ] GC(33) User=0.14s Sys=0.00s Real=0.03s
[2025-12-25T12:19:28.778+0000][gc,start    ] GC(34) Pause Young (Normal) (G1 Evacuation Pause)
[2025-12-25T12:19:28.778+0000][gc,task     ] GC(34) Using 8 workers of 8 for evacuation
[2025-12-25T12:19:28.800+0000][gc,phases   ] GC(34)   Pre Evacuate Collection Set: 3.3ms
[2025-12-25T12:19:28.800+0000][gc,phases   ] GC(34)   Merge Heap Roots: 0.2ms
[2025-12-25T12:19:28.800+0000][gc,phases   ] GC(34)   Evacuate Collection Set: 15.1ms
[2025-12-25T12:19:28.800+0000][gc,phases   ] GC(34)   Post Evacuate Collection Set: 2.6ms
[2025-12-25T12:19:28.801+0000][gc,phases   ] GC(34)   Other: 0.6ms
[2025-12-25T12:19:28.801+0000][gc,heap     ] GC(34) Eden regions: 604->0(607)
[2025-12-25T12:19:28.801+0000][gc,heap     ] GC(34) Survivor regions: 10->7(77)
[2025-12-25T12:19:28.801+0000][gc,heap     ] GC(34) Old regions: 23->24
[2025-12-25T12:19:28.801+0000][gc,heap     ] GC(34) Humongous regions: 131->131
[2025-12-25T12:19:28.801+0000][gc,metaspace] GC(34) Metaspace: 13939K(14272K)->13939K(14272K) NonClass: 12385K(12544K)->12385K(12544K) Class: 1553K(1728K)->1553K(1728K)
[2025-12-25T12:19:28.801+0000][gc          ] GC(34) Pause Young (Normal) (G1 Evacuation Pause) 767M->160M(1024M) 23.246ms
[2025-12-25T12:19:28.801+0000][gc,cpu      ] GC(34) User=0.12s Sys=0.01s Real=0.02s
[2025-12-25T12:19:59.077+0000][gc,start    ] GC(35) Pause Young (Normal) (G1 Evacuation Pause)
[2025-12-25T12:19:59.077+0000][gc,task     ] GC(35) Using 8 workers of 8 for evacuation
[2025-12-25T12:19:59.093+0000][gc,phases   ] GC(35)   Pre Evacuate Collection Set: 1.8ms
[2025-12-25T12:19:59.093+0000][gc,phases   ] GC(35)   Merge Heap Roots: 0.2ms
[2025-12-25T12:19:59.093+0000][gc,phases   ] GC(35)   Evacuate Collection Set: 10.5ms
[2025-12-25T12:19:59.094+0000][gc,phases   ] GC(35)   Post Evacuate Collection Set: 3.1ms
[2025-12-25T12:19:59.094+0000][gc,phases   ] GC(35)   Other: 0.2ms
[2025-12-25T12:19:59.094+0000][gc,heap     ] GC(35) Eden regions: 607->0(606)
[2025-12-25T12:19:59.094+0000][gc,heap     ] GC(35) Survivor regions: 7->8(77)
[2025-12-25T12:19:59.094+0000][gc,heap     ] GC(35) Old regions: 24->24
[2025-12-25T12:19:59.094+0000][gc,heap     ] GC(35) Humongous regions: 131->131
[2025-12-25T12:19:59.094+0000][gc,metaspace] GC(35) Metaspace: 13943K(14272K)->13943K(14272K) NonClass: 12389K(12544K)->12389K(12544K) Class: 1553K(1728K)->1553K(1728K)
[2025-12-25T12:19:59.094+0000][gc          ] GC(35) Pause Young (Normal) (G1 Evacuation Pause) 767M->162M(1024M) 17.672ms
[2025-12-25T12:19:59.095+0000][gc,cpu      ] GC(35) User=0.09s Sys=0.00s Real=0.02s
[2025-12-25T12:20:38.655+0000][gc,start    ] GC(36) Pause Young (Normal) (G1 Evacuation Pause)
[2025-12-25T12:20:38.656+0000][gc,task     ] GC(36) Using 8 workers of 8 for evacuation
[2025-12-25T12:20:38.685+0000][gc,phases   ] GC(36)   Pre Evacuate Collection Set: 3.6ms
[2025-12-25T12:20:38.686+0000][gc,phases   ] GC(36)   Merge Heap Roots: 1.0ms
[2025-12-25T12:20:38.686+0000][gc,phases   ] GC(36)   Evacuate Collection Set: 20.8ms
[2025-12-25T12:20:38.686+0000][gc,phases   ] GC(36)   Post Evacuate Collection Set: 3.9ms
[2025-12-25T12:20:38.686+0000][gc,phases   ] GC(36)   Other: 0.7ms
[2025-12-25T12:20:38.686+0000][gc,heap     ] GC(36) Eden regions: 606->0(606)
[2025-12-25T12:20:38.686+0000][gc,heap     ] GC(36) Survivor regions: 8->8(77)
[2025-12-25T12:20:38.686+0000][gc,heap     ] GC(36) Old regions: 24->24
[2025-12-25T12:20:38.686+0000][gc,heap     ] GC(36) Humongous regions: 131->131
[2025-12-25T12:20:38.686+0000][gc,metaspace] GC(36) Metaspace: 13950K(14272K)->13950K(14272K) NonClass: 12396K(12544K)->12396K(12544K) Class: 1553K(1728K)->1553K(1728K)
[2025-12-25T12:20:38.686+0000][gc          ] GC(36) Pause Young (Normal) (G1 Evacuation Pause) 768M->161M(1024M) 30.971ms
[2025-12-25T12:20:38.686+0000][gc,cpu      ] GC(36) User=0.14s Sys=0.01s Real=0.03s
[2025-12-25T12:21:08.934+0000][gc,start    ] GC(37) Pause Young (Normal) (G1 Evacuation Pause)
[2025-12-25T12:21:08.934+0000][gc,task     ] GC(37) Using 8 workers of 8 for evacuation
[2025-12-25T12:21:08.949+0000][gc,phases   ] GC(37)   Pre Evacuate Collection Set: 1.9ms
[2025-12-25T12:21:08.949+0000][gc,phases   ] GC(37)   Merge Heap Roots: 0.3ms
[2025-12-25T12:21:08.949+0000][gc,phases   ] GC(37)   Evacuate Collection Set: 10.6ms
[2025-12-25T12:21:08.949+0000][gc,phases   ] GC(37)   Post Evacuate Collection Set: 1.5ms
[2025-12-25T12:21:08.949+0000][gc,phases   ] GC(37)   Other: 0.2ms
[2025-12-25T12:21:08.949+0000][gc,heap     ] GC(37) Eden regions: 606->0(605)
[2025-12-25T12:21:08.949+0000][gc,heap     ] GC(37) Survivor regions: 8->9(77)
[2025-12-25T12:21:08.949+0000][gc,heap     ] GC(37) Old regions: 24->24
[2025-12-25T12:21:08.949+0000][gc,heap     ] GC(37) Humongous regions: 131->131
[2025-12-25T12:21:08.950+0000][gc,metaspace] GC(37) Metaspace: 13956K(14272K)->13956K(14272K) NonClass: 12401K(12544K)->12401K(12544K) Class: 1554K(1728K)->1554K(1728K)
[2025-12-25T12:21:08.950+0000][gc          ] GC(37) Pause Young (Normal) (G1 Evacuation Pause) 767M->163M(1024M) 15.715ms
[2025-12-25T12:21:08.950+0000][gc,cpu      ] GC(37) User=0.10s Sys=0.00s Real=0.02s
[2025-12-25T12:21:48.603+0000][gc,start    ] GC(38) Pause Young (Normal) (G1 Evacuation Pause)
[2025-12-25T12:21:48.604+0000][gc,task     ] GC(38) Using 8 workers of 8 for evacuation
[2025-12-25T12:21:48.635+0000][gc,phases   ] GC(38)   Pre Evacuate Collection Set: 2.7ms
[2025-12-25T12:21:48.635+0000][gc,phases   ] GC(38)   Merge Heap Roots: 0.5ms
[2025-12-25T12:21:48.636+0000][gc,phases   ] GC(38)   Evacuate Collection Set: 26.3ms
[2025-12-25T12:21:48.636+0000][gc,phases   ] GC(38)   Post Evacuate Collection Set: 2.0ms
[2025-12-25T12:21:48.636+0000][gc,phases   ] GC(38)   Other: 0.2ms
[2025-12-25T12:21:48.636+0000][gc,heap     ] GC(38) Eden regions: 605->0(605)
[2025-12-25T12:21:48.636+0000][gc,heap     ] GC(38) Survivor regions: 9->9(77)
[2025-12-25T12:21:48.636+0000][gc,heap     ] GC(38) Old regions: 24->25
[2025-12-25T12:21:48.636+0000][gc,heap     ] GC(38) Humongous regions: 131->131
[2025-12-25T12:21:48.636+0000][gc,metaspace] GC(38) Metaspace: 13962K(14336K)->13962K(14336K) NonClass: 12407K(12608K)->12407K(12608K) Class: 1554K(1728K)->1554K(1728K)
[2025-12-25T12:21:48.636+0000][gc          ] GC(38) Pause Young (Normal) (G1 Evacuation Pause) 768M->163M(1024M) 32.870ms
[2025-12-25T12:21:48.636+0000][gc,cpu      ] GC(38) User=0.18s Sys=0.01s Real=0.03s
[2025-12-25T12:22:18.985+0000][gc,start    ] GC(39) Pause Young (Normal) (G1 Evacuation Pause)
[2025-12-25T12:22:18.985+0000][gc,task     ] GC(39) Using 8 workers of 8 for evacuation
[2025-12-25T12:22:19.014+0000][gc,phases   ] GC(39)   Pre Evacuate Collection Set: 2.1ms
[2025-12-25T12:22:19.015+0000][gc,phases   ] GC(39)   Merge Heap Roots: 0.3ms
[2025-12-25T12:22:19.015+0000][gc,phases   ] GC(39)   Evacuate Collection Set: 24.3ms
[2025-12-25T12:22:19.015+0000][gc,phases   ] GC(39)   Post Evacuate Collection Set: 2.3ms
[2025-12-25T12:22:19.015+0000][gc,phases   ] GC(39)   Other: 0.3ms
[2025-12-25T12:22:19.015+0000][gc,heap     ] GC(39) Eden regions: 605->0(606)
[2025-12-25T12:22:19.015+0000][gc,heap     ] GC(39) Survivor regions: 9->8(77)
[2025-12-25T12:22:19.015+0000][gc,heap     ] GC(39) Old regions: 25->25
[2025-12-25T12:22:19.015+0000][gc,heap     ] GC(39) Humongous regions: 131->131
[2025-12-25T12:22:19.015+0000][gc,metaspace] GC(39) Metaspace: 13963K(14336K)->13963K(14336K) NonClass: 12409K(12608K)->12409K(12608K) Class: 1554K(1728K)->1554K(1728K)
[2025-12-25T12:22:19.015+0000][gc          ] GC(39) Pause Young (Normal) (G1 Evacuation Pause) 768M->162M(1024M) 30.521ms
[2025-12-25T12:22:19.015+0000][gc,cpu      ] GC(39) User=0.18s Sys=0.00s Real=0.03s
[2025-12-25T12:22:50.023+0000][gc,start    ] GC(40) Pause Young (Normal) (G1 Evacuation Pause)
[2025-12-25T12:22:50.024+0000][gc,task     ] GC(40) Using 8 workers of 8 for evacuation
[2025-12-25T12:22:50.087+0000][gc,phases   ] GC(40)   Pre Evacuate Collection Set: 5.9ms
[2025-12-25T12:22:50.087+0000][gc,phases   ] GC(40)   Merge Heap Roots: 0.8ms
[2025-12-25T12:22:50.088+0000][gc,phases   ] GC(40)   Evacuate Collection Set: 51.6ms
[2025-12-25T12:22:50.088+0000][gc,phases   ] GC(40)   Post Evacuate Collection Set: 4.1ms
[2025-12-25T12:22:50.088+0000][gc,phases   ] GC(40)   Other: 0.6ms
[2025-12-25T12:22:50.088+0000][gc,heap     ] GC(40) Eden regions: 606->0(605)
[2025-12-25T12:22:50.088+0000][gc,heap     ] GC(40) Survivor regions: 8->9(77)
[2025-12-25T12:22:50.088+0000][gc,heap     ] GC(40) Old regions: 25->25
[2025-12-25T12:22:50.088+0000][gc,heap     ] GC(40) Humongous regions: 131->131
[2025-12-25T12:22:50.089+0000][gc,metaspace] GC(40) Metaspace: 13964K(14336K)->13964K(14336K) NonClass: 12409K(12608K)->12409K(12608K) Class: 1554K(1728K)->1554K(1728K)
[2025-12-25T12:22:50.089+0000][gc          ] GC(40) Pause Young (Normal) (G1 Evacuation Pause) 768M->164M(1024M) 65.403ms
[2025-12-25T12:22:50.089+0000][gc,cpu      ] GC(40) User=0.25s Sys=0.03s Real=0.07s
[2025-12-25T12:23:28.837+0000][gc,start    ] GC(41) Pause Young (Normal) (G1 Evacuation Pause)
[2025-12-25T12:23:28.838+0000][gc,task     ] GC(41) Using 8 workers of 8 for evacuation
[2025-12-25T12:23:28.870+0000][gc,phases   ] GC(41)   Pre Evacuate Collection Set: 4.3ms
[2025-12-25T12:23:28.870+0000][gc,phases   ] GC(41)   Merge Heap Roots: 0.8ms
[2025-12-25T12:23:28.870+0000][gc,phases   ] GC(41)   Evacuate Collection Set: 24.1ms
[2025-12-25T12:23:28.870+0000][gc,phases   ] GC(41)   Post Evacuate Collection Set: 1.8ms
[2025-12-25T12:23:28.870+0000][gc,phases   ] GC(41)   Other: 0.9ms
[2025-12-25T12:23:28.870+0000][gc,heap     ] GC(41) Eden regions: 605->0(605)
[2025-12-25T12:23:28.870+0000][gc,heap     ] GC(41) Survivor regions: 9->9(77)
[2025-12-25T12:23:28.870+0000][gc,heap     ] GC(41) Old regions: 25->25
[2025-12-25T12:23:28.870+0000][gc,heap     ] GC(41) Humongous regions: 131->131
[2025-12-25T12:23:28.870+0000][gc,metaspace] GC(41) Metaspace: 14233K(14592K)->14233K(14592K) NonClass: 12643K(12800K)->12643K(12800K) Class: 1589K(1792K)->1589K(1792K)
[2025-12-25T12:23:28.870+0000][gc          ] GC(41) Pause Young (Normal) (G1 Evacuation Pause) 769M->164M(1024M) 33.438ms
[2025-12-25T12:23:28.870+0000][gc,cpu      ] GC(41) User=0.17s Sys=0.02s Real=0.03s
[2025-12-25T12:23:59.093+0000][gc,start    ] GC(42) Pause Young (Normal) (G1 Evacuation Pause)
[2025-12-25T12:23:59.095+0000][gc,task     ] GC(42) Using 8 workers of 8 for evacuation
[2025-12-25T12:23:59.138+0000][gc,phases   ] GC(42)   Pre Evacuate Collection Set: 2.6ms
[2025-12-25T12:23:59.138+0000][gc,phases   ] GC(42)   Merge Heap Roots: 0.3ms
[2025-12-25T12:23:59.138+0000][gc,phases   ] GC(42)   Evacuate Collection Set: 37.5ms
[2025-12-25T12:23:59.138+0000][gc,phases   ] GC(42)   Post Evacuate Collection Set: 2.1ms
[2025-12-25T12:23:59.138+0000][gc,phases   ] GC(42)   Other: 0.4ms
[2025-12-25T12:23:59.138+0000][gc,heap     ] GC(42) Eden regions: 605->0(603)
[2025-12-25T12:23:59.138+0000][gc,heap     ] GC(42) Survivor regions: 9->11(77)
[2025-12-25T12:23:59.138+0000][gc,heap     ] GC(42) Old regions: 25->26
[2025-12-25T12:23:59.138+0000][gc,heap     ] GC(42) Humongous regions: 131->131
[2025-12-25T12:23:59.138+0000][gc,metaspace] GC(42) Metaspace: 14243K(14592K)->14243K(14592K) NonClass: 12653K(12800K)->12653K(12800K) Class: 1589K(1792K)->1589K(1792K)
[2025-12-25T12:23:59.139+0000][gc          ] GC(42) Pause Young (Normal) (G1 Evacuation Pause) 769M->166M(1024M) 45.261ms
[2025-12-25T12:23:59.139+0000][gc,cpu      ] GC(42) User=0.23s Sys=0.01s Real=0.05s
[2025-12-25T12:24:38.722+0000][gc,start    ] GC(43) Pause Young (Normal) (G1 Evacuation Pause)
[2025-12-25T12:24:38.723+0000][gc,task     ] GC(43) Using 8 workers of 8 for evacuation
[2025-12-25T12:24:38.749+0000][gc,phases   ] GC(43)   Pre Evacuate Collection Set: 6.2ms
[2025-12-25T12:24:38.749+0000][gc,phases   ] GC(43)   Merge Heap Roots: 0.3ms
[2025-12-25T12:24:38.749+0000][gc,phases   ] GC(43)   Evacuate Collection Set: 17.6ms
[2025-12-25T12:24:38.749+0000][gc,phases   ] GC(43)   Post Evacuate Collection Set: 1.8ms
[2025-12-25T12:24:38.749+0000][gc,phases   ] GC(43)   Other: 0.5ms
[2025-12-25T12:24:38.749+0000][gc,heap     ] GC(43) Eden regions: 603->0(604)
[2025-12-25T12:24:38.749+0000][gc,heap     ] GC(43) Survivor regions: 11->10(77)
[2025-12-25T12:24:38.749+0000][gc,heap     ] GC(43) Old regions: 26->26
[2025-12-25T12:24:38.749+0000][gc,heap     ] GC(43) Humongous regions: 131->131
[2025-12-25T12:24:38.749+0000][gc,metaspace] GC(43) Metaspace: 14268K(14656K)->14268K(14656K) NonClass: 12678K(12864K)->12678K(12864K) Class: 1589K(1792K)->1589K(1792K)
[2025-12-25T12:24:38.750+0000][gc          ] GC(43) Pause Young (Normal) (G1 Evacuation Pause) 769M->165M(1024M) 27.844ms
[2025-12-25T12:24:38.750+0000][gc,cpu      ] GC(43) User=0.15s Sys=0.00s Real=0.03s
[2025-12-25T12:25:08.973+0000][gc,start    ] GC(44) Pause Young (Normal) (G1 Evacuation Pause)
[2025-12-25T12:25:08.973+0000][gc,task     ] GC(44) Using 8 workers of 8 for evacuation
[2025-12-25T12:25:08.995+0000][gc,phases   ] GC(44)   Pre Evacuate Collection Set: 3.8ms
[2025-12-25T12:25:08.995+0000][gc,phases   ] GC(44)   Merge Heap Roots: 0.5ms
[2025-12-25T12:25:08.995+0000][gc,phases   ] GC(44)   Evacuate Collection Set: 15.4ms
[2025-12-25T12:25:08.995+0000][gc,phases   ] GC(44)   Post Evacuate Collection Set: 1.6ms
[2025-12-25T12:25:08.995+0000][gc,phases   ] GC(44)   Other: 0.4ms
[2025-12-25T12:25:08.995+0000][gc,heap     ] GC(44) Eden regions: 604->0(606)
[2025-12-25T12:25:08.996+0000][gc,heap     ] GC(44) Survivor regions: 10->8(77)
[2025-12-25T12:25:08.996+0000][gc,heap     ] GC(44) Old regions: 26->26
[2025-12-25T12:25:08.996+0000][gc,heap     ] GC(44) Humongous regions: 131->131
[2025-12-25T12:25:08.996+0000][gc,metaspace] GC(44) Metaspace: 14270K(14656K)->14270K(14656K) NonClass: 12679K(12864K)->12679K(12864K) Class: 1590K(1792K)->1590K(1792K)
[2025-12-25T12:25:08.996+0000][gc          ] GC(44) Pause Young (Normal) (G1 Evacuation Pause) 769M->164M(1024M) 22.899ms
[2025-12-25T12:25:08.996+0000][gc,cpu      ] GC(44) User=0.13s Sys=0.00s Real=0.03s
[2025-12-25T12:25:48.608+0000][gc,start    ] GC(45) Pause Young (Normal) (G1 Evacuation Pause)
[2025-12-25T12:25:48.608+0000][gc,task     ] GC(45) Using 8 workers of 8 for evacuation
[2025-12-25T12:25:48.641+0000][gc,phases   ] GC(45)   Pre Evacuate Collection Set: 1.6ms
[2025-12-25T12:25:48.641+0000][gc,phases   ] GC(45)   Merge Heap Roots: 0.5ms
[2025-12-25T12:25:48.641+0000][gc,phases   ] GC(45)   Evacuate Collection Set: 26.2ms
[2025-12-25T12:25:48.641+0000][gc,phases   ] GC(45)   Post Evacuate Collection Set: 4.0ms
[2025-12-25T12:25:48.641+0000][gc,phases   ] GC(45)   Other: 0.3ms
[2025-12-25T12:25:48.641+0000][gc,heap     ] GC(45) Eden regions: 606->0(607)
[2025-12-25T12:25:48.641+0000][gc,heap     ] GC(45) Survivor regions: 8->7(77)
[2025-12-25T12:25:48.641+0000][gc,heap     ] GC(45) Old regions: 26->27
[2025-12-25T12:25:48.641+0000][gc,heap     ] GC(45) Humongous regions: 131->131
[2025-12-25T12:25:48.641+0000][gc,metaspace] GC(45) Metaspace: 14273K(14656K)->14273K(14656K) NonClass: 12683K(12864K)->12683K(12864K) Class: 1590K(1792K)->1590K(1792K)
[2025-12-25T12:25:48.642+0000][gc          ] GC(45) Pause Young (Normal) (G1 Evacuation Pause) 770M->163M(1024M) 34.093ms
[2025-12-25T12:25:48.642+0000][gc,cpu      ] GC(45) User=0.16s Sys=0.01s Real=0.04s
[2025-12-25T12:26:18.977+0000][gc,start    ] GC(46) Pause Young (Normal) (G1 Evacuation Pause)
[2025-12-25T12:26:18.977+0000][gc,task     ] GC(46) Using 8 workers of 8 for evacuation
[2025-12-25T12:26:19.003+0000][gc,phases   ] GC(46)   Pre Evacuate Collection Set: 1.9ms
[2025-12-25T12:26:19.003+0000][gc,phases   ] GC(46)   Merge Heap Roots: 0.2ms
[2025-12-25T12:26:19.003+0000][gc,phases   ] GC(46)   Evacuate Collection Set: 20.0ms
[2025-12-25T12:26:19.003+0000][gc,phases   ] GC(46)   Post Evacuate Collection Set: 2.6ms
[2025-12-25T12:26:19.004+0000][gc,phases   ] GC(46)   Other: 0.3ms
[2025-12-25T12:26:19.004+0000][gc,heap     ] GC(46) Eden regions: 607->0(605)
[2025-12-25T12:26:19.004+0000][gc,heap     ] GC(46) Survivor regions: 7->9(77)
[2025-12-25T12:26:19.004+0000][gc,heap     ] GC(46) Old regions: 27->27
[2025-12-25T12:26:19.004+0000][gc,heap     ] GC(46) Humongous regions: 131->131
[2025-12-25T12:26:19.004+0000][gc,metaspace] GC(46) Metaspace: 14276K(14656K)->14276K(14656K) NonClass: 12686K(12864K)->12686K(12864K) Class: 1590K(1792K)->1590K(1792K)
[2025-12-25T12:26:19.005+0000][gc          ] GC(46) Pause Young (Normal) (G1 Evacuation Pause) 770M->166M(1024M) 27.598ms
[2025-12-25T12:26:19.005+0000][gc,cpu      ] GC(46) User=0.17s Sys=0.00s Real=0.03s
[2025-12-25T12:26:49.452+0000][gc,start    ] GC(47) Pause Young (Normal) (G1 Evacuation Pause)
[2025-12-25T12:26:49.452+0000][gc,task     ] GC(47) Using 8 workers of 8 for evacuation
[2025-12-25T12:26:49.489+0000][gc,phases   ] GC(47)   Pre Evacuate Collection Set: 3.0ms
[2025-12-25T12:26:49.489+0000][gc,phases   ] GC(47)   Merge Heap Roots: 0.5ms
[2025-12-25T12:26:49.489+0000][gc,phases   ] GC(47)   Evacuate Collection Set: 31.5ms
[2025-12-25T12:26:49.489+0000][gc,phases   ] GC(47)   Post Evacuate Collection Set: 1.5ms
[2025-12-25T12:26:49.490+0000][gc,phases   ] GC(47)   Other: 0.5ms
[2025-12-25T12:26:49.490+0000][gc,heap     ] GC(47) Eden regions: 605->0(606)
[2025-12-25T12:26:49.490+0000][gc,heap     ] GC(47) Survivor regions: 9->8(77)
[2025-12-25T12:26:49.490+0000][gc,heap     ] GC(47) Old regions: 27->27
[2025-12-25T12:26:49.490+0000][gc,heap     ] GC(47) Humongous regions: 131->131
[2025-12-25T12:26:49.490+0000][gc,metaspace] GC(47) Metaspace: 14276K(14656K)->14276K(14656K) NonClass: 12686K(12864K)->12686K(12864K) Class: 1590K(1792K)->1590K(1792K)
[2025-12-25T12:26:49.490+0000][gc          ] GC(47) Pause Young (Normal) (G1 Evacuation Pause) 771M->165M(1024M) 38.297ms
[2025-12-25T12:26:49.490+0000][gc,cpu      ] GC(47) User=0.21s Sys=0.01s Real=0.03s
[2025-12-25T12:27:28.898+0000][gc,start    ] GC(48) Pause Young (Normal) (G1 Evacuation Pause)
[2025-12-25T12:27:28.899+0000][gc,task     ] GC(48) Using 8 workers of 8 for evacuation
[2025-12-25T12:27:28.957+0000][gc,phases   ] GC(48)   Pre Evacuate Collection Set: 10.5ms
[2025-12-25T12:27:28.957+0000][gc,phases   ] GC(48)   Merge Heap Roots: 1.3ms
[2025-12-25T12:27:28.957+0000][gc,phases   ] GC(48)   Evacuate Collection Set: 43.5ms
[2025-12-25T12:27:28.957+0000][gc,phases   ] GC(48)   Post Evacuate Collection Set: 2.3ms
[2025-12-25T12:27:28.957+0000][gc,phases   ] GC(48)   Other: 0.7ms
[2025-12-25T12:27:28.958+0000][gc,heap     ] GC(48) Eden regions: 606->0(604)
[2025-12-25T12:27:28.958+0000][gc,heap     ] GC(48) Survivor regions: 8->10(77)
[2025-12-25T12:27:28.958+0000][gc,heap     ] GC(48) Old regions: 27->28
[2025-12-25T12:27:28.958+0000][gc,heap     ] GC(48) Humongous regions: 131->131
[2025-12-25T12:27:28.958+0000][gc,metaspace] GC(48) Metaspace: 14278K(14656K)->14278K(14656K) NonClass: 12688K(12864K)->12688K(12864K) Class: 1590K(1792K)->1590K(1792K)
[2025-12-25T12:27:28.958+0000][gc          ] GC(48) Pause Young (Normal) (G1 Evacuation Pause) 771M->168M(1024M) 59.686ms
[2025-12-25T12:27:28.958+0000][gc,cpu      ] GC(48) User=0.32s Sys=0.01s Real=0.06s
[2025-12-25T12:27:59.767+0000][gc,start    ] GC(49) Pause Young (Normal) (G1 Evacuation Pause)
[2025-12-25T12:27:59.768+0000][gc,task     ] GC(49) Using 8 workers of 8 for evacuation
[2025-12-25T12:27:59.790+0000][gc,phases   ] GC(49)   Pre Evacuate Collection Set: 1.5ms
[2025-12-25T12:27:59.790+0000][gc,phases   ] GC(49)   Merge Heap Roots: 0.3ms
[2025-12-25T12:27:59.790+0000][gc,phases   ] GC(49)   Evacuate Collection Set: 19.0ms
[2025-12-25T12:27:59.790+0000][gc,phases   ] GC(49)   Post Evacuate Collection Set: 1.5ms
[2025-12-25T12:27:59.790+0000][gc,phases   ] GC(49)   Other: 0.3ms
[2025-12-25T12:27:59.791+0000][gc,heap     ] GC(49) Eden regions: 604->0(605)
[2025-12-25T12:27:59.791+0000][gc,heap     ] GC(49) Survivor regions: 10->9(77)
[2025-12-25T12:27:59.791+0000][gc,heap     ] GC(49) Old regions: 28->28
[2025-12-25T12:27:59.791+0000][gc,heap     ] GC(49) Humongous regions: 131->131
[2025-12-25T12:27:59.791+0000][gc,metaspace] GC(49) Metaspace: 14282K(14656K)->14282K(14656K) NonClass: 12691K(12864K)->12691K(12864K) Class: 1590K(1792K)->1590K(1792K)
[2025-12-25T12:27:59.791+0000][gc          ] GC(49) Pause Young (Normal) (G1 Evacuation Pause) 772M->166M(1024M) 23.741ms
[2025-12-25T12:27:59.791+0000][gc,cpu      ] GC(49) User=0.16s Sys=0.00s Real=0.03s
[2025-12-25T12:28:38.717+0000][gc,start    ] GC(50) Pause Young (Normal) (G1 Evacuation Pause)
[2025-12-25T12:28:38.718+0000][gc,task     ] GC(50) Using 8 workers of 8 for evacuation
[2025-12-25T12:28:38.757+0000][gc,phases   ] GC(50)   Pre Evacuate Collection Set: 4.1ms
[2025-12-25T12:28:38.758+0000][gc,phases   ] GC(50)   Merge Heap Roots: 0.5ms
[2025-12-25T12:28:38.758+0000][gc,phases   ] GC(50)   Evacuate Collection Set: 30.9ms
[2025-12-25T12:28:38.760+0000][gc,phases   ] GC(50)   Post Evacuate Collection Set: 3.1ms
[2025-12-25T12:28:38.761+0000][gc,phases   ] GC(50)   Other: 0.7ms
[2025-12-25T12:28:38.761+0000][gc,heap     ] GC(50) Eden regions: 605->0(606)
[2025-12-25T12:28:38.761+0000][gc,heap     ] GC(50) Survivor regions: 9->8(77)
[2025-12-25T12:28:38.761+0000][gc,heap     ] GC(50) Old regions: 28->28
[2025-12-25T12:28:38.761+0000][gc,heap     ] GC(50) Humongous regions: 131->131
[2025-12-25T12:28:38.762+0000][gc,metaspace] GC(50) Metaspace: 14294K(14720K)->14294K(14720K) NonClass: 12703K(12928K)->12703K(12928K) Class: 1590K(1792K)->1590K(1792K)
[2025-12-25T12:28:38.762+0000][gc          ] GC(50) Pause Young (Normal) (G1 Evacuation Pause) 771M->166M(1024M) 45.443ms
[2025-12-25T12:28:38.762+0000][gc,cpu      ] GC(50) User=0.22s Sys=0.00s Real=0.05s
[2025-12-25T12:29:09.268+0000][gc,start    ] GC(51) Pause Young (Normal) (G1 Evacuation Pause)
[2025-12-25T12:29:09.269+0000][gc,task     ] GC(51) Using 8 workers of 8 for evacuation
[2025-12-25T12:29:09.297+0000][gc,phases   ] GC(51)   Pre Evacuate Collection Set: 4.0ms
[2025-12-25T12:29:09.297+0000][gc,phases   ] GC(51)   Merge Heap Roots: 1.5ms
[2025-12-25T12:29:09.297+0000][gc,phases   ] GC(51)   Evacuate Collection Set: 19.9ms
[2025-12-25T12:29:09.297+0000][gc,phases   ] GC(51)   Post Evacuate Collection Set: 1.8ms
[2025-12-25T12:29:09.297+0000][gc,phases   ] GC(51)   Other: 1.0ms
[2025-12-25T12:29:09.297+0000][gc,heap     ] GC(51) Eden regions: 606->0(604)
[2025-12-25T12:29:09.297+0000][gc,heap     ] GC(51) Survivor regions: 8->10(77)
[2025-12-25T12:29:09.297+0000][gc,heap     ] GC(51) Old regions: 28->29
[2025-12-25T12:29:09.297+0000][gc,heap     ] GC(51) Humongous regions: 131->131
[2025-12-25T12:29:09.297+0000][gc,metaspace] GC(51) Metaspace: 14297K(14720K)->14297K(14720K) NonClass: 12707K(12928K)->12707K(12928K) Class: 1590K(1792K)->1590K(1792K)
[2025-12-25T12:29:09.298+0000][gc          ] GC(51) Pause Young (Normal) (G1 Evacuation Pause) 772M->168M(1024M) 29.616ms
[2025-12-25T12:29:09.298+0000][gc,cpu      ] GC(51) User=0.17s Sys=0.00s Real=0.03s
[2025-12-25T12:29:48.632+0000][gc,start    ] GC(52) Pause Young (Normal) (G1 Evacuation Pause)
[2025-12-25T12:29:48.632+0000][gc,task     ] GC(52) Using 8 workers of 8 for evacuation
[2025-12-25T12:29:48.661+0000][gc,phases   ] GC(52)   Pre Evacuate Collection Set: 2.2ms
[2025-12-25T12:29:48.661+0000][gc,phases   ] GC(52)   Merge Heap Roots: 0.3ms
[2025-12-25T12:29:48.661+0000][gc,phases   ] GC(52)   Evacuate Collection Set: 23.9ms
[2025-12-25T12:29:48.661+0000][gc,phases   ] GC(52)   Post Evacuate Collection Set: 1.9ms
[2025-12-25T12:29:48.661+0000][gc,phases   ] GC(52)   Other: 0.2ms
[2025-12-25T12:29:48.661+0000][gc,heap     ] GC(52) Eden regions: 604->0(604)
[2025-12-25T12:29:48.661+0000][gc,heap     ] GC(52) Survivor regions: 10->10(77)
[2025-12-25T12:29:48.661+0000][gc,heap     ] GC(52) Old regions: 29->29
[2025-12-25T12:29:48.662+0000][gc,heap     ] GC(52) Humongous regions: 131->131
[2025-12-25T12:29:48.662+0000][gc,metaspace] GC(52) Metaspace: 14298K(14720K)->14298K(14720K) NonClass: 12707K(12928K)->12707K(12928K) Class: 1590K(1792K)->1590K(1792K)
[2025-12-25T12:29:48.662+0000][gc          ] GC(52) Pause Young (Normal) (G1 Evacuation Pause) 772M->168M(1024M) 30.082ms
[2025-12-25T12:29:48.662+0000][gc,cpu      ] GC(52) User=0.18s Sys=0.01s Real=0.03s
[2025-12-25T12:30:19.339+0000][gc,start    ] GC(53) Pause Young (Normal) (G1 Evacuation Pause)
[2025-12-25T12:30:19.339+0000][gc,task     ] GC(53) Using 8 workers of 8 for evacuation
[2025-12-25T12:30:19.375+0000][gc,phases   ] GC(53)   Pre Evacuate Collection Set: 3.1ms
[2025-12-25T12:30:19.375+0000][gc,phases   ] GC(53)   Merge Heap Roots: 1.3ms
[2025-12-25T12:30:19.376+0000][gc,phases   ] GC(53)   Evacuate Collection Set: 29.4ms
[2025-12-25T12:30:19.376+0000][gc,phases   ] GC(53)   Post Evacuate Collection Set: 1.8ms
[2025-12-25T12:30:19.376+0000][gc,phases   ] GC(53)   Other: 0.3ms
[2025-12-25T12:30:19.376+0000][gc,heap     ] GC(53) Eden regions: 604->0(603)
[2025-12-25T12:30:19.376+0000][gc,heap     ] GC(53) Survivor regions: 10->11(77)
[2025-12-25T12:30:19.376+0000][gc,heap     ] GC(53) Old regions: 29->30
[2025-12-25T12:30:19.376+0000][gc,heap     ] GC(53) Humongous regions: 131->131
[2025-12-25T12:30:19.376+0000][gc,metaspace] GC(53) Metaspace: 14299K(14720K)->14299K(14720K) NonClass: 12708K(12928K)->12708K(12928K) Class: 1590K(1792K)->1590K(1792K)
[2025-12-25T12:30:19.376+0000][gc          ] GC(53) Pause Young (Normal) (G1 Evacuation Pause) 772M->170M(1024M) 37.404ms
[2025-12-25T12:30:19.376+0000][gc,cpu      ] GC(53) User=0.21s Sys=0.00s Real=0.03s
[2025-12-25T12:30:58.547+0000][gc,start    ] GC(54) Pause Young (Normal) (G1 Evacuation Pause)
[2025-12-25T12:30:58.547+0000][gc,task     ] GC(54) Using 8 workers of 8 for evacuation
[2025-12-25T12:30:58.589+0000][gc,phases   ] GC(54)   Pre Evacuate Collection Set: 5.2ms
[2025-12-25T12:30:58.589+0000][gc,phases   ] GC(54)   Merge Heap Roots: 1.2ms
[2025-12-25T12:30:58.589+0000][gc,phases   ] GC(54)   Evacuate Collection Set: 29.6ms
[2025-12-25T12:30:58.589+0000][gc,phases   ] GC(54)   Post Evacuate Collection Set: 4.5ms
[2025-12-25T12:30:58.589+0000][gc,phases   ] GC(54)   Other: 0.7ms
[2025-12-25T12:30:58.589+0000][gc,heap     ] GC(54) Eden regions: 603->0(607)
[2025-12-25T12:30:58.590+0000][gc,heap     ] GC(54) Survivor regions: 11->7(77)
[2025-12-25T12:30:58.590+0000][gc,heap     ] GC(54) Old regions: 30->30
[2025-12-25T12:30:58.590+0000][gc,heap     ] GC(54) Humongous regions: 131->131
[2025-12-25T12:30:58.590+0000][gc,metaspace] GC(54) Metaspace: 14302K(14720K)->14302K(14720K) NonClass: 12711K(12928K)->12711K(12928K) Class: 1590K(1792K)->1590K(1792K)
[2025-12-25T12:30:58.590+0000][gc          ] GC(54) Pause Young (Normal) (G1 Evacuation Pause) 773M->166M(1024M) 43.816ms
[2025-12-25T12:30:58.590+0000][gc,cpu      ] GC(54) User=0.19s Sys=0.00s Real=0.05s
[2025-12-25T12:31:29.046+0000][gc,start    ] GC(55) Pause Young (Normal) (G1 Evacuation Pause)
[2025-12-25T12:31:29.047+0000][gc,task     ] GC(55) Using 8 workers of 8 for evacuation
[2025-12-25T12:31:29.124+0000][gc,phases   ] GC(55)   Pre Evacuate Collection Set: 6.7ms
[2025-12-25T12:31:29.125+0000][gc,phases   ] GC(55)   Merge Heap Roots: 2.5ms
[2025-12-25T12:31:29.128+0000][gc,phases   ] GC(55)   Evacuate Collection Set: 54.0ms
[2025-12-25T12:31:29.130+0000][gc,phases   ] GC(55)   Post Evacuate Collection Set: 11.0ms
[2025-12-25T12:31:29.131+0000][gc,phases   ] GC(55)   Other: 2.0ms
[2025-12-25T12:31:29.132+0000][gc,heap     ] GC(55) Eden regions: 607->0(605)
[2025-12-25T12:31:29.132+0000][gc,heap     ] GC(55) Survivor regions: 7->9(77)
[2025-12-25T12:31:29.133+0000][gc,heap     ] GC(55) Old regions: 30->30
[2025-12-25T12:31:29.133+0000][gc,heap     ] GC(55) Humongous regions: 131->131
[2025-12-25T12:31:29.133+0000][gc,metaspace] GC(55) Metaspace: 14303K(14720K)->14303K(14720K) NonClass: 12713K(12928K)->12713K(12928K) Class: 1590K(1792K)->1590K(1792K)
[2025-12-25T12:31:29.134+0000][gc          ] GC(55) Pause Young (Normal) (G1 Evacuation Pause) 773M->168M(1024M) 88.279ms
[2025-12-25T12:31:29.135+0000][gc,cpu      ] GC(55) User=0.28s Sys=0.04s Real=0.09s
[2025-12-25T12:31:59.244+0000][gc,start    ] GC(56) Pause Young (Normal) (G1 Evacuation Pause)
[2025-12-25T12:31:59.245+0000][gc,task     ] GC(56) Using 8 workers of 8 for evacuation
[2025-12-25T12:31:59.276+0000][gc,phases   ] GC(56)   Pre Evacuate Collection Set: 8.0ms
[2025-12-25T12:31:59.277+0000][gc,phases   ] GC(56)   Merge Heap Roots: 1.7ms
[2025-12-25T12:31:59.277+0000][gc,phases   ] GC(56)   Evacuate Collection Set: 18.4ms
[2025-12-25T12:31:59.277+0000][gc,phases   ] GC(56)   Post Evacuate Collection Set: 3.3ms
[2025-12-25T12:31:59.277+0000][gc,phases   ] GC(56)   Other: 0.2ms
[2025-12-25T12:31:59.277+0000][gc,heap     ] GC(56) Eden regions: 605->0(603)
[2025-12-25T12:31:59.277+0000][gc,heap     ] GC(56) Survivor regions: 9->11(77)
[2025-12-25T12:31:59.277+0000][gc,heap     ] GC(56) Old regions: 30->31
[2025-12-25T12:31:59.277+0000][gc,heap     ] GC(56) Humongous regions: 131->131
[2025-12-25T12:31:59.277+0000][gc,metaspace] GC(56) Metaspace: 14307K(14720K)->14307K(14720K) NonClass: 12716K(12928K)->12716K(12928K) Class: 1590K(1792K)->1590K(1792K)
[2025-12-25T12:31:59.278+0000][gc          ] GC(56) Pause Young (Normal) (G1 Evacuation Pause) 773M->171M(1024M) 33.422ms
[2025-12-25T12:31:59.278+0000][gc,cpu      ] GC(56) User=0.16s Sys=0.00s Real=0.04s
[2025-12-25T12:32:38.765+0000][gc,start    ] GC(57) Pause Young (Normal) (G1 Evacuation Pause)
[2025-12-25T12:32:38.765+0000][gc,task     ] GC(57) Using 8 workers of 8 for evacuation
[2025-12-25T12:32:38.810+0000][gc,phases   ] GC(57)   Pre Evacuate Collection Set: 2.4ms
[2025-12-25T12:32:38.810+0000][gc,phases   ] GC(57)   Merge Heap Roots: 0.3ms
[2025-12-25T12:32:38.810+0000][gc,phases   ] GC(57)   Evacuate Collection Set: 40.0ms
[2025-12-25T12:32:38.810+0000][gc,phases   ] GC(57)   Post Evacuate Collection Set: 1.7ms
[2025-12-25T12:32:38.810+0000][gc,phases   ] GC(57)   Other: 0.3ms
[2025-12-25T12:32:38.810+0000][gc,heap     ] GC(57) Eden regions: 603->0(605)
[2025-12-25T12:32:38.811+0000][gc,heap     ] GC(57) Survivor regions: 11->9(77)
[2025-12-25T12:32:38.811+0000][gc,heap     ] GC(57) Old regions: 31->31
[2025-12-25T12:32:38.811+0000][gc,heap     ] GC(57) Humongous regions: 131->131
[2025-12-25T12:32:38.811+0000][gc,metaspace] GC(57) Metaspace: 14308K(14720K)->14308K(14720K) NonClass: 12717K(12928K)->12717K(12928K) Class: 1590K(1792K)->1590K(1792K)
[2025-12-25T12:32:38.811+0000][gc          ] GC(57) Pause Young (Normal) (G1 Evacuation Pause) 774M->170M(1024M) 46.150ms
[2025-12-25T12:32:38.811+0000][gc,cpu      ] GC(57) User=0.28s Sys=0.01s Real=0.05s
[2025-12-25T12:33:09.055+0000][gc,start    ] GC(58) Pause Young (Normal) (G1 Evacuation Pause)
[2025-12-25T12:33:09.055+0000][gc,task     ] GC(58) Using 8 workers of 8 for evacuation
[2025-12-25T12:33:09.077+0000][gc,phases   ] GC(58)   Pre Evacuate Collection Set: 1.4ms
[2025-12-25T12:33:09.077+0000][gc,phases   ] GC(58)   Merge Heap Roots: 0.3ms
[2025-12-25T12:33:09.077+0000][gc,phases   ] GC(58)   Evacuate Collection Set: 17.8ms
[2025-12-25T12:33:09.077+0000][gc,phases   ] GC(58)   Post Evacuate Collection Set: 2.3ms
[2025-12-25T12:33:09.077+0000][gc,phases   ] GC(58)   Other: 0.2ms
[2025-12-25T12:33:09.077+0000][gc,heap     ] GC(58) Eden regions: 605->0(603)
[2025-12-25T12:33:09.077+0000][gc,heap     ] GC(58) Survivor regions: 9->11(77)
[2025-12-25T12:33:09.077+0000][gc,heap     ] GC(58) Old regions: 31->31
[2025-12-25T12:33:09.077+0000][gc,heap     ] GC(58) Humongous regions: 131->131
[2025-12-25T12:33:09.077+0000][gc,metaspace] GC(58) Metaspace: 14313K(14720K)->14313K(14720K) NonClass: 12723K(12928K)->12723K(12928K) Class: 1590K(1792K)->1590K(1792K)
[2025-12-25T12:33:09.078+0000][gc          ] GC(58) Pause Young (Normal) (G1 Evacuation Pause) 775M->172M(1024M) 23.106ms
[2025-12-25T12:33:09.078+0000][gc,cpu      ] GC(58) User=0.16s Sys=0.01s Real=0.03s
[2025-12-25T12:33:50.112+0000][gc,start    ] GC(59) Pause Young (Normal) (G1 Evacuation Pause)
[2025-12-25T12:33:50.124+0000][gc,task     ] GC(59) Using 8 workers of 8 for evacuation
[2025-12-25T12:33:50.374+0000][gc,mmu      ] GC(59) MMU target violated: 201.0ms (200.0ms/201.0ms)
[2025-12-25T12:33:50.375+0000][gc,phases   ] GC(59)   Pre Evacuate Collection Set: 10.9ms
[2025-12-25T12:33:50.375+0000][gc,phases   ] GC(59)   Merge Heap Roots: 25.5ms
[2025-12-25T12:33:50.375+0000][gc,phases   ] GC(59)   Evacuate Collection Set: 168.5ms
[2025-12-25T12:33:50.375+0000][gc,phases   ] GC(59)   Post Evacuate Collection Set: 40.5ms
[2025-12-25T12:33:50.375+0000][gc,phases   ] GC(59)   Other: 5.9ms
[2025-12-25T12:33:50.375+0000][gc,heap     ] GC(59) Eden regions: 603->0(607)
[2025-12-25T12:33:50.375+0000][gc,heap     ] GC(59) Survivor regions: 11->7(77)
[2025-12-25T12:33:50.375+0000][gc,heap     ] GC(59) Old regions: 31->32
[2025-12-25T12:33:50.375+0000][gc,heap     ] GC(59) Humongous regions: 131->131
[2025-12-25T12:33:50.376+0000][gc,metaspace] GC(59) Metaspace: 14341K(14720K)->14341K(14720K) NonClass: 12750K(12928K)->12750K(12928K) Class: 1591K(1792K)->1591K(1792K)
[2025-12-25T12:33:50.376+0000][gc          ] GC(59) Pause Young (Normal) (G1 Evacuation Pause) 775M->168M(1024M) 264.146ms
[2025-12-25T12:33:50.376+0000][gc,cpu      ] GC(59) User=0.83s Sys=0.10s Real=0.27s
[2025-12-25T12:46:40.682+0000][gc,start    ] GC(60) Pause Young (Normal) (G1 Evacuation Pause)
[2025-12-25T12:46:40.683+0000][gc,task     ] GC(60) Using 8 workers of 8 for evacuation
[2025-12-25T12:46:40.709+0000][gc,phases   ] GC(60)   Pre Evacuate Collection Set: 1.6ms
[2025-12-25T12:46:40.709+0000][gc,phases   ] GC(60)   Merge Heap Roots: 0.4ms
[2025-12-25T12:46:40.709+0000][gc,phases   ] GC(60)   Evacuate Collection Set: 22.5ms
[2025-12-25T12:46:40.709+0000][gc,phases   ] GC(60)   Post Evacuate Collection Set: 1.5ms
[2025-12-25T12:46:40.709+0000][gc,phases   ] GC(60)   Other: 0.1ms
[2025-12-25T12:46:40.709+0000][gc,heap     ] GC(60) Eden regions: 607->0(606)
[2025-12-25T12:46:40.709+0000][gc,heap     ] GC(60) Survivor regions: 7->8(77)
[2025-12-25T12:46:40.709+0000][gc,heap     ] GC(60) Old regions: 32->32
[2025-12-25T12:46:40.709+0000][gc,heap     ] GC(60) Humongous regions: 133->133
[2025-12-25T12:46:40.709+0000][gc,metaspace] GC(60) Metaspace: 14396K(14784K)->14396K(14784K) NonClass: 12804K(12992K)->12804K(12992K) Class: 1592K(1792K)->1592K(1792K)
[2025-12-25T12:46:40.709+0000][gc          ] GC(60) Pause Young (Normal) (G1 Evacuation Pause) 777M->172M(1024M) 27.130ms
[2025-12-25T12:46:40.709+0000][gc,cpu      ] GC(60) User=0.18s Sys=0.01s Real=0.03s
[2025-12-25T12:47:20.231+0000][gc,start    ] GC(61) Pause Young (Normal) (G1 Evacuation Pause)
[2025-12-25T12:47:20.232+0000][gc,task     ] GC(61) Using 8 workers of 8 for evacuation
[2025-12-25T12:47:20.296+0000][gc,phases   ] GC(61)   Pre Evacuate Collection Set: 6.2ms
[2025-12-25T12:47:20.297+0000][gc,phases   ] GC(61)   Merge Heap Roots: 0.4ms
[2025-12-25T12:47:20.297+0000][gc,phases   ] GC(61)   Evacuate Collection Set: 34.3ms
[2025-12-25T12:47:20.297+0000][gc,phases   ] GC(61)   Post Evacuate Collection Set: 23.1ms
[2025-12-25T12:47:20.297+0000][gc,phases   ] GC(61)   Other: 0.8ms
[2025-12-25T12:47:20.298+0000][gc,heap     ] GC(61) Eden regions: 606->0(606)
[2025-12-25T12:47:20.298+0000][gc,heap     ] GC(61) Survivor regions: 8->8(77)
[2025-12-25T12:47:20.298+0000][gc,heap     ] GC(61) Old regions: 32->32
[2025-12-25T12:47:20.298+0000][gc,heap     ] GC(61) Humongous regions: 133->133
[2025-12-25T12:47:20.299+0000][gc,metaspace] GC(61) Metaspace: 14405K(14784K)->14405K(14784K) NonClass: 12812K(12992K)->12812K(12992K) Class: 1592K(1792K)->1592K(1792K)
[2025-12-25T12:47:20.299+0000][gc          ] GC(61) Pause Young (Normal) (G1 Evacuation Pause) 778M->172M(1024M) 68.258ms
[2025-12-25T12:47:20.299+0000][gc,cpu      ] GC(61) User=0.28s Sys=0.01s Real=0.07s
[2025-12-25T12:47:50.499+0000][gc,start    ] GC(62) Pause Young (Normal) (G1 Evacuation Pause)
[2025-12-25T12:47:50.500+0000][gc,task     ] GC(62) Using 8 workers of 8 for evacuation
[2025-12-25T12:47:50.522+0000][gc,phases   ] GC(62)   Pre Evacuate Collection Set: 1.5ms
[2025-12-25T12:47:50.522+0000][gc,phases   ] GC(62)   Merge Heap Roots: 0.3ms
[2025-12-25T12:47:50.522+0000][gc,phases   ] GC(62)   Evacuate Collection Set: 19.0ms
[2025-12-25T12:47:50.523+0000][gc,phases   ] GC(62)   Post Evacuate Collection Set: 1.4ms
[2025-12-25T12:47:50.523+0000][gc,phases   ] GC(62)   Other: 0.2ms
[2025-12-25T12:47:50.523+0000][gc,heap     ] GC(62) Eden regions: 606->0(604)
[2025-12-25T12:47:50.523+0000][gc,heap     ] GC(62) Survivor regions: 8->10(77)
[2025-12-25T12:47:50.523+0000][gc,heap     ] GC(62) Old regions: 32->33
[2025-12-25T12:47:50.523+0000][gc,heap     ] GC(62) Humongous regions: 133->133
[2025-12-25T12:47:50.523+0000][gc,metaspace] GC(62) Metaspace: 14407K(14784K)->14407K(14784K) NonClass: 12814K(12992K)->12814K(12992K) Class: 1592K(1792K)->1592K(1792K)
[2025-12-25T12:47:50.523+0000][gc          ] GC(62) Pause Young (Normal) (G1 Evacuation Pause) 778M->174M(1024M) 23.598ms
[2025-12-25T12:47:50.523+0000][gc,cpu      ] GC(62) User=0.14s Sys=0.00s Real=0.02s
[2025-12-25T12:48:20.751+0000][gc,start    ] GC(63) Pause Young (Normal) (G1 Evacuation Pause)
[2025-12-25T12:48:20.753+0000][gc,task     ] GC(63) Using 8 workers of 8 for evacuation
[2025-12-25T12:48:20.785+0000][gc,phases   ] GC(63)   Pre Evacuate Collection Set: 9.2ms
[2025-12-25T12:48:20.785+0000][gc,phases   ] GC(63)   Merge Heap Roots: 0.7ms
[2025-12-25T12:48:20.785+0000][gc,phases   ] GC(63)   Evacuate Collection Set: 19.4ms
[2025-12-25T12:48:20.785+0000][gc,phases   ] GC(63)   Post Evacuate Collection Set: 1.7ms
[2025-12-25T12:48:20.785+0000][gc,phases   ] GC(63)   Other: 0.7ms
[2025-12-25T12:48:20.785+0000][gc,heap     ] GC(63) Eden regions: 604->0(603)
[2025-12-25T12:48:20.785+0000][gc,heap     ] GC(63) Survivor regions: 10->11(77)
[2025-12-25T12:48:20.785+0000][gc,heap     ] GC(63) Old regions: 33->33
[2025-12-25T12:48:20.786+0000][gc,heap     ] GC(63) Humongous regions: 133->133
[2025-12-25T12:48:20.786+0000][gc,metaspace] GC(63) Metaspace: 14435K(14848K)->14435K(14848K) NonClass: 12842K(13056K)->12842K(13056K) Class: 1592K(1792K)->1592K(1792K)
[2025-12-25T12:48:20.786+0000][gc          ] GC(63) Pause Young (Normal) (G1 Evacuation Pause) 778M->176M(1024M) 34.957ms
[2025-12-25T12:48:20.786+0000][gc,cpu      ] GC(63) User=0.15s Sys=0.01s Real=0.03s
[2025-12-25T12:49:00.474+0000][gc,start    ] GC(64) Pause Young (Normal) (G1 Evacuation Pause)
[2025-12-25T12:49:00.475+0000][gc,task     ] GC(64) Using 8 workers of 8 for evacuation
[2025-12-25T12:49:00.516+0000][gc,phases   ] GC(64)   Pre Evacuate Collection Set: 2.8ms
[2025-12-25T12:49:00.516+0000][gc,phases   ] GC(64)   Merge Heap Roots: 0.8ms
[2025-12-25T12:49:00.516+0000][gc,phases   ] GC(64)   Evacuate Collection Set: 35.4ms
[2025-12-25T12:49:00.516+0000][gc,phases   ] GC(64)   Post Evacuate Collection Set: 2.4ms
[2025-12-25T12:49:00.516+0000][gc,phases   ] GC(64)   Other: 0.2ms
[2025-12-25T12:49:00.517+0000][gc,heap     ] GC(64) Eden regions: 603->0(606)
[2025-12-25T12:49:00.517+0000][gc,heap     ] GC(64) Survivor regions: 11->8(77)
[2025-12-25T12:49:00.517+0000][gc,heap     ] GC(64) Old regions: 33->33
[2025-12-25T12:49:00.517+0000][gc,heap     ] GC(64) Humongous regions: 133->133
[2025-12-25T12:49:00.517+0000][gc,metaspace] GC(64) Metaspace: 14437K(14848K)->14437K(14848K) NonClass: 12844K(13056K)->12844K(13056K) Class: 1593K(1792K)->1593K(1792K)
[2025-12-25T12:49:00.517+0000][gc          ] GC(64) Pause Young (Normal) (G1 Evacuation Pause) 779M->173M(1024M) 42.915ms
[2025-12-25T12:49:00.517+0000][gc,cpu      ] GC(64) User=0.21s Sys=0.01s Real=0.04s
[2025-12-25T12:49:30.798+0000][gc,start    ] GC(65) Pause Young (Normal) (G1 Evacuation Pause)
[2025-12-25T12:49:30.798+0000][gc,task     ] GC(65) Using 8 workers of 8 for evacuation
[2025-12-25T12:49:30.829+0000][gc,phases   ] GC(65)   Pre Evacuate Collection Set: 6.7ms
[2025-12-25T12:49:30.829+0000][gc,phases   ] GC(65)   Merge Heap Roots: 0.6ms
[2025-12-25T12:49:30.829+0000][gc,phases   ] GC(65)   Evacuate Collection Set: 21.0ms
[2025-12-25T12:49:30.829+0000][gc,phases   ] GC(65)   Post Evacuate Collection Set: 2.0ms
[2025-12-25T12:49:30.829+0000][gc,phases   ] GC(65)   Other: 0.3ms
[2025-12-25T12:49:30.829+0000][gc,heap     ] GC(65) Eden regions: 606->0(605)
[2025-12-25T12:49:30.829+0000][gc,heap     ] GC(65) Survivor regions: 8->9(77)
[2025-12-25T12:49:30.829+0000][gc,heap     ] GC(65) Old regions: 33->34
[2025-12-25T12:49:30.830+0000][gc,heap     ] GC(65) Humongous regions: 133->133
[2025-12-25T12:49:30.830+0000][gc,metaspace] GC(65) Metaspace: 14438K(14848K)->14438K(14848K) NonClass: 12845K(13056K)->12845K(13056K) Class: 1593K(1792K)->1593K(1792K)
[2025-12-25T12:49:30.830+0000][gc          ] GC(65) Pause Young (Normal) (G1 Evacuation Pause) 779M->175M(1024M) 31.747ms
[2025-12-25T12:49:30.830+0000][gc,cpu      ] GC(65) User=0.15s Sys=0.00s Real=0.03s
[2025-12-25T12:50:10.520+0000][gc,start    ] GC(66) Pause Young (Normal) (G1 Evacuation Pause)
[2025-12-25T12:50:10.522+0000][gc,task     ] GC(66) Using 8 workers of 8 for evacuation
[2025-12-25T12:50:10.606+0000][gc,phases   ] GC(66)   Pre Evacuate Collection Set: 17.0ms
[2025-12-25T12:50:10.607+0000][gc,phases   ] GC(66)   Merge Heap Roots: 2.8ms
[2025-12-25T12:50:10.607+0000][gc,phases   ] GC(66)   Evacuate Collection Set: 56.3ms
[2025-12-25T12:50:10.607+0000][gc,phases   ] GC(66)   Post Evacuate Collection Set: 7.8ms
[2025-12-25T12:50:10.607+0000][gc,phases   ] GC(66)   Other: 0.8ms
[2025-12-25T12:50:10.607+0000][gc,heap     ] GC(66) Eden regions: 605->0(605)
[2025-12-25T12:50:10.607+0000][gc,heap     ] GC(66) Survivor regions: 9->9(77)
[2025-12-25T12:50:10.608+0000][gc,heap     ] GC(66) Old regions: 34->34
[2025-12-25T12:50:10.608+0000][gc,heap     ] GC(66) Humongous regions: 133->133
[2025-12-25T12:50:10.608+0000][gc,metaspace] GC(66) Metaspace: 14444K(14848K)->14444K(14848K) NonClass: 12850K(13056K)->12850K(13056K) Class: 1593K(1792K)->1593K(1792K)
[2025-12-25T12:50:10.608+0000][gc          ] GC(66) Pause Young (Normal) (G1 Evacuation Pause) 780M->174M(1024M) 88.536ms
[2025-12-25T12:50:10.608+0000][gc,cpu      ] GC(66) User=0.44s Sys=0.02s Real=0.09s
[2025-12-25T12:50:40.676+0000][gc,start    ] GC(67) Pause Young (Normal) (G1 Evacuation Pause)
[2025-12-25T12:50:40.678+0000][gc,task     ] GC(67) Using 8 workers of 8 for evacuation
[2025-12-25T12:50:40.703+0000][gc,phases   ] GC(67)   Pre Evacuate Collection Set: 1.7ms
[2025-12-25T12:50:40.703+0000][gc,phases   ] GC(67)   Merge Heap Roots: 0.4ms
[2025-12-25T12:50:40.703+0000][gc,phases   ] GC(67)   Evacuate Collection Set: 21.0ms
[2025-12-25T12:50:40.703+0000][gc,phases   ] GC(67)   Post Evacuate Collection Set: 1.6ms
[2025-12-25T12:50:40.703+0000][gc,phases   ] GC(67)   Other: 0.3ms
[2025-12-25T12:50:40.703+0000][gc,heap     ] GC(67) Eden regions: 605->0(604)
[2025-12-25T12:50:40.703+0000][gc,heap     ] GC(67) Survivor regions: 9->10(77)
[2025-12-25T12:50:40.703+0000][gc,heap     ] GC(67) Old regions: 34->34
[2025-12-25T12:50:40.703+0000][gc,heap     ] GC(67) Humongous regions: 133->133
[2025-12-25T12:50:40.703+0000][gc,metaspace] GC(67) Metaspace: 14453K(14848K)->14453K(14848K) NonClass: 12860K(13056K)->12860K(13056K) Class: 1593K(1792K)->1593K(1792K)
[2025-12-25T12:50:40.703+0000][gc          ] GC(67) Pause Young (Normal) (G1 Evacuation Pause) 779M->176M(1024M) 27.119ms
[2025-12-25T12:50:40.703+0000][gc,cpu      ] GC(67) User=0.16s Sys=0.00s Real=0.02s
[2025-12-25T12:51:20.304+0000][gc,start    ] GC(68) Pause Young (Normal) (G1 Evacuation Pause)
[2025-12-25T12:51:20.306+0000][gc,task     ] GC(68) Using 8 workers of 8 for evacuation
[2025-12-25T12:51:20.402+0000][gc,phases   ] GC(68)   Pre Evacuate Collection Set: 10.2ms
[2025-12-25T12:51:20.403+0000][gc,phases   ] GC(68)   Merge Heap Roots: 1.0ms
[2025-12-25T12:51:20.403+0000][gc,phases   ] GC(68)   Evacuate Collection Set: 77.4ms
[2025-12-25T12:51:20.403+0000][gc,phases   ] GC(68)   Post Evacuate Collection Set: 6.1ms
[2025-12-25T12:51:20.404+0000][gc,phases   ] GC(68)   Other: 1.3ms
[2025-12-25T12:51:20.404+0000][gc,heap     ] GC(68) Eden regions: 604->0(607)
[2025-12-25T12:51:20.404+0000][gc,heap     ] GC(68) Survivor regions: 10->7(77)
[2025-12-25T12:51:20.404+0000][gc,heap     ] GC(68) Old regions: 34->35
[2025-12-25T12:51:20.404+0000][gc,heap     ] GC(68) Humongous regions: 133->133
[2025-12-25T12:51:20.407+0000][gc,metaspace] GC(68) Metaspace: 14457K(14848K)->14457K(14848K) NonClass: 12864K(13056K)->12864K(13056K) Class: 1593K(1792K)->1593K(1792K)
[2025-12-25T12:51:20.411+0000][gc          ] GC(68) Pause Young (Normal) (G1 Evacuation Pause) 780M->173M(1024M) 107.132ms
[2025-12-25T12:51:20.412+0000][gc,cpu      ] GC(68) User=0.48s Sys=0.03s Real=0.11s
[2025-12-25T12:51:50.739+0000][gc,start    ] GC(69) Pause Young (Normal) (G1 Evacuation Pause)
[2025-12-25T12:51:50.742+0000][gc,task     ] GC(69) Using 8 workers of 8 for evacuation
[2025-12-25T12:51:50.852+0000][gc,phases   ] GC(69)   Pre Evacuate Collection Set: 8.0ms
[2025-12-25T12:51:50.853+0000][gc,phases   ] GC(69)   Merge Heap Roots: 0.6ms
[2025-12-25T12:51:50.853+0000][gc,phases   ] GC(69)   Evacuate Collection Set: 68.3ms
[2025-12-25T12:51:50.854+0000][gc,phases   ] GC(69)   Post Evacuate Collection Set: 31.6ms
[2025-12-25T12:51:50.854+0000][gc,phases   ] GC(69)   Other: 1.6ms
[2025-12-25T12:51:50.854+0000][gc,heap     ] GC(69) Eden regions: 607->0(606)
[2025-12-25T12:51:50.854+0000][gc,heap     ] GC(69) Survivor regions: 7->8(77)
[2025-12-25T12:51:50.855+0000][gc,heap     ] GC(69) Old regions: 35->35
[2025-12-25T12:51:50.855+0000][gc,heap     ] GC(69) Humongous regions: 133->133
[2025-12-25T12:51:50.855+0000][gc,metaspace] GC(69) Metaspace: 14461K(14848K)->14461K(14848K) NonClass: 12868K(13056K)->12868K(13056K) Class: 1593K(1792K)->1593K(1792K)
[2025-12-25T12:51:50.855+0000][gc          ] GC(69) Pause Young (Normal) (G1 Evacuation Pause) 780M->175M(1024M) 115.690ms
[2025-12-25T12:51:50.855+0000][gc,cpu      ] GC(69) User=0.33s Sys=0.04s Real=0.12s
[2025-12-25T12:52:20.902+0000][gc,start    ] GC(70) Pause Young (Normal) (G1 Evacuation Pause)
[2025-12-25T12:52:20.903+0000][gc,task     ] GC(70) Using 8 workers of 8 for evacuation
[2025-12-25T12:52:20.935+0000][gc,phases   ] GC(70)   Pre Evacuate Collection Set: 2.9ms
[2025-12-25T12:52:20.935+0000][gc,phases   ] GC(70)   Merge Heap Roots: 0.6ms
[2025-12-25T12:52:20.935+0000][gc,phases   ] GC(70)   Evacuate Collection Set: 26.1ms
[2025-12-25T12:52:20.935+0000][gc,phases   ] GC(70)   Post Evacuate Collection Set: 2.1ms
[2025-12-25T12:52:20.935+0000][gc,phases   ] GC(70)   Other: 0.3ms
[2025-12-25T12:52:20.935+0000][gc,heap     ] GC(70) Eden regions: 606->0(604)
[2025-12-25T12:52:20.935+0000][gc,heap     ] GC(70) Survivor regions: 8->10(77)
[2025-12-25T12:52:20.935+0000][gc,heap     ] GC(70) Old regions: 35->35
[2025-12-25T12:52:20.935+0000][gc,heap     ] GC(70) Humongous regions: 133->133
[2025-12-25T12:52:20.935+0000][gc,metaspace] GC(70) Metaspace: 14462K(14848K)->14462K(14848K) NonClass: 12869K(13056K)->12869K(13056K) Class: 1593K(1792K)->1593K(1792K)
[2025-12-25T12:52:20.936+0000][gc          ] GC(70) Pause Young (Normal) (G1 Evacuation Pause) 781M->176M(1024M) 33.335ms
[2025-12-25T12:52:20.936+0000][gc,cpu      ] GC(70) User=0.17s Sys=0.00s Real=0.03s
[2025-12-25T12:53:00.416+0000][gc,start    ] GC(71) Pause Young (Normal) (G1 Evacuation Pause)
[2025-12-25T12:53:00.417+0000][gc,task     ] GC(71) Using 8 workers of 8 for evacuation
[2025-12-25T12:53:00.445+0000][gc,phases   ] GC(71)   Pre Evacuate Collection Set: 2.0ms
[2025-12-25T12:53:00.445+0000][gc,phases   ] GC(71)   Merge Heap Roots: 0.3ms
[2025-12-25T12:53:00.445+0000][gc,phases   ] GC(71)   Evacuate Collection Set: 23.6ms
[2025-12-25T12:53:00.445+0000][gc,phases   ] GC(71)   Post Evacuate Collection Set: 2.3ms
[2025-12-25T12:53:00.445+0000][gc,phases   ] GC(71)   Other: 0.2ms
[2025-12-25T12:53:00.445+0000][gc,heap     ] GC(71) Eden regions: 604->0(605)
[2025-12-25T12:53:00.445+0000][gc,heap     ] GC(71) Survivor regions: 10->9(77)
[2025-12-25T12:53:00.445+0000][gc,heap     ] GC(71) Old regions: 35->36
[2025-12-25T12:53:00.445+0000][gc,heap     ] GC(71) Humongous regions: 133->133
[2025-12-25T12:53:00.445+0000][gc,metaspace] GC(71) Metaspace: 14471K(14848K)->14471K(14848K) NonClass: 12877K(13056K)->12877K(13056K) Class: 1593K(1792K)->1593K(1792K)
[2025-12-25T12:53:00.446+0000][gc          ] GC(71) Pause Young (Normal) (G1 Evacuation Pause) 780M->176M(1024M) 29.545ms
[2025-12-25T12:53:00.446+0000][gc,cpu      ] GC(71) User=0.18s Sys=0.00s Real=0.03s
[2025-12-25T12:53:31.235+0000][gc,start    ] GC(72) Pause Young (Normal) (G1 Evacuation Pause)
[2025-12-25T12:53:31.236+0000][gc,task     ] GC(72) Using 8 workers of 8 for evacuation
[2025-12-25T12:53:31.273+0000][gc,phases   ] GC(72)   Pre Evacuate Collection Set: 1.8ms
[2025-12-25T12:53:31.273+0000][gc,phases   ] GC(72)   Merge Heap Roots: 0.6ms
[2025-12-25T12:53:31.273+0000][gc,phases   ] GC(72)   Evacuate Collection Set: 32.6ms
[2025-12-25T12:53:31.273+0000][gc,phases   ] GC(72)   Post Evacuate Collection Set: 1.7ms
[2025-12-25T12:53:31.273+0000][gc,phases   ] GC(72)   Other: 0.2ms
[2025-12-25T12:53:31.273+0000][gc,heap     ] GC(72) Eden regions: 605->0(603)
[2025-12-25T12:53:31.273+0000][gc,heap     ] GC(72) Survivor regions: 9->11(77)
[2025-12-25T12:53:31.273+0000][gc,heap     ] GC(72) Old regions: 36->36
[2025-12-25T12:53:31.273+0000][gc,heap     ] GC(72) Humongous regions: 133->133
[2025-12-25T12:53:31.273+0000][gc,metaspace] GC(72) Metaspace: 14471K(14848K)->14471K(14848K) NonClass: 12878K(13056K)->12878K(13056K) Class: 1593K(1792K)->1593K(1792K)
[2025-12-25T12:53:31.274+0000][gc          ] GC(72) Pause Young (Normal) (G1 Evacuation Pause) 781M->179M(1024M) 38.320ms
[2025-12-25T12:53:31.274+0000][gc,cpu      ] GC(72) User=0.21s Sys=0.01s Real=0.04s
[2025-12-25T12:54:10.423+0000][gc,start    ] GC(73) Pause Young (Normal) (G1 Evacuation Pause)
[2025-12-25T12:54:10.424+0000][gc,task     ] GC(73) Using 8 workers of 8 for evacuation
[2025-12-25T12:54:10.465+0000][gc,phases   ] GC(73)   Pre Evacuate Collection Set: 4.9ms
[2025-12-25T12:54:10.465+0000][gc,phases   ] GC(73)   Merge Heap Roots: 1.9ms
[2025-12-25T12:54:10.465+0000][gc,phases   ] GC(73)   Evacuate Collection Set: 30.7ms
[2025-12-25T12:54:10.465+0000][gc,phases   ] GC(73)   Post Evacuate Collection Set: 2.4ms
[2025-12-25T12:54:10.465+0000][gc,phases   ] GC(73)   Other: 0.6ms
[2025-12-25T12:54:10.465+0000][gc,heap     ] GC(73) Eden regions: 603->0(607)
[2025-12-25T12:54:10.465+0000][gc,heap     ] GC(73) Survivor regions: 11->7(77)
[2025-12-25T12:54:10.465+0000][gc,heap     ] GC(73) Old regions: 36->36
[2025-12-25T12:54:10.465+0000][gc,heap     ] GC(73) Humongous regions: 133->133
[2025-12-25T12:54:10.465+0000][gc,metaspace] GC(73) Metaspace: 14474K(14848K)->14474K(14848K) NonClass: 12881K(13056K)->12881K(13056K) Class: 1593K(1792K)->1593K(1792K)
[2025-12-25T12:54:10.465+0000][gc          ] GC(73) Pause Young (Normal) (G1 Evacuation Pause) 782M->175M(1024M) 42.458ms
[2025-12-25T12:54:10.466+0000][gc,cpu      ] GC(73) User=0.22s Sys=0.00s Real=0.05s
[2025-12-25T12:54:40.642+0000][gc,start    ] GC(74) Pause Young (Normal) (G1 Evacuation Pause)
[2025-12-25T12:54:40.642+0000][gc,task     ] GC(74) Using 8 workers of 8 for evacuation
[2025-12-25T12:54:40.671+0000][gc,phases   ] GC(74)   Pre Evacuate Collection Set: 1.8ms
[2025-12-25T12:54:40.671+0000][gc,phases   ] GC(74)   Merge Heap Roots: 1.4ms
[2025-12-25T12:54:40.671+0000][gc,phases   ] GC(74)   Evacuate Collection Set: 24.1ms
[2025-12-25T12:54:40.671+0000][gc,phases   ] GC(74)   Post Evacuate Collection Set: 1.6ms
[2025-12-25T12:54:40.672+0000][gc,phases   ] GC(74)   Other: 0.2ms
[2025-12-25T12:54:40.672+0000][gc,heap     ] GC(74) Eden regions: 607->0(606)
[2025-12-25T12:54:40.672+0000][gc,heap     ] GC(74) Survivor regions: 7->8(77)
[2025-12-25T12:54:40.672+0000][gc,heap     ] GC(74) Old regions: 36->37
[2025-12-25T12:54:40.672+0000][gc,heap     ] GC(74) Humongous regions: 133->133
[2025-12-25T12:54:40.672+0000][gc,metaspace] GC(74) Metaspace: 14477K(14848K)->14477K(14848K) NonClass: 12884K(13056K)->12884K(13056K) Class: 1593K(1792K)->1593K(1792K)
[2025-12-25T12:54:40.672+0000][gc          ] GC(74) Pause Young (Normal) (G1 Evacuation Pause) 782M->177M(1024M) 30.268ms
[2025-12-25T12:54:40.672+0000][gc,cpu      ] GC(74) User=0.19s Sys=0.00s Real=0.03s
[2025-12-25T12:55:20.265+0000][gc,start    ] GC(75) Pause Young (Normal) (G1 Evacuation Pause)
[2025-12-25T12:55:20.265+0000][gc,task     ] GC(75) Using 8 workers of 8 for evacuation
[2025-12-25T12:55:20.311+0000][gc,phases   ] GC(75)   Pre Evacuate Collection Set: 2.9ms
[2025-12-25T12:55:20.311+0000][gc,phases   ] GC(75)   Merge Heap Roots: 0.5ms
[2025-12-25T12:55:20.311+0000][gc,phases   ] GC(75)   Evacuate Collection Set: 38.2ms
[2025-12-25T12:55:20.311+0000][gc,phases   ] GC(75)   Post Evacuate Collection Set: 4.0ms
[2025-12-25T12:55:20.312+0000][gc,phases   ] GC(75)   Other: 0.4ms
[2025-12-25T12:55:20.312+0000][gc,heap     ] GC(75) Eden regions: 606->0(606)
[2025-12-25T12:55:20.312+0000][gc,heap     ] GC(75) Survivor regions: 8->8(77)
[2025-12-25T12:55:20.312+0000][gc,heap     ] GC(75) Old regions: 37->37
[2025-12-25T12:55:20.312+0000][gc,heap     ] GC(75) Humongous regions: 133->133
[2025-12-25T12:55:20.312+0000][gc,metaspace] GC(75) Metaspace: 14489K(14912K)->14489K(14912K) NonClass: 12896K(13120K)->12896K(13120K) Class: 1593K(1792K)->1593K(1792K)
[2025-12-25T12:55:20.312+0000][gc          ] GC(75) Pause Young (Normal) (G1 Evacuation Pause) 783M->176M(1024M) 47.537ms
[2025-12-25T12:55:20.312+0000][gc,cpu      ] GC(75) User=0.29s Sys=0.01s Real=0.05s
