[2025-12-24T10:26:39.696+0000][gc,init] CardTable entry size: 512
[2025-12-24T10:26:39.696+0000][gc     ] Using G1
[2025-12-24T10:26:39.715+0000][gc,init] Version: 21.0.4+7-LTS (release)
[2025-12-24T10:26:39.715+0000][gc,init] CPUs: 8 total, 8 available
[2025-12-24T10:26:39.715+0000][gc,init] Memory: 13709M
[2025-12-24T10:26:39.715+0000][gc,init] Large Page Support: Disabled
[2025-12-24T10:26:39.715+0000][gc,init] NUMA Support: Disabled
[2025-12-24T10:26:39.716+0000][gc,init] Compressed Oops: Enabled (32-bit)
[2025-12-24T10:26:39.716+0000][gc,init] Heap Region Size: 1M
[2025-12-24T10:26:39.716+0000][gc,init] Heap Min Capacity: 1G
[2025-12-24T10:26:39.716+0000][gc,init] Heap Initial Capacity: 1G
[2025-12-24T10:26:39.716+0000][gc,init] Heap Max Capacity: 1G
[2025-12-24T10:26:39.716+0000][gc,init] Pre-touch: Disabled
[2025-12-24T10:26:39.716+0000][gc,init] Parallel Workers: 8
[2025-12-24T10:26:39.716+0000][gc,init] Concurrent Workers: 2
[2025-12-24T10:26:39.716+0000][gc,init] Concurrent Refinement Workers: 8
[2025-12-24T10:26:39.716+0000][gc,init] Periodic GC: Disabled
[2025-12-24T10:26:39.824+0000][gc,metaspace] CDS archive(s) mapped at: [0x000000d000000000-0x000000d000bd0000-0x000000d0036b0000), size 57344000, SharedBaseAddress: 0x000000d000000000, ArchiveRelocationMode: 1.
[2025-12-24T10:26:39.825+0000][gc,metaspace] Compressed class space mapped at: 0x000000d004000000-0x000000d044000000, reserved size: 1073741824
[2025-12-24T10:26:39.826+0000][gc,metaspace] Narrow klass base: 0x000000d000000000, Narrow klass shift: 0, Narrow klass range: 0x100000000
[2025-12-24T10:26:44.614+0000][gc,start    ] GC(0) Pause Young (Normal) (G1 Evacuation Pause)
[2025-12-24T10:26:44.681+0000][gc,task     ] GC(0) Using 8 workers of 8 for evacuation
[2025-12-24T10:26:44.879+0000][gc,phases   ] GC(0)   Pre Evacuate Collection Set: 31.7ms
[2025-12-24T10:26:44.880+0000][gc,phases   ] GC(0)   Merge Heap Roots: 0.2ms
[2025-12-24T10:26:44.882+0000][gc,phases   ] GC(0)   Evacuate Collection Set: 137.0ms
[2025-12-24T10:26:44.882+0000][gc,phases   ] GC(0)   Post Evacuate Collection Set: 14.1ms
[2025-12-24T10:26:44.883+0000][gc,phases   ] GC(0)   Other: 75.9ms
[2025-12-24T10:26:44.883+0000][gc,heap     ] GC(0) Eden regions: 51->0(44)
[2025-12-24T10:26:44.883+0000][gc,heap     ] GC(0) Survivor regions: 0->7(7)
[2025-12-24T10:26:44.883+0000][gc,heap     ] GC(0) Old regions: 1->7
[2025-12-24T10:26:44.883+0000][gc,heap     ] GC(0) Humongous regions: 0->0
[2025-12-24T10:26:44.883+0000][gc,metaspace] GC(0) Metaspace: 4896K(5120K)->4896K(5120K) NonClass: 4307K(4416K)->4307K(4416K) Class: 589K(704K)->589K(704K)
[2025-12-24T10:26:44.885+0000][gc          ] GC(0) Pause Young (Normal) (G1 Evacuation Pause) 51M->13M(1024M) 271.733ms
[2025-12-24T10:26:44.890+0000][gc,cpu      ] GC(0) User=0.10s Sys=0.03s Real=0.28s
[2025-12-24T10:26:46.433+0000][gc,start    ] GC(1) Pause Young (Normal) (G1 Evacuation Pause)
[2025-12-24T10:26:46.439+0000][gc,task     ] GC(1) Using 8 workers of 8 for evacuation
[2025-12-24T10:26:47.178+0000][gc,mmu      ] GC(1) MMU target violated: 201.0ms (200.0ms/201.0ms)
[2025-12-24T10:26:47.181+0000][gc,phases   ] GC(1)   Pre Evacuate Collection Set: 9.4ms
[2025-12-24T10:26:47.181+0000][gc,phases   ] GC(1)   Merge Heap Roots: 0.1ms
[2025-12-24T10:26:47.181+0000][gc,phases   ] GC(1)   Evacuate Collection Set: 725.0ms
[2025-12-24T10:26:47.181+0000][gc,phases   ] GC(1)   Post Evacuate Collection Set: 1.7ms
[2025-12-24T10:26:47.181+0000][gc,phases   ] GC(1)   Other: 5.9ms
[2025-12-24T10:26:47.182+0000][gc,heap     ] GC(1) Eden regions: 44->0(49)
[2025-12-24T10:26:47.182+0000][gc,heap     ] GC(1) Survivor regions: 7->2(7)
[2025-12-24T10:26:47.182+0000][gc,heap     ] GC(1) Old regions: 7->15
[2025-12-24T10:26:47.182+0000][gc,heap     ] GC(1) Humongous regions: 0->0
[2025-12-24T10:26:47.182+0000][gc,metaspace] GC(1) Metaspace: 5300K(5568K)->5300K(5568K) NonClass: 4665K(4800K)->4665K(4800K) Class: 635K(768K)->635K(768K)
[2025-12-24T10:26:47.183+0000][gc          ] GC(1) Pause Young (Normal) (G1 Evacuation Pause) 57M->15M(1024M) 749.733ms
[2025-12-24T10:26:47.183+0000][gc,cpu      ] GC(1) User=0.26s Sys=0.17s Real=0.75s
[2025-12-24T10:26:49.969+0000][gc,start    ] GC(2) Pause Young (Normal) (G1 Evacuation Pause)
[2025-12-24T10:26:49.970+0000][gc,task     ] GC(2) Using 8 workers of 8 for evacuation
[2025-12-24T10:26:50.007+0000][gc,phases   ] GC(2)   Pre Evacuate Collection Set: 3.8ms
[2025-12-24T10:26:50.012+0000][gc,phases   ] GC(2)   Merge Heap Roots: 0.1ms
[2025-12-24T10:26:50.012+0000][gc,phases   ] GC(2)   Evacuate Collection Set: 24.2ms
[2025-12-24T10:26:50.016+0000][gc,phases   ] GC(2)   Post Evacuate Collection Set: 8.0ms
[2025-12-24T10:26:50.021+0000][gc,phases   ] GC(2)   Other: 0.3ms
[2025-12-24T10:26:50.024+0000][gc,heap     ] GC(2) Eden regions: 49->0(49)
[2025-12-24T10:26:50.028+0000][gc,heap     ] GC(2) Survivor regions: 2->2(7)
[2025-12-24T10:26:50.035+0000][gc,heap     ] GC(2) Old regions: 15->15
[2025-12-24T10:26:50.039+0000][gc,heap     ] GC(2) Humongous regions: 2->2
[2025-12-24T10:26:50.041+0000][gc,metaspace] GC(2) Metaspace: 5915K(6208K)->5915K(6208K) NonClass: 5225K(5376K)->5225K(5376K) Class: 689K(832K)->689K(832K)
[2025-12-24T10:26:50.043+0000][gc          ] GC(2) Pause Young (Normal) (G1 Evacuation Pause) 66M->18M(1024M) 74.126ms
[2025-12-24T10:26:50.053+0000][gc,cpu      ] GC(2) User=0.02s Sys=0.00s Real=0.08s
[2025-12-24T10:26:52.352+0000][gc,start    ] GC(3) Pause Young (Normal) (G1 Evacuation Pause)
[2025-12-24T10:26:52.356+0000][gc,task     ] GC(3) Using 8 workers of 8 for evacuation
[2025-12-24T10:26:52.593+0000][gc,mmu      ] GC(3) MMU target violated: 201.0ms (200.0ms/201.0ms)
[2025-12-24T10:26:52.596+0000][gc,phases   ] GC(3)   Pre Evacuate Collection Set: 44.2ms
[2025-12-24T10:26:52.597+0000][gc,phases   ] GC(3)   Merge Heap Roots: 0.1ms
[2025-12-24T10:26:52.598+0000][gc,phases   ] GC(3)   Evacuate Collection Set: 156.6ms
[2025-12-24T10:26:52.598+0000][gc,phases   ] GC(3)   Post Evacuate Collection Set: 6.6ms
[2025-12-24T10:26:52.599+0000][gc,phases   ] GC(3)   Other: 31.9ms
[2025-12-24T10:26:52.600+0000][gc,heap     ] GC(3) Eden regions: 49->0(48)
[2025-12-24T10:26:52.601+0000][gc,heap     ] GC(3) Survivor regions: 2->3(7)
[2025-12-24T10:26:52.601+0000][gc,heap     ] GC(3) Old regions: 15->15
[2025-12-24T10:26:52.601+0000][gc,heap     ] GC(3) Humongous regions: 2->2
[2025-12-24T10:26:52.601+0000][gc,metaspace] GC(3) Metaspace: 6401K(6656K)->6401K(6656K) NonClass: 5647K(5760K)->5647K(5760K) Class: 753K(896K)->753K(896K)
[2025-12-24T10:26:52.603+0000][gc          ] GC(3) Pause Young (Normal) (G1 Evacuation Pause) 67M->19M(1024M) 251.244ms
[2025-12-24T10:26:52.607+0000][gc,cpu      ] GC(3) User=0.28s Sys=0.05s Real=0.25s
[2025-12-24T10:26:54.009+0000][gc,start    ] GC(4) Pause Young (Normal) (G1 Evacuation Pause)
[2025-12-24T10:26:54.010+0000][gc,task     ] GC(4) Using 8 workers of 8 for evacuation
[2025-12-24T10:26:54.028+0000][gc,phases   ] GC(4)   Pre Evacuate Collection Set: 0.7ms
[2025-12-24T10:26:54.028+0000][gc,phases   ] GC(4)   Merge Heap Roots: 0.1ms
[2025-12-24T10:26:54.029+0000][gc,phases   ] GC(4)   Evacuate Collection Set: 14.5ms
[2025-12-24T10:26:54.029+0000][gc,phases   ] GC(4)   Post Evacuate Collection Set: 2.1ms
[2025-12-24T10:26:54.029+0000][gc,phases   ] GC(4)   Other: 0.4ms
[2025-12-24T10:26:54.029+0000][gc,heap     ] GC(4) Eden regions: 48->0(46)
[2025-12-24T10:26:54.030+0000][gc,heap     ] GC(4) Survivor regions: 3->5(7)
[2025-12-24T10:26:54.030+0000][gc,heap     ] GC(4) Old regions: 15->15
[2025-12-24T10:26:54.030+0000][gc,heap     ] GC(4) Humongous regions: 131->131
[2025-12-24T10:26:54.031+0000][gc,metaspace] GC(4) Metaspace: 6916K(7232K)->6916K(7232K) NonClass: 6048K(6208K)->6048K(6208K) Class: 867K(1024K)->867K(1024K)
[2025-12-24T10:26:54.034+0000][gc          ] GC(4) Pause Young (Normal) (G1 Evacuation Pause) 196M->150M(1024M) 25.110ms
[2025-12-24T10:26:54.036+0000][gc,cpu      ] GC(4) User=0.02s Sys=0.00s Real=0.03s
[2025-12-24T10:26:54.552+0000][gc,start    ] GC(5) Pause Young (Normal) (G1 Evacuation Pause)
[2025-12-24T10:26:54.552+0000][gc,task     ] GC(5) Using 8 workers of 8 for evacuation
[2025-12-24T10:26:54.565+0000][gc,phases   ] GC(5)   Pre Evacuate Collection Set: 1.5ms
[2025-12-24T10:26:54.566+0000][gc,phases   ] GC(5)   Merge Heap Roots: 0.1ms
[2025-12-24T10:26:54.566+0000][gc,phases   ] GC(5)   Evacuate Collection Set: 9.5ms
[2025-12-24T10:26:54.566+0000][gc,phases   ] GC(5)   Post Evacuate Collection Set: 1.6ms
[2025-12-24T10:26:54.566+0000][gc,phases   ] GC(5)   Other: 0.5ms
[2025-12-24T10:26:54.566+0000][gc,heap     ] GC(5) Eden regions: 46->0(46)
[2025-12-24T10:26:54.566+0000][gc,heap     ] GC(5) Survivor regions: 5->5(7)
[2025-12-24T10:26:54.566+0000][gc,heap     ] GC(5) Old regions: 15->17
[2025-12-24T10:26:54.566+0000][gc,heap     ] GC(5) Humongous regions: 131->131
[2025-12-24T10:26:54.567+0000][gc,metaspace] GC(5) Metaspace: 8090K(8320K)->8090K(8320K) NonClass: 7062K(7168K)->7062K(7168K) Class: 1028K(1152K)->1028K(1152K)
[2025-12-24T10:26:54.567+0000][gc          ] GC(5) Pause Young (Normal) (G1 Evacuation Pause) 196M->152M(1024M) 14.850ms
[2025-12-24T10:26:54.567+0000][gc,cpu      ] GC(5) User=0.03s Sys=0.01s Real=0.02s
[2025-12-24T10:26:58.267+0000][gc,start    ] GC(6) Pause Young (Normal) (G1 Evacuation Pause)
[2025-12-24T10:26:58.267+0000][gc,task     ] GC(6) Using 8 workers of 8 for evacuation
[2025-12-24T10:26:58.295+0000][gc,phases   ] GC(6)   Pre Evacuate Collection Set: 4.9ms
[2025-12-24T10:26:58.296+0000][gc,phases   ] GC(6)   Merge Heap Roots: 0.1ms
[2025-12-24T10:26:58.296+0000][gc,phases   ] GC(6)   Evacuate Collection Set: 21.9ms
[2025-12-24T10:26:58.296+0000][gc,phases   ] GC(6)   Post Evacuate Collection Set: 1.0ms
[2025-12-24T10:26:58.296+0000][gc,phases   ] GC(6)   Other: 0.3ms
[2025-12-24T10:26:58.297+0000][gc,heap     ] GC(6) Eden regions: 46->0(78)
[2025-12-24T10:26:58.297+0000][gc,heap     ] GC(6) Survivor regions: 5->5(7)
[2025-12-24T10:26:58.298+0000][gc,heap     ] GC(6) Old regions: 17->18
[2025-12-24T10:26:58.299+0000][gc,heap     ] GC(6) Humongous regions: 131->131
[2025-12-24T10:26:58.300+0000][gc,metaspace] GC(6) Metaspace: 8645K(8896K)->8645K(8896K) NonClass: 7573K(7680K)->7573K(7680K) Class: 1071K(1216K)->1071K(1216K)
[2025-12-24T10:26:58.300+0000][gc          ] GC(6) Pause Young (Normal) (G1 Evacuation Pause) 198M->153M(1024M) 33.746ms
[2025-12-24T10:26:58.301+0000][gc,cpu      ] GC(6) User=0.12s Sys=0.01s Real=0.03s
[2025-12-24T10:26:58.620+0000][gc,start    ] GC(7) Pause Young (Normal) (G1 Evacuation Pause)
[2025-12-24T10:26:58.620+0000][gc,task     ] GC(7) Using 8 workers of 8 for evacuation
[2025-12-24T10:26:58.629+0000][gc,phases   ] GC(7)   Pre Evacuate Collection Set: 0.4ms
[2025-12-24T10:26:58.629+0000][gc,phases   ] GC(7)   Merge Heap Roots: 0.1ms
[2025-12-24T10:26:58.629+0000][gc,phases   ] GC(7)   Evacuate Collection Set: 7.9ms
[2025-12-24T10:26:58.629+0000][gc,phases   ] GC(7)   Post Evacuate Collection Set: 0.4ms
[2025-12-24T10:26:58.629+0000][gc,phases   ] GC(7)   Other: 0.1ms
[2025-12-24T10:26:58.629+0000][gc,heap     ] GC(7) Eden regions: 81->0(402)
[2025-12-24T10:26:58.629+0000][gc,heap     ] GC(7) Survivor regions: 5->7(11)
[2025-12-24T10:26:58.629+0000][gc,heap     ] GC(7) Old regions: 18->18
[2025-12-24T10:26:58.629+0000][gc,heap     ] GC(7) Humongous regions: 131->131
[2025-12-24T10:26:58.629+0000][gc,metaspace] GC(7) Metaspace: 8899K(9152K)->8899K(9152K) NonClass: 7770K(7936K)->7770K(7936K) Class: 1128K(1216K)->1128K(1216K)
[2025-12-24T10:26:58.630+0000][gc          ] GC(7) Pause Young (Normal) (G1 Evacuation Pause) 234M->154M(1024M) 9.698ms
[2025-12-24T10:26:58.630+0000][gc,cpu      ] GC(7) User=0.01s Sys=0.02s Real=0.01s
[2025-12-24T10:27:19.083+0000][gc,start    ] GC(8) Pause Young (Normal) (G1 Evacuation Pause)
[2025-12-24T10:27:19.083+0000][gc,task     ] GC(8) Using 8 workers of 8 for evacuation
[2025-12-24T10:27:19.111+0000][gc,phases   ] GC(8)   Pre Evacuate Collection Set: 3.5ms
[2025-12-24T10:27:19.112+0000][gc,phases   ] GC(8)   Merge Heap Roots: 0.2ms
[2025-12-24T10:27:19.112+0000][gc,phases   ] GC(8)   Evacuate Collection Set: 21.9ms
[2025-12-24T10:27:19.112+0000][gc,phases   ] GC(8)   Post Evacuate Collection Set: 1.7ms
[2025-12-24T10:27:19.113+0000][gc,phases   ] GC(8)   Other: 0.6ms
[2025-12-24T10:27:19.114+0000][gc,heap     ] GC(8) Eden regions: 407->0(604)
[2025-12-24T10:27:19.114+0000][gc,heap     ] GC(8) Survivor regions: 7->10(52)
[2025-12-24T10:27:19.114+0000][gc,heap     ] GC(8) Old regions: 18->18
[2025-12-24T10:27:19.114+0000][gc,heap     ] GC(8) Humongous regions: 131->131
[2025-12-24T10:27:19.114+0000][gc,metaspace] GC(8) Metaspace: 11195K(11456K)->11195K(11456K) NonClass: 9759K(9920K)->9759K(9920K) Class: 1435K(1536K)->1435K(1536K)
[2025-12-24T10:27:19.114+0000][gc          ] GC(8) Pause Young (Normal) (G1 Evacuation Pause) 561M->158M(1024M) 31.541ms
[2025-12-24T10:27:19.114+0000][gc,cpu      ] GC(8) User=0.14s Sys=0.02s Real=0.03s
[2025-12-24T10:27:58.422+0000][gc,start    ] GC(9) Pause Young (Normal) (G1 Evacuation Pause)
[2025-12-24T10:27:58.423+0000][gc,task     ] GC(9) Using 8 workers of 8 for evacuation
[2025-12-24T10:27:58.445+0000][gc,phases   ] GC(9)   Pre Evacuate Collection Set: 1.0ms
[2025-12-24T10:27:58.445+0000][gc,phases   ] GC(9)   Merge Heap Roots: 0.2ms
[2025-12-24T10:27:58.445+0000][gc,phases   ] GC(9)   Evacuate Collection Set: 19.7ms
[2025-12-24T10:27:58.446+0000][gc,phases   ] GC(9)   Post Evacuate Collection Set: 1.3ms
[2025-12-24T10:27:58.446+0000][gc,phases   ] GC(9)   Other: 0.2ms
[2025-12-24T10:27:58.446+0000][gc,heap     ] GC(9) Eden regions: 604->0(604)
[2025-12-24T10:27:58.446+0000][gc,heap     ] GC(9) Survivor regions: 10->10(77)
[2025-12-24T10:27:58.446+0000][gc,heap     ] GC(9) Old regions: 18->18
[2025-12-24T10:27:58.446+0000][gc,heap     ] GC(9) Humongous regions: 131->131
[2025-12-24T10:27:58.446+0000][gc,metaspace] GC(9) Metaspace: 11787K(12096K)->11787K(12096K) NonClass: 10321K(10496K)->10321K(10496K) Class: 1465K(1600K)->1465K(1600K)
[2025-12-24T10:27:58.446+0000][gc          ] GC(9) Pause Young (Normal) (G1 Evacuation Pause) 762M->157M(1024M) 23.487ms
[2025-12-24T10:27:58.446+0000][gc,cpu      ] GC(9) User=0.11s Sys=0.04s Real=0.02s
[2025-12-24T10:28:38.181+0000][gc,start    ] GC(10) Pause Young (Normal) (G1 Evacuation Pause)
[2025-12-24T10:28:38.182+0000][gc,task     ] GC(10) Using 8 workers of 8 for evacuation
[2025-12-24T10:28:38.204+0000][gc,phases   ] GC(10)   Pre Evacuate Collection Set: 1.8ms
[2025-12-24T10:28:38.204+0000][gc,phases   ] GC(10)   Merge Heap Roots: 0.3ms
[2025-12-24T10:28:38.204+0000][gc,phases   ] GC(10)   Evacuate Collection Set: 18.5ms
[2025-12-24T10:28:38.204+0000][gc,phases   ] GC(10)   Post Evacuate Collection Set: 1.4ms
[2025-12-24T10:28:38.205+0000][gc,phases   ] GC(10)   Other: 0.4ms
[2025-12-24T10:28:38.205+0000][gc,heap     ] GC(10) Eden regions: 604->0(605)
[2025-12-24T10:28:38.205+0000][gc,heap     ] GC(10) Survivor regions: 10->9(77)
[2025-12-24T10:28:38.205+0000][gc,heap     ] GC(10) Old regions: 18->18
[2025-12-24T10:28:38.205+0000][gc,heap     ] GC(10) Humongous regions: 131->131
[2025-12-24T10:28:38.205+0000][gc,metaspace] GC(10) Metaspace: 12159K(12480K)->12159K(12480K) NonClass: 10690K(10880K)->10690K(10880K) Class: 1468K(1600K)->1468K(1600K)
[2025-12-24T10:28:38.205+0000][gc          ] GC(10) Pause Young (Normal) (G1 Evacuation Pause) 761M->157M(1024M) 23.688ms
[2025-12-24T10:28:38.205+0000][gc,cpu      ] GC(10) User=0.16s Sys=0.00s Real=0.02s
[2025-12-24T10:29:08.466+0000][gc,start    ] GC(11) Pause Young (Normal) (G1 Evacuation Pause)
[2025-12-24T10:29:08.467+0000][gc,task     ] GC(11) Using 8 workers of 8 for evacuation
[2025-12-24T10:29:08.485+0000][gc,phases   ] GC(11)   Pre Evacuate Collection Set: 1.2ms
[2025-12-24T10:29:08.486+0000][gc,phases   ] GC(11)   Merge Heap Roots: 0.2ms
[2025-12-24T10:29:08.486+0000][gc,phases   ] GC(11)   Evacuate Collection Set: 13.6ms
[2025-12-24T10:29:08.486+0000][gc,phases   ] GC(11)   Post Evacuate Collection Set: 3.6ms
[2025-12-24T10:29:08.486+0000][gc,phases   ] GC(11)   Other: 0.2ms
[2025-12-24T10:29:08.486+0000][gc,heap     ] GC(11) Eden regions: 605->0(602)
[2025-12-24T10:29:08.486+0000][gc,heap     ] GC(11) Survivor regions: 9->12(77)
[2025-12-24T10:29:08.486+0000][gc,heap     ] GC(11) Old regions: 18->18
[2025-12-24T10:29:08.486+0000][gc,heap     ] GC(11) Humongous regions: 131->131
[2025-12-24T10:29:08.486+0000][gc,metaspace] GC(11) Metaspace: 12522K(12864K)->12522K(12864K) NonClass: 11054K(11264K)->11054K(11264K) Class: 1468K(1600K)->1468K(1600K)
[2025-12-24T10:29:08.486+0000][gc          ] GC(11) Pause Young (Normal) (G1 Evacuation Pause) 762M->159M(1024M) 19.821ms
[2025-12-24T10:29:08.486+0000][gc,cpu      ] GC(11) User=0.11s Sys=0.00s Real=0.02s
[2025-12-24T10:29:48.222+0000][gc,start    ] GC(12) Pause Young (Normal) (G1 Evacuation Pause)
[2025-12-24T10:29:48.223+0000][gc,task     ] GC(12) Using 8 workers of 8 for evacuation
[2025-12-24T10:29:48.239+0000][gc,phases   ] GC(12)   Pre Evacuate Collection Set: 1.7ms
[2025-12-24T10:29:48.239+0000][gc,phases   ] GC(12)   Merge Heap Roots: 0.2ms
[2025-12-24T10:29:48.239+0000][gc,phases   ] GC(12)   Evacuate Collection Set: 12.6ms
[2025-12-24T10:29:48.240+0000][gc,phases   ] GC(12)   Post Evacuate Collection Set: 1.4ms
[2025-12-24T10:29:48.240+0000][gc,phases   ] GC(12)   Other: 0.4ms
[2025-12-24T10:29:48.240+0000][gc,heap     ] GC(12) Eden regions: 602->0(603)
[2025-12-24T10:29:48.240+0000][gc,heap     ] GC(12) Survivor regions: 12->11(77)
[2025-12-24T10:29:48.240+0000][gc,heap     ] GC(12) Old regions: 18->18
[2025-12-24T10:29:48.240+0000][gc,heap     ] GC(12) Humongous regions: 131->131
[2025-12-24T10:29:48.240+0000][gc,metaspace] GC(12) Metaspace: 12793K(13056K)->12793K(13056K) NonClass: 11316K(11456K)->11316K(11456K) Class: 1476K(1600K)->1476K(1600K)
[2025-12-24T10:29:48.240+0000][gc          ] GC(12) Pause Young (Normal) (G1 Evacuation Pause) 761M->159M(1024M) 18.344ms
[2025-12-24T10:29:48.240+0000][gc,cpu      ] GC(12) User=0.10s Sys=0.01s Real=0.02s
[2025-12-24T10:30:18.473+0000][gc,start    ] GC(13) Pause Young (Normal) (G1 Evacuation Pause)
[2025-12-24T10:30:18.474+0000][gc,task     ] GC(13) Using 8 workers of 8 for evacuation
[2025-12-24T10:30:18.492+0000][gc,phases   ] GC(13)   Pre Evacuate Collection Set: 1.0ms
[2025-12-24T10:30:18.492+0000][gc,phases   ] GC(13)   Merge Heap Roots: 0.2ms
[2025-12-24T10:30:18.492+0000][gc,phases   ] GC(13)   Evacuate Collection Set: 13.7ms
[2025-12-24T10:30:18.492+0000][gc,phases   ] GC(13)   Post Evacuate Collection Set: 2.7ms
[2025-12-24T10:30:18.492+0000][gc,phases   ] GC(13)   Other: 0.6ms
[2025-12-24T10:30:18.493+0000][gc,heap     ] GC(13) Eden regions: 603->0(601)
[2025-12-24T10:30:18.493+0000][gc,heap     ] GC(13) Survivor regions: 11->13(77)
[2025-12-24T10:30:18.493+0000][gc,heap     ] GC(13) Old regions: 18->18
[2025-12-24T10:30:18.493+0000][gc,heap     ] GC(13) Humongous regions: 131->131
[2025-12-24T10:30:18.493+0000][gc,metaspace] GC(13) Metaspace: 12887K(13184K)->12887K(13184K) NonClass: 11409K(11584K)->11409K(11584K) Class: 1478K(1600K)->1478K(1600K)
[2025-12-24T10:30:18.493+0000][gc          ] GC(13) Pause Young (Normal) (G1 Evacuation Pause) 762M->161M(1024M) 20.132ms
[2025-12-24T10:30:18.493+0000][gc,cpu      ] GC(13) User=0.13s Sys=0.00s Real=0.02s
[2025-12-24T10:30:58.235+0000][gc,start    ] GC(14) Pause Young (Normal) (G1 Evacuation Pause)
[2025-12-24T10:30:58.236+0000][gc,task     ] GC(14) Using 8 workers of 8 for evacuation
[2025-12-24T10:30:58.267+0000][gc,phases   ] GC(14)   Pre Evacuate Collection Set: 1.1ms
[2025-12-24T10:30:58.267+0000][gc,phases   ] GC(14)   Merge Heap Roots: 0.2ms
[2025-12-24T10:30:58.267+0000][gc,phases   ] GC(14)   Evacuate Collection Set: 28.5ms
[2025-12-24T10:30:58.267+0000][gc,phases   ] GC(14)   Post Evacuate Collection Set: 1.4ms
[2025-12-24T10:30:58.268+0000][gc,phases   ] GC(14)   Other: 0.3ms
[2025-12-24T10:30:58.268+0000][gc,heap     ] GC(14) Eden regions: 601->0(601)
[2025-12-24T10:30:58.268+0000][gc,heap     ] GC(14) Survivor regions: 13->13(77)
[2025-12-24T10:30:58.268+0000][gc,heap     ] GC(14) Old regions: 18->18
[2025-12-24T10:30:58.268+0000][gc,heap     ] GC(14) Humongous regions: 131->131
[2025-12-24T10:30:58.268+0000][gc,metaspace] GC(14) Metaspace: 12937K(13248K)->12937K(13248K) NonClass: 11458K(11648K)->11458K(11648K) Class: 1479K(1600K)->1479K(1600K)
[2025-12-24T10:30:58.268+0000][gc          ] GC(14) Pause Young (Normal) (G1 Evacuation Pause) 762M->160M(1024M) 32.907ms
[2025-12-24T10:30:58.268+0000][gc,cpu      ] GC(14) User=0.18s Sys=0.04s Real=0.04s
[2025-12-24T10:31:28.457+0000][gc,start    ] GC(15) Pause Young (Normal) (G1 Evacuation Pause)
[2025-12-24T10:31:28.458+0000][gc,task     ] GC(15) Using 8 workers of 8 for evacuation
[2025-12-24T10:31:28.475+0000][gc,phases   ] GC(15)   Pre Evacuate Collection Set: 1.2ms
[2025-12-24T10:31:28.475+0000][gc,phases   ] GC(15)   Merge Heap Roots: 0.2ms
[2025-12-24T10:31:28.475+0000][gc,phases   ] GC(15)   Evacuate Collection Set: 14.7ms
[2025-12-24T10:31:28.475+0000][gc,phases   ] GC(15)   Post Evacuate Collection Set: 1.3ms
[2025-12-24T10:31:28.476+0000][gc,phases   ] GC(15)   Other: 0.2ms
[2025-12-24T10:31:28.476+0000][gc,heap     ] GC(15) Eden regions: 601->0(604)
[2025-12-24T10:31:28.476+0000][gc,heap     ] GC(15) Survivor regions: 13->10(77)
[2025-12-24T10:31:28.476+0000][gc,heap     ] GC(15) Old regions: 18->18
[2025-12-24T10:31:28.476+0000][gc,heap     ] GC(15) Humongous regions: 131->131
[2025-12-24T10:31:28.476+0000][gc,metaspace] GC(15) Metaspace: 13012K(13376K)->13012K(13376K) NonClass: 11529K(11712K)->11529K(11712K) Class: 1482K(1664K)->1482K(1664K)
[2025-12-24T10:31:28.476+0000][gc          ] GC(15) Pause Young (Normal) (G1 Evacuation Pause) 761M->158M(1024M) 18.851ms
[2025-12-24T10:31:28.476+0000][gc,cpu      ] GC(15) User=0.11s Sys=0.01s Real=0.02s
[2025-12-24T10:32:08.217+0000][gc,start    ] GC(16) Pause Young (Normal) (G1 Evacuation Pause)
[2025-12-24T10:32:08.218+0000][gc,task     ] GC(16) Using 8 workers of 8 for evacuation
[2025-12-24T10:32:08.237+0000][gc,phases   ] GC(16)   Pre Evacuate Collection Set: 1.5ms
[2025-12-24T10:32:08.238+0000][gc,phases   ] GC(16)   Merge Heap Roots: 0.2ms
[2025-12-24T10:32:08.238+0000][gc,phases   ] GC(16)   Evacuate Collection Set: 16.4ms
[2025-12-24T10:32:08.238+0000][gc,phases   ] GC(16)   Post Evacuate Collection Set: 1.1ms
[2025-12-24T10:32:08.238+0000][gc,phases   ] GC(16)   Other: 0.3ms
[2025-12-24T10:32:08.238+0000][gc,heap     ] GC(16) Eden regions: 604->0(604)
[2025-12-24T10:32:08.238+0000][gc,heap     ] GC(16) Survivor regions: 10->10(77)
[2025-12-24T10:32:08.238+0000][gc,heap     ] GC(16) Old regions: 18->18
[2025-12-24T10:32:08.238+0000][gc,heap     ] GC(16) Humongous regions: 131->131
[2025-12-24T10:32:08.238+0000][gc,metaspace] GC(16) Metaspace: 13064K(13376K)->13064K(13376K) NonClass: 11579K(11712K)->11579K(11712K) Class: 1484K(1664K)->1484K(1664K)
[2025-12-24T10:32:08.238+0000][gc          ] GC(16) Pause Young (Normal) (G1 Evacuation Pause) 762M->157M(1024M) 20.985ms
[2025-12-24T10:32:08.238+0000][gc,cpu      ] GC(16) User=0.14s Sys=0.00s Real=0.03s
[2025-12-24T10:32:38.471+0000][gc,start    ] GC(17) Pause Young (Normal) (G1 Evacuation Pause)
[2025-12-24T10:32:38.472+0000][gc,task     ] GC(17) Using 8 workers of 8 for evacuation
[2025-12-24T10:32:38.491+0000][gc,phases   ] GC(17)   Pre Evacuate Collection Set: 1.3ms
[2025-12-24T10:32:38.491+0000][gc,phases   ] GC(17)   Merge Heap Roots: 0.2ms
[2025-12-24T10:32:38.491+0000][gc,phases   ] GC(17)   Evacuate Collection Set: 16.5ms
[2025-12-24T10:32:38.492+0000][gc,phases   ] GC(17)   Post Evacuate Collection Set: 1.2ms
[2025-12-24T10:32:38.492+0000][gc,phases   ] GC(17)   Other: 0.3ms
[2025-12-24T10:32:38.492+0000][gc,heap     ] GC(17) Eden regions: 604->0(602)
[2025-12-24T10:32:38.492+0000][gc,heap     ] GC(17) Survivor regions: 10->12(77)
[2025-12-24T10:32:38.492+0000][gc,heap     ] GC(17) Old regions: 18->18
[2025-12-24T10:32:38.492+0000][gc,heap     ] GC(17) Humongous regions: 131->131
[2025-12-24T10:32:38.492+0000][gc,metaspace] GC(17) Metaspace: 13077K(13440K)->13077K(13440K) NonClass: 11592K(11776K)->11592K(11776K) Class: 1484K(1664K)->1484K(1664K)
[2025-12-24T10:32:38.492+0000][gc          ] GC(17) Pause Young (Normal) (G1 Evacuation Pause) 761M->159M(1024M) 20.821ms
[2025-12-24T10:32:38.492+0000][gc,cpu      ] GC(17) User=0.13s Sys=0.01s Real=0.02s
[2025-12-24T10:33:18.219+0000][gc,start    ] GC(18) Pause Young (Normal) (G1 Evacuation Pause)
[2025-12-24T10:33:18.222+0000][gc,task     ] GC(18) Using 8 workers of 8 for evacuation
[2025-12-24T10:33:18.243+0000][gc,phases   ] GC(18)   Pre Evacuate Collection Set: 7.3ms
[2025-12-24T10:33:18.243+0000][gc,phases   ] GC(18)   Merge Heap Roots: 0.3ms
[2025-12-24T10:33:18.243+0000][gc,phases   ] GC(18)   Evacuate Collection Set: 11.7ms
[2025-12-24T10:33:18.243+0000][gc,phases   ] GC(18)   Post Evacuate Collection Set: 1.3ms
[2025-12-24T10:33:18.243+0000][gc,phases   ] GC(18)   Other: 0.3ms
[2025-12-24T10:33:18.243+0000][gc,heap     ] GC(18) Eden regions: 602->0(603)
[2025-12-24T10:33:18.243+0000][gc,heap     ] GC(18) Survivor regions: 12->11(77)
[2025-12-24T10:33:18.244+0000][gc,heap     ] GC(18) Old regions: 18->18
[2025-12-24T10:33:18.244+0000][gc,heap     ] GC(18) Humongous regions: 131->131
[2025-12-24T10:33:18.244+0000][gc,metaspace] GC(18) Metaspace: 13099K(13440K)->13099K(13440K) NonClass: 11614K(11776K)->11614K(11776K) Class: 1484K(1664K)->1484K(1664K)
[2025-12-24T10:33:18.244+0000][gc          ] GC(18) Pause Young (Normal) (G1 Evacuation Pause) 761M->159M(1024M) 24.631ms
[2025-12-24T10:33:18.244+0000][gc,cpu      ] GC(18) User=0.15s Sys=0.00s Real=0.02s
[2025-12-24T10:33:48.501+0000][gc,start    ] GC(19) Pause Young (Normal) (G1 Evacuation Pause)
[2025-12-24T10:33:48.502+0000][gc,task     ] GC(19) Using 8 workers of 8 for evacuation
[2025-12-24T10:33:48.520+0000][gc,phases   ] GC(19)   Pre Evacuate Collection Set: 1.0ms
[2025-12-24T10:33:48.520+0000][gc,phases   ] GC(19)   Merge Heap Roots: 0.2ms
[2025-12-24T10:33:48.520+0000][gc,phases   ] GC(19)   Evacuate Collection Set: 15.4ms
[2025-12-24T10:33:48.520+0000][gc,phases   ] GC(19)   Post Evacuate Collection Set: 1.3ms
[2025-12-24T10:33:48.521+0000][gc,phases   ] GC(19)   Other: 0.3ms
[2025-12-24T10:33:48.521+0000][gc,heap     ] GC(19) Eden regions: 603->0(603)
[2025-12-24T10:33:48.521+0000][gc,heap     ] GC(19) Survivor regions: 11->11(77)
[2025-12-24T10:33:48.521+0000][gc,heap     ] GC(19) Old regions: 18->19
[2025-12-24T10:33:48.521+0000][gc,heap     ] GC(19) Humongous regions: 131->131
[2025-12-24T10:33:48.521+0000][gc,metaspace] GC(19) Metaspace: 13128K(13504K)->13128K(13504K) NonClass: 11642K(11840K)->11642K(11840K) Class: 1486K(1664K)->1486K(1664K)
[2025-12-24T10:33:48.521+0000][gc          ] GC(19) Pause Young (Normal) (G1 Evacuation Pause) 762M->160M(1024M) 19.699ms
[2025-12-24T10:33:48.521+0000][gc,cpu      ] GC(19) User=0.13s Sys=0.01s Real=0.02s
[2025-12-24T10:34:28.229+0000][gc,start    ] GC(20) Pause Young (Normal) (G1 Evacuation Pause)
[2025-12-24T10:34:28.230+0000][gc,task     ] GC(20) Using 8 workers of 8 for evacuation
[2025-12-24T10:34:28.249+0000][gc,phases   ] GC(20)   Pre Evacuate Collection Set: 1.0ms
[2025-12-24T10:34:28.249+0000][gc,phases   ] GC(20)   Merge Heap Roots: 0.2ms
[2025-12-24T10:34:28.249+0000][gc,phases   ] GC(20)   Evacuate Collection Set: 16.2ms
[2025-12-24T10:34:28.249+0000][gc,phases   ] GC(20)   Post Evacuate Collection Set: 1.5ms
[2025-12-24T10:34:28.250+0000][gc,phases   ] GC(20)   Other: 0.3ms
[2025-12-24T10:34:28.250+0000][gc,heap     ] GC(20) Eden regions: 603->0(605)
[2025-12-24T10:34:28.250+0000][gc,heap     ] GC(20) Survivor regions: 11->9(77)
[2025-12-24T10:34:28.250+0000][gc,heap     ] GC(20) Old regions: 19->21
[2025-12-24T10:34:28.250+0000][gc,heap     ] GC(20) Humongous regions: 131->131
[2025-12-24T10:34:28.250+0000][gc,metaspace] GC(20) Metaspace: 13144K(13504K)->13144K(13504K) NonClass: 11657K(11840K)->11657K(11840K) Class: 1486K(1664K)->1486K(1664K)
[2025-12-24T10:34:28.250+0000][gc          ] GC(20) Pause Young (Normal) (G1 Evacuation Pause) 763M->160M(1024M) 20.620ms
[2025-12-24T10:34:28.250+0000][gc,cpu      ] GC(20) User=0.13s Sys=0.00s Real=0.02s
[2025-12-24T10:34:58.425+0000][gc,start    ] GC(21) Pause Young (Normal) (G1 Evacuation Pause)
[2025-12-24T10:34:58.429+0000][gc,task     ] GC(21) Using 8 workers of 8 for evacuation
[2025-12-24T10:34:58.449+0000][gc,phases   ] GC(21)   Pre Evacuate Collection Set: 2.0ms
[2025-12-24T10:34:58.449+0000][gc,phases   ] GC(21)   Merge Heap Roots: 0.2ms
[2025-12-24T10:34:58.449+0000][gc,phases   ] GC(21)   Evacuate Collection Set: 16.2ms
[2025-12-24T10:34:58.449+0000][gc,phases   ] GC(21)   Post Evacuate Collection Set: 1.2ms
[2025-12-24T10:34:58.449+0000][gc,phases   ] GC(21)   Other: 0.2ms
[2025-12-24T10:34:58.449+0000][gc,heap     ] GC(21) Eden regions: 605->0(604)
[2025-12-24T10:34:58.449+0000][gc,heap     ] GC(21) Survivor regions: 9->10(77)
[2025-12-24T10:34:58.449+0000][gc,heap     ] GC(21) Old regions: 21->22
[2025-12-24T10:34:58.449+0000][gc,heap     ] GC(21) Humongous regions: 131->131
[2025-12-24T10:34:58.449+0000][gc,metaspace] GC(21) Metaspace: 13174K(13504K)->13174K(13504K) NonClass: 11688K(11840K)->11688K(11840K) Class: 1486K(1664K)->1486K(1664K)
[2025-12-24T10:34:58.449+0000][gc          ] GC(21) Pause Young (Normal) (G1 Evacuation Pause) 765M->162M(1024M) 24.406ms
[2025-12-24T10:34:58.449+0000][gc,cpu      ] GC(21) User=0.13s Sys=0.01s Real=0.03s
[2025-12-24T10:35:38.217+0000][gc,start    ] GC(22) Pause Young (Normal) (G1 Evacuation Pause)
[2025-12-24T10:35:38.217+0000][gc,task     ] GC(22) Using 8 workers of 8 for evacuation
[2025-12-24T10:35:38.229+0000][gc,phases   ] GC(22)   Pre Evacuate Collection Set: 1.3ms
[2025-12-24T10:35:38.229+0000][gc,phases   ] GC(22)   Merge Heap Roots: 0.2ms
[2025-12-24T10:35:38.229+0000][gc,phases   ] GC(22)   Evacuate Collection Set: 8.7ms
[2025-12-24T10:35:38.229+0000][gc,phases   ] GC(22)   Post Evacuate Collection Set: 1.4ms
[2025-12-24T10:35:38.229+0000][gc,phases   ] GC(22)   Other: 0.3ms
[2025-12-24T10:35:38.230+0000][gc,heap     ] GC(22) Eden regions: 604->0(609)
[2025-12-24T10:35:38.230+0000][gc,heap     ] GC(22) Survivor regions: 10->5(77)
[2025-12-24T10:35:38.230+0000][gc,heap     ] GC(22) Old regions: 22->22
[2025-12-24T10:35:38.230+0000][gc,heap     ] GC(22) Humongous regions: 131->131
[2025-12-24T10:35:38.230+0000][gc,metaspace] GC(22) Metaspace: 13235K(13568K)->13235K(13568K) NonClass: 11748K(11904K)->11748K(11904K) Class: 1486K(1664K)->1486K(1664K)
[2025-12-24T10:35:38.230+0000][gc          ] GC(22) Pause Young (Normal) (G1 Evacuation Pause) 766M->157M(1024M) 13.229ms
[2025-12-24T10:35:38.230+0000][gc,cpu      ] GC(22) User=0.06s Sys=0.01s Real=0.01s
[2025-12-24T10:36:08.440+0000][gc,start    ] GC(23) Pause Young (Normal) (G1 Evacuation Pause)
[2025-12-24T10:36:08.440+0000][gc,task     ] GC(23) Using 8 workers of 8 for evacuation
[2025-12-24T10:36:08.456+0000][gc,phases   ] GC(23)   Pre Evacuate Collection Set: 1.9ms
[2025-12-24T10:36:08.456+0000][gc,phases   ] GC(23)   Merge Heap Roots: 0.3ms
[2025-12-24T10:36:08.456+0000][gc,phases   ] GC(23)   Evacuate Collection Set: 10.5ms
[2025-12-24T10:36:08.456+0000][gc,phases   ] GC(23)   Post Evacuate Collection Set: 1.9ms
[2025-12-24T10:36:08.456+0000][gc,phases   ] GC(23)   Other: 0.4ms
[2025-12-24T10:36:08.456+0000][gc,heap     ] GC(23) Eden regions: 609->0(609)
[2025-12-24T10:36:08.456+0000][gc,heap     ] GC(23) Survivor regions: 5->5(77)
[2025-12-24T10:36:08.456+0000][gc,heap     ] GC(23) Old regions: 22->25
[2025-12-24T10:36:08.456+0000][gc,heap     ] GC(23) Humongous regions: 131->131
[2025-12-24T10:36:08.456+0000][gc,metaspace] GC(23) Metaspace: 13245K(13632K)->13245K(13632K) NonClass: 11758K(11968K)->11758K(11968K) Class: 1486K(1664K)->1486K(1664K)
[2025-12-24T10:36:08.457+0000][gc          ] GC(23) Pause Young (Normal) (G1 Evacuation Pause) 766M->159M(1024M) 16.885ms
[2025-12-24T10:36:08.457+0000][gc,cpu      ] GC(23) User=0.10s Sys=0.00s Real=0.02s
[2025-12-24T10:36:48.243+0000][gc,start    ] GC(24) Pause Young (Normal) (G1 Evacuation Pause)
[2025-12-24T10:36:48.243+0000][gc,task     ] GC(24) Using 8 workers of 8 for evacuation
[2025-12-24T10:36:48.250+0000][gc,phases   ] GC(24)   Pre Evacuate Collection Set: 1.3ms
[2025-12-24T10:36:48.250+0000][gc,phases   ] GC(24)   Merge Heap Roots: 0.1ms
[2025-12-24T10:36:48.250+0000][gc,phases   ] GC(24)   Evacuate Collection Set: 4.1ms
[2025-12-24T10:36:48.251+0000][gc,phases   ] GC(24)   Post Evacuate Collection Set: 1.0ms
[2025-12-24T10:36:48.251+0000][gc,phases   ] GC(24)   Other: 0.2ms
[2025-12-24T10:36:48.251+0000][gc,heap     ] GC(24) Eden regions: 609->0(610)
[2025-12-24T10:36:48.251+0000][gc,heap     ] GC(24) Survivor regions: 5->4(77)
[2025-12-24T10:36:48.251+0000][gc,heap     ] GC(24) Old regions: 25->25
[2025-12-24T10:36:48.251+0000][gc,heap     ] GC(24) Humongous regions: 131->131
[2025-12-24T10:36:48.251+0000][gc,metaspace] GC(24) Metaspace: 13253K(13632K)->13253K(13632K) NonClass: 11767K(11968K)->11767K(11968K) Class: 1486K(1664K)->1486K(1664K)
[2025-12-24T10:36:48.251+0000][gc          ] GC(24) Pause Young (Normal) (G1 Evacuation Pause) 768M->159M(1024M) 8.214ms
[2025-12-24T10:36:48.251+0000][gc,cpu      ] GC(24) User=0.04s Sys=0.00s Real=0.01s
[2025-12-24T10:37:18.507+0000][gc,start    ] GC(25) Pause Young (Normal) (G1 Evacuation Pause)
[2025-12-24T10:37:18.508+0000][gc,task     ] GC(25) Using 8 workers of 8 for evacuation
[2025-12-24T10:37:18.524+0000][gc,phases   ] GC(25)   Pre Evacuate Collection Set: 0.9ms
[2025-12-24T10:37:18.524+0000][gc,phases   ] GC(25)   Merge Heap Roots: 0.1ms
[2025-12-24T10:37:18.524+0000][gc,phases   ] GC(25)   Evacuate Collection Set: 12.6ms
[2025-12-24T10:37:18.524+0000][gc,phases   ] GC(25)   Post Evacuate Collection Set: 1.6ms
[2025-12-24T10:37:18.524+0000][gc,phases   ] GC(25)   Other: 0.2ms
[2025-12-24T10:37:18.524+0000][gc,heap     ] GC(25) Eden regions: 610->0(608)
[2025-12-24T10:37:18.524+0000][gc,heap     ] GC(25) Survivor regions: 4->6(77)
[2025-12-24T10:37:18.524+0000][gc,heap     ] GC(25) Old regions: 25->25
[2025-12-24T10:37:18.524+0000][gc,heap     ] GC(25) Humongous regions: 131->131
[2025-12-24T10:37:18.524+0000][gc,metaspace] GC(25) Metaspace: 13330K(13696K)->13330K(13696K) NonClass: 11838K(12032K)->11838K(12032K) Class: 1492K(1664K)->1492K(1664K)
[2025-12-24T10:37:18.524+0000][gc          ] GC(25) Pause Young (Normal) (G1 Evacuation Pause) 769M->161M(1024M) 17.234ms
[2025-12-24T10:37:18.524+0000][gc,cpu      ] GC(25) User=0.11s Sys=0.00s Real=0.02s
[2025-12-24T10:37:58.278+0000][gc,start    ] GC(26) Pause Young (Normal) (G1 Evacuation Pause)
[2025-12-24T10:37:58.279+0000][gc,task     ] GC(26) Using 8 workers of 8 for evacuation
[2025-12-24T10:37:58.289+0000][gc,phases   ] GC(26)   Pre Evacuate Collection Set: 1.4ms
[2025-12-24T10:37:58.289+0000][gc,phases   ] GC(26)   Merge Heap Roots: 0.1ms
[2025-12-24T10:37:58.289+0000][gc,phases   ] GC(26)   Evacuate Collection Set: 6.4ms
[2025-12-24T10:37:58.289+0000][gc,phases   ] GC(26)   Post Evacuate Collection Set: 1.8ms
[2025-12-24T10:37:58.289+0000][gc,phases   ] GC(26)   Other: 0.3ms
[2025-12-24T10:37:58.289+0000][gc,heap     ] GC(26) Eden regions: 608->0(608)
[2025-12-24T10:37:58.289+0000][gc,heap     ] GC(26) Survivor regions: 6->6(77)
[2025-12-24T10:37:58.289+0000][gc,heap     ] GC(26) Old regions: 25->25
[2025-12-24T10:37:58.289+0000][gc,heap     ] GC(26) Humongous regions: 131->131
[2025-12-24T10:37:58.289+0000][gc,metaspace] GC(26) Metaspace: 13344K(13696K)->13344K(13696K) NonClass: 11852K(12032K)->11852K(12032K) Class: 1492K(1664K)->1492K(1664K)
[2025-12-24T10:37:58.289+0000][gc          ] GC(26) Pause Young (Normal) (G1 Evacuation Pause) 769M->161M(1024M) 11.097ms
[2025-12-24T10:37:58.289+0000][gc,cpu      ] GC(26) User=0.05s Sys=0.00s Real=0.01s
[2025-12-24T10:38:28.753+0000][gc,start    ] GC(27) Pause Young (Normal) (G1 Evacuation Pause)
[2025-12-24T10:38:28.753+0000][gc,task     ] GC(27) Using 8 workers of 8 for evacuation
[2025-12-24T10:38:28.763+0000][gc,phases   ] GC(27)   Pre Evacuate Collection Set: 1.3ms
[2025-12-24T10:38:28.763+0000][gc,phases   ] GC(27)   Merge Heap Roots: 0.2ms
[2025-12-24T10:38:28.763+0000][gc,phases   ] GC(27)   Evacuate Collection Set: 6.6ms
[2025-12-24T10:38:28.763+0000][gc,phases   ] GC(27)   Post Evacuate Collection Set: 1.2ms
[2025-12-24T10:38:28.763+0000][gc,phases   ] GC(27)   Other: 0.4ms
[2025-12-24T10:38:28.763+0000][gc,heap     ] GC(27) Eden regions: 608->0(606)
[2025-12-24T10:38:28.764+0000][gc,heap     ] GC(27) Survivor regions: 6->8(77)
[2025-12-24T10:38:28.764+0000][gc,heap     ] GC(27) Old regions: 25->25
[2025-12-24T10:38:28.764+0000][gc,heap     ] GC(27) Humongous regions: 131->131
[2025-12-24T10:38:28.764+0000][gc,metaspace] GC(27) Metaspace: 13344K(13696K)->13344K(13696K) NonClass: 11852K(12032K)->11852K(12032K) Class: 1492K(1664K)->1492K(1664K)
[2025-12-24T10:38:28.764+0000][gc          ] GC(27) Pause Young (Normal) (G1 Evacuation Pause) 769M->163M(1024M) 11.336ms
[2025-12-24T10:38:28.764+0000][gc,cpu      ] GC(27) User=0.05s Sys=0.00s Real=0.01s
[2025-12-24T10:39:08.295+0000][gc,start    ] GC(28) Pause Young (Normal) (G1 Evacuation Pause)
[2025-12-24T10:39:08.295+0000][gc,task     ] GC(28) Using 8 workers of 8 for evacuation
[2025-12-24T10:39:08.307+0000][gc,phases   ] GC(28)   Pre Evacuate Collection Set: 4.9ms
[2025-12-24T10:39:08.307+0000][gc,phases   ] GC(28)   Merge Heap Roots: 0.2ms
[2025-12-24T10:39:08.307+0000][gc,phases   ] GC(28)   Evacuate Collection Set: 5.7ms
[2025-12-24T10:39:08.307+0000][gc,phases   ] GC(28)   Post Evacuate Collection Set: 1.1ms
[2025-12-24T10:39:08.307+0000][gc,phases   ] GC(28)   Other: 0.3ms
[2025-12-24T10:39:08.308+0000][gc,heap     ] GC(28) Eden regions: 606->0(607)
[2025-12-24T10:39:08.308+0000][gc,heap     ] GC(28) Survivor regions: 8->7(77)
[2025-12-24T10:39:08.308+0000][gc,heap     ] GC(28) Old regions: 25->25
[2025-12-24T10:39:08.308+0000][gc,heap     ] GC(28) Humongous regions: 131->131
[2025-12-24T10:39:08.308+0000][gc,metaspace] GC(28) Metaspace: 13360K(13760K)->13360K(13760K) NonClass: 11868K(12096K)->11868K(12096K) Class: 1492K(1664K)->1492K(1664K)
[2025-12-24T10:39:08.308+0000][gc          ] GC(28) Pause Young (Normal) (G1 Evacuation Pause) 769M->162M(1024M) 13.313ms
[2025-12-24T10:39:08.308+0000][gc,cpu      ] GC(28) User=0.08s Sys=0.00s Real=0.02s
[2025-12-24T10:39:38.595+0000][gc,start    ] GC(29) Pause Young (Normal) (G1 Evacuation Pause)
[2025-12-24T10:39:38.595+0000][gc,task     ] GC(29) Using 8 workers of 8 for evacuation
[2025-12-24T10:39:38.607+0000][gc,phases   ] GC(29)   Pre Evacuate Collection Set: 1.2ms
[2025-12-24T10:39:38.607+0000][gc,phases   ] GC(29)   Merge Heap Roots: 0.1ms
[2025-12-24T10:39:38.607+0000][gc,phases   ] GC(29)   Evacuate Collection Set: 8.8ms
[2025-12-24T10:39:38.607+0000][gc,phases   ] GC(29)   Post Evacuate Collection Set: 1.1ms
[2025-12-24T10:39:38.607+0000][gc,phases   ] GC(29)   Other: 0.2ms
[2025-12-24T10:39:38.607+0000][gc,heap     ] GC(29) Eden regions: 607->0(605)
[2025-12-24T10:39:38.607+0000][gc,heap     ] GC(29) Survivor regions: 7->9(77)
[2025-12-24T10:39:38.607+0000][gc,heap     ] GC(29) Old regions: 25->25
[2025-12-24T10:39:38.607+0000][gc,heap     ] GC(29) Humongous regions: 131->131
[2025-12-24T10:39:38.607+0000][gc,metaspace] GC(29) Metaspace: 13390K(13760K)->13390K(13760K) NonClass: 11898K(12096K)->11898K(12096K) Class: 1492K(1664K)->1492K(1664K)
[2025-12-24T10:39:38.607+0000][gc          ] GC(29) Pause Young (Normal) (G1 Evacuation Pause) 769M->164M(1024M) 12.557ms
[2025-12-24T10:39:38.607+0000][gc,cpu      ] GC(29) User=0.08s Sys=0.00s Real=0.02s
[2025-12-24T10:40:18.318+0000][gc,start    ] GC(30) Pause Young (Normal) (G1 Evacuation Pause)
[2025-12-24T10:40:18.319+0000][gc,task     ] GC(30) Using 8 workers of 8 for evacuation
[2025-12-24T10:40:18.336+0000][gc,phases   ] GC(30)   Pre Evacuate Collection Set: 1.3ms
[2025-12-24T10:40:18.336+0000][gc,phases   ] GC(30)   Merge Heap Roots: 0.2ms
[2025-12-24T10:40:18.336+0000][gc,phases   ] GC(30)   Evacuate Collection Set: 14.0ms
[2025-12-24T10:40:18.336+0000][gc,phases   ] GC(30)   Post Evacuate Collection Set: 1.3ms
[2025-12-24T10:40:18.337+0000][gc,phases   ] GC(30)   Other: 0.3ms
[2025-12-24T10:40:18.337+0000][gc,heap     ] GC(30) Eden regions: 605->0(609)
[2025-12-24T10:40:18.337+0000][gc,heap     ] GC(30) Survivor regions: 9->5(77)
[2025-12-24T10:40:18.337+0000][gc,heap     ] GC(30) Old regions: 25->25
[2025-12-24T10:40:18.337+0000][gc,heap     ] GC(30) Humongous regions: 131->131
[2025-12-24T10:40:18.337+0000][gc,metaspace] GC(30) Metaspace: 13416K(13760K)->13416K(13760K) NonClass: 11924K(12096K)->11924K(12096K) Class: 1492K(1664K)->1492K(1664K)
[2025-12-24T10:40:18.337+0000][gc          ] GC(30) Pause Young (Normal) (G1 Evacuation Pause) 769M->160M(1024M) 19.063ms
[2025-12-24T10:40:18.343+0000][gc,cpu      ] GC(30) User=0.12s Sys=0.00s Real=0.03s
[2025-12-24T10:40:48.804+0000][gc,start    ] GC(31) Pause Young (Normal) (G1 Evacuation Pause)
[2025-12-24T10:40:48.805+0000][gc,task     ] GC(31) Using 8 workers of 8 for evacuation
[2025-12-24T10:40:48.818+0000][gc,phases   ] GC(31)   Pre Evacuate Collection Set: 2.9ms
[2025-12-24T10:40:48.818+0000][gc,phases   ] GC(31)   Merge Heap Roots: 0.3ms
[2025-12-24T10:40:48.819+0000][gc,phases   ] GC(31)   Evacuate Collection Set: 7.3ms
[2025-12-24T10:40:48.819+0000][gc,phases   ] GC(31)   Post Evacuate Collection Set: 1.8ms
[2025-12-24T10:40:48.819+0000][gc,phases   ] GC(31)   Other: 0.5ms
[2025-12-24T10:40:48.819+0000][gc,heap     ] GC(31) Eden regions: 609->0(610)
[2025-12-24T10:40:48.819+0000][gc,heap     ] GC(31) Survivor regions: 5->4(77)
[2025-12-24T10:40:48.819+0000][gc,heap     ] GC(31) Old regions: 25->25
[2025-12-24T10:40:48.820+0000][gc,heap     ] GC(31) Humongous regions: 131->131
[2025-12-24T10:40:48.820+0000][gc,metaspace] GC(31) Metaspace: 13433K(13760K)->13433K(13760K) NonClass: 11941K(12096K)->11941K(12096K) Class: 1492K(1664K)->1492K(1664K)
[2025-12-24T10:40:48.820+0000][gc          ] GC(31) Pause Young (Normal) (G1 Evacuation Pause) 769M->159M(1024M) 15.562ms
[2025-12-24T10:40:48.820+0000][gc,cpu      ] GC(31) User=0.08s Sys=0.00s Real=0.01s
[2025-12-24T10:41:28.417+0000][gc,start    ] GC(32) Pause Young (Normal) (G1 Evacuation Pause)
[2025-12-24T10:41:28.418+0000][gc,task     ] GC(32) Using 8 workers of 8 for evacuation
[2025-12-24T10:41:28.425+0000][gc,phases   ] GC(32)   Pre Evacuate Collection Set: 1.0ms
[2025-12-24T10:41:28.426+0000][gc,phases   ] GC(32)   Merge Heap Roots: 0.2ms
[2025-12-24T10:41:28.426+0000][gc,phases   ] GC(32)   Evacuate Collection Set: 5.3ms
[2025-12-24T10:41:28.426+0000][gc,phases   ] GC(32)   Post Evacuate Collection Set: 1.0ms
[2025-12-24T10:41:28.426+0000][gc,phases   ] GC(32)   Other: 0.3ms
[2025-12-24T10:41:28.426+0000][gc,heap     ] GC(32) Eden regions: 610->0(607)
[2025-12-24T10:41:28.426+0000][gc,heap     ] GC(32) Survivor regions: 4->7(77)
[2025-12-24T10:41:28.426+0000][gc,heap     ] GC(32) Old regions: 25->25
[2025-12-24T10:41:28.426+0000][gc,heap     ] GC(32) Humongous regions: 131->131
[2025-12-24T10:41:28.426+0000][gc,metaspace] GC(32) Metaspace: 13462K(13760K)->13462K(13760K) NonClass: 11970K(12096K)->11970K(12096K) Class: 1492K(1664K)->1492K(1664K)
[2025-12-24T10:41:28.426+0000][gc          ] GC(32) Pause Young (Normal) (G1 Evacuation Pause) 769M->162M(1024M) 8.941ms
[2025-12-24T10:41:28.426+0000][gc,cpu      ] GC(32) User=0.05s Sys=0.00s Real=0.01s
[2025-12-24T10:42:08.140+0000][gc,start    ] GC(33) Pause Young (Normal) (G1 Evacuation Pause)
[2025-12-24T10:42:08.141+0000][gc,task     ] GC(33) Using 8 workers of 8 for evacuation
[2025-12-24T10:42:08.151+0000][gc,phases   ] GC(33)   Pre Evacuate Collection Set: 1.4ms
[2025-12-24T10:42:08.151+0000][gc,phases   ] GC(33)   Merge Heap Roots: 0.2ms
[2025-12-24T10:42:08.151+0000][gc,phases   ] GC(33)   Evacuate Collection Set: 6.5ms
[2025-12-24T10:42:08.151+0000][gc,phases   ] GC(33)   Post Evacuate Collection Set: 1.3ms
[2025-12-24T10:42:08.151+0000][gc,phases   ] GC(33)   Other: 0.3ms
[2025-12-24T10:42:08.151+0000][gc,heap     ] GC(33) Eden regions: 607->0(608)
[2025-12-24T10:42:08.151+0000][gc,heap     ] GC(33) Survivor regions: 7->6(77)
[2025-12-24T10:42:08.151+0000][gc,heap     ] GC(33) Old regions: 25->25
[2025-12-24T10:42:08.151+0000][gc,heap     ] GC(33) Humongous regions: 131->131
[2025-12-24T10:42:08.151+0000][gc,metaspace] GC(33) Metaspace: 13470K(13760K)->13470K(13760K) NonClass: 11978K(12096K)->11978K(12096K) Class: 1492K(1664K)->1492K(1664K)
[2025-12-24T10:42:08.151+0000][gc          ] GC(33) Pause Young (Normal) (G1 Evacuation Pause) 769M->161M(1024M) 11.400ms
[2025-12-24T10:42:08.151+0000][gc,cpu      ] GC(33) User=0.05s Sys=0.00s Real=0.01s
[2025-12-24T10:42:38.430+0000][gc,start    ] GC(34) Pause Young (Normal) (G1 Evacuation Pause)
[2025-12-24T10:42:38.430+0000][gc,task     ] GC(34) Using 8 workers of 8 for evacuation
[2025-12-24T10:42:38.445+0000][gc,phases   ] GC(34)   Pre Evacuate Collection Set: 1.3ms
[2025-12-24T10:42:38.445+0000][gc,phases   ] GC(34)   Merge Heap Roots: 0.2ms
[2025-12-24T10:42:38.445+0000][gc,phases   ] GC(34)   Evacuate Collection Set: 11.8ms
[2025-12-24T10:42:38.445+0000][gc,phases   ] GC(34)   Post Evacuate Collection Set: 1.0ms
[2025-12-24T10:42:38.445+0000][gc,phases   ] GC(34)   Other: 0.3ms
[2025-12-24T10:42:38.445+0000][gc,heap     ] GC(34) Eden regions: 608->0(606)
[2025-12-24T10:42:38.445+0000][gc,heap     ] GC(34) Survivor regions: 6->8(77)
[2025-12-24T10:42:38.445+0000][gc,heap     ] GC(34) Old regions: 25->25
[2025-12-24T10:42:38.445+0000][gc,heap     ] GC(34) Humongous regions: 131->131
[2025-12-24T10:42:38.446+0000][gc,metaspace] GC(34) Metaspace: 13487K(13824K)->13487K(13824K) NonClass: 11995K(12160K)->11995K(12160K) Class: 1492K(1664K)->1492K(1664K)
[2025-12-24T10:42:38.446+0000][gc          ] GC(34) Pause Young (Normal) (G1 Evacuation Pause) 769M->163M(1024M) 15.637ms
[2025-12-24T10:42:38.446+0000][gc,cpu      ] GC(34) User=0.10s Sys=0.00s Real=0.02s
[2025-12-24T10:43:18.177+0000][gc,start    ] GC(35) Pause Young (Normal) (G1 Evacuation Pause)
[2025-12-24T10:43:18.179+0000][gc,task     ] GC(35) Using 8 workers of 8 for evacuation
[2025-12-24T10:43:18.188+0000][gc,phases   ] GC(35)   Pre Evacuate Collection Set: 1.5ms
[2025-12-24T10:43:18.188+0000][gc,phases   ] GC(35)   Merge Heap Roots: 0.2ms
[2025-12-24T10:43:18.188+0000][gc,phases   ] GC(35)   Evacuate Collection Set: 6.3ms
[2025-12-24T10:43:18.188+0000][gc,phases   ] GC(35)   Post Evacuate Collection Set: 1.3ms
[2025-12-24T10:43:18.188+0000][gc,phases   ] GC(35)   Other: 0.2ms
[2025-12-24T10:43:18.188+0000][gc,heap     ] GC(35) Eden regions: 606->0(606)
[2025-12-24T10:43:18.188+0000][gc,heap     ] GC(35) Survivor regions: 8->8(77)
[2025-12-24T10:43:18.188+0000][gc,heap     ] GC(35) Old regions: 25->26
[2025-12-24T10:43:18.188+0000][gc,heap     ] GC(35) Humongous regions: 131->131
[2025-12-24T10:43:18.189+0000][gc,metaspace] GC(35) Metaspace: 13494K(13824K)->13494K(13824K) NonClass: 12002K(12160K)->12002K(12160K) Class: 1492K(1664K)->1492K(1664K)
[2025-12-24T10:43:18.189+0000][gc          ] GC(35) Pause Young (Normal) (G1 Evacuation Pause) 769M->163M(1024M) 11.247ms
[2025-12-24T10:43:18.189+0000][gc,cpu      ] GC(35) User=0.06s Sys=0.00s Real=0.01s
[2025-12-24T10:43:48.548+0000][gc,start    ] GC(36) Pause Young (Normal) (G1 Evacuation Pause)
[2025-12-24T10:43:48.550+0000][gc,task     ] GC(36) Using 8 workers of 8 for evacuation
[2025-12-24T10:43:48.569+0000][gc,phases   ] GC(36)   Pre Evacuate Collection Set: 6.3ms
[2025-12-24T10:43:48.569+0000][gc,phases   ] GC(36)   Merge Heap Roots: 0.3ms
[2025-12-24T10:43:48.569+0000][gc,phases   ] GC(36)   Evacuate Collection Set: 10.1ms
[2025-12-24T10:43:48.569+0000][gc,phases   ] GC(36)   Post Evacuate Collection Set: 1.8ms
[2025-12-24T10:43:48.569+0000][gc,phases   ] GC(36)   Other: 0.7ms
[2025-12-24T10:43:48.569+0000][gc,heap     ] GC(36) Eden regions: 606->0(604)
[2025-12-24T10:43:48.569+0000][gc,heap     ] GC(36) Survivor regions: 8->10(77)
[2025-12-24T10:43:48.569+0000][gc,heap     ] GC(36) Old regions: 26->26
[2025-12-24T10:43:48.569+0000][gc,heap     ] GC(36) Humongous regions: 131->131
[2025-12-24T10:43:48.570+0000][gc,metaspace] GC(36) Metaspace: 13508K(13824K)->13508K(13824K) NonClass: 12016K(12160K)->12016K(12160K) Class: 1492K(1664K)->1492K(1664K)
[2025-12-24T10:43:48.570+0000][gc          ] GC(36) Pause Young (Normal) (G1 Evacuation Pause) 769M->165M(1024M) 21.642ms
[2025-12-24T10:43:48.570+0000][gc,cpu      ] GC(36) User=0.10s Sys=0.00s Real=0.02s
[2025-12-24T10:44:28.170+0000][gc,start    ] GC(37) Pause Young (Normal) (G1 Evacuation Pause)
[2025-12-24T10:44:28.171+0000][gc,task     ] GC(37) Using 8 workers of 8 for evacuation
[2025-12-24T10:44:28.180+0000][gc,phases   ] GC(37)   Pre Evacuate Collection Set: 1.3ms
[2025-12-24T10:44:28.180+0000][gc,phases   ] GC(37)   Merge Heap Roots: 0.2ms
[2025-12-24T10:44:28.180+0000][gc,phases   ] GC(37)   Evacuate Collection Set: 6.0ms
[2025-12-24T10:44:28.180+0000][gc,phases   ] GC(37)   Post Evacuate Collection Set: 1.2ms
[2025-12-24T10:44:28.180+0000][gc,phases   ] GC(37)   Other: 0.3ms
[2025-12-24T10:44:28.180+0000][gc,heap     ] GC(37) Eden regions: 604->0(609)
[2025-12-24T10:44:28.180+0000][gc,heap     ] GC(37) Survivor regions: 10->5(77)
[2025-12-24T10:44:28.180+0000][gc,heap     ] GC(37) Old regions: 26->26
[2025-12-24T10:44:28.180+0000][gc,heap     ] GC(37) Humongous regions: 131->131
[2025-12-24T10:44:28.180+0000][gc,metaspace] GC(37) Metaspace: 13895K(14208K)->13895K(14208K) NonClass: 12344K(12480K)->12344K(12480K) Class: 1551K(1728K)->1551K(1728K)
[2025-12-24T10:44:28.180+0000][gc          ] GC(37) Pause Young (Normal) (G1 Evacuation Pause) 769M->161M(1024M) 10.897ms
[2025-12-24T10:44:28.181+0000][gc,cpu      ] GC(37) User=0.05s Sys=0.01s Real=0.01s
[2025-12-24T10:44:58.412+0000][gc,start    ] GC(38) Pause Young (Normal) (G1 Evacuation Pause)
[2025-12-24T10:44:58.413+0000][gc,task     ] GC(38) Using 8 workers of 8 for evacuation
[2025-12-24T10:44:58.425+0000][gc,phases   ] GC(38)   Pre Evacuate Collection Set: 1.4ms
[2025-12-24T10:44:58.425+0000][gc,phases   ] GC(38)   Merge Heap Roots: 0.2ms
[2025-12-24T10:44:58.425+0000][gc,phases   ] GC(38)   Evacuate Collection Set: 7.7ms
[2025-12-24T10:44:58.425+0000][gc,phases   ] GC(38)   Post Evacuate Collection Set: 1.8ms
[2025-12-24T10:44:58.425+0000][gc,phases   ] GC(38)   Other: 0.3ms
[2025-12-24T10:44:58.425+0000][gc,heap     ] GC(38) Eden regions: 609->0(607)
[2025-12-24T10:44:58.425+0000][gc,heap     ] GC(38) Survivor regions: 5->7(77)
[2025-12-24T10:44:58.425+0000][gc,heap     ] GC(38) Old regions: 26->26
[2025-12-24T10:44:58.425+0000][gc,heap     ] GC(38) Humongous regions: 131->131
[2025-12-24T10:44:58.425+0000][gc,metaspace] GC(38) Metaspace: 13901K(14208K)->13901K(14208K) NonClass: 12350K(12480K)->12350K(12480K) Class: 1551K(1728K)->1551K(1728K)
[2025-12-24T10:44:58.425+0000][gc          ] GC(38) Pause Young (Normal) (G1 Evacuation Pause) 770M->162M(1024M) 13.703ms
[2025-12-24T10:44:58.426+0000][gc,cpu      ] GC(38) User=0.06s Sys=0.00s Real=0.02s
[2025-12-24T10:45:38.159+0000][gc,start    ] GC(39) Pause Young (Normal) (G1 Evacuation Pause)
[2025-12-24T10:45:38.159+0000][gc,task     ] GC(39) Using 8 workers of 8 for evacuation
[2025-12-24T10:45:38.168+0000][gc,phases   ] GC(39)   Pre Evacuate Collection Set: 1.2ms
[2025-12-24T10:45:38.168+0000][gc,phases   ] GC(39)   Merge Heap Roots: 0.2ms
[2025-12-24T10:45:38.169+0000][gc,phases   ] GC(39)   Evacuate Collection Set: 6.6ms
[2025-12-24T10:45:38.169+0000][gc,phases   ] GC(39)   Post Evacuate Collection Set: 1.1ms
[2025-12-24T10:45:38.169+0000][gc,phases   ] GC(39)   Other: 0.2ms
[2025-12-24T10:45:38.169+0000][gc,heap     ] GC(39) Eden regions: 607->0(608)
[2025-12-24T10:45:38.169+0000][gc,heap     ] GC(39) Survivor regions: 7->6(77)
[2025-12-24T10:45:38.169+0000][gc,heap     ] GC(39) Old regions: 26->26
[2025-12-24T10:45:38.169+0000][gc,heap     ] GC(39) Humongous regions: 131->131
[2025-12-24T10:45:38.169+0000][gc,metaspace] GC(39) Metaspace: 13908K(14208K)->13908K(14208K) NonClass: 12357K(12480K)->12357K(12480K) Class: 1551K(1728K)->1551K(1728K)
[2025-12-24T10:45:38.169+0000][gc          ] GC(39) Pause Young (Normal) (G1 Evacuation Pause) 769M->162M(1024M) 10.453ms
[2025-12-24T10:45:38.169+0000][gc,cpu      ] GC(39) User=0.06s Sys=0.00s Real=0.01s
[2025-12-24T10:46:08.421+0000][gc,start    ] GC(40) Pause Young (Normal) (G1 Evacuation Pause)
[2025-12-24T10:46:08.422+0000][gc,task     ] GC(40) Using 8 workers of 8 for evacuation
[2025-12-24T10:46:08.435+0000][gc,phases   ] GC(40)   Pre Evacuate Collection Set: 1.3ms
[2025-12-24T10:46:08.435+0000][gc,phases   ] GC(40)   Merge Heap Roots: 0.2ms
[2025-12-24T10:46:08.435+0000][gc,phases   ] GC(40)   Evacuate Collection Set: 6.2ms
[2025-12-24T10:46:08.435+0000][gc,phases   ] GC(40)   Post Evacuate Collection Set: 4.7ms
[2025-12-24T10:46:08.435+0000][gc,phases   ] GC(40)   Other: 0.3ms
[2025-12-24T10:46:08.436+0000][gc,heap     ] GC(40) Eden regions: 608->0(605)
[2025-12-24T10:46:08.436+0000][gc,heap     ] GC(40) Survivor regions: 6->9(77)
[2025-12-24T10:46:08.436+0000][gc,heap     ] GC(40) Old regions: 26->26
[2025-12-24T10:46:08.436+0000][gc,heap     ] GC(40) Humongous regions: 131->131
[2025-12-24T10:46:08.436+0000][gc,metaspace] GC(40) Metaspace: 13914K(14208K)->13914K(14208K) NonClass: 12363K(12480K)->12363K(12480K) Class: 1551K(1728K)->1551K(1728K)
[2025-12-24T10:46:08.436+0000][gc          ] GC(40) Pause Young (Normal) (G1 Evacuation Pause) 770M->164M(1024M) 15.145ms
[2025-12-24T10:46:08.436+0000][gc,cpu      ] GC(40) User=0.07s Sys=0.00s Real=0.01s
[2025-12-24T10:46:48.167+0000][gc,start    ] GC(41) Pause Young (Normal) (G1 Evacuation Pause)
[2025-12-24T10:46:48.167+0000][gc,task     ] GC(41) Using 8 workers of 8 for evacuation
[2025-12-24T10:46:48.183+0000][gc,phases   ] GC(41)   Pre Evacuate Collection Set: 1.5ms
[2025-12-24T10:46:48.183+0000][gc,phases   ] GC(41)   Merge Heap Roots: 0.2ms
[2025-12-24T10:46:48.183+0000][gc,phases   ] GC(41)   Evacuate Collection Set: 12.5ms
[2025-12-24T10:46:48.183+0000][gc,phases   ] GC(41)   Post Evacuate Collection Set: 1.2ms
[2025-12-24T10:46:48.183+0000][gc,phases   ] GC(41)   Other: 0.2ms
[2025-12-24T10:46:48.183+0000][gc,heap     ] GC(41) Eden regions: 605->0(606)
[2025-12-24T10:46:48.183+0000][gc,heap     ] GC(41) Survivor regions: 9->8(77)
[2025-12-24T10:46:48.183+0000][gc,heap     ] GC(41) Old regions: 26->27
[2025-12-24T10:46:48.183+0000][gc,heap     ] GC(41) Humongous regions: 131->131
[2025-12-24T10:46:48.183+0000][gc,metaspace] GC(41) Metaspace: 13916K(14208K)->13916K(14208K) NonClass: 12365K(12480K)->12365K(12480K) Class: 1551K(1728K)->1551K(1728K)
[2025-12-24T10:46:48.183+0000][gc          ] GC(41) Pause Young (Normal) (G1 Evacuation Pause) 769M->164M(1024M) 16.793ms
[2025-12-24T10:46:48.183+0000][gc,cpu      ] GC(41) User=0.11s Sys=0.00s Real=0.02s
[2025-12-24T10:47:18.401+0000][gc,start    ] GC(42) Pause Young (Normal) (G1 Evacuation Pause)
[2025-12-24T10:47:18.402+0000][gc,task     ] GC(42) Using 8 workers of 8 for evacuation
[2025-12-24T10:47:18.417+0000][gc,phases   ] GC(42)   Pre Evacuate Collection Set: 2.0ms
[2025-12-24T10:47:18.417+0000][gc,phases   ] GC(42)   Merge Heap Roots: 0.4ms
[2025-12-24T10:47:18.417+0000][gc,phases   ] GC(42)   Evacuate Collection Set: 10.7ms
[2025-12-24T10:47:18.417+0000][gc,phases   ] GC(42)   Post Evacuate Collection Set: 1.3ms
[2025-12-24T10:47:18.417+0000][gc,phases   ] GC(42)   Other: 0.4ms
[2025-12-24T10:47:18.417+0000][gc,heap     ] GC(42) Eden regions: 606->0(604)
[2025-12-24T10:47:18.417+0000][gc,heap     ] GC(42) Survivor regions: 8->10(77)
[2025-12-24T10:47:18.417+0000][gc,heap     ] GC(42) Old regions: 27->27
[2025-12-24T10:47:18.417+0000][gc,heap     ] GC(42) Humongous regions: 131->131
[2025-12-24T10:47:18.417+0000][gc,metaspace] GC(42) Metaspace: 13919K(14208K)->13919K(14208K) NonClass: 12368K(12480K)->12368K(12480K) Class: 1551K(1728K)->1551K(1728K)
[2025-12-24T10:47:18.417+0000][gc          ] GC(42) Pause Young (Normal) (G1 Evacuation Pause) 770M->166M(1024M) 16.648ms
[2025-12-24T10:47:18.417+0000][gc,cpu      ] GC(42) User=0.08s Sys=0.01s Real=0.02s
[2025-12-24T10:47:58.129+0000][gc,start    ] GC(43) Pause Young (Normal) (G1 Evacuation Pause)
[2025-12-24T10:47:58.130+0000][gc,task     ] GC(43) Using 8 workers of 8 for evacuation
[2025-12-24T10:47:58.139+0000][gc,phases   ] GC(43)   Pre Evacuate Collection Set: 1.1ms
[2025-12-24T10:47:58.139+0000][gc,phases   ] GC(43)   Merge Heap Roots: 0.2ms
[2025-12-24T10:47:58.139+0000][gc,phases   ] GC(43)   Evacuate Collection Set: 6.9ms
[2025-12-24T10:47:58.140+0000][gc,phases   ] GC(43)   Post Evacuate Collection Set: 1.0ms
[2025-12-24T10:47:58.140+0000][gc,phases   ] GC(43)   Other: 0.2ms
[2025-12-24T10:47:58.140+0000][gc,heap     ] GC(43) Eden regions: 604->0(605)
[2025-12-24T10:47:58.140+0000][gc,heap     ] GC(43) Survivor regions: 10->9(77)
[2025-12-24T10:47:58.140+0000][gc,heap     ] GC(43) Old regions: 27->27
[2025-12-24T10:47:58.140+0000][gc,heap     ] GC(43) Humongous regions: 131->131
[2025-12-24T10:47:58.140+0000][gc,metaspace] GC(43) Metaspace: 14039K(14400K)->14039K(14400K) NonClass: 12470K(12672K)->12470K(12672K) Class: 1568K(1728K)->1568K(1728K)
[2025-12-24T10:47:58.140+0000][gc          ] GC(43) Pause Young (Normal) (G1 Evacuation Pause) 770M->166M(1024M) 10.639ms
[2025-12-24T10:47:58.140+0000][gc,cpu      ] GC(43) User=0.07s Sys=0.00s Real=0.01s
[2025-12-24T10:48:28.357+0000][gc,start    ] GC(44) Pause Young (Normal) (G1 Evacuation Pause)
[2025-12-24T10:48:28.358+0000][gc,task     ] GC(44) Using 8 workers of 8 for evacuation
[2025-12-24T10:48:28.374+0000][gc,phases   ] GC(44)   Pre Evacuate Collection Set: 3.6ms
[2025-12-24T10:48:28.375+0000][gc,phases   ] GC(44)   Merge Heap Roots: 0.5ms
[2025-12-24T10:48:28.375+0000][gc,phases   ] GC(44)   Evacuate Collection Set: 11.2ms
[2025-12-24T10:48:28.375+0000][gc,phases   ] GC(44)   Post Evacuate Collection Set: 1.1ms
[2025-12-24T10:48:28.375+0000][gc,phases   ] GC(44)   Other: 0.2ms
[2025-12-24T10:48:28.375+0000][gc,heap     ] GC(44) Eden regions: 605->0(608)
[2025-12-24T10:48:28.375+0000][gc,heap     ] GC(44) Survivor regions: 9->6(77)
[2025-12-24T10:48:28.375+0000][gc,heap     ] GC(44) Old regions: 27->27
[2025-12-24T10:48:28.375+0000][gc,heap     ] GC(44) Humongous regions: 131->131
[2025-12-24T10:48:28.375+0000][gc,metaspace] GC(44) Metaspace: 14177K(14656K)->14177K(14656K) NonClass: 12590K(12864K)->12590K(12864K) Class: 1586K(1792K)->1586K(1792K)
[2025-12-24T10:48:28.375+0000][gc          ] GC(44) Pause Young (Normal) (G1 Evacuation Pause) 771M->163M(1024M) 17.986ms
[2025-12-24T10:48:28.375+0000][gc,cpu      ] GC(44) User=0.11s Sys=0.00s Real=0.02s
[2025-12-24T10:49:08.105+0000][gc,start    ] GC(45) Pause Young (Normal) (G1 Evacuation Pause)
[2025-12-24T10:49:08.105+0000][gc,task     ] GC(45) Using 8 workers of 8 for evacuation
[2025-12-24T10:49:08.121+0000][gc,phases   ] GC(45)   Pre Evacuate Collection Set: 1.3ms
[2025-12-24T10:49:08.121+0000][gc,phases   ] GC(45)   Merge Heap Roots: 0.2ms
[2025-12-24T10:49:08.121+0000][gc,phases   ] GC(45)   Evacuate Collection Set: 12.7ms
[2025-12-24T10:49:08.121+0000][gc,phases   ] GC(45)   Post Evacuate Collection Set: 1.3ms
[2025-12-24T10:49:08.121+0000][gc,phases   ] GC(45)   Other: 0.2ms
[2025-12-24T10:49:08.121+0000][gc,heap     ] GC(45) Eden regions: 608->0(608)
[2025-12-24T10:49:08.122+0000][gc,heap     ] GC(45) Survivor regions: 6->6(77)
[2025-12-24T10:49:08.122+0000][gc,heap     ] GC(45) Old regions: 27->27
[2025-12-24T10:49:08.122+0000][gc,heap     ] GC(45) Humongous regions: 131->131
[2025-12-24T10:49:08.122+0000][gc,metaspace] GC(45) Metaspace: 14186K(14656K)->14186K(14656K) NonClass: 12600K(12864K)->12600K(12864K) Class: 1586K(1792K)->1586K(1792K)
[2025-12-24T10:49:08.122+0000][gc          ] GC(45) Pause Young (Normal) (G1 Evacuation Pause) 771M->163M(1024M) 16.720ms
[2025-12-24T10:49:08.122+0000][gc,cpu      ] GC(45) User=0.10s Sys=0.00s Real=0.02s
[2025-12-24T10:49:38.362+0000][gc,start    ] GC(46) Pause Young (Normal) (G1 Evacuation Pause)
[2025-12-24T10:49:38.363+0000][gc,task     ] GC(46) Using 8 workers of 8 for evacuation
[2025-12-24T10:49:38.374+0000][gc,phases   ] GC(46)   Pre Evacuate Collection Set: 1.3ms
[2025-12-24T10:49:38.374+0000][gc,phases   ] GC(46)   Merge Heap Roots: 0.2ms
[2025-12-24T10:49:38.375+0000][gc,phases   ] GC(46)   Evacuate Collection Set: 7.3ms
[2025-12-24T10:49:38.375+0000][gc,phases   ] GC(46)   Post Evacuate Collection Set: 2.5ms
[2025-12-24T10:49:38.375+0000][gc,phases   ] GC(46)   Other: 0.2ms
[2025-12-24T10:49:38.375+0000][gc,heap     ] GC(46) Eden regions: 608->0(606)
[2025-12-24T10:49:38.375+0000][gc,heap     ] GC(46) Survivor regions: 6->8(77)
[2025-12-24T10:49:38.375+0000][gc,heap     ] GC(46) Old regions: 27->28
[2025-12-24T10:49:38.375+0000][gc,heap     ] GC(46) Humongous regions: 131->131
[2025-12-24T10:49:38.375+0000][gc,metaspace] GC(46) Metaspace: 14190K(14656K)->14190K(14656K) NonClass: 12604K(12864K)->12604K(12864K) Class: 1586K(1792K)->1586K(1792K)
[2025-12-24T10:49:38.375+0000][gc          ] GC(46) Pause Young (Normal) (G1 Evacuation Pause) 771M->165M(1024M) 12.876ms
[2025-12-24T10:49:38.375+0000][gc,cpu      ] GC(46) User=0.07s Sys=0.00s Real=0.01s
[2025-12-24T10:50:18.404+0000][gc,start    ] GC(47) Pause Young (Normal) (G1 Evacuation Pause)
[2025-12-24T10:50:18.404+0000][gc,task     ] GC(47) Using 8 workers of 8 for evacuation
[2025-12-24T10:50:18.421+0000][gc,phases   ] GC(47)   Pre Evacuate Collection Set: 4.0ms
[2025-12-24T10:50:18.421+0000][gc,phases   ] GC(47)   Merge Heap Roots: 0.5ms
[2025-12-24T10:50:18.421+0000][gc,phases   ] GC(47)   Evacuate Collection Set: 10.3ms
[2025-12-24T10:50:18.421+0000][gc,phases   ] GC(47)   Post Evacuate Collection Set: 1.3ms
[2025-12-24T10:50:18.421+0000][gc,phases   ] GC(47)   Other: 0.3ms
[2025-12-24T10:50:18.421+0000][gc,heap     ] GC(47) Eden regions: 606->0(607)
[2025-12-24T10:50:18.421+0000][gc,heap     ] GC(47) Survivor regions: 8->7(77)
[2025-12-24T10:50:18.421+0000][gc,heap     ] GC(47) Old regions: 28->28
[2025-12-24T10:50:18.421+0000][gc,heap     ] GC(47) Humongous regions: 131->131
[2025-12-24T10:50:18.421+0000][gc,metaspace] GC(47) Metaspace: 14192K(14656K)->14192K(14656K) NonClass: 12605K(12864K)->12605K(12864K) Class: 1587K(1792K)->1587K(1792K)
[2025-12-24T10:50:18.422+0000][gc          ] GC(47) Pause Young (Normal) (G1 Evacuation Pause) 771M->164M(1024M) 17.680ms
[2025-12-24T10:50:18.422+0000][gc,cpu      ] GC(47) User=0.10s Sys=0.01s Real=0.01s
[2025-12-24T10:50:48.717+0000][gc,start    ] GC(48) Pause Young (Normal) (G1 Evacuation Pause)
[2025-12-24T10:50:48.719+0000][gc,task     ] GC(48) Using 8 workers of 8 for evacuation
[2025-12-24T10:50:48.734+0000][gc,phases   ] GC(48)   Pre Evacuate Collection Set: 3.0ms
[2025-12-24T10:50:48.735+0000][gc,phases   ] GC(48)   Merge Heap Roots: 1.4ms
[2025-12-24T10:50:48.735+0000][gc,phases   ] GC(48)   Evacuate Collection Set: 10.1ms
[2025-12-24T10:50:48.735+0000][gc,phases   ] GC(48)   Post Evacuate Collection Set: 1.0ms
[2025-12-24T10:50:48.735+0000][gc,phases   ] GC(48)   Other: 0.2ms
[2025-12-24T10:50:48.735+0000][gc,heap     ] GC(48) Eden regions: 607->0(605)
[2025-12-24T10:50:48.735+0000][gc,heap     ] GC(48) Survivor regions: 7->9(77)
[2025-12-24T10:50:48.735+0000][gc,heap     ] GC(48) Old regions: 28->28
[2025-12-24T10:50:48.735+0000][gc,heap     ] GC(48) Humongous regions: 131->131
[2025-12-24T10:50:48.735+0000][gc,metaspace] GC(48) Metaspace: 14194K(14656K)->14194K(14656K) NonClass: 12607K(12864K)->12607K(12864K) Class: 1587K(1792K)->1587K(1792K)
[2025-12-24T10:50:48.735+0000][gc          ] GC(48) Pause Young (Normal) (G1 Evacuation Pause) 771M->166M(1024M) 18.032ms
[2025-12-24T10:50:48.735+0000][gc,cpu      ] GC(48) User=0.11s Sys=0.00s Real=0.02s
[2025-12-24T10:51:28.433+0000][gc,start    ] GC(49) Pause Young (Normal) (G1 Evacuation Pause)
[2025-12-24T10:51:28.434+0000][gc,task     ] GC(49) Using 8 workers of 8 for evacuation
[2025-12-24T10:51:28.459+0000][gc,phases   ] GC(49)   Pre Evacuate Collection Set: 1.7ms
[2025-12-24T10:51:28.459+0000][gc,phases   ] GC(49)   Merge Heap Roots: 0.3ms
[2025-12-24T10:51:28.459+0000][gc,phases   ] GC(49)   Evacuate Collection Set: 22.2ms
[2025-12-24T10:51:28.459+0000][gc,phases   ] GC(49)   Post Evacuate Collection Set: 1.2ms
[2025-12-24T10:51:28.459+0000][gc,phases   ] GC(49)   Other: 0.3ms
[2025-12-24T10:51:28.459+0000][gc,heap     ] GC(49) Eden regions: 605->0(606)
[2025-12-24T10:51:28.460+0000][gc,heap     ] GC(49) Survivor regions: 9->8(77)
[2025-12-24T10:51:28.460+0000][gc,heap     ] GC(49) Old regions: 28->28
[2025-12-24T10:51:28.460+0000][gc,heap     ] GC(49) Humongous regions: 131->131
[2025-12-24T10:51:28.460+0000][gc,metaspace] GC(49) Metaspace: 14194K(14656K)->14194K(14656K) NonClass: 12607K(12864K)->12607K(12864K) Class: 1587K(1792K)->1587K(1792K)
[2025-12-24T10:51:28.460+0000][gc          ] GC(49) Pause Young (Normal) (G1 Evacuation Pause) 771M->166M(1024M) 26.947ms
[2025-12-24T10:51:28.460+0000][gc,cpu      ] GC(49) User=0.19s Sys=0.00s Real=0.03s
[2025-12-24T10:51:58.712+0000][gc,start    ] GC(50) Pause Young (Normal) (G1 Evacuation Pause)
[2025-12-24T10:51:58.712+0000][gc,task     ] GC(50) Using 8 workers of 8 for evacuation
[2025-12-24T10:51:58.733+0000][gc,phases   ] GC(50)   Pre Evacuate Collection Set: 1.3ms
[2025-12-24T10:51:58.733+0000][gc,phases   ] GC(50)   Merge Heap Roots: 0.2ms
[2025-12-24T10:51:58.734+0000][gc,phases   ] GC(50)   Evacuate Collection Set: 18.4ms
[2025-12-24T10:51:58.734+0000][gc,phases   ] GC(50)   Post Evacuate Collection Set: 1.0ms
[2025-12-24T10:51:58.734+0000][gc,phases   ] GC(50)   Other: 0.3ms
[2025-12-24T10:51:58.734+0000][gc,heap     ] GC(50) Eden regions: 606->0(604)
[2025-12-24T10:51:58.734+0000][gc,heap     ] GC(50) Survivor regions: 8->10(77)
[2025-12-24T10:51:58.734+0000][gc,heap     ] GC(50) Old regions: 28->29
[2025-12-24T10:51:58.734+0000][gc,heap     ] GC(50) Humongous regions: 131->131
[2025-12-24T10:51:58.734+0000][gc,metaspace] GC(50) Metaspace: 14195K(14656K)->14195K(14656K) NonClass: 12607K(12864K)->12607K(12864K) Class: 1587K(1792K)->1587K(1792K)
[2025-12-24T10:51:58.734+0000][gc          ] GC(50) Pause Young (Normal) (G1 Evacuation Pause) 772M->168M(1024M) 22.312ms
[2025-12-24T10:51:58.734+0000][gc,cpu      ] GC(50) User=0.13s Sys=0.00s Real=0.02s
[2025-12-24T10:52:38.382+0000][gc,start    ] GC(51) Pause Young (Normal) (G1 Evacuation Pause)
[2025-12-24T10:52:38.383+0000][gc,task     ] GC(51) Using 8 workers of 8 for evacuation
[2025-12-24T10:52:38.398+0000][gc,phases   ] GC(51)   Pre Evacuate Collection Set: 1.9ms
[2025-12-24T10:52:38.398+0000][gc,phases   ] GC(51)   Merge Heap Roots: 0.4ms
[2025-12-24T10:52:38.398+0000][gc,phases   ] GC(51)   Evacuate Collection Set: 11.0ms
[2025-12-24T10:52:38.399+0000][gc,phases   ] GC(51)   Post Evacuate Collection Set: 1.5ms
[2025-12-24T10:52:38.399+0000][gc,phases   ] GC(51)   Other: 0.4ms
[2025-12-24T10:52:38.399+0000][gc,heap     ] GC(51) Eden regions: 604->0(609)
[2025-12-24T10:52:38.399+0000][gc,heap     ] GC(51) Survivor regions: 10->5(77)
[2025-12-24T10:52:38.399+0000][gc,heap     ] GC(51) Old regions: 29->29
[2025-12-24T10:52:38.399+0000][gc,heap     ] GC(51) Humongous regions: 131->131
[2025-12-24T10:52:38.399+0000][gc,metaspace] GC(51) Metaspace: 14199K(14656K)->14199K(14656K) NonClass: 12612K(12864K)->12612K(12864K) Class: 1587K(1792K)->1587K(1792K)
[2025-12-24T10:52:38.399+0000][gc          ] GC(51) Pause Young (Normal) (G1 Evacuation Pause) 772M->164M(1024M) 17.070ms
[2025-12-24T10:52:38.399+0000][gc,cpu      ] GC(51) User=0.09s Sys=0.00s Real=0.02s
[2025-12-24T10:53:08.670+0000][gc,start    ] GC(52) Pause Young (Normal) (G1 Evacuation Pause)
[2025-12-24T10:53:08.671+0000][gc,task     ] GC(52) Using 8 workers of 8 for evacuation
[2025-12-24T10:53:08.683+0000][gc,phases   ] GC(52)   Pre Evacuate Collection Set: 1.1ms
[2025-12-24T10:53:08.683+0000][gc,phases   ] GC(52)   Merge Heap Roots: 0.2ms
[2025-12-24T10:53:08.684+0000][gc,phases   ] GC(52)   Evacuate Collection Set: 10.3ms
[2025-12-24T10:53:08.684+0000][gc,phases   ] GC(52)   Post Evacuate Collection Set: 1.0ms
[2025-12-24T10:53:08.684+0000][gc,phases   ] GC(52)   Other: 0.2ms
[2025-12-24T10:53:08.684+0000][gc,heap     ] GC(52) Eden regions: 609->0(608)
[2025-12-24T10:53:08.684+0000][gc,heap     ] GC(52) Survivor regions: 5->6(77)
[2025-12-24T10:53:08.684+0000][gc,heap     ] GC(52) Old regions: 29->29
[2025-12-24T10:53:08.684+0000][gc,heap     ] GC(52) Humongous regions: 131->131
[2025-12-24T10:53:08.684+0000][gc,metaspace] GC(52) Metaspace: 14210K(14656K)->14210K(14656K) NonClass: 12623K(12864K)->12623K(12864K) Class: 1587K(1792K)->1587K(1792K)
[2025-12-24T10:53:08.684+0000][gc          ] GC(52) Pause Young (Normal) (G1 Evacuation Pause) 773M->165M(1024M) 13.985ms
[2025-12-24T10:53:08.684+0000][gc,cpu      ] GC(52) User=0.09s Sys=0.00s Real=0.01s
[2025-12-24T10:53:48.412+0000][gc,start    ] GC(53) Pause Young (Normal) (G1 Evacuation Pause)
[2025-12-24T10:53:48.413+0000][gc,task     ] GC(53) Using 8 workers of 8 for evacuation
[2025-12-24T10:53:48.424+0000][gc,phases   ] GC(53)   Pre Evacuate Collection Set: 1.5ms
[2025-12-24T10:53:48.425+0000][gc,phases   ] GC(53)   Merge Heap Roots: 0.4ms
[2025-12-24T10:53:48.425+0000][gc,phases   ] GC(53)   Evacuate Collection Set: 7.8ms
[2025-12-24T10:53:48.425+0000][gc,phases   ] GC(53)   Post Evacuate Collection Set: 1.3ms
[2025-12-24T10:53:48.425+0000][gc,phases   ] GC(53)   Other: 0.3ms
[2025-12-24T10:53:48.425+0000][gc,heap     ] GC(53) Eden regions: 608->0(608)
[2025-12-24T10:53:48.425+0000][gc,heap     ] GC(53) Survivor regions: 6->6(77)
[2025-12-24T10:53:48.425+0000][gc,heap     ] GC(53) Old regions: 29->29
[2025-12-24T10:53:48.425+0000][gc,heap     ] GC(53) Humongous regions: 131->131
[2025-12-24T10:53:48.425+0000][gc,metaspace] GC(53) Metaspace: 14213K(14656K)->14213K(14656K) NonClass: 12625K(12864K)->12625K(12864K) Class: 1587K(1792K)->1587K(1792K)
[2025-12-24T10:53:48.425+0000][gc          ] GC(53) Pause Young (Normal) (G1 Evacuation Pause) 773M->165M(1024M) 13.511ms
[2025-12-24T10:53:48.426+0000][gc,cpu      ] GC(53) User=0.07s Sys=0.00s Real=0.01s
[2025-12-24T10:54:18.698+0000][gc,start    ] GC(54) Pause Young (Normal) (G1 Evacuation Pause)
[2025-12-24T10:54:18.699+0000][gc,task     ] GC(54) Using 8 workers of 8 for evacuation
[2025-12-24T10:54:18.710+0000][gc,phases   ] GC(54)   Pre Evacuate Collection Set: 0.9ms
[2025-12-24T10:54:18.710+0000][gc,phases   ] GC(54)   Merge Heap Roots: 0.2ms
[2025-12-24T10:54:18.710+0000][gc,phases   ] GC(54)   Evacuate Collection Set: 9.1ms
[2025-12-24T10:54:18.710+0000][gc,phases   ] GC(54)   Post Evacuate Collection Set: 0.9ms
[2025-12-24T10:54:18.710+0000][gc,phases   ] GC(54)   Other: 0.2ms
[2025-12-24T10:54:18.711+0000][gc,heap     ] GC(54) Eden regions: 608->0(606)
[2025-12-24T10:54:18.711+0000][gc,heap     ] GC(54) Survivor regions: 6->8(77)
[2025-12-24T10:54:18.711+0000][gc,heap     ] GC(54) Old regions: 29->30
[2025-12-24T10:54:18.711+0000][gc,heap     ] GC(54) Humongous regions: 131->131
[2025-12-24T10:54:18.711+0000][gc,metaspace] GC(54) Metaspace: 14215K(14656K)->14215K(14656K) NonClass: 12627K(12864K)->12627K(12864K) Class: 1587K(1792K)->1587K(1792K)
[2025-12-24T10:54:18.711+0000][gc          ] GC(54) Pause Young (Normal) (G1 Evacuation Pause) 773M->167M(1024M) 12.299ms
[2025-12-24T10:54:18.711+0000][gc,cpu      ] GC(54) User=0.07s Sys=0.00s Real=0.01s
[2025-12-24T10:54:58.429+0000][gc,start    ] GC(55) Pause Young (Normal) (G1 Evacuation Pause)
[2025-12-24T10:54:58.430+0000][gc,task     ] GC(55) Using 8 workers of 8 for evacuation
[2025-12-24T10:54:58.450+0000][gc,phases   ] GC(55)   Pre Evacuate Collection Set: 1.3ms
[2025-12-24T10:54:58.450+0000][gc,phases   ] GC(55)   Merge Heap Roots: 0.3ms
[2025-12-24T10:54:58.450+0000][gc,phases   ] GC(55)   Evacuate Collection Set: 14.9ms
[2025-12-24T10:54:58.450+0000][gc,phases   ] GC(55)   Post Evacuate Collection Set: 3.1ms
[2025-12-24T10:54:58.450+0000][gc,phases   ] GC(55)   Other: 0.4ms
[2025-12-24T10:54:58.450+0000][gc,heap     ] GC(55) Eden regions: 606->0(607)
[2025-12-24T10:54:58.450+0000][gc,heap     ] GC(55) Survivor regions: 8->7(77)
[2025-12-24T10:54:58.450+0000][gc,heap     ] GC(55) Old regions: 30->30
[2025-12-24T10:54:58.450+0000][gc,heap     ] GC(55) Humongous regions: 131->131
[2025-12-24T10:54:58.451+0000][gc,metaspace] GC(55) Metaspace: 14216K(14656K)->14216K(14656K) NonClass: 12628K(12864K)->12628K(12864K) Class: 1587K(1792K)->1587K(1792K)
[2025-12-24T10:54:58.451+0000][gc          ] GC(55) Pause Young (Normal) (G1 Evacuation Pause) 773M->167M(1024M) 21.544ms
[2025-12-24T10:54:58.451+0000][gc,cpu      ] GC(55) User=0.13s Sys=0.00s Real=0.02s
[2025-12-24T10:55:28.653+0000][gc,start    ] GC(56) Pause Young (Normal) (G1 Evacuation Pause)
[2025-12-24T10:55:28.654+0000][gc,task     ] GC(56) Using 8 workers of 8 for evacuation
[2025-12-24T10:55:28.668+0000][gc,phases   ] GC(56)   Pre Evacuate Collection Set: 0.9ms
[2025-12-24T10:55:28.668+0000][gc,phases   ] GC(56)   Merge Heap Roots: 0.2ms
[2025-12-24T10:55:28.668+0000][gc,phases   ] GC(56)   Evacuate Collection Set: 11.4ms
[2025-12-24T10:55:28.668+0000][gc,phases   ] GC(56)   Post Evacuate Collection Set: 0.9ms
[2025-12-24T10:55:28.668+0000][gc,phases   ] GC(56)   Other: 0.2ms
[2025-12-24T10:55:28.668+0000][gc,heap     ] GC(56) Eden regions: 607->0(605)
[2025-12-24T10:55:28.668+0000][gc,heap     ] GC(56) Survivor regions: 7->9(77)
[2025-12-24T10:55:28.668+0000][gc,heap     ] GC(56) Old regions: 30->30
[2025-12-24T10:55:28.668+0000][gc,heap     ] GC(56) Humongous regions: 131->131
[2025-12-24T10:55:28.668+0000][gc,metaspace] GC(56) Metaspace: 14220K(14656K)->14220K(14656K) NonClass: 12633K(12864K)->12633K(12864K) Class: 1587K(1792K)->1587K(1792K)
[2025-12-24T10:55:28.668+0000][gc          ] GC(56) Pause Young (Normal) (G1 Evacuation Pause) 774M->169M(1024M) 15.514ms
[2025-12-24T10:55:28.668+0000][gc,cpu      ] GC(56) User=0.09s Sys=0.01s Real=0.02s
[2025-12-24T10:56:08.396+0000][gc,start    ] GC(57) Pause Young (Normal) (G1 Evacuation Pause)
[2025-12-24T10:56:08.398+0000][gc,task     ] GC(57) Using 8 workers of 8 for evacuation
[2025-12-24T10:56:08.407+0000][gc,phases   ] GC(57)   Pre Evacuate Collection Set: 0.8ms
[2025-12-24T10:56:08.407+0000][gc,phases   ] GC(57)   Merge Heap Roots: 0.2ms
[2025-12-24T10:56:08.408+0000][gc,phases   ] GC(57)   Evacuate Collection Set: 7.7ms
[2025-12-24T10:56:08.408+0000][gc,phases   ] GC(57)   Post Evacuate Collection Set: 0.8ms
[2025-12-24T10:56:08.408+0000][gc,phases   ] GC(57)   Other: 0.3ms
[2025-12-24T10:56:08.408+0000][gc,heap     ] GC(57) Eden regions: 605->0(606)
[2025-12-24T10:56:08.408+0000][gc,heap     ] GC(57) Survivor regions: 9->8(77)
[2025-12-24T10:56:08.408+0000][gc,heap     ] GC(57) Old regions: 30->30
[2025-12-24T10:56:08.408+0000][gc,heap     ] GC(57) Humongous regions: 131->131
[2025-12-24T10:56:08.408+0000][gc,metaspace] GC(57) Metaspace: 14222K(14656K)->14222K(14656K) NonClass: 12634K(12864K)->12634K(12864K) Class: 1587K(1792K)->1587K(1792K)
[2025-12-24T10:56:08.408+0000][gc          ] GC(57) Pause Young (Normal) (G1 Evacuation Pause) 774M->168M(1024M) 11.492ms
[2025-12-24T10:56:08.408+0000][gc,cpu      ] GC(57) User=0.06s Sys=0.01s Real=0.01s
[2025-12-24T10:56:38.705+0000][gc,start    ] GC(58) Pause Young (Normal) (G1 Evacuation Pause)
[2025-12-24T10:56:38.705+0000][gc,task     ] GC(58) Using 8 workers of 8 for evacuation
[2025-12-24T10:56:38.724+0000][gc,phases   ] GC(58)   Pre Evacuate Collection Set: 1.1ms
[2025-12-24T10:56:38.724+0000][gc,phases   ] GC(58)   Merge Heap Roots: 0.2ms
[2025-12-24T10:56:38.724+0000][gc,phases   ] GC(58)   Evacuate Collection Set: 16.1ms
[2025-12-24T10:56:38.724+0000][gc,phases   ] GC(58)   Post Evacuate Collection Set: 1.0ms
[2025-12-24T10:56:38.724+0000][gc,phases   ] GC(58)   Other: 0.3ms
[2025-12-24T10:56:38.724+0000][gc,heap     ] GC(58) Eden regions: 606->0(608)
[2025-12-24T10:56:38.724+0000][gc,heap     ] GC(58) Survivor regions: 8->6(77)
[2025-12-24T10:56:38.724+0000][gc,heap     ] GC(58) Old regions: 30->31
[2025-12-24T10:56:38.724+0000][gc,heap     ] GC(58) Humongous regions: 131->131
[2025-12-24T10:56:38.724+0000][gc,metaspace] GC(58) Metaspace: 14223K(14656K)->14223K(14656K) NonClass: 12635K(12864K)->12635K(12864K) Class: 1587K(1792K)->1587K(1792K)
[2025-12-24T10:56:38.724+0000][gc          ] GC(58) Pause Young (Normal) (G1 Evacuation Pause) 774M->166M(1024M) 19.784ms
[2025-12-24T10:56:38.724+0000][gc,cpu      ] GC(58) User=0.11s Sys=0.03s Real=0.02s
[2025-12-24T10:57:18.387+0000][gc,start    ] GC(59) Pause Young (Normal) (G1 Evacuation Pause)
[2025-12-24T10:57:18.388+0000][gc,task     ] GC(59) Using 8 workers of 8 for evacuation
[2025-12-24T10:57:18.401+0000][gc,phases   ] GC(59)   Pre Evacuate Collection Set: 1.9ms
[2025-12-24T10:57:18.401+0000][gc,phases   ] GC(59)   Merge Heap Roots: 0.4ms
[2025-12-24T10:57:18.401+0000][gc,phases   ] GC(59)   Evacuate Collection Set: 9.0ms
[2025-12-24T10:57:18.401+0000][gc,phases   ] GC(59)   Post Evacuate Collection Set: 1.3ms
[2025-12-24T10:57:18.402+0000][gc,phases   ] GC(59)   Other: 0.4ms
[2025-12-24T10:57:18.402+0000][gc,heap     ] GC(59) Eden regions: 608->0(609)
[2025-12-24T10:57:18.402+0000][gc,heap     ] GC(59) Survivor regions: 6->5(77)
[2025-12-24T10:57:18.402+0000][gc,heap     ] GC(59) Old regions: 31->31
[2025-12-24T10:57:18.402+0000][gc,heap     ] GC(59) Humongous regions: 131->131
[2025-12-24T10:57:18.402+0000][gc,metaspace] GC(59) Metaspace: 14225K(14656K)->14225K(14656K) NonClass: 12638K(12864K)->12638K(12864K) Class: 1587K(1792K)->1587K(1792K)
[2025-12-24T10:57:18.402+0000][gc          ] GC(59) Pause Young (Normal) (G1 Evacuation Pause) 774M->166M(1024M) 15.373ms
[2025-12-24T10:57:18.402+0000][gc,cpu      ] GC(59) User=0.08s Sys=0.00s Real=0.01s
[2025-12-24T10:57:48.678+0000][gc,start    ] GC(60) Pause Young (Normal) (G1 Evacuation Pause)
[2025-12-24T10:57:48.678+0000][gc,task     ] GC(60) Using 8 workers of 8 for evacuation
[2025-12-24T10:57:48.690+0000][gc,phases   ] GC(60)   Pre Evacuate Collection Set: 1.1ms
[2025-12-24T10:57:48.690+0000][gc,phases   ] GC(60)   Merge Heap Roots: 0.2ms
[2025-12-24T10:57:48.690+0000][gc,phases   ] GC(60)   Evacuate Collection Set: 8.8ms
[2025-12-24T10:57:48.690+0000][gc,phases   ] GC(60)   Post Evacuate Collection Set: 0.8ms
[2025-12-24T10:57:48.690+0000][gc,phases   ] GC(60)   Other: 0.2ms
[2025-12-24T10:57:48.690+0000][gc,heap     ] GC(60) Eden regions: 609->0(607)
[2025-12-24T10:57:48.690+0000][gc,heap     ] GC(60) Survivor regions: 5->7(77)
[2025-12-24T10:57:48.690+0000][gc,heap     ] GC(60) Old regions: 31->31
[2025-12-24T10:57:48.690+0000][gc,heap     ] GC(60) Humongous regions: 131->131
[2025-12-24T10:57:48.690+0000][gc,metaspace] GC(60) Metaspace: 14226K(14656K)->14226K(14656K) NonClass: 12638K(12864K)->12638K(12864K) Class: 1587K(1792K)->1587K(1792K)
[2025-12-24T10:57:48.690+0000][gc          ] GC(60) Pause Young (Normal) (G1 Evacuation Pause) 775M->168M(1024M) 12.326ms
[2025-12-24T10:57:48.690+0000][gc,cpu      ] GC(60) User=0.07s Sys=0.00s Real=0.01s
[2025-12-24T10:58:28.419+0000][gc,start    ] GC(61) Pause Young (Normal) (G1 Evacuation Pause)
[2025-12-24T10:58:28.421+0000][gc,task     ] GC(61) Using 8 workers of 8 for evacuation
[2025-12-24T10:58:28.433+0000][gc,phases   ] GC(61)   Pre Evacuate Collection Set: 1.2ms
[2025-12-24T10:58:28.433+0000][gc,phases   ] GC(61)   Merge Heap Roots: 0.3ms
[2025-12-24T10:58:28.433+0000][gc,phases   ] GC(61)   Evacuate Collection Set: 8.7ms
[2025-12-24T10:58:28.433+0000][gc,phases   ] GC(61)   Post Evacuate Collection Set: 2.0ms
[2025-12-24T10:58:28.434+0000][gc,phases   ] GC(61)   Other: 0.3ms
[2025-12-24T10:58:28.434+0000][gc,heap     ] GC(61) Eden regions: 607->0(608)
[2025-12-24T10:58:28.434+0000][gc,heap     ] GC(61) Survivor regions: 7->6(77)
[2025-12-24T10:58:28.434+0000][gc,heap     ] GC(61) Old regions: 31->31
[2025-12-24T10:58:28.434+0000][gc,heap     ] GC(61) Humongous regions: 131->131
[2025-12-24T10:58:28.434+0000][gc,metaspace] GC(61) Metaspace: 14242K(14656K)->14242K(14656K) NonClass: 12655K(12864K)->12655K(12864K) Class: 1587K(1792K)->1587K(1792K)
[2025-12-24T10:58:28.434+0000][gc          ] GC(61) Pause Young (Normal) (G1 Evacuation Pause) 775M->167M(1024M) 14.349ms
[2025-12-24T10:58:28.434+0000][gc,cpu      ] GC(61) User=0.08s Sys=0.00s Real=0.01s
[2025-12-24T10:58:58.662+0000][gc,start    ] GC(62) Pause Young (Normal) (G1 Evacuation Pause)
[2025-12-24T10:58:58.663+0000][gc,task     ] GC(62) Using 8 workers of 8 for evacuation
[2025-12-24T10:58:58.680+0000][gc,phases   ] GC(62)   Pre Evacuate Collection Set: 0.9ms
[2025-12-24T10:58:58.680+0000][gc,phases   ] GC(62)   Merge Heap Roots: 0.2ms
[2025-12-24T10:58:58.680+0000][gc,phases   ] GC(62)   Evacuate Collection Set: 15.0ms
[2025-12-24T10:58:58.680+0000][gc,phases   ] GC(62)   Post Evacuate Collection Set: 0.9ms
[2025-12-24T10:58:58.680+0000][gc,phases   ] GC(62)   Other: 0.2ms
[2025-12-24T10:58:58.680+0000][gc,heap     ] GC(62) Eden regions: 608->0(606)
[2025-12-24T10:58:58.680+0000][gc,heap     ] GC(62) Survivor regions: 6->8(77)
[2025-12-24T10:58:58.680+0000][gc,heap     ] GC(62) Old regions: 31->32
[2025-12-24T10:58:58.680+0000][gc,heap     ] GC(62) Humongous regions: 131->131
[2025-12-24T10:58:58.680+0000][gc,metaspace] GC(62) Metaspace: 14309K(14720K)->14309K(14720K) NonClass: 12721K(12928K)->12721K(12928K) Class: 1587K(1792K)->1587K(1792K)
[2025-12-24T10:58:58.681+0000][gc          ] GC(62) Pause Young (Normal) (G1 Evacuation Pause) 775M->170M(1024M) 18.732ms
[2025-12-24T10:58:58.681+0000][gc,cpu      ] GC(62) User=0.13s Sys=0.00s Real=0.02s
[2025-12-24T10:59:38.516+0000][gc,start    ] GC(63) Pause Young (Normal) (G1 Evacuation Pause)
[2025-12-24T10:59:38.517+0000][gc,task     ] GC(63) Using 8 workers of 8 for evacuation
[2025-12-24T10:59:38.539+0000][gc,phases   ] GC(63)   Pre Evacuate Collection Set: 4.1ms
[2025-12-24T10:59:38.539+0000][gc,phases   ] GC(63)   Merge Heap Roots: 0.5ms
[2025-12-24T10:59:38.539+0000][gc,phases   ] GC(63)   Evacuate Collection Set: 14.1ms
[2025-12-24T10:59:38.539+0000][gc,phases   ] GC(63)   Post Evacuate Collection Set: 2.6ms
[2025-12-24T10:59:38.539+0000][gc,phases   ] GC(63)   Other: 0.6ms
[2025-12-24T10:59:38.539+0000][gc,heap     ] GC(63) Eden regions: 606->0(606)
[2025-12-24T10:59:38.539+0000][gc,heap     ] GC(63) Survivor regions: 8->8(77)
[2025-12-24T10:59:38.540+0000][gc,heap     ] GC(63) Old regions: 32->32
[2025-12-24T10:59:38.540+0000][gc,heap     ] GC(63) Humongous regions: 131->131
[2025-12-24T10:59:38.540+0000][gc,metaspace] GC(63) Metaspace: 14315K(14720K)->14315K(14720K) NonClass: 12728K(12928K)->12728K(12928K) Class: 1587K(1792K)->1587K(1792K)
[2025-12-24T10:59:38.540+0000][gc          ] GC(63) Pause Young (Normal) (G1 Evacuation Pause) 776M->169M(1024M) 23.601ms
[2025-12-24T10:59:38.540+0000][gc,cpu      ] GC(63) User=0.14s Sys=0.00s Real=0.02s
[2025-12-24T11:04:44.582+0000][gc,start    ] GC(64) Pause Young (Normal) (G1 Evacuation Pause)
[2025-12-24T11:04:44.582+0000][gc,task     ] GC(64) Using 8 workers of 8 for evacuation
[2025-12-24T11:04:44.603+0000][gc,phases   ] GC(64)   Pre Evacuate Collection Set: 0.9ms
[2025-12-24T11:04:44.603+0000][gc,phases   ] GC(64)   Merge Heap Roots: 0.2ms
[2025-12-24T11:04:44.603+0000][gc,phases   ] GC(64)   Evacuate Collection Set: 18.1ms
[2025-12-24T11:04:44.603+0000][gc,phases   ] GC(64)   Post Evacuate Collection Set: 1.1ms
[2025-12-24T11:04:44.603+0000][gc,phases   ] GC(64)   Other: 0.2ms
[2025-12-24T11:04:44.603+0000][gc,heap     ] GC(64) Eden regions: 606->0(605)
[2025-12-24T11:04:44.603+0000][gc,heap     ] GC(64) Survivor regions: 8->9(77)
[2025-12-24T11:04:44.603+0000][gc,heap     ] GC(64) Old regions: 32->32
[2025-12-24T11:04:44.603+0000][gc,heap     ] GC(64) Humongous regions: 131->131
[2025-12-24T11:04:44.603+0000][gc,metaspace] GC(64) Metaspace: 14331K(14720K)->14331K(14720K) NonClass: 12741K(12928K)->12741K(12928K) Class: 1589K(1792K)->1589K(1792K)
[2025-12-24T11:04:44.603+0000][gc          ] GC(64) Pause Young (Normal) (G1 Evacuation Pause) 775M->171M(1024M) 21.632ms
[2025-12-24T11:04:44.603+0000][gc,cpu      ] GC(64) User=0.15s Sys=0.00s Real=0.02s
[2025-12-24T11:05:24.303+0000][gc,start    ] GC(65) Pause Young (Normal) (G1 Evacuation Pause)
[2025-12-24T11:05:24.304+0000][gc,task     ] GC(65) Using 8 workers of 8 for evacuation
[2025-12-24T11:05:24.316+0000][gc,phases   ] GC(65)   Pre Evacuate Collection Set: 1.1ms
[2025-12-24T11:05:24.316+0000][gc,phases   ] GC(65)   Merge Heap Roots: 0.2ms
[2025-12-24T11:05:24.316+0000][gc,phases   ] GC(65)   Evacuate Collection Set: 5.6ms
[2025-12-24T11:05:24.316+0000][gc,phases   ] GC(65)   Post Evacuate Collection Set: 5.1ms
[2025-12-24T11:05:24.316+0000][gc,phases   ] GC(65)   Other: 0.3ms
[2025-12-24T11:05:24.316+0000][gc,heap     ] GC(65) Eden regions: 605->0(609)
[2025-12-24T11:05:24.316+0000][gc,heap     ] GC(65) Survivor regions: 9->5(77)
[2025-12-24T11:05:24.317+0000][gc,heap     ] GC(65) Old regions: 32->32
[2025-12-24T11:05:24.317+0000][gc,heap     ] GC(65) Humongous regions: 131->131
[2025-12-24T11:05:24.317+0000][gc,metaspace] GC(65) Metaspace: 14360K(14784K)->14360K(14784K) NonClass: 12771K(12992K)->12771K(12992K) Class: 1589K(1792K)->1589K(1792K)
[2025-12-24T11:05:24.317+0000][gc          ] GC(65) Pause Young (Normal) (G1 Evacuation Pause) 776M->167M(1024M) 13.519ms
[2025-12-24T11:05:24.317+0000][gc,cpu      ] GC(65) User=0.08s Sys=0.00s Real=0.02s
[2025-12-24T11:05:54.629+0000][gc,start    ] GC(66) Pause Young (Normal) (G1 Evacuation Pause)
[2025-12-24T11:05:54.630+0000][gc,task     ] GC(66) Using 8 workers of 8 for evacuation
[2025-12-24T11:05:54.648+0000][gc,phases   ] GC(66)   Pre Evacuate Collection Set: 4.9ms
[2025-12-24T11:05:54.648+0000][gc,phases   ] GC(66)   Merge Heap Roots: 0.8ms
[2025-12-24T11:05:54.648+0000][gc,phases   ] GC(66)   Evacuate Collection Set: 10.9ms
[2025-12-24T11:05:54.648+0000][gc,phases   ] GC(66)   Post Evacuate Collection Set: 1.1ms
[2025-12-24T11:05:54.648+0000][gc,phases   ] GC(66)   Other: 0.2ms
[2025-12-24T11:05:54.648+0000][gc,heap     ] GC(66) Eden regions: 609->0(608)
[2025-12-24T11:05:54.649+0000][gc,heap     ] GC(66) Survivor regions: 5->6(77)
[2025-12-24T11:05:54.649+0000][gc,heap     ] GC(66) Old regions: 32->33
[2025-12-24T11:05:54.649+0000][gc,heap     ] GC(66) Humongous regions: 131->131
[2025-12-24T11:05:54.649+0000][gc,metaspace] GC(66) Metaspace: 14361K(14784K)->14361K(14784K) NonClass: 12772K(12992K)->12772K(12992K) Class: 1589K(1792K)->1589K(1792K)
[2025-12-24T11:05:54.649+0000][gc          ] GC(66) Pause Young (Normal) (G1 Evacuation Pause) 776M->168M(1024M) 19.799ms
[2025-12-24T11:05:54.649+0000][gc,cpu      ] GC(66) User=0.10s Sys=0.01s Real=0.02s
[2025-12-24T11:06:34.316+0000][gc,start    ] GC(67) Pause Young (Normal) (G1 Evacuation Pause)
[2025-12-24T11:06:34.318+0000][gc,task     ] GC(67) Using 8 workers of 8 for evacuation
[2025-12-24T11:06:34.341+0000][gc,phases   ] GC(67)   Pre Evacuate Collection Set: 1.9ms
[2025-12-24T11:06:34.341+0000][gc,phases   ] GC(67)   Merge Heap Roots: 0.4ms
[2025-12-24T11:06:34.341+0000][gc,phases   ] GC(67)   Evacuate Collection Set: 18.7ms
[2025-12-24T11:06:34.341+0000][gc,phases   ] GC(67)   Post Evacuate Collection Set: 1.9ms
[2025-12-24T11:06:34.342+0000][gc,phases   ] GC(67)   Other: 0.3ms
[2025-12-24T11:06:34.342+0000][gc,heap     ] GC(67) Eden regions: 608->0(608)
[2025-12-24T11:06:34.342+0000][gc,heap     ] GC(67) Survivor regions: 6->6(77)
[2025-12-24T11:06:34.342+0000][gc,heap     ] GC(67) Old regions: 33->33
[2025-12-24T11:06:34.342+0000][gc,heap     ] GC(67) Humongous regions: 131->131
[2025-12-24T11:06:34.342+0000][gc,metaspace] GC(67) Metaspace: 14366K(14784K)->14366K(14784K) NonClass: 12777K(12992K)->12777K(12992K) Class: 1589K(1792K)->1589K(1792K)
[2025-12-24T11:06:34.342+0000][gc          ] GC(67) Pause Young (Normal) (G1 Evacuation Pause) 776M->168M(1024M) 25.776ms
[2025-12-24T11:06:34.342+0000][gc,cpu      ] GC(67) User=0.16s Sys=0.01s Real=0.03s
[2025-12-24T11:07:04.586+0000][gc,start    ] GC(68) Pause Young (Normal) (G1 Evacuation Pause)
[2025-12-24T11:07:04.587+0000][gc,task     ] GC(68) Using 8 workers of 8 for evacuation
[2025-12-24T11:07:04.600+0000][gc,phases   ] GC(68)   Pre Evacuate Collection Set: 0.8ms
[2025-12-24T11:07:04.601+0000][gc,phases   ] GC(68)   Merge Heap Roots: 0.2ms
[2025-12-24T11:07:04.601+0000][gc,phases   ] GC(68)   Evacuate Collection Set: 11.0ms
[2025-12-24T11:07:04.601+0000][gc,phases   ] GC(68)   Post Evacuate Collection Set: 1.0ms
[2025-12-24T11:07:04.601+0000][gc,phases   ] GC(68)   Other: 0.2ms
[2025-12-24T11:07:04.601+0000][gc,heap     ] GC(68) Eden regions: 608->0(607)
[2025-12-24T11:07:04.601+0000][gc,heap     ] GC(68) Survivor regions: 6->7(77)
[2025-12-24T11:07:04.601+0000][gc,heap     ] GC(68) Old regions: 33->33
[2025-12-24T11:07:04.601+0000][gc,heap     ] GC(68) Humongous regions: 131->131
[2025-12-24T11:07:04.601+0000][gc,metaspace] GC(68) Metaspace: 14366K(14784K)->14366K(14784K) NonClass: 12777K(12992K)->12777K(12992K) Class: 1589K(1792K)->1589K(1792K)
[2025-12-24T11:07:04.601+0000][gc          ] GC(68) Pause Young (Normal) (G1 Evacuation Pause) 776M->170M(1024M) 14.893ms
[2025-12-24T11:07:04.601+0000][gc,cpu      ] GC(68) User=0.08s Sys=0.00s Real=0.02s
[2025-12-24T11:07:44.314+0000][gc,start    ] GC(69) Pause Young (Normal) (G1 Evacuation Pause)
[2025-12-24T11:07:44.315+0000][gc,task     ] GC(69) Using 8 workers of 8 for evacuation
[2025-12-24T11:07:44.331+0000][gc,phases   ] GC(69)   Pre Evacuate Collection Set: 1.7ms
[2025-12-24T11:07:44.331+0000][gc,phases   ] GC(69)   Merge Heap Roots: 0.4ms
[2025-12-24T11:07:44.331+0000][gc,phases   ] GC(69)   Evacuate Collection Set: 11.8ms
[2025-12-24T11:07:44.331+0000][gc,phases   ] GC(69)   Post Evacuate Collection Set: 1.3ms
[2025-12-24T11:07:44.332+0000][gc,phases   ] GC(69)   Other: 0.4ms
[2025-12-24T11:07:44.332+0000][gc,heap     ] GC(69) Eden regions: 607->0(607)
[2025-12-24T11:07:44.332+0000][gc,heap     ] GC(69) Survivor regions: 7->7(77)
[2025-12-24T11:07:44.332+0000][gc,heap     ] GC(69) Old regions: 33->33
[2025-12-24T11:07:44.332+0000][gc,heap     ] GC(69) Humongous regions: 131->131
[2025-12-24T11:07:44.332+0000][gc,metaspace] GC(69) Metaspace: 14376K(14784K)->14376K(14784K) NonClass: 12787K(12992K)->12787K(12992K) Class: 1589K(1792K)->1589K(1792K)
[2025-12-24T11:07:44.332+0000][gc          ] GC(69) Pause Young (Normal) (G1 Evacuation Pause) 777M->170M(1024M) 18.331ms
[2025-12-24T11:07:44.332+0000][gc,cpu      ] GC(69) User=0.10s Sys=0.00s Real=0.02s
[2025-12-24T11:08:14.574+0000][gc,start    ] GC(70) Pause Young (Normal) (G1 Evacuation Pause)
[2025-12-24T11:08:14.575+0000][gc,task     ] GC(70) Using 8 workers of 8 for evacuation
[2025-12-24T11:08:14.591+0000][gc,phases   ] GC(70)   Pre Evacuate Collection Set: 1.0ms
[2025-12-24T11:08:14.591+0000][gc,phases   ] GC(70)   Merge Heap Roots: 0.2ms
[2025-12-24T11:08:14.591+0000][gc,phases   ] GC(70)   Evacuate Collection Set: 13.9ms
[2025-12-24T11:08:14.591+0000][gc,phases   ] GC(70)   Post Evacuate Collection Set: 1.0ms
[2025-12-24T11:08:14.591+0000][gc,phases   ] GC(70)   Other: 0.2ms
[2025-12-24T11:08:14.592+0000][gc,heap     ] GC(70) Eden regions: 607->0(605)
[2025-12-24T11:08:14.592+0000][gc,heap     ] GC(70) Survivor regions: 7->9(77)
[2025-12-24T11:08:14.592+0000][gc,heap     ] GC(70) Old regions: 33->34
[2025-12-24T11:08:14.592+0000][gc,heap     ] GC(70) Humongous regions: 131->131
[2025-12-24T11:08:14.592+0000][gc,metaspace] GC(70) Metaspace: 14378K(14784K)->14378K(14784K) NonClass: 12789K(12992K)->12789K(12992K) Class: 1589K(1792K)->1589K(1792K)
[2025-12-24T11:08:14.592+0000][gc          ] GC(70) Pause Young (Normal) (G1 Evacuation Pause) 777M->172M(1024M) 18.316ms
[2025-12-24T11:08:14.592+0000][gc,cpu      ] GC(70) User=0.11s Sys=0.00s Real=0.02s
[2025-12-24T11:08:54.330+0000][gc,start    ] GC(71) Pause Young (Normal) (G1 Evacuation Pause)
[2025-12-24T11:08:54.331+0000][gc,task     ] GC(71) Using 8 workers of 8 for evacuation
[2025-12-24T11:08:54.359+0000][gc,phases   ] GC(71)   Pre Evacuate Collection Set: 1.9ms
[2025-12-24T11:08:54.359+0000][gc,phases   ] GC(71)   Merge Heap Roots: 0.5ms
[2025-12-24T11:08:54.359+0000][gc,phases   ] GC(71)   Evacuate Collection Set: 23.2ms
[2025-12-24T11:08:54.359+0000][gc,phases   ] GC(71)   Post Evacuate Collection Set: 1.6ms
[2025-12-24T11:08:54.359+0000][gc,phases   ] GC(71)   Other: 0.4ms
[2025-12-24T11:08:54.359+0000][gc,heap     ] GC(71) Eden regions: 605->0(606)
[2025-12-24T11:08:54.360+0000][gc,heap     ] GC(71) Survivor regions: 9->8(77)
[2025-12-24T11:08:54.360+0000][gc,heap     ] GC(71) Old regions: 34->34
[2025-12-24T11:08:54.360+0000][gc,heap     ] GC(71) Humongous regions: 131->131
[2025-12-24T11:08:54.360+0000][gc,metaspace] GC(71) Metaspace: 14379K(14784K)->14379K(14784K) NonClass: 12790K(12992K)->12790K(12992K) Class: 1589K(1792K)->1589K(1792K)
[2025-12-24T11:08:54.360+0000][gc          ] GC(71) Pause Young (Normal) (G1 Evacuation Pause) 777M->171M(1024M) 30.241ms
[2025-12-24T11:08:54.360+0000][gc,cpu      ] GC(71) User=0.19s Sys=0.01s Real=0.03s
[2025-12-24T11:09:24.613+0000][gc,start    ] GC(72) Pause Young (Normal) (G1 Evacuation Pause)
[2025-12-24T11:09:24.614+0000][gc,task     ] GC(72) Using 8 workers of 8 for evacuation
[2025-12-24T11:09:24.636+0000][gc,phases   ] GC(72)   Pre Evacuate Collection Set: 1.1ms
[2025-12-24T11:09:24.636+0000][gc,phases   ] GC(72)   Merge Heap Roots: 0.3ms
[2025-12-24T11:09:24.636+0000][gc,phases   ] GC(72)   Evacuate Collection Set: 19.5ms
[2025-12-24T11:09:24.637+0000][gc,phases   ] GC(72)   Post Evacuate Collection Set: 1.2ms
[2025-12-24T11:09:24.637+0000][gc,phases   ] GC(72)   Other: 0.3ms
[2025-12-24T11:09:24.637+0000][gc,heap     ] GC(72) Eden regions: 606->0(604)
[2025-12-24T11:09:24.637+0000][gc,heap     ] GC(72) Survivor regions: 8->10(77)
[2025-12-24T11:09:24.637+0000][gc,heap     ] GC(72) Old regions: 34->34
[2025-12-24T11:09:24.637+0000][gc,heap     ] GC(72) Humongous regions: 131->131
[2025-12-24T11:09:24.637+0000][gc,metaspace] GC(72) Metaspace: 14381K(14784K)->14381K(14784K) NonClass: 12792K(12992K)->12792K(12992K) Class: 1589K(1792K)->1589K(1792K)
[2025-12-24T11:09:24.637+0000][gc          ] GC(72) Pause Young (Normal) (G1 Evacuation Pause) 777M->174M(1024M) 23.671ms
[2025-12-24T11:09:24.637+0000][gc,cpu      ] GC(72) User=0.16s Sys=0.00s Real=0.03s
[2025-12-24T11:09:54.810+0000][gc,start    ] GC(73) Pause Young (Normal) (G1 Evacuation Pause)
[2025-12-24T11:09:54.811+0000][gc,task     ] GC(73) Using 8 workers of 8 for evacuation
[2025-12-24T11:09:54.824+0000][gc,phases   ] GC(73)   Pre Evacuate Collection Set: 1.1ms
[2025-12-24T11:09:54.824+0000][gc,phases   ] GC(73)   Merge Heap Roots: 0.2ms
[2025-12-24T11:09:54.824+0000][gc,phases   ] GC(73)   Evacuate Collection Set: 9.9ms
[2025-12-24T11:09:54.824+0000][gc,phases   ] GC(73)   Post Evacuate Collection Set: 1.0ms
[2025-12-24T11:09:54.824+0000][gc,phases   ] GC(73)   Other: 0.3ms
[2025-12-24T11:09:54.824+0000][gc,heap     ] GC(73) Eden regions: 604->0(609)
[2025-12-24T11:09:54.824+0000][gc,heap     ] GC(73) Survivor regions: 10->5(77)
[2025-12-24T11:09:54.824+0000][gc,heap     ] GC(73) Old regions: 34->34
[2025-12-24T11:09:54.824+0000][gc,heap     ] GC(73) Humongous regions: 131->131
[2025-12-24T11:09:54.824+0000][gc,metaspace] GC(73) Metaspace: 14391K(14784K)->14391K(14784K) NonClass: 12801K(12992K)->12801K(12992K) Class: 1589K(1792K)->1589K(1792K)
[2025-12-24T11:09:54.824+0000][gc          ] GC(73) Pause Young (Normal) (G1 Evacuation Pause) 778M->169M(1024M) 14.644ms
[2025-12-24T11:09:54.824+0000][gc,cpu      ] GC(73) User=0.09s Sys=0.00s Real=0.02s
[2025-12-24T11:10:34.608+0000][gc,start    ] GC(74) Pause Young (Normal) (G1 Evacuation Pause)
[2025-12-24T11:10:34.609+0000][gc,task     ] GC(74) Using 8 workers of 8 for evacuation
[2025-12-24T11:10:34.621+0000][gc,phases   ] GC(74)   Pre Evacuate Collection Set: 1.1ms
[2025-12-24T11:10:34.621+0000][gc,phases   ] GC(74)   Merge Heap Roots: 0.3ms
[2025-12-24T11:10:34.621+0000][gc,phases   ] GC(74)   Evacuate Collection Set: 7.8ms
[2025-12-24T11:10:34.621+0000][gc,phases   ] GC(74)   Post Evacuate Collection Set: 2.2ms
[2025-12-24T11:10:34.621+0000][gc,phases   ] GC(74)   Other: 0.4ms
[2025-12-24T11:10:34.621+0000][gc,heap     ] GC(74) Eden regions: 609->0(608)
[2025-12-24T11:10:34.621+0000][gc,heap     ] GC(74) Survivor regions: 5->6(77)
[2025-12-24T11:10:34.621+0000][gc,heap     ] GC(74) Old regions: 34->35
[2025-12-24T11:10:34.621+0000][gc,heap     ] GC(74) Humongous regions: 131->131
[2025-12-24T11:10:34.621+0000][gc,metaspace] GC(74) Metaspace: 14391K(14784K)->14391K(14784K) NonClass: 12802K(12992K)->12802K(12992K) Class: 1589K(1792K)->1589K(1792K)
[2025-12-24T11:10:34.622+0000][gc          ] GC(74) Pause Young (Normal) (G1 Evacuation Pause) 778M->170M(1024M) 13.321ms
[2025-12-24T11:10:34.622+0000][gc,cpu      ] GC(74) User=0.07s Sys=0.01s Real=0.01s
[2025-12-24T11:11:11.395+0000][gc,start    ] GC(75) Pause Young (Normal) (G1 Evacuation Pause)
[2025-12-24T11:11:11.395+0000][gc,task     ] GC(75) Using 8 workers of 8 for evacuation
[2025-12-24T11:11:11.414+0000][gc,phases   ] GC(75)   Pre Evacuate Collection Set: 3.0ms
[2025-12-24T11:11:11.414+0000][gc,phases   ] GC(75)   Merge Heap Roots: 0.9ms
[2025-12-24T11:11:11.414+0000][gc,phases   ] GC(75)   Evacuate Collection Set: 13.6ms
[2025-12-24T11:11:11.414+0000][gc,phases   ] GC(75)   Post Evacuate Collection Set: 1.1ms
[2025-12-24T11:11:11.414+0000][gc,phases   ] GC(75)   Other: 0.3ms
[2025-12-24T11:11:11.415+0000][gc,heap     ] GC(75) Eden regions: 608->0(608)
[2025-12-24T11:11:11.415+0000][gc,heap     ] GC(75) Survivor regions: 6->6(77)
[2025-12-24T11:11:11.415+0000][gc,heap     ] GC(75) Old regions: 35->35
[2025-12-24T11:11:11.415+0000][gc,heap     ] GC(75) Humongous regions: 131->131
[2025-12-24T11:11:11.415+0000][gc,metaspace] GC(75) Metaspace: 14393K(14784K)->14393K(14784K) NonClass: 12804K(12992K)->12804K(12992K) Class: 1589K(1792K)->1589K(1792K)
[2025-12-24T11:11:11.415+0000][gc          ] GC(75) Pause Young (Normal) (G1 Evacuation Pause) 778M->170M(1024M) 20.293ms
[2025-12-24T11:11:11.415+0000][gc,cpu      ] GC(75) User=0.11s Sys=0.00s Real=0.02s
[2025-12-24T11:11:44.591+0000][gc,start    ] GC(76) Pause Young (Normal) (G1 Evacuation Pause)
[2025-12-24T11:11:44.591+0000][gc,task     ] GC(76) Using 8 workers of 8 for evacuation
[2025-12-24T11:11:44.603+0000][gc,phases   ] GC(76)   Pre Evacuate Collection Set: 0.9ms
[2025-12-24T11:11:44.603+0000][gc,phases   ] GC(76)   Merge Heap Roots: 0.2ms
[2025-12-24T11:11:44.603+0000][gc,phases   ] GC(76)   Evacuate Collection Set: 9.9ms
[2025-12-24T11:11:44.603+0000][gc,phases   ] GC(76)   Post Evacuate Collection Set: 1.0ms
[2025-12-24T11:11:44.604+0000][gc,phases   ] GC(76)   Other: 0.2ms
[2025-12-24T11:11:44.604+0000][gc,heap     ] GC(76) Eden regions: 608->0(606)
[2025-12-24T11:11:44.604+0000][gc,heap     ] GC(76) Survivor regions: 6->8(77)
[2025-12-24T11:11:44.604+0000][gc,heap     ] GC(76) Old regions: 35->35
[2025-12-24T11:11:44.604+0000][gc,heap     ] GC(76) Humongous regions: 131->131
[2025-12-24T11:11:44.604+0000][gc,metaspace] GC(76) Metaspace: 14397K(14784K)->14397K(14784K) NonClass: 12807K(12992K)->12807K(12992K) Class: 1589K(1792K)->1589K(1792K)
[2025-12-24T11:11:44.604+0000][gc          ] GC(76) Pause Young (Normal) (G1 Evacuation Pause) 778M->173M(1024M) 13.261ms
[2025-12-24T11:11:44.604+0000][gc,cpu      ] GC(76) User=0.07s Sys=0.00s Real=0.01s
[2025-12-24T11:12:18.189+0000][gc,start    ] GC(77) Pause Young (Normal) (G1 Evacuation Pause)
[2025-12-24T11:12:18.190+0000][gc,task     ] GC(77) Using 8 workers of 8 for evacuation
[2025-12-24T11:12:18.212+0000][gc,phases   ] GC(77)   Pre Evacuate Collection Set: 2.1ms
[2025-12-24T11:12:18.212+0000][gc,phases   ] GC(77)   Merge Heap Roots: 0.5ms
[2025-12-24T11:12:18.212+0000][gc,phases   ] GC(77)   Evacuate Collection Set: 15.9ms
[2025-12-24T11:12:18.212+0000][gc,phases   ] GC(77)   Post Evacuate Collection Set: 2.8ms
[2025-12-24T11:12:18.212+0000][gc,phases   ] GC(77)   Other: 0.5ms
[2025-12-24T11:12:18.213+0000][gc,heap     ] GC(77) Eden regions: 606->0(607)
[2025-12-24T11:12:18.213+0000][gc,heap     ] GC(77) Survivor regions: 8->7(77)
[2025-12-24T11:12:18.213+0000][gc,heap     ] GC(77) Old regions: 35->35
[2025-12-24T11:12:18.213+0000][gc,heap     ] GC(77) Humongous regions: 131->131
[2025-12-24T11:12:18.213+0000][gc,metaspace] GC(77) Metaspace: 14399K(14848K)->14399K(14848K) NonClass: 12810K(13056K)->12810K(13056K) Class: 1589K(1792K)->1589K(1792K)
[2025-12-24T11:12:18.213+0000][gc          ] GC(77) Pause Young (Normal) (G1 Evacuation Pause) 779M->172M(1024M) 24.035ms
[2025-12-24T11:12:18.213+0000][gc,cpu      ] GC(77) User=0.13s Sys=0.01s Real=0.02s
[2025-12-24T11:12:54.586+0000][gc,start    ] GC(78) Pause Young (Normal) (G1 Evacuation Pause)
[2025-12-24T11:12:54.587+0000][gc,task     ] GC(78) Using 8 workers of 8 for evacuation
[2025-12-24T11:12:54.602+0000][gc,phases   ] GC(78)   Pre Evacuate Collection Set: 1.1ms
[2025-12-24T11:12:54.602+0000][gc,phases   ] GC(78)   Merge Heap Roots: 0.2ms
[2025-12-24T11:12:54.602+0000][gc,phases   ] GC(78)   Evacuate Collection Set: 11.7ms
[2025-12-24T11:12:54.602+0000][gc,phases   ] GC(78)   Post Evacuate Collection Set: 1.1ms
[2025-12-24T11:12:54.602+0000][gc,phases   ] GC(78)   Other: 0.2ms
[2025-12-24T11:12:54.602+0000][gc,heap     ] GC(78) Eden regions: 607->0(605)
[2025-12-24T11:12:54.602+0000][gc,heap     ] GC(78) Survivor regions: 7->9(77)
[2025-12-24T11:12:54.602+0000][gc,heap     ] GC(78) Old regions: 35->35
[2025-12-24T11:12:54.602+0000][gc,heap     ] GC(78) Humongous regions: 131->131
[2025-12-24T11:12:54.602+0000][gc,metaspace] GC(78) Metaspace: 14411K(14848K)->14411K(14848K) NonClass: 12822K(13056K)->12822K(13056K) Class: 1589K(1792K)->1589K(1792K)
[2025-12-24T11:12:54.602+0000][gc          ] GC(78) Pause Young (Normal) (G1 Evacuation Pause) 779M->174M(1024M) 16.325ms
[2025-12-24T11:12:54.603+0000][gc,cpu      ] GC(78) User=0.10s Sys=0.00s Real=0.02s
[2025-12-24T11:13:24.781+0000][gc,start    ] GC(79) Pause Young (Normal) (G1 Evacuation Pause)
[2025-12-24T11:13:24.781+0000][gc,task     ] GC(79) Using 8 workers of 8 for evacuation
[2025-12-24T11:13:24.794+0000][gc,phases   ] GC(79)   Pre Evacuate Collection Set: 1.9ms
[2025-12-24T11:13:24.794+0000][gc,phases   ] GC(79)   Merge Heap Roots: 0.6ms
[2025-12-24T11:13:24.794+0000][gc,phases   ] GC(79)   Evacuate Collection Set: 9.1ms
[2025-12-24T11:13:24.794+0000][gc,phases   ] GC(79)   Post Evacuate Collection Set: 0.9ms
[2025-12-24T11:13:24.794+0000][gc,phases   ] GC(79)   Other: 0.2ms
[2025-12-24T11:13:24.794+0000][gc,heap     ] GC(79) Eden regions: 605->0(603)
[2025-12-24T11:13:24.794+0000][gc,heap     ] GC(79) Survivor regions: 9->11(77)
[2025-12-24T11:13:24.794+0000][gc,heap     ] GC(79) Old regions: 35->36
[2025-12-24T11:13:24.794+0000][gc,heap     ] GC(79) Humongous regions: 131->131
[2025-12-24T11:13:24.794+0000][gc,metaspace] GC(79) Metaspace: 14423K(14848K)->14423K(14848K) NonClass: 12834K(13056K)->12834K(13056K) Class: 1589K(1792K)->1589K(1792K)
[2025-12-24T11:13:24.794+0000][gc          ] GC(79) Pause Young (Normal) (G1 Evacuation Pause) 779M->176M(1024M) 13.621ms
[2025-12-24T11:13:24.794+0000][gc,cpu      ] GC(79) User=0.09s Sys=0.00s Real=0.01s
[2025-12-24T11:14:04.567+0000][gc,start    ] GC(80) Pause Young (Normal) (G1 Evacuation Pause)
[2025-12-24T11:14:04.567+0000][gc,task     ] GC(80) Using 8 workers of 8 for evacuation
[2025-12-24T11:14:04.581+0000][gc,phases   ] GC(80)   Pre Evacuate Collection Set: 1.0ms
[2025-12-24T11:14:04.581+0000][gc,phases   ] GC(80)   Merge Heap Roots: 0.2ms
[2025-12-24T11:14:04.581+0000][gc,phases   ] GC(80)   Evacuate Collection Set: 11.4ms
[2025-12-24T11:14:04.581+0000][gc,phases   ] GC(80)   Post Evacuate Collection Set: 1.0ms
[2025-12-24T11:14:04.581+0000][gc,phases   ] GC(80)   Other: 0.2ms
[2025-12-24T11:14:04.581+0000][gc,heap     ] GC(80) Eden regions: 603->0(608)
[2025-12-24T11:14:04.581+0000][gc,heap     ] GC(80) Survivor regions: 11->6(77)
[2025-12-24T11:14:04.581+0000][gc,heap     ] GC(80) Old regions: 36->36
[2025-12-24T11:14:04.581+0000][gc,heap     ] GC(80) Humongous regions: 131->131
[2025-12-24T11:14:04.581+0000][gc,metaspace] GC(80) Metaspace: 14582K(15040K)->14582K(15040K) NonClass: 12993K(13248K)->12993K(13248K) Class: 1589K(1792K)->1589K(1792K)
[2025-12-24T11:14:04.582+0000][gc          ] GC(80) Pause Young (Normal) (G1 Evacuation Pause) 779M->172M(1024M) 14.681ms
[2025-12-24T11:14:04.582+0000][gc,cpu      ] GC(80) User=0.09s Sys=0.00s Real=0.01s
[2025-12-24T11:14:34.815+0000][gc,start    ] GC(81) Pause Young (Normal) (G1 Evacuation Pause)
[2025-12-24T11:14:34.816+0000][gc,task     ] GC(81) Using 8 workers of 8 for evacuation
[2025-12-24T11:14:34.824+0000][gc,phases   ] GC(81)   Pre Evacuate Collection Set: 1.1ms
[2025-12-24T11:14:34.824+0000][gc,phases   ] GC(81)   Merge Heap Roots: 0.2ms
[2025-12-24T11:14:34.824+0000][gc,phases   ] GC(81)   Evacuate Collection Set: 5.6ms
[2025-12-24T11:14:34.824+0000][gc,phases   ] GC(81)   Post Evacuate Collection Set: 0.9ms
[2025-12-24T11:14:34.824+0000][gc,phases   ] GC(81)   Other: 0.2ms
[2025-12-24T11:14:34.824+0000][gc,heap     ] GC(81) Eden regions: 608->0(607)
[2025-12-24T11:14:34.824+0000][gc,heap     ] GC(81) Survivor regions: 6->7(77)
[2025-12-24T11:14:34.824+0000][gc,heap     ] GC(81) Old regions: 36->36
[2025-12-24T11:14:34.824+0000][gc,heap     ] GC(81) Humongous regions: 131->131
[2025-12-24T11:14:34.824+0000][gc,metaspace] GC(81) Metaspace: 14594K(15040K)->14594K(15040K) NonClass: 13005K(13248K)->13005K(13248K) Class: 1589K(1792K)->1589K(1792K)
[2025-12-24T11:14:34.824+0000][gc          ] GC(81) Pause Young (Normal) (G1 Evacuation Pause) 780M->173M(1024M) 9.260ms
[2025-12-24T11:14:34.824+0000][gc,cpu      ] GC(81) User=0.05s Sys=0.00s Real=0.01s
[2025-12-24T11:15:14.548+0000][gc,start    ] GC(82) Pause Young (Normal) (G1 Evacuation Pause)
[2025-12-24T11:15:14.549+0000][gc,task     ] GC(82) Using 8 workers of 8 for evacuation
[2025-12-24T11:15:14.562+0000][gc,phases   ] GC(82)   Pre Evacuate Collection Set: 1.1ms
[2025-12-24T11:15:14.562+0000][gc,phases   ] GC(82)   Merge Heap Roots: 0.9ms
[2025-12-24T11:15:14.562+0000][gc,phases   ] GC(82)   Evacuate Collection Set: 9.7ms
[2025-12-24T11:15:14.562+0000][gc,phases   ] GC(82)   Post Evacuate Collection Set: 1.0ms
[2025-12-24T11:15:14.562+0000][gc,phases   ] GC(82)   Other: 0.3ms
[2025-12-24T11:15:14.562+0000][gc,heap     ] GC(82) Eden regions: 607->0(607)
[2025-12-24T11:15:14.562+0000][gc,heap     ] GC(82) Survivor regions: 7->7(77)
[2025-12-24T11:15:14.562+0000][gc,heap     ] GC(82) Old regions: 36->36
[2025-12-24T11:15:14.563+0000][gc,heap     ] GC(82) Humongous regions: 131->131
[2025-12-24T11:15:14.563+0000][gc,metaspace] GC(82) Metaspace: 14595K(15040K)->14595K(15040K) NonClass: 13006K(13248K)->13006K(13248K) Class: 1589K(1792K)->1589K(1792K)
[2025-12-24T11:15:14.563+0000][gc          ] GC(82) Pause Young (Normal) (G1 Evacuation Pause) 780M->173M(1024M) 14.199ms
[2025-12-24T11:15:14.563+0000][gc,cpu      ] GC(82) User=0.09s Sys=0.00s Real=0.02s
[2025-12-24T11:15:44.780+0000][gc,start    ] GC(83) Pause Young (Normal) (G1 Evacuation Pause)
[2025-12-24T11:15:44.782+0000][gc,task     ] GC(83) Using 8 workers of 8 for evacuation
[2025-12-24T11:15:44.799+0000][gc,phases   ] GC(83)   Pre Evacuate Collection Set: 1.8ms
[2025-12-24T11:15:44.800+0000][gc,phases   ] GC(83)   Merge Heap Roots: 0.7ms
[2025-12-24T11:15:44.800+0000][gc,phases   ] GC(83)   Evacuate Collection Set: 13.9ms
[2025-12-24T11:15:44.800+0000][gc,phases   ] GC(83)   Post Evacuate Collection Set: 1.1ms
[2025-12-24T11:15:44.800+0000][gc,phases   ] GC(83)   Other: 0.3ms
[2025-12-24T11:15:44.800+0000][gc,heap     ] GC(83) Eden regions: 607->0(606)
[2025-12-24T11:15:44.800+0000][gc,heap     ] GC(83) Survivor regions: 7->8(77)
[2025-12-24T11:15:44.800+0000][gc,heap     ] GC(83) Old regions: 36->37
[2025-12-24T11:15:44.800+0000][gc,heap     ] GC(83) Humongous regions: 131->131
[2025-12-24T11:15:44.800+0000][gc,metaspace] GC(83) Metaspace: 14595K(15040K)->14595K(15040K) NonClass: 13006K(13248K)->13006K(13248K) Class: 1589K(1792K)->1589K(1792K)
[2025-12-24T11:15:44.800+0000][gc          ] GC(83) Pause Young (Normal) (G1 Evacuation Pause) 780M->174M(1024M) 19.843ms
[2025-12-24T11:15:44.800+0000][gc,cpu      ] GC(83) User=0.12s Sys=0.00s Real=0.02s
[2025-12-24T11:16:24.511+0000][gc,start    ] GC(84) Pause Young (Normal) (G1 Evacuation Pause)
[2025-12-24T11:16:24.512+0000][gc,task     ] GC(84) Using 8 workers of 8 for evacuation
[2025-12-24T11:16:24.523+0000][gc,phases   ] GC(84)   Pre Evacuate Collection Set: 1.1ms
[2025-12-24T11:16:24.523+0000][gc,phases   ] GC(84)   Merge Heap Roots: 0.2ms
[2025-12-24T11:16:24.523+0000][gc,phases   ] GC(84)   Evacuate Collection Set: 8.5ms
[2025-12-24T11:16:24.523+0000][gc,phases   ] GC(84)   Post Evacuate Collection Set: 1.0ms
[2025-12-24T11:16:24.523+0000][gc,phases   ] GC(84)   Other: 0.2ms
[2025-12-24T11:16:24.523+0000][gc,heap     ] GC(84) Eden regions: 606->0(606)
[2025-12-24T11:16:24.523+0000][gc,heap     ] GC(84) Survivor regions: 8->8(77)
[2025-12-24T11:16:24.523+0000][gc,heap     ] GC(84) Old regions: 37->37
[2025-12-24T11:16:24.523+0000][gc,heap     ] GC(84) Humongous regions: 131->131
[2025-12-24T11:16:24.523+0000][gc,metaspace] GC(84) Metaspace: 14595K(15040K)->14595K(15040K) NonClass: 13006K(13248K)->13006K(13248K) Class: 1589K(1792K)->1589K(1792K)
[2025-12-24T11:16:24.523+0000][gc          ] GC(84) Pause Young (Normal) (G1 Evacuation Pause) 780M->175M(1024M) 12.408ms
[2025-12-24T11:16:24.524+0000][gc,cpu      ] GC(84) User=0.05s Sys=0.00s Real=0.01s
[2025-12-24T11:16:54.785+0000][gc,start    ] GC(85) Pause Young (Normal) (G1 Evacuation Pause)
[2025-12-24T11:16:54.785+0000][gc,task     ] GC(85) Using 8 workers of 8 for evacuation
[2025-12-24T11:16:54.804+0000][gc,phases   ] GC(85)   Pre Evacuate Collection Set: 1.6ms
[2025-12-24T11:16:54.804+0000][gc,phases   ] GC(85)   Merge Heap Roots: 0.3ms
[2025-12-24T11:16:54.804+0000][gc,phases   ] GC(85)   Evacuate Collection Set: 15.7ms
[2025-12-24T11:16:54.804+0000][gc,phases   ] GC(85)   Post Evacuate Collection Set: 1.1ms
[2025-12-24T11:16:54.804+0000][gc,phases   ] GC(85)   Other: 0.2ms
[2025-12-24T11:16:54.804+0000][gc,heap     ] GC(85) Eden regions: 606->0(604)
[2025-12-24T11:16:54.804+0000][gc,heap     ] GC(85) Survivor regions: 8->10(77)
[2025-12-24T11:16:54.804+0000][gc,heap     ] GC(85) Old regions: 37->37
[2025-12-24T11:16:54.805+0000][gc,heap     ] GC(85) Humongous regions: 131->131
[2025-12-24T11:16:54.805+0000][gc,metaspace] GC(85) Metaspace: 14596K(15040K)->14596K(15040K) NonClass: 13007K(13248K)->13007K(13248K) Class: 1589K(1792K)->1589K(1792K)
[2025-12-24T11:16:54.805+0000][gc          ] GC(85) Pause Young (Normal) (G1 Evacuation Pause) 781M->176M(1024M) 19.750ms
[2025-12-24T11:16:54.805+0000][gc,cpu      ] GC(85) User=0.14s Sys=0.00s Real=0.02s
[2025-12-24T11:17:34.519+0000][gc,start    ] GC(86) Pause Young (Normal) (G1 Evacuation Pause)
[2025-12-24T11:17:34.520+0000][gc,task     ] GC(86) Using 8 workers of 8 for evacuation
[2025-12-24T11:17:34.542+0000][gc,phases   ] GC(86)   Pre Evacuate Collection Set: 1.1ms
[2025-12-24T11:17:34.542+0000][gc,phases   ] GC(86)   Merge Heap Roots: 0.2ms
[2025-12-24T11:17:34.542+0000][gc,phases   ] GC(86)   Evacuate Collection Set: 19.2ms
[2025-12-24T11:17:34.542+0000][gc,phases   ] GC(86)   Post Evacuate Collection Set: 0.9ms
[2025-12-24T11:17:34.542+0000][gc,phases   ] GC(86)   Other: 0.2ms
[2025-12-24T11:17:34.542+0000][gc,heap     ] GC(86) Eden regions: 604->0(605)
[2025-12-24T11:17:34.542+0000][gc,heap     ] GC(86) Survivor regions: 10->9(77)
[2025-12-24T11:17:34.542+0000][gc,heap     ] GC(86) Old regions: 37->37
[2025-12-24T11:17:34.542+0000][gc,heap     ] GC(86) Humongous regions: 131->131
[2025-12-24T11:17:34.542+0000][gc,metaspace] GC(86) Metaspace: 14599K(15040K)->14599K(15040K) NonClass: 13010K(13248K)->13010K(13248K) Class: 1589K(1792K)->1589K(1792K)
[2025-12-24T11:17:34.542+0000][gc          ] GC(86) Pause Young (Normal) (G1 Evacuation Pause) 780M->176M(1024M) 23.349ms
[2025-12-24T11:17:34.542+0000][gc,cpu      ] GC(86) User=0.15s Sys=0.00s Real=0.02s
[2025-12-24T11:18:04.767+0000][gc,start    ] GC(87) Pause Young (Normal) (G1 Evacuation Pause)
[2025-12-24T11:18:04.768+0000][gc,task     ] GC(87) Using 8 workers of 8 for evacuation
[2025-12-24T11:18:04.790+0000][gc,phases   ] GC(87)   Pre Evacuate Collection Set: 1.0ms
[2025-12-24T11:18:04.790+0000][gc,phases   ] GC(87)   Merge Heap Roots: 0.2ms
[2025-12-24T11:18:04.790+0000][gc,phases   ] GC(87)   Evacuate Collection Set: 19.3ms
[2025-12-24T11:18:04.790+0000][gc,phases   ] GC(87)   Post Evacuate Collection Set: 0.9ms
[2025-12-24T11:18:04.790+0000][gc,phases   ] GC(87)   Other: 0.3ms
[2025-12-24T11:18:04.790+0000][gc,heap     ] GC(87) Eden regions: 605->0(607)
[2025-12-24T11:18:04.790+0000][gc,heap     ] GC(87) Survivor regions: 9->7(77)
[2025-12-24T11:18:04.790+0000][gc,heap     ] GC(87) Old regions: 37->38
[2025-12-24T11:18:04.790+0000][gc,heap     ] GC(87) Humongous regions: 131->131
[2025-12-24T11:18:04.790+0000][gc,metaspace] GC(87) Metaspace: 14599K(15040K)->14599K(15040K) NonClass: 13010K(13248K)->13010K(13248K) Class: 1589K(1792K)->1589K(1792K)
[2025-12-24T11:18:04.790+0000][gc          ] GC(87) Pause Young (Normal) (G1 Evacuation Pause) 781M->174M(1024M) 23.473ms
[2025-12-24T11:18:04.790+0000][gc,cpu      ] GC(87) User=0.16s Sys=0.00s Real=0.02s
[2025-12-24T11:18:44.551+0000][gc,start    ] GC(88) Pause Young (Normal) (G1 Evacuation Pause)
[2025-12-24T11:18:44.551+0000][gc,task     ] GC(88) Using 8 workers of 8 for evacuation
[2025-12-24T11:18:44.564+0000][gc,phases   ] GC(88)   Pre Evacuate Collection Set: 1.6ms
[2025-12-24T11:18:44.564+0000][gc,phases   ] GC(88)   Merge Heap Roots: 0.3ms
[2025-12-24T11:18:44.564+0000][gc,phases   ] GC(88)   Evacuate Collection Set: 9.3ms
[2025-12-24T11:18:44.564+0000][gc,phases   ] GC(88)   Post Evacuate Collection Set: 1.3ms
[2025-12-24T11:18:44.564+0000][gc,phases   ] GC(88)   Other: 0.3ms
[2025-12-24T11:18:44.565+0000][gc,heap     ] GC(88) Eden regions: 607->0(608)
[2025-12-24T11:18:44.565+0000][gc,heap     ] GC(88) Survivor regions: 7->6(77)
[2025-12-24T11:18:44.565+0000][gc,heap     ] GC(88) Old regions: 38->38
[2025-12-24T11:18:44.565+0000][gc,heap     ] GC(88) Humongous regions: 131->131
[2025-12-24T11:18:44.565+0000][gc,metaspace] GC(88) Metaspace: 14601K(15040K)->14601K(15040K) NonClass: 13012K(13248K)->13012K(13248K) Class: 1589K(1792K)->1589K(1792K)
[2025-12-24T11:18:44.565+0000][gc          ] GC(88) Pause Young (Normal) (G1 Evacuation Pause) 781M->174M(1024M) 14.149ms
[2025-12-24T11:18:44.565+0000][gc,cpu      ] GC(88) User=0.08s Sys=0.00s Real=0.01s
[2025-12-24T11:19:14.784+0000][gc,start    ] GC(89) Pause Young (Normal) (G1 Evacuation Pause)
[2025-12-24T11:19:14.784+0000][gc,task     ] GC(89) Using 8 workers of 8 for evacuation
[2025-12-24T11:19:14.798+0000][gc,phases   ] GC(89)   Pre Evacuate Collection Set: 1.3ms
[2025-12-24T11:19:14.798+0000][gc,phases   ] GC(89)   Merge Heap Roots: 0.7ms
[2025-12-24T11:19:14.798+0000][gc,phases   ] GC(89)   Evacuate Collection Set: 9.1ms
[2025-12-24T11:19:14.798+0000][gc,phases   ] GC(89)   Post Evacuate Collection Set: 2.1ms
[2025-12-24T11:19:14.798+0000][gc,phases   ] GC(89)   Other: 0.3ms
[2025-12-24T11:19:14.798+0000][gc,heap     ] GC(89) Eden regions: 608->0(606)
[2025-12-24T11:19:14.798+0000][gc,heap     ] GC(89) Survivor regions: 6->8(77)
[2025-12-24T11:19:14.798+0000][gc,heap     ] GC(89) Old regions: 38->38
[2025-12-24T11:19:14.798+0000][gc,heap     ] GC(89) Humongous regions: 131->131
[2025-12-24T11:19:14.799+0000][gc,metaspace] GC(89) Metaspace: 14601K(15040K)->14601K(15040K) NonClass: 13012K(13248K)->13012K(13248K) Class: 1589K(1792K)->1589K(1792K)
[2025-12-24T11:19:14.799+0000][gc          ] GC(89) Pause Young (Normal) (G1 Evacuation Pause) 782M->176M(1024M) 14.983ms
[2025-12-24T11:19:14.799+0000][gc,cpu      ] GC(89) User=0.08s Sys=0.00s Real=0.02s
[2025-12-24T11:19:54.549+0000][gc,start    ] GC(90) Pause Young (Normal) (G1 Evacuation Pause)
[2025-12-24T11:19:54.549+0000][gc,task     ] GC(90) Using 8 workers of 8 for evacuation
[2025-12-24T11:19:54.564+0000][gc,phases   ] GC(90)   Pre Evacuate Collection Set: 1.0ms
[2025-12-24T11:19:54.564+0000][gc,phases   ] GC(90)   Merge Heap Roots: 0.2ms
[2025-12-24T11:19:54.564+0000][gc,phases   ] GC(90)   Evacuate Collection Set: 11.7ms
[2025-12-24T11:19:54.564+0000][gc,phases   ] GC(90)   Post Evacuate Collection Set: 1.1ms
[2025-12-24T11:19:54.564+0000][gc,phases   ] GC(90)   Other: 0.3ms
[2025-12-24T11:19:54.564+0000][gc,heap     ] GC(90) Eden regions: 606->0(606)
[2025-12-24T11:19:54.564+0000][gc,heap     ] GC(90) Survivor regions: 8->8(77)
[2025-12-24T11:19:54.564+0000][gc,heap     ] GC(90) Old regions: 38->38
[2025-12-24T11:19:54.564+0000][gc,heap     ] GC(90) Humongous regions: 131->131
[2025-12-24T11:19:54.564+0000][gc,metaspace] GC(90) Metaspace: 14603K(15040K)->14603K(15040K) NonClass: 13014K(13248K)->13014K(13248K) Class: 1589K(1792K)->1589K(1792K)
[2025-12-24T11:19:54.564+0000][gc          ] GC(90) Pause Young (Normal) (G1 Evacuation Pause) 782M->175M(1024M) 15.435ms
[2025-12-24T11:19:54.564+0000][gc,cpu      ] GC(90) User=0.10s Sys=0.00s Real=0.01s
[2025-12-24T11:20:24.751+0000][gc,start    ] GC(91) Pause Young (Normal) (G1 Evacuation Pause)
[2025-12-24T11:20:24.753+0000][gc,task     ] GC(91) Using 8 workers of 8 for evacuation
[2025-12-24T11:20:24.767+0000][gc,phases   ] GC(91)   Pre Evacuate Collection Set: 1.0ms
[2025-12-24T11:20:24.767+0000][gc,phases   ] GC(91)   Merge Heap Roots: 0.2ms
[2025-12-24T11:20:24.767+0000][gc,phases   ] GC(91)   Evacuate Collection Set: 11.8ms
[2025-12-24T11:20:24.767+0000][gc,phases   ] GC(91)   Post Evacuate Collection Set: 1.0ms
[2025-12-24T11:20:24.767+0000][gc,phases   ] GC(91)   Other: 0.3ms
[2025-12-24T11:20:24.767+0000][gc,heap     ] GC(91) Eden regions: 606->0(605)
[2025-12-24T11:20:24.767+0000][gc,heap     ] GC(91) Survivor regions: 8->9(77)
[2025-12-24T11:20:24.767+0000][gc,heap     ] GC(91) Old regions: 38->39
[2025-12-24T11:20:24.767+0000][gc,heap     ] GC(91) Humongous regions: 131->131
[2025-12-24T11:20:24.767+0000][gc,metaspace] GC(91) Metaspace: 14616K(15040K)->14616K(15040K) NonClass: 13027K(13248K)->13027K(13248K) Class: 1589K(1792K)->1589K(1792K)
[2025-12-24T11:20:24.768+0000][gc          ] GC(91) Pause Young (Normal) (G1 Evacuation Pause) 781M->177M(1024M) 16.208ms
[2025-12-24T11:20:24.768+0000][gc,cpu      ] GC(91) User=0.10s Sys=0.00s Real=0.01s
[2025-12-24T11:21:04.497+0000][gc,start    ] GC(92) Pause Young (Normal) (G1 Evacuation Pause)
[2025-12-24T11:21:04.498+0000][gc,task     ] GC(92) Using 8 workers of 8 for evacuation
[2025-12-24T11:21:04.507+0000][gc,phases   ] GC(92)   Pre Evacuate Collection Set: 1.0ms
[2025-12-24T11:21:04.508+0000][gc,phases   ] GC(92)   Merge Heap Roots: 0.3ms
[2025-12-24T11:21:04.508+0000][gc,phases   ] GC(92)   Evacuate Collection Set: 7.3ms
[2025-12-24T11:21:04.508+0000][gc,phases   ] GC(92)   Post Evacuate Collection Set: 1.0ms
[2025-12-24T11:21:04.508+0000][gc,phases   ] GC(92)   Other: 0.2ms
[2025-12-24T11:21:04.508+0000][gc,heap     ] GC(92) Eden regions: 605->0(606)
[2025-12-24T11:21:04.508+0000][gc,heap     ] GC(92) Survivor regions: 9->8(77)
[2025-12-24T11:21:04.508+0000][gc,heap     ] GC(92) Old regions: 39->39
[2025-12-24T11:21:04.508+0000][gc,heap     ] GC(92) Humongous regions: 131->131
[2025-12-24T11:21:04.508+0000][gc,metaspace] GC(92) Metaspace: 14623K(15040K)->14623K(15040K) NonClass: 13034K(13248K)->13034K(13248K) Class: 1589K(1792K)->1589K(1792K)
[2025-12-24T11:21:04.508+0000][gc          ] GC(92) Pause Young (Normal) (G1 Evacuation Pause) 782M->177M(1024M) 10.983ms
[2025-12-24T11:21:04.508+0000][gc,cpu      ] GC(92) User=0.06s Sys=0.00s Real=0.01s
[2025-12-24T11:21:34.753+0000][gc,start    ] GC(93) Pause Young (Normal) (G1 Evacuation Pause)
[2025-12-24T11:21:34.754+0000][gc,task     ] GC(93) Using 8 workers of 8 for evacuation
[2025-12-24T11:21:34.771+0000][gc,phases   ] GC(93)   Pre Evacuate Collection Set: 1.1ms
[2025-12-24T11:21:34.771+0000][gc,phases   ] GC(93)   Merge Heap Roots: 0.2ms
[2025-12-24T11:21:34.771+0000][gc,phases   ] GC(93)   Evacuate Collection Set: 14.4ms
[2025-12-24T11:21:34.771+0000][gc,phases   ] GC(93)   Post Evacuate Collection Set: 1.1ms
[2025-12-24T11:21:34.771+0000][gc,phases   ] GC(93)   Other: 0.2ms
[2025-12-24T11:21:34.771+0000][gc,heap     ] GC(93) Eden regions: 606->0(604)
[2025-12-24T11:21:34.771+0000][gc,heap     ] GC(93) Survivor regions: 8->10(77)
[2025-12-24T11:21:34.771+0000][gc,heap     ] GC(93) Old regions: 39->39
[2025-12-24T11:21:34.771+0000][gc,heap     ] GC(93) Humongous regions: 131->131
[2025-12-24T11:21:34.771+0000][gc,metaspace] GC(93) Metaspace: 14631K(15040K)->14631K(15040K) NonClass: 13042K(13248K)->13042K(13248K) Class: 1589K(1792K)->1589K(1792K)
[2025-12-24T11:21:34.772+0000][gc          ] GC(93) Pause Young (Normal) (G1 Evacuation Pause) 783M->179M(1024M) 18.924ms
[2025-12-24T11:21:34.772+0000][gc,cpu      ] GC(93) User=0.12s Sys=0.00s Real=0.02s
[2025-12-24T11:22:14.507+0000][gc,start    ] GC(94) Pause Young (Normal) (G1 Evacuation Pause)
[2025-12-24T11:22:14.508+0000][gc,task     ] GC(94) Using 8 workers of 8 for evacuation
[2025-12-24T11:22:14.528+0000][gc,phases   ] GC(94)   Pre Evacuate Collection Set: 4.4ms
[2025-12-24T11:22:14.528+0000][gc,phases   ] GC(94)   Merge Heap Roots: 0.5ms
[2025-12-24T11:22:14.528+0000][gc,phases   ] GC(94)   Evacuate Collection Set: 12.6ms
[2025-12-24T11:22:14.528+0000][gc,phases   ] GC(94)   Post Evacuate Collection Set: 1.1ms
[2025-12-24T11:22:14.528+0000][gc,phases   ] GC(94)   Other: 0.6ms
[2025-12-24T11:22:14.528+0000][gc,heap     ] GC(94) Eden regions: 604->0(608)
[2025-12-24T11:22:14.528+0000][gc,heap     ] GC(94) Survivor regions: 10->6(77)
[2025-12-24T11:22:14.528+0000][gc,heap     ] GC(94) Old regions: 39->39
[2025-12-24T11:22:14.528+0000][gc,heap     ] GC(94) Humongous regions: 131->131
[2025-12-24T11:22:14.528+0000][gc,metaspace] GC(94) Metaspace: 14631K(15040K)->14631K(15040K) NonClass: 13042K(13248K)->13042K(13248K) Class: 1589K(1792K)->1589K(1792K)
[2025-12-24T11:22:14.528+0000][gc          ] GC(94) Pause Young (Normal) (G1 Evacuation Pause) 783M->175M(1024M) 21.092ms
[2025-12-24T11:22:14.528+0000][gc,cpu      ] GC(94) User=0.14s Sys=0.00s Real=0.02s
[2025-12-24T11:22:44.747+0000][gc,start    ] GC(95) Pause Young (Normal) (G1 Evacuation Pause)
[2025-12-24T11:22:44.748+0000][gc,task     ] GC(95) Using 8 workers of 8 for evacuation
[2025-12-24T11:22:44.760+0000][gc,phases   ] GC(95)   Pre Evacuate Collection Set: 1.0ms
[2025-12-24T11:22:44.760+0000][gc,phases   ] GC(95)   Merge Heap Roots: 0.3ms
[2025-12-24T11:22:44.760+0000][gc,phases   ] GC(95)   Evacuate Collection Set: 10.0ms
[2025-12-24T11:22:44.760+0000][gc,phases   ] GC(95)   Post Evacuate Collection Set: 1.0ms
[2025-12-24T11:22:44.760+0000][gc,phases   ] GC(95)   Other: 0.2ms
[2025-12-24T11:22:44.760+0000][gc,heap     ] GC(95) Eden regions: 608->0(607)
[2025-12-24T11:22:44.761+0000][gc,heap     ] GC(95) Survivor regions: 6->7(77)
[2025-12-24T11:22:44.761+0000][gc,heap     ] GC(95) Old regions: 39->39
[2025-12-24T11:22:44.761+0000][gc,heap     ] GC(95) Humongous regions: 131->131
[2025-12-24T11:22:44.761+0000][gc,metaspace] GC(95) Metaspace: 14632K(15040K)->14632K(15040K) NonClass: 13043K(13248K)->13043K(13248K) Class: 1589K(1792K)->1589K(1792K)
[2025-12-24T11:22:44.761+0000][gc          ] GC(95) Pause Young (Normal) (G1 Evacuation Pause) 783M->176M(1024M) 13.838ms
[2025-12-24T11:22:44.761+0000][gc,cpu      ] GC(95) User=0.08s Sys=0.00s Real=0.02s
[2025-12-24T11:23:24.504+0000][gc,start    ] GC(96) Pause Young (Normal) (G1 Evacuation Pause)
[2025-12-24T11:23:24.505+0000][gc,task     ] GC(96) Using 8 workers of 8 for evacuation
[2025-12-24T11:23:24.523+0000][gc,phases   ] GC(96)   Pre Evacuate Collection Set: 3.2ms
[2025-12-24T11:23:24.523+0000][gc,phases   ] GC(96)   Merge Heap Roots: 0.4ms
[2025-12-24T11:23:24.523+0000][gc,phases   ] GC(96)   Evacuate Collection Set: 11.7ms
[2025-12-24T11:23:24.523+0000][gc,phases   ] GC(96)   Post Evacuate Collection Set: 1.8ms
[2025-12-24T11:23:24.523+0000][gc,phases   ] GC(96)   Other: 0.4ms
[2025-12-24T11:23:24.523+0000][gc,heap     ] GC(96) Eden regions: 607->0(607)
[2025-12-24T11:23:24.523+0000][gc,heap     ] GC(96) Survivor regions: 7->7(77)
[2025-12-24T11:23:24.523+0000][gc,heap     ] GC(96) Old regions: 39->40
[2025-12-24T11:23:24.523+0000][gc,heap     ] GC(96) Humongous regions: 131->131
[2025-12-24T11:23:24.523+0000][gc,metaspace] GC(96) Metaspace: 14632K(15040K)->14632K(15040K) NonClass: 13043K(13248K)->13043K(13248K) Class: 1589K(1792K)->1589K(1792K)
[2025-12-24T11:23:24.523+0000][gc          ] GC(96) Pause Young (Normal) (G1 Evacuation Pause) 783M->176M(1024M) 18.914ms
[2025-12-24T11:23:24.523+0000][gc,cpu      ] GC(96) User=0.10s Sys=0.01s Real=0.02s
[2025-12-24T11:23:54.744+0000][gc,start    ] GC(97) Pause Young (Normal) (G1 Evacuation Pause)
[2025-12-24T11:23:54.745+0000][gc,task     ] GC(97) Using 8 workers of 8 for evacuation
[2025-12-24T11:23:54.758+0000][gc,phases   ] GC(97)   Pre Evacuate Collection Set: 2.3ms
[2025-12-24T11:23:54.758+0000][gc,phases   ] GC(97)   Merge Heap Roots: 0.9ms
[2025-12-24T11:23:54.759+0000][gc,phases   ] GC(97)   Evacuate Collection Set: 9.3ms
[2025-12-24T11:23:54.759+0000][gc,phases   ] GC(97)   Post Evacuate Collection Set: 1.0ms
[2025-12-24T11:23:54.759+0000][gc,phases   ] GC(97)   Other: 0.2ms
[2025-12-24T11:23:54.759+0000][gc,heap     ] GC(97) Eden regions: 607->0(606)
[2025-12-24T11:23:54.759+0000][gc,heap     ] GC(97) Survivor regions: 7->8(77)
[2025-12-24T11:23:54.759+0000][gc,heap     ] GC(97) Old regions: 40->40
[2025-12-24T11:23:54.759+0000][gc,heap     ] GC(97) Humongous regions: 131->131
[2025-12-24T11:23:54.759+0000][gc,metaspace] GC(97) Metaspace: 14637K(15040K)->14637K(15040K) NonClass: 13047K(13248K)->13047K(13248K) Class: 1589K(1792K)->1589K(1792K)
[2025-12-24T11:23:54.759+0000][gc          ] GC(97) Pause Young (Normal) (G1 Evacuation Pause) 783M->178M(1024M) 15.213ms
[2025-12-24T11:23:54.759+0000][gc,cpu      ] GC(97) User=0.09s Sys=0.00s Real=0.01s
[2025-12-24T11:24:34.481+0000][gc,start    ] GC(98) Pause Young (Normal) (G1 Evacuation Pause)
[2025-12-24T11:24:34.481+0000][gc,task     ] GC(98) Using 8 workers of 8 for evacuation
[2025-12-24T11:24:34.497+0000][gc,phases   ] GC(98)   Pre Evacuate Collection Set: 1.1ms
[2025-12-24T11:24:34.497+0000][gc,phases   ] GC(98)   Merge Heap Roots: 0.2ms
[2025-12-24T11:24:34.497+0000][gc,phases   ] GC(98)   Evacuate Collection Set: 11.1ms
[2025-12-24T11:24:34.497+0000][gc,phases   ] GC(98)   Post Evacuate Collection Set: 2.1ms
[2025-12-24T11:24:34.497+0000][gc,phases   ] GC(98)   Other: 0.7ms
[2025-12-24T11:24:34.497+0000][gc,heap     ] GC(98) Eden regions: 606->0(606)
[2025-12-24T11:24:34.498+0000][gc,heap     ] GC(98) Survivor regions: 8->8(77)
[2025-12-24T11:24:34.498+0000][gc,heap     ] GC(98) Old regions: 40->40
[2025-12-24T11:24:34.498+0000][gc,heap     ] GC(98) Humongous regions: 131->131
[2025-12-24T11:24:34.498+0000][gc,metaspace] GC(98) Metaspace: 14638K(15040K)->14638K(15040K) NonClass: 13048K(13248K)->13048K(13248K) Class: 1589K(1792K)->1589K(1792K)
[2025-12-24T11:24:34.498+0000][gc          ] GC(98) Pause Young (Normal) (G1 Evacuation Pause) 784M->177M(1024M) 17.239ms
[2025-12-24T11:24:34.498+0000][gc,cpu      ] GC(98) User=0.10s Sys=0.00s Real=0.02s
[2025-12-24T11:25:04.707+0000][gc,start    ] GC(99) Pause Young (Normal) (G1 Evacuation Pause)
[2025-12-24T11:25:04.709+0000][gc,task     ] GC(99) Using 8 workers of 8 for evacuation
[2025-12-24T11:25:04.721+0000][gc,phases   ] GC(99)   Pre Evacuate Collection Set: 1.2ms
[2025-12-24T11:25:04.722+0000][gc,phases   ] GC(99)   Merge Heap Roots: 0.3ms
[2025-12-24T11:25:04.722+0000][gc,phases   ] GC(99)   Evacuate Collection Set: 9.8ms
[2025-12-24T11:25:04.722+0000][gc,phases   ] GC(99)   Post Evacuate Collection Set: 1.1ms
[2025-12-24T11:25:04.722+0000][gc,phases   ] GC(99)   Other: 0.3ms
[2025-12-24T11:25:04.722+0000][gc,heap     ] GC(99) Eden regions: 606->0(604)
[2025-12-24T11:25:04.722+0000][gc,heap     ] GC(99) Survivor regions: 8->10(77)
[2025-12-24T11:25:04.722+0000][gc,heap     ] GC(99) Old regions: 40->40
[2025-12-24T11:25:04.722+0000][gc,heap     ] GC(99) Humongous regions: 131->131
[2025-12-24T11:25:04.722+0000][gc,metaspace] GC(99) Metaspace: 14642K(15040K)->14642K(15040K) NonClass: 13053K(13248K)->13053K(13248K) Class: 1589K(1792K)->1589K(1792K)
[2025-12-24T11:25:04.722+0000][gc          ] GC(99) Pause Young (Normal) (G1 Evacuation Pause) 783M->180M(1024M) 14.751ms
[2025-12-24T11:25:04.722+0000][gc,cpu      ] GC(99) User=0.08s Sys=0.01s Real=0.01s
[2025-12-24T11:25:44.477+0000][gc,start    ] GC(100) Pause Young (Normal) (G1 Evacuation Pause)
[2025-12-24T11:25:44.478+0000][gc,task     ] GC(100) Using 8 workers of 8 for evacuation
[2025-12-24T11:25:44.493+0000][gc,phases   ] GC(100)   Pre Evacuate Collection Set: 1.6ms
[2025-12-24T11:25:44.494+0000][gc,phases   ] GC(100)   Merge Heap Roots: 0.7ms
[2025-12-24T11:25:44.494+0000][gc,phases   ] GC(100)   Evacuate Collection Set: 12.1ms
[2025-12-24T11:25:44.494+0000][gc,phases   ] GC(100)   Post Evacuate Collection Set: 1.0ms
[2025-12-24T11:25:44.494+0000][gc,phases   ] GC(100)   Other: 0.3ms
[2025-12-24T11:25:44.494+0000][gc,heap     ] GC(100) Eden regions: 604->0(605)
[2025-12-24T11:25:44.494+0000][gc,heap     ] GC(100) Survivor regions: 10->9(77)
[2025-12-24T11:25:44.494+0000][gc,heap     ] GC(100) Old regions: 40->41
[2025-12-24T11:25:44.494+0000][gc,heap     ] GC(100) Humongous regions: 131->131
[2025-12-24T11:25:44.494+0000][gc,metaspace] GC(100) Metaspace: 14644K(15040K)->14644K(15040K) NonClass: 13054K(13248K)->13054K(13248K) Class: 1589K(1792K)->1589K(1792K)
[2025-12-24T11:25:44.494+0000][gc          ] GC(100) Pause Young (Normal) (G1 Evacuation Pause) 784M->179M(1024M) 17.556ms
[2025-12-24T11:25:44.494+0000][gc,cpu      ] GC(100) User=0.09s Sys=0.01s Real=0.01s
[2025-12-24T11:26:14.780+0000][gc,start    ] GC(101) Pause Young (Normal) (G1 Evacuation Pause)
[2025-12-24T11:26:14.780+0000][gc,task     ] GC(101) Using 8 workers of 8 for evacuation
[2025-12-24T11:26:14.798+0000][gc,phases   ] GC(101)   Pre Evacuate Collection Set: 2.6ms
[2025-12-24T11:26:14.798+0000][gc,phases   ] GC(101)   Merge Heap Roots: 1.2ms
[2025-12-24T11:26:14.798+0000][gc,phases   ] GC(101)   Evacuate Collection Set: 12.4ms
[2025-12-24T11:26:14.798+0000][gc,phases   ] GC(101)   Post Evacuate Collection Set: 1.2ms
[2025-12-24T11:26:14.798+0000][gc,phases   ] GC(101)   Other: 0.3ms
[2025-12-24T11:26:14.798+0000][gc,heap     ] GC(101) Eden regions: 605->0(604)
[2025-12-24T11:26:14.798+0000][gc,heap     ] GC(101) Survivor regions: 9->10(77)
[2025-12-24T11:26:14.799+0000][gc,heap     ] GC(101) Old regions: 41->41
[2025-12-24T11:26:14.799+0000][gc,heap     ] GC(101) Humongous regions: 131->131
[2025-12-24T11:26:14.799+0000][gc,metaspace] GC(101) Metaspace: 14644K(15040K)->14644K(15040K) NonClass: 13054K(13248K)->13054K(13248K) Class: 1589K(1792K)->1589K(1792K)
[2025-12-24T11:26:14.799+0000][gc          ] GC(101) Pause Young (Normal) (G1 Evacuation Pause) 784M->181M(1024M) 18.935ms
[2025-12-24T11:26:14.799+0000][gc,cpu      ] GC(101) User=0.12s Sys=0.00s Real=0.02s
[2025-12-24T11:26:54.468+0000][gc,start    ] GC(102) Pause Young (Normal) (G1 Evacuation Pause)
[2025-12-24T11:26:54.471+0000][gc,task     ] GC(102) Using 8 workers of 8 for evacuation
[2025-12-24T11:26:54.481+0000][gc,phases   ] GC(102)   Pre Evacuate Collection Set: 0.9ms
[2025-12-24T11:26:54.482+0000][gc,phases   ] GC(102)   Merge Heap Roots: 0.2ms
[2025-12-24T11:26:54.482+0000][gc,phases   ] GC(102)   Evacuate Collection Set: 8.3ms
[2025-12-24T11:26:54.482+0000][gc,phases   ] GC(102)   Post Evacuate Collection Set: 1.0ms
[2025-12-24T11:26:54.482+0000][gc,phases   ] GC(102)   Other: 0.2ms
[2025-12-24T11:26:54.482+0000][gc,heap     ] GC(102) Eden regions: 604->0(608)
[2025-12-24T11:26:54.482+0000][gc,heap     ] GC(102) Survivor regions: 10->6(77)
[2025-12-24T11:26:54.482+0000][gc,heap     ] GC(102) Old regions: 41->41
[2025-12-24T11:26:54.482+0000][gc,heap     ] GC(102) Humongous regions: 131->131
[2025-12-24T11:26:54.482+0000][gc,metaspace] GC(102) Metaspace: 14647K(15040K)->14647K(15040K) NonClass: 13058K(13248K)->13058K(13248K) Class: 1589K(1792K)->1589K(1792K)
[2025-12-24T11:26:54.482+0000][gc          ] GC(102) Pause Young (Normal) (G1 Evacuation Pause) 785M->177M(1024M) 13.744ms
[2025-12-24T11:26:54.482+0000][gc,cpu      ] GC(102) User=0.07s Sys=0.00s Real=0.01s
[2025-12-24T11:27:24.763+0000][gc,start    ] GC(103) Pause Young (Normal) (G1 Evacuation Pause)
[2025-12-24T11:27:24.764+0000][gc,task     ] GC(103) Using 8 workers of 8 for evacuation
[2025-12-24T11:27:24.773+0000][gc,phases   ] GC(103)   Pre Evacuate Collection Set: 1.1ms
[2025-12-24T11:27:24.773+0000][gc,phases   ] GC(103)   Merge Heap Roots: 0.2ms
[2025-12-24T11:27:24.773+0000][gc,phases   ] GC(103)   Evacuate Collection Set: 6.3ms
[2025-12-24T11:27:24.773+0000][gc,phases   ] GC(103)   Post Evacuate Collection Set: 0.9ms
[2025-12-24T11:27:24.773+0000][gc,phases   ] GC(103)   Other: 0.3ms
[2025-12-24T11:27:24.773+0000][gc,heap     ] GC(103) Eden regions: 608->0(607)
[2025-12-24T11:27:24.773+0000][gc,heap     ] GC(103) Survivor regions: 6->7(77)
[2025-12-24T11:27:24.773+0000][gc,heap     ] GC(103) Old regions: 41->41
[2025-12-24T11:27:24.773+0000][gc,heap     ] GC(103) Humongous regions: 131->131
[2025-12-24T11:27:24.774+0000][gc,metaspace] GC(103) Metaspace: 14647K(15040K)->14647K(15040K) NonClass: 13058K(13248K)->13058K(13248K) Class: 1589K(1792K)->1589K(1792K)
[2025-12-24T11:27:24.774+0000][gc          ] GC(103) Pause Young (Normal) (G1 Evacuation Pause) 785M->178M(1024M) 10.766ms
[2025-12-24T11:27:24.774+0000][gc,cpu      ] GC(103) User=0.05s Sys=0.00s Real=0.01s
[2025-12-24T11:28:04.489+0000][gc,start    ] GC(104) Pause Young (Normal) (G1 Evacuation Pause)
[2025-12-24T11:28:04.490+0000][gc,task     ] GC(104) Using 8 workers of 8 for evacuation
[2025-12-24T11:28:04.500+0000][gc,phases   ] GC(104)   Pre Evacuate Collection Set: 1.3ms
[2025-12-24T11:28:04.500+0000][gc,phases   ] GC(104)   Merge Heap Roots: 0.2ms
[2025-12-24T11:28:04.500+0000][gc,phases   ] GC(104)   Evacuate Collection Set: 6.7ms
[2025-12-24T11:28:04.500+0000][gc,phases   ] GC(104)   Post Evacuate Collection Set: 1.0ms
[2025-12-24T11:28:04.500+0000][gc,phases   ] GC(104)   Other: 0.3ms
[2025-12-24T11:28:04.500+0000][gc,heap     ] GC(104) Eden regions: 607->0(607)
[2025-12-24T11:28:04.500+0000][gc,heap     ] GC(104) Survivor regions: 7->7(77)
[2025-12-24T11:28:04.500+0000][gc,heap     ] GC(104) Old regions: 41->42
[2025-12-24T11:28:04.500+0000][gc,heap     ] GC(104) Humongous regions: 131->131
[2025-12-24T11:28:04.500+0000][gc,metaspace] GC(104) Metaspace: 14647K(15040K)->14647K(15040K) NonClass: 13058K(13248K)->13058K(13248K) Class: 1589K(1792K)->1589K(1792K)
[2025-12-24T11:28:04.500+0000][gc          ] GC(104) Pause Young (Normal) (G1 Evacuation Pause) 785M->178M(1024M) 11.682ms
[2025-12-24T11:28:04.500+0000][gc,cpu      ] GC(104) User=0.06s Sys=0.00s Real=0.02s
[2025-12-24T11:28:34.707+0000][gc,start    ] GC(105) Pause Young (Normal) (G1 Evacuation Pause)
[2025-12-24T11:28:34.708+0000][gc,task     ] GC(105) Using 8 workers of 8 for evacuation
[2025-12-24T11:28:34.721+0000][gc,phases   ] GC(105)   Pre Evacuate Collection Set: 1.0ms
[2025-12-24T11:28:34.721+0000][gc,phases   ] GC(105)   Merge Heap Roots: 0.2ms
[2025-12-24T11:28:34.721+0000][gc,phases   ] GC(105)   Evacuate Collection Set: 6.8ms
[2025-12-24T11:28:34.721+0000][gc,phases   ] GC(105)   Post Evacuate Collection Set: 4.0ms
[2025-12-24T11:28:34.721+0000][gc,phases   ] GC(105)   Other: 0.3ms
[2025-12-24T11:28:34.721+0000][gc,heap     ] GC(105) Eden regions: 607->0(606)
[2025-12-24T11:28:34.721+0000][gc,heap     ] GC(105) Survivor regions: 7->8(77)
[2025-12-24T11:28:34.721+0000][gc,heap     ] GC(105) Old regions: 42->42
[2025-12-24T11:28:34.721+0000][gc,heap     ] GC(105) Humongous regions: 131->131
[2025-12-24T11:28:34.721+0000][gc,metaspace] GC(105) Metaspace: 14650K(15040K)->14650K(15040K) NonClass: 13061K(13248K)->13061K(13248K) Class: 1589K(1792K)->1589K(1792K)
[2025-12-24T11:28:34.721+0000][gc          ] GC(105) Pause Young (Normal) (G1 Evacuation Pause) 785M->180M(1024M) 14.099ms
[2025-12-24T11:28:34.722+0000][gc,cpu      ] GC(105) User=0.08s Sys=0.01s Real=0.02s
[2025-12-24T11:29:14.486+0000][gc,start    ] GC(106) Pause Young (Normal) (G1 Evacuation Pause)
[2025-12-24T11:29:14.487+0000][gc,task     ] GC(106) Using 8 workers of 8 for evacuation
[2025-12-24T11:29:14.507+0000][gc,phases   ] GC(106)   Pre Evacuate Collection Set: 1.0ms
[2025-12-24T11:29:14.507+0000][gc,phases   ] GC(106)   Merge Heap Roots: 0.2ms
[2025-12-24T11:29:14.507+0000][gc,phases   ] GC(106)   Evacuate Collection Set: 16.7ms
[2025-12-24T11:29:14.507+0000][gc,phases   ] GC(106)   Post Evacuate Collection Set: 1.2ms
[2025-12-24T11:29:14.507+0000][gc,phases   ] GC(106)   Other: 0.3ms
[2025-12-24T11:29:14.507+0000][gc,heap     ] GC(106) Eden regions: 606->0(606)
[2025-12-24T11:29:14.507+0000][gc,heap     ] GC(106) Survivor regions: 8->8(77)
[2025-12-24T11:29:14.507+0000][gc,heap     ] GC(106) Old regions: 42->42
[2025-12-24T11:29:14.507+0000][gc,heap     ] GC(106) Humongous regions: 131->131
[2025-12-24T11:29:14.507+0000][gc,metaspace] GC(106) Metaspace: 14650K(15040K)->14650K(15040K) NonClass: 13061K(13248K)->13061K(13248K) Class: 1589K(1792K)->1589K(1792K)
[2025-12-24T11:29:14.507+0000][gc          ] GC(106) Pause Young (Normal) (G1 Evacuation Pause) 786M->180M(1024M) 21.122ms
[2025-12-24T11:29:14.507+0000][gc,cpu      ] GC(106) User=0.14s Sys=0.00s Real=0.02s
[2025-12-24T11:29:44.743+0000][gc,start    ] GC(107) Pause Young (Normal) (G1 Evacuation Pause)
[2025-12-24T11:29:44.743+0000][gc,task     ] GC(107) Using 8 workers of 8 for evacuation
[2025-12-24T11:29:44.767+0000][gc,phases   ] GC(107)   Pre Evacuate Collection Set: 3.7ms
[2025-12-24T11:29:44.768+0000][gc,phases   ] GC(107)   Merge Heap Roots: 0.7ms
[2025-12-24T11:29:44.768+0000][gc,phases   ] GC(107)   Evacuate Collection Set: 17.5ms
[2025-12-24T11:29:44.768+0000][gc,phases   ] GC(107)   Post Evacuate Collection Set: 1.5ms
[2025-12-24T11:29:44.768+0000][gc,phases   ] GC(107)   Other: 0.6ms
[2025-12-24T11:29:44.768+0000][gc,heap     ] GC(107) Eden regions: 606->0(604)
[2025-12-24T11:29:44.768+0000][gc,heap     ] GC(107) Survivor regions: 8->10(77)
[2025-12-24T11:29:44.768+0000][gc,heap     ] GC(107) Old regions: 42->42
[2025-12-24T11:29:44.768+0000][gc,heap     ] GC(107) Humongous regions: 131->131
[2025-12-24T11:29:44.768+0000][gc,metaspace] GC(107) Metaspace: 14651K(15040K)->14651K(15040K) NonClass: 13061K(13248K)->13061K(13248K) Class: 1589K(1792K)->1589K(1792K)
[2025-12-24T11:29:44.769+0000][gc          ] GC(107) Pause Young (Normal) (G1 Evacuation Pause) 786M->181M(1024M) 25.757ms
[2025-12-24T11:29:44.769+0000][gc,cpu      ] GC(107) User=0.17s Sys=0.00s Real=0.02s
[2025-12-24T11:30:24.485+0000][gc,start    ] GC(108) Pause Young (Normal) (G1 Evacuation Pause)
[2025-12-24T11:30:24.487+0000][gc,task     ] GC(108) Using 8 workers of 8 for evacuation
[2025-12-24T11:30:24.507+0000][gc,phases   ] GC(108)   Pre Evacuate Collection Set: 1.1ms
[2025-12-24T11:30:24.507+0000][gc,phases   ] GC(108)   Merge Heap Roots: 0.2ms
[2025-12-24T11:30:24.507+0000][gc,phases   ] GC(108)   Evacuate Collection Set: 17.5ms
[2025-12-24T11:30:24.507+0000][gc,phases   ] GC(108)   Post Evacuate Collection Set: 1.2ms
[2025-12-24T11:30:24.507+0000][gc,phases   ] GC(108)   Other: 0.3ms
[2025-12-24T11:30:24.507+0000][gc,heap     ] GC(108) Eden regions: 604->0(604)
[2025-12-24T11:30:24.507+0000][gc,heap     ] GC(108) Survivor regions: 10->10(77)
[2025-12-24T11:30:24.508+0000][gc,heap     ] GC(108) Old regions: 42->43
[2025-12-24T11:30:24.508+0000][gc,heap     ] GC(108) Humongous regions: 131->131
[2025-12-24T11:30:24.508+0000][gc,metaspace] GC(108) Metaspace: 14651K(15040K)->14651K(15040K) NonClass: 13062K(13248K)->13062K(13248K) Class: 1589K(1792K)->1589K(1792K)
[2025-12-24T11:30:24.508+0000][gc          ] GC(108) Pause Young (Normal) (G1 Evacuation Pause) 785M->182M(1024M) 22.238ms
[2025-12-24T11:30:24.508+0000][gc,cpu      ] GC(108) User=0.13s Sys=0.00s Real=0.02s
[2025-12-24T11:30:54.725+0000][gc,start    ] GC(109) Pause Young (Normal) (G1 Evacuation Pause)
[2025-12-24T11:30:54.725+0000][gc,task     ] GC(109) Using 8 workers of 8 for evacuation
[2025-12-24T11:30:54.738+0000][gc,phases   ] GC(109)   Pre Evacuate Collection Set: 1.0ms
[2025-12-24T11:30:54.738+0000][gc,phases   ] GC(109)   Merge Heap Roots: 0.2ms
[2025-12-24T11:30:54.739+0000][gc,phases   ] GC(109)   Evacuate Collection Set: 9.6ms
[2025-12-24T11:30:54.739+0000][gc,phases   ] GC(109)   Post Evacuate Collection Set: 1.8ms
[2025-12-24T11:30:54.739+0000][gc,phases   ] GC(109)   Other: 0.4ms
[2025-12-24T11:30:54.739+0000][gc,heap     ] GC(109) Eden regions: 604->0(607)
[2025-12-24T11:30:54.739+0000][gc,heap     ] GC(109) Survivor regions: 10->7(77)
[2025-12-24T11:30:54.739+0000][gc,heap     ] GC(109) Old regions: 43->43
[2025-12-24T11:30:54.739+0000][gc,heap     ] GC(109) Humongous regions: 131->131
[2025-12-24T11:30:54.739+0000][gc,metaspace] GC(109) Metaspace: 14651K(15040K)->14651K(15040K) NonClass: 13062K(13248K)->13062K(13248K) Class: 1589K(1792K)->1589K(1792K)
[2025-12-24T11:30:54.739+0000][gc          ] GC(109) Pause Young (Normal) (G1 Evacuation Pause) 786M->179M(1024M) 14.488ms
[2025-12-24T11:30:54.739+0000][gc,cpu      ] GC(109) User=0.08s Sys=0.00s Real=0.01s
[2025-12-24T11:31:34.459+0000][gc,start    ] GC(110) Pause Young (Normal) (G1 Evacuation Pause)
[2025-12-24T11:31:34.459+0000][gc,task     ] GC(110) Using 8 workers of 8 for evacuation
[2025-12-24T11:31:34.478+0000][gc,phases   ] GC(110)   Pre Evacuate Collection Set: 0.9ms
[2025-12-24T11:31:34.478+0000][gc,phases   ] GC(110)   Merge Heap Roots: 0.2ms
[2025-12-24T11:31:34.478+0000][gc,phases   ] GC(110)   Evacuate Collection Set: 16.4ms
[2025-12-24T11:31:34.478+0000][gc,phases   ] GC(110)   Post Evacuate Collection Set: 1.0ms
[2025-12-24T11:31:34.478+0000][gc,phases   ] GC(110)   Other: 0.2ms
[2025-12-24T11:31:34.478+0000][gc,heap     ] GC(110) Eden regions: 607->0(607)
[2025-12-24T11:31:34.478+0000][gc,heap     ] GC(110) Survivor regions: 7->7(77)
[2025-12-24T11:31:34.478+0000][gc,heap     ] GC(110) Old regions: 43->43
[2025-12-24T11:31:34.478+0000][gc,heap     ] GC(110) Humongous regions: 149->149
[2025-12-24T11:31:34.478+0000][gc,metaspace] GC(110) Metaspace: 14815K(15232K)->14815K(15232K) NonClass: 13194K(13376K)->13194K(13376K) Class: 1621K(1856K)->1621K(1856K)
[2025-12-24T11:31:34.478+0000][gc          ] GC(110) Pause Young (Normal) (G1 Evacuation Pause) 804M->198M(1024M) 19.502ms
[2025-12-24T11:31:34.478+0000][gc,cpu      ] GC(110) User=0.12s Sys=0.00s Real=0.02s
[2025-12-24T11:32:04.718+0000][gc,start    ] GC(111) Pause Young (Normal) (G1 Evacuation Pause)
[2025-12-24T11:32:04.719+0000][gc,task     ] GC(111) Using 8 workers of 8 for evacuation
[2025-12-24T11:32:04.735+0000][gc,phases   ] GC(111)   Pre Evacuate Collection Set: 1.0ms
[2025-12-24T11:32:04.735+0000][gc,phases   ] GC(111)   Merge Heap Roots: 0.2ms
[2025-12-24T11:32:04.735+0000][gc,phases   ] GC(111)   Evacuate Collection Set: 13.8ms
[2025-12-24T11:32:04.735+0000][gc,phases   ] GC(111)   Post Evacuate Collection Set: 0.9ms
[2025-12-24T11:32:04.735+0000][gc,phases   ] GC(111)   Other: 0.2ms
[2025-12-24T11:32:04.735+0000][gc,heap     ] GC(111) Eden regions: 607->0(605)
[2025-12-24T11:32:04.735+0000][gc,heap     ] GC(111) Survivor regions: 7->9(77)
[2025-12-24T11:32:04.735+0000][gc,heap     ] GC(111) Old regions: 43->43
[2025-12-24T11:32:04.735+0000][gc,heap     ] GC(111) Humongous regions: 149->149
[2025-12-24T11:32:04.735+0000][gc,metaspace] GC(111) Metaspace: 14817K(15232K)->14817K(15232K) NonClass: 13196K(13376K)->13196K(13376K) Class: 1621K(1856K)->1621K(1856K)
[2025-12-24T11:32:04.735+0000][gc          ] GC(111) Pause Young (Normal) (G1 Evacuation Pause) 805M->200M(1024M) 17.794ms
[2025-12-24T11:32:04.736+0000][gc,cpu      ] GC(111) User=0.10s Sys=0.00s Real=0.02s
